                    ---------------------------------
                    | Radical ExROPPP Calculation |
                    ---------------------------------

Molecule: A-AORCA.xyz radical

--------------------------------
Cartesian Coordinates / Angstrom
--------------------------------

C      0.523837    3.322838    2.089009
C     -0.277226    3.151336    0.952441
H     -0.853276    2.243073    0.819385
C     -0.359635    4.143750   -0.016518
Cl    -1.330842    3.753939   -1.427445
Cl     2.017303    6.996204    1.566349
C      1.234440    4.524261    2.211619
H      1.875357    4.696606    3.068342
C      0.721633   -1.529119    3.348465
C      1.421397   -1.956869    2.212657
H      1.972314   -1.245992    1.607928
C      1.433628   -3.297460    1.847645
Cl     2.279419   -3.673530    0.354235
C      0.758818   -4.309103    2.580721
C      0.776955   -5.729239    2.186035
C      0.063963   -3.834455    3.724232
Cl    -0.760926   -4.944598    4.808015
C      0.040664   -2.496842    4.098804
H     -0.522030   -2.210268    4.979564
C      2.053621   -6.388319    1.859405
C      2.238466   -7.177620    0.693180
Cl     0.967722   -7.323516   -0.510820
C      3.438071   -7.805301    0.381938
H      3.513287   -8.352809   -0.550236
C      4.551743   -7.682375    1.223434
H      4.926614  -10.120006    0.064130
C      4.411282   -6.910141    2.384415
H      5.230847   -6.825808    3.088331
C      3.204837   -6.291168    2.685513
Cl     3.142758   -5.452295    4.227860
C     -0.484634   -6.492131    2.116294
C     -1.634066   -6.016234    1.434114
Cl    -1.594116   -4.504352    0.538575
C     -2.824735   -6.732195    1.362532
H     -3.660164   -6.315193    0.811098
C     -2.942792   -7.986003    1.972363
C      4.976021   10.056363   -3.931511
C     -1.831648   -8.491516    2.656362
H     -1.891348   -9.452186    3.155765
C     -0.647881   -7.763821    2.724086
Cl     0.633138   -8.472028    3.697715
C     -1.089822    6.861374   -1.435487
C     -2.154025    7.199185   -0.559945
Cl    -1.920519    7.221472    1.182101
C     -3.407738    7.601955   -1.008902
H     -4.171705    7.859769   -0.283780
C     -3.679236    7.698792   -2.378072
C     -6.034855    7.178541   -3.097520
C     -2.655293    7.376836   -3.275721
H     -2.834508    7.424155   -4.344166
C     -1.407432    6.970589   -2.814121
Cl    -0.248734    6.500148   -4.049499
C      1.455675    7.054147   -1.496567
C      1.614568    8.460354   -1.619840
Cl     0.393870    9.565789   -1.007932
C      2.756994    9.053984   -2.141389
H      2.819377   10.135699   -2.161578
C      3.836345    8.273692   -2.577068
H      9.210047   -7.850754    1.107964
C      3.721877    6.881390   -2.467636
H      4.511866    6.236140   -2.833644
C      2.571764    6.300547   -1.948321
Cl     2.524516    4.544783   -1.981087
C      0.701397   -0.099669    3.747172
C      0.628261    0.912234    2.777977
H      0.579211    0.636991    1.728792
C      0.615918    2.270178    3.131090
C      0.682119    2.610563    4.493023
H      0.647931    3.654335    4.790263
C      0.753978    1.615116    5.465775
H      0.803261    1.889868    6.515517
C      0.762480    0.269903    5.101672
H      0.845487   -0.496453    5.866412
C      0.339355    5.376253    0.072050
C      0.236962    6.430741   -0.953061
C      1.139778    5.509732    1.236969
H      6.421088    7.477937   -2.249425
C     -5.025341    8.135330   -2.868298
C     -5.278123    9.504410   -3.102354
C      5.836692   -8.346518    0.897326
C     -6.540519    9.889849   -3.562881
H     -6.732122   10.945554   -3.745085
C     -7.559074    8.959421   -3.796142
H      4.004731   10.484798   -4.158830
C     -7.284140    7.610427   -3.558983
H     -8.061080    6.870097   -3.738242
H      6.043175   11.535768   -5.073987
C      5.058006    8.899684   -3.137321
C      8.276151   -9.604918    0.278113
H      7.071387   -6.736282    1.637790
C      6.121774   10.644663   -4.460505
C      6.328892    8.352163   -2.886532
H      8.451547    8.513055   -3.197516
C      7.476288    8.937098   -3.413196
H     -7.144361   -9.222914    3.570205
C     -6.386891   -9.347125    2.798839
C     -6.625202  -10.231542    1.742859
C      7.376178   10.086309   -4.203142
C     -5.638702  -10.364366    0.760913
H     -5.806451  -11.042541   -0.073413
C     -4.438313   -9.648170    0.815683
C      7.063351   -7.726498    1.192824
C     -4.219349   -8.765050    1.893937
C      7.065752  -10.234659   -0.024832
C     -5.200858   -8.611037    2.895138
C      8.271134   -8.347815    0.888432
H      7.068529  -11.210707   -0.498631
C      5.860196   -9.610415    0.281800

There are 80 heavy atoms.
There are 92 electrons in 80 orbitals.


Carbon 1e params: A = -22.717075 b = 1.705616

Nitrogen 1e params: alphan2 = -17.681338 Acn2 = -24.737202 bcn2 = 1.433639

Chlorine 1e params: alphacl = -10.335674 Accl = -26.021937 bccl=1.451861
C-Cl bond
C-Cl bond
C-Cl bond
C-Cl bond
C-Cl bond
C-Cl bond
C-Cl bond
C-Cl bond
C-Cl bond
C-Cl bond
C-Cl bond
C-Cl bond
Cl atom 69
Cl atom 70
Cl atom 71
Cl atom 72
Cl atom 73
Cl atom 74
Cl atom 75
Cl atom 76
Cl atom 77
Cl atom 78
Cl atom 79
Cl atom 80

Carbon 2e params: U = 8.420838 r0 = 1.173157

Nitrogen 2e params: Un2n2 = 17.979843 r0n2n2 = 1.111791

Chlorine 2e params: Uclcl= 9.642991 r0clcl = 2.253316

Mixed 2e params: Ucn2 = 13.200341 Uccl = 9.031915 Un2cl = 13.811417 r0cn2 =1.142474 r0ccl = 1.713237 r0n2cl = 1.682554
[8.42083845 3.83769415 2.74445599 3.8374253  1.59600373 1.51284878
 1.25686036 1.11948898 0.96575256 1.1582438  1.34425427 0.89753706
 0.82989618 0.77164158 0.7643749  0.81485055 0.8842776  0.89484699
 0.91636177 0.83748565 0.75980476 0.87864891 0.74651822 0.80058803
 1.53837221 1.50178429 1.27332813 1.13450676 0.95164603 1.14724418
 1.30290547 1.53609234 1.29939816 1.14361547 1.13032638 1.26974795
 1.4986938  1.98359542 2.68270929 3.71775304 2.68052345 1.99005117
 1.80638619 2.43482134 1.78593223 2.74442495 0.98447257 0.88885778
 0.70311495 0.79976324 0.78088777 0.84287472 0.982013   0.60401357
 0.79159086 0.95683819 0.84670962 0.63234587 0.59868055 0.77941116
 0.608223   0.65340647 0.70343421 0.69767685 0.60332626 0.68444219
 0.64854368 0.646516   2.70893913 2.70857745 1.69442695 1.47220561
 1.22019531 1.39186744 1.5522222  1.13629227 2.41653582 1.78509482
 1.78201044 2.41393177]
FCIDUMP file in AO basis written to FCIDUMP/FCIDUMP_AO_A-AORCA

