                    ---------------------------------
                    | Radical ExROPPP Calculation |
                    ---------------------------------

Molecule: D-A_prune.xyz radical

--------------------------------
Cartesian Coordinates / Angstrom
--------------------------------

C      0.171200    3.496800    2.199455
C     -0.504855    3.297018    0.982593
H     -0.991248    2.368074    0.776369
C     -0.568916    4.304747    0.039765
Cl    -1.411578    3.871324   -1.508344
Cl     1.452287    7.325251    1.888960
C      0.771042    4.751648    2.407991
H      1.307251    4.954249    3.309782
C      0.482270   -1.350199    3.381559
C      1.177515   -1.728780    2.219042
H      1.668671   -0.995986    1.615899
C      1.254048   -3.056686    1.846330
Cl     2.122342   -3.381222    0.285799
C      0.656539   -4.107139    2.575064
C      0.743076   -5.510713    2.161338
C     -0.033145   -3.690410    3.733372
Cl    -0.802494   -4.899947    4.847245
C     -0.123667   -2.371956    4.134636
H     -0.673978   -2.139870    5.020662
C      2.033788   -6.081583    1.767812
C      2.203712   -6.863058    0.604813
Cl     0.830978   -7.121256   -0.553342
C      3.413923   -7.407647    0.221893
H      3.466843   -7.948508   -0.698229
C      4.568563   -7.202763    0.998167
H     10.454923   16.094646   -2.259032
C      4.436847   -6.429398    2.165397
H      5.271779   -6.280875    2.815645
C      3.212964   -5.897708    2.521568
Cl     3.176700   -5.016265    4.107154
C     -0.464533   -6.345491    2.141072
C     -1.672483   -5.922979    1.551000
Cl    -1.779799   -4.330677    0.685813
C     -2.818108   -6.697954    1.526256
H     -3.698804   -6.322869    1.049158
C     -2.819280   -7.971288    2.105185
C      7.065584   -7.092509    0.877571
C     -1.640137   -8.430213    2.701509
H     -1.611311   -9.393332    3.165743
C     -0.509356   -7.633469    2.711047
Cl     0.924354   -8.311496    3.595516
C     -1.339950    6.955580   -1.425594
C     -2.521477    7.152387   -0.683312
Cl    -2.500534    7.105200    1.131988
C     -3.741001    7.456988   -1.260866
H     -4.597134    7.608282   -0.637914
C     -3.849381    7.584682   -2.649528
C     -6.021777    6.875896   -3.682534
C     -2.700407    7.397030   -3.424786
H     -2.751769    7.473182   -4.490386
C     -1.494040    7.093306   -2.819588
Cl    -0.104007    6.785515   -3.945863
C      1.154870    7.369897   -1.182043
C      1.197190    8.776771   -1.279257
Cl    -0.250621    9.785151   -0.846868
C      2.326376    9.484100   -1.642602
H      2.270213   10.549345   -1.704193
C      3.525698    8.814869   -1.944541
N      8.215849   11.495710   -3.580164
C      3.520286    7.411308   -1.858139
H      4.407894    6.852549   -2.062639
C      2.375304    6.732505   -1.490210
Cl     2.504721    4.920732   -1.496926
C      0.391067    0.057714    3.797260
C      0.325876    1.085138    2.839394
H      0.334487    0.832225    1.798969
C      0.249535    2.437525    3.216927
C      0.241283    2.755305    4.590201
H      0.155195    3.776114    4.902738
C      0.303137    1.743761    5.546747
H      0.294446    1.997142    6.587994
C      0.376274    0.406082    5.163039
H      0.453728   -0.356566    5.911104
C      0.023103    5.573931    0.212988
C     -0.052547    6.633117   -0.797554
C      0.693030    5.737851    1.444174
H      4.362663   11.214690   -1.022647
C     -5.158207    7.912713   -3.287903
C     -5.518895    9.253817   -3.490430
H      6.361584   12.490314   -1.666032
C     -6.747162    9.541401   -4.089103
H     -7.024134   10.566420   -4.244682
C     -7.616545    8.529212   -4.487003
H      7.038784   -6.129850    1.345575
C     -7.239299    7.201360   -4.276761
H     -7.901289    6.412010   -4.579374
H      9.198156   -7.100633    0.693931
C      8.289786   -7.634346    0.505274
C      8.333542   -8.865912   -0.140586
H      7.206362  -10.499379   -0.929225
C      7.159740   -9.556352   -0.425144
H     10.533611   11.475274   -5.219259
C      5.864177   -7.775013    0.605269
H      5.419270    8.069829   -3.747072
H     -6.808298   -9.483238    3.926622
C     -6.105827   -9.540002    3.116592
C     -6.355589  -10.410812    2.054015
C      5.933627   -9.015839   -0.056895
C     -5.435345  -10.472698    1.010953
H     -5.614517  -11.137515    0.187882
C     -4.280618   -9.687631    1.010069
C      8.819372   12.733868   -3.224265
C     -4.047869   -8.818884    2.087427
H      8.453969   16.063188   -3.703159
C     -4.964621   -8.741373    3.150456
H     11.408354   13.973422   -1.433345
C     10.540307   13.963782   -2.061741
C      8.869911   15.144270   -3.341122
H      7.421922   13.904442   -4.332275
H      5.037108   -9.566202   -0.256333
C      9.947546   12.750900   -2.403623
C     10.000764   15.161618   -2.526937
H     10.345050   11.824385   -2.042304
C      8.282652   13.932184   -3.695564
C     10.151515    9.553468   -6.114634
C      9.293303    8.447803   -6.184399
C      8.138303    8.394236   -5.408407
C      9.878368   10.630335   -5.268310
C      8.728545   10.571443   -4.493933
C      7.851541    9.464278   -4.555734
C      7.023748   10.995232   -3.055824
C      6.768966    9.732211   -3.638516
C      5.628127    9.012441   -3.282305
C      4.736847    9.552530   -2.337524
C      6.158397   11.541668   -2.118050
C      5.020664   10.815552   -1.767952
H     11.033800    9.575844   -6.722921
H      9.529469    7.636889   -6.844021
H      7.480933    7.549339   -5.465560

There are 93 heavy atoms.
There are 106 electrons in 93 orbitals.


Carbon 1e params: A = -22.717075 b = 1.705616

Nitrogen 1e params: alphan2 = -17.681338 Acn2 = -24.737202 bcn2 = 1.433639

Chlorine 1e params: alphacl = -10.335674 Accl = -26.021937 bccl=1.451861
C-N2 bond
C-N2 bond
C-N2 bond
N2 atom 81
Cl atom 82
Cl atom 83
Cl atom 84
Cl atom 85
Cl atom 86
Cl atom 87
Cl atom 88
Cl atom 89
Cl atom 90
Cl atom 91
Cl atom 92
Cl atom 93

Carbon 2e params: U = 8.420838 r0 = 1.173157

Nitrogen 2e params: Un2n2 = 17.979843 r0n2n2 = 1.111791

Chlorine 2e params: Uclcl= 9.642991 r0clcl = 2.253316

Mixed 2e params: Ucn2 = 13.200341 Uccl = 9.031915 Un2cl = 13.811417 r0cn2 =1.142474 r0ccl = 1.713237 r0n2cl = 1.682554
[8.42083845 3.82984297 2.74805449 3.82972428 1.60063329 1.52106078
 1.26250669 1.12237731 0.96863175 1.15881315 1.34229279 0.90297205
 0.83364925 0.77663923 0.77159438 0.82481752 0.8937749  0.89514748
 0.91526587 0.83589376 0.75845512 0.71184288 0.74573023 0.80082776
 1.54202596 1.50794501 1.27838116 1.13781712 0.95371353 1.14932876
 1.30529728 1.54167419 1.3035009  1.14785504 1.1350466  1.27785664
 1.50757456 1.98705512 2.68956694 3.73633744 2.68652192 1.99413146
 1.80931877 2.43859863 1.79065427 2.74801431 0.98733288 0.89262177
 0.80275664 0.78374517 0.84515854 0.65622532 0.61090502 0.60942852
 0.71065132 0.63037988 0.59739246 0.65283167 0.60709249 0.65252326
 0.66123447 0.696096   0.68228106 0.59834462 0.59047841 0.64149039
 0.57627741 0.63143169 0.63712946 0.68058728 0.74677559 0.64372712
 0.69876596 0.75904021 0.78342177 0.82556287 0.92558958 0.98684609
 0.8170264  0.91407899 1.08696614 2.68544954 2.68536895 1.69774434
 1.4637645  1.21820332 1.41434445 1.55970684 1.13547545 2.44520148
 1.78092292 1.7758765  2.45201786]
FCIDUMP file in AO basis written to FCIDUMP/FCIDUMP_AO_D-A_prune


-------------------------------------
Restricted Open-shell PPP Calculation
-------------------------------------

Starting SCF cycle...

Iter   Energy        Dens Change      Energy Change
-----------------------------------------------------
0 -280.3141086903011 0.31447554584312787 -280.3141086903011
1 -290.15213003640304 0.07655239142839276 -9.838021346101925
2 -292.0218928497103 0.01871247265606235 -1.8697628133072612
3 -292.4842111906561 0.0053653524706367695 -0.46231834094578517
4 -292.5996223126613 0.0024681801683731353 -0.1154111220052414
5 -292.63921974630665 0.0012558733539755895 -0.03959743364532642
6 -292.6537431868985 0.000684824313818555 -0.014523440591858616
7 -292.6598745426427 0.0003700607298712244 -0.006131355744173561
8 -292.66264113608315 0.0001987402585396092 -0.002766593440469478
9 -292.66396051653425 0.00010634801178999176 -0.001319380451093366
10 -292.66461474511505 5.678305958844998e-05 -0.000654228580799554
11 -292.6649466406773 3.0278778433312503e-05 -0.0003318955622262365
12 -292.665118094883 1.6133049838606972e-05 -0.000171454205712962
13 -292.66520751809844 8.59195261504464e-06 -8.942321545646337e-05
14 -292.66525451578497 4.574550808711386e-06 -4.699768652471903e-05
15 -292.6652793154452 2.4352094598611984e-06 -2.479966025248359e-05
16 -292.6652924429318 1.2962404849492515e-06 -1.3127486568009772e-05
17 -292.66529940369435 6.899439650709382e-07 -6.960762561902811e-06
18 -292.66530309942294 3.6722423812918237e-07 -3.6957285942662566e-06
19 -292.66530506307305 1.9545370699702858e-07 -1.963650106517889e-06
20 -292.66530610700823 1.0402907346662715e-07 -1.043935185407463e-06
21 -292.6653066621782 5.5368836959779344e-08 -5.551699473471672e-07
22 -292.6653069574944 2.9469767182099815e-08 -2.953162265839637e-07
23 -292.665307114609 1.568515906047452e-08 -1.5711458445366588e-07
24 -292.6653071982093 8.348376434597071e-09 -8.360029823961668e-08
25 -292.6653072426933 4.443404755249958e-09 -4.448401114132139e-08
26 -292.66530726636523 2.364996976034206e-09 -2.367193019381375e-08
27 -292.6653072789663 1.258768089762441e-09 -1.260104909306392e-08
28 -292.66530728566926 6.699790722208832e-10 -6.702975952066481e-09
29 -292.6653072892386 3.5659597497073037e-10 -3.5693688005267177e-09
30 -292.6653072911379 1.897988433086084e-10 -1.8992523109773174e-09
31 -292.6653072921492 1.0101963709985284e-10 -1.0113012649526354e-09
32 -292.6653072926862 5.376810108259633e-11 -5.369997779780533e-10
33 -292.66530729297256 2.8617996861157735e-11 -2.863771442207508e-10
34 -292.6653072931221 1.5231149674832523e-11 -1.495550350227859e-10
35 -292.6653072932054 8.108624882652293e-12 -8.327560863108374e-11
36 -292.6653072932489 4.314770762903208e-12 -4.348521542851813e-11
37 -292.66530729327275 2.2959412149248237e-12 -2.3874235921539366e-11
38 -292.6653072932851 1.2232437285319975e-12 -1.233502189279534e-11
39 -292.665307293292 6.499245586155666e-13 -6.934897101018578e-12
40 -292.6653072932944 3.468336728928989e-13 -2.3874235921539366e-12
41 -292.665307293297 1.8329782136561334e-13 -2.6147972675971687e-12
42 -292.66530729329565 9.880984919163893e-14 1.3642420526593924e-12
43 -292.6653072932968 5.240252676230739e-14 -1.1368683772161603e-12
44 -292.6653072932988 2.853273173286652e-14 -1.9895196601282805e-12
45 -292.6653072932984 1.509903313490213e-14 3.979039320256561e-13
46 -292.66530729329884 7.66053886991358e-15 -4.547473508864641e-13
47 -292.6653072932984 4.218847493575595e-15 4.547473508864641e-13

--------------------------
Converged ROPPP Orbitals
--------------------------

orbital number 1 energy -11.160852162373
[ 0.    0.   -0.    0.    0.   -0.   -0.    0.    0.   -0.   -0.   -0.
 -0.    0.    0.    0.   -0.   -0.   -0.    0.    0.   -0.    0.   -0.
 -0.   -0.    0.    0.   -0.    0.   -0.    0.    0.    0.    0.    0.
  0.    0.   -0.   -0.   -0.    0.    0.   -0.    0.   -0.   -0.   -0.
  0.    0.    0.    0.    0.    0.   -0.    0.    0.   -0.    0.   -0.
  0.11 -0.   -0.    0.01  0.01  0.03  0.01  0.03  0.03  0.02  0.04  0.11
  0.42  0.13  0.42  0.13  0.04  0.02  0.11  0.03  0.75  0.    0.    0.
  0.    0.    0.    0.    0.    0.    0.    0.    0.  ]
orbital number 2 energy -7.245210190290374
[ 0.    0.    0.    0.    0.    0.    0.    0.    0.    0.    0.    0.
  0.    0.    0.    0.    0.    0.    0.    0.    0.    0.    0.    0.
  0.    0.    0.    0.    0.    0.    0.    0.01  0.01  0.02  0.03  0.02
  0.01  0.    0.    0.    0.    0.    0.    0.    0.    0.    0.    0.
  0.    0.    0.    0.    0.    0.    0.    0.    0.    0.    0.    0.
 -0.46  0.    0.   -0.37 -0.37 -0.42 -0.36 -0.42  0.03  0.03  0.05  0.04
  0.06  0.08  0.06  0.08  0.05  0.05  0.05  0.04  0.    0.    0.    0.
  0.    0.    0.    0.    0.    0.    0.    0.    0.  ]
orbital number 3 energy -6.816220204141398
[-0.28 -0.21 -0.18 -0.21 -0.25 -0.18 -0.15 -0.14 -0.07 -0.15 -0.18 -0.06
 -0.04 -0.04 -0.05 -0.04 -0.04 -0.04 -0.03 -0.02 -0.02 -0.03 -0.02 -0.03
 -0.07 -0.05 -0.04 -0.04 -0.   -0.04 -0.05 -0.11 -0.1  -0.1  -0.12 -0.1
 -0.1  -0.29 -0.27 -0.31 -0.23 -0.21 -0.22 -0.18 -0.1  -0.18 -0.   -0.
 -0.   -0.   -0.   -0.02 -0.02 -0.02 -0.04 -0.   -0.   -0.03 -0.   -0.
 -0.01 -0.   -0.   -0.01 -0.01 -0.01 -0.01 -0.01  0.01  0.01 -0.    0.02
  0.03 -0.01 -0.03 -0.05 -0.07 -0.1  -0.05 -0.07  0.03  0.    0.    0.
  0.    0.    0.    0.    0.    0.    0.    0.    0.  ]
orbital number 4 energy -6.744493371208085
[ 0.05  0.02 -0.    0.02  0.13  0.1   0.09  0.09  0.05  0.09  0.1   0.06
  0.05  0.05  0.07  0.05  0.05  0.04  0.03  0.02  0.02  0.04  0.02  0.03
 -0.08 -0.05 -0.04 -0.04 -0.   -0.04 -0.05 -0.24 -0.25 -0.28 -0.36 -0.28
 -0.24  0.13  0.1   0.1   0.08  0.08  0.1  -0.03 -0.1  -0.   -0.   -0.
 -0.   -0.   -0.    0.03  0.03  0.03  0.06  0.    0.    0.04  0.    0.
 -0.02  0.    0.   -0.04 -0.04 -0.03 -0.04 -0.03  0.05  0.02 -0.    0.08
  0.12 -0.03 -0.12 -0.19 -0.24 -0.33 -0.18 -0.24  0.09  0.    0.    0.
  0.    0.    0.    0.    0.    0.    0.    0.    0.  ]
orbital number 5 energy -6.685644776391067
[-0.1  -0.08 -0.06 -0.08 -0.01  0.01  0.03  0.06  0.11  0.03  0.01  0.25
  0.25  0.29  0.37  0.29  0.25  0.09  0.06  0.05  0.05  0.26  0.05  0.06
 -0.01 -0.01 -0.01 -0.01 -0.   -0.01 -0.01  0.03  0.03  0.05  0.06  0.05
  0.03 -0.06 -0.07 -0.09 -0.07 -0.06 -0.05 -0.06 -0.01 -0.06 -0.   -0.
 -0.   -0.   -0.    0.21  0.2   0.21  0.35  0.    0.    0.26  0.    0.
  0.    0.    0.    0.01  0.01  0.01  0.01  0.01 -0.01 -0.01 -0.   -0.02
 -0.03  0.01  0.03  0.04  0.05  0.06  0.04  0.05 -0.02  0.    0.    0.
  0.    0.    0.    0.    0.    0.    0.    0.    0.  ]
orbital number 6 energy -6.52067548462589
[ 0.22  0.21  0.22  0.21 -0.25 -0.22 -0.21 -0.22 -0.1  -0.21 -0.22 -0.01
  0.02  0.05  0.08  0.05  0.02 -0.11 -0.09 -0.08 -0.08  0.1  -0.08 -0.09
  0.19  0.16  0.15  0.14  0.    0.15  0.16  0.04  0.01 -0.03 -0.07 -0.03
  0.01 -0.13 -0.03  0.06  0.02 -0.03 -0.07  0.24  0.14  0.22  0.    0.
  0.    0.    0.    0.09  0.09  0.09  0.12 -0.   -0.    0.1  -0.   -0.
 -0.   -0.   -0.   -0.01 -0.01 -0.01 -0.01 -0.01  0.05  0.03  0.02  0.06
  0.08  0.   -0.08 -0.09 -0.11 -0.12 -0.1  -0.11  0.03  0.    0.    0.
  0.    0.    0.    0.    0.    0.    0.    0.    0.  ]
orbital number 7 energy -6.410622125799463
[ 0.11  0.08  0.04  0.08 -0.07 -0.09 -0.11 -0.13 -0.11 -0.11 -0.09 -0.05
 -0.02  0.01  0.04  0.01 -0.02 -0.2  -0.18 -0.17 -0.16  0.08 -0.17 -0.18
 -0.29 -0.28 -0.27 -0.26 -0.   -0.27 -0.28 -0.08 -0.05 -0.03 -0.   -0.03
 -0.06  0.04  0.08  0.12  0.09  0.07  0.06  0.01 -0.11  0.04 -0.01 -0.
 -0.   -0.   -0.    0.08  0.08  0.08  0.09 -0.   -0.    0.08 -0.   -0.
  0.   -0.   -0.   -0.01 -0.01 -0.   -0.01 -0.   -0.14 -0.13 -0.12 -0.14
 -0.13 -0.1   0.13  0.05  0.06  0.08  0.12  0.1   0.02  0.    0.    0.
  0.    0.    0.    0.    0.    0.    0.    0.    0.  ]
orbital number 8 energy -6.375334425391495
[-0.    0.    0.01  0.   -0.01  0.    0.01  0.02  0.03  0.01  0.    0.02
  0.01  0.   -0.01  0.    0.01  0.07  0.07  0.06  0.06 -0.02  0.06  0.07
  0.13  0.13  0.12  0.12  0.    0.13  0.13 -0.05 -0.06 -0.07 -0.08 -0.07
 -0.06 -0.02 -0.02 -0.02 -0.02 -0.02 -0.02  0.02  0.03  0.01  0.    0.
  0.    0.    0.   -0.02 -0.02 -0.02 -0.02  0.    0.   -0.02  0.    0.
  0.    0.    0.   -0.06 -0.06 -0.03 -0.07 -0.03 -0.36 -0.37 -0.38 -0.33
 -0.24 -0.37  0.21 -0.11 -0.07 -0.04  0.14  0.06  0.18  0.    0.    0.
  0.    0.    0.    0.    0.    0.    0.    0.    0.  ]
orbital number 9 energy -6.332775697498645
[-0.15 -0.15 -0.14 -0.15  0.17  0.13  0.1   0.07 -0.09  0.1   0.13 -0.06
 -0.03 -0.01  0.01 -0.01 -0.04 -0.32 -0.31 -0.3  -0.3   0.07 -0.3  -0.31
  0.16  0.16  0.16  0.16  0.01  0.17  0.16  0.01  0.    0.   -0.    0.
  0.    0.11  0.04 -0.03  0.    0.04  0.07 -0.13  0.01 -0.14  0.01  0.01
  0.01  0.01  0.01  0.07  0.07  0.07  0.07 -0.02 -0.01  0.07 -0.02 -0.02
  0.   -0.02 -0.02 -0.   -0.   -0.   -0.   -0.   -0.01 -0.01 -0.01 -0.01
 -0.   -0.01  0.   -0.01 -0.01 -0.01 -0.   -0.01  0.01  0.    0.    0.
  0.    0.    0.    0.    0.    0.    0.    0.    0.  ]
orbital number 10 energy -6.308743988316673
[ 0.01  0.    0.    0.   -0.01 -0.01 -0.   -0.    0.   -0.   -0.01  0.
  0.    0.   -0.    0.    0.    0.01  0.01  0.01  0.01 -0.    0.01  0.01
 -0.01 -0.01 -0.01 -0.01  0.4  -0.01 -0.01 -0.   -0.   -0.    0.   -0.
 -0.   -0.    0.    0.    0.    0.   -0.    0.   -0.    0.    0.4   0.41
  0.41  0.41  0.41 -0.   -0.   -0.   -0.    0.    0.   -0.    0.    0.
 -0.    0.    0.    0.    0.    0.    0.    0.    0.    0.    0.    0.
 -0.    0.    0.    0.    0.    0.    0.    0.   -0.    0.    0.    0.
  0.    0.    0.    0.    0.    0.    0.    0.    0.  ]
orbital number 11 energy -6.258609455282923
[ 0.    0.01  0.01  0.01 -0.   -0.   -0.    0.    0.01 -0.   -0.    0.01
  0.    0.    0.    0.    0.    0.01  0.01  0.01  0.01 -0.01  0.01  0.01
 -0.   -0.   -0.   -0.    0.   -0.   -0.    0.    0.    0.    0.    0.
  0.   -0.01 -0.   -0.   -0.   -0.   -0.    0.01  0.    0.01  0.    0.
  0.    0.    0.   -0.01 -0.01 -0.01 -0.01 -0.41 -0.41 -0.01 -0.41 -0.41
  0.   -0.4  -0.41 -0.   -0.   -0.   -0.   -0.   -0.   -0.   -0.   -0.
  0.   -0.   -0.   -0.   -0.   -0.   -0.   -0.    0.    0.    0.    0.
  0.    0.    0.    0.    0.    0.    0.    0.    0.  ]
orbital number 12 energy -6.164960626276834
[ 0.03  0.   -0.02  0.   -0.05 -0.06 -0.07 -0.07 -0.02 -0.07 -0.06 -0.04
 -0.03 -0.02 -0.01 -0.02 -0.03  0.04  0.05  0.05  0.05  0.03  0.05  0.05
  0.09  0.11  0.13  0.13 -0.    0.13  0.11 -0.29 -0.27 -0.22 -0.15 -0.22
 -0.26  0.04  0.05  0.07  0.07  0.06  0.05 -0.05 -0.08 -0.02 -0.   -0.
 -0.   -0.   -0.    0.03  0.03  0.03  0.02 -0.   -0.    0.03 -0.   -0.
 -0.02 -0.   -0.    0.06  0.06  0.03  0.07  0.03  0.03  0.1   0.15 -0.04
 -0.11  0.19  0.15  0.34  0.29  0.21  0.22  0.23 -0.18  0.    0.    0.
  0.    0.    0.    0.    0.    0.    0.    0.    0.  ]
orbital number 13 energy -6.110070199919615
[ 0.05  0.07  0.08  0.07 -0.01  0.02  0.04  0.07  0.09  0.04  0.02  0.3
  0.27  0.23  0.17  0.23  0.27 -0.1  -0.12 -0.14 -0.15 -0.25 -0.14 -0.12
 -0.01 -0.01 -0.01 -0.01  0.   -0.01 -0.01 -0.06 -0.06 -0.05 -0.04 -0.05
 -0.06 -0.09 -0.07 -0.05 -0.07 -0.08 -0.09  0.09  0.01  0.08  0.    0.
  0.    0.    0.   -0.28 -0.3  -0.28 -0.19  0.    0.   -0.24  0.    0.
 -0.    0.    0.    0.01  0.01  0.    0.01  0.    0.    0.02  0.03 -0.01
 -0.03  0.04  0.03  0.07  0.06  0.04  0.05  0.05 -0.04  0.    0.    0.
  0.    0.    0.    0.    0.    0.    0.    0.    0.  ]
orbital number 14 energy -6.012359352151273
[-0.09 -0.16 -0.21 -0.16 -0.12 -0.19 -0.23 -0.25 -0.04 -0.23 -0.19  0.1
  0.11  0.11  0.09  0.11  0.11  0.02  0.03  0.04  0.04 -0.09  0.04  0.03
  0.02  0.04  0.05  0.05 -0.    0.05  0.04  0.05  0.06  0.07  0.06  0.07
  0.06  0.21  0.22  0.22  0.27  0.28  0.26 -0.23 -0.05 -0.21 -0.   -0.
 -0.   -0.   -0.   -0.11 -0.12 -0.11 -0.06 -0.   -0.   -0.09 -0.   -0.
  0.01 -0.   -0.   -0.01 -0.01 -0.   -0.01 -0.    0.   -0.01 -0.03  0.02
  0.03 -0.04 -0.04 -0.07 -0.05 -0.03 -0.05 -0.04  0.04  0.    0.    0.
  0.    0.    0.    0.    0.    0.    0.    0.    0.  ]
orbital number 15 energy -5.015089388590078
[0. 0. 0. 0. 0. 0. 0. 0. 0. 0. 0. 0. 0. 0. 0. 0. 0. 0. 0. 0. 0. 0. 0. 0.
 0. 0. 0. 0. 0. 0. 0. 0. 0. 0. 0. 0. 0. 0. 0. 0. 0. 0. 0. 0. 0. 0. 0. 0.
 0. 0. 0. 0. 0. 0. 0. 0. 0. 0. 0. 0. 0. 0. 0. 0. 0. 0. 0. 0. 0. 0. 0. 0.
 0. 0. 0. 0. 0. 0. 0. 0. 0. 0. 0. 0. 0. 0. 0. 0. 0. 0. 0. 1. 0.]
orbital number 16 energy -5.00261323943218
[0. 0. 0. 0. 0. 0. 0. 0. 0. 0. 0. 0. 0. 0. 0. 0. 0. 0. 0. 0. 0. 0. 0. 0.
 0. 0. 0. 0. 0. 0. 0. 0. 0. 0. 0. 0. 0. 0. 0. 0. 0. 0. 0. 0. 0. 0. 0. 0.
 0. 0. 0. 0. 0. 0. 0. 0. 0. 0. 0. 0. 0. 0. 0. 0. 0. 0. 0. 0. 0. 0. 0. 0.
 0. 0. 0. 0. 0. 0. 0. 0. 0. 0. 1. 0. 0. 0. 0. 0. 0. 0. 0. 0. 0.]
orbital number 17 energy -4.99347307842402
[0. 0. 0. 0. 0. 0. 0. 0. 0. 0. 0. 0. 0. 0. 0. 0. 0. 0. 0. 0. 0. 0. 0. 0.
 0. 0. 0. 0. 0. 0. 0. 0. 0. 0. 0. 0. 0. 0. 0. 0. 0. 0. 0. 0. 0. 0. 0. 0.
 0. 0. 0. 0. 0. 0. 0. 0. 0. 0. 0. 0. 0. 0. 0. 0. 0. 0. 0. 0. 0. 0. 0. 0.
 0. 0. 0. 0. 0. 0. 0. 0. 0. 0. 0. 0. 0. 0. 0. 0. 0. 0. 0. 0. 1.]
orbital number 18 energy -4.98803806050521
[0. 0. 0. 0. 0. 0. 0. 0. 0. 0. 0. 0. 0. 0. 0. 0. 0. 0. 0. 0. 0. 0. 0. 0.
 0. 0. 0. 0. 0. 0. 0. 0. 0. 0. 0. 0. 0. 0. 0. 0. 0. 0. 0. 0. 0. 0. 0. 0.
 0. 0. 0. 0. 0. 0. 0. 0. 0. 0. 0. 0. 0. 0. 0. 0. 0. 0. 0. 0. 0. 0. 0. 0.
 0. 0. 0. 0. 0. 0. 0. 0. 0. 0. 0. 0. 0. 0. 0. 0. 0. 0. 1. 0. 0.]
orbital number 19 energy -4.959722968122104
[0. 0. 0. 0. 0. 0. 0. 0. 0. 0. 0. 0. 0. 0. 0. 0. 0. 0. 0. 0. 0. 0. 0. 0.
 0. 0. 0. 0. 0. 0. 0. 0. 0. 0. 0. 0. 0. 0. 0. 0. 0. 0. 0. 0. 0. 0. 0. 0.
 0. 0. 0. 0. 0. 0. 0. 0. 0. 0. 0. 0. 0. 0. 0. 0. 0. 0. 0. 0. 0. 0. 0. 0.
 0. 0. 0. 0. 0. 0. 0. 0. 0. 0. 0. 0. 0. 0. 0. 0. 0. 1. 0. 0. 0.]
orbital number 20 energy -4.950715998731593
[0. 0. 0. 0. 0. 0. 0. 0. 0. 0. 0. 0. 0. 0. 0. 0. 0. 0. 0. 0. 0. 0. 0. 0.
 0. 0. 0. 0. 0. 0. 0. 0. 0. 0. 0. 0. 0. 0. 0. 0. 0. 0. 0. 0. 0. 0. 0. 0.
 0. 0. 0. 0. 0. 0. 0. 0. 0. 0. 0. 0. 0. 0. 0. 0. 0. 0. 0. 0. 0. 0. 0. 0.
 0. 0. 0. 0. 0. 0. 0. 0. 0. 1. 0. 0. 0. 0. 0. 0. 0. 0. 0. 0. 0.]
orbital number 21 energy -4.916011894378793
[0. 0. 0. 0. 0. 0. 0. 0. 0. 0. 0. 0. 0. 0. 0. 0. 0. 0. 0. 0. 0. 0. 0. 0.
 0. 0. 0. 0. 0. 0. 0. 0. 0. 0. 0. 0. 0. 0. 0. 0. 0. 0. 0. 0. 0. 0. 0. 0.
 0. 0. 0. 0. 0. 0. 0. 0. 0. 0. 0. 0. 0. 0. 0. 0. 0. 0. 0. 0. 0. 0. 0. 0.
 0. 0. 0. 0. 0. 0. 0. 0. 0. 0. 0. 1. 0. 0. 0. 0. 0. 0. 0. 0. 0.]
orbital number 22 energy -4.903362045933984
[0. 0. 0. 0. 0. 0. 0. 0. 0. 0. 0. 0. 0. 0. 0. 0. 0. 0. 0. 0. 0. 0. 0. 0.
 0. 0. 0. 0. 0. 0. 0. 0. 0. 0. 0. 0. 0. 0. 0. 0. 0. 0. 0. 0. 0. 0. 0. 0.
 0. 0. 0. 0. 0. 0. 0. 0. 0. 0. 0. 0. 0. 0. 0. 0. 0. 0. 0. 0. 0. 0. 0. 0.
 0. 0. 0. 0. 0. 0. 0. 0. 0. 0. 0. 0. 0. 0. 1. 0. 0. 0. 0. 0. 0.]
orbital number 23 energy -4.89805837715564
[0. 0. 0. 0. 0. 0. 0. 0. 0. 0. 0. 0. 0. 0. 0. 0. 0. 0. 0. 0. 0. 0. 0. 0.
 0. 0. 0. 0. 0. 0. 0. 0. 0. 0. 0. 0. 0. 0. 0. 0. 0. 0. 0. 0. 0. 0. 0. 0.
 0. 0. 0. 0. 0. 0. 0. 0. 0. 0. 0. 0. 0. 0. 0. 0. 0. 0. 0. 0. 0. 0. 0. 0.
 0. 0. 0. 0. 0. 0. 0. 0. 0. 0. 0. 0. 0. 0. 0. 1. 0. 0. 0. 0. 0.]
orbital number 24 energy -4.893883155267521
[0. 0. 0. 0. 0. 0. 0. 0. 0. 0. 0. 0. 0. 0. 0. 0. 0. 0. 0. 0. 0. 0. 0. 0.
 0. 0. 0. 0. 0. 0. 0. 0. 0. 0. 0. 0. 0. 0. 0. 0. 0. 0. 0. 0. 0. 0. 0. 0.
 0. 0. 0. 0. 0. 0. 0. 0. 0. 0. 0. 0. 0. 0. 0. 0. 0. 0. 0. 0. 0. 0. 0. 0.
 0. 0. 0. 0. 0. 0. 0. 0. 0. 0. 0. 0. 1. 0. 0. 0. 0. 0. 0. 0. 0.]
orbital number 25 energy -4.892415814882503
[0. 0. 0. 0. 0. 0. 0. 0. 0. 0. 0. 0. 0. 0. 0. 0. 0. 0. 0. 0. 0. 0. 0. 0.
 0. 0. 0. 0. 0. 0. 0. 0. 0. 0. 0. 0. 0. 0. 0. 0. 0. 0. 0. 0. 0. 0. 0. 0.
 0. 0. 0. 0. 0. 0. 0. 0. 0. 0. 0. 0. 0. 0. 0. 0. 0. 0. 0. 0. 0. 0. 0. 0.
 0. 0. 0. 0. 0. 0. 0. 0. 0. 0. 0. 0. 0. 1. 0. 0. 0. 0. 0. 0. 0.]
orbital number 26 energy -4.883874304317758
[0. 0. 0. 0. 0. 0. 0. 0. 0. 0. 0. 0. 0. 0. 0. 0. 0. 0. 0. 0. 0. 0. 0. 0.
 0. 0. 0. 0. 0. 0. 0. 0. 0. 0. 0. 0. 0. 0. 0. 0. 0. 0. 0. 0. 0. 0. 0. 0.
 0. 0. 0. 0. 0. 0. 0. 0. 0. 0. 0. 0. 0. 0. 0. 0. 0. 0. 0. 0. 0. 0. 0. 0.
 0. 0. 0. 0. 0. 0. 0. 0. 0. 0. 0. 0. 0. 0. 0. 0. 1. 0. 0. 0. 0.]
orbital number 27 energy -4.850197438014083
[ 0.15  0.08 -0.04  0.08 -0.07 -0.02  0.04  0.08  0.06  0.04 -0.02  0.03
  0.01 -0.02 -0.04 -0.02  0.01  0.02 -0.   -0.02 -0.03  0.   -0.02 -0.
 -0.08 -0.    0.08  0.11  0.    0.08  0.   -0.25 -0.12  0.07  0.23  0.07
 -0.12 -0.1   0.    0.1   0.04 -0.04 -0.1  -0.14 -0.2  -0.04  0.    0.
 -0.   -0.   -0.    0.02  0.03  0.02 -0.02  0.    0.   -0.    0.    0.
  0.13 -0.    0.   -0.08 -0.08  0.05 -0.14  0.05  0.29  0.09 -0.15  0.28
  0.07 -0.3  -0.13 -0.35 -0.06  0.27  0.13  0.29  0.05  0.    0.    0.
  0.    0.    0.    0.    0.    0.    0.    0.    0.  ]
orbital number 28 energy -4.7085475276914455
[-0.07 -0.02  0.04 -0.02  0.08  0.03 -0.04 -0.08 -0.07 -0.04  0.03 -0.06
 -0.02  0.03  0.06  0.03 -0.02 -0.03 -0.    0.03  0.04  0.    0.03 -0.
  0.03  0.   -0.02 -0.03 -0.   -0.02  0.    0.02 -0.   -0.02 -0.03 -0.02
 -0.    0.08  0.   -0.07 -0.06 -0.01  0.05  0.08  0.05  0.04 -0.   -0.
  0.    0.    0.   -0.03 -0.04 -0.03  0.03 -0.   -0.    0.   -0.    0.
 -0.47  0.    0.    0.27  0.27 -0.2   0.49 -0.2   0.17  0.04 -0.1   0.17
  0.03 -0.18  0.07 -0.18 -0.13  0.01  0.2   0.17  0.03  0.    0.    0.
  0.    0.    0.    0.    0.    0.    0.    0.    0.  ]
orbital number 29 energy -4.7013660345123185
[-0.19 -0.06  0.1  -0.06  0.24  0.09 -0.1  -0.25 -0.23 -0.11  0.09 -0.17
 -0.05  0.09  0.18  0.09 -0.05 -0.11 -0.01  0.09  0.14  0.01  0.09 -0.01
  0.07  0.01 -0.06 -0.08 -0.   -0.06  0.01  0.03 -0.02 -0.06 -0.06 -0.05
 -0.02  0.22  0.   -0.21 -0.18 -0.03  0.14  0.21  0.13  0.1  -0.   -0.
  0.    0.    0.   -0.09 -0.13 -0.09  0.11 -0.   -0.    0.01 -0.    0.
  0.25  0.    0.   -0.15 -0.14  0.11 -0.26  0.11  0.16  0.13  0.01  0.07
 -0.07 -0.11  0.01 -0.1  -0.04  0.05  0.14  0.15 -0.02  0.    0.    0.
  0.    0.    0.    0.    0.    0.    0.    0.    0.  ]
orbital number 30 energy -4.59991734062601
[ 0.    0.    0.    0.    0.    0.   -0.   -0.   -0.   -0.    0.   -0.
 -0.    0.    0.    0.   -0.   -0.   -0.    0.    0.    0.    0.   -0.
 -0.   -0.    0.    0.    0.    0.   -0.   -0.   -0.    0.    0.    0.
 -0.    0.    0.   -0.   -0.   -0.   -0.   -0.   -0.    0.    0.    0.
 -0.   -0.   -0.   -0.   -0.   -0.    0.   -0.   -0.    0.   -0.    0.
  0.    0.    0.    0.49 -0.49  0.51 -0.   -0.51 -0.   -0.   -0.    0.
  0.    0.   -0.    0.    0.    0.   -0.   -0.    0.    0.    0.    0.
  0.    0.    0.    0.    0.    0.    0.    0.    0.  ]
orbital number 31 energy -4.572415981266148
[ 0.14  0.09 -0.02  0.09  0.16  0.09 -0.03 -0.14 -0.21 -0.03  0.09 -0.22
 -0.08  0.1   0.22  0.1  -0.08 -0.12 -0.02  0.09  0.14  0.03  0.09 -0.02
 -0.12 -0.02  0.09  0.14  0.    0.09 -0.02 -0.2  -0.07  0.1   0.2   0.09
 -0.07  0.03  0.04  0.02 -0.12 -0.17 -0.1  -0.13 -0.2  -0.02  0.    0.
 -0.   -0.   -0.   -0.11 -0.17 -0.11  0.15 -0.   -0.    0.03 -0.    0.
 -0.08  0.    0.    0.04  0.05 -0.04  0.08 -0.03 -0.2  -0.22 -0.08 -0.02
  0.17  0.12 -0.17  0.07  0.15  0.11 -0.28 -0.15  0.04  0.    0.    0.
  0.    0.    0.    0.    0.    0.    0.    0.    0.  ]
orbital number 32 energy -4.380279911547576
[-0.22 -0.06  0.13 -0.06  0.06 -0.02 -0.08 -0.08  0.09 -0.08 -0.02  0.21
  0.11 -0.07 -0.19 -0.06  0.11  0.06  0.02 -0.04 -0.07 -0.04 -0.04  0.01
  0.05  0.01 -0.03 -0.05 -0.   -0.03  0.01 -0.16 -0.12  0.01  0.14  0.01
 -0.12  0.17 -0.04 -0.23 -0.09  0.11  0.23  0.24  0.06  0.14 -0.   -0.
  0.    0.    0.    0.11  0.19  0.11 -0.17  0.    0.   -0.04  0.   -0.
 -0.02 -0.   -0.    0.01  0.01 -0.01  0.02 -0.01 -0.1  -0.24 -0.18  0.11
  0.22  0.03 -0.23 -0.    0.2   0.23 -0.22 -0.01  0.02  0.    0.    0.
  0.    0.    0.    0.    0.    0.    0.    0.    0.  ]
orbital number 33 energy -4.199329682040942
[ 0.13  0.07 -0.04  0.08  0.25  0.07 -0.15 -0.26 -0.04 -0.14  0.08  0.22
  0.14 -0.04 -0.2  -0.04  0.15 -0.04 -0.01  0.02  0.04 -0.08  0.02 -0.01
 -0.14 -0.04  0.08  0.14  0.    0.08 -0.04  0.    0.04  0.04  0.01  0.05
  0.04  0.22  0.19 -0.   -0.28 -0.32 -0.1  -0.13 -0.13 -0.03  0.    0.
 -0.   -0.   -0.    0.15  0.25  0.14 -0.24 -0.   -0.   -0.08 -0.    0.
 -0.    0.    0.    0.    0.   -0.    0.   -0.    0.02  0.12  0.11 -0.09
 -0.11  0.    0.11  0.   -0.11 -0.12  0.07 -0.04  0.    0.    0.    0.
  0.    0.    0.    0.    0.    0.    0.    0.    0.  ]
orbital number 34 energy -3.965350463979374
[-0.12  0.03  0.14  0.01 -0.04 -0.01  0.03  0.04  0.04 -0.01 -0.05 -0.03
 -0.03 -0.01  0.02 -0.01 -0.03  0.07  0.03 -0.04 -0.07  0.02 -0.04  0.03
 -0.37 -0.15  0.19  0.37  0.    0.2  -0.14 -0.13  0.    0.12  0.13  0.09
 -0.03  0.01 -0.22 -0.25  0.02  0.27  0.27  0.13 -0.19  0.12  0.01  0.
 -0.   -0.01 -0.   -0.03 -0.06 -0.03  0.06  0.    0.    0.02  0.   -0.
 -0.02 -0.   -0.    0.01  0.01 -0.01  0.02 -0.01 -0.01  0.16  0.17 -0.16
 -0.13  0.01  0.11 -0.03 -0.14 -0.12  0.04 -0.07  0.04  0.    0.    0.
  0.    0.    0.    0.    0.    0.    0.    0.    0.  ]
orbital number 35 energy -3.915208279796767
[-0.    0.    0.    0.   -0.    0.    0.    0.    0.   -0.   -0.   -0.
 -0.   -0.    0.   -0.   -0.    0.    0.   -0.   -0.    0.   -0.    0.
 -0.01 -0.    0.    0.01  0.    0.01 -0.   -0.01 -0.5  -0.5   0.01  0.5
  0.5   0.   -0.01 -0.01 -0.    0.01  0.01  0.   -0.01  0.    0.    0.
 -0.   -0.   -0.   -0.   -0.   -0.    0.    0.    0.    0.    0.   -0.
 -0.   -0.   -0.    0.    0.   -0.    0.   -0.   -0.01  0.    0.01 -0.01
  0.    0.01 -0.   -0.   -0.01 -0.    0.    0.    0.    0.    0.    0.
  0.    0.    0.    0.    0.    0.    0.    0.    0.  ]
orbital number 36 energy -3.874549872430256
[-0.   -0.5  -0.49  0.49 -0.   -0.01 -0.01  0.    0.03 -0.01 -0.01 -0.01
 -0.02 -0.01  0.01 -0.   -0.01  0.06  0.02 -0.03 -0.06  0.01 -0.03  0.03
 -0.   -0.   -0.    0.    0.    0.    0.   -0.01 -0.    0.    0.    0.
 -0.    0.03  0.02 -0.   -0.02 -0.02  0.    0.   -0.    0.5   0.    0.
 -0.   -0.   -0.   -0.02 -0.03 -0.02  0.03  0.    0.    0.01  0.   -0.
 -0.   -0.   -0.    0.    0.   -0.    0.   -0.   -0.    0.    0.   -0.
 -0.    0.    0.   -0.   -0.   -0.    0.   -0.    0.    0.    0.    0.
  0.    0.    0.    0.    0.    0.    0.    0.    0.  ]
orbital number 37 energy -3.8594548311916634
[-0.    0.    0.    0.    0.    0.    0.   -0.    0.   -0.   -0.   -0.
 -0.   -0.    0.   -0.   -0.    0.    0.   -0.   -0.    0.   -0.    0.
 -0.    0.5   0.5   0.01  0.   -0.5  -0.5   0.    0.   -0.   -0.   -0.
  0.    0.   -0.   -0.   -0.    0.    0.    0.   -0.    0.    0.    0.
 -0.   -0.   -0.   -0.   -0.   -0.    0.    0.    0.    0.    0.   -0.
  0.   -0.   -0.   -0.   -0.    0.   -0.    0.    0.   -0.   -0.    0.
  0.   -0.   -0.    0.    0.    0.   -0.    0.   -0.    0.    0.    0.
  0.    0.    0.    0.    0.    0.    0.    0.    0.  ]
orbital number 38 energy -3.8473324429550204
[-0.01 -0.07 -0.06  0.06 -0.04  0.07  0.11  0.05 -0.19  0.06  0.01  0.06
  0.13  0.08 -0.05  0.    0.05 -0.46 -0.19  0.24  0.45 -0.09  0.24 -0.19
 -0.01 -0.    0.01  0.01  0.    0.   -0.01 -0.01 -0.    0.    0.01  0.
 -0.   -0.2  -0.2  -0.01  0.2   0.21  0.02  0.01 -0.    0.07  0.    0.
 -0.   -0.   -0.    0.11  0.2   0.1  -0.2  -0.01 -0.03 -0.1  -0.01  0.01
 -0.    0.03  0.01  0.    0.   -0.    0.   -0.   -0.    0.01  0.01 -0.01
 -0.    0.    0.   -0.   -0.   -0.    0.   -0.    0.    0.    0.    0.
  0.    0.    0.    0.    0.    0.    0.    0.    0.  ]
orbital number 39 energy -3.837000816000756
[-0.01 -0.01  0.    0.   -0.01 -0.5  -0.49  0.01 -0.01  0.51  0.5   0.
  0.01  0.01 -0.   -0.01 -0.   -0.03 -0.01  0.01  0.02 -0.    0.01 -0.01
 -0.01 -0.    0.01  0.01  0.    0.01 -0.01 -0.01 -0.    0.    0.01  0.
 -0.   -0.01 -0.01 -0.01  0.01  0.02  0.01  0.01 -0.    0.01  0.    0.
 -0.   -0.   -0.    0.    0.01  0.   -0.01 -0.   -0.   -0.   -0.    0.
 -0.    0.    0.    0.    0.   -0.    0.   -0.   -0.    0.    0.01 -0.01
 -0.    0.    0.   -0.   -0.   -0.    0.   -0.    0.    0.    0.    0.
  0.    0.    0.    0.    0.    0.    0.    0.    0.  ]
orbital number 40 energy -3.829907830873886
[-0.   -0.   -0.    0.   -0.   -0.    0.    0.   -0.02  0.01  0.01  0.
 -0.49 -0.49 -0.    0.5   0.5  -0.04 -0.02  0.02  0.04 -0.09  0.02 -0.02
 -0.   -0.    0.    0.    0.    0.   -0.   -0.   -0.    0.    0.    0.
 -0.   -0.02 -0.02 -0.    0.02  0.02  0.    0.   -0.    0.    0.    0.
 -0.   -0.   -0.   -0.07  0.02  0.08 -0.02 -0.   -0.    0.07 -0.    0.
 -0.    0.    0.    0.    0.   -0.    0.   -0.   -0.    0.    0.   -0.
 -0.    0.    0.   -0.   -0.   -0.    0.   -0.    0.    0.    0.    0.
  0.    0.    0.    0.    0.    0.    0.    0.    0.  ]
orbital number 41 energy -3.8033962054978385
[-0.  -0.  -0.   0.  -0.   0.   0.  -0.   0.   0.   0.   0.  -0.  -0.
  0.  -0.  -0.   0.   0.5  0.5 -0.   0.  -0.5 -0.5 -0.  -0.   0.   0.
  0.   0.  -0.  -0.  -0.   0.   0.   0.  -0.  -0.  -0.  -0.   0.   0.
  0.   0.  -0.   0.   0.   0.  -0.  -0.  -0.  -0.  -0.  -0.   0.   0.
  0.   0.   0.  -0.  -0.  -0.  -0.   0.   0.  -0.   0.  -0.  -0.   0.
  0.  -0.  -0.   0.   0.  -0.  -0.  -0.   0.  -0.   0.   0.   0.   0.
  0.   0.   0.   0.   0.   0.   0.   0.   0. ]
orbital number 42 energy -3.7778452972513326
[-0.    0.    0.    0.    0.   -0.   -0.   -0.    0.    0.    0.   -0.
 -0.   -0.    0.   -0.   -0.    0.    0.   -0.   -0.    0.   -0.    0.
 -0.    0.    0.    0.   -0.52  0.    0.   -0.   -0.    0.    0.    0.
 -0.    0.   -0.   -0.   -0.    0.    0.    0.   -0.    0.   -0.03  0.48
  0.51  0.04 -0.48 -0.   -0.   -0.    0.    0.    0.    0.    0.   -0.
 -0.   -0.   -0.    0.    0.   -0.    0.   -0.   -0.    0.    0.   -0.
 -0.    0.    0.   -0.   -0.   -0.   -0.   -0.    0.    0.    0.    0.
  0.    0.    0.    0.    0.    0.    0.    0.    0.  ]
orbital number 43 energy -3.771539781200959
[-0.    0.    0.   -0.    0.   -0.   -0.    0.    0.   -0.   -0.    0.
  0.08  0.08  0.   -0.08 -0.08  0.    0.   -0.   -0.   -0.49 -0.    0.
 -0.   -0.    0.    0.    0.    0.   -0.   -0.   -0.    0.    0.    0.
 -0.    0.    0.   -0.   -0.   -0.    0.    0.   -0.   -0.    0.    0.
 -0.   -0.   -0.   -0.49  0.    0.49  0.    0.    0.    0.49  0.   -0.
 -0.   -0.   -0.    0.    0.   -0.    0.   -0.   -0.    0.    0.   -0.
 -0.    0.    0.   -0.   -0.   -0.   -0.   -0.    0.    0.    0.    0.
  0.    0.    0.    0.    0.    0.    0.    0.    0.  ]
orbital number 44 energy -3.750029545338286
[-0.    0.    0.    0.    0.   -0.   -0.   -0.    0.    0.    0.   -0.
 -0.   -0.    0.   -0.   -0.    0.    0.   -0.   -0.    0.   -0.    0.
  0.    0.    0.   -0.   -0.26  0.    0.   -0.01 -0.    0.01  0.01  0.01
 -0.    0.   -0.   -0.   -0.    0.    0.    0.   -0.    0.   -0.58 -0.32
  0.25  0.57  0.31 -0.   -0.   -0.    0.    0.    0.    0.    0.   -0.
 -0.   -0.   -0.    0.    0.   -0.    0.   -0.   -0.    0.01  0.01 -0.01
 -0.    0.    0.   -0.   -0.01 -0.   -0.   -0.    0.    0.    0.    0.
  0.    0.    0.    0.    0.    0.    0.    0.    0.  ]
orbital number 45 energy -3.72772615282067
[-0.    0.    0.   -0.   -0.   -0.   -0.    0.    0.   -0.   -0.   -0.
 -0.   -0.    0.   -0.   -0.    0.    0.   -0.   -0.    0.   -0.    0.
 -0.   -0.    0.    0.   -0.    0.   -0.   -0.   -0.    0.    0.    0.
 -0.    0.    0.   -0.   -0.   -0.    0.    0.   -0.   -0.   -0.   -0.
  0.    0.    0.   -0.   -0.   -0.    0.    0.48 -0.04  0.   -0.52 -0.48
 -0.    0.04  0.52  0.    0.   -0.    0.   -0.   -0.    0.    0.   -0.
 -0.    0.    0.   -0.   -0.   -0.   -0.   -0.    0.    0.    0.    0.
  0.    0.    0.    0.    0.    0.    0.    0.    0.  ]
orbital number 46 energy -3.699537469821801
[-0.    0.    0.   -0.   -0.   -0.   -0.    0.    0.01 -0.   -0.   -0.
 -0.   -0.    0.   -0.   -0.    0.02  0.01 -0.01 -0.02  0.01 -0.01  0.01
 -0.   -0.    0.    0.   -0.    0.   -0.   -0.   -0.    0.    0.    0.
 -0.    0.01  0.01 -0.   -0.01 -0.01  0.    0.   -0.    0.   -0.   -0.
  0.    0.    0.   -0.01 -0.01 -0.01  0.01 -0.32 -0.57  0.01 -0.25  0.33
 -0.    0.58  0.26  0.    0.   -0.    0.   -0.   -0.    0.    0.   -0.
 -0.    0.    0.   -0.   -0.   -0.   -0.   -0.    0.    0.    0.    0.
  0.    0.    0.    0.    0.    0.    0.    0.    0.  ]
orbital number 47 energy -3.633277769108886
[-0.   -0.01 -0.01 -0.   -0.   -0.    0.    0.   -0.    0.   -0.   -0.
 -0.   -0.    0.    0.    0.   -0.   -0.    0.    0.   -0.    0.   -0.
 -0.33 -0.17  0.15  0.32 -0.01  0.16 -0.17  0.35  0.16 -0.18 -0.34 -0.17
  0.17 -0.    0.02  0.02  0.   -0.02 -0.02  0.01  0.02  0.   -0.01 -0.01
  0.01  0.01  0.01  0.    0.    0.   -0.    0.    0.   -0.    0.   -0.
  0.03 -0.   -0.   -0.02 -0.01  0.03 -0.04  0.03  0.09 -0.23 -0.29  0.3
  0.13 -0.03 -0.04  0.14  0.18  0.03  0.04  0.07 -0.12  0.    0.    0.
  0.    0.    0.    0.    0.    0.    0.    0.    0.  ]
orbital number 48 energy -3.342033496668962
[-0.12 -0.08  0.04 -0.09 -0.11 -0.07  0.04  0.11  0.04  0.04 -0.08  0.03
  0.   -0.03 -0.03 -0.03  0.   -0.09 -0.05  0.04  0.09  0.03  0.04 -0.05
 -0.09 -0.05  0.04  0.09 -0.    0.04 -0.05  0.04  0.01 -0.03 -0.03 -0.04
 -0.    0.08  0.21  0.1  -0.05 -0.14 -0.07  0.12  0.05  0.04 -0.   -0.
  0.    0.    0.   -0.02 -0.05 -0.02  0.05  0.    0.    0.03  0.   -0.
  0.   -0.   -0.   -0.   -0.    0.01 -0.01  0.   -0.34 -0.11  0.24 -0.16
  0.25  0.31 -0.23 -0.28 -0.27  0.07  0.22  0.36 -0.02  0.    0.    0.
  0.    0.    0.    0.    0.    0.    0.    0.    0.  ]
orbital number 49 energy -3.316144649597331
[ 0.19  0.13 -0.08  0.13  0.22  0.15 -0.08 -0.23 -0.09 -0.07  0.16 -0.09
 -0.01  0.08  0.08  0.07 -0.01  0.18  0.11 -0.08 -0.18 -0.08 -0.08  0.11
  0.06  0.04 -0.03 -0.06  0.   -0.02  0.04  0.09  0.05 -0.04 -0.09 -0.04
  0.05 -0.19 -0.37 -0.13  0.13  0.24  0.07 -0.2  -0.04 -0.07  0.    0.
 -0.   -0.   -0.    0.05  0.12  0.05 -0.12 -0.   -0.   -0.08 -0.    0.
  0.01  0.    0.   -0.   -0.    0.01 -0.01  0.01 -0.17 -0.12  0.07 -0.02
  0.16  0.18 -0.12 -0.12 -0.14  0.01  0.15  0.21 -0.05  0.    0.    0.
  0.    0.    0.    0.    0.    0.    0.    0.    0.  ]
orbital number 50 energy -3.164060480770158
[-0.22 -0.17  0.07 -0.17  0.02  0.05  0.02 -0.03 -0.11  0.02  0.05 -0.27
 -0.08  0.19  0.24  0.19 -0.08  0.14  0.09 -0.06 -0.14 -0.19 -0.06  0.09
 -0.08 -0.06  0.04  0.09 -0.    0.03 -0.06 -0.05 -0.04  0.01  0.05  0.01
 -0.04 -0.13  0.14  0.24  0.2  -0.08 -0.26  0.24  0.08  0.08 -0.   -0.
  0.    0.    0.    0.11  0.28  0.11 -0.28 -0.   -0.   -0.19 -0.    0.
 -0.01  0.    0.    0.    0.   -0.01  0.01 -0.01  0.01  0.06  0.03 -0.05
 -0.04 -0.04  0.   -0.02  0.03  0.03 -0.06 -0.04  0.05  0.    0.    0.
  0.    0.    0.    0.    0.    0.    0.    0.    0.  ]
orbital number 51 energy -3.0163668131934935
[ 0.13  0.12 -0.04  0.12 -0.26 -0.19  0.11  0.28  0.01  0.11 -0.19 -0.25
 -0.1   0.16  0.23  0.16 -0.1  -0.01 -0.01  0.01  0.01 -0.16  0.   -0.01
  0.05  0.04 -0.02 -0.06  0.   -0.02  0.04  0.02  0.03  0.   -0.03  0.
  0.03  0.27  0.08 -0.21 -0.32 -0.04  0.29 -0.16 -0.06 -0.04  0.    0.
 -0.   -0.   -0.    0.08  0.21  0.08 -0.21  0.    0.   -0.16  0.   -0.
  0.01 -0.   -0.   -0.   -0.    0.01 -0.01  0.01 -0.   -0.05 -0.03  0.05
  0.03  0.03  0.01  0.02 -0.02 -0.04  0.05  0.01 -0.04  0.    0.    0.
  0.    0.    0.    0.    0.    0.    0.    0.    0.  ]
orbital number 52 energy -2.7130928844943787
[-0.08 -0.04  0.05 -0.04  0.01  0.01 -0.   -0.02 -0.01 -0.    0.01  0.01
  0.   -0.   -0.01 -0.    0.    0.    0.   -0.   -0.    0.   -0.    0.
  0.04  0.04 -0.02 -0.05  0.   -0.02  0.04 -0.21 -0.05  0.18  0.16  0.17
 -0.05 -0.03  0.04  0.05  0.05 -0.01 -0.06  0.08 -0.08  0.05  0.    0.
 -0.   -0.   -0.   -0.   -0.   -0.    0.   -0.   -0.    0.   -0.    0.
  0.03  0.    0.   -0.01 -0.01  0.06 -0.06  0.06  0.04 -0.31 -0.21  0.32
  0.09  0.21  0.19  0.23 -0.28 -0.38  0.32 -0.06 -0.3   0.    0.    0.
  0.    0.    0.    0.    0.    0.    0.    0.    0.  ]
orbital number 53 energy 0.0
[ 0.23  0.   -0.22  0.    0.   -0.   -0.    0.    0.   -0.   -0.   -0.
 -0.    0.    0.    0.   -0.   -0.   -0.    0.    0.   -0.    0.   -0.
 -0.   -0.21  0.    0.21 -0.    0.   -0.21  0.   -0.22  0.    0.23  0.
 -0.22  0.   -0.07 -0.   -0.07  0.    0.07 -0.    0.73 -0.22 -0.   -0.
  0.    0.    0.    0.    0.    0.   -0.    0.    0.   -0.    0.   -0.
 -0.   -0.   -0.    0.    0.    0.01 -0.01  0.01  0.01 -0.03 -0.    0.02
 -0.01  0.03  0.05  0.01 -0.08 -0.01  0.01 -0.06 -0.03  0.    0.    0.
  0.    0.    0.    0.    0.    0.    0.    0.    0.  ]
orbital number 54 energy 0.05290869243868013
[-0.   -0.    0.   -0.   -0.23  0.    0.22 -0.   -0.73  0.22  0.    0.
  0.22  0.   -0.23 -0.    0.22  0.    0.21 -0.   -0.21  0.07 -0.    0.21
 -0.    0.    0.   -0.    0.    0.    0.   -0.    0.    0.   -0.    0.
  0.   -0.    0.07  0.   -0.07  0.    0.07  0.   -0.    0.   -0.    0.
  0.   -0.    0.   -0.   -0.07  0.    0.   -0.   -0.    0.07 -0.    0.
  0.    0.    0.   -0.   -0.   -0.    0.   -0.   -0.    0.    0.   -0.
  0.   -0.   -0.   -0.    0.    0.   -0.    0.    0.    0.    0.    0.
  0.    0.    0.    0.    0.    0.    0.    0.    0.  ]
orbital number 55 energy 2.8157730849495435
[ 0.02 -0.01 -0.01 -0.01 -0.    0.    0.   -0.    0.    0.    0.    0.
 -0.   -0.    0.   -0.   -0.    0.   -0.   -0.    0.   -0.   -0.   -0.
  0.01 -0.01 -0.    0.01 -0.   -0.   -0.01 -0.05  0.01  0.04 -0.04  0.04
  0.01 -0.01 -0.01  0.01 -0.01 -0.    0.01  0.02  0.01 -0.01  0.   -0.
 -0.    0.   -0.   -0.    0.   -0.    0.   -0.    0.   -0.   -0.   -0.
  0.54  0.   -0.   -0.23 -0.23 -0.32  0.52 -0.32  0.13 -0.01 -0.12 -0.08
 -0.07  0.1  -0.12  0.12 -0.07 -0.07 -0.04  0.15  0.04  0.    0.    0.
  0.    0.    0.    0.    0.    0.    0.    0.    0.  ]
orbital number 56 energy 2.9934119658079226
[-0.18  0.12  0.08  0.12  0.08 -0.07 -0.03  0.09 -0.02 -0.03 -0.06 -0.05
  0.02  0.03 -0.05  0.03  0.02 -0.01  0.01  0.01 -0.02  0.03  0.01  0.01
 -0.03  0.02  0.01 -0.03  0.    0.01  0.02  0.27 -0.09 -0.19  0.24 -0.19
 -0.1   0.11  0.06 -0.16  0.17  0.03 -0.19 -0.19 -0.04  0.08 -0.    0.
  0.   -0.    0.    0.01 -0.04  0.01 -0.03  0.   -0.    0.03  0.    0.
  0.02 -0.    0.   -0.02  0.    0.    0.02 -0.02  0.11 -0.21  0.05  0.11
 -0.23  0.18  0.24  0.01 -0.39  0.29 -0.27  0.01 -0.01  0.    0.    0.
  0.    0.    0.    0.    0.    0.    0.    0.    0.  ]
orbital number 57 energy 3.03105580553252
[ 0.01 -0.   -0.   -0.   -0.    0.    0.   -0.    0.    0.    0.    0.
 -0.   -0.    0.   -0.   -0.    0.   -0.   -0.    0.   -0.   -0.   -0.
  0.   -0.   -0.    0.   -0.   -0.   -0.   -0.01  0.    0.   -0.01  0.
  0.   -0.   -0.    0.01 -0.01 -0.    0.01  0.01  0.   -0.    0.   -0.
 -0.    0.   -0.   -0.    0.   -0.    0.   -0.    0.   -0.   -0.   -0.
  0.    0.   -0.   -0.51  0.51  0.49 -0.   -0.49 -0.    0.    0.   -0.
  0.   -0.   -0.   -0.    0.01 -0.01  0.01 -0.   -0.    0.    0.    0.
  0.    0.    0.    0.    0.    0.    0.    0.    0.  ]
orbital number 58 energy 3.0941676826723388
[ 0.09 -0.08 -0.02 -0.07 -0.13  0.1   0.05 -0.14  0.02  0.05  0.1   0.11
 -0.05 -0.07  0.1  -0.07 -0.05  0.01 -0.01 -0.01  0.01 -0.07 -0.   -0.01
 -0.04  0.03  0.02 -0.04  0.    0.02  0.03 -0.    0.02 -0.01 -0.01 -0.01
  0.01 -0.15  0.03  0.12 -0.18  0.01  0.17  0.1  -0.04 -0.03 -0.    0.
  0.   -0.    0.   -0.03  0.09 -0.03  0.08 -0.    0.   -0.07 -0.   -0.
 -0.16  0.   -0.    0.07  0.07  0.08 -0.15  0.08  0.3   0.05 -0.33 -0.3
 -0.04  0.22 -0.05  0.21 -0.32  0.04 -0.28  0.3   0.09  0.    0.    0.
  0.    0.    0.    0.    0.    0.    0.    0.    0.  ]
orbital number 59 energy 3.1156472599514338
[ 0.07 -0.08 -0.01 -0.07 -0.21  0.15  0.08 -0.23  0.02  0.09  0.15  0.19
 -0.08 -0.12  0.18 -0.12 -0.08  0.01 -0.01 -0.01  0.01 -0.12 -0.   -0.01
 -0.08  0.06  0.03 -0.08  0.    0.03  0.06  0.1  -0.02 -0.09  0.09 -0.09
 -0.02 -0.22  0.09  0.14 -0.25  0.05  0.21  0.08 -0.08 -0.01 -0.    0.
  0.   -0.    0.   -0.06  0.16 -0.06  0.15 -0.    0.   -0.12 -0.   -0.
  0.1   0.   -0.   -0.04 -0.05 -0.05  0.09 -0.05 -0.15 -0.17  0.28  0.29
 -0.12 -0.05  0.19 -0.15 -0.01  0.15  0.01 -0.19 -0.06  0.    0.    0.
  0.    0.    0.    0.    0.    0.    0.    0.    0.  ]
orbital number 60 energy 3.252940865990076
[-0.22  0.17  0.07  0.17 -0.04 -0.01  0.05 -0.03 -0.1   0.04 -0.    0.28
 -0.09 -0.19  0.25 -0.19 -0.09 -0.11  0.08  0.04 -0.11 -0.19  0.05  0.07
  0.12 -0.08 -0.05  0.12 -0.   -0.05 -0.08 -0.01 -0.03  0.03 -0.    0.03
 -0.02  0.07  0.2  -0.23  0.14  0.11 -0.22 -0.24  0.09  0.07  0.   -0.
 -0.    0.   -0.   -0.11  0.28 -0.11  0.27  0.   -0.   -0.19  0.    0.
 -0.   -0.    0.    0.    0.    0.   -0.    0.    0.    0.09 -0.08 -0.09
  0.08 -0.03 -0.09  0.02  0.08 -0.09  0.08  0.    0.    0.    0.    0.
  0.    0.    0.    0.    0.    0.    0.    0.    0.  ]
orbital number 61 energy 3.396332723095159
[ 0.19 -0.12 -0.08 -0.13  0.23 -0.17 -0.08  0.25 -0.12 -0.07 -0.18  0.13
 -0.02 -0.11  0.12 -0.11 -0.02 -0.2   0.13  0.09 -0.2  -0.11  0.09  0.13
 -0.1   0.06  0.05 -0.1   0.    0.04  0.06 -0.02  0.03 -0.   -0.02 -0.
  0.02  0.23 -0.4   0.13  0.17 -0.26  0.05  0.2  -0.05 -0.07 -0.    0.
  0.   -0.    0.   -0.07  0.17 -0.07  0.17  0.   -0.   -0.11  0.    0.
 -0.   -0.    0.    0.    0.    0.   -0.    0.   -0.   -0.05  0.04  0.05
 -0.05  0.01  0.04 -0.01 -0.04  0.04 -0.05  0.02  0.    0.    0.    0.
  0.    0.    0.    0.    0.    0.    0.    0.    0.  ]
orbital number 62 energy 3.6962723374971844
[ 0.    0.   -0.   -0.01  0.   -0.   -0.    0.   -0.   -0.   -0.    0.
  0.   -0.    0.   -0.   -0.   -0.    0.    0.   -0.   -0.    0.    0.
  0.34 -0.17 -0.16  0.33 -0.01 -0.16 -0.16 -0.32  0.17  0.13 -0.31  0.14
  0.16  0.   -0.01  0.01 -0.   -0.01  0.01  0.   -0.01  0.01  0.01 -0.01
 -0.01  0.01 -0.01 -0.    0.   -0.    0.    0.   -0.   -0.    0.    0.
 -0.03 -0.    0.    0.02  0.02  0.01 -0.04  0.01 -0.04 -0.21  0.24  0.23
 -0.23 -0.03  0.11  0.02 -0.09  0.06 -0.29  0.23  0.07  0.    0.    0.
  0.    0.    0.    0.    0.    0.    0.    0.    0.  ]
orbital number 63 energy 3.7996599743668247
[ 0.   -0.    0.   -0.    0.    0.   -0.    0.    0.    0.   -0.   -0.
 -0.    0.   -0.    0.   -0.   -0.    0.    0.   -0.    0.    0.    0.
 -0.    0.    0.   -0.   -0.25  0.    0.    0.01 -0.   -0.    0.01 -0.01
 -0.   -0.   -0.    0.   -0.   -0.    0.   -0.   -0.    0.    0.58 -0.33
 -0.24  0.57 -0.32  0.   -0.    0.   -0.    0.   -0.    0.    0.    0.
  0.   -0.    0.   -0.   -0.   -0.    0.   -0.    0.    0.01 -0.01 -0.01
  0.01  0.   -0.   -0.    0.    0.    0.01 -0.01 -0.    0.    0.    0.
  0.    0.    0.    0.    0.    0.    0.    0.    0.  ]
orbital number 64 energy 3.8281247560586236
[ 0.    0.   -0.    0.   -0.   -0.    0.   -0.   -0.   -0.    0.   -0.
  0.   -0.   -0.   -0.    0.    0.   -0.   -0.    0.   -0.   -0.   -0.
  0.   -0.    0.    0.    0.52  0.   -0.   -0.    0.    0.   -0.    0.
  0.    0.    0.   -0.    0.    0.   -0.    0.    0.   -0.   -0.04 -0.47
  0.52 -0.05 -0.48 -0.    0.   -0.    0.   -0.    0.   -0.   -0.   -0.
 -0.    0.   -0.    0.    0.    0.   -0.    0.   -0.   -0.    0.    0.
 -0.   -0.    0.    0.   -0.   -0.   -0.    0.    0.    0.    0.    0.
  0.    0.    0.    0.    0.    0.    0.    0.    0.  ]
orbital number 65 energy 3.849413598114176
[ 0.    0.   -0.   -0.   -0.   -0.    0.01 -0.   -0.01  0.01 -0.   -0.
  0.   -0.   -0.   -0.    0.01  0.03 -0.01 -0.02  0.03 -0.01 -0.02 -0.01
 -0.    0.    0.   -0.   -0.    0.    0.   -0.    0.   -0.   -0.    0.
 -0.    0.01 -0.01 -0.    0.01 -0.01  0.    0.    0.    0.    0.   -0.
 -0.    0.   -0.   -0.01  0.01 -0.01  0.01 -0.31  0.57 -0.01 -0.25 -0.33
 -0.    0.58 -0.26  0.    0.    0.   -0.    0.   -0.   -0.    0.    0.
 -0.   -0.    0.    0.   -0.   -0.   -0.    0.    0.    0.    0.    0.
  0.    0.    0.    0.    0.    0.    0.    0.    0.  ]
orbital number 66 energy 3.8509104656953763
[ 0.    0.   -0.    0.   -0.   -0.    0.    0.   -0.   -0.    0.   -0.
 -0.    0.   -0.   -0.    0.    0.   -0.   -0.    0.   -0.   -0.   -0.
 -0.01  0.    0.   -0.01 -0.    0.    0.   -0.    0.5  -0.5   0.    0.5
 -0.5   0.    0.01 -0.01 -0.    0.01 -0.01  0.    0.   -0.    0.   -0.
 -0.    0.   -0.   -0.    0.   -0.    0.    0.   -0.   -0.    0.    0.
  0.   -0.    0.   -0.   -0.   -0.    0.   -0.   -0.01  0.    0.    0.
  0.   -0.01 -0.    0.    0.   -0.    0.   -0.   -0.    0.    0.    0.
  0.    0.    0.    0.    0.    0.    0.    0.    0.  ]
orbital number 67 energy 3.871226175101123
[ 0.  -0.   0.   0.   0.  -0.   0.   0.   0.  -0.   0.   0.  -0.   0.
  0.   0.  -0.  -0.   0.   0.  -0.   0.   0.   0.  -0.  -0.5  0.5 -0.
 -0.  -0.5  0.5  0.  -0.  -0.   0.  -0.  -0.  -0.   0.  -0.  -0.   0.
 -0.   0.   0.  -0.   0.  -0.  -0.   0.  -0.   0.  -0.   0.  -0.  -0.
  0.   0.  -0.  -0.   0.   0.  -0.  -0.  -0.  -0.   0.  -0.   0.   0.
 -0.  -0.   0.   0.  -0.  -0.   0.   0.   0.  -0.  -0.   0.   0.   0.
  0.   0.   0.   0.   0.   0.   0.   0.   0. ]
orbital number 68 energy 3.878411669291001
[ 0.   -0.    0.    0.    0.    0.   -0.    0.    0.   -0.    0.    0.
 -0.    0.    0.    0.   -0.   -0.    0.    0.   -0.    0.    0.    0.
 -0.    0.    0.   -0.   -0.    0.    0.   -0.    0.    0.   -0.    0.
  0.   -0.    0.   -0.   -0.    0.   -0.    0.    0.   -0.    0.   -0.
 -0.    0.   -0.    0.   -0.    0.   -0.   -0.48 -0.04  0.    0.52 -0.48
 -0.   -0.04  0.52  0.    0.    0.   -0.    0.   -0.   -0.    0.    0.
 -0.   -0.    0.    0.   -0.   -0.   -0.    0.    0.    0.    0.    0.
  0.    0.    0.    0.    0.    0.    0.    0.    0.  ]
orbital number 69 energy 3.8840179430312585
[ 0.   -0.    0.    0.    0.   -0.   -0.    0.    0.   -0.    0.    0.
  0.08 -0.08  0.    0.08 -0.09 -0.    0.    0.   -0.   -0.49  0.    0.
 -0.    0.    0.   -0.   -0.    0.    0.   -0.    0.    0.   -0.    0.
  0.   -0.    0.   -0.   -0.    0.   -0.    0.    0.   -0.    0.   -0.
 -0.    0.   -0.    0.49 -0.   -0.49 -0.   -0.    0.    0.49 -0.   -0.
 -0.    0.   -0.    0.    0.    0.   -0.    0.   -0.   -0.    0.    0.
 -0.   -0.    0.    0.   -0.   -0.   -0.    0.    0.    0.    0.    0.
  0.    0.    0.    0.    0.    0.    0.    0.    0.  ]
orbital number 70 energy 3.8881734110214783
[ 0.01 -0.5   0.49  0.5   0.01 -0.   -0.01  0.01  0.01 -0.01 -0.    0.
 -0.    0.    0.    0.   -0.   -0.03  0.01  0.01 -0.02  0.01  0.01  0.01
 -0.01  0.    0.   -0.01 -0.    0.01  0.   -0.01  0.    0.01 -0.01  0.
  0.01 -0.01  0.01 -0.01 -0.01  0.02 -0.01  0.01  0.   -0.5   0.   -0.
 -0.    0.   -0.   -0.   -0.01  0.01 -0.01 -0.    0.01 -0.   -0.   -0.
 -0.    0.01 -0.    0.    0.    0.   -0.    0.   -0.   -0.    0.01  0.01
 -0.01 -0.    0.    0.   -0.   -0.   -0.01  0.01  0.    0.    0.    0.
  0.    0.    0.    0.    0.    0.    0.    0.    0.  ]
orbital number 71 energy 3.925994984761253
[ 0.01  0.   -0.01 -0.01  0.01 -0.5   0.5   0.01 -0.   -0.5   0.5  -0.
  0.   -0.   -0.    0.   -0.   -0.   -0.01  0.01 -0.   -0.   -0.01  0.01
 -0.02  0.01  0.01 -0.02 -0.    0.01  0.01 -0.01  0.    0.01 -0.01  0.01
  0.   -0.    0.01 -0.01 -0.01  0.02 -0.02  0.01  0.01 -0.01  0.   -0.
 -0.    0.   -0.   -0.    0.   -0.    0.   -0.    0.   -0.   -0.   -0.
 -0.    0.   -0.    0.    0.    0.   -0.    0.   -0.   -0.    0.01  0.01
 -0.01 -0.    0.    0.   -0.   -0.   -0.01  0.01  0.    0.    0.    0.
  0.    0.    0.    0.    0.    0.    0.    0.    0.  ]
orbital number 72 energy 3.9276083332527376
[ 0.    0.   -0.   -0.    0.    0.01 -0.01  0.    0.    0.01 -0.01  0.
  0.   -0.   -0.   -0.    0.   -0.   -0.5   0.5  -0.   -0.   -0.5   0.5
 -0.    0.    0.   -0.   -0.    0.    0.   -0.    0.    0.   -0.    0.
  0.   -0.    0.   -0.   -0.    0.   -0.    0.    0.    0.    0.   -0.
 -0.    0.   -0.   -0.    0.   -0.    0.   -0.    0.   -0.   -0.   -0.
 -0.    0.   -0.    0.    0.    0.   -0.    0.   -0.   -0.    0.    0.
 -0.   -0.    0.    0.   -0.   -0.   -0.    0.    0.    0.    0.    0.
  0.    0.    0.    0.    0.    0.    0.    0.    0.  ]
orbital number 73 energy 3.9374252572750645
[ 0.    0.   -0.01 -0.    0.01  0.01 -0.01  0.01  0.02 -0.01  0.    0.
  0.48 -0.49  0.    0.49 -0.5  -0.04  0.02  0.02 -0.04  0.09  0.02  0.02
 -0.    0.    0.   -0.   -0.    0.    0.   -0.    0.    0.   -0.    0.
  0.   -0.02  0.02 -0.   -0.02  0.03 -0.    0.    0.    0.    0.   -0.
 -0.    0.   -0.   -0.07 -0.02  0.09 -0.02 -0.    0.   -0.08 -0.   -0.
 -0.    0.   -0.    0.    0.    0.   -0.    0.   -0.   -0.    0.    0.
 -0.   -0.    0.    0.   -0.   -0.   -0.    0.    0.    0.    0.    0.
  0.    0.    0.    0.    0.    0.    0.    0.    0.  ]
orbital number 74 energy 3.955667007752342
[ 0.04  0.03 -0.06 -0.03  0.07  0.04 -0.11  0.08  0.17 -0.08  0.01  0.05
 -0.13  0.09  0.04 -0.01 -0.03 -0.45  0.19  0.23 -0.44  0.08  0.23  0.19
 -0.07  0.03  0.04 -0.07 -0.    0.04  0.03 -0.03  0.01  0.03 -0.04  0.02
  0.01 -0.19  0.23 -0.05 -0.2   0.26 -0.07  0.04  0.03 -0.    0.   -0.
 -0.    0.   -0.    0.1  -0.18  0.09 -0.18 -0.02  0.04  0.09 -0.02 -0.02
 -0.    0.04 -0.02  0.    0.    0.   -0.    0.   -0.01 -0.01  0.03  0.03
 -0.02 -0.02  0.    0.01 -0.   -0.01 -0.03  0.04  0.01  0.    0.    0.
  0.    0.    0.    0.    0.    0.    0.    0.    0.  ]
orbital number 75 energy 4.009197226171637
[-0.11 -0.04  0.14 -0.01 -0.02  0.    0.01 -0.02  0.07 -0.04  0.06  0.03
 -0.04  0.02  0.03  0.01 -0.04 -0.15  0.06  0.08 -0.15  0.04  0.08  0.06
  0.35 -0.14 -0.18  0.34  0.   -0.19 -0.13  0.16 -0.02 -0.13  0.16 -0.11
 -0.04 -0.06 -0.18  0.26 -0.03 -0.22  0.26 -0.12 -0.2   0.12 -0.01  0.
  0.   -0.01  0.    0.04 -0.08  0.04 -0.08 -0.    0.01  0.04 -0.   -0.
  0.02  0.01 -0.   -0.02 -0.01 -0.    0.02 -0.    0.08  0.05 -0.13 -0.14
  0.09  0.09  0.01 -0.09  0.01  0.08  0.17 -0.21 -0.05  0.    0.    0.
  0.    0.    0.    0.    0.    0.    0.    0.    0.  ]
orbital number 76 energy 4.264368151802629
[ 0.16 -0.07 -0.07 -0.08  0.21 -0.07 -0.12  0.22 -0.06 -0.11 -0.08 -0.16
  0.12  0.02 -0.14  0.02  0.12  0.06 -0.02 -0.04  0.06 -0.07 -0.04 -0.02
  0.11 -0.03 -0.07  0.11  0.   -0.07 -0.03 -0.04  0.06 -0.04 -0.02 -0.03
  0.06 -0.15  0.18 -0.06 -0.22  0.31 -0.14  0.16 -0.11 -0.06 -0.    0.
  0.   -0.    0.   -0.11  0.2  -0.11  0.2   0.   -0.   -0.07  0.    0.
 -0.   -0.    0.    0.    0.   -0.   -0.    0.    0.24 -0.14 -0.06 -0.16
 -0.04  0.22  0.03 -0.22  0.07  0.13  0.16 -0.24  0.    0.    0.    0.
  0.    0.    0.    0.    0.    0.    0.    0.    0.  ]
orbital number 77 energy 4.347648433907351
[ 0.02  0.02 -0.05  0.03 -0.16  0.04  0.11 -0.18  0.    0.11  0.04  0.17
 -0.11 -0.03  0.15 -0.03 -0.11 -0.   -0.    0.   -0.    0.06  0.    0.
 -0.08  0.02  0.05 -0.08 -0.    0.05  0.02 -0.15  0.07  0.06 -0.15  0.06
  0.07  0.18 -0.05 -0.12  0.18 -0.1  -0.06  0.04  0.09 -0.05  0.   -0.
 -0.    0.   -0.    0.11 -0.18  0.11 -0.18 -0.    0.    0.06 -0.   -0.
 -0.02  0.   -0.    0.02  0.02 -0.   -0.03 -0.    0.37 -0.31  0.02 -0.17
 -0.15  0.28  0.   -0.3   0.16  0.09  0.16 -0.2   0.08  0.    0.    0.
  0.    0.    0.    0.    0.    0.    0.    0.    0.  ]
orbital number 78 energy 4.541864687893185
[-0.29  0.12  0.13  0.12  0.    0.05 -0.06  0.03  0.13 -0.06  0.05 -0.23
  0.11  0.08 -0.22  0.08  0.11 -0.09  0.02  0.06 -0.1  -0.04  0.06  0.02
 -0.14  0.02  0.1  -0.15 -0.    0.1   0.03 -0.05 -0.03  0.09 -0.09  0.09
 -0.04 -0.15 -0.05  0.22 -0.04 -0.17  0.25 -0.3   0.22  0.13  0.   -0.
 -0.    0.   -0.   -0.12  0.2  -0.12  0.18 -0.    0.   -0.04 -0.   -0.
 -0.02  0.   -0.    0.03  0.03 -0.01 -0.04 -0.01  0.17 -0.21  0.11 -0.02
 -0.14  0.07 -0.08 -0.08  0.13 -0.1   0.02  0.06  0.11  0.    0.    0.
  0.    0.    0.    0.    0.    0.    0.    0.    0.  ]
orbital number 79 energy 4.7645117244892115
[ 0.13 -0.02 -0.09 -0.02 -0.29  0.13  0.11 -0.29  0.3   0.11  0.13 -0.26
  0.08  0.13 -0.27  0.13  0.08 -0.15  0.02  0.13 -0.19 -0.02  0.13  0.02
  0.03 -0.   -0.02  0.03  0.   -0.02 -0.   -0.06  0.06 -0.02 -0.02 -0.02
  0.06  0.22 -0.01 -0.2   0.21 -0.09 -0.1   0.16 -0.05 -0.1  -0.    0.
  0.   -0.    0.   -0.13  0.2  -0.13  0.16 -0.    0.   -0.02 -0.   -0.
  0.01  0.   -0.   -0.03 -0.03  0.01  0.04  0.01 -0.07  0.12 -0.09 -0.01
  0.08  0.01  0.09 -0.01 -0.08  0.13 -0.01 -0.08 -0.08  0.    0.    0.
  0.    0.    0.    0.    0.    0.    0.    0.    0.  ]
orbital number 80 energy 4.939643168255626
[-0.15  0.08  0.03  0.08  0.07 -0.02 -0.04  0.08 -0.06 -0.04 -0.02  0.03
 -0.01 -0.02  0.04 -0.02 -0.01  0.02  0.   -0.02  0.03  0.   -0.02  0.
 -0.08 -0.    0.08 -0.12  0.    0.08 -0.   -0.3   0.16  0.06 -0.25  0.06
  0.16 -0.1   0.    0.1  -0.04 -0.04  0.09 -0.13  0.21  0.03  0.    0.
 -0.    0.   -0.    0.02 -0.03  0.02 -0.02  0.   -0.    0.    0.    0.
  0.   -0.    0.   -0.09 -0.09  0.04  0.11  0.04 -0.15  0.27 -0.23 -0.03
  0.19  0.07  0.28 -0.1  -0.2   0.39 -0.04 -0.22 -0.23  0.    0.    0.
  0.    0.    0.    0.    0.    0.    0.    0.    0.  ]
orbital number 81 energy 5.534680144560451
[ 0.01 -0.01  0.   -0.01 -0.   -0.    0.   -0.    0.    0.   -0.   -0.
 -0.    0.   -0.    0.   -0.   -0.   -0.    0.   -0.    0.    0.   -0.
  0.    0.   -0.01  0.01 -0.   -0.01  0.    0.06 -0.04  0.02  0.02  0.02
 -0.04  0.01 -0.   -0.   -0.    0.01 -0.01  0.   -0.02  0.   -0.   -0.
  0.   -0.    0.   -0.    0.   -0.    0.   -0.    0.    0.   -0.    0.
 -0.34  0.    0.   -0.42 -0.42  0.38  0.44  0.38  0.08 -0.09  0.07 -0.05
  0.02 -0.03  0.01 -0.03  0.07 -0.09 -0.05  0.08  0.03  0.    0.    0.
  0.    0.    0.    0.    0.    0.    0.    0.    0.  ]
orbital number 82 energy 6.073214048332958
[-0.12  0.19 -0.23  0.19 -0.1   0.17 -0.22  0.25 -0.05 -0.22  0.18 -0.07
  0.08 -0.08  0.08 -0.08  0.08 -0.02  0.04 -0.04  0.05 -0.06 -0.04  0.03
 -0.03  0.05 -0.06  0.06 -0.   -0.06  0.05 -0.04  0.06 -0.07  0.07 -0.07
  0.06 -0.23  0.23 -0.22  0.27 -0.29  0.27  0.26 -0.06 -0.23  0.   -0.
  0.   -0.    0.    0.07 -0.08  0.07  0.03  0.   -0.   -0.06  0.   -0.
 -0.01  0.   -0.   -0.01 -0.01  0.01  0.01  0.01  0.01 -0.02  0.03 -0.
 -0.   -0.03 -0.05  0.05 -0.02 -0.01  0.03 -0.01  0.02  0.    0.    0.
  0.    0.    0.    0.    0.    0.    0.    0.    0.  ]
orbital number 83 energy 6.217246144883318
[ 0.06 -0.07  0.07 -0.07 -0.04  0.01  0.01 -0.04  0.08  0.01  0.01 -0.31
  0.29 -0.24  0.18 -0.24  0.29  0.08 -0.11  0.12 -0.13 -0.25  0.13 -0.11
  0.01 -0.01  0.01 -0.01  0.    0.01 -0.01  0.04 -0.05  0.05 -0.05  0.05
 -0.05  0.07 -0.05  0.03 -0.04  0.05 -0.06 -0.07  0.01  0.07 -0.    0.
 -0.    0.   -0.    0.29 -0.31  0.3   0.19 -0.    0.   -0.25 -0.    0.
  0.01 -0.    0.    0.    0.   -0.   -0.   -0.   -0.01  0.02 -0.03  0.01
 -0.    0.03  0.04 -0.04  0.02 -0.   -0.03  0.02 -0.02  0.    0.    0.
  0.    0.    0.    0.    0.    0.    0.    0.    0.  ]
orbital number 84 energy 6.262686908727523
[ 0.02 -0.   -0.01 -0.   -0.03  0.03 -0.04  0.04 -0.02 -0.04  0.03  0.03
 -0.03  0.02 -0.01  0.02 -0.03 -0.02  0.03 -0.03  0.03  0.03 -0.03  0.03
 -0.15  0.17 -0.18  0.19 -0.   -0.18  0.17  0.29 -0.28  0.27 -0.25  0.27
 -0.28 -0.02  0.03 -0.04  0.04 -0.04  0.03  0.03 -0.05 -0.01  0.   -0.
  0.   -0.    0.   -0.03  0.03 -0.03 -0.02  0.   -0.    0.03  0.   -0.
  0.04  0.   -0.    0.02  0.02 -0.03 -0.02 -0.03 -0.08  0.13 -0.16  0.05
 -0.02  0.2   0.26 -0.28  0.16 -0.05 -0.17  0.11 -0.11  0.    0.    0.
  0.    0.    0.    0.    0.    0.    0.    0.    0.  ]
orbital number 85 energy 6.358931552075915
[ 0.   -0.    0.   -0.   -0.    0.   -0.    0.   -0.   -0.    0.    0.
 -0.    0.   -0.    0.   -0.   -0.    0.   -0.    0.    0.   -0.    0.
  0.01 -0.01  0.01 -0.01  0.41  0.01 -0.01  0.01 -0.    0.   -0.    0.
 -0.   -0.    0.   -0.    0.   -0.    0.   -0.   -0.    0.   -0.4   0.4
 -0.41  0.41 -0.41 -0.    0.   -0.   -0.    0.   -0.    0.    0.   -0.
  0.    0.   -0.    0.    0.   -0.   -0.   -0.   -0.    0.   -0.    0.
 -0.    0.    0.01 -0.01  0.   -0.   -0.    0.   -0.    0.    0.    0.
  0.    0.    0.    0.    0.    0.    0.    0.    0.  ]
orbital number 86 energy 6.400096763762643
[-0.18  0.15 -0.12  0.15  0.17 -0.16  0.15 -0.14 -0.01  0.15 -0.16  0.01
 -0.01  0.    0.    0.   -0.01  0.17 -0.17  0.18 -0.18  0.01  0.18 -0.17
 -0.28  0.27 -0.27  0.26  0.01 -0.26  0.27 -0.08  0.06 -0.05  0.03 -0.05
  0.06 -0.04 -0.04  0.11 -0.07  0.04  0.    0.09  0.08 -0.12 -0.01  0.01
 -0.01  0.01 -0.01 -0.01  0.01 -0.01 -0.01 -0.08  0.08  0.01 -0.08  0.07
 -0.01 -0.07  0.07 -0.   -0.    0.    0.    0.    0.03 -0.05  0.06 -0.03
  0.03 -0.08 -0.07  0.09 -0.06  0.04  0.05 -0.05  0.02  0.    0.    0.
  0.    0.    0.    0.    0.    0.    0.    0.    0.  ]
orbital number 87 energy 6.409408450693152
[-0.03  0.03 -0.02  0.03  0.03 -0.03  0.03 -0.03  0.    0.03 -0.03 -0.
  0.   -0.   -0.   -0.    0.    0.02 -0.02  0.02 -0.02 -0.    0.02 -0.02
 -0.06  0.06 -0.06  0.05  0.   -0.06  0.06 -0.02  0.01 -0.01  0.01 -0.01
  0.01 -0.   -0.01  0.02 -0.02  0.01 -0.    0.01  0.02 -0.02 -0.    0.
 -0.    0.   -0.    0.   -0.    0.    0.    0.4  -0.41 -0.    0.4  -0.4
 -0.    0.39 -0.4  -0.   -0.    0.    0.    0.    0.01 -0.01  0.01 -0.01
  0.01 -0.02 -0.02  0.02 -0.02  0.01  0.01 -0.01  0.    0.    0.    0.
  0.    0.    0.    0.    0.    0.    0.    0.    0.  ]
orbital number 88 energy 6.476310776314892
[ 0.05 -0.07  0.09 -0.07 -0.1   0.06 -0.03 -0.01  0.11 -0.03  0.06 -0.06
  0.03 -0.01 -0.02 -0.01  0.03 -0.31  0.29 -0.28  0.28 -0.08 -0.28  0.29
 -0.22  0.2  -0.19  0.18  0.   -0.19  0.2  -0.08  0.05 -0.02 -0.01 -0.02
  0.05  0.12 -0.08  0.05 -0.06  0.08 -0.09 -0.12  0.12  0.09 -0.    0.
 -0.    0.   -0.    0.08 -0.08  0.08  0.09 -0.02  0.02 -0.08 -0.02  0.02
 -0.   -0.02  0.02 -0.   -0.    0.    0.    0.    0.06 -0.08  0.1  -0.06
  0.07 -0.13 -0.08  0.13 -0.1   0.08  0.06 -0.07  0.    0.    0.    0.
  0.    0.    0.    0.    0.    0.    0.    0.    0.  ]
orbital number 89 energy 6.563463979455681
[ 0.17 -0.15  0.13 -0.15 -0.14  0.14 -0.14  0.16 -0.1  -0.14  0.14  0.04
 -0.01 -0.02  0.05 -0.02 -0.01  0.16 -0.14  0.13 -0.12  0.08  0.13 -0.14
 -0.04  0.04 -0.03  0.03  0.   -0.03  0.04  0.05 -0.07  0.09 -0.12  0.09
 -0.07  0.02  0.04 -0.1   0.07 -0.03  0.   -0.13  0.04  0.13 -0.    0.
 -0.    0.   -0.   -0.08  0.07 -0.08 -0.09  0.   -0.    0.08  0.   -0.
  0.05  0.   -0.    0.02  0.02 -0.03 -0.02 -0.03  0.21 -0.22  0.25 -0.24
  0.33 -0.31  0.07  0.15 -0.12  0.12 -0.01 -0.05 -0.17  0.    0.    0.
  0.    0.    0.    0.    0.    0.    0.    0.    0.  ]
orbital number 90 energy 6.599454744845267
[-0.17  0.16 -0.16  0.16  0.17 -0.16  0.16 -0.17  0.09  0.16 -0.16 -0.02
 -0.    0.03 -0.06  0.03 -0.   -0.12  0.1  -0.09  0.09 -0.08 -0.09  0.1
  0.14 -0.11  0.1  -0.09 -0.    0.1  -0.11  0.12 -0.1   0.08 -0.08  0.08
 -0.1  -0.07  0.    0.07 -0.03 -0.    0.04  0.18 -0.13 -0.16  0.   -0.
  0.   -0.    0.    0.07 -0.07  0.07  0.09 -0.    0.   -0.08 -0.    0.
  0.07 -0.    0.    0.03  0.03 -0.04 -0.02 -0.04  0.18 -0.17  0.18 -0.23
  0.32 -0.22  0.2  -0.    0.    0.   -0.12  0.06 -0.23  0.    0.    0.
  0.    0.    0.    0.    0.    0.    0.    0.    0.  ]
orbital number 91 energy 6.755628512007472
[ 0.02 -0.   -0.01 -0.    0.08 -0.06  0.05 -0.04  0.    0.05 -0.06  0.04
 -0.04  0.05 -0.07  0.05 -0.04 -0.    0.   -0.    0.   -0.06 -0.    0.
  0.06 -0.04  0.04 -0.03 -0.    0.04 -0.04  0.19 -0.19  0.23 -0.3   0.23
 -0.19 -0.08  0.06 -0.06  0.05 -0.05  0.06  0.03 -0.08 -0.01  0.   -0.
  0.   -0.    0.    0.05 -0.04  0.05  0.07 -0.    0.   -0.06 -0.    0.
 -0.06 -0.    0.   -0.02 -0.02  0.03  0.02  0.03 -0.06  0.02  0.01  0.1
 -0.17 -0.03 -0.34  0.27 -0.27  0.32  0.26 -0.26  0.22  0.    0.    0.
  0.    0.    0.    0.    0.    0.    0.    0.    0.  ]
orbital number 92 energy 6.792260259306912
[-0.12  0.09 -0.08  0.09 -0.04  0.01  0.01 -0.04  0.1   0.01  0.01 -0.24
  0.24 -0.27  0.35 -0.27  0.24 -0.08  0.06 -0.05  0.04  0.25 -0.05  0.06
  0.04 -0.03  0.02 -0.02 -0.    0.02 -0.03  0.06 -0.05  0.06 -0.07  0.06
 -0.05  0.09 -0.09  0.12 -0.09  0.08 -0.07  0.09 -0.05 -0.08  0.   -0.
  0.   -0.    0.   -0.21  0.2  -0.21 -0.34 -0.    0.    0.25 -0.    0.
 -0.01 -0.    0.   -0.   -0.    0.01  0.    0.01 -0.01  0.    0.    0.02
 -0.03 -0.01 -0.06  0.05 -0.05  0.07  0.05 -0.05  0.04  0.    0.    0.
  0.    0.    0.    0.    0.    0.    0.    0.    0.  ]
orbital number 93 energy 6.869033906020248
[ 0.25 -0.18  0.15 -0.18  0.28 -0.21  0.18 -0.18  0.1   0.18 -0.21 -0.11
  0.09 -0.09  0.11 -0.09  0.09 -0.07  0.05 -0.04  0.04  0.07 -0.04  0.05
 -0.04  0.03 -0.02  0.02  0.   -0.02  0.03 -0.05  0.04 -0.04  0.04 -0.04
  0.04 -0.31  0.27 -0.3   0.23 -0.21  0.23 -0.14  0.06  0.15 -0.    0.
 -0.    0.   -0.   -0.05  0.05 -0.05 -0.09 -0.    0.    0.07 -0.    0.
  0.   -0.    0.    0.    0.   -0.   -0.   -0.    0.    0.   -0.   -0.01
  0.01  0.01  0.03 -0.02  0.03 -0.03 -0.02  0.02 -0.01  0.    0.    0.
  0.    0.    0.    0.    0.    0.    0.    0.    0.  ]
ENERGY0: -292.6653072932984

Orbital occupation numbers:
1: 2.000000
2: 2.000000
3: 2.000000
4: 2.000000
5: 2.000000
6: 2.000000
7: 2.000000
8: 2.000000
9: 2.000000
10: 2.000000
11: 2.000000
12: 2.000000
13: 2.000000
14: 2.000000
15: 2.000000
16: 2.000000
17: 2.000000
18: 2.000000
19: 2.000000
20: 2.000000
21: 2.000000
22: 2.000000
23: 2.000000
24: 2.000000
25: 2.000000
26: 2.000000
