                    ---------------------------------
                    | Radical ExROPPP Calculation |
                    ---------------------------------

Molecule: D-A_prune.xyz radical

--------------------------------
Cartesian Coordinates / Angstrom
--------------------------------

C      0.171200    3.496800    2.199455
C     -0.504855    3.297018    0.982593
H     -0.991248    2.368074    0.776369
C     -0.568916    4.304747    0.039765
Cl    -1.411578    3.871324   -1.508344
Cl     1.452287    7.325251    1.888960
C      0.771042    4.751648    2.407991
H      1.307251    4.954249    3.309782
C      0.482270   -1.350199    3.381559
C      1.177515   -1.728780    2.219042
H      1.668671   -0.995986    1.615899
C      1.254048   -3.056686    1.846330
Cl     2.122342   -3.381222    0.285799
C      0.656539   -4.107139    2.575064
C      0.743076   -5.510713    2.161338
C     -0.033145   -3.690410    3.733372
Cl    -0.802494   -4.899947    4.847245
C     -0.123667   -2.371956    4.134636
H     -0.673978   -2.139870    5.020662
C      2.033788   -6.081583    1.767812
C      2.203712   -6.863058    0.604813
Cl     0.830978   -7.121256   -0.553342
C      3.413923   -7.407647    0.221893
H      3.466843   -7.948508   -0.698229
C      4.568563   -7.202763    0.998167
H     10.454923   16.094646   -2.259032
C      4.436847   -6.429398    2.165397
H      5.271779   -6.280875    2.815645
C      3.212964   -5.897708    2.521568
Cl     3.176700   -5.016265    4.107154
C     -0.464533   -6.345491    2.141072
C     -1.672483   -5.922979    1.551000
Cl    -1.779799   -4.330677    0.685813
C     -2.818108   -6.697954    1.526256
H     -3.698804   -6.322869    1.049158
C     -2.819280   -7.971288    2.105185
C      7.065584   -7.092509    0.877571
C     -1.640137   -8.430213    2.701509
H     -1.611311   -9.393332    3.165743
C     -0.509356   -7.633469    2.711047
Cl     0.924354   -8.311496    3.595516
C     -1.339950    6.955580   -1.425594
C     -2.521477    7.152387   -0.683312
Cl    -2.500534    7.105200    1.131988
C     -3.741001    7.456988   -1.260866
H     -4.597134    7.608282   -0.637914
C     -3.849381    7.584682   -2.649528
C     -6.021777    6.875896   -3.682534
C     -2.700407    7.397030   -3.424786
H     -2.751769    7.473182   -4.490386
C     -1.494040    7.093306   -2.819588
Cl    -0.104007    6.785515   -3.945863
C      1.154870    7.369897   -1.182043
C      1.197190    8.776771   -1.279257
Cl    -0.250621    9.785151   -0.846868
C      2.326376    9.484100   -1.642602
H      2.270213   10.549345   -1.704193
C      3.525698    8.814869   -1.944541
N      8.215849   11.495710   -3.580164
C      3.520286    7.411308   -1.858139
H      4.407894    6.852549   -2.062639
C      2.375304    6.732505   -1.490210
Cl     2.504721    4.920732   -1.496926
C      0.391067    0.057714    3.797260
C      0.325876    1.085138    2.839394
H      0.334487    0.832225    1.798969
C      0.249535    2.437525    3.216927
C      0.241283    2.755305    4.590201
H      0.155195    3.776114    4.902738
C      0.303137    1.743761    5.546747
H      0.294446    1.997142    6.587994
C      0.376274    0.406082    5.163039
H      0.453728   -0.356566    5.911104
C      0.023103    5.573931    0.212988
C     -0.052547    6.633117   -0.797554
C      0.693030    5.737851    1.444174
H      4.362663   11.214690   -1.022647
C     -5.158207    7.912713   -3.287903
C     -5.518895    9.253817   -3.490430
H      6.361584   12.490314   -1.666032
C     -6.747162    9.541401   -4.089103
H     -7.024134   10.566420   -4.244682
C     -7.616545    8.529212   -4.487003
H      7.038784   -6.129850    1.345575
C     -7.239299    7.201360   -4.276761
H     -7.901289    6.412010   -4.579374
H      9.198156   -7.100633    0.693931
C      8.289786   -7.634346    0.505274
C      8.333542   -8.865912   -0.140586
H      7.206362  -10.499379   -0.929225
C      7.159740   -9.556352   -0.425144
H     10.533611   11.475274   -5.219259
C      5.864177   -7.775013    0.605269
H      5.419270    8.069829   -3.747072
H     -6.808298   -9.483238    3.926622
C     -6.105827   -9.540002    3.116592
C     -6.355589  -10.410812    2.054015
C      5.933627   -9.015839   -0.056895
C     -5.435345  -10.472698    1.010953
H     -5.614517  -11.137515    0.187882
C     -4.280618   -9.687631    1.010069
C      8.819372   12.733868   -3.224265
C     -4.047869   -8.818884    2.087427
H      8.453969   16.063188   -3.703159
C     -4.964621   -8.741373    3.150456
H     11.408354   13.973422   -1.433345
C     10.540307   13.963782   -2.061741
C      8.869911   15.144270   -3.341122
H      7.421922   13.904442   -4.332275
H      5.037108   -9.566202   -0.256333
C      9.947546   12.750900   -2.403623
C     10.000764   15.161618   -2.526937
H     10.345050   11.824385   -2.042304
C      8.282652   13.932184   -3.695564
C     10.151515    9.553468   -6.114634
C      9.293303    8.447803   -6.184399
C      8.138303    8.394236   -5.408407
C      9.878368   10.630335   -5.268310
C      8.728545   10.571443   -4.493933
C      7.851541    9.464278   -4.555734
C      7.023748   10.995232   -3.055824
C      6.768966    9.732211   -3.638516
C      5.628127    9.012441   -3.282305
C      4.736847    9.552530   -2.337524
C      6.158397   11.541668   -2.118050
C      5.020664   10.815552   -1.767952
H     11.033800    9.575844   -6.722921
H      9.529469    7.636889   -6.844021
H      7.480933    7.549339   -5.465560

There are 93 heavy atoms.
There are 106 electrons in 93 orbitals.


Carbon 1e params: A = -22.717075 b = 1.705616

Nitrogen 1e params: alphan2 = -17.681338 Acn2 = -24.737202 bcn2 = 1.433639

Chlorine 1e params: alphacl = -10.335674 Accl = -26.021937 bccl=1.451861
C-N2 bond
C-N2 bond
C-N2 bond
N2 atom 81
Cl atom 82
Cl atom 83
Cl atom 84
Cl atom 85
Cl atom 86
Cl atom 87
Cl atom 88
Cl atom 89
Cl atom 90
Cl atom 91
Cl atom 92
Cl atom 93

Carbon 2e params: U = 8.420838 r0 = 1.173157

Nitrogen 2e params: Un2n2 = 17.979843 r0n2n2 = 1.111791

Chlorine 2e params: Uclcl= 9.642991 r0clcl = 2.253316

Mixed 2e params: Ucn2 = 13.200341 Uccl = 9.031915 Un2cl = 13.811417 r0cn2 =1.142474 r0ccl = 1.713237 r0n2cl = 1.682554
[8.42083845 3.82984297 2.74805449 3.82972428 1.60063329 1.52106078
 1.26250669 1.12237731 0.96863175 1.15881315 1.34229279 0.90297205
 0.83364925 0.77663923 0.77159438 0.82481752 0.8937749  0.89514748
 0.91526587 0.83589376 0.75845512 0.71184288 0.74573023 0.80082776
 1.54202596 1.50794501 1.27838116 1.13781712 0.95371353 1.14932876
 1.30529728 1.54167419 1.3035009  1.14785504 1.1350466  1.27785664
 1.50757456 1.98705512 2.68956694 3.73633744 2.68652192 1.99413146
 1.80931877 2.43859863 1.79065427 2.74801431 0.98733288 0.89262177
 0.80275664 0.78374517 0.84515854 0.65622532 0.61090502 0.60942852
 0.71065132 0.63037988 0.59739246 0.65283167 0.60709249 0.65252326
 0.66123447 0.696096   0.68228106 0.59834462 0.59047841 0.64149039
 0.57627741 0.63143169 0.63712946 0.68058728 0.74677559 0.64372712
 0.69876596 0.75904021 0.78342177 0.82556287 0.92558958 0.98684609
 0.8170264  0.91407899 1.08696614 2.68544954 2.68536895 1.69774434
 1.4637645  1.21820332 1.41434445 1.55970684 1.13547545 2.44520148
 1.78092292 1.7758765  2.45201786]
FCIDUMP file in AO basis written to FCIDUMP/FCIDUMP_AO_D-A_prune


-------------------------------------
Using converged orbitals from CSF-ROHF calculation
-------------------------------------

orbital number 1
[ 0.    0.   -0.    0.    0.   -0.   -0.    0.    0.   -0.   -0.   -0.
 -0.    0.    0.    0.   -0.   -0.   -0.    0.    0.   -0.    0.   -0.
  0.   -0.    0.    0.   -0.    0.   -0.    0.    0.    0.    0.    0.
  0.    0.   -0.   -0.   -0.    0.    0.    0.    0.   -0.   -0.   -0.
  0.    0.    0.    0.    0.    0.   -0.    0.   -0.   -0.    0.    0.
  0.11 -0.   -0.    0.01  0.01  0.03  0.01  0.03  0.03  0.02  0.04  0.11
  0.42  0.13  0.42  0.13  0.04  0.02  0.11  0.03  0.75 -0.    0.   -0.
 -0.    0.   -0.   -0.    0.    0.    0.   -0.   -0.  ]
orbital number 2
[-0.   -0.   -0.   -0.   -0.   -0.   -0.   -0.   -0.   -0.   -0.   -0.
 -0.   -0.   -0.   -0.   -0.   -0.   -0.   -0.   -0.   -0.   -0.   -0.
 -0.   -0.   -0.   -0.   -0.   -0.   -0.   -0.01 -0.01 -0.02 -0.03 -0.02
 -0.01 -0.   -0.   -0.   -0.   -0.   -0.   -0.   -0.   -0.   -0.   -0.
 -0.   -0.   -0.   -0.   -0.   -0.   -0.   -0.   -0.   -0.   -0.   -0.
  0.46 -0.   -0.    0.37  0.37  0.42  0.36  0.42 -0.03 -0.03 -0.05 -0.04
 -0.06 -0.08 -0.06 -0.08 -0.05 -0.05 -0.05 -0.04 -0.   -0.   -0.    0.
  0.    0.    0.    0.    0.   -0.   -0.   -0.    0.  ]
orbital number 3
[-0.28 -0.21 -0.18 -0.21 -0.26 -0.18 -0.15 -0.14 -0.04 -0.15 -0.18 -0.04
 -0.04 -0.04 -0.04 -0.04 -0.04 -0.03 -0.03 -0.02 -0.01 -0.02 -0.02 -0.03
 -0.05 -0.04 -0.03 -0.03 -0.   -0.03 -0.04 -0.09 -0.08 -0.08 -0.1  -0.08
 -0.08 -0.31 -0.28 -0.32 -0.24 -0.22 -0.24 -0.18 -0.06 -0.18 -0.   -0.
 -0.   -0.   -0.   -0.02 -0.02 -0.02 -0.03 -0.   -0.   -0.02 -0.   -0.
 -0.01 -0.   -0.   -0.01 -0.01 -0.01 -0.01 -0.01  0.01  0.   -0.    0.02
  0.03 -0.01 -0.03 -0.04 -0.06 -0.08 -0.04 -0.06  0.02  0.   -0.    0.
  0.    0.    0.    0.    0.   -0.   -0.   -0.   -0.  ]
orbital number 4
[-0.05 -0.02  0.   -0.02 -0.1  -0.08 -0.07 -0.07 -0.02 -0.07 -0.08 -0.03
 -0.03 -0.03 -0.04 -0.03 -0.03 -0.02 -0.02 -0.01 -0.01 -0.02 -0.01 -0.02
  0.06  0.05  0.04  0.03  0.    0.04  0.05  0.25  0.26  0.29  0.37  0.29
  0.26 -0.11 -0.09 -0.09 -0.07 -0.07 -0.08  0.02  0.06  0.    0.    0.
  0.    0.    0.   -0.02 -0.02 -0.02 -0.03 -0.   -0.   -0.02 -0.   -0.
  0.02 -0.   -0.    0.04  0.04  0.04  0.05  0.04 -0.05 -0.02  0.   -0.09
 -0.13  0.03  0.12  0.2   0.26  0.35  0.19  0.25 -0.09  0.    0.   -0.
 -0.   -0.    0.   -0.   -0.    0.   -0.   -0.   -0.  ]
orbital number 5
[-0.08 -0.06 -0.05 -0.06 -0.    0.02  0.03  0.05  0.07  0.03  0.02  0.25
  0.26  0.29  0.38  0.29  0.26  0.07  0.06  0.04  0.04  0.27  0.04  0.06
 -0.01 -0.01 -0.01 -0.01 -0.   -0.01 -0.01  0.02  0.02  0.03  0.04  0.03
  0.02 -0.04 -0.05 -0.07 -0.05 -0.04 -0.04 -0.05 -0.01 -0.05 -0.   -0.
 -0.   -0.   -0.    0.22  0.21  0.22  0.36  0.    0.    0.27  0.    0.
  0.    0.    0.    0.    0.    0.    0.    0.   -0.01 -0.   -0.   -0.01
 -0.02  0.    0.02  0.02  0.03  0.04  0.02  0.03 -0.01 -0.   -0.   -0.
  0.   -0.   -0.    0.   -0.   -0.   -0.   -0.   -0.  ]
orbital number 6
[ 0.24  0.23  0.23  0.23 -0.26 -0.24 -0.23 -0.23 -0.07 -0.23 -0.24 -0.01
  0.01  0.03  0.07  0.03  0.01 -0.1  -0.09 -0.08 -0.07  0.08 -0.08 -0.09
  0.17  0.15  0.14  0.13  0.    0.14  0.15  0.04  0.01 -0.02 -0.05 -0.02
  0.01 -0.13 -0.03  0.08  0.03 -0.02 -0.08  0.25  0.09  0.24  0.    0.
  0.    0.    0.    0.07  0.07  0.07  0.09 -0.   -0.    0.08 -0.   -0.
 -0.   -0.   -0.   -0.01 -0.01 -0.01 -0.01 -0.01  0.04  0.03  0.02  0.05
  0.06  0.01 -0.07 -0.07 -0.08 -0.1  -0.08 -0.09  0.03 -0.    0.    0.
  0.   -0.    0.    0.   -0.    0.   -0.    0.    0.  ]
orbital number 7
[-0.12 -0.08 -0.05 -0.08  0.08  0.09  0.11  0.12  0.06  0.11  0.09  0.04
  0.02 -0.   -0.03 -0.    0.02  0.15  0.14  0.13  0.13 -0.06  0.13  0.14
  0.31  0.3   0.29  0.28  0.01  0.29  0.3   0.08  0.06  0.04  0.01  0.04
  0.06 -0.02 -0.06 -0.1  -0.08 -0.06 -0.04 -0.03  0.07 -0.05  0.01  0.01
  0.01  0.01  0.01 -0.06 -0.05 -0.05 -0.06  0.    0.   -0.06  0.    0.
 -0.    0.    0.    0.01  0.01  0.01  0.01  0.01  0.16  0.15  0.14  0.16
  0.14  0.13 -0.14 -0.03 -0.05 -0.07 -0.12 -0.1  -0.04  0.   -0.   -0.
  0.    0.   -0.    0.   -0.    0.   -0.    0.   -0.  ]
orbital number 8
[-0.02 -0.01 -0.   -0.01  0.01  0.02  0.02  0.03  0.02  0.02  0.02  0.01
  0.01  0.   -0.01  0.    0.01  0.06  0.06  0.06  0.05 -0.02  0.06  0.06
  0.16  0.16  0.16  0.15  0.    0.16  0.16 -0.05 -0.06 -0.07 -0.08 -0.07
 -0.05 -0.01 -0.02 -0.03 -0.02 -0.02 -0.02  0.01  0.02 -0.    0.    0.
  0.    0.    0.   -0.02 -0.02 -0.02 -0.02  0.    0.   -0.02  0.    0.
  0.    0.    0.   -0.06 -0.06 -0.03 -0.07 -0.03 -0.35 -0.36 -0.37 -0.32
 -0.23 -0.36  0.21 -0.11 -0.07 -0.03  0.14  0.06  0.17  0.    0.   -0.
  0.    0.   -0.    0.    0.    0.   -0.    0.   -0.  ]
orbital number 9
[-0.12 -0.12 -0.12 -0.12  0.14  0.11  0.07  0.05 -0.07  0.07  0.11 -0.06
 -0.04 -0.01  0.01 -0.01 -0.04 -0.36 -0.35 -0.34 -0.33  0.07 -0.34 -0.35
  0.12  0.12  0.13  0.13  0.01  0.13  0.12  0.    0.    0.   -0.    0.
  0.    0.1   0.04 -0.01  0.01  0.04  0.07 -0.11  0.   -0.12  0.01  0.01
  0.01  0.01  0.01  0.07  0.07  0.07  0.07 -0.02 -0.02  0.07 -0.02 -0.02
  0.   -0.02 -0.02 -0.   -0.   -0.   -0.   -0.   -0.   -0.   -0.   -0.
 -0.   -0.    0.   -0.   -0.   -0.   -0.   -0.    0.    0.   -0.    0.
 -0.   -0.    0.   -0.    0.    0.    0.   -0.    0.  ]
orbital number 10
[ 0.    0.    0.    0.   -0.   -0.   -0.   -0.    0.   -0.   -0.    0.
  0.    0.   -0.    0.    0.    0.01  0.01  0.01  0.01 -0.    0.01  0.01
 -0.01 -0.01 -0.01 -0.01  0.4  -0.01 -0.01 -0.   -0.   -0.    0.   -0.
 -0.   -0.    0.    0.    0.    0.   -0.    0.   -0.    0.    0.4   0.41
  0.41  0.41  0.41 -0.   -0.   -0.   -0.    0.    0.   -0.    0.    0.
 -0.    0.    0.    0.    0.    0.    0.    0.    0.    0.    0.    0.
  0.    0.    0.    0.    0.    0.    0.    0.   -0.    0.   -0.   -0.
 -0.    0.   -0.    0.   -0.   -0.    0.    0.    0.  ]
orbital number 11
[-0.   -0.   -0.   -0.    0.    0.    0.   -0.   -0.    0.    0.   -0.01
 -0.   -0.   -0.   -0.   -0.   -0.02 -0.02 -0.01 -0.01  0.01 -0.01 -0.02
  0.    0.    0.    0.   -0.    0.    0.   -0.   -0.   -0.   -0.   -0.
 -0.    0.01  0.    0.    0.    0.    0.   -0.01 -0.   -0.   -0.   -0.
 -0.   -0.   -0.    0.01  0.01  0.01  0.01  0.41  0.41  0.01  0.41  0.4
 -0.    0.4   0.41  0.    0.    0.    0.    0.    0.    0.    0.    0.
 -0.    0.    0.    0.    0.    0.    0.    0.   -0.    0.    0.    0.
  0.   -0.    0.   -0.    0.    0.   -0.   -0.   -0.  ]
orbital number 12
[ 0.03  0.   -0.02  0.   -0.04 -0.05 -0.06 -0.06 -0.01 -0.06 -0.05 -0.03
 -0.02 -0.02 -0.01 -0.02 -0.02  0.03  0.03  0.04  0.04  0.02  0.04  0.03
  0.08  0.09  0.1   0.11 -0.    0.1   0.09 -0.29 -0.27 -0.23 -0.16 -0.23
 -0.27  0.03  0.05  0.06  0.06  0.05  0.05 -0.04 -0.06 -0.02 -0.   -0.
 -0.   -0.   -0.    0.03  0.03  0.03  0.02 -0.   -0.    0.02 -0.   -0.
 -0.02 -0.   -0.    0.06  0.06  0.03  0.07  0.03  0.03  0.1   0.16 -0.04
 -0.11  0.2   0.15  0.35  0.29  0.22  0.23  0.24 -0.19  0.    0.   -0.
 -0.    0.   -0.   -0.    0.    0.    0.   -0.    0.  ]
orbital number 13
[-0.05 -0.07 -0.08 -0.07  0.01 -0.02 -0.05 -0.07 -0.06 -0.05 -0.02 -0.3
 -0.28 -0.24 -0.17 -0.24 -0.28  0.09  0.1   0.12  0.13  0.25  0.12  0.1
  0.01  0.01  0.01  0.01 -0.    0.01  0.01  0.04  0.05  0.04  0.03  0.04
  0.05  0.08  0.07  0.06  0.07  0.08  0.08 -0.08 -0.01 -0.08 -0.   -0.
 -0.   -0.   -0.    0.29  0.31  0.29  0.2  -0.   -0.    0.25 -0.   -0.
  0.   -0.   -0.   -0.01 -0.01 -0.   -0.01 -0.   -0.   -0.01 -0.02  0.01
  0.02 -0.03 -0.03 -0.05 -0.04 -0.03 -0.04 -0.04  0.03  0.   -0.   -0.
 -0.    0.    0.   -0.   -0.   -0.   -0.    0.    0.  ]
orbital number 14
[-0.09 -0.17 -0.22 -0.17 -0.12 -0.19 -0.23 -0.25 -0.03 -0.23 -0.19  0.1
  0.1   0.1   0.09  0.1   0.1   0.02  0.03  0.04  0.04 -0.08  0.04  0.03
  0.02  0.03  0.04  0.04 -0.    0.04  0.03  0.04  0.05  0.06  0.06  0.06
  0.05  0.21  0.23  0.23  0.27  0.29  0.26 -0.24 -0.04 -0.22 -0.   -0.
 -0.   -0.   -0.   -0.1  -0.11 -0.1  -0.05 -0.   -0.   -0.08 -0.   -0.
  0.   -0.   -0.   -0.01 -0.01 -0.   -0.01 -0.    0.   -0.01 -0.02  0.01
  0.02 -0.03 -0.03 -0.06 -0.05 -0.02 -0.04 -0.04  0.03  0.    0.   -0.
 -0.    0.    0.   -0.   -0.   -0.    0.    0.    0.  ]
orbital number 15
[ 0.  0. -0.  0. -0.  0.  0.  0.  0.  0. -0.  0. -0. -0. -0.  0.  0. -0.
 -0. -0. -0. -0. -0. -0. -0. -0. -0. -0. -0. -0. -0. -0.  0.  0.  0. -0.
 -0. -0.  0.  0.  0. -0. -0. -0. -0. -0.  0. -0. -0. -0. -0. -0. -0.  0.
  0. -0.  0.  0.  0.  0.  0.  0. -0. -0. -0.  0. -0. -0.  0.  0. -0.  0.
  0. -0. -0. -0.  0.  0.  0.  0. -0.  0.  0. -0.  0.  0. -0.  0.  0.  0.
  0.  1.  0.]
orbital number 16
[ 0.  0. -0.  0. -0.  0.  0.  0.  0. -0. -0.  0.  0.  0.  0.  0.  0.  0.
  0. -0. -0. -0. -0.  0. -0.  0.  0.  0.  0. -0. -0.  0. -0. -0. -0.  0.
  0. -0. -0.  0.  0.  0.  0. -0. -0.  0.  0. -0. -0. -0. -0. -0. -0.  0.
 -0.  0. -0.  0. -0. -0.  0.  0.  0. -0. -0.  0. -0. -0. -0. -0.  0. -0.
 -0.  0.  0.  0.  0. -0. -0. -0. -0.  0. -1.  0.  0.  0. -0. -0. -0. -0.
 -0.  0. -0.]
orbital number 17
[ 0.  0.  0.  0. -0.  0.  0.  0.  0.  0. -0.  0.  0. -0. -0.  0. -0.  0.
 -0. -0. -0.  0. -0.  0. -0.  0.  0.  0.  0.  0.  0. -0. -0.  0.  0.  0.
  0. -0. -0.  0.  0. -0. -0. -0. -0.  0. -0. -0.  0. -0. -0.  0. -0.  0.
 -0.  0.  0. -0. -0.  0.  0. -0. -0. -0. -0.  0. -0.  0.  0.  0. -0.  0.
  0. -0. -0. -0. -0.  0.  0.  0.  0.  0. -0.  0.  0. -0. -0.  0.  0.  0.
  0. -0.  1.]
orbital number 18
[ 0.  0.  0.  0. -0. -0.  0.  0.  0.  0. -0. -0.  0. -0. -0. -0. -0.  0.
  0.  0.  0.  0. -0.  0.  0.  0.  0.  0. -0.  0.  0.  0.  0.  0.  0. -0.
 -0. -0. -0. -0.  0.  0.  0.  0.  0.  0. -0. -0.  0.  0. -0.  0.  0.  0.
  0.  0.  0.  0.  0. -0. -0.  0.  0. -0.  0. -0.  0.  0.  0. -0. -0.  0.
  0. -0. -0. -0. -0.  0.  0.  0. -0. -0. -0.  0.  0. -0. -0.  0. -0. -0.
  1. -0. -0.]
orbital number 19
[-0.  0.  0. -0.  0.  0. -0. -0. -0. -0. -0. -0. -0.  0.  0.  0. -0. -0.
  0.  0.  0.  0. -0. -0. -0. -0.  0.  0.  0. -0. -0. -0.  0.  0.  0. -0.
 -0.  0.  0. -0. -0. -0.  0.  0. -0. -0. -0.  0.  0.  0.  0. -0. -0. -0.
  0.  0.  0.  0. -0. -0. -0. -0.  0.  0.  0. -0.  0. -0.  0. -0. -0.  0.
  0. -0. -0. -0. -0.  0.  0.  0.  0.  0. -0.  0. -0. -0. -0.  0.  0.  1.
  0. -0. -0.]
orbital number 20
[ 0.  0. -0.  0. -0.  0.  0.  0.  0.  0. -0.  0.  0. -0. -0. -0.  0.  0.
  0. -0. -0.  0. -0. -0. -0. -0.  0.  0. -0.  0. -0. -0. -0.  0.  0.  0.
 -0. -0.  0.  0.  0. -0. -0. -0. -0.  0. -0.  0.  0.  0. -0.  0.  0.  0.
 -0.  0.  0. -0. -0. -0. -0. -0. -0. -0.  0. -0.  0.  0.  0.  0. -0.  0.
  0. -0. -0. -0. -0.  0.  0.  0.  0.  1.  0. -0. -0. -0. -0. -0. -0. -0.
  0. -0. -0.]
orbital number 21
[-0. -0.  0.  0.  0.  0.  0.  0. -0. -0. -0. -0.  0.  0.  0.  0. -0.  0.
  0. -0. -0.  0.  0.  0. -0. -0.  0.  0.  0.  0.  0. -0. -0.  0.  0.  0.
 -0.  0.  0. -0.  0.  0.  0.  0. -0.  0.  0.  0.  0.  0.  0. -0. -0. -0.
  0. -0. -0.  0. -0. -0. -0. -0. -0.  0. -0.  0.  0. -0.  0.  0. -0.  0.
  0. -0. -0. -0. -0.  0.  0.  0.  0.  0.  0.  1. -0.  0.  0. -0. -0. -0.
 -0.  0. -0.]
orbital number 22
[-0. -0.  0. -0.  0.  0.  0. -0. -0.  0.  0. -0. -0.  0.  0.  0.  0. -0.
  0.  0.  0. -0.  0.  0.  0. -0. -0. -0. -0. -0. -0.  0.  0. -0. -0. -0.
  0.  0.  0. -0. -0. -0.  0.  0.  0.  0. -0.  0.  0. -0.  0. -0. -0. -0.
  0. -0.  0.  0. -0.  0. -0. -0.  0.  0. -0. -0.  0.  0. -0. -0.  0. -0.
 -0.  0.  0.  0.  0. -0. -0. -0. -0.  0. -0. -0. -0.  0.  1.  0.  0.  0.
  0.  0.  0.]
orbital number 23
[-0.  0.  0. -0.  0. -0. -0. -0. -0.  0.  0. -0. -0. -0.  0.  0.  0. -0.
 -0.  0.  0. -0.  0. -0. -0. -0. -0. -0. -0.  0.  0. -0. -0. -0.  0.  0.
  0.  0.  0. -0. -0. -0.  0.  0. -0. -0. -0. -0.  0.  0. -0. -0.  0.  0.
 -0. -0. -0.  0.  0.  0.  0.  0. -0. -0. -0.  0. -0.  0.  0.  0.  0. -0.
 -0.  0.  0.  0.  0.  0.  0.  0. -0.  0. -0.  0. -0. -0. -0.  1.  0. -0.
 -0. -0. -0.]
orbital number 24
[-0. -0.  0. -0.  0.  0. -0. -0. -0.  0.  0. -0.  0.  0.  0.  0.  0.  0.
  0.  0.  0.  0.  0.  0.  0. -0. -0. -0. -0. -0. -0.  0.  0.  0. -0. -0.
  0.  0.  0. -0. -0. -0.  0.  0.  0.  0.  0. -0. -0. -0.  0. -0. -0. -0.
  0.  0.  0.  0. -0. -0. -0.  0.  0.  0.  0. -0.  0. -0. -0. -0.  0. -0.
 -0.  0.  0.  0. -0. -0. -0. -0. -0. -0. -0. -0. -1.  0. -0. -0.  0. -0.
  0.  0.  0.]
orbital number 25
[ 0.  0. -0. -0. -0. -0.  0.  0.  0.  0. -0.  0.  0. -0. -0. -0.  0.  0.
 -0. -0. -0.  0. -0. -0.  0.  0.  0.  0.  0.  0.  0.  0.  0.  0.  0.  0.
  0. -0.  0.  0.  0.  0. -0. -0. -0. -0.  0.  0. -0. -0. -0.  0.  0.  0.
 -0.  0. -0.  0. -0.  0. -0.  0.  0.  0. -0.  0.  0. -0.  0.  0.  0. -0.
 -0. -0.  0. -0. -0. -0.  0.  0.  0.  0.  0. -0.  0.  1. -0.  0. -0.  0.
  0. -0.  0.]
orbital number 26
[-0.  0.  0. -0.  0.  0. -0. -0. -0. -0. -0. -0. -0. -0.  0.  0.  0.  0.
  0.  0.  0.  0.  0.  0.  0.  0.  0. -0. -0. -0.  0. -0. -0.  0.  0.  0.
 -0.  0. -0. -0. -0.  0.  0.  0. -0.  0.  0.  0.  0. -0. -0. -0. -0. -0.
  0. -0. -0.  0. -0. -0.  0.  0. -0. -0. -0.  0. -0.  0.  0.  0. -0.  0.
  0. -0. -0. -0. -0.  0.  0.  0.  0.  0. -0.  0.  0.  0. -0. -0.  1. -0.
  0. -0. -0.]
orbital number 27
[ 0.09  0.04 -0.03  0.04 -0.04 -0.01  0.03  0.04  0.02  0.03 -0.01  0.01
  0.   -0.01 -0.01 -0.01  0.    0.01  0.   -0.01 -0.01  0.   -0.01  0.
 -0.04 -0.01  0.04  0.07 -0.    0.04 -0.01 -0.22 -0.13  0.04  0.2   0.04
 -0.13 -0.06  0.    0.06  0.02 -0.03 -0.06 -0.08 -0.09 -0.03  0.    0.
 -0.   -0.   -0.    0.01  0.01  0.01 -0.01  0.    0.    0.    0.    0.
  0.15 -0.    0.   -0.09 -0.09  0.05 -0.15  0.05  0.33  0.12 -0.15  0.31
  0.05 -0.34 -0.12 -0.38 -0.07  0.28  0.18  0.34  0.04 -0.   -0.   -0.
 -0.   -0.    0.   -0.   -0.   -0.   -0.   -0.   -0.  ]
orbital number 28
[ 0.01  0.   -0.    0.   -0.   -0.    0.    0.01  0.    0.   -0.    0.
  0.   -0.   -0.   -0.    0.    0.    0.   -0.   -0.   -0.   -0.    0.
 -0.   -0.    0.    0.    0.    0.   -0.   -0.01 -0.    0.    0.01  0.
 -0.01 -0.01  0.    0.01  0.   -0.   -0.01 -0.01 -0.01 -0.    0.    0.
 -0.   -0.   -0.    0.    0.    0.   -0.    0.    0.   -0.    0.   -0.
  0.53 -0.   -0.   -0.31 -0.3   0.22 -0.55  0.22 -0.11 -0.    0.1  -0.13
 -0.05  0.13 -0.06  0.13  0.11  0.01 -0.14 -0.11 -0.03  0.    0.    0.
 -0.    0.    0.   -0.   -0.    0.    0.   -0.   -0.  ]
orbital number 29
[-0.26 -0.08  0.15 -0.08  0.26  0.08 -0.15 -0.27 -0.13 -0.15  0.08 -0.15
 -0.06  0.07  0.16  0.07 -0.06 -0.08 -0.02  0.07  0.11  0.01  0.07 -0.02
  0.08  0.02 -0.06 -0.1  -0.   -0.06  0.02  0.1   0.03 -0.07 -0.12 -0.06
  0.03  0.27  0.   -0.27 -0.2   0.    0.2   0.27  0.12  0.15 -0.   -0.
  0.    0.    0.   -0.08 -0.12 -0.08  0.1  -0.   -0.    0.01 -0.    0.
  0.07  0.    0.   -0.04 -0.04  0.03 -0.07  0.03  0.15  0.14  0.03  0.05
 -0.09 -0.11  0.08 -0.08 -0.08 -0.03  0.18  0.13 -0.02  0.   -0.   -0.
  0.    0.   -0.   -0.   -0.   -0.    0.    0.    0.  ]
orbital number 30
[ 0.    0.   -0.    0.   -0.   -0.    0.    0.    0.    0.   -0.    0.
  0.   -0.   -0.   -0.    0.    0.    0.   -0.   -0.   -0.   -0.    0.
 -0.   -0.    0.    0.    0.    0.   -0.    0.    0.    0.   -0.    0.
  0.   -0.   -0.    0.    0.    0.   -0.   -0.   -0.   -0.    0.    0.
 -0.   -0.   -0.    0.    0.    0.   -0.    0.    0.   -0.    0.   -0.
 -0.   -0.   -0.   -0.49  0.49 -0.51  0.    0.51 -0.    0.    0.   -0.
  0.    0.    0.   -0.   -0.   -0.    0.    0.    0.   -0.   -0.    0.
 -0.    0.    0.    0.    0.    0.   -0.    0.   -0.  ]
orbital number 31
[ 0.07  0.05  0.    0.05  0.17  0.08 -0.07 -0.16 -0.12 -0.07  0.08 -0.2
 -0.1   0.08  0.21  0.08 -0.1  -0.09 -0.02  0.07  0.11  0.03  0.07 -0.02
 -0.08 -0.02  0.06  0.1   0.    0.06 -0.02 -0.24 -0.12  0.08  0.23  0.08
 -0.13  0.09  0.04 -0.04 -0.14 -0.13 -0.03 -0.04 -0.09  0.    0.    0.
 -0.   -0.   -0.   -0.11 -0.17 -0.11  0.15 -0.   -0.    0.03 -0.    0.
 -0.06  0.    0.    0.03  0.03 -0.03  0.06 -0.03 -0.18 -0.27 -0.15  0.04
  0.23  0.09 -0.23  0.04  0.19  0.2  -0.31 -0.11  0.04  0.   -0.   -0.
  0.    0.   -0.   -0.   -0.   -0.    0.    0.   -0.  ]
orbital number 32
[ 0.22  0.07 -0.13  0.07 -0.02  0.03  0.06  0.06 -0.08  0.06  0.03 -0.29
 -0.16  0.09  0.28  0.09 -0.16 -0.08 -0.02  0.05  0.09  0.06  0.05 -0.02
 -0.04 -0.01  0.03  0.05  0.    0.03 -0.02  0.12  0.08 -0.01 -0.09 -0.
  0.09 -0.15  0.05  0.21  0.07 -0.13 -0.22 -0.24 -0.04 -0.14  0.    0.
 -0.   -0.   -0.   -0.16 -0.27 -0.16  0.25 -0.   -0.    0.06 -0.    0.
  0.02  0.    0.   -0.01 -0.01  0.01 -0.02  0.01  0.07  0.17  0.13 -0.08
 -0.16 -0.02  0.17  0.   -0.14 -0.17  0.16  0.   -0.02 -0.    0.   -0.
  0.    0.   -0.    0.    0.   -0.    0.   -0.   -0.  ]
orbital number 33
[-0.19 -0.08  0.09 -0.1  -0.26 -0.08  0.16  0.27  0.04  0.15 -0.09 -0.18
 -0.12  0.03  0.16  0.03 -0.12  0.05  0.02 -0.03 -0.05  0.07 -0.03  0.02
  0.12  0.05 -0.07 -0.13 -0.   -0.07  0.05 -0.01 -0.03 -0.04 -0.02 -0.04
 -0.03 -0.2  -0.23 -0.07  0.28  0.39  0.17  0.19  0.08  0.08 -0.   -0.
  0.    0.    0.   -0.12 -0.21 -0.12  0.2   0.    0.    0.07  0.   -0.
  0.   -0.   -0.   -0.   -0.    0.   -0.    0.   -0.01 -0.1  -0.09  0.08
  0.09 -0.   -0.09 -0.    0.09  0.1  -0.06  0.03 -0.    0.    0.   -0.
 -0.    0.    0.    0.   -0.    0.   -0.    0.    0.  ]
orbital number 34
[ 0.07 -0.03 -0.1  -0.01  0.03 -0.   -0.03 -0.03 -0.02  0.01  0.03  0.01
  0.01  0.   -0.01  0.    0.01 -0.04 -0.02  0.02  0.04 -0.01  0.02 -0.02
  0.43  0.2  -0.22 -0.44 -0.   -0.23  0.19  0.14  0.02 -0.13 -0.16 -0.1
  0.05 -0.    0.18  0.2  -0.02 -0.21 -0.21 -0.1   0.13 -0.08 -0.01 -0.
  0.01  0.01  0.01  0.01  0.02  0.01 -0.02 -0.   -0.   -0.01 -0.    0.
  0.02  0.    0.   -0.01 -0.01  0.01 -0.02  0.01  0.02 -0.15 -0.17  0.16
  0.13 -0.01 -0.1   0.03  0.14  0.11 -0.03  0.08 -0.04 -0.   -0.    0.
  0.    0.   -0.    0.   -0.    0.    0.   -0.    0.  ]
orbital number 35
[-0.    0.    0.    0.   -0.    0.    0.    0.    0.   -0.   -0.   -0.
 -0.   -0.    0.   -0.   -0.    0.    0.   -0.   -0.    0.   -0.    0.
 -0.01 -0.01  0.01  0.01  0.    0.01 -0.01 -0.01 -0.5  -0.5   0.01  0.5
  0.5   0.   -0.01 -0.01  0.    0.01  0.01  0.   -0.    0.    0.    0.
 -0.   -0.   -0.   -0.   -0.   -0.    0.    0.    0.    0.    0.   -0.
 -0.   -0.   -0.    0.    0.   -0.    0.   -0.   -0.01  0.    0.01 -0.01
 -0.    0.01 -0.   -0.   -0.01 -0.    0.    0.    0.   -0.    0.   -0.
 -0.   -0.    0.   -0.   -0.    0.    0.    0.   -0.  ]
orbital number 36
[ 0.01  0.5   0.5  -0.5   0.01  0.01 -0.   -0.01 -0.01 -0.    0.01  0.
  0.01  0.   -0.    0.    0.01 -0.03 -0.01  0.02  0.03 -0.01  0.02 -0.01
  0.01  0.   -0.   -0.01 -0.   -0.    0.    0.    0.   -0.   -0.   -0.
  0.   -0.01 -0.01  0.    0.01  0.   -0.01 -0.    0.   -0.5  -0.   -0.
  0.    0.    0.    0.01  0.01  0.01 -0.01 -0.   -0.   -0.01 -0.    0.
  0.    0.    0.   -0.   -0.    0.   -0.    0.    0.   -0.   -0.    0.
  0.   -0.   -0.    0.    0.    0.   -0.    0.   -0.    0.   -0.    0.
  0.   -0.   -0.   -0.   -0.   -0.   -0.    0.    0.  ]
orbital number 37
[ 0.   0.  -0.  -0.   0.  -0.  -0.  -0.  -0.   0.   0.   0.   0.   0.
 -0.   0.   0.  -0.  -0.   0.   0.  -0.   0.  -0.   0.  -0.5 -0.5 -0.
 -0.   0.5  0.5 -0.   0.  -0.  -0.  -0.   0.  -0.   0.   0.   0.  -0.
 -0.  -0.   0.  -0.  -0.  -0.   0.   0.   0.   0.   0.   0.  -0.  -0.
 -0.  -0.  -0.   0.   0.   0.   0.  -0.  -0.   0.  -0.   0.   0.  -0.
 -0.   0.   0.  -0.  -0.   0.   0.   0.  -0.   0.  -0.   0.  -0.  -0.
 -0.  -0.  -0.  -0.   0.   0.   0.  -0.   0. ]
orbital number 38
[-0.01 -0.    0.01 -0.01 -0.   -0.5  -0.5   0.    0.01  0.49  0.49 -0.01
 -0.01 -0.01  0.   -0.   -0.    0.05  0.02 -0.03 -0.05  0.01 -0.03  0.02
 -0.02 -0.01  0.01  0.02  0.    0.01 -0.01 -0.   -0.    0.    0.    0.
 -0.    0.02  0.01 -0.01 -0.01 -0.01  0.01  0.01 -0.    0.    0.    0.
 -0.   -0.   -0.   -0.01 -0.02 -0.01  0.02  0.    0.    0.01  0.   -0.
 -0.   -0.   -0.    0.    0.   -0.    0.   -0.   -0.    0.    0.   -0.
 -0.    0.    0.   -0.   -0.   -0.    0.   -0.    0.    0.   -0.    0.
  0.    0.    0.   -0.    0.   -0.   -0.    0.    0.  ]
orbital number 39
[ 0.    0.02  0.02 -0.02  0.01  0.01 -0.   -0.03  0.08 -0.07 -0.06 -0.03
 -0.41 -0.39  0.02  0.35  0.33  0.33  0.15 -0.17 -0.34 -0.02 -0.17  0.16
  0.    0.   -0.   -0.   -0.   -0.    0.    0.    0.   -0.   -0.   -0.
  0.    0.1   0.1   0.   -0.1  -0.1  -0.   -0.    0.   -0.02 -0.   -0.
  0.    0.    0.   -0.12 -0.1   0.02  0.1   0.01  0.02  0.12  0.01 -0.01
  0.   -0.02 -0.01 -0.   -0.    0.   -0.    0.    0.   -0.   -0.    0.
  0.   -0.   -0.    0.    0.    0.   -0.    0.   -0.    0.   -0.    0.
  0.   -0.    0.   -0.   -0.   -0.    0.   -0.   -0.  ]
orbital number 40
[-0.   -0.02 -0.02  0.02 -0.01 -0.01  0.    0.03 -0.09  0.08  0.06  0.03
 -0.28 -0.3  -0.02  0.35  0.37 -0.38 -0.18  0.2   0.39 -0.12  0.2  -0.18
 -0.   -0.    0.    0.    0.    0.   -0.   -0.   -0.    0.    0.    0.
 -0.   -0.12 -0.12 -0.    0.12  0.12  0.    0.   -0.    0.03  0.    0.
 -0.   -0.   -0.   -0.    0.12  0.12 -0.12 -0.01 -0.03  0.01 -0.01  0.01
 -0.    0.03  0.01  0.    0.   -0.    0.   -0.   -0.    0.    0.   -0.
 -0.    0.    0.   -0.   -0.   -0.    0.   -0.    0.    0.    0.    0.
  0.    0.   -0.   -0.   -0.    0.   -0.   -0.    0.  ]
orbital number 41
[-0.  -0.  -0.   0.  -0.   0.   0.  -0.   0.   0.   0.  -0.  -0.  -0.
  0.  -0.  -0.   0.   0.5  0.5 -0.   0.  -0.5 -0.5 -0.   0.   0.  -0.
 -0.   0.   0.  -0.  -0.   0.   0.   0.  -0.  -0.  -0.   0.   0.   0.
  0.   0.  -0.   0.   0.   0.  -0.   0.   0.  -0.  -0.  -0.   0.   0.
  0.   0.   0.  -0.  -0.  -0.  -0.   0.   0.  -0.   0.  -0.  -0.   0.
  0.  -0.  -0.   0.   0.  -0.  -0.  -0.  -0.  -0.   0.  -0.   0.   0.
 -0.   0.   0.   0.   0.  -0.  -0.   0.   0. ]
orbital number 42
[ 0.   -0.   -0.   -0.   -0.    0.    0.    0.   -0.   -0.   -0.    0.
  0.    0.   -0.    0.    0.   -0.   -0.    0.    0.   -0.    0.   -0.
  0.    0.   -0.   -0.    0.52 -0.    0.    0.    0.   -0.   -0.   -0.
  0.   -0.    0.    0.    0.   -0.   -0.   -0.    0.   -0.    0.03 -0.48
 -0.51 -0.04  0.48  0.    0.    0.   -0.   -0.   -0.   -0.   -0.    0.
  0.    0.    0.   -0.   -0.    0.   -0.    0.    0.   -0.   -0.    0.
  0.   -0.   -0.    0.    0.    0.    0.    0.   -0.    0.    0.   -0.
 -0.    0.   -0.    0.   -0.    0.    0.   -0.   -0.  ]
orbital number 43
[ 0.   -0.   -0.    0.    0.    0.    0.    0.   -0.    0.    0.   -0.
 -0.09 -0.09  0.    0.09  0.09 -0.   -0.    0.    0.    0.49  0.   -0.
  0.    0.   -0.   -0.   -0.   -0.    0.    0.    0.   -0.   -0.   -0.
  0.   -0.   -0.    0.    0.    0.   -0.   -0.    0.    0.   -0.   -0.
  0.    0.    0.    0.49 -0.   -0.49 -0.   -0.   -0.   -0.49 -0.    0.
  0.    0.    0.   -0.   -0.    0.   -0.    0.    0.   -0.   -0.    0.
  0.   -0.   -0.    0.    0.    0.    0.    0.   -0.   -0.   -0.    0.
  0.   -0.   -0.    0.   -0.   -0.   -0.    0.   -0.  ]
orbital number 44
[-0.   -0.   -0.   -0.   -0.    0.    0.    0.   -0.   -0.   -0.    0.
  0.    0.   -0.    0.    0.   -0.   -0.    0.    0.   -0.    0.   -0.
  0.   -0.   -0.   -0.    0.26 -0.   -0.    0.01  0.   -0.01 -0.01 -0.01
  0.   -0.    0.    0.    0.   -0.   -0.   -0.    0.   -0.    0.58  0.32
 -0.25 -0.57 -0.31  0.    0.    0.   -0.   -0.   -0.   -0.   -0.    0.
  0.    0.    0.   -0.   -0.    0.   -0.    0.    0.   -0.01 -0.01  0.01
  0.01 -0.   -0.    0.    0.01  0.    0.    0.   -0.    0.    0.    0.
  0.   -0.   -0.    0.    0.    0.    0.   -0.    0.  ]
orbital number 45
[-0.    0.    0.   -0.   -0.   -0.   -0.   -0.    0.   -0.   -0.   -0.
 -0.   -0.   -0.   -0.   -0.    0.    0.   -0.   -0.    0.   -0.    0.
 -0.   -0.    0.    0.   -0.    0.   -0.   -0.   -0.    0.    0.    0.
 -0.    0.    0.   -0.   -0.   -0.    0.    0.   -0.   -0.   -0.   -0.
  0.    0.    0.   -0.   -0.   -0.    0.    0.48 -0.04  0.   -0.52 -0.48
 -0.    0.04  0.52  0.    0.   -0.    0.   -0.   -0.    0.    0.   -0.
 -0.    0.    0.   -0.   -0.   -0.   -0.   -0.    0.   -0.    0.   -0.
  0.   -0.    0.    0.    0.   -0.   -0.    0.    0.  ]
orbital number 46
[-0.    0.    0.   -0.   -0.   -0.   -0.    0.    0.01 -0.   -0.   -0.
 -0.   -0.   -0.   -0.   -0.    0.03  0.01 -0.02 -0.03  0.01 -0.02  0.01
 -0.   -0.    0.    0.   -0.    0.   -0.    0.    0.   -0.   -0.   -0.
  0.    0.01  0.01 -0.   -0.01 -0.01  0.    0.    0.   -0.   -0.   -0.
  0.    0.    0.   -0.01 -0.01 -0.01  0.01 -0.32 -0.57  0.01 -0.25  0.33
  0.    0.58  0.26 -0.   -0.    0.   -0.    0.    0.   -0.   -0.    0.
  0.   -0.   -0.    0.    0.    0.    0.    0.   -0.    0.    0.   -0.
 -0.   -0.    0.   -0.   -0.    0.    0.   -0.    0.  ]
orbital number 47
[-0.01 -0.01 -0.01 -0.01 -0.   -0.    0.    0.   -0.    0.   -0.    0.
 -0.   -0.    0.    0.    0.   -0.   -0.    0.    0.   -0.    0.   -0.
 -0.3  -0.16  0.14  0.3  -0.01  0.14 -0.15  0.36  0.17 -0.19 -0.35 -0.18
  0.17 -0.    0.02  0.02  0.   -0.02 -0.02  0.    0.02 -0.   -0.01 -0.01
  0.01  0.01  0.01  0.    0.    0.   -0.    0.    0.   -0.    0.   -0.
  0.03 -0.   -0.   -0.02 -0.02  0.03 -0.04  0.03  0.09 -0.24 -0.29  0.3
  0.15 -0.02 -0.06  0.13  0.19  0.05  0.03  0.08 -0.12  0.   -0.   -0.
 -0.    0.   -0.   -0.    0.   -0.   -0.   -0.    0.  ]
orbital number 48
[-0.15 -0.1   0.06 -0.11 -0.14 -0.09  0.06  0.14  0.03  0.05 -0.1   0.03
  0.01 -0.03 -0.03 -0.03  0.01 -0.08 -0.04  0.03  0.07  0.03  0.03 -0.04
 -0.07 -0.04  0.03  0.07 -0.    0.03 -0.04  0.03  0.01 -0.03 -0.03 -0.04
 -0.    0.1   0.26  0.12 -0.06 -0.17 -0.08  0.15  0.04  0.05 -0.   -0.
  0.    0.    0.   -0.02 -0.05 -0.02  0.05  0.    0.    0.03  0.   -0.
  0.   -0.   -0.   -0.   -0.    0.01 -0.01  0.   -0.32 -0.1   0.23 -0.15
  0.23  0.3  -0.22 -0.27 -0.25  0.06  0.2   0.34 -0.02 -0.   -0.    0.
 -0.   -0.    0.    0.    0.   -0.    0.   -0.    0.  ]
orbital number 49
[-0.21 -0.13  0.09 -0.14 -0.22 -0.15  0.09  0.22  0.05  0.08 -0.16  0.06
  0.01 -0.06 -0.06 -0.05  0.01 -0.12 -0.07  0.05  0.11  0.06  0.05 -0.07
 -0.05 -0.03  0.02  0.05 -0.    0.02 -0.03 -0.09 -0.05  0.04  0.08  0.05
 -0.04  0.18  0.38  0.15 -0.11 -0.24 -0.08  0.21  0.03  0.08 -0.   -0.
  0.    0.    0.   -0.04 -0.1  -0.04  0.09  0.    0.    0.06  0.   -0.
 -0.01 -0.   -0.    0.    0.   -0.01  0.01 -0.01  0.21  0.12 -0.11  0.05
 -0.18 -0.21  0.14  0.15  0.16 -0.02 -0.17 -0.24  0.05 -0.   -0.    0.
 -0.   -0.    0.    0.   -0.   -0.    0.    0.    0.  ]
orbital number 50
[ 0.19  0.14 -0.07  0.14 -0.04 -0.05 -0.01  0.04  0.08 -0.   -0.05  0.3
  0.1  -0.22 -0.29 -0.22  0.11 -0.12 -0.07  0.05  0.11  0.22  0.05 -0.07
  0.05  0.03 -0.02 -0.05  0.   -0.02  0.03  0.03  0.02 -0.01 -0.03 -0.01
  0.02  0.12 -0.11 -0.21 -0.19  0.06  0.23 -0.2  -0.04 -0.07  0.    0.
 -0.   -0.   -0.   -0.13 -0.32 -0.13  0.32  0.    0.    0.23  0.   -0.
  0.   -0.   -0.   -0.   -0.    0.01 -0.01  0.01 -0.01 -0.04 -0.02  0.03
  0.03  0.03 -0.    0.01 -0.02 -0.02  0.03  0.02 -0.03  0.    0.    0.
 -0.   -0.    0.   -0.   -0.   -0.   -0.   -0.   -0.  ]
orbital number 51
[-0.17 -0.14  0.06 -0.14  0.26  0.19 -0.1  -0.28 -0.01 -0.11  0.19  0.22
  0.09 -0.14 -0.2  -0.14  0.09  0.02  0.01 -0.01 -0.02  0.14 -0.01  0.01
 -0.05 -0.03  0.02  0.04 -0.    0.02 -0.03 -0.02 -0.02 -0.    0.02  0.
 -0.02 -0.28 -0.06  0.24  0.35  0.03 -0.33  0.19  0.04  0.06 -0.   -0.
  0.    0.    0.   -0.07 -0.19 -0.07  0.18 -0.   -0.    0.14 -0.    0.
 -0.    0.    0.    0.    0.   -0.01  0.01 -0.01  0.    0.04  0.02 -0.04
 -0.02 -0.02 -0.01 -0.02  0.02  0.03 -0.04 -0.01  0.03 -0.   -0.    0.
  0.   -0.   -0.    0.    0.    0.    0.   -0.    0.  ]
orbital number 52
[-0.05 -0.03  0.03 -0.03  0.01  0.01 -0.   -0.01 -0.   -0.    0.01  0.
  0.   -0.   -0.   -0.    0.    0.    0.   -0.   -0.    0.   -0.    0.
  0.03  0.02 -0.01 -0.03  0.   -0.01  0.02 -0.21 -0.06  0.18  0.17  0.17
 -0.06 -0.02  0.02  0.03  0.03 -0.01 -0.04  0.06 -0.04  0.03  0.    0.
 -0.   -0.   -0.   -0.   -0.   -0.    0.   -0.   -0.    0.   -0.    0.
  0.03  0.    0.   -0.01 -0.01  0.06 -0.07  0.06  0.04 -0.31 -0.22  0.32
  0.1   0.21  0.2   0.23 -0.28 -0.39  0.33 -0.06 -0.3   0.    0.   -0.
 -0.   -0.    0.   -0.    0.    0.   -0.    0.   -0.  ]
orbital number 53
[-0.   -0.    0.   -0.   -0.12  0.    0.15 -0.   -0.9   0.15  0.    0.
  0.15  0.   -0.12 -0.    0.15  0.    0.15 -0.   -0.12  0.03 -0.    0.15
 -0.    0.    0.   -0.    0.    0.    0.   -0.    0.   -0.   -0.    0.
  0.   -0.    0.03  0.   -0.03  0.    0.03  0.   -0.    0.    0.    0.
 -0.   -0.    0.   -0.   -0.03  0.    0.   -0.   -0.    0.03 -0.    0.
  0.    0.    0.   -0.   -0.   -0.    0.   -0.   -0.    0.    0.   -0.
  0.   -0.   -0.   -0.    0.    0.   -0.    0.    0.    0.   -0.    0.
  0.    0.   -0.    0.    0.    0.    0.    0.    0.  ]
orbital number 54
[-0.12 -0.    0.15 -0.   -0.    0.    0.   -0.   -0.    0.    0.    0.
  0.   -0.   -0.   -0.    0.    0.    0.   -0.   -0.    0.   -0.    0.
  0.    0.15 -0.   -0.12  0.   -0.    0.15 -0.    0.15 -0.   -0.12 -0.
  0.15 -0.    0.03  0.    0.03 -0.   -0.03  0.   -0.9   0.15  0.    0.
 -0.   -0.   -0.   -0.   -0.   -0.    0.    0.   -0.    0.   -0.    0.
  0.    0.    0.   -0.   -0.   -0.    0.   -0.   -0.    0.01  0.   -0.01
  0.01 -0.01 -0.02 -0.    0.03  0.   -0.    0.03  0.01 -0.   -0.    0.
  0.    0.    0.    0.    0.   -0.    0.   -0.   -0.  ]
orbital number 55
[ 0.03 -0.02 -0.02 -0.02 -0.    0.    0.   -0.01  0.    0.    0.    0.
 -0.   -0.    0.   -0.   -0.    0.   -0.   -0.    0.   -0.   -0.   -0.
  0.02 -0.01 -0.01  0.02 -0.   -0.01 -0.01 -0.1   0.04  0.07 -0.09  0.08
  0.03 -0.01 -0.01  0.02 -0.02 -0.01  0.02  0.03  0.02 -0.02  0.   -0.
 -0.    0.   -0.   -0.    0.   -0.    0.   -0.    0.   -0.   -0.   -0.
  0.3   0.   -0.   -0.12 -0.12 -0.2   0.29 -0.2   0.31  0.01 -0.29 -0.26
 -0.13  0.2  -0.29  0.27 -0.15 -0.15 -0.13  0.35  0.19  0.   -0.   -0.
 -0.   -0.   -0.   -0.   -0.    0.   -0.    0.   -0.  ]
orbital number 56
[-0.1   0.06  0.05  0.06  0.03 -0.03 -0.01  0.03 -0.01 -0.01 -0.02 -0.01
  0.01  0.01 -0.01  0.01  0.01 -0.01  0.    0.   -0.    0.01  0.    0.
 -0.04  0.02  0.01 -0.04  0.    0.01  0.02  0.24 -0.08 -0.19  0.22 -0.18
 -0.09  0.05  0.04 -0.08  0.08  0.02 -0.09 -0.11 -0.03  0.05 -0.    0.
  0.   -0.    0.    0.   -0.01  0.   -0.01  0.   -0.    0.01  0.    0.
  0.08 -0.    0.   -0.04 -0.03 -0.04  0.08 -0.05  0.12 -0.27  0.09  0.16
 -0.29  0.22  0.28 -0.02 -0.42  0.33 -0.32  0.02 -0.    0.   -0.   -0.
 -0.    0.    0.    0.    0.   -0.   -0.    0.    0.  ]
orbital number 57
[ 0.   -0.   -0.   -0.   -0.    0.    0.   -0.    0.    0.    0.    0.
 -0.   -0.    0.   -0.   -0.    0.   -0.   -0.    0.   -0.   -0.   -0.
  0.   -0.   -0.    0.   -0.   -0.   -0.   -0.01  0.01 -0.   -0.01  0.01
 -0.   -0.   -0.    0.   -0.   -0.    0.    0.    0.   -0.    0.   -0.
 -0.    0.   -0.   -0.    0.   -0.    0.   -0.    0.   -0.   -0.   -0.
 -0.48  0.   -0.    0.2   0.2   0.27 -0.46  0.27  0.21  0.04 -0.22 -0.22
 -0.04  0.14 -0.08  0.15 -0.19  0.   -0.18  0.21  0.13 -0.    0.    0.
  0.    0.    0.    0.    0.   -0.    0.    0.    0.  ]
orbital number 58
[ 0.19 -0.16 -0.06 -0.15 -0.25  0.19  0.09 -0.27  0.02  0.1   0.18  0.18
 -0.08 -0.11  0.16 -0.11 -0.08  0.03 -0.02 -0.01  0.03 -0.11 -0.01 -0.02
 -0.07  0.04  0.03 -0.06  0.    0.03  0.04  0.01  0.01 -0.03  0.01 -0.03
  0.01 -0.29  0.04  0.26 -0.36  0.02  0.35  0.2  -0.05 -0.07 -0.    0.
  0.   -0.    0.   -0.06  0.15 -0.06  0.14 -0.    0.   -0.11 -0.   -0.
  0.    0.   -0.   -0.    0.    0.    0.   -0.    0.01 -0.08  0.06  0.07
 -0.08  0.03  0.08 -0.02 -0.08  0.08 -0.08 -0.   -0.   -0.   -0.    0.
  0.   -0.    0.   -0.   -0.    0.    0.    0.    0.  ]
orbital number 59
[ 0.   -0.   -0.   -0.    0.   -0.   -0.    0.    0.   -0.   -0.   -0.
  0.    0.   -0.    0.    0.    0.   -0.   -0.    0.    0.   -0.   -0.
  0.   -0.   -0.    0.   -0.   -0.   -0.   -0.    0.    0.   -0.    0.
  0.    0.   -0.   -0.    0.   -0.   -0.    0.    0.   -0.    0.   -0.
 -0.    0.   -0.    0.   -0.    0.   -0.   -0.    0.    0.   -0.   -0.
 -0.    0.   -0.   -0.51  0.51  0.49 -0.   -0.49 -0.    0.   -0.   -0.
  0.   -0.   -0.    0.    0.   -0.    0.    0.    0.    0.    0.    0.
  0.   -0.    0.   -0.   -0.   -0.    0.   -0.   -0.  ]
orbital number 60
[-0.2   0.14  0.08  0.14 -0.04  0.    0.04 -0.05 -0.06  0.03  0.01  0.31
 -0.11 -0.22  0.3  -0.22 -0.11 -0.1   0.06  0.04 -0.09 -0.23  0.04  0.06
  0.07 -0.04 -0.03  0.07 -0.   -0.03 -0.04  0.02 -0.02  0.    0.02  0.
 -0.02  0.05  0.18 -0.2   0.12  0.1  -0.2  -0.21  0.04  0.07  0.   -0.
 -0.    0.   -0.   -0.13  0.33 -0.13  0.32  0.   -0.   -0.23  0.    0.
  0.   -0.    0.   -0.    0.    0.    0.   -0.    0.    0.05 -0.05 -0.05
  0.05 -0.01 -0.04  0.02  0.03 -0.04  0.05 -0.01 -0.   -0.   -0.   -0.
 -0.   -0.    0.    0.    0.    0.   -0.    0.   -0.  ]
orbital number 61
[-0.22  0.13  0.1   0.15 -0.26  0.18  0.1  -0.26  0.07  0.09  0.19 -0.11
  0.03  0.09 -0.11  0.09  0.03  0.16 -0.09 -0.07  0.15  0.1  -0.07 -0.09
  0.08 -0.04 -0.04  0.08 -0.   -0.03 -0.05  0.05 -0.03 -0.01  0.05 -0.02
 -0.03 -0.23  0.44 -0.15 -0.17  0.29 -0.07 -0.22  0.03  0.08  0.   -0.
 -0.    0.   -0.    0.07 -0.16  0.07 -0.16 -0.    0.    0.1  -0.   -0.
  0.01  0.   -0.   -0.   -0.   -0.    0.01 -0.    0.01  0.06 -0.06 -0.06
  0.06 -0.   -0.03  0.01  0.02 -0.03  0.05 -0.02 -0.02 -0.    0.   -0.
  0.   -0.   -0.    0.    0.    0.    0.   -0.    0.  ]
orbital number 62
[-0.02  0.02  0.    0.02 -0.01  0.    0.01 -0.01  0.    0.    0.01 -0.
 -0.    0.   -0.    0.   -0.    0.01 -0.   -0.    0.01  0.   -0.   -0.
  0.24 -0.12 -0.11  0.23 -0.   -0.11 -0.12 -0.31  0.15  0.16 -0.32  0.17
  0.14 -0.    0.05 -0.05  0.    0.04 -0.04 -0.02  0.03 -0.    0.01 -0.
 -0.    0.01 -0.    0.   -0.    0.   -0.   -0.    0.    0.   -0.   -0.
 -0.06  0.   -0.    0.03  0.03  0.02 -0.06  0.02 -0.05 -0.29  0.35  0.32
 -0.33 -0.05 -0.01 -0.02  0.06 -0.04 -0.17  0.19  0.17  0.    0.   -0.
 -0.   -0.   -0.    0.   -0.   -0.    0.   -0.   -0.  ]
orbital number 63
[ 0.   -0.    0.   -0.    0.    0.   -0.    0.    0.    0.   -0.    0.
 -0.    0.   -0.    0.   -0.   -0.    0.    0.   -0.    0.    0.    0.
  0.01 -0.   -0.01  0.01 -0.25 -0.01 -0.    0.   -0.   -0.    0.   -0.
 -0.   -0.   -0.    0.   -0.   -0.    0.   -0.   -0.    0.    0.58 -0.33
 -0.24  0.57 -0.32  0.   -0.    0.   -0.    0.   -0.    0.    0.    0.
  0.   -0.    0.   -0.   -0.   -0.    0.   -0.    0.    0.   -0.01 -0.01
  0.01  0.    0.   -0.   -0.    0.    0.   -0.   -0.   -0.    0.   -0.
  0.    0.    0.    0.    0.    0.   -0.    0.    0.  ]
orbital number 64
[ 0.    0.   -0.    0.   -0.   -0.    0.   -0.   -0.   -0.    0.   -0.
  0.   -0.    0.   -0.    0.    0.   -0.   -0.    0.   -0.   -0.   -0.
 -0.    0.    0.   -0.    0.52  0.    0.   -0.    0.    0.   -0.    0.
  0.    0.    0.   -0.    0.    0.   -0.    0.    0.   -0.   -0.04 -0.47
  0.52 -0.05 -0.48 -0.    0.   -0.    0.   -0.    0.   -0.   -0.   -0.
 -0.    0.   -0.    0.    0.    0.   -0.    0.   -0.   -0.    0.    0.
 -0.   -0.   -0.    0.    0.   -0.   -0.    0.    0.    0.   -0.    0.
 -0.   -0.    0.    0.    0.    0.    0.   -0.   -0.  ]
orbital number 65
[ 0.    0.   -0.   -0.   -0.   -0.    0.   -0.   -0.01  0.   -0.   -0.
  0.   -0.   -0.   -0.    0.    0.03 -0.01 -0.02  0.03 -0.01 -0.02 -0.01
 -0.    0.    0.   -0.   -0.    0.    0.   -0.   -0.    0.   -0.    0.
  0.    0.01 -0.01 -0.    0.01 -0.01 -0.    0.    0.    0.    0.   -0.
 -0.    0.   -0.   -0.01  0.01 -0.01  0.01 -0.31  0.57 -0.01 -0.25 -0.33
 -0.    0.58 -0.26  0.    0.    0.   -0.    0.   -0.   -0.    0.    0.
 -0.   -0.   -0.    0.    0.   -0.   -0.    0.    0.    0.   -0.   -0.
  0.   -0.    0.    0.    0.    0.   -0.    0.   -0.  ]
orbital number 66
[-0.    0.   -0.   -0.   -0.   -0.    0.   -0.   -0.    0.   -0.   -0.
  0.   -0.   -0.   -0.    0.    0.   -0.   -0.    0.   -0.   -0.   -0.
  0.   -0.   -0.    0.    0.   -0.   -0.    0.   -0.    0.    0.   -0.
  0.    0.   -0.    0.    0.   -0.    0.   -0.   -0.    0.   -0.    0.
  0.   -0.    0.   -0.    0.   -0.    0.    0.48  0.04 -0.   -0.52  0.48
  0.    0.04 -0.52 -0.   -0.   -0.    0.   -0.    0.    0.   -0.   -0.
  0.    0.    0.   -0.   -0.    0.    0.   -0.   -0.    0.    0.   -0.
 -0.   -0.    0.    0.   -0.   -0.   -0.    0.   -0.  ]
orbital number 67
[-0.    0.   -0.   -0.   -0.    0.    0.   -0.   -0.    0.   -0.   -0.
  0.   -0.   -0.   -0.    0.    0.   -0.   -0.    0.   -0.   -0.   -0.
 -0.    0.   -0.   -0.   -0.    0.   -0.    0.   -0.5   0.5  -0.   -0.5
  0.5   0.   -0.    0.    0.   -0.    0.    0.    0.    0.    0.   -0.
 -0.    0.   -0.   -0.    0.   -0.    0.    0.   -0.   -0.    0.    0.
 -0.   -0.    0.    0.    0.    0.   -0.    0.    0.02 -0.02  0.   -0.
 -0.01  0.02 -0.01 -0.01  0.    0.    0.   -0.    0.01  0.   -0.    0.
  0.    0.    0.    0.   -0.   -0.   -0.    0.   -0.  ]
orbital number 68
[ 0.    0.   -0.   -0.    0.    0.   -0.    0.   -0.    0.   -0.   -0.
 -0.1   0.1   0.   -0.1   0.1   0.   -0.    0.    0.    0.49 -0.    0.
 -0.    0.    0.   -0.   -0.    0.    0.   -0.    0.    0.   -0.    0.
 -0.    0.   -0.   -0.    0.   -0.   -0.    0.    0.    0.    0.   -0.
 -0.    0.   -0.   -0.49  0.    0.49  0.    0.   -0.   -0.49  0.    0.
 -0.   -0.    0.    0.    0.    0.   -0.    0.   -0.   -0.    0.    0.
 -0.   -0.   -0.    0.    0.   -0.   -0.    0.    0.    0.    0.   -0.
  0.    0.   -0.    0.    0.    0.    0.   -0.   -0.  ]
orbital number 69
[ 0.   0.  -0.  -0.  -0.  -0.   0.  -0.  -0.  -0.   0.  -0.   0.  -0.
 -0.  -0.   0.   0.  -0.  -0.   0.  -0.  -0.  -0.  -0.  -0.5  0.5  0.
  0.  -0.5  0.5  0.  -0.   0.  -0.  -0.   0.   0.   0.  -0.   0.   0.
 -0.  -0.   0.   0.  -0.   0.   0.  -0.   0.  -0.   0.  -0.   0.   0.
 -0.  -0.   0.   0.  -0.  -0.   0.   0.   0.   0.  -0.   0.   0.  -0.
  0.   0.  -0.   0.  -0.  -0.   0.  -0.  -0.   0.   0.   0.   0.   0.
 -0.  -0.  -0.   0.   0.   0.  -0.   0.   0. ]
orbital number 70
[ 0.02 -0.49  0.48  0.49  0.02 -0.02  0.    0.02  0.01 -0.03  0.01  0.
 -0.    0.    0.    0.   -0.01 -0.06  0.03  0.03 -0.06  0.01  0.03  0.03
 -0.06  0.03  0.03 -0.06 -0.    0.03  0.03 -0.01 -0.    0.01 -0.01  0.01
 -0.   -0.02  0.04 -0.03 -0.02  0.05 -0.03  0.02  0.01 -0.51  0.   -0.
 -0.    0.   -0.    0.01 -0.01  0.01 -0.01 -0.    0.01  0.01 -0.   -0.
 -0.    0.01 -0.    0.    0.    0.   -0.    0.   -0.   -0.01  0.02  0.01
 -0.02 -0.   -0.01  0.    0.01 -0.01  0.    0.01  0.01  0.    0.   -0.
 -0.    0.    0.   -0.   -0.    0.   -0.    0.   -0.  ]
orbital number 71
[-0.05 -0.08  0.12  0.06 -0.03  0.37 -0.34 -0.03 -0.02  0.38 -0.36 -0.01
  0.01 -0.   -0.01 -0.01  0.01  0.1  -0.04 -0.06  0.1  -0.01 -0.05 -0.05
  0.29 -0.13 -0.15  0.29  0.   -0.15 -0.13  0.02  0.01 -0.04  0.04 -0.04
  0.01  0.04 -0.15  0.13  0.05 -0.17  0.13 -0.06 -0.07 -0.01 -0.01  0.
  0.   -0.01  0.   -0.01  0.03 -0.01  0.03  0.   -0.01 -0.01  0.    0.
  0.02 -0.01  0.   -0.01 -0.01 -0.    0.02 -0.    0.01  0.08 -0.09 -0.07
  0.09  0.03  0.08 -0.01 -0.06  0.08 -0.01 -0.06 -0.08  0.   -0.   -0.
  0.    0.   -0.    0.    0.   -0.   -0.    0.   -0.  ]
orbital number 72
[ 0.    0.   -0.   -0.    0.   -0.   -0.    0.    0.   -0.    0.    0.
 -0.    0.    0.   -0.    0.   -0.    0.5  -0.5  -0.    0.    0.5  -0.5
 -0.01  0.    0.   -0.01 -0.    0.    0.   -0.   -0.    0.   -0.    0.
 -0.   -0.    0.   -0.   -0.    0.   -0.    0.    0.    0.    0.   -0.
 -0.    0.   -0.    0.   -0.    0.   -0.   -0.    0.    0.   -0.   -0.
 -0.    0.   -0.    0.    0.    0.   -0.    0.   -0.   -0.    0.    0.
 -0.   -0.   -0.    0.    0.   -0.    0.    0.    0.    0.   -0.    0.
  0.    0.    0.   -0.   -0.   -0.    0.   -0.    0.  ]
orbital number 73
[ 0.03  0.07 -0.1  -0.03  0.02  0.35 -0.36  0.03  0.02  0.32 -0.34  0.01
 -0.01 -0.    0.01  0.02 -0.02 -0.12  0.05  0.07 -0.12  0.02  0.06  0.06
 -0.3   0.14  0.16 -0.31 -0.    0.16  0.14 -0.02 -0.01  0.04 -0.03  0.05
 -0.02 -0.04  0.17 -0.13 -0.05  0.18 -0.14  0.05  0.08 -0.    0.01 -0.
 -0.    0.01 -0.    0.02 -0.04  0.02 -0.04 -0.    0.01  0.02 -0.   -0.
 -0.02  0.01 -0.    0.01  0.01  0.   -0.02  0.   -0.01 -0.08  0.1   0.08
 -0.1  -0.03 -0.09  0.02  0.07 -0.09  0.01  0.06  0.09  0.   -0.   -0.
  0.   -0.   -0.   -0.    0.    0.   -0.    0.   -0.  ]
orbital number 74
[-0.    0.    0.   -0.    0.   -0.    0.    0.    0.01 -0.01  0.01  0.
  0.49 -0.49  0.    0.49 -0.49 -0.03  0.01  0.01 -0.03  0.1   0.02  0.01
  0.02 -0.01 -0.01  0.02  0.   -0.01 -0.01  0.    0.   -0.    0.   -0.
  0.   -0.01  0.    0.01 -0.01  0.    0.01 -0.   -0.    0.   -0.    0.
  0.   -0.    0.   -0.09 -0.01  0.1  -0.01 -0.    0.   -0.1  -0.   -0.
  0.    0.   -0.   -0.   -0.   -0.    0.   -0.    0.    0.   -0.01 -0.
  0.01  0.    0.01 -0.   -0.    0.01 -0.   -0.   -0.01 -0.    0.   -0.
 -0.   -0.    0.    0.   -0.   -0.    0.    0.   -0.  ]
orbital number 75
[-0.01  0.02 -0.01 -0.05  0.05  0.01 -0.06  0.07  0.1  -0.07  0.03  0.06
 -0.09  0.06  0.04 -0.   -0.03 -0.47  0.22  0.24 -0.47  0.07  0.24  0.22
  0.18 -0.08 -0.1   0.19  0.   -0.1  -0.08  0.01  0.01 -0.02  0.02 -0.03
  0.01 -0.17  0.09  0.08 -0.17  0.1   0.07 -0.02 -0.05  0.06 -0.    0.
  0.   -0.    0.    0.09 -0.16  0.08 -0.16 -0.02  0.03  0.08 -0.02 -0.01
  0.01  0.03 -0.01 -0.01 -0.01 -0.    0.01 -0.    0.    0.05 -0.07 -0.05
  0.07  0.02  0.06 -0.01 -0.05  0.06 -0.01 -0.04 -0.06  0.   -0.    0.
  0.    0.   -0.   -0.   -0.   -0.    0.    0.    0.  ]
orbital number 76
[-0.05  0.01  0.04  0.01 -0.03  0.01  0.02 -0.03  0.01  0.01  0.02  0.02
 -0.01 -0.    0.01 -0.   -0.01 -0.02  0.01  0.01 -0.02  0.01  0.01  0.01
  0.02 -0.01 -0.01  0.03  0.   -0.01 -0.01  0.07 -0.02 -0.05  0.07 -0.02
 -0.05  0.01 -0.06  0.06  0.02 -0.08  0.07 -0.06 -0.01  0.03 -0.    0.
  0.   -0.    0.    0.01 -0.02  0.01 -0.02 -0.    0.    0.01 -0.   -0.
 -0.04  0.   -0.    0.03  0.03  0.   -0.04  0.    0.39 -0.35  0.05 -0.15
 -0.24  0.32 -0.18 -0.31  0.29 -0.03  0.37 -0.3   0.2  -0.   -0.    0.
  0.    0.    0.   -0.    0.    0.    0.    0.   -0.  ]
orbital number 77
[ 0.22 -0.08 -0.12 -0.1   0.23 -0.08 -0.13  0.23 -0.04 -0.11 -0.1  -0.15
  0.1   0.02 -0.13  0.02  0.1   0.08 -0.03 -0.05  0.08 -0.07 -0.04 -0.03
  0.09 -0.04 -0.06  0.1   0.   -0.06 -0.04 -0.1   0.08 -0.01 -0.07 -0.
  0.08 -0.14  0.22 -0.12 -0.22  0.37 -0.21  0.22 -0.06 -0.1  -0.    0.
  0.   -0.    0.   -0.1   0.19 -0.1   0.18  0.   -0.   -0.07  0.    0.
  0.01 -0.    0.   -0.01 -0.01  0.    0.02  0.    0.12 -0.01 -0.1  -0.13
  0.05  0.14  0.12 -0.15 -0.02  0.16  0.04 -0.16 -0.08  0.    0.   -0.
  0.   -0.    0.   -0.   -0.    0.   -0.   -0.    0.  ]
orbital number 78
[-0.15  0.02  0.11  0.02  0.16 -0.03 -0.12  0.18  0.02 -0.12 -0.02 -0.23
  0.14  0.06 -0.22  0.06  0.14 -0.03  0.01  0.02 -0.03 -0.06  0.02  0.01
  0.03 -0.01 -0.02  0.03  0.   -0.02 -0.01  0.23 -0.13 -0.06  0.21 -0.06
 -0.13 -0.23  0.    0.22 -0.19  0.01  0.17 -0.17 -0.02  0.12 -0.    0.
  0.   -0.    0.   -0.13  0.23 -0.13  0.22 -0.    0.   -0.06 -0.   -0.
 -0.02  0.   -0.    0.02  0.02 -0.   -0.03 -0.   -0.1  -0.02  0.13  0.13
 -0.1  -0.14 -0.21  0.17  0.05 -0.23  0.03  0.13  0.14 -0.   -0.   -0.
 -0.    0.   -0.    0.   -0.    0.    0.    0.    0.  ]
orbital number 79
[-0.21  0.1   0.07  0.11 -0.12  0.08  0.02 -0.09  0.12  0.02  0.08 -0.24
  0.12  0.1  -0.26  0.1   0.12 -0.11  0.04  0.08 -0.14 -0.04  0.08  0.04
 -0.13  0.04  0.1  -0.17 -0.    0.1   0.04 -0.25  0.12  0.11 -0.27  0.11
  0.12 -0.02 -0.05  0.08  0.07 -0.17  0.15 -0.18  0.15  0.07  0.   -0.
 -0.    0.   -0.   -0.13  0.2  -0.13  0.18 -0.    0.   -0.04 -0.   -0.
  0.01  0.   -0.   -0.02 -0.02  0.01  0.03  0.01  0.07  0.02 -0.09 -0.09
  0.08  0.1   0.19 -0.15 -0.03  0.19 -0.07 -0.07 -0.12  0.    0.   -0.
  0.   -0.   -0.    0.   -0.    0.    0.    0.   -0.  ]
orbital number 80
[-0.24  0.08  0.13  0.07  0.29 -0.11 -0.14  0.28 -0.16 -0.14 -0.11  0.2
 -0.09 -0.1   0.23 -0.1  -0.09  0.12 -0.03 -0.1   0.17  0.02 -0.1  -0.03
 -0.08  0.02  0.07 -0.12 -0.    0.07  0.02 -0.13  0.05  0.07 -0.15  0.07
  0.05 -0.26  0.    0.25 -0.2   0.03  0.16 -0.24  0.12  0.13  0.   -0.
 -0.    0.   -0.    0.1  -0.16  0.1  -0.14  0.   -0.    0.02  0.    0.
  0.01 -0.    0.   -0.01 -0.01  0.    0.01  0.    0.03  0.   -0.03 -0.04
  0.03  0.04  0.09 -0.07 -0.01  0.08 -0.04 -0.02 -0.06 -0.    0.    0.
 -0.    0.    0.   -0.    0.   -0.   -0.   -0.   -0.  ]
orbital number 81
[ 0.01 -0.01  0.   -0.01 -0.   -0.    0.   -0.    0.    0.   -0.   -0.
 -0.    0.   -0.    0.   -0.   -0.   -0.    0.   -0.    0.    0.   -0.
  0.    0.   -0.01  0.01 -0.   -0.01  0.    0.04 -0.03  0.02  0.01  0.02
 -0.03  0.   -0.   -0.   -0.    0.   -0.    0.   -0.01  0.   -0.   -0.
  0.   -0.    0.   -0.    0.   -0.    0.   -0.    0.    0.   -0.    0.
 -0.34  0.    0.   -0.43 -0.43  0.38  0.45  0.38  0.06 -0.07  0.05 -0.05
  0.03 -0.03  0.03 -0.03  0.05 -0.07 -0.05  0.06  0.01  0.    0.    0.
 -0.    0.   -0.   -0.    0.   -0.   -0.    0.    0.  ]
orbital number 82
[ 0.05 -0.06  0.05 -0.06  0.01 -0.02  0.03 -0.04  0.01  0.03 -0.02  0.
 -0.01  0.01 -0.01  0.01 -0.01  0.   -0.    0.01 -0.01  0.    0.01 -0.
 -0.01  0.02 -0.04  0.04 -0.   -0.04  0.02  0.22 -0.2   0.15 -0.06  0.15
 -0.2   0.05 -0.04  0.03 -0.05  0.06 -0.06 -0.04 -0.04  0.05  0.   -0.
  0.   -0.    0.   -0.01  0.01 -0.01 -0.   -0.    0.    0.   -0.    0.
  0.09 -0.    0.    0.07  0.07 -0.07 -0.07 -0.07  0.25 -0.23  0.17 -0.23
  0.25 -0.09  0.32 -0.21  0.24 -0.26 -0.28  0.29 -0.23  0.    0.   -0.
  0.   -0.   -0.   -0.    0.    0.   -0.    0.    0.  ]
orbital number 83
[ 0.1  -0.18  0.23 -0.17  0.1  -0.17  0.22 -0.24  0.03  0.22 -0.17  0.07
 -0.07  0.08 -0.07  0.08 -0.07  0.02 -0.03  0.04 -0.05  0.06  0.04 -0.03
  0.04 -0.05  0.07 -0.07  0.    0.07 -0.05 -0.02  0.    0.02 -0.04  0.02
  0.    0.23 -0.24  0.23 -0.27  0.29 -0.28 -0.25  0.05  0.23 -0.    0.
 -0.    0.   -0.   -0.07  0.08 -0.07 -0.03 -0.    0.    0.06 -0.    0.
 -0.01 -0.    0.   -0.01 -0.01  0.01  0.01  0.01 -0.08  0.08 -0.07  0.07
 -0.07  0.06 -0.04  0.01 -0.03  0.06  0.04 -0.05  0.05 -0.   -0.   -0.
  0.    0.   -0.   -0.    0.    0.    0.   -0.   -0.  ]
orbital number 84
[ 0.05 -0.06  0.07 -0.06 -0.04  0.01  0.01 -0.03  0.06  0.01  0.01 -0.31
  0.29 -0.24  0.17 -0.24  0.28  0.08 -0.09  0.11 -0.12 -0.26  0.11 -0.09
  0.01 -0.01  0.01 -0.01  0.    0.01 -0.01  0.03 -0.04  0.04 -0.04  0.04
 -0.04  0.07 -0.05  0.03 -0.05  0.06 -0.06 -0.07  0.01  0.07 -0.    0.
 -0.    0.   -0.    0.3  -0.31  0.3   0.21 -0.    0.   -0.26 -0.    0.
 -0.   -0.    0.   -0.   -0.    0.    0.    0.   -0.06  0.06 -0.06  0.05
 -0.05  0.07  0.01 -0.04  0.02 -0.   -0.01  0.    0.02  0.    0.    0.
  0.   -0.   -0.    0.   -0.   -0.   -0.    0.    0.  ]
orbital number 85
[-0.01 -0.    0.02 -0.    0.02 -0.03  0.04 -0.04  0.01  0.04 -0.03 -0.05
  0.04 -0.03  0.02 -0.03  0.04  0.02 -0.03  0.03 -0.03 -0.04  0.03 -0.03
  0.08 -0.09  0.1  -0.11  0.    0.1  -0.09 -0.21  0.2  -0.18  0.15 -0.18
  0.2   0.03 -0.04  0.04 -0.04  0.04 -0.04 -0.03  0.03  0.02 -0.    0.
 -0.    0.   -0.    0.05 -0.05  0.05  0.03 -0.    0.   -0.04 -0.    0.
  0.02 -0.    0.    0.01  0.01 -0.01 -0.01 -0.01  0.28 -0.31  0.34 -0.25
  0.27 -0.38 -0.1   0.27 -0.16  0.07  0.08 -0.07 -0.07 -0.    0.    0.
 -0.    0.    0.    0.   -0.   -0.    0.   -0.   -0.  ]
orbital number 86
[ 0.   -0.    0.   -0.   -0.    0.   -0.    0.   -0.   -0.    0.    0.
 -0.    0.   -0.    0.   -0.   -0.    0.   -0.    0.    0.   -0.    0.
  0.01 -0.01  0.01 -0.01  0.41  0.01 -0.01  0.   -0.    0.    0.    0.
 -0.   -0.    0.   -0.    0.   -0.    0.   -0.   -0.    0.   -0.4   0.4
 -0.41  0.41 -0.41 -0.    0.   -0.   -0.    0.   -0.    0.    0.   -0.
  0.    0.   -0.    0.    0.   -0.   -0.    0.   -0.    0.   -0.    0.
 -0.    0.    0.   -0.    0.   -0.   -0.    0.   -0.   -0.    0.    0.
 -0.   -0.    0.   -0.   -0.    0.    0.   -0.   -0.  ]
orbital number 87
[ 0.02 -0.02  0.02 -0.02 -0.02  0.02 -0.02  0.02  0.   -0.02  0.02 -0.
  0.   -0.   -0.   -0.    0.   -0.03  0.03 -0.03  0.03 -0.   -0.03  0.03
  0.04 -0.04  0.04 -0.04 -0.    0.04 -0.04  0.   -0.   -0.    0.   -0.
 -0.    0.01  0.   -0.01  0.01 -0.   -0.   -0.02 -0.01  0.02  0.   -0.
  0.   -0.    0.    0.   -0.    0.    0.    0.41 -0.41 -0.    0.41 -0.4
  0.    0.4  -0.4   0.    0.   -0.   -0.   -0.   -0.    0.   -0.01  0.
 -0.    0.01  0.   -0.01  0.01 -0.01 -0.    0.01 -0.   -0.   -0.    0.
  0.   -0.    0.    0.    0.   -0.   -0.    0.    0.  ]
orbital number 88
[ 0.17 -0.14  0.11 -0.14 -0.15  0.14 -0.14  0.14 -0.   -0.14  0.14  0.
 -0.    0.    0.    0.   -0.   -0.14  0.14 -0.14  0.14  0.   -0.14  0.14
  0.32 -0.32  0.31 -0.3  -0.01  0.31 -0.31  0.02 -0.01 -0.01  0.04 -0.01
 -0.01  0.03  0.04 -0.1   0.07 -0.04  0.01 -0.09 -0.05  0.11  0.01 -0.01
  0.01 -0.01  0.01 -0.    0.   -0.   -0.   -0.06  0.06  0.   -0.06  0.06
  0.   -0.06  0.06  0.    0.   -0.   -0.   -0.   -0.03  0.04 -0.05  0.03
 -0.03  0.07  0.05 -0.08  0.07 -0.07 -0.04  0.05 -0.01 -0.   -0.    0.
  0.    0.   -0.   -0.    0.    0.    0.   -0.    0.  ]
orbital number 89
