                    ---------------------------------
                    | Radical ExROPPP Calculation |
                    ---------------------------------

Molecule: D-D_prune.xyz radical

--------------------------------
Cartesian Coordinates / Angstrom
--------------------------------

C     -2.430917   -2.085184    2.579350
C     -2.477740   -2.595574    1.269702
H     -1.610309   -3.033552    0.825009
C     -3.651071   -2.557652    0.541434
Cl    -3.535176   -3.186948   -1.157120
Cl    -6.237592   -0.846595    3.189421
C     -3.616684   -1.540481    3.104089
H     -3.635276   -1.128323    4.089763
C      2.556627   -1.848989    2.827267
C      2.709158   -1.004942    1.712756
H      1.878152   -0.451713    1.331414
C      3.940099   -0.860755    1.102415
Cl     3.963317    0.204684   -0.366221
C      5.106221   -1.530318    1.530867
C      6.403956   -1.368735    0.868470
C      4.915022   -2.369590    2.648887
Cl     6.309552   -3.258352    3.398613
C      3.698901   -2.531087    3.283350
H      3.637895   -3.194169    4.119032
C      6.901180   -0.029815    0.543324
C      7.447530    0.301932   -0.714989
Cl     7.464746   -0.907620   -2.070121
C      7.919501    1.559392   -1.035649
H      8.273151    1.740084   -2.027636
C      7.881194    2.602371   -0.092537
H    -16.151352    7.822729   -1.835920
C      7.345107    2.306962    1.173990
H      7.335147    3.048576    1.943316
C      6.877430    1.040418    1.463086
Cl     6.314855    0.786289    3.171532
C      7.205955   -2.551355    0.530585
C      6.665136   -3.678173   -0.120222
Cl     4.933959   -3.697137   -0.667262
C      7.408850   -4.798324   -0.445670
H      6.939469   -5.614278   -0.953453
C      8.770153   -4.855330   -0.129544
C     11.464956    9.565500   -3.965184
C      9.347507   -3.758063    0.517776
H     10.382550   -3.775279    0.786758
C      8.579232   -2.650983    0.830802
Cl     9.430115   -1.336946    1.750181
C     -6.542270   -3.188571   -0.463443
C     -6.594112   -4.458849    0.144345
Cl    -6.190998   -4.668108    1.902533
C     -7.010846   -5.601286   -0.515040
H     -7.039706   -6.532850    0.009632
C     -7.409240   -5.534844   -1.854157
C     -6.924731   -7.538805   -3.281740
C     -7.373655   -4.292705   -2.496146
H     -7.657795   -4.209748   -3.523929
C     -6.952503   -3.166748   -1.811478
Cl    -6.867696   -1.638188   -2.787012
C     -6.887084   -0.754557    0.175539
C     -8.287169   -0.730197    0.351389
Cl    -9.194964   -2.238283    0.800535
C     -9.045989    0.421488    0.283836
H    -10.095165    0.359963    0.476719
C     -8.441537    1.664863    0.024210
N    -11.330329    6.509007   -0.175767
C     -7.046863    1.678061   -0.158662
H     -6.542404    2.587216   -0.405508
C     -6.314863    0.509843   -0.080950
Cl    -4.542838    0.672306   -0.444608
C      1.255579   -2.014358    3.493155
C      0.060725   -1.973255    2.752865
H      0.106616   -1.827656    1.693047
C     -1.192959   -2.119226    3.372898
C     -1.237399   -2.307942    4.769128
H     -2.178495   -2.450268    5.260302
C     -0.058474   -2.352035    5.510842
H     -0.104350   -2.497695    6.571594
C      1.179475   -2.208777    4.887209
H      2.073938   -2.215007    5.476362
C     -4.857979   -2.017297    1.034069
C     -6.095823   -1.985081    0.249459
C     -4.773039   -1.513005    2.349338
H     14.072400    8.690539   -1.993107
C     -7.860380   -6.758781   -2.579839
C     -9.215363   -7.123698   -2.557219
H      9.409807    9.108364   -3.537592
C     -9.618722   -8.271905   -3.241830
H    -10.654532   -8.551965   -3.225452
C     -8.707870   -9.057860   -3.942745
H     11.248076   10.065373   -4.887999
C     -7.364281   -8.677881   -3.953083
H     -6.652372   -9.276007   -4.490029
C    -15.170049    7.555674   -1.498063
H    -14.400699    7.249800   -3.464639
C     10.702994    8.382558   -2.003807
C     12.022070    8.263890   -1.564620
H     12.221228    7.772668   -0.633969
C     13.060233    8.785943   -2.332106
C     12.783264    9.440171   -3.531059
H     13.582657    9.846293   -4.118082
H     10.565516   -9.026860    0.815742
C     10.471903   -8.221796    0.111465
C     11.118823   -8.313430   -1.122566
C    -14.185162    7.231468   -2.415091
C     10.987503   -7.261348   -2.025080
H     11.479248   -7.318299   -2.977198
C     10.228503   -6.129676   -1.720056
C    -12.632500    6.864860   -0.624280
C      9.586138   -6.056765   -0.474369
H      7.463677   11.494310    0.628070
C      9.706173   -7.108352    0.450970
N      9.641719    7.842102   -1.226531
C    -13.620455    7.182683    0.294236
C     10.425688    9.031656   -3.207306
H    -13.392329    7.148630    1.340010
H    -12.141835    6.656101   -2.681533
H    -15.644992    7.781926    0.569835
C    -12.915889    6.893559   -1.980559
H      5.912505    9.958823    1.756525
H      9.276981   10.629095   -0.814552
C     -9.372751    9.385181    1.183751
C     -8.212088    8.671226    1.510672
C     -8.128602    7.302093    1.271046
C    -10.477700    8.749623    0.613041
C    -10.392508    7.384346    0.380757
C     -9.226567    6.651638    0.700339
C    -10.779872    5.228032   -0.216091
C     -9.471506    5.281053    0.318016
C     -8.699474    4.121955    0.400378
C     -9.234191    2.901412   -0.050586
C    -11.325761    4.031890   -0.661800
C    -10.547239    2.878429   -0.575776
H     -9.414830   10.439373    1.373106
H     -7.380520    9.186834    1.947839
H     -7.238939    6.757693    1.518752
H    -11.361927    9.297617    0.361346
H     -7.719640    4.156995    0.832638
H    -10.947626    1.956547   -0.946626
H    -12.314631    3.994491   -1.069357
C      9.488118    4.111130   -1.279183
C      8.378789    3.947710   -0.417123
C      7.758012    5.089117    0.122325
C      9.985656    5.371538   -1.607373
C      9.363292    6.486442   -1.062069
C      8.249670    6.354148   -0.200271
C      8.718576    8.584802   -0.482449
C      7.837815    7.688899    0.165386
C      6.815001    8.183296    0.980085
C      6.690830    9.561381    1.136268
C      8.601452    9.958287   -0.325413
C      7.574964   10.436960    0.491849
H      9.981003    3.243778   -1.669671
C    -14.884728    7.534374   -0.143657
H      6.895304    4.990426    0.750146
H     10.830531    5.473105   -2.256471
H      6.139274    7.514588    1.475499

There are 106 heavy atoms.
There are 120 electrons in 106 orbitals.


Carbon 1e params: A = -22.717075 b = 1.705616

Nitrogen 1e params: alphan2 = -17.681338 Acn2 = -24.737202 bcn2 = 1.433639

Chlorine 1e params: alphacl = -10.335674 Accl = -26.021937 bccl=1.451861
C-N2 bond
C-N2 bond
C-N2 bond
C-N2 bond
C-N2 bond
C-N2 bond
N2 atom 93
N2 atom 94
Cl atom 95
Cl atom 96
Cl atom 97
Cl atom 98
Cl atom 99
Cl atom 100
Cl atom 101
Cl atom 102
Cl atom 103
Cl atom 104
Cl atom 105
Cl atom 106

Carbon 2e params: U = 8.420838 r0 = 1.173157

Nitrogen 2e params: Un2n2 = 17.979843 r0n2n2 = 1.111791

Chlorine 2e params: Uclcl= 9.642991 r0clcl = 2.253316

Mixed 2e params: Ucn2 = 13.200341 Uccl = 9.031915 Un2cl = 13.811417 r0cn2 =1.142474 r0ccl = 1.713237 r0n2cl = 1.682554
[8.42083845 3.82976279 2.74800833 3.8296427  1.6004955  1.52065302
 1.26220393 1.12221757 0.96846551 1.1588326  1.3423673  0.9027313
 0.83320796 0.77624473 0.77109939 0.82446616 0.89357898 0.89512364
 0.91521482 0.83585815 0.75843821 0.48303732 0.74574598 0.80084766
 1.54222005 1.50855408 1.27899056 1.13824187 0.95411638 1.14955889
 1.30536176 1.54159873 1.30265196 1.14733491 1.13494333 1.27833759
 1.50853972 1.98696706 2.68936849 3.73635275 2.68669099 1.99421538
 1.8093576  2.43852805 1.79060426 2.7478937  0.98775298 0.89301146
 0.80311049 0.78409022 0.84552395 0.55935847 0.5316328  0.5085446
 0.47666607 0.46567765 0.63033714 0.59733499 0.5817454  0.60702495
 0.65245973 0.65348784 0.69606003 0.68225055 0.6220616  0.51647713
 0.62879789 0.67419425 0.73551302 0.80763811 0.66696991 0.71906138
 0.79668615 0.78287693 0.8508407  0.96285906 0.98703542 0.79384546
 0.88232793 0.65208638 0.7102115  0.71202772 0.60794692 0.609775
 0.65569299 0.58433343 0.63514248 0.65496942 0.61601414 0.55617945
 0.56981    0.57625532 1.09146388 0.87531656 2.68537748 2.68522879
 1.69736832 1.46392803 1.21745317 1.41476534 1.55957876 1.13554756
 2.44647574 1.78053611 1.77677138 2.44897541]
FCIDUMP file in AO basis written to FCIDUMP/FCIDUMP_AO_D-D_prune


-------------------------------------
Restricted Open-shell PPP Calculation
-------------------------------------

Starting SCF cycle...

Iter   Energy        Dens Change      Energy Change
-----------------------------------------------------
0 -322.0888316180434 0.3157801898121759 -322.0888316180434
1 -342.8229525533472 0.07686223622749133 -20.734120935303793
2 -346.8281435774822 0.018833896143388484 -4.0051910241350015
3 -347.81624907081897 0.005323032226656699 -0.988105493336775
4 -348.0631067569572 0.0024595228878642184 -0.24685768613824166
5 -348.1471592837801 0.0012521904756525037 -0.08405252682291575
6 -348.1778033357803 0.0006830284811996101 -0.030644052000184274
7 -348.19066700153303 0.00036922625721813596 -0.012863665752718134
8 -348.19644350807334 0.00019836290839936321 -0.0057765065403145854
9 -348.19919096053934 0.0001061830136456221 -0.0027474524659965027
10 -348.2005505187758 5.6714131152268976e-05 -0.0013595582364587244
11 -348.20123967777374 3.025202072048927e-05 -0.0006891589979431956
12 -348.2015955096243 1.612402460016149e-05 -0.00035583185058385425
13 -348.201781095039 8.589894626931383e-06 -0.0001855854146697311
14 -348.2018786417206 4.5749037665965275e-06 -9.754668161576774e-05
15 -348.2019301286753 2.4361629197278134e-06 -5.1486954703250376e-05
16 -348.20195739080634 1.2971534377737015e-06 -2.7262131027327996e-05
17 -348.20197185126165 6.906449603327758e-07 -1.4460455304288189e-05
18 -348.2019795314464 3.6771156974868546e-07 -7.68018475127974e-06
19 -348.2019836135729 1.9577381205060362e-07 -4.082126508819783e-06
20 -348.2019857844808 1.042317548938243e-07 -2.1709079192078207e-06
21 -348.20198693936993 5.549391035586382e-08 -1.154889105237089e-06
22 -348.20198755390254 2.9545494828475682e-08 -6.145326096884673e-07
23 -348.20198788095126 1.5730342917130713e-08 -3.2704872410249664e-07
24 -348.20198805503065 8.375023674567217e-09 -1.7407938912583631e-07
25 -348.2019881476862 4.458973412724276e-09 -9.265556855098112e-08
26 -348.20198819701324 2.3740202026445445e-09 -4.932701358484337e-08
27 -348.201988223269 1.2639638224953842e-09 -2.625574779813178e-08
28 -348.20198823724627 6.729535817484589e-10 -1.3977285107102944e-08
29 -348.20198824468645 3.5829250677466007e-10 -7.4401782512723e-09
30 -348.2019882486493 1.907602964479338e-10 -3.962838945881231e-09
31 -348.20198825076136 1.0156320229270932e-10 -2.1120740711921826e-09
32 -348.201988251883 5.4074522637392874e-11 -1.1216343409614637e-09
33 -348.20198825248224 2.8790081429974634e-11 -5.992433216306381e-10
34 -348.20198825280073 1.532773907797491e-11 -3.184936758771073e-10
35 -348.2019882529701 8.160805364809676e-12 -1.6939338820520788e-10
36 -348.20198825305863 4.3453018960804e-12 -8.850520316627808e-11
37 -348.20198825310683 2.3133717164114387e-12 -4.8203219193965197e-11
38 -348.2019882531323 1.2319034681240737e-12 -2.546585164964199e-11
39 -348.2019882531471 6.553646514362299e-13 -1.4779288903810084e-11
40 -348.20198825315526 3.4938718584953676e-13 -8.185452315956354e-12
41 -348.20198825315754 1.8529622280993863e-13 -2.2737367544323206e-12
42 -348.2019882531574 9.980904991380157e-14 1.1368683772161603e-13
43 -348.2019882531585 5.395683899678261e-14 -1.0800249583553523e-12
44 -348.20198825316083 2.8310687127941492e-14 -2.3305801732931286e-12
45 -348.2019882531615 1.532107773982716e-14 -6.821210263296962e-13
46 -348.20198825316254 8.104628079763643e-15 -1.0231815394945443e-12
47 -348.20198825316186 5.10702591327572e-15 6.821210263296962e-13
48 -348.2019882531637 2.886579864025407e-15 -1.8189894035458565e-12

--------------------------
Converged ROPPP Orbitals
--------------------------

orbital number 1 energy -11.183650790456444
[ 0.    0.   -0.    0.    0.   -0.   -0.    0.    0.   -0.   -0.   -0.
 -0.    0.    0.    0.   -0.   -0.   -0.    0.    0.    0.    0.   -0.
 -0.   -0.    0.    0.   -0.    0.   -0.    0.    0.    0.    0.    0.
  0.    0.   -0.   -0.   -0.    0.    0.   -0.    0.   -0.   -0.   -0.
  0.    0.    0.    0.01  0.    0.    0.    0.    0.    0.    0.01  0.
 -0.    0.13 -0.   -0.    0.04  0.    0.04  0.03  0.02  0.04  0.11  0.42
  0.13  0.42  0.13  0.04  0.02  0.11  0.03  0.   -0.    0.    0.    0.
  0.    0.    0.    0.    0.    0.    0.    0.01  0.75  0.    0.    0.
  0.    0.    0.    0.    0.    0.    0.    0.    0.    0.  ]
orbital number 2 energy -11.176633473691783
[ 0.   -0.   -0.   -0.    0.    0.   -0.   -0.    0.   -0.    0.    0.
  0.    0.    0.    0.    0.   -0.   -0.    0.    0.    0.01  0.   -0.
 -0.   -0.    0.    0.   -0.    0.   -0.   -0.   -0.    0.    0.    0.
 -0.   -0.   -0.    0.    0.    0.   -0.    0.    0.   -0.   -0.   -0.
  0.    0.    0.   -0.    0.13  0.04  0.01  0.01  0.    0.   -0.    0.
 -0.   -0.   -0.   -0.   -0.    0.04 -0.   -0.   -0.   -0.   -0.   -0.
 -0.   -0.   -0.   -0.   -0.   -0.   -0.    0.03  0.02  0.04  0.11  0.42
  0.13  0.42  0.13  0.04  0.02  0.11  0.03 -0.   -0.    0.75  0.    0.
  0.    0.    0.    0.    0.    0.    0.    0.    0.    0.  ]
orbital number 3 energy -7.298691452728363
[-0.   -0.   -0.   -0.   -0.   -0.   -0.   -0.   -0.   -0.   -0.   -0.
 -0.   -0.   -0.   -0.   -0.   -0.   -0.   -0.   -0.    0.   -0.   -0.
 -0.   -0.   -0.   -0.   -0.   -0.   -0.   -0.01 -0.01 -0.02 -0.03 -0.02
 -0.01 -0.   -0.   -0.   -0.   -0.   -0.   -0.   -0.   -0.   -0.   -0.
 -0.   -0.   -0.    0.36  0.    0.    0.    0.   -0.   -0.    0.37 -0.
 -0.    0.46 -0.   -0.    0.42  0.    0.42 -0.04 -0.04 -0.05 -0.05 -0.07
 -0.08 -0.07 -0.09 -0.06 -0.05 -0.05 -0.04 -0.   -0.   -0.   -0.   -0.
 -0.    0.   -0.   -0.   -0.    0.   -0.    0.37 -0.    0.    0.    0.
  0.    0.    0.    0.    0.    0.    0.    0.    0.    0.  ]
orbital number 4 energy -7.225099754812074
[ 0.    0.    0.    0.    0.    0.    0.    0.    0.    0.    0.    0.01
  0.01  0.02  0.03  0.02  0.01  0.    0.    0.    0.   -0.37  0.    0.
  0.    0.    0.    0.    0.    0.    0.    0.    0.    0.    0.    0.
  0.    0.    0.    0.    0.    0.    0.    0.    0.    0.    0.    0.
  0.    0.    0.    0.   -0.46 -0.41 -0.37 -0.35  0.    0.    0.    0.
  0.    0.    0.    0.    0.   -0.42  0.   -0.   -0.   -0.   -0.   -0.
 -0.    0.    0.    0.    0.    0.    0.    0.05  0.05  0.06  0.05  0.07
  0.09  0.06  0.09  0.05  0.04  0.05  0.04  0.   -0.   -0.    0.    0.
  0.    0.    0.    0.    0.    0.    0.    0.    0.    0.  ]
orbital number 5 energy -6.832886041480938
[-0.27 -0.2  -0.17 -0.2  -0.26 -0.19 -0.16 -0.16 -0.08 -0.16 -0.19 -0.09
 -0.07 -0.07 -0.09 -0.07 -0.07 -0.06 -0.04 -0.03 -0.03 -0.01 -0.03 -0.04
 -0.06 -0.04 -0.03 -0.03 -0.   -0.03 -0.04 -0.09 -0.08 -0.08 -0.09 -0.08
 -0.08 -0.3  -0.27 -0.3  -0.23 -0.21 -0.23 -0.17 -0.09 -0.17 -0.   -0.
 -0.   -0.   -0.   -0.01 -0.01 -0.01 -0.01 -0.01 -0.   -0.   -0.01 -0.
 -0.   -0.01 -0.   -0.   -0.01 -0.01 -0.01  0.01  0.   -0.    0.02  0.02
 -0.01 -0.02 -0.04 -0.05 -0.08 -0.04 -0.05 -0.05 -0.07 -0.05 -0.03 -0.02
 -0.03  0.02 -0.01 -0.    0.    0.01  0.01 -0.01  0.02  0.02  0.    0.
  0.    0.    0.    0.    0.    0.    0.    0.    0.    0.  ]
orbital number 6 energy -6.756775664836368
[ 0.04  0.04  0.06  0.04 -0.07 -0.07 -0.07 -0.09 -0.09 -0.07 -0.07 -0.17
 -0.17 -0.19 -0.23 -0.19 -0.17 -0.07 -0.05 -0.04 -0.04 -0.03 -0.04 -0.05
  0.08  0.06  0.04  0.04  0.    0.04  0.06  0.21  0.21  0.23  0.29  0.23
  0.21 -0.04 -0.02  0.   -0.01 -0.02 -0.03  0.08  0.1   0.06  0.    0.
  0.    0.    0.    0.04 -0.02 -0.03 -0.03 -0.03 -0.   -0.    0.04 -0.
 -0.    0.01 -0.   -0.    0.03 -0.03  0.03 -0.04 -0.02  0.   -0.06 -0.09
  0.02  0.09  0.15  0.19  0.27  0.14  0.19 -0.15 -0.21 -0.15 -0.11 -0.07
 -0.12  0.08 -0.02 -0.    0.01  0.05  0.03  0.04 -0.07  0.06  0.    0.
  0.    0.    0.    0.    0.    0.    0.    0.    0.    0.  ]
orbital number 7 energy -6.735561333732193
[-0.11 -0.07 -0.05 -0.07 -0.09 -0.06 -0.03 -0.01  0.06 -0.03 -0.06  0.19
  0.19  0.23  0.29  0.22  0.19  0.05  0.04  0.03  0.03  0.04  0.03  0.04
  0.03  0.02  0.02  0.02  0.    0.02  0.02  0.14  0.15  0.18  0.23  0.18
  0.15 -0.13 -0.12 -0.14 -0.11 -0.1  -0.1  -0.03  0.04 -0.05  0.    0.
  0.    0.    0.    0.03  0.02  0.03  0.04  0.04  0.    0.    0.03  0.
  0.    0.01  0.    0.    0.02  0.03  0.02 -0.03 -0.02  0.   -0.05 -0.08
  0.02  0.08  0.12  0.16  0.21  0.12  0.16  0.2   0.27  0.2   0.15  0.1
  0.15 -0.1   0.02 -0.   -0.02 -0.07 -0.04  0.03 -0.06 -0.07  0.    0.
  0.    0.    0.    0.    0.    0.    0.    0.    0.    0.  ]
orbital number 8 energy -6.54041286944127
[ 0.24  0.22  0.22  0.22 -0.24 -0.22 -0.22 -0.24 -0.12 -0.22 -0.22 -0.03
  0.01  0.04  0.07  0.04  0.01 -0.15 -0.12 -0.11 -0.1   0.01 -0.11 -0.12
  0.15  0.13  0.12  0.11  0.    0.12  0.13  0.03 -0.   -0.04 -0.07 -0.04
 -0.   -0.1  -0.    0.1   0.04 -0.   -0.05  0.24  0.12  0.22  0.    0.
  0.    0.    0.   -0.01  0.    0.01  0.01  0.02 -0.   -0.   -0.01 -0.
 -0.   -0.   -0.   -0.   -0.01  0.01 -0.01  0.04  0.03  0.01  0.06  0.07
  0.   -0.07 -0.08 -0.1  -0.12 -0.09 -0.1   0.1   0.12  0.1   0.09  0.07
  0.08 -0.07 -0.   -0.01 -0.03 -0.05 -0.04 -0.01  0.03 -0.03  0.    0.
  0.    0.    0.    0.    0.    0.    0.    0.    0.    0.  ]
orbital number 9 energy -6.42819826368258
[ 0.04  0.   -0.03  0.    0.02 -0.01 -0.04 -0.07 -0.12 -0.04 -0.01 -0.08
 -0.04 -0.01  0.02 -0.01 -0.04 -0.26 -0.23 -0.22 -0.22 -0.   -0.22 -0.23
 -0.27 -0.24 -0.23 -0.23 -0.01 -0.24 -0.25 -0.08 -0.05 -0.02  0.01 -0.02
 -0.05  0.09  0.09  0.1   0.09  0.08  0.08 -0.06 -0.12 -0.03 -0.01 -0.01
 -0.01 -0.01 -0.01 -0.    0.    0.    0.    0.   -0.   -0.   -0.   -0.
 -0.01  0.   -0.01 -0.01 -0.   -0.   -0.   -0.11 -0.09 -0.08 -0.11 -0.11
 -0.07  0.11  0.06  0.08  0.09  0.11  0.1   0.1   0.09  0.08  0.11  0.1
  0.06 -0.11 -0.06 -0.08 -0.09 -0.11 -0.1  -0.    0.    0.    0.    0.
  0.    0.    0.    0.    0.    0.    0.    0.    0.    0.  ]
orbital number 10 energy -6.384292627871975
[-0.07 -0.07 -0.06 -0.07  0.08  0.07  0.06  0.05 -0.02  0.06  0.07 -0.05
 -0.05 -0.04 -0.04 -0.04 -0.05 -0.07 -0.07 -0.07 -0.06 -0.03 -0.07 -0.07
  0.02  0.02  0.02  0.02  0.    0.02  0.02  0.06  0.06  0.06  0.06  0.06
  0.06  0.04  0.01 -0.03 -0.01  0.01  0.02 -0.06  0.01 -0.06  0.    0.
  0.    0.    0.    0.06  0.   -0.02 -0.03 -0.04 -0.   -0.    0.05 -0.
 -0.   -0.01 -0.   -0.    0.03 -0.02  0.03  0.3   0.31  0.31  0.28  0.21
  0.3  -0.19  0.07  0.04  0.01 -0.13 -0.07  0.06  0.01 -0.01  0.1   0.14
 -0.04 -0.15 -0.21 -0.21 -0.21 -0.2  -0.21  0.05 -0.14  0.09  0.    0.
  0.    0.    0.    0.    0.    0.    0.    0.    0.    0.  ]
orbital number 11 energy -6.377432989624049
[-0.03 -0.02 -0.01 -0.02  0.02  0.03  0.03  0.04  0.02  0.03  0.03 -0.04
 -0.05 -0.05 -0.06 -0.05 -0.05  0.08  0.07  0.07  0.07 -0.06  0.07  0.07
  0.13  0.12  0.12  0.12  0.    0.12  0.12 -0.01 -0.02 -0.04 -0.05 -0.03
 -0.02 -0.01 -0.02 -0.03 -0.03 -0.02 -0.01 -0.    0.03 -0.01  0.01  0.
  0.    0.    0.   -0.05  0.   -0.03 -0.06 -0.06  0.    0.   -0.04  0.
  0.    0.    0.    0.   -0.02 -0.03 -0.02 -0.21 -0.21 -0.22 -0.19 -0.13
 -0.22  0.11 -0.08 -0.06 -0.03  0.07  0.02  0.05 -0.03 -0.06  0.11  0.17
 -0.09 -0.19 -0.3  -0.31 -0.3  -0.27 -0.29 -0.04  0.11  0.14  0.    0.
  0.    0.    0.    0.    0.    0.    0.    0.    0.    0.  ]
orbital number 12 energy -6.35713563870948
[ 0.16  0.14  0.12  0.14 -0.16 -0.14 -0.12 -0.1   0.05 -0.12 -0.14  0.02
  0.01 -0.01 -0.02 -0.01  0.01  0.26  0.25  0.25  0.25 -0.02  0.25  0.25
 -0.23 -0.22 -0.22 -0.22 -0.01 -0.22 -0.22 -0.02 -0.01  0.    0.02  0.
 -0.01 -0.08 -0.01  0.06  0.03 -0.01 -0.04  0.11 -0.04  0.12 -0.01 -0.01
 -0.01 -0.01 -0.01  0.02  0.   -0.01 -0.02 -0.03  0.01  0.01  0.02  0.01
  0.01 -0.    0.01  0.01  0.01 -0.01  0.01  0.06  0.07  0.07  0.05  0.03
  0.07 -0.02  0.05  0.04  0.03  0.    0.02 -0.02 -0.04 -0.06  0.    0.03
 -0.06 -0.04 -0.11 -0.1  -0.1  -0.07 -0.09  0.02 -0.05  0.06  0.    0.
  0.    0.    0.    0.    0.    0.    0.    0.    0.    0.  ]
orbital number 13 energy -6.292878027464308
[ 0.    0.    0.    0.   -0.   -0.   -0.   -0.   -0.   -0.   -0.   -0.
 -0.   -0.    0.   -0.   -0.    0.    0.    0.    0.    0.    0.    0.
 -0.01 -0.01 -0.01 -0.01  0.41 -0.01 -0.01 -0.   -0.   -0.   -0.   -0.
 -0.    0.    0.    0.    0.    0.    0.    0.   -0.    0.    0.4   0.41
  0.41  0.41  0.41  0.   -0.    0.    0.    0.    0.    0.    0.    0.
  0.   -0.    0.    0.    0.    0.    0.    0.    0.    0.    0.   -0.
  0.    0.    0.01  0.01  0.    0.    0.    0.    0.    0.    0.    0.
  0.   -0.    0.    0.    0.    0.    0.    0.   -0.   -0.    0.    0.
  0.    0.    0.    0.    0.    0.    0.    0.    0.    0.  ]
orbital number 14 energy -6.2863850533006715
[ 0.    0.    0.    0.   -0.   -0.   -0.    0.    0.   -0.   -0.    0.
  0.    0.    0.    0.    0.    0.01  0.01  0.01  0.01 -0.    0.01  0.01
 -0.   -0.   -0.   -0.    0.   -0.   -0.    0.    0.    0.    0.    0.
  0.   -0.   -0.   -0.   -0.   -0.   -0.    0.    0.    0.    0.    0.
  0.    0.    0.   -0.    0.   -0.   -0.   -0.   -0.41 -0.41 -0.   -0.41
 -0.41  0.   -0.4  -0.41 -0.   -0.   -0.   -0.   -0.   -0.   -0.    0.
 -0.   -0.   -0.   -0.   -0.   -0.   -0.   -0.   -0.   -0.01 -0.   -0.
 -0.01  0.   -0.   -0.   -0.   -0.   -0.   -0.    0.    0.    0.    0.
  0.    0.    0.    0.    0.    0.    0.    0.    0.    0.  ]
orbital number 15 energy -6.1704960947735845
[ 0.    0.03  0.06  0.03  0.02  0.05  0.07  0.08  0.05  0.07  0.05  0.16
  0.14  0.12  0.08  0.12  0.14 -0.07 -0.09 -0.1  -0.1  -0.04 -0.1  -0.09
 -0.09 -0.11 -0.12 -0.13  0.   -0.12 -0.11  0.24  0.21  0.18  0.12  0.18
  0.21 -0.07 -0.08 -0.08 -0.08 -0.09 -0.08  0.08  0.07  0.06  0.    0.
  0.    0.    0.   -0.06  0.01 -0.02 -0.04 -0.04  0.    0.   -0.05  0.
  0.    0.02  0.    0.   -0.02 -0.02 -0.02 -0.02 -0.07 -0.12  0.04  0.09
 -0.15 -0.12 -0.27 -0.23 -0.17 -0.18 -0.19 -0.12 -0.12 -0.16 -0.12 -0.08
 -0.18  0.06 -0.1  -0.08 -0.05  0.02 -0.01 -0.05  0.14  0.1   0.    0.
  0.    0.    0.    0.    0.    0.    0.    0.    0.    0.  ]
orbital number 16 energy -6.154386174502038
[-0.05 -0.05 -0.04 -0.05  0.05  0.03  0.02 -0.   -0.06  0.02  0.03 -0.25
 -0.23 -0.19 -0.13 -0.19 -0.23  0.07  0.08  0.1   0.1   0.05  0.1   0.08
 -0.04 -0.05 -0.05 -0.06  0.   -0.05 -0.05  0.18  0.16  0.14  0.1   0.14
  0.16  0.04  0.02 -0.01  0.01  0.02  0.03 -0.03  0.03 -0.04  0.    0.
  0.    0.    0.   -0.05 -0.02  0.02  0.05  0.06 -0.   -0.   -0.04 -0.
 -0.    0.02 -0.   -0.   -0.02  0.02 -0.02 -0.01 -0.05 -0.09  0.03  0.07
 -0.11 -0.1  -0.2  -0.17 -0.12 -0.14 -0.14  0.19  0.17  0.24  0.19  0.13
  0.28 -0.1   0.16  0.12  0.08 -0.04  0.02 -0.04  0.11 -0.15  0.    0.
  0.    0.    0.    0.    0.    0.    0.    0.    0.    0.  ]
orbital number 17 energy -6.03283942532301
[ 0.1   0.18  0.22  0.18  0.11  0.18  0.22  0.25  0.05  0.22  0.18 -0.07
 -0.08 -0.08 -0.07 -0.08 -0.08 -0.02 -0.04 -0.05 -0.05  0.02 -0.05 -0.04
 -0.02 -0.04 -0.05 -0.05  0.   -0.05 -0.04 -0.06 -0.08 -0.08 -0.07 -0.08
 -0.08 -0.22 -0.23 -0.22 -0.27 -0.29 -0.27  0.24  0.05  0.22  0.    0.
  0.    0.    0.    0.02 -0.01  0.01  0.02  0.02  0.    0.    0.01  0.
  0.   -0.01  0.    0.    0.    0.01  0.   -0.    0.02  0.03 -0.02 -0.03
  0.04  0.05  0.08  0.06  0.04  0.06  0.05  0.05  0.04  0.07  0.06  0.05
  0.09 -0.04  0.05  0.03  0.02 -0.02 -0.    0.01 -0.04 -0.04  0.    0.
  0.    0.    0.    0.    0.    0.    0.    0.    0.    0.  ]
orbital number 18 energy -5.065509076502486
[0. 0. 0. 0. 0. 0. 0. 0. 0. 0. 0. 0. 0. 0. 0. 0. 0. 0. 0. 0. 0. 0. 0. 0.
 0. 0. 0. 0. 0. 0. 0. 0. 0. 0. 0. 0. 0. 0. 0. 0. 0. 0. 0. 0. 0. 0. 0. 0.
 0. 0. 0. 0. 0. 0. 0. 0. 0. 0. 0. 0. 0. 0. 0. 0. 0. 0. 0. 0. 0. 0. 0. 0.
 0. 0. 0. 0. 0. 0. 0. 0. 0. 0. 0. 0. 0. 0. 0. 0. 0. 0. 0. 0. 0. 0. 0. 0.
 0. 0. 0. 0. 0. 0. 0. 0. 0. 1.]
orbital number 19 energy -5.054806799509895
[0. 0. 0. 0. 0. 0. 0. 0. 0. 0. 0. 0. 0. 0. 0. 0. 0. 0. 0. 0. 0. 0. 0. 0.
 0. 0. 0. 0. 0. 0. 0. 0. 0. 0. 0. 0. 0. 0. 0. 0. 0. 0. 0. 0. 0. 0. 0. 0.
 0. 0. 0. 0. 0. 0. 0. 0. 0. 0. 0. 0. 0. 0. 0. 0. 0. 0. 0. 0. 0. 0. 0. 0.
 0. 0. 0. 0. 0. 0. 0. 0. 0. 0. 0. 0. 0. 0. 0. 0. 0. 0. 0. 0. 0. 0. 0. 0.
 0. 0. 1. 0. 0. 0. 0. 0. 0. 0.]
orbital number 20 energy -5.052736300884448
[0. 0. 0. 0. 0. 0. 0. 0. 0. 0. 0. 0. 0. 0. 0. 0. 0. 0. 0. 0. 0. 0. 0. 0.
 0. 0. 0. 0. 0. 0. 0. 0. 0. 0. 0. 0. 0. 0. 0. 0. 0. 0. 0. 0. 0. 0. 0. 0.
 0. 0. 0. 0. 0. 0. 0. 0. 0. 0. 0. 0. 0. 0. 0. 0. 0. 0. 0. 0. 0. 0. 0. 0.
 0. 0. 0. 0. 0. 0. 0. 0. 0. 0. 0. 0. 0. 0. 0. 0. 0. 0. 0. 0. 0. 0. 0. 0.
 0. 0. 0. 0. 0. 0. 0. 1. 0. 0.]
orbital number 21 energy -5.051468884094686
[0. 0. 0. 0. 0. 0. 0. 0. 0. 0. 0. 0. 0. 0. 0. 0. 0. 0. 0. 0. 0. 0. 0. 0.
 0. 0. 0. 0. 0. 0. 0. 0. 0. 0. 0. 0. 0. 0. 0. 0. 0. 0. 0. 0. 0. 0. 0. 0.
 0. 0. 0. 0. 0. 0. 0. 0. 0. 0. 0. 0. 0. 0. 0. 0. 0. 0. 0. 0. 0. 0. 0. 0.
 0. 0. 0. 0. 0. 0. 0. 0. 0. 0. 0. 0. 0. 0. 0. 0. 0. 0. 0. 0. 0. 0. 0. 0.
 1. 0. 0. 0. 0. 0. 0. 0. 0. 0.]
orbital number 22 energy -5.050339314896239
[0. 0. 0. 0. 0. 0. 0. 0. 0. 0. 0. 0. 0. 0. 0. 0. 0. 0. 0. 0. 0. 0. 0. 0.
 0. 0. 0. 0. 0. 0. 0. 0. 0. 0. 0. 0. 0. 0. 0. 0. 0. 0. 0. 0. 0. 0. 0. 0.
 0. 0. 0. 0. 0. 0. 0. 0. 0. 0. 0. 0. 0. 0. 0. 0. 0. 0. 0. 0. 0. 0. 0. 0.
 0. 0. 0. 0. 0. 0. 0. 0. 0. 0. 0. 0. 0. 0. 0. 0. 0. 0. 0. 0. 0. 0. 0. 0.
 0. 0. 0. 0. 0. 0. 0. 0. 1. 0.]
orbital number 23 energy -5.040732126324859
[0. 0. 0. 0. 0. 0. 0. 0. 0. 0. 0. 0. 0. 0. 0. 0. 0. 0. 0. 0. 0. 0. 0. 0.
 0. 0. 0. 0. 0. 0. 0. 0. 0. 0. 0. 0. 0. 0. 0. 0. 0. 0. 0. 0. 0. 0. 0. 0.
 0. 0. 0. 0. 0. 0. 0. 0. 0. 0. 0. 0. 0. 0. 0. 0. 0. 0. 0. 0. 0. 0. 0. 0.
 0. 0. 0. 0. 0. 0. 0. 0. 0. 0. 0. 0. 0. 0. 0. 0. 0. 0. 0. 0. 0. 0. 0. 0.
 0. 0. 0. 1. 0. 0. 0. 0. 0. 0.]
orbital number 24 energy -5.038577408670085
[0. 0. 0. 0. 0. 0. 0. 0. 0. 0. 0. 0. 0. 0. 0. 0. 0. 0. 0. 0. 0. 0. 0. 0.
 0. 0. 0. 0. 0. 0. 0. 0. 0. 0. 0. 0. 0. 0. 0. 0. 0. 0. 0. 0. 0. 0. 0. 0.
 0. 0. 0. 0. 0. 0. 0. 0. 0. 0. 0. 0. 0. 0. 0. 0. 0. 0. 0. 0. 0. 0. 0. 0.
 0. 0. 0. 0. 0. 0. 0. 0. 0. 0. 0. 0. 0. 0. 0. 0. 0. 0. 0. 0. 0. 0. 0. 1.
 0. 0. 0. 0. 0. 0. 0. 0. 0. 0.]
orbital number 25 energy -5.031246236898917
[0. 0. 0. 0. 0. 0. 0. 0. 0. 0. 0. 0. 0. 0. 0. 0. 0. 0. 0. 0. 0. 0. 0. 0.
 0. 0. 0. 0. 0. 0. 0. 0. 0. 0. 0. 0. 0. 0. 0. 0. 0. 0. 0. 0. 0. 0. 0. 0.
 0. 0. 0. 0. 0. 0. 0. 0. 0. 0. 0. 0. 0. 0. 0. 0. 0. 0. 0. 0. 0. 0. 0. 0.
 0. 0. 0. 0. 0. 0. 0. 0. 0. 0. 0. 0. 0. 0. 0. 0. 0. 0. 0. 0. 0. 0. 0. 0.
 0. 0. 0. 0. 0. 1. 0. 0. 0. 0.]
orbital number 26 energy -5.0148865606919815
[0. 0. 0. 0. 0. 0. 0. 0. 0. 0. 0. 0. 0. 0. 0. 0. 0. 0. 0. 0. 0. 0. 0. 0.
 0. 0. 0. 0. 0. 0. 0. 0. 0. 0. 0. 0. 0. 0. 0. 0. 0. 0. 0. 0. 0. 0. 0. 0.
 0. 0. 0. 0. 0. 0. 0. 0. 0. 0. 0. 0. 0. 0. 0. 0. 0. 0. 0. 0. 0. 0. 0. 0.
 0. 0. 0. 0. 0. 0. 0. 0. 0. 0. 0. 0. 0. 0. 0. 0. 0. 0. 0. 0. 0. 0. 1. 0.
 0. 0. 0. 0. 0. 0. 0. 0. 0. 0.]
orbital number 27 energy -5.002527575070732
[0. 0. 0. 0. 0. 0. 0. 0. 0. 0. 0. 0. 0. 0. 0. 0. 0. 0. 0. 0. 0. 0. 0. 0.
 0. 0. 0. 0. 0. 0. 0. 0. 0. 0. 0. 0. 0. 0. 0. 0. 0. 0. 0. 0. 0. 0. 0. 0.
 0. 0. 0. 0. 0. 0. 0. 0. 0. 0. 0. 0. 0. 0. 0. 0. 0. 0. 0. 0. 0. 0. 0. 0.
 0. 0. 0. 0. 0. 0. 0. 0. 0. 0. 0. 0. 0. 0. 0. 0. 0. 0. 0. 0. 0. 0. 0. 0.
 0. 0. 0. 0. 1. 0. 0. 0. 0. 0.]
orbital number 28 energy -4.996671169819829
[0. 0. 0. 0. 0. 0. 0. 0. 0. 0. 0. 0. 0. 0. 0. 0. 0. 0. 0. 0. 0. 0. 0. 0.
 0. 0. 0. 0. 0. 0. 0. 0. 0. 0. 0. 0. 0. 0. 0. 0. 0. 0. 0. 0. 0. 0. 0. 0.
 0. 0. 0. 0. 0. 0. 0. 0. 0. 0. 0. 0. 0. 0. 0. 0. 0. 0. 0. 0. 0. 0. 0. 0.
 0. 0. 0. 0. 0. 0. 0. 0. 0. 0. 0. 0. 0. 0. 0. 0. 0. 0. 0. 0. 0. 0. 0. 0.
 0. 0. 0. 0. 0. 0. 1. 0. 0. 0.]
orbital number 29 energy -4.991687554012828
[0. 0. 0. 0. 0. 0. 0. 0. 0. 0. 0. 0. 0. 0. 0. 0. 0. 0. 0. 0. 0. 0. 0. 0.
 0. 0. 0. 0. 0. 0. 0. 0. 0. 0. 0. 0. 0. 0. 0. 0. 0. 0. 0. 0. 0. 0. 0. 0.
 0. 0. 0. 0. 0. 0. 0. 0. 0. 0. 0. 0. 0. 0. 0. 0. 0. 0. 0. 0. 0. 0. 0. 0.
 0. 0. 0. 0. 0. 0. 0. 0. 0. 0. 0. 0. 0. 0. 0. 0. 0. 0. 0. 0. 0. 0. 0. 0.
 0. 1. 0. 0. 0. 0. 0. 0. 0. 0.]
orbital number 30 energy -4.86873665412831
[ 0.15  0.06 -0.05  0.06 -0.13 -0.06  0.05  0.14  0.15  0.05 -0.05  0.16
  0.07 -0.05 -0.15 -0.06  0.07  0.06 -0.   -0.06 -0.08  0.05 -0.06 -0.
 -0.07  0.    0.07  0.1  -0.    0.07  0.   -0.2  -0.09  0.06  0.19  0.06
 -0.09 -0.13  0.    0.13  0.08 -0.01 -0.09 -0.15 -0.17 -0.05  0.   -0.
 -0.   -0.   -0.   -0.12 -0.07 -0.03  0.05  0.08  0.    0.   -0.07  0.
  0.    0.12 -0.    0.    0.04 -0.03  0.04  0.2   0.06 -0.11  0.21  0.06
 -0.22 -0.11 -0.26 -0.03  0.21  0.08  0.21 -0.16 -0.16  0.03 -0.06  0.09
  0.21 -0.05  0.17  0.09 -0.05 -0.17 -0.16 -0.07  0.03 -0.03  0.    0.
  0.    0.    0.    0.    0.    0.    0.    0.    0.    0.  ]
orbital number 31 energy -4.837885344091262
[-0.05 -0.04 -0.01 -0.04 -0.08 -0.05  0.01  0.06  0.13  0.01 -0.05  0.19
  0.1  -0.05 -0.17 -0.05  0.1   0.05  0.   -0.05 -0.07  0.06 -0.05 -0.
  0.04  0.   -0.04 -0.05 -0.   -0.04 -0.    0.15  0.08 -0.03 -0.13 -0.03
  0.08 -0.02 -0.    0.01  0.06  0.06  0.03  0.03  0.09 -0.01 -0.   -0.
  0.    0.    0.    0.12 -0.1  -0.04  0.06  0.11  0.    0.    0.07  0.
 -0.   -0.11 -0.   -0.   -0.04 -0.04 -0.04 -0.2  -0.07  0.09 -0.19 -0.03
  0.2   0.08  0.23  0.04 -0.18 -0.1  -0.21 -0.25 -0.22  0.05 -0.12  0.1
  0.29 -0.05  0.25  0.12 -0.08 -0.24 -0.24  0.07 -0.02 -0.03  0.    0.
  0.    0.    0.    0.    0.    0.    0.    0.    0.    0.  ]
orbital number 32 energy -4.720615187788341
[-0.   -0.    0.   -0.    0.    0.   -0.   -0.   -0.   -0.    0.   -0.
  0.    0.    0.    0.    0.   -0.   -0.    0.    0.    0.    0.   -0.
  0.    0.   -0.   -0.   -0.   -0.    0.    0.   -0.   -0.   -0.    0.
  0.    0.   -0.   -0.   -0.    0.    0.    0.    0.    0.   -0.   -0.
  0.    0.    0.    0.54 -0.   -0.    0.    0.   -0.   -0.    0.3  -0.
  0.   -0.52  0.    0.   -0.22 -0.   -0.22  0.13  0.   -0.12  0.16  0.06
 -0.16  0.07 -0.16 -0.12 -0.    0.16  0.13 -0.   -0.    0.   -0.   -0.
  0.    0.    0.    0.   -0.   -0.   -0.    0.29  0.04  0.    0.    0.
  0.    0.    0.    0.    0.    0.    0.    0.    0.    0.  ]
orbital number 33 energy -4.691304418886108
[-0.15 -0.05  0.08 -0.05  0.16  0.05 -0.08 -0.17 -0.12 -0.08  0.05 -0.06
  0.    0.05  0.07  0.05 -0.   -0.06 -0.01  0.05  0.08 -0.17  0.05 -0.01
  0.06  0.01 -0.05 -0.07 -0.   -0.05  0.01  0.04 -0.01 -0.05 -0.06 -0.05
 -0.01  0.16  0.   -0.16 -0.12 -0.    0.11  0.16  0.11  0.08 -0.   -0.
  0.    0.    0.   -0.07  0.3   0.12 -0.17 -0.31 -0.   -0.   -0.04 -0.
  0.    0.07  0.    0.    0.03  0.12  0.03  0.14  0.1  -0.    0.08 -0.05
 -0.11  0.03 -0.1  -0.05  0.03  0.14  0.13 -0.22 -0.01  0.14 -0.26 -0.09
  0.19  0.01  0.21  0.08 -0.1  -0.18 -0.22 -0.04 -0.01 -0.01  0.    0.
  0.    0.    0.    0.    0.    0.    0.    0.    0.    0.  ]
orbital number 34 energy -4.6790559531327816
[ 0.15  0.05 -0.07  0.05 -0.13 -0.04  0.07  0.15  0.09  0.07 -0.04  0.02
 -0.02 -0.04 -0.04 -0.04 -0.02  0.05  0.   -0.04 -0.06 -0.25 -0.04  0.
 -0.06 -0.01  0.05  0.07  0.    0.05 -0.01 -0.05  0.    0.05  0.07  0.05
  0.   -0.15  0.    0.15  0.1  -0.01 -0.12 -0.16 -0.12 -0.07  0.    0.
 -0.   -0.   -0.    0.07  0.44  0.18 -0.25 -0.46  0.    0.    0.04  0.
 -0.   -0.07 -0.   -0.   -0.03  0.19 -0.03 -0.14 -0.11 -0.   -0.07  0.06
  0.11 -0.04  0.09  0.06 -0.02 -0.15 -0.13  0.05  0.04  0.04  0.02 -0.03
  0.01 -0.08 -0.    0.07  0.09 -0.03  0.05  0.04  0.01 -0.03  0.    0.
  0.    0.    0.    0.    0.    0.    0.    0.    0.    0.  ]
orbital number 35 energy -4.620837681004942
[ 0.   -0.   -0.   -0.   -0.   -0.    0.    0.    0.    0.   -0.    0.
  0.   -0.   -0.   -0.    0.    0.    0.   -0.   -0.   -0.   -0.    0.
  0.    0.   -0.   -0.   -0.   -0.    0.    0.    0.   -0.   -0.   -0.
  0.   -0.   -0.    0.    0.    0.   -0.   -0.    0.   -0.   -0.   -0.
  0.    0.    0.   -0.    0.    0.   -0.   -0.    0.    0.    0.49  0.
 -0.    0.   -0.   -0.   -0.51  0.    0.51  0.    0.    0.   -0.   -0.
 -0.    0.   -0.   -0.   -0.    0.    0.    0.   -0.   -0.    0.    0.
 -0.   -0.   -0.    0.    0.    0.    0.   -0.49 -0.   -0.    0.    0.
  0.    0.    0.    0.    0.    0.    0.    0.    0.    0.  ]
orbital number 36 energy -4.578537501822355
[ 0.    0.   -0.    0.    0.    0.   -0.   -0.   -0.01 -0.    0.   -0.01
 -0.    0.    0.01  0.   -0.   -0.   -0.    0.    0.    0.49  0.   -0.
 -0.   -0.    0.    0.    0.    0.   -0.   -0.01 -0.    0.    0.01  0.
 -0.    0.    0.    0.   -0.   -0.01 -0.   -0.   -0.01 -0.    0.    0.
 -0.   -0.   -0.    0.   -0.   -0.51 -0.49  0.   -0.   -0.    0.   -0.
  0.   -0.    0.    0.   -0.    0.51 -0.   -0.01 -0.01 -0.   -0.    0.01
  0.   -0.01  0.    0.    0.   -0.01 -0.   -0.01  0.    0.01 -0.01 -0.
  0.    0.01  0.   -0.   -0.01 -0.   -0.01  0.    0.    0.    0.    0.
  0.    0.    0.    0.    0.    0.    0.    0.    0.    0.  ]
orbital number 37 energy -4.575072582284527
[ 0.13  0.08 -0.02  0.08  0.14  0.08 -0.03 -0.13 -0.18 -0.03  0.08 -0.18
 -0.06  0.09  0.18  0.09 -0.06 -0.11 -0.02  0.08  0.12  0.04  0.08 -0.02
 -0.1  -0.02  0.08  0.12  0.    0.08 -0.02 -0.18 -0.06  0.09  0.18  0.08
 -0.06  0.03  0.04  0.02 -0.1  -0.15 -0.09 -0.11 -0.18 -0.02  0.    0.
 -0.   -0.   -0.    0.08 -0.1  -0.03  0.07  0.1  -0.   -0.    0.04 -0.
  0.   -0.07  0.    0.   -0.04 -0.06 -0.03 -0.18 -0.2  -0.08 -0.02  0.15
  0.11 -0.15  0.07  0.13  0.09 -0.25 -0.14 -0.14  0.09  0.13 -0.25 -0.14
  0.07  0.16  0.11 -0.08 -0.2  -0.02 -0.18  0.04  0.03  0.03  0.    0.
  0.    0.    0.    0.    0.    0.    0.    0.    0.    0.  ]
orbital number 38 energy -4.42132941267397
[-0.15 -0.03  0.11 -0.02  0.14  0.02 -0.11 -0.17  0.   -0.11  0.02  0.17
  0.1  -0.03 -0.15 -0.03  0.11  0.    0.   -0.   -0.   -0.02 -0.   -0.
  0.   -0.   -0.   -0.   -0.   -0.    0.   -0.17 -0.1   0.03  0.15  0.02
 -0.11  0.2  -0.   -0.2  -0.16  0.    0.16  0.17  0.    0.11 -0.   -0.
  0.    0.    0.    0.03  0.04  0.02 -0.02 -0.04  0.    0.    0.02  0.
 -0.   -0.03 -0.   -0.   -0.02  0.02 -0.02 -0.11 -0.22 -0.15  0.08  0.2
  0.04 -0.2   0.    0.17  0.19 -0.22 -0.03  0.03 -0.19 -0.17  0.22  0.2
 -0.   -0.2  -0.04  0.15  0.22 -0.08  0.11  0.02  0.02 -0.03  0.    0.
  0.    0.    0.    0.    0.    0.    0.    0.    0.    0.  ]
orbital number 39 energy -4.277953001810541
[ 0.21  0.09 -0.09  0.1   0.21  0.09 -0.09 -0.21 -0.13 -0.09  0.1   0.06
  0.08  0.03 -0.04  0.04  0.08 -0.12 -0.03  0.07  0.12 -0.    0.07 -0.03
 -0.12 -0.03  0.08  0.13  0.    0.07 -0.04  0.06  0.07  0.03 -0.04  0.04
  0.08  0.1   0.16  0.09 -0.19 -0.32 -0.19 -0.21 -0.13 -0.08  0.    0.
 -0.   -0.   -0.   -0.    0.    0.   -0.   -0.   -0.   -0.   -0.   -0.
  0.    0.    0.    0.    0.    0.    0.    0.04  0.17  0.15 -0.11 -0.16
 -0.01  0.16  0.01 -0.15 -0.17  0.13 -0.03 -0.03 -0.18 -0.15  0.13  0.16
  0.01 -0.16 -0.01  0.15  0.17 -0.12  0.04 -0.   -0.   -0.    0.    0.
  0.    0.    0.    0.    0.    0.    0.    0.    0.    0.  ]
orbital number 40 energy -3.9894323398541727
[-0.06  0.03  0.09  0.04  0.05 -0.03 -0.08 -0.07  0.16 -0.09 -0.04  0.09
 -0.   -0.09 -0.1  -0.08  0.01  0.28  0.11 -0.15 -0.28 -0.01 -0.15  0.1
 -0.3  -0.12  0.16  0.29  0.    0.16 -0.11 -0.1   0.    0.1   0.1   0.09
 -0.01  0.19 -0.01 -0.2  -0.17  0.02  0.18  0.08 -0.17  0.1   0.01  0.
 -0.   -0.01 -0.    0.02  0.01  0.01 -0.01 -0.02  0.    0.01  0.01  0.
 -0.   -0.01 -0.01 -0.   -0.01  0.01 -0.01 -0.01  0.13  0.14 -0.13 -0.11
  0.01  0.1  -0.02 -0.12 -0.11  0.04 -0.06  0.06  0.1   0.11 -0.03 -0.09
  0.02  0.11 -0.01 -0.13 -0.13  0.13  0.01  0.01  0.03 -0.03  0.    0.
  0.    0.    0.    0.    0.    0.    0.    0.    0.    0.  ]
orbital number 41 energy -3.946925116630047
[ 0.09 -0.04 -0.12  0.03  0.1  -0.04 -0.13 -0.11  0.13 -0.07  0.03  0.09
 -0.   -0.09 -0.09 -0.06  0.03  0.26  0.11 -0.13 -0.25 -0.01 -0.14  0.1
  0.23  0.1  -0.12 -0.23 -0.   -0.13  0.09  0.08 -0.   -0.08 -0.09 -0.06
  0.02  0.17  0.31  0.16 -0.2  -0.37 -0.19 -0.1   0.11 -0.06 -0.01 -0.
  0.    0.01  0.   -0.01  0.01  0.01 -0.01 -0.01  0.    0.01 -0.01  0.
 -0.    0.01 -0.01 -0.    0.01  0.01  0.01  0.01 -0.09 -0.1   0.1   0.08
 -0.01 -0.06  0.02  0.08  0.07 -0.02  0.05  0.05  0.08  0.09 -0.02 -0.07
  0.02  0.09 -0.01 -0.11 -0.11  0.11  0.01 -0.01 -0.02 -0.03  0.    0.
  0.    0.    0.    0.    0.    0.    0.    0.    0.    0.  ]
orbital number 42 energy -3.9166622126320174
[ 0.   -0.   -0.   -0.    0.   -0.   -0.   -0.    0.    0.    0.    0.
 -0.   -0.   -0.    0.    0.    0.    0.   -0.   -0.   -0.   -0.    0.
  0.01  0.   -0.   -0.01 -0.   -0.    0.    0.01  0.5   0.5  -0.01 -0.5
 -0.5   0.    0.01  0.01 -0.   -0.01 -0.01 -0.    0.   -0.   -0.   -0.
  0.    0.    0.   -0.    0.    0.   -0.   -0.    0.    0.   -0.    0.
 -0.    0.   -0.   -0.    0.    0.    0.    0.01 -0.   -0.01  0.01 -0.
 -0.01  0.    0.    0.01  0.   -0.   -0.    0.    0.    0.   -0.   -0.
  0.    0.   -0.   -0.   -0.    0.    0.   -0.   -0.   -0.    0.    0.
  0.    0.    0.    0.    0.    0.    0.    0.    0.    0.  ]
orbital number 43 energy -3.911816680645097
[ 0.   -0.   -0.    0.    0.   -0.   -0.01 -0.    0.01 -0.    0.    0.01
  0.5   0.5  -0.01 -0.5  -0.5   0.01  0.   -0.   -0.01 -0.   -0.    0.
  0.    0.   -0.   -0.   -0.   -0.    0.    0.    0.    0.   -0.   -0.
 -0.    0.01  0.01  0.   -0.01 -0.01 -0.   -0.    0.    0.   -0.   -0.
  0.    0.    0.   -0.    0.    0.   -0.   -0.    0.    0.   -0.    0.
 -0.    0.   -0.   -0.    0.    0.    0.    0.   -0.   -0.    0.    0.
 -0.   -0.    0.    0.    0.   -0.    0.   -0.    0.    0.01 -0.    0.
  0.   -0.   -0.01 -0.01 -0.    0.01  0.01 -0.   -0.   -0.    0.    0.
  0.    0.    0.    0.    0.    0.    0.    0.    0.    0.  ]
orbital number 44 energy -3.8769646148410932
[ 0.01  0.5   0.49 -0.5   0.01 -0.04 -0.05 -0.01  0.01  0.03  0.04  0.01
  0.   -0.   -0.01 -0.01  0.    0.02  0.01 -0.01 -0.02 -0.   -0.01  0.01
  0.01  0.   -0.   -0.01 -0.   -0.    0.    0.01  0.   -0.   -0.01 -0.01
  0.    0.01  0.02  0.01 -0.01 -0.02 -0.01 -0.01  0.   -0.5  -0.   -0.
  0.    0.    0.   -0.    0.    0.   -0.   -0.    0.    0.   -0.    0.
 -0.    0.   -0.   -0.    0.    0.    0.    0.   -0.01 -0.01  0.01  0.01
 -0.   -0.    0.    0.01  0.   -0.    0.    0.    0.    0.01 -0.   -0.
  0.    0.01 -0.   -0.01 -0.01  0.01  0.   -0.   -0.   -0.    0.    0.
  0.    0.    0.    0.    0.    0.    0.    0.    0.    0.  ]
orbital number 45 energy -3.87330217182764
[ 0.01  0.04  0.03 -0.04  0.01  0.5   0.49 -0.01  0.   -0.5  -0.5   0.
  0.   -0.   -0.   -0.   -0.    0.02  0.01 -0.01 -0.02 -0.   -0.01  0.01
  0.02  0.01 -0.01 -0.02 -0.   -0.01  0.01  0.01  0.   -0.   -0.01 -0.01
  0.    0.01  0.02  0.01 -0.01 -0.02 -0.01 -0.01  0.01 -0.05 -0.   -0.
  0.    0.    0.   -0.    0.    0.   -0.   -0.    0.    0.   -0.    0.
 -0.    0.   -0.   -0.    0.    0.    0.    0.   -0.01 -0.01  0.01  0.01
 -0.   -0.    0.    0.01  0.   -0.    0.    0.    0.    0.   -0.   -0.
  0.    0.   -0.   -0.   -0.    0.    0.   -0.   -0.   -0.    0.    0.
  0.    0.    0.    0.    0.    0.    0.    0.    0.    0.  ]
orbital number 46 energy -3.854716692615725
[ 0.    0.   -0.   -0.    0.    0.    0.   -0.    0.   -0.   -0.    0.
  0.   -0.   -0.   -0.    0.    0.    0.   -0.   -0.   -0.   -0.    0.
  0.   -0.5  -0.5  -0.01 -0.    0.5   0.5  -0.   -0.    0.    0.    0.
 -0.    0.    0.    0.   -0.   -0.   -0.   -0.    0.   -0.   -0.   -0.
  0.    0.    0.    0.    0.    0.   -0.   -0.    0.    0.    0.    0.
 -0.   -0.   -0.   -0.   -0.    0.   -0.   -0.    0.    0.   -0.   -0.
  0.    0.   -0.   -0.   -0.    0.   -0.    0.    0.    0.   -0.   -0.
  0.    0.   -0.   -0.   -0.    0.    0.    0.    0.   -0.    0.    0.
  0.    0.    0.    0.    0.    0.    0.    0.    0.    0.  ]
orbital number 47 energy -3.8487685636483584
[ 0.    0.    0.   -0.    0.   -0.   -0.   -0.    0.   -0.   -0.   -0.
 -0.    0.    0.    0.   -0.    0.   -0.5  -0.5  -0.01  0.    0.5   0.5
  0.    0.   -0.   -0.   -0.   -0.    0.    0.    0.   -0.   -0.   -0.
  0.    0.    0.    0.   -0.   -0.   -0.   -0.    0.   -0.   -0.   -0.
  0.    0.    0.   -0.   -0.   -0.    0.    0.    0.    0.   -0.    0.
 -0.    0.   -0.   -0.    0.   -0.    0.    0.   -0.   -0.    0.    0.
 -0.   -0.    0.    0.    0.   -0.    0.   -0.   -0.   -0.    0.    0.
 -0.   -0.    0.    0.    0.   -0.   -0.   -0.   -0.    0.    0.    0.
  0.    0.    0.    0.    0.    0.    0.    0.    0.    0.  ]
orbital number 48 energy -3.761995086718446
[ 0.   -0.   -0.   -0.   -0.    0.    0.    0.   -0.   -0.   -0.   -0.
 -0.    0.    0.    0.   -0.   -0.   -0.    0.    0.    0.    0.   -0.
 -0.   -0.   -0.    0.    0.52 -0.   -0.    0.    0.   -0.   -0.   -0.
  0.   -0.    0.    0.    0.   -0.   -0.   -0.    0.   -0.    0.04 -0.48
 -0.52 -0.04  0.48 -0.   -0.   -0.    0.    0.   -0.   -0.   -0.   -0.
  0.    0.    0.    0.    0.   -0.    0.    0.   -0.   -0.    0.    0.
 -0.   -0.    0.    0.    0.    0.    0.   -0.   -0.   -0.   -0.    0.
 -0.   -0.    0.    0.    0.   -0.   -0.   -0.   -0.    0.    0.    0.
  0.    0.    0.    0.    0.    0.    0.    0.    0.    0.  ]
orbital number 49 energy -3.7554481356324603
[ 0.   -0.   -0.    0.    0.    0.    0.    0.   -0.    0.    0.   -0.
 -0.    0.    0.    0.   -0.    0.    0.    0.   -0.    0.    0.    0.
  0.    0.   -0.   -0.   -0.   -0.    0.    0.    0.   -0.   -0.   -0.
  0.   -0.   -0.    0.    0.    0.   -0.   -0.    0.    0.   -0.   -0.
  0.    0.    0.   -0.   -0.   -0.    0.    0.   -0.48  0.04 -0.    0.52
  0.48  0.   -0.04 -0.52  0.   -0.    0.    0.   -0.   -0.    0.    0.
 -0.   -0.    0.    0.    0.    0.    0.   -0.   -0.   -0.   -0.    0.
 -0.   -0.    0.    0.    0.   -0.   -0.   -0.   -0.    0.    0.    0.
  0.    0.    0.    0.    0.    0.    0.    0.    0.    0.  ]
orbital number 50 energy -3.734408140160996
[ 0.    0.    0.    0.    0.   -0.   -0.   -0.    0.    0.    0.    0.
  0.   -0.   -0.   -0.    0.    0.    0.   -0.   -0.   -0.   -0.    0.
  0.01  0.01 -0.   -0.01 -0.26 -0.    0.   -0.02 -0.01  0.01  0.02  0.01
 -0.01  0.   -0.01 -0.01 -0.    0.01  0.01 -0.   -0.01  0.   -0.58 -0.32
  0.25  0.57  0.31  0.    0.    0.   -0.   -0.    0.    0.    0.    0.
 -0.   -0.   -0.   -0.   -0.    0.   -0.   -0.    0.01  0.01 -0.01 -0.01
  0.    0.   -0.01 -0.01 -0.   -0.   -0.01  0.    0.    0.    0.   -0.
  0.    0.   -0.   -0.   -0.    0.    0.    0.    0.01 -0.    0.    0.
  0.    0.    0.    0.    0.    0.    0.    0.    0.    0.  ]
orbital number 51 energy -3.727959963909153
[ 0.   -0.   -0.    0.    0.    0.    0.   -0.   -0.01  0.    0.   -0.02
 -0.01  0.01  0.02  0.01 -0.01  0.01  0.01 -0.   -0.01  0.   -0.    0.
  0.    0.   -0.   -0.    0.   -0.    0.    0.    0.   -0.   -0.   -0.
  0.   -0.01 -0.01  0.    0.01  0.01 -0.   -0.    0.    0.    0.    0.
 -0.   -0.   -0.   -0.   -0.   -0.    0.    0.    0.31  0.57 -0.    0.25
 -0.32  0.   -0.58 -0.26  0.   -0.    0.    0.   -0.   -0.    0.    0.
 -0.   -0.    0.    0.    0.    0.    0.   -0.01 -0.   -0.01 -0.    0.
 -0.01 -0.01  0.    0.01  0.01 -0.01 -0.   -0.   -0.    0.01  0.    0.
  0.    0.    0.    0.    0.    0.    0.    0.    0.    0.  ]
orbital number 52 energy -3.629815209084357
[ 0.01  0.01  0.01  0.    0.    0.   -0.   -0.   -0.   -0.    0.   -0.01
 -0.    0.    0.01  0.   -0.    0.01  0.01 -0.01 -0.01  0.   -0.01  0.01
  0.33  0.17 -0.15 -0.32  0.01 -0.16  0.17 -0.34 -0.16  0.18  0.34  0.17
 -0.17 -0.   -0.02 -0.02 -0.    0.02  0.02 -0.01 -0.02 -0.    0.02  0.01
 -0.01 -0.02 -0.01  0.05 -0.   -0.    0.    0.   -0.   -0.    0.02 -0.
  0.   -0.04  0.    0.   -0.04 -0.   -0.04 -0.1   0.22  0.29 -0.3  -0.13
  0.03  0.04 -0.14 -0.18 -0.03 -0.04 -0.07 -0.   -0.   -0.   -0.    0.
 -0.   -0.    0.    0.01  0.   -0.01 -0.    0.02  0.12  0.    0.    0.
  0.    0.    0.    0.    0.    0.    0.    0.    0.    0.  ]
orbital number 53 energy -3.625352776624312
[ 0.    0.   -0.    0.    0.    0.   -0.   -0.01 -0.02  0.01  0.01 -0.34
 -0.16  0.17  0.34  0.17 -0.17  0.33  0.17 -0.15 -0.33  0.02 -0.16  0.17
 -0.01 -0.    0.    0.01 -0.    0.   -0.    0.01  0.   -0.01 -0.01 -0.
  0.   -0.02 -0.02  0.    0.02  0.02 -0.   -0.    0.   -0.   -0.   -0.
  0.    0.    0.   -0.   -0.04 -0.04  0.02  0.05 -0.01 -0.02 -0.   -0.01
  0.01  0.    0.02  0.01  0.   -0.04  0.    0.   -0.01 -0.01  0.01  0.
 -0.   -0.    0.    0.01  0.    0.    0.   -0.07 -0.03 -0.18 -0.04  0.04
 -0.14 -0.13  0.03  0.29  0.22 -0.3  -0.1  -0.   -0.    0.12  0.    0.
  0.    0.    0.    0.    0.    0.    0.    0.    0.    0.  ]
orbital number 54 energy -3.345674428570618
[-0.13 -0.09  0.05 -0.09 -0.12 -0.08  0.05  0.13  0.04  0.04 -0.09  0.01
 -0.01 -0.01 -0.   -0.02 -0.01 -0.08 -0.05  0.03  0.08 -0.    0.03 -0.05
 -0.09 -0.05  0.04  0.09 -0.    0.04 -0.05  0.02 -0.   -0.02 -0.02 -0.03
 -0.01  0.1   0.23  0.1  -0.06 -0.15 -0.07  0.13  0.05  0.04 -0.   -0.
  0.    0.    0.   -0.    0.    0.   -0.   -0.    0.    0.   -0.    0.
 -0.    0.   -0.   -0.    0.    0.    0.   -0.28 -0.08  0.2  -0.14  0.2
  0.25 -0.18 -0.23 -0.22  0.06  0.17  0.28  0.2   0.04 -0.16  0.12 -0.13
 -0.17  0.14  0.18  0.15 -0.05 -0.11 -0.2  -0.   -0.01 -0.01  0.    0.
  0.    0.    0.    0.    0.    0.    0.    0.    0.    0.  ]
orbital number 55 energy -3.336298258618512
[-0.01 -0.    0.01 -0.   -0.03 -0.03  0.01  0.04  0.03  0.01 -0.03  0.05
  0.02 -0.03 -0.05 -0.04  0.01 -0.05 -0.03  0.02  0.05 -0.    0.02 -0.03
  0.02  0.01 -0.01 -0.02  0.   -0.01  0.01 -0.05 -0.02  0.03  0.05  0.04
 -0.02  0.04  0.04 -0.01 -0.04 -0.02  0.02  0.01 -0.01  0.01  0.    0.
 -0.   -0.   -0.    0.01  0.01  0.01 -0.   -0.01  0.    0.    0.    0.
 -0.   -0.01 -0.   -0.   -0.01  0.01 -0.01  0.24  0.1  -0.15  0.09 -0.19
 -0.23  0.16  0.19  0.18 -0.04 -0.17 -0.26  0.32  0.05 -0.23  0.2  -0.2
 -0.24  0.23  0.28  0.2  -0.11 -0.12 -0.3   0.    0.03 -0.03  0.    0.
  0.    0.    0.    0.    0.    0.    0.    0.    0.    0.  ]
orbital number 56 energy -3.3043803983028366
[ 0.23  0.15 -0.09  0.16  0.23  0.15 -0.09 -0.24 -0.05 -0.08  0.16  0.09
  0.06 -0.03 -0.09 -0.04  0.05  0.08  0.05 -0.04 -0.08 -0.01 -0.03  0.05
  0.08  0.05 -0.04 -0.08  0.   -0.03  0.05  0.09  0.06 -0.03 -0.09 -0.04
  0.05 -0.17 -0.39 -0.17  0.1   0.25  0.1  -0.24 -0.05 -0.09  0.    0.
 -0.   -0.   -0.   -0.02  0.01  0.01 -0.01 -0.02 -0.   -0.   -0.01 -0.
  0.    0.01  0.    0.    0.01  0.01  0.01 -0.12 -0.1   0.03  0.01  0.13
  0.14 -0.08 -0.07 -0.1  -0.    0.12  0.16  0.17 -0.   -0.1   0.13 -0.09
 -0.08  0.13  0.15  0.04 -0.11  0.   -0.13 -0.   -0.05 -0.05  0.    0.
  0.    0.    0.    0.    0.    0.    0.    0.    0.    0.  ]
orbital number 57 energy -3.0873974003119953
[-0.22 -0.19  0.07 -0.18  0.23  0.19 -0.07 -0.25 -0.09 -0.08  0.19  0.04
  0.05 -0.   -0.05 -0.01  0.04  0.09  0.06 -0.04 -0.09 -0.   -0.04  0.06
 -0.09 -0.06  0.04  0.09 -0.    0.03 -0.06 -0.04 -0.05  0.    0.05  0.01
 -0.04 -0.3  -0.    0.3   0.38  0.   -0.38  0.25  0.09  0.08 -0.   -0.
  0.    0.    0.    0.02  0.01  0.01 -0.   -0.02 -0.   -0.    0.   -0.
  0.   -0.01  0.    0.   -0.01  0.01 -0.01  0.01  0.07  0.04 -0.06 -0.04
 -0.04 -0.01 -0.03  0.03  0.05 -0.07 -0.03  0.03 -0.05 -0.03  0.07  0.01
  0.03  0.04  0.04 -0.04 -0.07  0.06 -0.01  0.    0.05 -0.05  0.    0.
  0.    0.    0.    0.    0.    0.    0.    0.    0.    0.  ]
orbital number 58 energy -2.7089718036230415
[ 0.07  0.03 -0.05  0.03  0.03  0.01 -0.02 -0.02  0.04 -0.02  0.01  0.09
  0.02 -0.08 -0.07 -0.08  0.02 -0.02 -0.02  0.01  0.03  0.01  0.01 -0.02
 -0.04 -0.04  0.01  0.05 -0.    0.02 -0.04  0.19  0.04 -0.16 -0.14 -0.16
  0.04 -0.   -0.05 -0.03 -0.02  0.02  0.03 -0.07  0.08 -0.05 -0.   -0.
  0.    0.    0.    0.07 -0.02 -0.03  0.01  0.03  0.    0.    0.01  0.
 -0.   -0.03 -0.   -0.   -0.06 -0.03 -0.06 -0.04  0.28  0.19 -0.29 -0.08
 -0.18 -0.17 -0.21  0.25  0.34 -0.29  0.05  0.02  0.17  0.12 -0.14 -0.09
 -0.1  -0.04 -0.09  0.1   0.14 -0.14 -0.02  0.01  0.27  0.13  0.    0.
  0.    0.    0.    0.    0.    0.    0.    0.    0.    0.  ]
orbital number 59 energy -2.701780855015742
[-0.04 -0.03  0.02 -0.03  0.08  0.04 -0.05 -0.08  0.07 -0.05  0.04  0.19
  0.04 -0.16 -0.15 -0.16  0.04 -0.04 -0.03  0.01  0.04  0.01  0.02 -0.03
  0.02  0.01 -0.01 -0.02  0.   -0.01  0.01 -0.1  -0.02  0.08  0.07  0.08
 -0.02 -0.05 -0.02  0.04  0.07  0.01 -0.07  0.05 -0.03  0.03  0.    0.
 -0.   -0.   -0.   -0.03 -0.03 -0.06  0.01  0.07  0.    0.   -0.01  0.
 -0.    0.02 -0.   -0.    0.03 -0.06  0.03  0.02 -0.13 -0.09  0.14  0.04
  0.09  0.08  0.1  -0.12 -0.17  0.14 -0.03  0.05  0.34  0.25 -0.29 -0.17
 -0.21 -0.08 -0.18  0.19  0.27 -0.28 -0.04 -0.01 -0.13  0.27  0.    0.
  0.    0.    0.    0.    0.    0.    0.    0.    0.    0.  ]
orbital number 60 energy 0.0
[ 0.23  0.   -0.22  0.    0.01 -0.   -0.01  0.    0.02 -0.01 -0.    0.
 -0.01  0.    0.01  0.   -0.01 -0.   -0.01  0.    0.01  0.    0.   -0.01
 -0.   -0.21  0.    0.21 -0.    0.   -0.21  0.   -0.22  0.    0.23  0.
 -0.23  0.   -0.07 -0.   -0.07  0.    0.07 -0.    0.73 -0.22 -0.   -0.
  0.    0.    0.   -0.01 -0.    0.    0.   -0.    0.    0.    0.    0.
 -0.   -0.   -0.   -0.    0.01  0.    0.01  0.01 -0.03 -0.    0.02 -0.01
  0.03  0.05  0.01 -0.09 -0.01  0.01 -0.06 -0.   -0.   -0.    0.    0.
  0.   -0.    0.   -0.   -0.    0.    0.    0.   -0.03 -0.    0.    0.
  0.    0.    0.    0.    0.    0.    0.    0.    0.    0.  ]
orbital number 61 energy 0.004797405082213935
[-0.01 -0.    0.01 -0.    0.23  0.   -0.22 -0.    0.73 -0.22 -0.    0.
 -0.22  0.    0.23  0.   -0.23 -0.   -0.21  0.    0.21  0.    0.   -0.21
  0.    0.01 -0.   -0.01  0.   -0.    0.01 -0.    0.01 -0.   -0.01 -0.
  0.01 -0.   -0.07  0.    0.07  0.   -0.07  0.   -0.02  0.01  0.    0.
 -0.   -0.   -0.    0.   -0.    0.01  0.   -0.01  0.    0.   -0.    0.
 -0.    0.   -0.   -0.   -0.    0.01 -0.   -0.    0.    0.   -0.    0.
 -0.   -0.   -0.    0.    0.   -0.    0.   -0.06 -0.01 -0.09  0.01  0.05
  0.01 -0.01  0.03 -0.   -0.03  0.02  0.01 -0.    0.   -0.03  0.    0.
  0.    0.    0.    0.    0.    0.    0.    0.    0.    0.  ]
orbital number 62 energy 2.822094896395055
[ 0.   -0.   -0.   -0.   -0.02  0.01  0.01 -0.02 -0.02  0.01  0.01  0.05
 -0.02 -0.04  0.05 -0.04 -0.01 -0.01  0.01  0.   -0.01  0.22  0.    0.01
 -0.    0.    0.   -0.    0.    0.    0.   -0.    0.    0.   -0.    0.
  0.   -0.02  0.01  0.01 -0.02  0.    0.02  0.01 -0.   -0.   -0.    0.
  0.   -0.    0.    0.   -0.53  0.32  0.22 -0.51  0.   -0.   -0.    0.
  0.    0.   -0.    0.   -0.    0.32 -0.    0.    0.   -0.   -0.    0.
 -0.   -0.    0.    0.   -0.    0.    0.   -0.17  0.08  0.07  0.05  0.14
 -0.13  0.08 -0.11  0.13  0.01  0.09 -0.15 -0.    0.   -0.04  0.    0.
  0.    0.    0.    0.    0.    0.    0.    0.    0.    0.  ]
orbital number 63 energy 2.8518568285694403
[-0.03  0.02  0.02  0.02  0.01 -0.01 -0.    0.01 -0.   -0.   -0.01 -0.
  0.    0.   -0.    0.    0.   -0.    0.    0.   -0.    0.    0.    0.
 -0.01  0.01  0.   -0.01  0.    0.    0.01  0.06 -0.02 -0.05  0.05 -0.05
 -0.02  0.01  0.01 -0.02  0.02  0.   -0.02 -0.03 -0.02  0.02 -0.    0.
  0.   -0.    0.   -0.5  -0.01  0.    0.   -0.01  0.   -0.    0.21  0.
  0.   -0.52 -0.    0.    0.31  0.    0.31 -0.17  0.01  0.15  0.12  0.08
 -0.12  0.15 -0.15  0.08  0.09  0.06 -0.19 -0.   -0.    0.01  0.   -0.
 -0.    0.   -0.    0.    0.   -0.   -0.    0.21 -0.05 -0.    0.    0.
  0.    0.    0.    0.    0.    0.    0.    0.    0.    0.  ]
orbital number 64 energy 2.9763551884139305
[-0.16  0.11  0.07  0.11  0.15 -0.11 -0.06  0.16  0.01 -0.07 -0.1  -0.18
  0.06  0.12 -0.16  0.12  0.07  0.01 -0.01 -0.    0.01  0.02 -0.   -0.01
 -0.01  0.01  0.   -0.01  0.    0.01  0.01  0.2  -0.07 -0.14  0.18 -0.13
 -0.07  0.16  0.01 -0.16  0.21  0.   -0.21 -0.17 -0.02  0.07 -0.    0.
  0.   -0.    0.    0.03 -0.03  0.02  0.01 -0.03 -0.    0.   -0.01 -0.
 -0.    0.03  0.   -0.   -0.02  0.01 -0.02  0.08 -0.15  0.03  0.08 -0.16
  0.13  0.16  0.01 -0.28  0.21 -0.19  0.01  0.   -0.18  0.25  0.17 -0.15
 -0.    0.14 -0.11 -0.03  0.13 -0.07 -0.07 -0.02 -0.    0.01  0.    0.
  0.    0.    0.    0.    0.    0.    0.    0.    0.    0.  ]
orbital number 65 energy 3.0113045830792924
[ 0.08 -0.04 -0.05 -0.04  0.1  -0.05 -0.06  0.1   0.05 -0.05 -0.05 -0.21
  0.06  0.15 -0.19  0.15  0.07  0.04 -0.03 -0.02  0.05  0.02 -0.02 -0.03
  0.04 -0.03 -0.02  0.05 -0.   -0.02 -0.03 -0.19  0.06  0.14 -0.17  0.14
  0.06  0.05 -0.11  0.03  0.03 -0.05  0.    0.08  0.05 -0.05  0.   -0.
 -0.    0.   -0.   -0.   -0.01  0.02 -0.01 -0.01 -0.    0.   -0.   -0.
 -0.   -0.    0.   -0.   -0.   -0.01  0.01 -0.09  0.16 -0.03 -0.07  0.17
 -0.14 -0.18 -0.01  0.3  -0.22  0.22 -0.02 -0.02 -0.24  0.33  0.23 -0.19
 -0.01  0.19 -0.15 -0.04  0.17 -0.08 -0.1   0.01  0.    0.    0.    0.
  0.    0.    0.    0.    0.    0.    0.    0.    0.    0.  ]
orbital number 66 energy 3.0532873690983964
[ 0.   -0.    0.   -0.   -0.    0.    0.   -0.01 -0.    0.    0.    0.01
 -0.   -0.    0.01 -0.   -0.   -0.    0.    0.   -0.    0.51  0.    0.
 -0.    0.    0.   -0.    0.    0.    0.    0.   -0.   -0.    0.   -0.
 -0.   -0.    0.    0.   -0.    0.    0.    0.   -0.    0.   -0.    0.
  0.   -0.    0.   -0.   -0.    0.49 -0.51 -0.    0.   -0.    0.    0.
  0.   -0.   -0.    0.    0.   -0.49  0.    0.   -0.    0.    0.   -0.
  0.    0.    0.   -0.01  0.   -0.    0.    0.    0.01 -0.01 -0.01  0.
  0.   -0.    0.01 -0.   -0.   -0.    0.01  0.    0.    0.    0.    0.
  0.    0.    0.    0.    0.    0.    0.    0.    0.    0.  ]
orbital number 67 energy 3.0907306470077023
[ 0.   -0.   -0.   -0.   -0.    0.    0.   -0.    0.    0.    0.   -0.
 -0.    0.   -0.    0.    0.    0.   -0.   -0.    0.   -0.   -0.   -0.
 -0.    0.    0.   -0.    0.    0.    0.   -0.    0.    0.   -0.    0.
  0.   -0.   -0.    0.   -0.   -0.    0.    0.   -0.   -0.   -0.    0.
  0.   -0.    0.    0.    0.   -0.   -0.    0.   -0.    0.    0.51 -0.
 -0.    0.    0.   -0.    0.49 -0.   -0.49 -0.01 -0.    0.01  0.01  0.
 -0.01  0.   -0.01  0.01 -0.    0.01 -0.01 -0.   -0.    0.    0.   -0.
 -0.    0.   -0.    0.    0.    0.   -0.   -0.51 -0.   -0.    0.    0.
  0.    0.    0.    0.    0.    0.    0.    0.    0.    0.  ]
orbital number 68 energy 3.1082845996943336
[ 0.05 -0.05 -0.02 -0.05 -0.07  0.06  0.02 -0.08  0.02  0.03  0.05  0.03
 -0.02 -0.01  0.03 -0.01 -0.01  0.02 -0.01 -0.01  0.02 -0.08 -0.01 -0.02
 -0.03  0.02  0.01 -0.03  0.    0.01  0.02  0.    0.01 -0.01 -0.   -0.01
  0.01 -0.08  0.01  0.08 -0.11  0.    0.1   0.06 -0.03 -0.02 -0.    0.
  0.   -0.    0.   -0.11  0.18 -0.09 -0.08  0.17 -0.    0.    0.05 -0.
 -0.   -0.11  0.   -0.    0.06 -0.09  0.06  0.15  0.03 -0.17 -0.15 -0.02
  0.11 -0.02  0.11 -0.17  0.03 -0.15  0.15 -0.29 -0.    0.26  0.24  0.09
 -0.21 -0.   -0.19  0.35 -0.09  0.32 -0.29  0.05  0.04 -0.09  0.    0.
  0.    0.    0.    0.    0.    0.    0.    0.    0.    0.  ]
orbital number 69 energy 3.1147178998572
[ 0.04 -0.03 -0.02 -0.03  0.01  0.   -0.01  0.    0.02 -0.01  0.   -0.04
  0.01  0.03 -0.04  0.03  0.01  0.02 -0.01 -0.01  0.02  0.04 -0.01 -0.01
  0.   -0.    0.    0.   -0.   -0.   -0.   -0.05  0.02  0.03 -0.05  0.03
  0.02 -0.01 -0.03  0.04 -0.03 -0.02  0.04  0.05  0.   -0.02  0.   -0.
 -0.    0.   -0.   -0.2  -0.1   0.05  0.05 -0.1  -0.    0.    0.1  -0.
 -0.   -0.21  0.   -0.    0.12  0.05  0.1   0.27  0.13 -0.37 -0.35  0.04
  0.17 -0.11  0.21 -0.22 -0.04 -0.2   0.29  0.17 -0.05 -0.09 -0.09 -0.09
  0.13  0.04  0.08 -0.22  0.09 -0.21  0.15  0.08  0.09  0.05  0.    0.
  0.    0.    0.    0.    0.    0.    0.    0.    0.    0.  ]
orbital number 70 energy 3.162476075312032
[-0.17  0.15  0.04  0.15  0.17 -0.15 -0.04  0.19 -0.11 -0.05 -0.14  0.07
  0.01 -0.07  0.05 -0.07  0.   -0.11  0.08  0.05 -0.12 -0.01  0.05  0.08
  0.11 -0.08 -0.05  0.12 -0.   -0.05 -0.08 -0.07 -0.01  0.07 -0.05  0.07
 -0.    0.24  0.   -0.24  0.3   0.   -0.3  -0.19  0.11  0.05  0.   -0.
 -0.    0.   -0.   -0.04  0.03 -0.01 -0.02  0.03  0.   -0.    0.02  0.
  0.   -0.04 -0.    0.    0.03 -0.02  0.02  0.04  0.14 -0.16 -0.17  0.13
 -0.02 -0.15  0.07  0.1  -0.15  0.08  0.06 -0.06  0.15 -0.1  -0.09  0.15
 -0.07 -0.13  0.02  0.15 -0.14  0.17 -0.04  0.01  0.02 -0.02  0.    0.
  0.    0.    0.    0.    0.    0.    0.    0.    0.    0.  ]
orbital number 71 energy 3.351046464037223
[ 0.25 -0.17 -0.1  -0.17  0.25 -0.17 -0.1   0.27 -0.08 -0.09 -0.18 -0.02
  0.04 -0.01 -0.02 -0.01  0.03 -0.13  0.08  0.06 -0.13  0.    0.05  0.08
 -0.13  0.08  0.06 -0.13  0.    0.05  0.08 -0.02  0.04 -0.01 -0.02 -0.01
  0.03  0.19 -0.45  0.19  0.12 -0.28  0.11  0.26 -0.08 -0.09 -0.    0.
  0.   -0.    0.   -0.   -0.    0.    0.   -0.    0.   -0.    0.    0.
  0.   -0.   -0.    0.    0.    0.    0.   -0.   -0.07  0.06  0.07 -0.07
  0.02  0.06 -0.01 -0.06  0.07 -0.08  0.02  0.02  0.07 -0.06 -0.08  0.06
 -0.02 -0.07  0.02  0.06 -0.07  0.07 -0.    0.    0.    0.    0.    0.
  0.    0.    0.    0.    0.    0.    0.    0.    0.    0.  ]
orbital number 72 energy 3.6981935067876517
[-0.   -0.    0.    0.01 -0.    0.    0.   -0.   -0.    0.    0.   -0.
  0.    0.   -0.    0.    0.    0.   -0.   -0.    0.    0.   -0.   -0.
 -0.34  0.17  0.16 -0.33  0.01  0.16  0.17  0.32 -0.17 -0.13  0.31 -0.14
 -0.16  0.    0.01 -0.01  0.    0.01 -0.01 -0.    0.01 -0.01 -0.02  0.01
  0.01 -0.02  0.01  0.05 -0.    0.    0.   -0.   -0.    0.   -0.03 -0.
 -0.    0.04  0.   -0.   -0.01  0.   -0.02  0.04  0.2  -0.23 -0.23  0.22
  0.03 -0.11 -0.02  0.09 -0.06  0.3  -0.24  0.    0.   -0.   -0.    0.
  0.   -0.   -0.    0.   -0.    0.   -0.   -0.03 -0.07  0.    0.    0.
  0.    0.    0.    0.    0.    0.    0.    0.    0.    0.  ]
orbital number 73 energy 3.701981707304598
[-0.    0.    0.    0.   -0.    0.01 -0.01 -0.    0.    0.   -0.    0.32
 -0.17 -0.13  0.31 -0.14 -0.16 -0.34  0.17  0.16 -0.33 -0.03  0.16  0.17
 -0.    0.    0.   -0.    0.    0.    0.    0.   -0.   -0.    0.   -0.
 -0.   -0.01  0.01  0.   -0.    0.    0.   -0.    0.    0.   -0.    0.
  0.   -0.    0.    0.    0.04 -0.01 -0.03  0.05  0.01 -0.02 -0.    0.01
  0.01  0.   -0.02  0.01 -0.   -0.01 -0.    0.    0.   -0.   -0.    0.
  0.   -0.   -0.    0.   -0.    0.   -0.   -0.24 -0.06  0.09  0.3  -0.11
 -0.02  0.22  0.03 -0.24  0.21 -0.23  0.04 -0.   -0.   -0.07  0.    0.
  0.    0.    0.    0.    0.    0.    0.    0.    0.    0.  ]
orbital number 74 energy 3.8153258357871334
[-0.   -0.    0.   -0.    0.    0.   -0.    0.    0.    0.   -0.   -0.
  0.    0.   -0.    0.    0.   -0.    0.    0.   -0.    0.    0.    0.
 -0.    0.   -0.   -0.   -0.25 -0.    0.    0.02 -0.01 -0.01  0.02 -0.01
 -0.   -0.   -0.01  0.01 -0.   -0.01  0.01 -0.   -0.01  0.    0.58 -0.33
 -0.25  0.57 -0.32  0.   -0.    0.    0.   -0.    0.   -0.   -0.    0.
  0.    0.   -0.    0.   -0.    0.   -0.    0.    0.01 -0.01 -0.01  0.01
  0.   -0.   -0.    0.    0.    0.01 -0.01  0.   -0.   -0.   -0.    0.
  0.   -0.   -0.    0.   -0.    0.   -0.   -0.   -0.    0.    0.    0.
  0.    0.    0.    0.    0.    0.    0.    0.    0.    0.  ]
orbital number 75 energy 3.8217604715549998
[-0.   -0.    0.    0.    0.    0.   -0.    0.    0.01 -0.    0.   -0.02
  0.01  0.01 -0.02  0.01  0.    0.   -0.    0.    0.    0.    0.   -0.
  0.   -0.   -0.    0.    0.   -0.   -0.    0.   -0.   -0.    0.   -0.
 -0.   -0.01  0.01  0.   -0.01  0.01  0.   -0.   -0.   -0.   -0.    0.
  0.   -0.    0.    0.   -0.    0.    0.   -0.    0.32 -0.57 -0.    0.24
  0.33  0.   -0.58  0.25 -0.    0.   -0.    0.    0.   -0.   -0.    0.
  0.   -0.   -0.    0.    0.    0.   -0.    0.01 -0.   -0.   -0.01  0.
  0.   -0.01 -0.    0.01 -0.01  0.01 -0.   -0.   -0.    0.    0.    0.
  0.    0.    0.    0.    0.    0.    0.    0.    0.    0.  ]
orbital number 76 energy 3.843939795771248
[-0.   -0.    0.   -0.    0.    0.   -0.    0.    0.    0.   -0.   -0.
  0.   -0.   -0.    0.   -0.   -0.    0.    0.   -0.    0.    0.    0.
 -0.    0.   -0.    0.   -0.52 -0.    0.    0.   -0.   -0.    0.   -0.
  0.   -0.   -0.    0.    0.   -0.    0.   -0.   -0.    0.    0.04  0.48
 -0.52  0.04  0.48  0.   -0.    0.    0.   -0.   -0.    0.   -0.   -0.
 -0.    0.    0.   -0.   -0.    0.   -0.    0.    0.   -0.   -0.    0.
  0.   -0.   -0.    0.    0.    0.   -0.    0.   -0.   -0.   -0.    0.
  0.   -0.   -0.    0.   -0.    0.   -0.   -0.   -0.    0.    0.    0.
  0.    0.    0.    0.    0.    0.    0.    0.    0.    0.  ]
orbital number 77 energy 3.850510554410125
[-0.    0.   -0.   -0.   -0.   -0.    0.   -0.   -0.    0.   -0.    0.
 -0.    0.    0.   -0.    0.    0.    0.   -0.    0.   -0.   -0.    0.
  0.   -0.   -0.    0.    0.   -0.   -0.    0.   -0.    0.    0.   -0.
  0.    0.   -0.    0.    0.   -0.    0.   -0.   -0.    0.   -0.    0.
  0.   -0.    0.    0.    0.   -0.   -0.    0.    0.48  0.05 -0.   -0.52
  0.47  0.    0.04 -0.52 -0.   -0.   -0.    0.    0.   -0.   -0.    0.
  0.   -0.   -0.    0.    0.    0.   -0.   -0.    0.    0.    0.   -0.
 -0.    0.    0.   -0.    0.   -0.    0.   -0.   -0.   -0.    0.    0.
  0.    0.    0.    0.    0.    0.    0.    0.    0.    0.  ]
orbital number 78 energy 3.8522242032539307
[-0.   -0.    0.   -0.   -0.    0.   -0.   -0.   -0.    0.   -0.    0.
 -0.    0.    0.   -0.    0.    0.   -0.   -0.    0.   -0.   -0.   -0.
  0.01 -0.   -0.    0.01  0.   -0.   -0.    0.   -0.5   0.5   0.   -0.5
  0.5   0.   -0.01  0.01  0.   -0.01  0.01 -0.   -0.    0.   -0.    0.
  0.   -0.    0.   -0.    0.   -0.   -0.    0.   -0.   -0.    0.    0.
 -0.   -0.   -0.    0.    0.   -0.    0.    0.01 -0.   -0.   -0.   -0.
  0.01  0.   -0.   -0.    0.   -0.   -0.   -0.    0.    0.    0.   -0.
 -0.    0.    0.   -0.    0.   -0.    0.    0.    0.   -0.    0.    0.
  0.    0.    0.    0.    0.    0.    0.    0.    0.    0.  ]
orbital number 79 energy 3.8573262117902214
[-0.    0.   -0.   -0.   -0.   -0.    0.   -0.   -0.    0.   -0.    0.
 -0.5   0.5  -0.   -0.5   0.5   0.01 -0.   -0.    0.01  0.   -0.   -0.
  0.   -0.   -0.    0.    0.   -0.   -0.    0.    0.   -0.    0.    0.
 -0.    0.01 -0.01  0.    0.01 -0.01  0.   -0.   -0.    0.   -0.    0.
  0.   -0.    0.    0.   -0.    0.    0.   -0.    0.   -0.   -0.    0.
  0.    0.   -0.    0.   -0.    0.   -0.    0.    0.   -0.   -0.    0.
  0.   -0.   -0.    0.    0.    0.   -0.    0.    0.   -0.   -0.    0.
 -0.   -0.    0.01 -0.   -0.   -0.    0.01 -0.   -0.    0.    0.    0.
  0.    0.    0.    0.    0.    0.    0.    0.    0.    0.  ]
orbital number 80 energy 3.875688752831225
[-0.   0.  -0.  -0.  -0.   0.  -0.  -0.  -0.   0.  -0.   0.   0.  -0.
  0.   0.  -0.   0.  -0.  -0.   0.  -0.  -0.  -0.   0.   0.5 -0.5  0.
  0.   0.5 -0.5 -0.   0.   0.  -0.   0.   0.   0.  -0.   0.   0.  -0.
  0.  -0.  -0.   0.  -0.   0.   0.  -0.   0.  -0.   0.  -0.  -0.   0.
  0.  -0.   0.   0.   0.  -0.  -0.   0.   0.  -0.   0.  -0.  -0.   0.
  0.  -0.  -0.   0.   0.  -0.  -0.  -0.   0.  -0.   0.   0.   0.  -0.
 -0.   0.   0.  -0.   0.  -0.   0.   0.   0.  -0.   0.   0.   0.   0.
  0.   0.   0.   0.   0.   0.   0.   0. ]
orbital number 81 energy 3.881507687905776
[-0.    0.01 -0.01 -0.01 -0.   -0.    0.   -0.   -0.    0.   -0.   -0.
  0.    0.   -0.    0.    0.    0.    0.5  -0.5   0.    0.    0.5  -0.5
  0.   -0.    0.    0.    0.   -0.    0.    0.   -0.   -0.    0.   -0.
 -0.    0.   -0.    0.    0.   -0.    0.   -0.   -0.    0.01 -0.    0.
  0.   -0.    0.    0.   -0.    0.    0.   -0.    0.   -0.   -0.    0.
  0.    0.   -0.    0.   -0.    0.   -0.    0.    0.   -0.   -0.    0.
  0.   -0.   -0.    0.    0.    0.   -0.    0.   -0.   -0.   -0.    0.
  0.   -0.   -0.    0.   -0.    0.   -0.   -0.   -0.    0.    0.    0.
  0.    0.    0.    0.    0.    0.    0.    0.    0.    0.  ]
orbital number 82 energy 3.885187422204835
[-0.01  0.5  -0.49 -0.5  -0.01  0.03 -0.02 -0.01 -0.    0.03 -0.02  0.01
  0.   -0.01  0.01 -0.   -0.    0.01 -0.01  0.    0.01 -0.   -0.02  0.
  0.01 -0.01  0.    0.01  0.   -0.01  0.    0.01 -0.   -0.01  0.01 -0.
 -0.    0.01 -0.01  0.01  0.01 -0.02  0.01 -0.01 -0.    0.5  -0.    0.
  0.   -0.    0.    0.    0.   -0.   -0.    0.    0.   -0.   -0.    0.
  0.    0.   -0.    0.   -0.   -0.   -0.    0.    0.   -0.01 -0.01  0.01
  0.   -0.   -0.    0.    0.    0.01 -0.01 -0.01  0.    0.    0.01 -0.
 -0.    0.    0.   -0.    0.   -0.    0.   -0.   -0.   -0.    0.    0.
  0.    0.    0.    0.    0.    0.    0.    0.    0.    0.  ]
orbital number 83 energy 3.888816436909466
[-0.01 -0.02  0.03  0.03 -0.01  0.5  -0.5  -0.   -0.    0.5  -0.5  -0.
  0.    0.   -0.    0.    0.    0.01 -0.   -0.    0.01  0.   -0.   -0.
  0.01 -0.01 -0.    0.01  0.   -0.01 -0.    0.01 -0.   -0.01  0.01 -0.
 -0.    0.   -0.01  0.01  0.   -0.01  0.01 -0.01 -0.   -0.02 -0.    0.
  0.   -0.    0.    0.   -0.    0.    0.   -0.    0.   -0.   -0.    0.
  0.    0.   -0.    0.   -0.    0.   -0.    0.    0.   -0.   -0.    0.
  0.   -0.   -0.    0.    0.    0.01 -0.01  0.   -0.   -0.   -0.    0.
  0.   -0.   -0.    0.   -0.    0.   -0.   -0.   -0.    0.    0.    0.
  0.    0.    0.    0.    0.    0.    0.    0.    0.    0.  ]
orbital number 84 energy 3.9848184181061823
[-0.1  -0.03  0.13  0.02 -0.1  -0.02  0.11 -0.11 -0.11  0.08  0.02  0.1
 -0.01 -0.08  0.11 -0.07 -0.03  0.22 -0.09 -0.11  0.22 -0.01 -0.12 -0.09
  0.24 -0.1  -0.12  0.24  0.   -0.13 -0.09  0.11 -0.02 -0.09  0.11 -0.07
 -0.03  0.17 -0.32  0.18  0.2  -0.38  0.21 -0.11 -0.12  0.08 -0.01  0.
  0.01 -0.01  0.01  0.02  0.01 -0.   -0.01  0.02  0.01 -0.01 -0.01  0.01
  0.    0.02 -0.01  0.   -0.   -0.   -0.    0.05  0.04 -0.09 -0.09  0.06
  0.06  0.   -0.05  0.01  0.05  0.11 -0.14 -0.13  0.04  0.01  0.1   0.
 -0.05  0.06  0.05 -0.08  0.04 -0.08  0.04 -0.01 -0.04 -0.03  0.    0.
  0.    0.    0.    0.    0.    0.    0.    0.    0.    0.  ]
orbital number 85 energy 4.032929218743369
[ 0.06  0.03 -0.09  0.04 -0.07 -0.02  0.09 -0.08 -0.17  0.11 -0.04  0.12
 -0.01 -0.1   0.13 -0.09 -0.02  0.28 -0.11 -0.15  0.28 -0.01 -0.15 -0.11
 -0.27  0.1   0.14 -0.26 -0.    0.15  0.1  -0.12  0.01  0.1  -0.12  0.09
  0.02  0.21 -0.01 -0.19  0.19 -0.01 -0.17  0.07  0.16 -0.09  0.01 -0.
 -0.    0.01 -0.   -0.02  0.02 -0.   -0.01  0.02  0.01 -0.01  0.01  0.01
  0.   -0.02 -0.01  0.    0.   -0.    0.   -0.07 -0.03  0.1   0.11 -0.06
 -0.08 -0.01  0.07 -0.01 -0.07 -0.13  0.17 -0.18  0.07  0.01  0.14  0.01
 -0.08  0.07  0.08 -0.11  0.04 -0.11  0.07  0.01  0.04 -0.04  0.    0.
  0.    0.    0.    0.    0.    0.    0.    0.    0.    0.  ]
orbital number 86 energy 4.280470123952846
[-0.15  0.06  0.07  0.07 -0.15  0.06  0.07 -0.15  0.09  0.06  0.07  0.05
 -0.06  0.02  0.04  0.02 -0.06 -0.08  0.02  0.05 -0.08 -0.    0.05  0.03
 -0.08  0.02  0.05 -0.08 -0.    0.05  0.02  0.06 -0.07  0.02  0.04  0.02
 -0.06  0.07 -0.13  0.08  0.14 -0.24  0.14 -0.15  0.08  0.07  0.   -0.
 -0.    0.   -0.    0.01  0.   -0.   -0.    0.01 -0.    0.   -0.   -0.
 -0.    0.    0.   -0.   -0.   -0.   -0.   -0.27  0.17  0.05  0.16  0.06
 -0.23 -0.03  0.24 -0.09 -0.13 -0.16  0.24  0.23 -0.13 -0.08 -0.16 -0.03
  0.23  0.05 -0.22  0.05  0.16  0.16 -0.25 -0.   -0.01 -0.01  0.    0.
  0.    0.    0.    0.    0.    0.    0.    0.    0.    0.  ]
orbital number 87 energy 4.33052829370751
[-0.06  0.    0.06  0.    0.07 -0.01 -0.06  0.09  0.03 -0.06 -0.01 -0.12
  0.07  0.03 -0.11  0.04  0.06 -0.02  0.01  0.01 -0.03  0.02  0.02  0.01
  0.03 -0.01 -0.02  0.03  0.   -0.02 -0.01  0.12 -0.06 -0.03  0.11 -0.04
 -0.06 -0.11  0.    0.11 -0.1   0.01  0.09 -0.08 -0.03  0.06 -0.    0.
  0.   -0.    0.    0.02 -0.01 -0.    0.02 -0.02 -0.    0.   -0.02 -0.
 -0.    0.02  0.   -0.   -0.   -0.   -0.   -0.31  0.24 -0.    0.15  0.11
 -0.25 -0.01  0.26 -0.13 -0.1  -0.14  0.19 -0.2   0.1   0.13  0.15  0.01
 -0.27 -0.11  0.26 -0.   -0.25 -0.16  0.32 -0.02 -0.05  0.05  0.    0.
  0.    0.    0.    0.    0.    0.    0.    0.    0.    0.  ]
orbital number 88 energy 4.450795110585836
[ 0.19 -0.1  -0.06 -0.1   0.19 -0.1  -0.06  0.18 -0.2  -0.05 -0.1   0.1
 -0.   -0.09  0.12 -0.09 -0.    0.14 -0.03 -0.1   0.16 -0.03 -0.1  -0.03
  0.14 -0.03 -0.1   0.16  0.   -0.1  -0.03  0.1  -0.   -0.09  0.12 -0.09
 -0.   -0.06  0.1  -0.06 -0.15  0.24 -0.15  0.18 -0.2  -0.06 -0.    0.
  0.   -0.    0.    0.04  0.02  0.   -0.03  0.04  0.   -0.   -0.03  0.
  0.    0.02 -0.    0.    0.    0.    0.   -0.21  0.23 -0.08  0.05  0.13
 -0.12  0.04  0.14 -0.13  0.04 -0.05  0.01  0.01  0.04 -0.13 -0.05  0.04
  0.14  0.13 -0.13 -0.08  0.23  0.06 -0.21 -0.03 -0.1  -0.1   0.    0.
  0.    0.    0.    0.    0.    0.    0.    0.    0.    0.  ]
orbital number 89 energy 4.645554867762605
[-0.25  0.08  0.14  0.07  0.25 -0.08 -0.14  0.28 -0.15 -0.14 -0.07 -0.01
  0.05 -0.06  0.03 -0.07  0.06  0.09 -0.01 -0.07  0.1  -0.04 -0.07 -0.01
 -0.08  0.01  0.07 -0.1  -0.    0.06  0.01  0.01 -0.05  0.06 -0.03  0.06
 -0.06 -0.28  0.    0.28 -0.21  0.    0.21 -0.27  0.15  0.14  0.   -0.
 -0.    0.   -0.   -0.05  0.02  0.01 -0.04  0.05  0.   -0.    0.03  0.
  0.   -0.02 -0.    0.   -0.01  0.01 -0.01  0.12 -0.16  0.11 -0.   -0.11
  0.02 -0.09 -0.03  0.11 -0.13  0.01  0.08 -0.08  0.13 -0.11 -0.01  0.09
  0.03  0.11 -0.02 -0.11  0.17  0.   -0.12  0.03  0.1  -0.1   0.    0.
  0.    0.    0.    0.    0.    0.    0.    0.    0.    0.  ]
orbital number 90 energy 4.929667104577098
[ 0.07 -0.05  0.   -0.05  0.07 -0.05  0.01  0.04 -0.13  0.01 -0.05  0.21
 -0.12 -0.03  0.17 -0.03 -0.12  0.05  0.   -0.05  0.07  0.07 -0.05  0.
  0.05  0.   -0.05  0.07  0.   -0.05  0.    0.23 -0.13 -0.03  0.18 -0.03
 -0.13  0.   -0.   -0.   -0.05  0.07 -0.05  0.05 -0.14  0.   -0.    0.
  0.   -0.    0.   -0.09 -0.01 -0.03  0.07 -0.09  0.   -0.    0.07  0.
  0.   -0.01 -0.    0.   -0.03 -0.03 -0.03  0.12 -0.21  0.18  0.02 -0.14
 -0.06 -0.21  0.07  0.15 -0.3   0.03  0.17  0.16 -0.28  0.15  0.03 -0.2
  0.07 -0.14 -0.05  0.17 -0.2   0.02  0.11  0.07  0.18  0.17  0.    0.
  0.    0.    0.    0.    0.    0.    0.    0.    0.    0.  ]
orbital number 91 energy 4.958286407865653
[-0.12  0.06  0.04  0.06  0.13 -0.06 -0.04  0.12 -0.17 -0.04 -0.06  0.22
 -0.11 -0.05  0.19 -0.05 -0.11  0.06  0.   -0.07  0.09  0.07 -0.07  0.
 -0.06 -0.    0.06 -0.09  0.    0.06 -0.   -0.21  0.11  0.04 -0.18  0.04
  0.11 -0.11 -0.    0.11 -0.08  0.    0.07 -0.12  0.16  0.04  0.    0.
 -0.    0.   -0.    0.08 -0.   -0.04  0.07 -0.09  0.   -0.   -0.06  0.
 -0.    0.01 -0.   -0.    0.03 -0.04  0.03 -0.1   0.18 -0.15 -0.02  0.12
  0.05  0.19 -0.07 -0.13  0.26 -0.03 -0.15  0.15 -0.28  0.14  0.03 -0.2
  0.07 -0.13 -0.06  0.16 -0.19  0.02  0.1  -0.06 -0.15  0.16  0.    0.
  0.    0.    0.    0.    0.    0.    0.    0.    0.    0.  ]
orbital number 92 energy 5.557334337093754
[-0.   -0.    0.   -0.    0.01 -0.01  0.01  0.   -0.02  0.01 -0.01  0.06
 -0.05  0.02  0.02  0.02 -0.05  0.    0.01 -0.01  0.01 -0.42 -0.01  0.01
 -0.   -0.    0.   -0.    0.    0.   -0.   -0.   -0.    0.   -0.    0.
 -0.   -0.   -0.    0.01 -0.01  0.01 -0.   -0.    0.    0.    0.    0.
 -0.    0.   -0.    0.   -0.34  0.38 -0.42  0.43  0.   -0.   -0.    0.
 -0.   -0.   -0.   -0.    0.    0.37  0.    0.    0.   -0.   -0.    0.
  0.    0.   -0.    0.    0.   -0.    0.    0.09 -0.1   0.07 -0.06  0.02
 -0.03  0.02 -0.04  0.08 -0.1  -0.06  0.09 -0.   -0.    0.03  0.    0.
  0.    0.    0.    0.    0.    0.    0.    0.    0.    0.  ]
orbital number 93 energy 5.625033709571606
[ 0.01 -0.01  0.01 -0.01 -0.   -0.    0.   -0.    0.    0.   -0.   -0.
 -0.    0.   -0.    0.   -0.   -0.   -0.    0.   -0.    0.    0.   -0.
  0.    0.01 -0.01  0.01 -0.   -0.01  0.01  0.06 -0.05  0.02  0.01  0.02
 -0.05  0.01 -0.   -0.   -0.    0.01 -0.01  0.   -0.02  0.01 -0.   -0.
  0.   -0.    0.    0.43  0.   -0.    0.   -0.   -0.    0.   -0.42 -0.
  0.   -0.34  0.    0.    0.37 -0.    0.37  0.09 -0.09  0.07 -0.06  0.03
 -0.04  0.03 -0.04  0.07 -0.09 -0.06  0.09 -0.    0.   -0.   -0.    0.
 -0.    0.    0.   -0.    0.    0.   -0.   -0.42  0.02 -0.    0.    0.
  0.    0.    0.    0.    0.    0.    0.    0.    0.    0.  ]
orbital number 94 energy 6.060633588972107
[-0.11  0.18 -0.23  0.18 -0.11  0.18 -0.23  0.26 -0.06 -0.23  0.18 -0.03
  0.05 -0.06  0.07 -0.06  0.05 -0.03  0.05 -0.06  0.06 -0.01 -0.06  0.05
 -0.03  0.05 -0.06  0.06 -0.   -0.06  0.05 -0.03  0.05 -0.06  0.07 -0.07
  0.05 -0.23  0.24 -0.23  0.28 -0.29  0.28  0.26 -0.06 -0.23  0.   -0.
  0.   -0.    0.    0.01 -0.01  0.01 -0.01  0.01  0.   -0.   -0.01  0.
 -0.   -0.01  0.   -0.    0.01  0.01  0.01  0.01 -0.02  0.03 -0.01 -0.
 -0.03 -0.05  0.05 -0.02 -0.01  0.03 -0.01 -0.01 -0.01 -0.02  0.03 -0.05
  0.04 -0.   -0.03  0.03 -0.02 -0.01  0.01 -0.01  0.02  0.02  0.    0.
  0.    0.    0.    0.    0.    0.    0.    0.    0.    0.  ]
orbital number 95 energy 6.261226137073579
[ 0.05 -0.04  0.02 -0.04 -0.05  0.05 -0.04  0.03  0.02 -0.04  0.05 -0.15
  0.15 -0.14  0.13 -0.14  0.15  0.05 -0.06  0.06 -0.07 -0.01  0.06 -0.06
 -0.11  0.13 -0.14  0.14 -0.   -0.14  0.13  0.26 -0.25  0.24 -0.22  0.24
 -0.25  0.01  0.01 -0.03  0.02 -0.01 -0.   -0.01 -0.04  0.02  0.   -0.
  0.   -0.    0.   -0.02 -0.02  0.02 -0.01  0.01 -0.    0.    0.02 -0.
  0.    0.04 -0.    0.   -0.03  0.02 -0.03 -0.08  0.12 -0.15  0.05 -0.03
  0.19  0.23 -0.25  0.15 -0.04 -0.15  0.1  -0.06  0.02 -0.08  0.09 -0.13
  0.15  0.02 -0.11  0.09 -0.07 -0.03  0.05  0.02 -0.09  0.05  0.    0.
  0.    0.    0.    0.    0.    0.    0.    0.    0.    0.  ]
orbital number 96 energy 6.26901744367074
[-0.02  0.03 -0.04  0.03  0.01  0.   -0.02  0.03 -0.05 -0.02  0.    0.26
 -0.25  0.23 -0.22  0.24 -0.25 -0.13  0.15 -0.16  0.16  0.02 -0.16  0.15
 -0.09  0.1  -0.11  0.11 -0.   -0.11  0.1   0.14 -0.13  0.13 -0.12  0.13
 -0.13 -0.04  0.04 -0.03  0.03 -0.04  0.04  0.04 -0.03 -0.04  0.   -0.
  0.   -0.    0.   -0.01  0.04 -0.03  0.02 -0.02  0.01 -0.01  0.01  0.01
 -0.    0.02  0.   -0.   -0.02 -0.03 -0.02 -0.04  0.06 -0.08  0.03 -0.02
  0.1   0.12 -0.14  0.08 -0.03 -0.08  0.05  0.1  -0.05  0.14 -0.15  0.22
 -0.25 -0.03  0.18 -0.15  0.12  0.05 -0.08  0.01 -0.05 -0.09  0.    0.
  0.    0.    0.    0.    0.    0.    0.    0.    0.    0.  ]
orbital number 97 energy 6.374403325784514
[-0.03  0.03 -0.02  0.03  0.03 -0.03  0.03 -0.02 -0.01  0.03 -0.03  0.01
 -0.01  0.   -0.    0.   -0.01  0.04 -0.04  0.04 -0.04  0.    0.04 -0.04
 -0.05  0.05 -0.04  0.04 -0.4  -0.04  0.04 -0.02  0.01 -0.01  0.01 -0.01
  0.01 -0.01 -0.    0.02 -0.01  0.    0.    0.02  0.01 -0.02  0.39 -0.4
  0.41 -0.41  0.41  0.    0.   -0.    0.   -0.   -0.02  0.02 -0.   -0.02
  0.02 -0.   -0.02  0.02  0.   -0.    0.    0.01 -0.01  0.01 -0.    0.
 -0.01 -0.01  0.02 -0.01  0.01  0.01 -0.01  0.   -0.    0.   -0.    0.01
 -0.01 -0.    0.01 -0.    0.    0.   -0.   -0.    0.   -0.    0.    0.
  0.    0.    0.    0.    0.    0.    0.    0.    0.    0.  ]
orbital number 98 energy 6.380619712509271
[-0.06  0.06 -0.05  0.06  0.06 -0.05  0.05 -0.04 -0.02  0.05 -0.05  0.02
 -0.02  0.01 -0.01  0.01 -0.02  0.08 -0.08  0.08 -0.07  0.    0.08 -0.08
 -0.07  0.07 -0.07  0.07  0.04 -0.07  0.07 -0.02  0.01 -0.01  0.01 -0.01
  0.01 -0.03  0.    0.03 -0.01 -0.    0.02  0.04  0.01 -0.05 -0.04  0.04
 -0.04  0.04 -0.04  0.    0.   -0.    0.   -0.   -0.39  0.39 -0.   -0.39
  0.38 -0.   -0.38  0.38  0.   -0.    0.    0.01 -0.01  0.01 -0.    0.
 -0.01 -0.01  0.02 -0.01  0.01  0.01 -0.01  0.01 -0.01  0.02 -0.01  0.02
 -0.02 -0.01  0.02 -0.02  0.01  0.01 -0.01 -0.    0.   -0.01  0.    0.
  0.    0.    0.    0.    0.    0.    0.    0.    0.    0.  ]
orbital number 99 energy 6.3861168934979196
[ 0.18 -0.16  0.14 -0.16 -0.18  0.16 -0.14  0.12  0.04 -0.14  0.16 -0.04
  0.03 -0.03  0.02 -0.03  0.03 -0.21  0.2  -0.21  0.2  -0.   -0.2   0.2
  0.22 -0.22  0.22 -0.21 -0.06  0.22 -0.22  0.05 -0.04  0.03 -0.02  0.03
 -0.04  0.07  0.   -0.08  0.04 -0.   -0.03 -0.12 -0.05  0.14  0.06 -0.06
  0.06 -0.06  0.06 -0.   -0.    0.   -0.    0.   -0.14  0.14  0.   -0.14
  0.14  0.01 -0.14  0.14 -0.    0.   -0.   -0.02  0.03 -0.04  0.02 -0.02
  0.05  0.04 -0.06  0.04 -0.02 -0.03  0.03 -0.02  0.02 -0.03  0.03 -0.04
  0.05  0.01 -0.04  0.03 -0.02 -0.01  0.02  0.   -0.01  0.01  0.    0.
  0.    0.    0.    0.    0.    0.    0.    0.    0.    0.  ]
orbital number 100 energy 6.4586458705541725
[ 0.02  0.01 -0.04  0.01  0.04 -0.   -0.03  0.06 -0.12 -0.03 -0.    0.09
 -0.06  0.03 -0.01  0.03 -0.06  0.27 -0.25  0.24 -0.23  0.    0.24 -0.25
  0.26 -0.24  0.23 -0.22 -0.01  0.23 -0.24  0.09 -0.06  0.03 -0.    0.03
 -0.06 -0.1   0.09 -0.09  0.09 -0.09  0.09  0.08 -0.12 -0.04  0.01 -0.01
  0.01 -0.01  0.01 -0.    0.   -0.    0.   -0.    0.01 -0.01  0.    0.01
 -0.01  0.    0.01 -0.01 -0.   -0.   -0.   -0.06  0.08 -0.1   0.06 -0.06
  0.12  0.08 -0.13  0.1  -0.08 -0.07  0.07  0.07 -0.08  0.1  -0.07  0.08
 -0.13 -0.06  0.12 -0.09  0.08  0.06 -0.06  0.   -0.01 -0.01  0.    0.
  0.    0.    0.    0.    0.    0.    0.    0.    0.    0.  ]
orbital number 101 energy 6.546555568668896
[-0.19  0.17 -0.17  0.17  0.18 -0.17  0.17 -0.18  0.09  0.17 -0.17 -0.01
 -0.02  0.05 -0.08  0.05 -0.02 -0.12  0.1  -0.09  0.09  0.01 -0.09  0.1
  0.11 -0.1   0.09 -0.08 -0.    0.09 -0.1   0.    0.02 -0.05  0.08 -0.05
  0.02 -0.07 -0.    0.08 -0.04  0.    0.03  0.18 -0.08 -0.17  0.   -0.
  0.   -0.    0.    0.01  0.03 -0.02  0.01 -0.01 -0.    0.   -0.01 -0.
  0.   -0.03 -0.    0.    0.02 -0.02  0.02 -0.13  0.14 -0.17  0.15 -0.19
  0.22  0.01 -0.14  0.12 -0.11 -0.03  0.06 -0.07  0.11 -0.12  0.03 -0.01
  0.14  0.19 -0.22  0.17 -0.14 -0.15  0.13 -0.01  0.08 -0.08  0.    0.
  0.    0.    0.    0.    0.    0.    0.    0.    0.    0.  ]
orbital number 102 energy 6.58820907569489
[-0.02  0.    0.01  0.   -0.03  0.01  0.   -0.01  0.05  0.    0.01 -0.1
  0.09 -0.1   0.11 -0.1   0.09 -0.06  0.05 -0.04  0.04 -0.03 -0.04  0.05
 -0.06  0.05 -0.05  0.04  0.   -0.05  0.05 -0.1   0.1  -0.1   0.12 -0.1
  0.1   0.05 -0.04  0.04 -0.04  0.04 -0.04 -0.02  0.05  0.01 -0.    0.
 -0.    0.   -0.    0.02 -0.06  0.04 -0.03  0.02 -0.    0.   -0.03 -0.
  0.   -0.07 -0.    0.    0.04  0.04  0.04 -0.19  0.19 -0.21  0.23 -0.32
  0.26 -0.13 -0.07  0.07 -0.07  0.06  0.    0.   -0.07  0.07  0.06 -0.13
 -0.07 -0.31  0.26 -0.2   0.18  0.23 -0.19 -0.03  0.2   0.19  0.    0.
  0.    0.    0.    0.    0.    0.    0.    0.    0.    0.  ]
orbital number 103 energy 6.608611321767094
[ 0.14 -0.13  0.13 -0.13 -0.14  0.13 -0.13  0.15 -0.11 -0.13  0.13  0.11
 -0.09  0.08 -0.07  0.08 -0.09  0.12 -0.1   0.09 -0.08  0.02  0.09 -0.1
 -0.11  0.09 -0.08  0.08  0.   -0.08  0.09 -0.11  0.08 -0.07  0.07 -0.07
  0.08  0.05  0.   -0.06  0.03 -0.   -0.02 -0.15  0.11  0.13 -0.    0.
 -0.    0.   -0.    0.02  0.06 -0.04  0.02 -0.02  0.   -0.   -0.03  0.
 -0.   -0.06  0.   -0.    0.04 -0.04  0.04 -0.14  0.13 -0.14  0.18 -0.26
  0.18 -0.16 -0.    0.01 -0.01  0.09 -0.04  0.04  0.01 -0.01 -0.1   0.17
  0.    0.27 -0.19  0.15 -0.14 -0.19  0.15 -0.03  0.18 -0.19  0.    0.
  0.    0.    0.    0.    0.    0.    0.    0.    0.    0.  ]
orbital number 104 energy 6.7600248766091875
[-0.07  0.04 -0.02  0.04 -0.08  0.05 -0.04  0.02  0.03 -0.04  0.05 -0.1
  0.11 -0.13  0.18 -0.13  0.11 -0.02  0.02 -0.01  0.01  0.02 -0.01  0.02
 -0.04  0.03 -0.02  0.02  0.   -0.02  0.03 -0.14  0.14 -0.17  0.23 -0.17
  0.14  0.1  -0.09  0.1  -0.08  0.07 -0.08  0.01  0.05 -0.02 -0.    0.
 -0.    0.   -0.   -0.02  0.04 -0.03  0.02 -0.01 -0.    0.    0.02 -0.
  0.    0.06 -0.    0.   -0.04 -0.03 -0.04  0.05 -0.02  0.   -0.09  0.15
  0.02  0.28 -0.22  0.21 -0.25 -0.22  0.21  0.16 -0.2   0.16 -0.17  0.22
 -0.17  0.12  0.01  0.   -0.02 -0.07  0.04  0.02 -0.19 -0.15  0.    0.
  0.    0.    0.    0.    0.    0.    0.    0.    0.    0.  ]
orbital number 105 energy 6.770999053106508
[ 0.05 -0.05  0.05 -0.05 -0.03  0.03 -0.04  0.06 -0.08 -0.04  0.03  0.16
 -0.16  0.18 -0.24  0.18 -0.16  0.06 -0.04  0.04 -0.03 -0.02  0.04 -0.04
 -0.05  0.04 -0.03  0.03  0.   -0.03  0.04 -0.13  0.12 -0.14  0.19 -0.14
  0.12  0.    0.01 -0.03  0.02 -0.01  0.   -0.06  0.07  0.05 -0.    0.
 -0.    0.   -0.   -0.01 -0.05  0.03 -0.02  0.01  0.   -0.    0.02  0.
 -0.    0.04  0.   -0.   -0.03  0.03 -0.03  0.04 -0.01 -0.   -0.07  0.11
  0.02  0.21 -0.17  0.16 -0.2  -0.16  0.16 -0.21  0.26 -0.21  0.21 -0.27
  0.22 -0.14 -0.02  0.    0.02  0.08 -0.05  0.02 -0.14  0.18  0.    0.
  0.    0.    0.    0.    0.    0.    0.    0.    0.    0.  ]
orbital number 106 energy 6.84972676732179
[-0.27  0.2  -0.16  0.2  -0.27  0.2  -0.17  0.17 -0.08 -0.17  0.2   0.07
 -0.06  0.05 -0.06  0.05 -0.06  0.05 -0.04  0.03 -0.03 -0.    0.03 -0.04
  0.05 -0.04  0.03 -0.03 -0.    0.03 -0.04  0.07 -0.05  0.05 -0.06  0.05
 -0.05  0.31 -0.28  0.31 -0.24  0.22 -0.24  0.16 -0.08 -0.16  0.   -0.
  0.   -0.    0.    0.   -0.01  0.   -0.    0.    0.   -0.   -0.    0.
 -0.   -0.01  0.   -0.    0.    0.    0.   -0.   -0.    0.    0.01 -0.02
 -0.01 -0.04  0.04 -0.04  0.05  0.03 -0.04 -0.04  0.06 -0.04  0.04 -0.05
  0.04 -0.02 -0.01  0.   -0.    0.01 -0.   -0.    0.03  0.03  0.    0.
  0.    0.    0.    0.    0.    0.    0.    0.    0.    0.  ]
ENERGY0: -348.2019882531637

Orbital occupation numbers:
1: 2.000000
2: 2.000000
3: 2.000000
4: 2.000000
5: 2.000000
6: 2.000000
7: 2.000000
8: 2.000000
9: 2.000000
10: 2.000000
11: 2.000000
12: 2.000000
13: 2.000000
14: 2.000000
15: 2.000000
16: 2.000000
17: 2.000000
18: 2.000000
19: 2.000000
20: 2.000000
21: 2.000000
22: 2.000000
23: 2.000000
24: 2.000000
25: 2.000000
26: 2.000000
27: 2.000000
28: 2.000000
29: 2.000000
30: 2.000000
31: 2.000000
32: 2.000000
33: 2.000000
34: 2.000000
35: 2.000000
36: 2.000000
37: 2.000000
38: 2.000000
39: 2.000000
40: 2.000000
41: 2.000000
42: 2.000000
43: 2.000000
44: 2.000000
45: 2.000000
46: 2.000000
47: 2.000000
48: 2.000000
49: 2.000000
50: 2.000000
51: 2.000000
52: 2.000000
53: 2.000000
54: 2.000000
55: 2.000000
56: 2.000000
57: 2.000000
58: 2.000000
59: 2.000000
60: 1.000000
61: 1.000000
62: 0.000000
63: -0.000000
64: -0.000000
65: -0.000000
66: 0.000000
67: 0.000000
68: 0.000000
69: 0.000000
70: 0.000000
71: -0.000000
72: -0.000000
73: 0.000000
74: 0.000000
75: -0.000000
76: 0.000000
77: 0.000000
78: 0.000000
79: 0.000000
80: 0.000000
81: 0.000000
82: 0.000000
83: -0.000000
84: 0.000000
85: -0.000000
86: -0.000000
87: -0.000000
88: 0.000000
89: -0.000000
90: -0.000000
91: -0.000000
92: 0.000000
93: 0.000000
94: 0.000000
95: -0.000000
96: -0.000000
97: -0.000000
98: 0.000000
99: 0.000000
100: 0.000000
101: -0.000000
102: 0.000000
103: 0.000000
104: -0.000000
105: -0.000000
106: -0.000000

------------------------
Starting ExROPPP calculation for diradical in rotated basis
------------------------

Fock matrix in rotated MO basis: [[-7.25051497e+00 -5.05321528e-16 -8.47858844e-16 ... -3.32612427e-16
  -2.41826782e-16 -1.51932557e-16]
 [-5.05324054e-16 -7.24349765e+00 -8.93009622e-16 ...  1.88510412e-15
   1.39215519e-15 -4.97318002e-16]
 [-8.89182583e-16 -8.93009906e-16 -3.36555563e+00 ...  6.79822783e-16
  -8.81660157e-16 -6.62545437e-19]
 ...
 [ 1.14617231e-16  1.80182838e-15  6.19074312e-16 ...  1.06931607e+01
  -5.67625129e-15  2.34569720e-15]
 [-3.42771689e-16  1.45795961e-15 -1.11248838e-15 ... -5.71578085e-15
   1.07041349e+01 -3.51971896e-17]
 [-5.12975243e-17 -4.67198561e-16 -8.51642941e-18 ...  2.14656941e-15
  -2.30373508e-16  1.07828626e+01]]
Dimensions of CI matrix: (32476, 32476)
Checking that the Hamiltonian is symmetric (a value of zero means matrix is symmetric) ... 
Frobenius norm of matrix - matrix transpose = 0.000000.

Lowest 200 states. WARNING - Some states may not be included in the spectrum.

Using sparse solver (eigsh) — requesting 94 singlets, 110 triplets, 27 quintets (targeting 200 states total)

