                    ---------------------------------
                    | Radical ExROPPP Calculation |
                    ---------------------------------

Molecule: DA-CDR_new.xyz radical

--------------------------------
Cartesian Coordinates / Angstrom
--------------------------------

Cl    -3.187268   -1.786112   -2.875041
C     -2.779095   -0.959107   -1.403468
C     -3.548280   -0.038553   -0.769962
C     -2.996206    0.549366    0.319793
Cl    -3.833083    1.627295    1.392909
C     -1.755031    0.246819    0.714728
H     -1.418101    0.781754    1.592049
C     -0.962430   -0.628477    0.071530
C     -1.535594   -1.217064   -0.991327
H     -1.013490   -1.957021   -1.581558
C      4.195492   -1.783911    1.663716
C      4.743666   -3.008631    1.411703
C      4.035977   -4.156547    1.543410
Cl     2.416260   -4.254810    2.160124
C      4.604025   -5.344543    1.315461
C      5.885525   -5.498768    0.935501
C      8.803785    3.608716    4.397049
C      6.565678   -4.347540    0.800992
C      6.038682   -3.144096    1.032464
Cl     7.117514   -1.835395    0.656451
C      4.941942   -0.868664    2.340509
C      5.661551   -1.216734    3.436490
Cl     5.635873   -2.775265    4.199172
C      6.385757   -0.308807    4.089412
C      6.485009    0.965732    3.696596
C     -9.396148   -4.520833   -4.922877
C      5.787451    1.294806    2.601828
C      5.015316    0.425861    1.944156
Cl     4.273523    1.061288    0.511214
C     -4.802469    0.280518   -1.209463
C     -5.270429    1.564578   -1.190549
C     -4.478798    2.628788   -1.481810
Cl    -2.842435    2.531507   -2.051333
C     -4.972196    3.870507   -1.480452
C     -6.252374    4.154186   -1.208567
H     -9.847340   -8.703558   -4.655037
C     -7.018917    3.098885   -0.916979
C     -6.568942    1.844745   -0.902281
Cl    -7.756007    0.710374   -0.336699
C     -5.610468   -0.692395   -1.705335
C     -6.266260   -0.531320   -2.878696
Cl    -6.057695    0.822117   -3.944166
C     -7.063819   -1.490467   -3.348691
C     -7.321892   -2.620750   -2.673249
C    -10.436765   -6.199278   -2.168262
C     -6.674835   -2.760191   -1.504587
C     -5.811999   -1.852692   -1.038914
Cl    -5.134789   -2.213403    0.515876
H      3.950722   -6.190214    1.474849
H      7.598582   -4.326128    0.485914
H      6.958199   -0.658996    4.942431
H      5.792872    2.319841    2.244927
H     -4.303550    4.661072   -1.803216
H     -7.550775   -1.273787   -4.292656
H     -6.798804   -3.653090   -0.900925
H     -8.044330    3.250828   -0.597850
C      1.161285   -1.645597   -0.275930
C      2.414730   -1.928851    0.088214
C      2.923081   -1.479728    1.262710
C      2.090415   -0.714261    2.014211
C      0.844428   -0.446643    1.610882
C      0.318582   -0.902814    0.462137
H      0.881184   -2.026670   -1.248098
Cl     3.316068   -2.765877   -1.138179
Cl     2.425368   -0.130612    3.615503
H      0.258405    0.135223    2.308985
C     -6.011559    6.479473   -0.776452
C     -6.748095    5.421623   -1.224661
C     -8.006715    5.685627   -1.685591
C    -11.553288   -6.603819   -6.533227
C     -8.469244    6.939937   -1.693068
H     -9.464099    7.143713   -2.085534
C     -7.746574    7.961854   -1.257195
H    -11.080165   -9.104150   -8.632020
C     -6.531014    7.712027   -0.790560
H     -5.951490    8.544841   -0.396240
N    -10.871666   -6.349163   -4.311426
H    -12.944682   -8.753539   -1.098874
H    -12.020153   -5.621515   -6.505481
C    -10.363368   -8.290343   -5.519401
H    -12.110558   -6.914461   -8.534942
C    -10.932015   -7.078495   -5.446452
H     -9.951913   -9.990744   -6.681090
C    -11.038060   -8.521297   -7.715049
C    -10.416971   -9.008638   -6.641956
H      4.751008   -7.924856    1.205972
C    -11.605570   -7.316717   -7.660247
C      7.289834    1.871781    5.731585
H      8.057869    2.778601    7.460708
H    -12.697938   -8.227624   -3.452937
C     -9.966229   -5.377779   -4.082546
H     -9.627885   -4.546762   -5.984797
H      9.450929    4.303336    3.864326
C      8.062379    2.754407    6.372481
C      8.829476    3.620588    5.723336
C    -10.555010   -6.479042   -0.869462
H    -11.578654   -7.635419    0.555051
C    -11.179972   -6.811066   -3.083346
H     -8.100335   -2.956353   -5.191677
C    -12.212025   -8.014529   -1.413861
C      8.031692    2.762062    3.707353
H     -8.612560   -4.445042   -1.243457
C      7.256595    1.857429    4.368771
C     -9.671582   -5.316079   -2.794424
C      7.604986   -9.184551    0.266869
C      6.338595   -9.073770    0.668287
H      5.738042   -9.964901    0.834567
C      5.780352   -7.880584    0.880017
H      8.402136   -6.032808    0.125549
C      6.454167   -6.720761    0.709930
H      9.331751   -8.102676   -0.228410
C      7.737105   -6.864995    0.305953
H     -9.952225   -5.967525   -0.123454
C      8.293049   -8.057849    0.092297
C    -11.454624   -7.396164   -0.498258
C    -12.078183   -7.726414   -2.712980
C     -8.540640   -3.611061   -4.448327
C     -8.193117   -3.551215   -3.139717
C     -8.779545   -4.448451   -2.314838

There are 87 heavy atoms.
There are 100 electrons in 87 orbitals.


Carbon 1e params: A = -22.717075 b = 1.705616

Nitrogen 1e params: alphan2 = -17.681338 Acn2 = -24.737202 bcn2 = 1.433639

Chlorine 1e params: alphacl = -10.335674 Accl = -26.021937 bccl=1.451861
C-N2 bond
C-N2 bond
C-N2 bond
C-Cl bond
C-Cl bond
C-Cl bond
C-Cl bond
C-Cl bond
C-Cl bond
C-Cl bond
C-Cl bond
C-Cl bond
C-Cl bond
C-Cl bond
C-Cl bond
N2 atom 75
Cl atom 76
Cl atom 77
Cl atom 78
Cl atom 79
Cl atom 80
Cl atom 81
Cl atom 82
Cl atom 83
Cl atom 84
Cl atom 85
Cl atom 86
Cl atom 87

Carbon 2e params: U = 8.420838 r0 = 1.173157

Nitrogen 2e params: Un2n2 = 17.979843 r0n2n2 = 1.111791

Chlorine 2e params: Uclcl= 9.642991 r0clcl = 2.253316

Mixed 2e params: Ucn2 = 13.200341 Uccl = 9.031915 Un2cl = 13.811417 r0cn2 =1.142474 r0ccl = 1.713237 r0n2cl = 1.682554
[8.42083845 3.90508646 2.84397456 2.58817305 2.79346057 3.93845734
 1.11792343 1.04398245 1.06715722 0.970366   0.8796363  0.66261636
 0.87002525 0.93386892 1.01275667 0.905795   0.83171754 0.82862784
 1.04305311 0.90676868 1.01132246 2.77968538 2.09044518 1.92045844
 1.52501494 1.34268727 1.3988638  1.67043345 2.44950819 1.98228745
 1.67194357 1.60004033 0.94232628 1.80725504 2.26794649 1.85388859
 1.48260021 1.31906745 1.38606109 1.67034023 2.0625513  1.0613499
 1.13685715 1.02558926 0.77184552 0.90528139 0.86772114 0.92838198
 0.79056361 0.81378052 0.70425866 0.73482274 0.71993688 0.71408868
 0.9854224  0.6576289  0.63554455 0.92119657 0.8554527  0.76269136
 0.72126275 0.75480312 1.04594014 0.68012584 0.72888814 0.79571034
 0.80579382 0.73973215 0.68554911 0.82230026 0.77492313 1.20346911
 1.33107859 1.20858693 1.33563435 4.48526526 2.73125209 1.75374984
 1.30472056 1.29114721 1.66469455 2.9395367  2.18866006 2.48481828
 3.0944205  1.91600402 1.72107141]
FCIDUMP file in AO basis written to FCIDUMP/FCIDUMP_AO_DA-CDR_new


-------------------------------------
Restricted Open-shell PPP Calculation
-------------------------------------

Starting SCF cycle...

Iter   Energy        Dens Change      Energy Change
-----------------------------------------------------
0 -316.53679116958864 0.35996626594826986 -316.53679116958864
1 -342.55464562149695 0.060103903857958274 -26.017854451908306
2 -350.26723347038103 0.013819132159123448 -7.712587848884084
3 -352.54365425554636 0.003949209335637471 -2.276420785165328
4 -353.22080018763415 0.0016423452377923864 -0.6771459320877966
5 -353.42701996577466 0.000818940397093848 -0.20621977814050751
6 -353.49234658200646 0.00042079703721797923 -0.06532661623180047
7 -353.5129700653228 0.00021531579085720676 -0.020623483316342117
8 -353.5197059443534 0.00010997470810725218 -0.006735879030600245
9 -353.52189828886844 5.611755431123022e-05 -0.002192344515037803
10 -353.52263187527126 2.862318110097295e-05 -0.0007335864028163996
11 -353.5228787508935 1.4596400911837115e-05 -0.00024687562222425186
12 -353.52296418359253 7.442703345850177e-06 -8.543269905203488e-05
13 -353.5229943266704 3.794847916460675e-06 -3.0143077879074553e-05
14 -353.523005344035 1.9348484263659316e-06 -1.1017364613508107e-05
15 -353.5230095132998 9.864915493373871e-07 -4.1692647982927156e-06
16 -353.52301116251107 5.029631621189523e-07 -1.6492112422383798e-06
17 -353.5230118440166 2.5643480472403724e-07 -6.815055257902713e-07
18 -353.5230121384132 1.3074251481448584e-07 -2.943966137536336e-07
19 -353.523012270633 6.665867324784358e-08 -1.3221978178989957e-07
20 -353.5230123320183 3.398577053115304e-08 -6.13853217146243e-08
21 -353.5230123612639 1.732761290007545e-08 -2.924559794337256e-08
22 -353.5230123754744 8.834499132248652e-09 -1.4210513654688839e-08
23 -353.5230123824711 4.504297268503876e-09 -6.996685897320276e-09
24 -353.52301238595896 2.296540624335819e-09 -3.487855337880319e-09
25 -353.5230123877029 1.1709100355972168e-09 -1.7439560906495899e-09
26 -353.52301238858473 5.970010041878027e-10 -8.818119567877147e-10
27 -353.52301238902515 3.0438718212622007e-10 -4.404228093335405e-10
28 -353.5230123892504 1.5519852070156048e-10 -2.2527046894538216e-10
29 -353.5230123893655 7.912970279022602e-11 -1.1505107977427542e-10
30 -353.52301238942664 4.034683698250774e-11 -6.116351869422942e-11
31 -353.52301238945387 2.057065628946475e-11 -2.722799763432704e-11
32 -353.5230123894701 1.0489387136658479e-11 -1.6257217794191092e-11
33 -353.523012389478 5.3471671535021414e-12 -7.901235221652314e-12
34 -353.5230123894788 2.7275959268990846e-12 -7.958078640513122e-13
35 -353.5230123894815 1.389999226830696e-12 -2.6716406864579767e-12
36 -353.52301238948206 7.09432512735475e-13 -5.684341886080801e-13
37 -353.5230123894836 3.6148861681795097e-13 -1.5347723092418164e-12
38 -353.5230123894835 1.8429702208777599e-13 1.1368683772161603e-13
39 -353.5230123894857 9.43689570931383e-14 -2.2168933355715126e-12
40 -353.52301238948365 4.829470157119431e-14 2.0463630789890885e-12
41 -353.5230123894852 2.5091040356528538e-14 -1.5347723092418164e-12
42 -353.52301238948365 1.3211653993039363e-14 1.5347723092418164e-12
43 -353.523012389486 6.772360450213455e-15 -2.3305801732931286e-12
44 -353.5230123894838 3.9968028886505635e-15 2.1600499167107046e-12

--------------------------
Converged ROPPP Orbitals
--------------------------

orbital number 1 energy -13.260638972941518
[-0.   -0.   -0.    0.    0.    0.    0.   -0.   -0.   -0.    0.   -0.
 -0.   -0.   -0.   -0.   -0.    0.    0.09 -0.   -0.    0.   -0.   -0.
  0.    0.    0.   -0.    0.    0.    0.    0.    0.11  0.    0.   -0.
 -0.    0.   -0.   -0.   -0.   -0.   -0.   -0.    0.09  0.    0.    0.
  0.09  0.35  0.01  0.02  0.02 -0.    0.36 -0.    0.    0.03  0.36  0.02
 -0.    0.    0.11  0.   -0.   -0.    0.   -0.   -0.    0.01  0.09  0.02
  0.01  0.03  0.74  0.    0.    0.    0.    0.    0.    0.    0.    0.
  0.    0.    0.  ]
orbital number 2 energy -8.628600207615111
[ 0.22  0.27  0.22  0.14  0.14  0.14  0.08  0.06  0.05  0.03  0.02  0.
  0.03  0.05  0.06  0.05  0.03  0.03  0.03  0.03  0.05  0.29  0.25  0.19
  0.12  0.11  0.12  0.19  0.28  0.23  0.14  0.14  0.02  0.14  0.23  0.07
  0.09  0.09  0.09  0.07  0.1   0.03  0.06  0.03 -0.01  0.02  0.01  0.02
 -0.01 -0.02 -0.01 -0.01 -0.01  0.01  0.02  0.    0.    0.01 -0.    0.
  0.01  0.01  0.04  0.    0.    0.01  0.01  0.01  0.    0.    0.    0.05
  0.09  0.05 -0.01  0.17  0.17  0.04  0.03  0.04  0.04  0.15  0.15  0.18
  0.18  0.07  0.07]
orbital number 3 energy -8.527903893642069
[-0.02 -0.05 -0.02  0.01  0.05  0.01  0.29  0.26  0.21  0.13  0.12  0.02
  0.12  0.21  0.27  0.21  0.13  0.12 -0.01  0.13  0.22 -0.09 -0.09 -0.07
 -0.05 -0.04 -0.05 -0.07 -0.1  -0.09 -0.06 -0.06 -0.01 -0.06 -0.09  0.13
  0.22  0.27  0.22  0.13  0.12 -0.01 -0.02 -0.01  0.01 -0.01 -0.01 -0.01
  0.01  0.01  0.    0.    0.01  0.03 -0.01  0.02  0.01 -0.01 -0.   -0.
  0.03  0.07 -0.02  0.01  0.02  0.03  0.07  0.03  0.02 -0.   -0.   -0.02
 -0.04 -0.02  0.01 -0.02 -0.02  0.17  0.16  0.16  0.17 -0.06 -0.06 -0.08
 -0.08  0.17  0.17]
orbital number 4 energy -8.238662376733895
[ 0.2   0.17  0.2   0.15  0.17  0.15 -0.04 -0.08 -0.08 -0.06 -0.06 -0.01
 -0.05 -0.08 -0.08 -0.09 -0.06 -0.06 -0.1  -0.06 -0.09  0.03  0.08  0.09
  0.06  0.06  0.06  0.09 -0.17 -0.24 -0.19 -0.23 -0.11 -0.19 -0.24  0.09
  0.09  0.05  0.09  0.09  0.14  0.02  0.04  0.02  0.09  0.01  0.01  0.01
  0.09  0.13  0.06  0.06  0.06 -0.02 -0.09 -0.01 -0.01 -0.06 -0.03 -0.03
 -0.02 -0.04 -0.15 -0.01 -0.01 -0.02 -0.04 -0.02 -0.01 -0.04 -0.03 -0.13
 -0.2  -0.15  0.04  0.18  0.18 -0.07 -0.07 -0.07 -0.08  0.08  0.08 -0.21
 -0.22  0.08  0.07]
orbital number 5 energy -8.182138742622953
[-0.15 -0.1  -0.15 -0.13 -0.16 -0.13  0.03  0.08  0.09  0.06  0.06  0.02
  0.06  0.08  0.08  0.09  0.07  0.07 -0.05  0.07  0.09  0.03  0.24  0.29
  0.21  0.23  0.21  0.29 -0.05 -0.08 -0.07 -0.09 -0.06 -0.07 -0.08 -0.11
 -0.13 -0.08 -0.12 -0.11 -0.15  0.08  0.15  0.08  0.05  0.05  0.04  0.05
  0.05  0.07  0.03  0.04  0.04  0.02 -0.04  0.02  0.01 -0.03 -0.02 -0.02
  0.02  0.04 -0.08  0.01  0.01  0.02  0.04  0.02  0.01 -0.02 -0.02 -0.06
 -0.09 -0.07  0.02 -0.14 -0.14  0.08  0.07  0.08  0.08  0.26  0.26 -0.07
 -0.07 -0.11 -0.11]
orbital number 6 energy -8.080373472342725
[-0.01 -0.01 -0.01 -0.01 -0.   -0.01  0.    0.22  0.28  0.21  0.22 -0.05
  0.2   0.27 -0.21 -0.27 -0.2  -0.23  0.   -0.21 -0.28 -0.    0.    0.01
  0.01  0.01  0.01  0.01 -0.    0.    0.    0.    0.    0.    0.    0.
  0.01  0.01  0.01  0.    0.    0.    0.    0.   -0.    0.    0.    0.
 -0.   -0.   -0.   -0.   -0.   -0.08  0.   -0.05 -0.05  0.    0.    0.
 -0.08 -0.15  0.    0.05  0.06  0.09  0.15  0.09  0.06  0.    0.    0.
  0.    0.   -0.   -0.01 -0.01  0.26  0.24 -0.24 -0.26  0.01  0.01  0.
  0.    0.01  0.01]
orbital number 7 energy -8.026322607175716
[ 0.1   0.1   0.09  0.04 -0.    0.04 -0.01  0.06  0.08  0.06  0.07  0.02
  0.06  0.08  0.05  0.07  0.05  0.06 -0.11  0.05  0.07  0.05 -0.08 -0.12
 -0.1  -0.11 -0.1  -0.12  0.11  0.11  0.04 -0.01 -0.25  0.04  0.11 -0.11
 -0.17 -0.14 -0.17 -0.11 -0.09 -0.05 -0.08 -0.05  0.22 -0.03 -0.03 -0.03
  0.22  0.28  0.16  0.17  0.17  0.02 -0.14  0.02  0.01 -0.16 -0.13 -0.1
  0.02  0.04 -0.25  0.02  0.02  0.03  0.05  0.03  0.02 -0.11 -0.11 -0.1
 -0.11 -0.16  0.06  0.1   0.09  0.08  0.07  0.06  0.06 -0.12 -0.12  0.11
  0.11 -0.17 -0.16]
orbital number 8 energy -7.983466268116626
[-0.2  -0.17 -0.2  -0.11 -0.06 -0.11  0.03 -0.06 -0.1  -0.07 -0.08 -0.02
 -0.07 -0.09 -0.06 -0.08 -0.07 -0.08 -0.06 -0.07 -0.09 -0.02  0.02  0.03
  0.03  0.03  0.03  0.03  0.1   0.13  0.08  0.06 -0.18  0.08  0.14  0.14
  0.23  0.2   0.23  0.13  0.09  0.01  0.02  0.01  0.16  0.01  0.01  0.01
  0.16  0.2   0.12  0.13  0.13 -0.03 -0.09 -0.02 -0.02 -0.12 -0.11 -0.08
 -0.03 -0.06 -0.16 -0.02 -0.02 -0.04 -0.06 -0.04 -0.02 -0.09 -0.09 -0.04
 -0.03 -0.08  0.03 -0.21 -0.2  -0.09 -0.09 -0.08 -0.08  0.03  0.03  0.14
  0.14  0.23  0.22]
orbital number 9 energy -7.40650287888274
[ 0.03 -0.01  0.03  0.03  0.04  0.03 -0.01 -0.    0.    0.    0.01  0.01
  0.    0.   -0.    0.    0.    0.01  0.29  0.    0.   -0.07 -0.03 -0.
  0.03  0.07  0.03 -0.   -0.13 -0.1   0.04  0.19 -0.16  0.04 -0.11  0.
 -0.01 -0.01 -0.01  0.    0.02  0.07  0.09  0.07  0.09  0.06  0.06  0.06
  0.09  0.07  0.1   0.1   0.1   0.01  0.23  0.01  0.01 -0.18 -0.3  -0.24
  0.01  0.01  0.17  0.01  0.01  0.01  0.01  0.01  0.01 -0.2  -0.28  0.31
  0.35  0.25 -0.04  0.04  0.04  0.    0.    0.    0.   -0.   -0.   -0.14
 -0.16 -0.02 -0.01]
orbital number 10 energy -7.282568856469741
[-0.01  0.02 -0.01 -0.02 -0.04 -0.03  0.06  0.08  0.06 -0.03 -0.12 -0.1
 -0.03  0.05  0.05  0.02 -0.03 -0.09  0.06 -0.03  0.03  0.06  0.12  0.11
 -0.04 -0.19 -0.04  0.1  -0.01 -0.03 -0.01  0.   -0.03 -0.02 -0.04 -0.03
 -0.01  0.02 -0.01 -0.03 -0.04 -0.29 -0.35 -0.29 -0.   -0.27 -0.26 -0.27
 -0.   -0.   -0.   -0.   -0.   -0.11  0.06 -0.1  -0.1  -0.04 -0.06 -0.05
 -0.11 -0.14  0.03 -0.15 -0.16 -0.18 -0.21 -0.18 -0.16 -0.05 -0.06  0.05
  0.04  0.04  0.   -0.02 -0.01  0.08  0.06  0.03  0.04  0.16  0.15 -0.05
 -0.07 -0.02 -0.02]
orbital number 11 energy -7.276554606031134
[-0.03 -0.01 -0.02 -0.01  0.01 -0.01 -0.08 -0.11 -0.09  0.04  0.17  0.14
  0.05 -0.07 -0.07 -0.04  0.04  0.12  0.03  0.04 -0.04  0.03  0.08  0.08
 -0.03 -0.13 -0.03  0.07 -0.   -0.02 -0.01  0.   -0.02 -0.01 -0.02  0.03
  0.04 -0.01  0.04  0.03  0.03 -0.2  -0.24 -0.2  -0.   -0.19 -0.18 -0.19
 -0.   -0.   -0.   -0.   -0.    0.16  0.03  0.14  0.14 -0.02 -0.03 -0.03
  0.16  0.2   0.02  0.22  0.23  0.26  0.31  0.26  0.23 -0.02 -0.03  0.03
  0.02  0.02  0.   -0.04 -0.03 -0.13 -0.1  -0.05 -0.06  0.12  0.11 -0.03
 -0.04  0.05  0.05]
orbital number 12 energy -7.21256672801009
[-0.   -0.   -0.    0.    0.01  0.   -0.03  0.07  0.11  0.   -0.1   0.28
 -0.01  0.08 -0.12 -0.11  0.04  0.19 -0.    0.02 -0.14 -0.    0.    0.
  0.   -0.    0.    0.   -0.    0.    0.    0.    0.    0.    0.    0.01
  0.01 -0.    0.    0.01  0.01 -0.   -0.   -0.    0.   -0.   -0.   -0.
  0.    0.    0.    0.    0.    0.31 -0.    0.29  0.28  0.    0.    0.
  0.31  0.36 -0.   -0.17 -0.18 -0.19 -0.22 -0.19 -0.18  0.    0.   -0.
 -0.   -0.   -0.   -0.01 -0.    0.16  0.11 -0.15 -0.21  0.    0.    0.
  0.    0.02  0.01]
orbital number 13 energy -7.171543218244337
[-0.01 -0.    0.01  0.01  0.   -0.   -0.   -0.    0.    0.    0.   -0.
 -0.   -0.    0.    0.    0.   -0.   -0.01 -0.    0.    0.   -0.   -0.01
 -0.    0.    0.    0.    0.    0.36  0.17  0.    0.01 -0.16 -0.35  0.
 -0.   -0.   -0.    0.    0.    0.    0.01  0.    0.01  0.    0.    0.
  0.01  0.    0.01  0.01  0.01 -0.   -0.01 -0.   -0.    0.01  0.01  0.01
 -0.   -0.    0.   -0.   -0.   -0.   -0.   -0.   -0.    0.01  0.01 -0.
  0.    0.   -0.01 -0.02  0.02  0.   -0.    0.    0.   -0.02  0.01  0.59
 -0.59 -0.   -0.  ]
orbital number 14 energy -7.141725710837193
[ 0.35 -0.01 -0.36 -0.17 -0.01  0.16  0.   -0.   -0.   -0.    0.    0.
 -0.   -0.   -0.   -0.   -0.    0.   -0.   -0.   -0.   -0.    0.   -0.01
 -0.   -0.    0.    0.01  0.    0.01  0.   -0.   -0.   -0.   -0.01 -0.
 -0.    0.    0.01  0.   -0.   -0.   -0.   -0.   -0.   -0.   -0.   -0.
 -0.   -0.   -0.    0.    0.    0.    0.    0.    0.   -0.   -0.   -0.
  0.    0.   -0.    0.    0.    0.    0.    0.    0.   -0.   -0.    0.
  0.    0.    0.    0.59 -0.59 -0.   -0.   -0.   -0.   -0.01  0.02  0.02
 -0.02 -0.01  0.01]
orbital number 15 energy -7.121019220440857
[ 0.01 -0.01  0.    0.01  0.01  0.01 -0.    0.    0.    0.   -0.   -0.
  0.    0.    0.    0.    0.   -0.   -0.06  0.    0.   -0.02  0.    0.06
  0.03 -0.   -0.02 -0.03 -0.04 -0.05  0.02  0.09  0.3   0.03 -0.02  0.
 -0.   -0.   -0.    0.    0.01 -0.02 -0.02 -0.02  0.25 -0.02 -0.02 -0.02
  0.25  0.1   0.35  0.32  0.32 -0.   -0.15 -0.   -0.    0.3   0.08  0.24
 -0.   -0.    0.17 -0.   -0.   -0.   -0.   -0.   -0.    0.28  0.18  0.04
  0.14  0.16 -0.21  0.01  0.01  0.    0.    0.    0.    0.1  -0.05 -0.08
 -0.04 -0.01 -0.  ]
orbital number 16 energy -7.1183625761077245
[ 0.01  0.   -0.01 -0.01 -0.    0.    0.   -0.   -0.   -0.    0.    0.
 -0.   -0.   -0.    0.    0.    0.    0.01 -0.   -0.    0.   -0.    0.35
  0.16  0.   -0.17 -0.35  0.01  0.01  0.   -0.01 -0.04 -0.01 -0.   -0.
  0.    0.    0.   -0.   -0.    0.    0.01  0.01 -0.03  0.01  0.01  0.01
 -0.03 -0.01 -0.04 -0.04 -0.04  0.    0.02  0.    0.   -0.04 -0.01 -0.03
  0.    0.   -0.02  0.    0.    0.    0.    0.    0.   -0.03 -0.02 -0.01
 -0.02 -0.02  0.03  0.01 -0.02 -0.   -0.    0.   -0.    0.58 -0.59  0.02
 -0.    0.    0.  ]
orbital number 17 energy -7.0727880259539395
[ 0.01  0.   -0.   -0.   -0.    0.   -0.   -0.    0.    0.   -0.   -0.
 -0.   -0.    0.    0.01  0.   -0.    0.   -0.   -0.    0.    0.   -0.
 -0.    0.   -0.   -0.    0.   -0.   -0.    0.    0.   -0.   -0.    0.17
  0.35 -0.   -0.36 -0.17 -0.    0.    0.    0.    0.    0.    0.    0.
  0.    0.    0.    0.    0.   -0.   -0.   -0.   -0.    0.   -0.    0.
 -0.   -0.    0.    0.    0.    0.    0.    0.    0.    0.    0.    0.
  0.    0.   -0.    0.01 -0.01  0.01 -0.01  0.01 -0.01 -0.   -0.   -0.
 -0.    0.59 -0.59]
orbital number 18 energy -7.038662565669006
[ 0.    0.    0.   -0.   -0.   -0.    0.01  0.   -0.1  -0.05 -0.   -0.01
  0.05  0.1   0.01  0.35  0.17 -0.    0.   -0.16 -0.33  0.   -0.   -0.
 -0.    0.    0.   -0.    0.   -0.   -0.   -0.    0.   -0.   -0.   -0.
 -0.01  0.    0.   -0.   -0.    0.    0.    0.    0.    0.    0.    0.
  0.    0.    0.    0.    0.   -0.01  0.   -0.01 -0.01  0.   -0.    0.
 -0.01 -0.01  0.    0.    0.    0.    0.    0.    0.    0.   -0.    0.
  0.    0.   -0.    0.    0.   -0.17  0.16  0.56 -0.56 -0.    0.   -0.
 -0.   -0.01  0.  ]
orbital number 19 energy -7.033436072358903
[ 0.    0.    0.   -0.   -0.   -0.    0.01  0.02 -0.33 -0.15 -0.    0.01
  0.17  0.36 -0.   -0.11 -0.05  0.    0.    0.04  0.09  0.    0.   -0.
 -0.    0.   -0.   -0.    0.   -0.   -0.   -0.    0.   -0.   -0.    0.
  0.    0.   -0.01 -0.   -0.    0.    0.    0.    0.    0.    0.    0.
  0.    0.    0.    0.    0.    0.01  0.    0.01  0.01  0.   -0.    0.
  0.01  0.01  0.   -0.02 -0.02 -0.02 -0.02 -0.02 -0.02  0.   -0.    0.
  0.    0.   -0.    0.    0.   -0.55  0.57 -0.18  0.16 -0.   -0.   -0.
 -0.    0.01 -0.01]
orbital number 20 energy -6.507494675446131
[-0.07 -0.14 -0.08  0.22  0.46  0.22 -0.11 -0.04  0.02  0.02  0.02 -0.02
  0.02  0.02 -0.04  0.02  0.02  0.02 -0.02  0.02  0.02 -0.12 -0.05  0.02
  0.03  0.03  0.03  0.02 -0.05  0.02  0.03  0.04 -0.01  0.03  0.02  0.21
 -0.08 -0.14 -0.09  0.21  0.45 -0.02 -0.   -0.02 -0.01 -0.02 -0.03 -0.02
 -0.01  0.01 -0.02 -0.01 -0.01 -0.02 -0.03 -0.02 -0.03 -0.01  0.02  0.01
 -0.02 -0.01 -0.03 -0.03 -0.02 -0.02 -0.01 -0.02 -0.02  0.    0.02 -0.01
  0.01 -0.01  0.01 -0.24 -0.25  0.06  0.06  0.06  0.06  0.06  0.06  0.05
  0.05 -0.25 -0.25]
orbital number 21 energy -6.16335085214145
[ 0.02 -0.06  0.02 -0.   -0.02 -0.01  0.01  0.   -0.   -0.   -0.    0.
 -0.   -0.    0.   -0.   -0.   -0.   -0.14 -0.   -0.   -0.13 -0.06  0.01
  0.03  0.04  0.03  0.01 -0.1  -0.03  0.25  0.44 -0.18  0.25 -0.03 -0.02
  0.    0.01  0.   -0.02 -0.03 -0.01  0.01 -0.01 -0.02 -0.02 -0.03 -0.02
 -0.02  0.09 -0.16 -0.12 -0.12  0.   -0.27  0.    0.   -0.09  0.15  0.17
  0.   -0.   -0.34  0.    0.    0.   -0.    0.    0.    0.05  0.21  0.07
  0.26 -0.05  0.09  0.1   0.1  -0.   -0.   -0.   -0.    0.06  0.06 -0.24
 -0.23  0.02  0.02]
orbital number 22 energy -5.946183602839074
[ 0.02 -0.24  0.03  0.   -0.01 -0.    0.01  0.01 -0.   -0.   -0.    0.
 -0.   -0.    0.01 -0.   -0.   -0.01  0.   -0.   -0.   -0.43 -0.24  0.01
  0.16  0.26  0.16  0.01 -0.25  0.02 -0.02 -0.03  0.02 -0.02  0.02 -0.01
  0.    0.01  0.   -0.01 -0.02 -0.04  0.09 -0.04  0.   -0.16 -0.2  -0.16
  0.   -0.01  0.01  0.01  0.01  0.    0.02  0.    0.    0.01 -0.01 -0.02
  0.   -0.    0.03  0.    0.    0.   -0.    0.    0.   -0.01 -0.02 -0.01
 -0.03  0.   -0.01  0.3   0.3  -0.01 -0.01 -0.   -0.    0.09  0.09  0.32
  0.32  0.01  0.01]
orbital number 23 energy -5.891862168734129
[-0.01  0.09 -0.01  0.    0.    0.   -0.   -0.   -0.    0.    0.   -0.
  0.    0.   -0.    0.    0.    0.    0.    0.   -0.    0.16  0.08 -0.02
  0.25  0.4   0.26 -0.02  0.09 -0.01  0.    0.   -0.    0.   -0.    0.
  0.   -0.    0.    0.    0.   -0.06  0.16 -0.06  0.   -0.24 -0.32 -0.24
  0.    0.   -0.   -0.   -0.   -0.   -0.   -0.   -0.   -0.    0.    0.
 -0.    0.   -0.   -0.   -0.   -0.    0.   -0.   -0.    0.    0.    0.
  0.   -0.    0.   -0.11 -0.11  0.    0.    0.    0.   -0.42 -0.42 -0.11
 -0.11  0.    0.  ]
orbital number 24 energy -5.874973768153434
[-0.    0.   -0.    0.01  0.02  0.02  0.42  0.24 -0.01 -0.13 -0.2   0.18
 -0.13 -0.02  0.24 -0.01 -0.19 -0.3   0.   -0.19 -0.01  0.    0.   -0.
  0.    0.    0.   -0.    0.   -0.    0.    0.    0.    0.   -0.    0.
 -0.02  0.23 -0.02 -0.    0.01 -0.    0.   -0.    0.   -0.   -0.   -0.
  0.   -0.   -0.    0.    0.    0.05  0.    0.18  0.24  0.   -0.   -0.
  0.05 -0.11  0.    0.15  0.12  0.03 -0.07  0.03  0.12 -0.   -0.   -0.
 -0.   -0.   -0.   -0.02 -0.02 -0.13 -0.14 -0.06 -0.06 -0.   -0.   -0.
 -0.   -0.29 -0.29]
orbital number 25 energy -5.816792553633869
[-0.   -0.    0.   -0.   -0.   -0.   -0.17 -0.1   0.    0.13  0.2   0.22
  0.13 -0.   -0.09  0.03 -0.23 -0.37 -0.   -0.23  0.02 -0.    0.    0.
 -0.   -0.   -0.    0.    0.    0.    0.   -0.    0.    0.    0.   -0.
  0.01 -0.1   0.01 -0.   -0.    0.   -0.    0.   -0.    0.    0.    0.
 -0.   -0.    0.    0.    0.    0.05 -0.    0.22  0.29  0.   -0.   -0.
  0.05 -0.15  0.   -0.16 -0.12 -0.03  0.08 -0.03 -0.12  0.   -0.    0.
 -0.    0.    0.    0.    0.   -0.04 -0.04  0.41  0.39  0.    0.   -0.
 -0.    0.11  0.11]
orbital number 26 energy -5.795123840016673
[-0.    0.   -0.    0.    0.    0.    0.16  0.09 -0.01  0.25  0.39 -0.04
  0.24 -0.03  0.09 -0.01  0.04  0.07  0.    0.05 -0.01  0.   -0.   -0.
  0.    0.    0.   -0.   -0.   -0.    0.    0.   -0.   -0.   -0.    0.
 -0.    0.09 -0.01  0.    0.   -0.    0.   -0.    0.   -0.   -0.   -0.
  0.    0.   -0.   -0.   -0.   -0.01  0.   -0.04 -0.06 -0.    0.    0.
 -0.01  0.03 -0.   -0.31 -0.23 -0.05  0.15 -0.05 -0.23  0.    0.    0.
  0.   -0.   -0.   -0.   -0.   -0.41 -0.42 -0.17 -0.16 -0.   -0.    0.
  0.   -0.11 -0.11]
orbital number 27 energy -5.448054453597609
[-0.01 -0.03 -0.01 -0.01 -0.   -0.01 -0.   -0.   -0.    0.    0.   -0.
  0.   -0.   -0.   -0.    0.    0.   -0.45  0.   -0.   -0.04 -0.03 -0.
  0.    0.01  0.   -0.    0.01  0.02  0.12  0.15  0.32  0.12  0.02  0.01
  0.    0.    0.    0.01  0.01  0.    0.01  0.    0.01 -0.01 -0.01 -0.01
  0.01  0.05 -0.05 -0.03 -0.04 -0.   -0.15 -0.   -0.    0.03  0.1  -0.41
 -0.    0.    0.27 -0.   -0.   -0.    0.   -0.   -0.   -0.28 -0.25 -0.39
 -0.04  0.18  0.01  0.04  0.04  0.    0.    0.    0.    0.02  0.02 -0.13
 -0.12 -0.01 -0.01]
orbital number 28 energy -5.062423786305543
[ 0.1   0.12  0.1   0.27  0.24  0.28  0.09  0.1   0.02 -0.01 -0.03  0.02
 -0.01  0.02  0.1   0.02 -0.01 -0.03 -0.05 -0.    0.02 -0.08 -0.1  -0.02
  0.    0.03  0.   -0.02 -0.12 -0.03 -0.01  0.02  0.01 -0.02 -0.04 -0.28
 -0.09 -0.08 -0.08 -0.28 -0.26  0.01  0.03  0.01  0.02 -0.02 -0.03 -0.02
  0.02  0.05 -0.06 -0.03 -0.03 -0.01 -0.06  0.02  0.03 -0.    0.01 -0.01
 -0.01 -0.03  0.    0.04  0.02 -0.01 -0.03 -0.01  0.02 -0.01 -0.    0.
  0.06  0.05 -0.   -0.31 -0.31 -0.08 -0.08 -0.08 -0.08  0.07  0.07  0.11
  0.11  0.29  0.29]
orbital number 29 energy -4.971723610771383
[-0.01  0.   -0.01 -0.02 -0.02 -0.02 -0.01 -0.01 -0.    0.    0.   -0.
  0.   -0.   -0.01 -0.    0.    0.   -0.03  0.   -0.    0.02  0.03  0.01
 -0.   -0.01 -0.    0.01 -0.01 -0.01 -0.04 -0.03  0.02 -0.04 -0.01  0.02
  0.01  0.01  0.01  0.02  0.02 -0.   -0.01 -0.    0.22  0.01  0.01  0.01
  0.14  0.42 -0.44 -0.27 -0.2   0.   -0.04 -0.   -0.    0.33 -0.35  0.08
  0.    0.    0.05 -0.   -0.    0.    0.    0.   -0.    0.35 -0.25  0.
  0.04  0.07 -0.03  0.02  0.02  0.01  0.01  0.01  0.01 -0.02 -0.02  0.03
  0.03 -0.03 -0.03]
orbital number 30 energy -4.91509396248693
[-0.    0.   -0.   -0.   -0.   -0.   -0.   -0.   -0.    0.    0.   -0.
  0.   -0.   -0.   -0.    0.    0.   -0.    0.   -0.    0.    0.    0.
 -0.   -0.    0.    0.   -0.   -0.   -0.   -0.   -0.   -0.   -0.    0.
  0.    0.    0.    0.    0.   -0.   -0.   -0.   -0.5   0.    0.    0.
  0.52  0.03 -0.03  0.47 -0.5   0.   -0.   -0.   -0.    0.02 -0.03  0.01
  0.    0.    0.   -0.   -0.    0.    0.    0.   -0.    0.03 -0.02 -0.
  0.    0.01 -0.    0.    0.    0.    0.    0.    0.   -0.   -0.    0.
  0.   -0.   -0.  ]
orbital number 31 energy -4.7159579178103845
[-0.01 -0.08 -0.01  0.05  0.07  0.05  0.01  0.03  0.01  0.   -0.01  0.01
  0.    0.01  0.03  0.01  0.   -0.01  0.16  0.    0.01 -0.08 -0.19 -0.06
 -0.01  0.05 -0.02 -0.07  0.17  0.13  0.2   0.09  0.    0.2   0.13 -0.05
 -0.03 -0.04 -0.03 -0.05 -0.02  0.04  0.1   0.04 -0.06 -0.06 -0.1  -0.06
 -0.06 -0.11  0.12  0.06  0.06 -0.    0.29  0.01  0.01  0.22 -0.2   0.01
 -0.   -0.01 -0.    0.01  0.01 -0.   -0.01 -0.    0.01  0.22 -0.2  -0.13
 -0.32 -0.31  0.03  0.02  0.02 -0.02 -0.02 -0.02 -0.02  0.14  0.14 -0.27
 -0.26  0.06  0.06]
orbital number 32 energy -4.384285495506264
[-0.   -0.01 -0.   -0.    0.   -0.   -0.    0.3   0.15  0.1  -0.06 -0.13
  0.09  0.15 -0.29 -0.14 -0.08  0.06  0.   -0.09 -0.14 -0.    0.01  0.
  0.   -0.    0.    0.   -0.   -0.    0.    0.    0.    0.   -0.   -0.
 -0.01 -0.01 -0.    0.    0.01 -0.   -0.01 -0.   -0.    0.    0.01  0.
 -0.   -0.    0.    0.    0.    0.12  0.   -0.13 -0.25  0.   -0.   -0.
  0.12  0.26 -0.    0.28  0.14 -0.14 -0.28 -0.12  0.15  0.   -0.   -0.
 -0.   -0.    0.    0.01  0.01 -0.27 -0.27  0.26  0.26 -0.01 -0.01  0.
  0.    0.01  0.01]
orbital number 33 energy -4.3308749091507055
[ 0.08  0.25  0.08 -0.04 -0.13 -0.04  0.01 -0.07 -0.04 -0.03  0.01 -0.05
 -0.03 -0.04 -0.1  -0.05 -0.03  0.02 -0.02 -0.04 -0.05  0.07 -0.26 -0.16
 -0.13  0.04 -0.12 -0.16  0.09  0.01 -0.06 -0.08 -0.01 -0.07  0.01  0.03
  0.08  0.18  0.08  0.03 -0.06  0.25  0.33  0.06  0.03 -0.25 -0.31 -0.06
  0.03  0.04 -0.05 -0.02 -0.02  0.04 -0.06 -0.05 -0.09 -0.07  0.03  0.02
  0.05  0.1   0.02 -0.08 -0.03  0.04  0.08  0.03 -0.05 -0.05  0.07  0.04
  0.06  0.09 -0.02 -0.13 -0.13  0.07  0.07  0.09  0.09  0.26  0.25 -0.02
 -0.01 -0.14 -0.14]
orbital number 34 energy -4.323277345993841
[ 0.02  0.05  0.02 -0.01 -0.03 -0.01  0.   -0.01 -0.01 -0.01  0.   -0.01
 -0.01 -0.01 -0.02 -0.01 -0.01  0.   -0.   -0.01 -0.01  0.01 -0.05 -0.03
 -0.02  0.01 -0.03 -0.03  0.02  0.   -0.01 -0.01 -0.   -0.01  0.    0.01
  0.02  0.04  0.02  0.   -0.01 -0.46  0.06  0.52  0.01  0.46 -0.06 -0.52
  0.01  0.01 -0.01 -0.   -0.    0.01 -0.01 -0.01 -0.02 -0.01  0.01  0.
  0.01  0.02  0.   -0.02 -0.01  0.01  0.02  0.01 -0.01 -0.01  0.01  0.01
  0.01  0.02 -0.   -0.03 -0.03  0.01  0.01  0.02  0.02  0.04  0.05 -0.
 -0.   -0.03 -0.03]
orbital number 35 energy -4.298438798123432
[ 0.    0.    0.   -0.   -0.   -0.   -0.   -0.01  0.    0.01  0.    0.
 -0.01 -0.01  0.    0.    0.   -0.   -0.    0.    0.    0.   -0.   -0.
 -0.    0.   -0.   -0.    0.    0.   -0.   -0.   -0.   -0.    0.    0.
  0.    0.    0.    0.    0.    0.    0.01  0.    0.   -0.   -0.01 -0.
  0.    0.   -0.   -0.   -0.   -0.   -0.    0.    0.   -0.    0.    0.
 -0.   -0.01  0.   -0.   -0.5  -0.5   0.    0.5   0.5  -0.    0.    0.
  0.    0.   -0.   -0.   -0.   -0.    0.01 -0.   -0.    0.    0.   -0.
 -0.   -0.   -0.  ]
orbital number 36 energy -4.26484358517642
[ 0.    0.    0.   -0.   -0.   -0.   -0.    0.    0.    0.   -0.   -0.5
  0.    0.   -0.   -0.   -0.01  0.   -0.    0.01  0.    0.   -0.   -0.
 -0.    0.   -0.   -0.    0.    0.   -0.   -0.   -0.   -0.    0.    0.
 -0.   -0.    0.    0.    0.    0.    0.    0.    0.   -0.   -0.   -0.
  0.    0.   -0.   -0.   -0.    0.5  -0.    0.5  -0.   -0.    0.    0.
 -0.5   0.    0.    0.    0.   -0.   -0.   -0.    0.   -0.    0.    0.
  0.    0.   -0.   -0.   -0.   -0.   -0.    0.01 -0.    0.    0.   -0.
 -0.   -0.   -0.  ]
orbital number 37 energy -4.1316773349559455
[-0.07 -0.07 -0.07 -0.07 -0.   -0.08 -0.09  0.08  0.09  0.11  0.02  0.1
  0.1   0.08  0.1   0.09  0.1   0.01 -0.03  0.11  0.09  0.08 -0.05 -0.06
 -0.08 -0.02 -0.09 -0.06  0.2   0.05 -0.09 -0.14 -0.04 -0.09  0.05  0.08
 -0.09 -0.29 -0.09  0.09  0.18  0.09  0.17  0.09  0.05 -0.07 -0.16 -0.08
  0.05  0.07 -0.08 -0.03 -0.03 -0.12 -0.04  0.1   0.22 -0.13  0.02  0.07
 -0.12 -0.23  0.08  0.21  0.1  -0.11 -0.22 -0.12  0.1  -0.07  0.13  0.03
  0.05  0.14 -0.05  0.1   0.1  -0.13 -0.12 -0.14 -0.14  0.08  0.09 -0.07
 -0.07  0.13  0.13]
orbital number 38 energy -3.9467791208764926
[-0.02 -0.09 -0.02  0.04  0.06  0.04  0.04  0.01 -0.02 -0.04 -0.02 -0.03
 -0.04 -0.02  0.   -0.02 -0.04 -0.02 -0.22 -0.04 -0.02 -0.03 -0.01  0.01
  0.03  0.02  0.03  0.01  0.06  0.05  0.03 -0.02 -0.33  0.01  0.04 -0.04
 -0.    0.04 -0.   -0.04 -0.03 -0.03 -0.05 -0.03  0.01  0.02  0.05  0.02
  0.01  0.01 -0.01 -0.01 -0.    0.04  0.23 -0.03 -0.07 -0.32 -0.23  0.38
  0.04  0.07  0.32 -0.07 -0.03  0.04  0.07  0.04 -0.03  0.07  0.24 -0.36
 -0.07  0.31 -0.01  0.03  0.03  0.02  0.02  0.03  0.03 -0.02 -0.01 -0.06
 -0.04  0.01  0.01]
orbital number 39 energy -3.7687929556733337
[-0.13 -0.31 -0.12  0.09  0.2   0.07  0.11  0.09 -0.01 -0.12 -0.09 -0.08
 -0.12 -0.02  0.08 -0.02 -0.12 -0.08  0.13 -0.11 -0.02  0.01  0.01  0.01
  0.01 -0.01 -0.02 -0.01  0.31  0.1  -0.11 -0.2   0.13 -0.07  0.13 -0.08
 -0.08 -0.07 -0.08 -0.08  0.01  0.01  0.01  0.01  0.09 -0.   -0.01 -0.
  0.09  0.09 -0.12 -0.04 -0.04  0.12 -0.13 -0.08 -0.18 -0.04  0.13 -0.08
  0.12  0.18 -0.02 -0.18 -0.08  0.12  0.18  0.12 -0.08 -0.15  0.09  0.2
  0.02 -0.01 -0.1   0.15  0.14  0.02  0.02  0.03  0.02 -0.01  0.01 -0.12
 -0.15  0.1   0.1 ]
orbital number 40 energy -3.551181782494196
[ 0.01  0.   -0.01 -0.02 -0.    0.02 -0.   -0.   -0.    0.    0.    0.
  0.    0.   -0.   -0.    0.    0.   -0.01  0.   -0.    0.    0.01  0.01
 -0.   -0.01 -0.01 -0.   -0.01 -0.34 -0.51  0.01 -0.01  0.52  0.33 -0.
  0.    0.01  0.01  0.   -0.    0.01  0.01  0.01 -0.   -0.   -0.01 -0.
 -0.   -0.    0.    0.    0.   -0.    0.01  0.    0.   -0.01 -0.01  0.01
 -0.   -0.    0.01  0.    0.   -0.   -0.   -0.    0.    0.01  0.   -0.02
 -0.    0.01  0.   -0.01  0.01  0.   -0.    0.    0.   -0.01  0.    0.36
 -0.34 -0.   -0.01]
orbital number 41 energy -3.524508852765849
[ 0.31 -0.01 -0.33 -0.49  0.    0.48  0.01  0.02  0.   -0.01 -0.01 -0.
 -0.01  0.    0.01 -0.   -0.01 -0.01 -0.01 -0.    0.    0.01  0.04  0.
 -0.03 -0.03 -0.02  0.01 -0.02  0.    0.02  0.01 -0.01 -0.02 -0.02 -0.14
 -0.1  -0.02  0.08  0.15  0.02  0.03  0.03  0.03 -0.01 -0.01 -0.03 -0.01
 -0.01 -0.01  0.01  0.    0.    0.01  0.   -0.   -0.01  0.01 -0.    0.
  0.01  0.01 -0.   -0.02 -0.01  0.01  0.02  0.01 -0.01  0.01 -0.01 -0.01
  0.    0.    0.01 -0.32  0.35 -0.   -0.    0.   -0.   -0.   -0.01 -0.
  0.02  0.11 -0.09]
orbital number 42 energy -3.4925983681505812
[-0.01 -0.    0.    0.    0.   -0.01  0.    0.01  0.   -0.   -0.   -0.
 -0.01  0.    0.01 -0.   -0.01 -0.    0.01 -0.    0.    0.   -0.01 -0.34
 -0.51  0.    0.51  0.34  0.01  0.   -0.01 -0.01  0.    0.01  0.01  0.01
 -0.   -0.01 -0.01 -0.    0.01 -0.01 -0.    0.    0.    0.01  0.   -0.01
  0.    0.   -0.01 -0.   -0.    0.   -0.   -0.   -0.01 -0.    0.   -0.
  0.    0.01  0.   -0.01 -0.    0.    0.01  0.   -0.   -0.01  0.01  0.
 -0.   -0.   -0.01  0.01 -0.   -0.   -0.    0.   -0.    0.35 -0.35 -0.
 -0.01  0.    0.01]
orbital number 43 energy -3.478814930731502
[-0.09 -0.03 -0.    0.02  0.01 -0.12  0.04  0.13  0.06 -0.04 -0.09 -0.04
 -0.13 -0.01  0.11 -0.01 -0.12 -0.08 -0.12 -0.04  0.05  0.09  0.3   0.06
 -0.19 -0.21 -0.18  0.07 -0.2  -0.1   0.03  0.13 -0.09  0.01 -0.12  0.02
 -0.11 -0.21 -0.07  0.08  0.13  0.19  0.24  0.19 -0.1  -0.09 -0.25 -0.09
 -0.1  -0.08  0.12  0.04  0.04  0.08  0.03 -0.04 -0.1   0.08 -0.07  0.
  0.08  0.1  -0.06 -0.11 -0.04  0.08  0.11  0.08 -0.04  0.13 -0.13 -0.09
  0.07  0.02  0.12  0.1   0.   -0.06  0.    0.01 -0.05 -0.07 -0.07  0.11
  0.12  0.12  0.08]
orbital number 44 energy -3.473057338648649
[-0.08  0.01  0.1   0.14 -0.01 -0.13 -0.    0.   -0.01 -0.01 -0.    0.01
  0.01  0.01 -0.02 -0.01  0.01  0.02  0.01  0.02 -0.   -0.01 -0.03 -0.01
  0.02  0.02  0.02 -0.01  0.02  0.01 -0.   -0.01  0.01  0.    0.01 -0.49
 -0.31  0.02  0.33  0.49 -0.01 -0.02 -0.03 -0.02  0.01  0.01  0.03  0.01
  0.01  0.01 -0.01 -0.   -0.   -0.02 -0.    0.01  0.02 -0.01  0.01 -0.
 -0.02 -0.02  0.    0.   -0.   -0.    0.    0.    0.   -0.01  0.01  0.01
 -0.   -0.   -0.01  0.08 -0.1   0.01 -0.01  0.01  0.    0.01  0.01 -0.01
 -0.01  0.33 -0.35]
orbital number 45 energy -3.42220368463853
[-0.01 -0.02 -0.01  0.    0.01  0.    0.01  0.01 -0.33 -0.51 -0.   -0.
  0.5   0.34  0.    0.03  0.05 -0.   -0.01 -0.05 -0.03  0.01  0.04  0.01
 -0.03 -0.03 -0.02  0.01 -0.02 -0.01  0.    0.01 -0.01 -0.   -0.01  0.
 -0.   -0.01 -0.01 -0.01  0.01  0.03  0.03  0.03 -0.01 -0.01 -0.03 -0.01
 -0.01 -0.01  0.01  0.    0.    0.    0.   -0.   -0.    0.01 -0.01 -0.
  0.    0.   -0.01 -0.   -0.01 -0.    0.    0.01  0.01  0.01 -0.01 -0.01
  0.01  0.    0.01  0.01  0.01  0.34 -0.36 -0.03  0.03 -0.01 -0.01  0.01
  0.01  0.    0.01]
orbital number 46 energy -3.417141911800538
[-0.01 -0.02 -0.01  0.01  0.01 -0.    0.   -0.    0.03  0.05 -0.   -0.01
 -0.05 -0.04  0.01  0.34  0.5  -0.   -0.01 -0.51 -0.33  0.01  0.03  0.01
 -0.02 -0.02 -0.02  0.01 -0.01 -0.01  0.    0.01 -0.01 -0.   -0.01 -0.01
 -0.01 -0.   -0.    0.    0.    0.02  0.02  0.02 -0.01 -0.01 -0.02 -0.01
 -0.01 -0.01  0.01  0.    0.    0.01  0.    0.01 -0.    0.01 -0.   -0.
 -0.    0.   -0.   -0.    0.    0.    0.    0.   -0.    0.01 -0.01 -0.01
  0.01  0.    0.01  0.01  0.01 -0.04  0.04 -0.35  0.34 -0.01 -0.01  0.01
  0.01  0.01  0.  ]
orbital number 47 energy -3.2212556317508754
[ 0.09  0.28  0.08 -0.16 -0.19 -0.15  0.    0.3   0.09 -0.17 -0.21 -0.
 -0.13  0.11  0.    0.01  0.02  0.   -0.02 -0.02 -0.01  0.01 -0.26 -0.08
  0.13  0.17  0.11 -0.09 -0.01 -0.01 -0.02  0.   -0.01  0.01 -0.    0.17
 -0.09 -0.31 -0.11  0.14  0.21 -0.13 -0.15 -0.13 -0.01  0.05  0.16  0.05
 -0.01 -0.01  0.02  0.    0.    0.   -0.    0.   -0.    0.01 -0.01 -0.
 -0.    0.   -0.01 -0.19 -0.07  0.15  0.17  0.15 -0.06  0.02 -0.02 -0.
  0.02  0.01  0.02 -0.08 -0.07 -0.08 -0.11 -0.02  0.01  0.08  0.09  0.02
  0.    0.09  0.1 ]
orbital number 48 energy -3.2095075185402253
[ 0.04  0.12  0.03 -0.07 -0.08 -0.07  0.01 -0.26 -0.09  0.12  0.18 -0.09
  0.14 -0.08  0.4   0.13 -0.2  -0.27 -0.01 -0.21  0.13  0.01 -0.11 -0.04
  0.06  0.08  0.05 -0.04 -0.   -0.01 -0.01  0.   -0.01  0.   -0.    0.05
 -0.06 -0.14 -0.04  0.09  0.1  -0.06 -0.06 -0.06 -0.01  0.02  0.07  0.02
 -0.01 -0.01  0.01  0.    0.    0.21 -0.   -0.09 -0.26  0.01 -0.   -0.
  0.21  0.24 -0.01  0.17  0.06 -0.13 -0.15 -0.13  0.06  0.01 -0.01 -0.
  0.01  0.01  0.01 -0.03 -0.03  0.09  0.08 -0.13 -0.12  0.03  0.04  0.01
  0.    0.06  0.03]
orbital number 49 energy -2.963226315027084
[-0.05 -0.11 -0.05  0.04  0.08  0.05  0.01 -0.03 -0.01  0.01  0.02  0.01
  0.01 -0.01 -0.03 -0.01  0.01  0.02 -0.27  0.02 -0.01  0.04 -0.12 -0.06
  0.04  0.08  0.05 -0.05  0.25  0.05 -0.18 -0.16 -0.18 -0.18  0.05 -0.05
  0.02  0.07  0.02 -0.05 -0.04 -0.05 -0.05 -0.05 -0.21  0.02  0.06  0.02
 -0.21 -0.12  0.23  0.05  0.05 -0.01 -0.14  0.01  0.02  0.17 -0.04 -0.05
 -0.01 -0.01 -0.19  0.02  0.   -0.01 -0.01 -0.01  0.    0.25 -0.27  0.05
  0.31  0.26  0.28  0.04  0.05  0.01  0.01  0.01  0.01  0.05  0.04 -0.04
 -0.04 -0.01 -0.01]
orbital number 50 energy 0.0
[ 0.19 -0.02  0.19  0.08 -0.2   0.08 -0.32  0.04  0.15  0.01 -0.15  0.
  0.01  0.15  0.04  0.15  0.01 -0.15 -0.    0.01  0.15 -0.4   0.04  0.18
  0.01 -0.19  0.01  0.18  0.04  0.19  0.02 -0.19 -0.03  0.01  0.19  0.09
  0.15 -0.04  0.15  0.09 -0.16  0.08 -0.01  0.08 -0.02  0.   -0.08  0.
 -0.02  0.01  0.02 -0.   -0.    0.07 -0.07  0.   -0.06  0.    0.01 -0.01
  0.07 -0.01 -0.01 -0.06  0.    0.07 -0.01  0.07  0.    0.03 -0.02  0.07
 -0.01  0.1   0.03 -0.1  -0.1  -0.08 -0.08 -0.08 -0.08 -0.1  -0.1  -0.1
 -0.1  -0.08 -0.09]
orbital number 51 energy 0.36820709723078515
[-0.14 -0.08 -0.14  0.06  0.13  0.06 -0.4   0.01  0.19  0.02 -0.2   0.01
  0.03  0.19  0.01  0.19  0.03 -0.2  -0.    0.02  0.19  0.33 -0.   -0.16
 -0.02  0.16 -0.02 -0.16  0.   -0.16 -0.03  0.17  0.02 -0.03 -0.16 -0.04
  0.18  0.07  0.18 -0.04 -0.17 -0.07  0.02 -0.07  0.02 -0.    0.07 -0.
  0.02 -0.01 -0.02  0.    0.    0.09  0.06  0.01 -0.08  0.   -0.01  0.
  0.09 -0.02  0.   -0.08  0.01  0.09 -0.02  0.09  0.01 -0.02  0.02 -0.06
  0.02 -0.09 -0.02  0.07  0.07 -0.1  -0.1  -0.1  -0.1   0.08  0.08  0.08
  0.08 -0.09 -0.09]
orbital number 52 energy 2.5415888280848105
[ 0.04 -0.05  0.04  0.04 -0.06  0.04  0.01  0.02 -0.01 -0.01  0.02 -0.
 -0.01 -0.01  0.02 -0.01 -0.01  0.02  0.03 -0.01 -0.01 -0.04 -0.06  0.04
  0.04 -0.07  0.05  0.04  0.15 -0.04 -0.13  0.12 -0.18 -0.13 -0.03  0.04
  0.01 -0.04  0.01  0.04 -0.04  0.05 -0.05  0.05  0.25  0.02 -0.06  0.02
  0.25 -0.35 -0.33  0.12  0.12 -0.01  0.31 -0.    0.01  0.23  0.14 -0.25
 -0.01  0.01 -0.24  0.01 -0.   -0.01  0.01 -0.01 -0.    0.02  0.15 -0.31
  0.2   0.05 -0.07 -0.02 -0.02  0.    0.    0.01  0.   -0.02 -0.02  0.01
  0.01 -0.   -0.  ]
orbital number 53 energy 2.73373292914819
[-0.05  0.1  -0.06 -0.07  0.11 -0.08 -0.01 -0.04  0.02  0.03 -0.04  0.01
  0.03  0.02 -0.04  0.02  0.03 -0.04  0.3   0.03  0.02  0.03  0.11 -0.06
 -0.08  0.12 -0.09 -0.06 -0.24  0.07  0.19 -0.22 -0.23  0.19  0.08 -0.08
 -0.03  0.09 -0.03 -0.08  0.08 -0.09  0.1  -0.09  0.06 -0.04  0.11 -0.04
  0.05 -0.08 -0.08  0.04  0.02  0.03 -0.16  0.01 -0.04  0.05  0.24 -0.2
  0.03 -0.03 -0.1  -0.04  0.01  0.03 -0.03  0.03  0.01  0.18 -0.03 -0.09
 -0.25  0.47 -0.01  0.02  0.02 -0.01 -0.01 -0.01 -0.01  0.02  0.02 -0.03
 -0.03  0.01  0.01]
orbital number 54 energy 2.83743347217147
[ 0.1  -0.25  0.1   0.19 -0.24  0.19  0.02  0.11 -0.05 -0.08  0.11 -0.04
 -0.08 -0.05  0.11 -0.05 -0.08  0.11  0.01 -0.09 -0.05  0.    0.25 -0.1
 -0.19  0.24 -0.19 -0.1  -0.01 -0.    0.01 -0.01 -0.01  0.01  0.    0.19
  0.09 -0.24  0.09  0.19 -0.23 -0.2   0.24 -0.2  -0.   -0.08  0.25 -0.08
 -0.    0.    0.   -0.   -0.   -0.09 -0.01 -0.04  0.11 -0.    0.01 -0.01
 -0.09  0.1  -0.    0.1  -0.04 -0.08  0.1  -0.08 -0.04  0.01 -0.   -0.
 -0.01  0.02  0.   -0.04 -0.04  0.02  0.02  0.02  0.02  0.04  0.04 -0.
 -0.   -0.04 -0.04]
orbital number 55 energy 2.911689467193381
[ 0.   -0.    0.    0.   -0.    0.    0.    0.27 -0.11 -0.21  0.27  0.09
 -0.21 -0.11 -0.27  0.11  0.21 -0.26 -0.    0.2   0.11 -0.    0.   -0.
 -0.    0.   -0.   -0.    0.   -0.   -0.    0.    0.   -0.   -0.    0.01
 -0.   -0.    0.   -0.   -0.   -0.    0.   -0.    0.   -0.    0.   -0.
  0.   -0.   -0.    0.    0.    0.21  0.    0.09 -0.27  0.   -0.    0.
  0.21 -0.26  0.    0.27 -0.1  -0.21  0.26 -0.21 -0.1  -0.    0.    0.
  0.   -0.   -0.   -0.   -0.    0.04  0.04 -0.04 -0.04  0.    0.    0.
  0.    0.   -0.  ]
orbital number 56 energy 3.143006355209905
[ 0.    0.01  0.   -0.01  0.   -0.01  0.   -0.01  0.    0.01 -0.01  0.
  0.01  0.   -0.01  0.    0.01 -0.01 -0.16  0.01  0.   -0.01  0.01 -0.
 -0.01  0.01 -0.01 -0.   -0.01  0.01  0.   -0.01  0.08  0.    0.01 -0.01
 -0.01  0.01 -0.01 -0.01  0.01 -0.01  0.02 -0.01  0.18 -0.01  0.02 -0.01
  0.15 -0.31 -0.28  0.14  0.11  0.01 -0.03  0.   -0.01 -0.45  0.26  0.19
  0.01 -0.01  0.14 -0.01  0.    0.01 -0.01  0.01  0.    0.31 -0.46  0.18
  0.01 -0.17  0.04 -0.   -0.   -0.   -0.   -0.   -0.    0.    0.   -0.
 -0.    0.    0.  ]
orbital number 57 energy 3.2415582111924746
[-0.08 -0.02 -0.08  0.06  0.02  0.07 -0.1   0.12 -0.   -0.12  0.1  -0.06
 -0.11 -0.01  0.12 -0.01 -0.11  0.1   0.21 -0.12 -0.    0.18 -0.17 -0.01
  0.17 -0.14  0.17 -0.    0.   -0.09  0.05  0.04 -0.03  0.06 -0.09  0.07
  0.11 -0.15  0.12  0.07 -0.17  0.17 -0.26  0.18  0.04  0.1  -0.25  0.1
 -0.1   0.05  0.05  0.05 -0.1  -0.12 -0.16 -0.06  0.16 -0.1   0.12 -0.01
 -0.12  0.17  0.01  0.17 -0.07 -0.11  0.16 -0.11 -0.07  0.12 -0.11 -0.06
 -0.17  0.18 -0.01  0.03  0.03  0.    0.    0.    0.    0.    0.    0.03
  0.03 -0.04 -0.04]
orbital number 58 energy 3.2616399729470054
[-0.01  0.   -0.01  0.01  0.01  0.01 -0.02  0.02 -0.   -0.02  0.02 -0.01
 -0.02 -0.    0.02 -0.   -0.02  0.01  0.03 -0.02 -0.    0.03 -0.02 -0.
  0.02 -0.02  0.02 -0.   -0.   -0.01  0.01  0.   -0.01  0.01 -0.01  0.01
  0.02 -0.02  0.02  0.01 -0.02  0.02 -0.04  0.02 -0.48  0.01 -0.04  0.01
  0.48 -0.   -0.01 -0.5   0.51 -0.02 -0.02 -0.01  0.02 -0.02  0.03  0.
 -0.02  0.03  0.    0.03 -0.01 -0.02  0.03 -0.02 -0.01  0.03 -0.03 -0.
 -0.03  0.03  0.    0.    0.    0.    0.    0.   -0.    0.    0.    0.
  0.   -0.01 -0.01]
orbital number 59 energy 3.6151269025038264
[ 0.08 -0.22  0.08  0.15 -0.23  0.15  0.22 -0.07 -0.07  0.13 -0.05  0.1
  0.12 -0.07 -0.07 -0.07  0.12 -0.05  0.25  0.13 -0.07  0.08 -0.02 -0.03
  0.04 -0.01  0.04 -0.03  0.14 -0.12 -0.04  0.16  0.03 -0.05 -0.11  0.14
 -0.05 -0.11 -0.05  0.14 -0.09  0.05 -0.08  0.05 -0.04  0.04 -0.08  0.04
 -0.03  0.09  0.09 -0.05 -0.04  0.13 -0.12  0.1  -0.22 -0.12  0.1   0.03
  0.13 -0.23 -0.02 -0.23  0.1   0.13 -0.23  0.13  0.1   0.09 -0.12 -0.17
 -0.08  0.11 -0.04 -0.03 -0.03  0.03  0.03  0.03  0.03  0.01  0.01  0.04
  0.04  0.02  0.02]
orbital number 60 energy 3.8166303556400454
[ 0.    0.   -0.   -0.    0.   -0.   -0.    0.    0.   -0.   -0.   -0.
 -0.    0.    0.    0.   -0.   -0.    0.   -0.    0.   -0.   -0.    0.02
 -0.01 -0.    0.01 -0.02  0.   -0.   -0.    0.    0.   -0.   -0.   -0.
 -0.    0.   -0.   -0.    0.    0.5   0.   -0.5  -0.    0.5   0.   -0.5
 -0.    0.    0.   -0.   -0.   -0.   -0.   -0.    0.   -0.    0.    0.
 -0.    0.   -0.    0.   -0.   -0.    0.   -0.   -0.    0.   -0.   -0.
 -0.    0.   -0.   -0.   -0.   -0.   -0.   -0.   -0.   -0.01  0.01  0.
  0.    0.    0.  ]
orbital number 61 energy 3.8773325136524104
[ 0.   -0.    0.   -0.   -0.    0.    0.   -0.   -0.    0.    0.   -0.5
  0.   -0.   -0.   -0.02  0.01 -0.    0.   -0.01  0.02 -0.   -0.    0.
 -0.   -0.   -0.    0.    0.   -0.   -0.    0.    0.   -0.   -0.   -0.
 -0.    0.   -0.   -0.    0.   -0.    0.   -0.   -0.   -0.    0.   -0.
 -0.    0.    0.   -0.   -0.   -0.5  -0.    0.5   0.   -0.    0.    0.
  0.5  -0.   -0.   -0.    0.   -0.   -0.    0.   -0.    0.   -0.   -0.
  0.    0.   -0.   -0.   -0.    0.    0.    0.01 -0.01 -0.   -0.    0.
  0.    0.    0.  ]
orbital number 62 energy 3.8780713318790827
[ 0.   -0.    0.   -0.   -0.    0.    0.   -0.    0.02 -0.02 -0.   -0.
  0.02 -0.02 -0.   -0.    0.    0.    0.    0.   -0.   -0.   -0.    0.
 -0.   -0.   -0.    0.    0.   -0.   -0.    0.    0.   -0.   -0.   -0.
 -0.    0.   -0.   -0.    0.   -0.    0.   -0.   -0.   -0.    0.   -0.
 -0.    0.    0.   -0.   -0.   -0.   -0.    0.   -0.   -0.    0.    0.
  0.   -0.   -0.    0.   -0.5   0.5  -0.   -0.5   0.5   0.   -0.   -0.
  0.    0.   -0.   -0.   -0.   -0.01  0.01  0.    0.   -0.   -0.    0.
  0.    0.    0.  ]
orbital number 63 energy 3.9652320092728557
[ 0.04  0.04  0.07 -0.11  0.05 -0.08 -0.1  -0.01  0.06 -0.03 -0.02 -0.05
 -0.03  0.05 -0.01  0.05 -0.03 -0.02  0.35 -0.04  0.05 -0.18 -0.04  0.12
 -0.07 -0.05 -0.05  0.1   0.22 -0.07 -0.14  0.23  0.18 -0.19 -0.01 -0.11
 -0.04  0.15 -0.04 -0.1   0.16 -0.09  0.19 -0.08 -0.04 -0.1   0.18 -0.09
 -0.03  0.11  0.12 -0.07 -0.07 -0.05 -0.06 -0.05  0.1  -0.18  0.08  0.16
 -0.05  0.1  -0.14  0.1  -0.05 -0.05  0.1  -0.04 -0.05  0.03 -0.2  -0.38
  0.09  0.05 -0.07 -0.02 -0.03 -0.02 -0.02 -0.02 -0.02 -0.04 -0.04  0.02
  0.    0.01  0.02]
orbital number 64 energy 4.076586169794149
[-0.01 -0.    0.02 -0.01 -0.    0.01 -0.   -0.    0.   -0.   -0.   -0.
 -0.    0.   -0.    0.   -0.   -0.    0.02 -0.    0.   -0.01 -0.    0.01
 -0.01 -0.   -0.    0.01  0.02  0.5  -0.47  0.01  0.    0.45 -0.51 -0.01
  0.    0.01 -0.   -0.    0.01 -0.01  0.02 -0.01 -0.   -0.01  0.01 -0.01
 -0.    0.01  0.01 -0.   -0.   -0.   -0.   -0.    0.   -0.01  0.01  0.
 -0.    0.   -0.01  0.   -0.   -0.    0.   -0.   -0.    0.01 -0.01 -0.02
  0.    0.01 -0.    0.   -0.01 -0.   -0.   -0.   -0.   -0.   -0.   -0.18
  0.18 -0.    0.  ]
orbital number 65 energy 4.0866265148949905
[-0.5  -0.    0.49 -0.44 -0.    0.45  0.    0.   -0.    0.    0.    0.
 -0.   -0.    0.   -0.    0.    0.   -0.01  0.   -0.    0.    0.   -0.01
  0.01  0.   -0.01  0.01 -0.01 -0.01  0.02 -0.01 -0.01 -0.    0.01 -0.1
  0.12 -0.01 -0.12  0.11 -0.01  0.   -0.   -0.    0.    0.   -0.    0.
  0.   -0.   -0.    0.    0.    0.    0.    0.   -0.    0.   -0.   -0.01
  0.   -0.    0.01 -0.    0.    0.   -0.    0.    0.    0.    0.01  0.01
 -0.01 -0.    0.    0.17 -0.17  0.    0.    0.    0.    0.   -0.    0.
 -0.   -0.04  0.04]
orbital number 66 energy 4.131121719493348
[-0.12  0.    0.12 -0.11  0.    0.11  0.   -0.    0.   -0.    0.   -0.
  0.   -0.01  0.    0.   -0.   -0.    0.    0.   -0.   -0.   -0.   -0.03
  0.02 -0.   -0.02  0.03 -0.   -0.   -0.    0.    0.   -0.    0.    0.44
 -0.49 -0.    0.5  -0.44 -0.   -0.    0.   -0.   -0.   -0.    0.   -0.
 -0.    0.    0.   -0.   -0.   -0.    0.   -0.    0.   -0.    0.    0.
 -0.    0.   -0.   -0.    0.    0.   -0.    0.    0.   -0.   -0.   -0.
  0.    0.   -0.    0.04 -0.04 -0.    0.   -0.   -0.    0.01 -0.01  0.
 -0.    0.17 -0.17]
orbital number 67 energy 4.133977169763422
[-0.01  0.    0.01 -0.01  0.    0.01  0.    0.    0.   -0.    0.    0.
  0.   -0.    0.    0.   -0.    0.   -0.01  0.   -0.    0.   -0.    0.51
 -0.46  0.    0.46 -0.51 -0.01 -0.    0.01 -0.   -0.01  0.    0.    0.02
 -0.02 -0.    0.02 -0.02 -0.   -0.01 -0.01  0.02  0.   -0.01 -0.01  0.02
  0.   -0.   -0.    0.    0.    0.   -0.    0.   -0.    0.   -0.   -0.01
  0.   -0.    0.01 -0.    0.    0.   -0.    0.    0.    0.    0.01  0.01
 -0.01 -0.    0.    0.   -0.   -0.    0.   -0.    0.   -0.18  0.18  0.
 -0.    0.01 -0.01]
orbital number 68 energy 4.192459718204631
[ 0.    0.   -0.   -0.    0.   -0.    0.   -0.01  0.51 -0.46  0.    0.
  0.46 -0.51  0.    0.   -0.01  0.    0.    0.01 -0.01 -0.   -0.    0.
  0.   -0.   -0.    0.    0.   -0.    0.    0.    0.   -0.    0.   -0.
  0.    0.   -0.    0.    0.   -0.    0.   -0.   -0.   -0.    0.   -0.
 -0.    0.    0.   -0.   -0.    0.    0.    0.   -0.01 -0.    0.    0.
  0.   -0.01 -0.   -0.    0.02 -0.02 -0.    0.02 -0.02 -0.   -0.   -0.
  0.    0.   -0.   -0.    0.   -0.18  0.18 -0.    0.   -0.   -0.    0.
 -0.   -0.    0.  ]
orbital number 69 energy 4.204516156549496
[ 0.   -0.    0.    0.   -0.    0.   -0.   -0.   -0.    0.01 -0.   -0.02
 -0.01  0.01  0.01  0.51 -0.46 -0.   -0.    0.46 -0.51  0.    0.   -0.
  0.    0.   -0.    0.   -0.   -0.    0.   -0.   -0.    0.   -0.   -0.
  0.   -0.   -0.    0.   -0.    0.   -0.    0.    0.    0.   -0.    0.
  0.   -0.   -0.    0.    0.   -0.02 -0.    0.01  0.    0.    0.   -0.
  0.01  0.    0.    0.01 -0.   -0.    0.01 -0.   -0.    0.    0.    0.
 -0.   -0.    0.   -0.   -0.    0.   -0.   -0.18  0.18  0.    0.    0.
  0.   -0.    0.  ]
orbital number 70 energy 4.467410251898139
[ 0.06 -0.06  0.05  0.   -0.06 -0.   -0.01 -0.03  0.03  0.   -0.03 -0.02
  0.    0.03 -0.03  0.02  0.   -0.03 -0.11 -0.    0.03 -0.03 -0.09  0.07
  0.01 -0.08  0.    0.08  0.19 -0.12 -0.05  0.19 -0.31 -0.06 -0.11 -0.03
 -0.05  0.08 -0.05 -0.03  0.08 -0.03  0.1  -0.03 -0.01 -0.06  0.1  -0.06
 -0.01  0.1   0.13 -0.09 -0.09 -0.01 -0.05 -0.02  0.04 -0.06  0.15 -0.45
 -0.01  0.04  0.35  0.04 -0.03 -0.01  0.04 -0.01 -0.03  0.38  0.21  0.19
 -0.14 -0.15 -0.1  -0.02 -0.02 -0.01 -0.01 -0.01 -0.01 -0.02 -0.03  0.04
  0.04  0.02  0.02]
orbital number 71 energy 4.585715508153784
[-0.17  0.26 -0.18 -0.04  0.24 -0.05  0.02  0.15 -0.11 -0.02  0.14  0.06
 -0.02 -0.11  0.09 -0.07 -0.01  0.08 -0.   -0.01 -0.07 -0.01 -0.26  0.18
  0.04 -0.23  0.04  0.18  0.01 -0.   -0.    0.01 -0.01 -0.01  0.    0.06
  0.18 -0.27  0.17  0.06 -0.25 -0.06  0.25 -0.06 -0.   -0.17  0.27 -0.16
 -0.    0.    0.01 -0.   -0.    0.03 -0.    0.06 -0.1  -0.    0.01 -0.01
  0.03 -0.1   0.01 -0.17  0.1   0.04 -0.15  0.04  0.1   0.01  0.01  0.
  0.   -0.01 -0.01  0.06  0.06  0.04  0.04  0.02  0.02 -0.06 -0.06  0.
 -0.   -0.06 -0.06]
orbital number 72 energy 4.653614974578421
[-0.02  0.03 -0.02 -0.    0.02 -0.    0.01 -0.28  0.18  0.06 -0.26  0.19
  0.05  0.19  0.29 -0.21 -0.04  0.27 -0.   -0.05 -0.2   0.   -0.03  0.02
  0.01 -0.03  0.01  0.02 -0.   -0.    0.   -0.    0.    0.   -0.    0.01
  0.01 -0.03  0.02  0.01 -0.03 -0.01  0.03 -0.01  0.   -0.02  0.03 -0.02
 -0.   -0.   -0.    0.    0.    0.07 -0.    0.19 -0.31  0.   -0.    0.01
  0.07 -0.29 -0.    0.3  -0.18 -0.06  0.27 -0.06 -0.19 -0.01 -0.    0.
 -0.    0.    0.    0.01  0.01 -0.06 -0.06  0.07  0.07 -0.01 -0.01  0.
  0.   -0.   -0.01]
orbital number 73 energy 4.93229035198034
[-0.03  0.14 -0.03 -0.09  0.16 -0.09 -0.05  0.08 -0.04 -0.03  0.08  0.06
 -0.03 -0.04  0.09 -0.05 -0.03  0.09  0.02 -0.03 -0.05 -0.14  0.23 -0.1
 -0.09  0.23 -0.09 -0.1  -0.13  0.17 -0.09 -0.04  0.01 -0.09  0.16 -0.03
  0.1  -0.1   0.1  -0.03 -0.06  0.01 -0.16  0.01  0.04  0.14 -0.2   0.14
  0.04  0.11  0.24 -0.18 -0.18  0.01  0.14  0.06 -0.09 -0.18  0.13 -0.18
  0.01 -0.07  0.   -0.08  0.05  0.01 -0.06  0.    0.05  0.25  0.03 -0.18
  0.27 -0.18 -0.18  0.01  0.01  0.01  0.01  0.01  0.01  0.03  0.03 -0.05
 -0.05 -0.03 -0.03]
orbital number 74 energy 5.313146599449409
[ 0.12 -0.05  0.11 -0.12  0.06 -0.12 -0.22  0.16 -0.03 -0.12  0.21  0.13
 -0.12 -0.02  0.18 -0.04 -0.12  0.22  0.04 -0.12 -0.04 -0.16  0.11 -0.02
 -0.08  0.14 -0.08 -0.02  0.21 -0.1  -0.06  0.2  -0.07 -0.06 -0.1  -0.14
  0.08  0.04  0.08 -0.14  0.15 -0.01 -0.07 -0.01 -0.07  0.08 -0.11  0.08
 -0.07 -0.02 -0.19  0.15  0.15 -0.02 -0.16  0.13 -0.18  0.1  -0.07  0.04
 -0.02 -0.11  0.1  -0.17  0.13 -0.02 -0.1  -0.02  0.13 -0.09  0.02  0.1
 -0.21  0.07  0.12 -0.04 -0.04  0.01  0.01  0.01  0.01  0.    0.    0.03
  0.03 -0.02 -0.02]
orbital number 75 energy 5.597610027959092
[-0.07  0.21 -0.08 -0.08  0.22 -0.08  0.22 -0.09 -0.03  0.13 -0.18 -0.12
  0.13 -0.03 -0.11 -0.02  0.12 -0.18  0.08  0.12 -0.02 -0.22  0.09  0.03
 -0.13  0.18 -0.13  0.03  0.12  0.01 -0.12  0.2  -0.05 -0.12  0.01  0.08
  0.08 -0.21  0.07  0.09 -0.22 -0.04 -0.05 -0.04 -0.11  0.12 -0.15  0.12
 -0.11  0.04 -0.19  0.17  0.17  0.04 -0.16 -0.12  0.15  0.04 -0.06 -0.02
  0.04  0.06  0.12  0.15 -0.11  0.04  0.05  0.04 -0.12 -0.01  0.05  0.01
 -0.1  -0.01  0.08  0.02  0.02  0.01  0.01  0.01  0.01 -0.01 -0.01 -0.
 -0.   -0.02 -0.02]
orbital number 76 energy 5.939041857028572
[ 0.03  0.02  0.03 -0.07  0.09 -0.07  0.04 -0.   -0.02  0.03 -0.04 -0.03
  0.03 -0.02 -0.   -0.02  0.03 -0.04 -0.15  0.03 -0.02 -0.1  -0.    0.05
 -0.08  0.09 -0.08  0.05  0.19 -0.13  0.03  0.08 -0.11  0.03 -0.13 -0.01
  0.06 -0.08  0.05 -0.01 -0.03 -0.05  0.   -0.05  0.26  0.08 -0.09  0.08
  0.27 -0.23  0.33 -0.31 -0.31  0.02  0.1  -0.03  0.03  0.17  0.13  0.2
  0.02  0.   -0.07  0.03 -0.03  0.02  0.    0.02 -0.03 -0.2  -0.17  0.19
 -0.22  0.15 -0.   -0.01 -0.01  0.01  0.01  0.01  0.01 -0.02 -0.02  0.04
  0.04 -0.02 -0.02]
orbital number 77 energy 6.319559676030156
[-0.2   0.19 -0.2   0.17 -0.13  0.17 -0.02 -0.09  0.1  -0.09  0.07  0.09
 -0.09  0.1  -0.07  0.08 -0.07  0.05 -0.   -0.07  0.08  0.   -0.2   0.2
 -0.17  0.12 -0.17  0.21  0.   -0.    0.   -0.01  0.    0.   -0.    0.15
 -0.2   0.2  -0.2   0.15 -0.1  -0.18  0.13 -0.18 -0.    0.23 -0.25  0.23
 -0.    0.   -0.    0.    0.   -0.07  0.    0.09 -0.09 -0.   -0.   -0.
 -0.07  0.04 -0.   -0.12  0.11 -0.09  0.06 -0.09  0.11  0.    0.   -0.
  0.    0.   -0.    0.05  0.05 -0.03 -0.03 -0.02 -0.02 -0.06 -0.06  0.
  0.    0.05  0.05]
orbital number 78 energy 6.374459763038024
[ 0.01 -0.01  0.01 -0.01  0.01 -0.01  0.01 -0.22  0.22 -0.18  0.12 -0.24
 -0.18  0.22  0.21 -0.22  0.19 -0.13  0.    0.18 -0.22 -0.    0.01 -0.01
  0.01 -0.01  0.01 -0.01 -0.    0.   -0.    0.01 -0.   -0.    0.   -0.
  0.01 -0.01  0.01 -0.   -0.    0.01 -0.01  0.01  0.   -0.02  0.02 -0.02
  0.   -0.    0.   -0.   -0.    0.2  -0.   -0.24  0.26  0.    0.    0.
  0.2  -0.13  0.   -0.24  0.23 -0.19  0.13 -0.19  0.23 -0.   -0.    0.
 -0.   -0.    0.   -0.   -0.   -0.06 -0.06  0.06  0.06  0.    0.   -0.
 -0.   -0.   -0.  ]
orbital number 79 energy 6.460767685283416
[ 0.11 -0.15  0.11 -0.06  0.01 -0.06 -0.02  0.07 -0.06  0.05 -0.02 -0.08
  0.05 -0.07  0.08 -0.07  0.05 -0.03 -0.07  0.05 -0.07  0.1  -0.18  0.15
 -0.09  0.03 -0.09  0.15  0.12 -0.18  0.21 -0.23  0.24  0.2  -0.17 -0.12
  0.12 -0.1   0.12 -0.12  0.12 -0.15  0.13 -0.15 -0.06  0.17 -0.18  0.17
 -0.06  0.08 -0.05  0.05  0.05  0.07  0.15 -0.08  0.09 -0.2  -0.11 -0.13
  0.07 -0.05 -0.22  0.07 -0.07  0.06 -0.05  0.06 -0.07  0.17  0.11  0.
  0.07  0.07 -0.05 -0.03 -0.03  0.02  0.02  0.02  0.02 -0.04 -0.04  0.05
  0.05 -0.03 -0.03]
orbital number 80 energy 6.708480310225854
[-0.05 -0.02 -0.05  0.11 -0.19  0.11 -0.16  0.16 -0.1   0.03  0.04 -0.14
  0.03 -0.1   0.16 -0.1   0.03  0.04  0.1   0.03 -0.1   0.14 -0.12  0.06
 -0.01 -0.05 -0.01  0.06 -0.19  0.14 -0.09  0.04 -0.24 -0.09  0.14 -0.1
  0.03  0.04  0.03 -0.1   0.18 -0.11  0.13 -0.11  0.01  0.11 -0.11  0.11
  0.01 -0.02  0.01 -0.01 -0.01  0.14 -0.14 -0.14  0.15  0.18  0.13  0.11
  0.14 -0.15  0.24  0.14 -0.14  0.14 -0.15  0.14 -0.14 -0.14 -0.11 -0.09
  0.1  -0.15  0.01  0.01  0.01  0.02  0.03  0.03  0.02 -0.02 -0.02 -0.04
 -0.04 -0.01 -0.01]
orbital number 81 energy 6.884553198981294
[ 0.16 -0.21  0.16 -0.12  0.1  -0.12  0.19 -0.12  0.04  0.03 -0.11  0.13
  0.03  0.04 -0.12  0.04  0.03 -0.11  0.09  0.03  0.04  0.16 -0.08  0.01
  0.05 -0.12  0.05  0.01 -0.08  0.02  0.04 -0.11 -0.2   0.04  0.02 -0.08
  0.13 -0.2   0.13 -0.08  0.03 -0.13  0.16 -0.13 -0.02  0.12 -0.11  0.12
 -0.02  0.03 -0.01  0.01  0.01 -0.15 -0.09  0.13 -0.13  0.14  0.13  0.09
 -0.15  0.18  0.2  -0.13  0.14 -0.15  0.19 -0.15  0.14 -0.11 -0.1  -0.11
  0.17 -0.17 -0.03 -0.04 -0.04 -0.01 -0.01 -0.01 -0.01 -0.   -0.   -0.
 -0.   -0.03 -0.03]
orbital number 82 energy 7.098690749620285
[-0.01 -0.02 -0.01  0.04 -0.08  0.04  0.03  0.   -0.02  0.03 -0.06  0.03
  0.03 -0.02 -0.   -0.01  0.03 -0.05 -0.06  0.03 -0.01  0.07  0.05 -0.09
  0.14 -0.22  0.14 -0.09 -0.2   0.2  -0.23  0.3   0.21 -0.22  0.2  -0.08
  0.08 -0.08  0.08 -0.08  0.11 -0.15  0.22 -0.15  0.07  0.13 -0.12  0.13
  0.07 -0.12  0.04 -0.04 -0.05 -0.04  0.01  0.03 -0.03 -0.14 -0.2  -0.1
 -0.04  0.06 -0.17 -0.04  0.04 -0.05  0.07 -0.05  0.04  0.11  0.13  0.13
 -0.26  0.18  0.12  0.    0.    0.    0.    0.    0.    0.02  0.02 -0.05
 -0.05 -0.02 -0.02]
orbital number 83 energy 7.178287561805911
[-0.14  0.11 -0.14  0.19 -0.28  0.19  0.03  0.05 -0.08  0.11 -0.16  0.06
  0.11 -0.08  0.03 -0.05  0.07 -0.11 -0.    0.07 -0.05  0.02 -0.12  0.14
 -0.18  0.25 -0.18  0.14 -0.02  0.02 -0.02  0.02  0.01 -0.02  0.02 -0.21
  0.17 -0.15  0.17 -0.21  0.3   0.15 -0.23  0.15  0.01 -0.12  0.11 -0.12
  0.01 -0.01  0.   -0.   -0.   -0.08 -0.    0.06 -0.06 -0.01 -0.02 -0.01
 -0.08  0.11 -0.01 -0.08  0.09 -0.11  0.17 -0.12  0.09  0.01  0.01  0.01
 -0.02  0.01  0.01  0.03  0.03  0.02  0.02  0.01  0.01 -0.04 -0.04 -0.
 -0.   -0.04 -0.04]
orbital number 84 energy 7.228562764598935
[ 0.01 -0.01  0.01 -0.02  0.03 -0.02 -0.02  0.14 -0.16  0.21 -0.3  -0.16
  0.21 -0.17 -0.13  0.17 -0.22  0.32 -0.   -0.22  0.16 -0.01  0.01 -0.01
  0.02 -0.02  0.02 -0.01  0.01 -0.01  0.01 -0.01 -0.    0.01 -0.01  0.02
 -0.02  0.02 -0.02  0.02 -0.03 -0.01  0.02 -0.01 -0.    0.01 -0.01  0.01
 -0.    0.   -0.    0.    0.    0.2   0.   -0.16  0.14  0.    0.01  0.
  0.2  -0.3   0.   -0.13  0.15 -0.19  0.29 -0.19  0.15 -0.   -0.   -0.
  0.   -0.   -0.   -0.   -0.    0.04  0.04 -0.04 -0.04  0.    0.    0.
  0.    0.01  0.01]
orbital number 85 energy 7.404742633395925
[-0.11  0.16 -0.11  0.09 -0.11  0.09 -0.05  0.06 -0.04  0.04 -0.05  0.02
  0.04 -0.04  0.06 -0.05  0.05 -0.06 -0.18  0.05 -0.05 -0.18  0.18 -0.13
  0.12 -0.15  0.12 -0.13  0.12 -0.06  0.02  0.01 -0.12  0.02 -0.06 -0.04
  0.01  0.01  0.01 -0.04  0.07 -0.07  0.12 -0.07 -0.17  0.05 -0.04  0.05
 -0.17  0.32 -0.08  0.1   0.1  -0.03  0.32  0.02 -0.02  0.08  0.32  0.1
 -0.03  0.05 -0.13 -0.02  0.02 -0.03  0.04 -0.03  0.02 -0.07 -0.17  0.11
 -0.08  0.08 -0.36  0.03  0.03  0.01  0.01  0.01  0.01  0.03  0.03  0.01
  0.01 -0.   -0.  ]
orbital number 86 energy 7.4761501968395905
[ 0.12 -0.19  0.12 -0.09  0.09 -0.09  0.12 -0.12  0.09 -0.08  0.09 -0.03
 -0.08  0.09 -0.12  0.09 -0.09  0.11 -0.15 -0.09  0.09  0.25 -0.22  0.15
 -0.13  0.16 -0.13  0.15 -0.23  0.16 -0.15  0.19 -0.04 -0.15  0.16  0.
  0.03 -0.07  0.03  0.   -0.04  0.07 -0.11  0.07 -0.1  -0.05  0.04 -0.05
 -0.1   0.19 -0.05  0.06  0.06  0.05  0.23 -0.03  0.03  0.03  0.18  0.05
  0.05 -0.08 -0.13  0.03 -0.03  0.04 -0.07  0.04 -0.03 -0.03 -0.09  0.13
 -0.17  0.12 -0.23 -0.03 -0.03 -0.02 -0.02 -0.02 -0.02 -0.04 -0.04 -0.04
 -0.04 -0.01 -0.01]
orbital number 87 energy 7.556517203133939
[-0.1   0.13 -0.1   0.11 -0.16  0.11  0.3  -0.26  0.18 -0.15  0.17 -0.06
 -0.15  0.18 -0.27  0.19 -0.16  0.19  0.03 -0.16  0.19 -0.13  0.1  -0.07
  0.06 -0.06  0.06 -0.07  0.1  -0.07  0.05 -0.06 -0.    0.05 -0.07 -0.15
  0.18 -0.25  0.18 -0.15  0.19 -0.02  0.04 -0.02  0.01  0.02 -0.01  0.02
  0.01 -0.03  0.01 -0.01 -0.01  0.08 -0.04 -0.06  0.05 -0.   -0.02 -0.01
  0.08 -0.14  0.03  0.04 -0.05  0.07 -0.13  0.07 -0.05  0.    0.01 -0.03
  0.04 -0.03  0.03  0.03  0.03 -0.04 -0.04 -0.05 -0.05  0.02  0.02  0.02
  0.02 -0.04 -0.04]
ENERGY0: -353.5230123894838

Orbital occupation numbers:
1: 2.000000
2: 2.000000
3: 2.000000
4: 2.000000
5: 2.000000
6: 2.000000
7: 2.000000
8: 2.000000
9: 2.000000
10: 2.000000
11: 2.000000
12: 2.000000
13: 2.000000
14: 2.000000
15: 2.000000
16: 2.000000
17: 2.000000
18: 2.000000
19: 2.000000
20: 2.000000
21: 2.000000
22: 2.000000
23: 2.000000
24: 2.000000
25: 2.000000
26: 2.000000
27: 2.000000
28: 2.000000
29: 2.000000
30: 2.000000
31: 2.000000
32: 2.000000
33: 2.000000
34: 2.000000
35: 2.000000
36: 2.000000
37: 2.000000
38: 2.000000
39: 2.000000
40: 2.000000
41: 2.000000
42: 2.000000
43: 2.000000
44: 2.000000
45: 2.000000
46: 2.000000
47: 2.000000
48: 2.000000
49: 2.000000
50: 1.000000
51: 1.000000
52: -0.000000
53: -0.000000
54: 0.000000
55: 0.000000
56: 0.000000
57: 0.000000
58: -0.000000
59: 0.000000
60: -0.000000
61: -0.000000
62: 0.000000
63: -0.000000
64: 0.000000
65: 0.000000
66: 0.000000
67: 0.000000
68: -0.000000
69: -0.000000
70: -0.000000
71: -0.000000
72: -0.000000
73: -0.000000
74: 0.000000
75: -0.000000
76: -0.000000
77: 0.000000
78: 0.000000
79: 0.000000
80: -0.000000
81: 0.000000
82: 0.000000
83: 0.000000
84: 0.000000
85: 0.000000
86: -0.000000
87: 0.000000

------------------------
Starting ExROPPP calculation for diradical in rotated basis
------------------------

Fock matrix in rotated MO basis: [[-9.50368941e+00 -3.20198028e-15  5.54814442e-16 ...  2.97686431e-15
  -6.56387106e-16 -9.41074226e-16]
 [-3.22627189e-15 -4.87165065e+00  2.78216739e-16 ... -3.22109108e-16
   1.71287040e-15 -8.45747819e-16]
 [ 5.77515125e-16  4.54386930e-16 -4.77095433e+00 ... -1.66193379e-15
  -6.98383114e-16  2.99087191e-15]
 ...
 [ 2.38818330e-15 -6.29957348e-16 -1.78798906e-15 ...  1.11616922e+01
   2.29614834e-15  2.84659342e-15]
 [-1.21299607e-15  2.34537225e-15 -1.49615841e-16 ...  5.79873428e-15
   1.12330998e+01  7.82998245e-16]
 [-9.96303559e-16 -1.12467327e-15  3.34261174e-15 ...  3.25766859e-15
   5.76087243e-16  1.13134668e+01]]
Dimensions of CI matrix: (21681, 21681)
Checking that the Hamiltonian is symmetric (a value of zero means matrix is symmetric) ... 
Frobenius norm of matrix - matrix transpose = 0.000000.

Lowest 200 states. WARNING - Some states may not be included in the spectrum.

Using sparse solver (eigsh) — requesting 95 singlets, 110 triplets, 27 quintets (targeting 200 states total)

