                    ---------------------------------
                    | Radical ExROPPP Calculation |
                    ---------------------------------

Molecule: DD-CDR_prune.xyz radical

--------------------------------
Cartesian Coordinates / Angstrom
--------------------------------

Cl    -3.375795   -2.140750   -3.431428
C     -2.628025   -1.655736   -1.943160
C     -3.240933   -0.723939   -1.083694
C     -2.456623   -0.323475    0.013527
Cl    -3.074413    0.791077    1.189503
C     -1.196368   -0.832842    0.256096
H     -0.650430   -0.468598    1.114624
C     -0.649383   -1.800445   -0.580744
C     -1.384455   -2.196600   -1.691807
H     -1.002488   -2.941556   -2.374664
C      4.495527   -4.200996    0.553198
C      4.841937   -5.506819    0.010520
C      3.927698   -6.577774   -0.009518
Cl     2.391664   -6.454486    0.789050
C      4.219366   -7.795023   -0.591171
C      5.466347   -8.023790   -1.161293
C     10.004743   -0.097183    4.652034
C      6.411259   -7.005998   -1.121785
C      6.098296   -5.782055   -0.560663
Cl     7.305909   -4.542982   -0.691218
C      5.426930   -3.438940    1.389810
C      6.062909   -3.996955    2.507869
Cl     5.788583   -5.654481    2.938464
C      6.871828   -3.254794    3.349079
C      7.083942   -1.904742    3.104065
H    -13.296369   -8.752239   -3.956309
C      6.497564   -1.328264    1.985699
C      5.696729   -2.082991    1.150915
Cl     5.083732   -1.292487   -0.266833
C     -4.605146   -0.258379   -1.287985
C     -4.987686    1.144408   -1.121970
C     -4.282997    2.195861   -1.727159
Cl    -2.870411    1.874869   -2.681449
C     -4.709469    3.509236   -1.662068
C     -5.871954    3.837007   -0.975848
H      8.255951  -15.319456   -3.564524
C     -6.568262    2.826524   -0.325956
C     -6.129857    1.518689   -0.397559
Cl    -7.024307    0.342389    0.510511
C     -5.628676   -1.229230   -1.700754
C     -6.427336   -1.031354   -2.834693
Cl    -6.245198    0.392760   -3.810351
C     -7.329918   -1.977458   -3.278041
C     -7.487740   -3.175187   -2.591182
H      3.219194  -15.142302   -5.579288
C     -6.741120   -3.386674   -1.438501
C     -5.834628   -2.433812   -1.014006
Cl    -4.961497   -2.770888    0.447971
H      3.478930   -8.582983   -0.568595
H      7.382436   -7.146270   -1.576614
H      7.317083   -3.730051    4.213012
H      6.666659   -0.284226    1.757917
H     -4.148705    4.274468   -2.181910
H     -7.907901   -1.780410   -4.170504
H     -6.842583   -4.308156   -0.881405
H     -7.458101    3.056768    0.244518
C      1.465840   -2.909588   -1.320040
C      2.681307   -3.500717   -1.039219
C      3.185101   -3.607761    0.264795
C      2.362284   -3.088430    1.274180
C      1.136602   -2.509918    1.010969
C      0.671038   -2.406699   -0.294939
H      1.164752   -2.818117   -2.353759
Cl     3.620111   -4.037666   -2.394765
Cl     2.805852   -3.241391    2.944108
H      0.532828   -2.178974    1.843853
C     -5.757004    6.211309   -0.186299
C     -6.386008    5.234236   -0.962434
C     -7.510225    5.553557   -1.731992
C      8.473915  -14.565831   -2.819583
C     -7.984733    6.858937   -1.716339
H     -8.853704    7.108995   -2.316107
C     -7.375606    7.848384   -0.955240
H      7.923020  -13.640988   -5.772393
C     -6.266410    7.504684   -0.193590
H     -5.785961    8.261861    0.417100
C      9.749919  -13.785069   -0.907654
C      9.022760  -12.609718   -0.853036
C      8.010659  -12.400363   -1.784737
H      4.590164  -11.244518   -4.383354
H     10.535939  -13.966751   -0.186900
H      9.231460  -11.869005   -0.091145
H      7.421287   -9.796870   -0.536440
H      4.164556   -9.102078   -3.226201
C      9.473894  -14.749971   -1.881893
C    -11.631811   -8.864626   -8.197031
C      6.896958  -13.984504   -5.738005
C      7.286731   -0.447661    5.114965
H      7.578961    0.833784    6.800074
H      6.955454  -14.931334   -7.656497
H    -14.410150   -8.773280   -1.746155
H      4.598551  -15.673163   -7.561763
H     11.066173    0.035493    4.471133
C      8.054970    0.348421    5.954383
C      9.414297    0.538647    5.736086
C      4.250025  -14.816508   -5.626465
C      6.349235  -14.703709   -6.789432
N    -11.069114   -7.079165   -4.448079
N      6.680089  -12.967111   -3.543061
H     10.051331  -15.665374   -1.899860
C      9.269197   -0.901145    3.788426
C      6.119647  -13.692850   -4.624114
C      7.904371   -1.071324    4.026755
C    -11.685858   -6.915760   -6.790253
C    -11.026648   -9.045577   -5.876299
H    -11.874104   -5.860050   -6.641472
H    -10.687760   -9.627861   -5.028897
H    -13.599885   -7.355495    0.094027
C    -11.217306   -9.633024   -7.118204
H    -11.774227   -9.324076   -9.166212
H    -12.191715   -6.904931   -8.869873
H    -11.030300  -10.691228   -7.245598
C      5.025370  -15.117138   -6.737551
C    -11.264178   -7.687036   -5.715012
C      4.796644  -14.111704   -4.564713
H      4.209173  -13.886858   -3.683669
C     -8.305319   -4.617646   -4.444811
C     -8.415412   -4.209689   -3.105805
C     -9.383460   -4.773429   -2.287168
C     -9.137946   -5.576692   -4.986189
C    -10.114140   -6.119509   -4.157636
C    -10.247017   -5.726669   -2.814204
C    -11.836700   -7.296388   -3.311898
C    -11.361737   -6.477738   -2.272609
C    -11.997735   -6.500122   -1.035234
C    -13.089656   -7.330854   -0.859574
C    -12.933794   -8.134820   -3.145071
C    -13.549411   -8.136845   -1.906424
H     -7.526777   -4.181568   -5.058971
C    -11.863102   -7.505979   -8.032212
H     -9.476830   -4.450384   -1.256765
H     -9.029925   -5.896627   -6.014071
H    -11.649506   -5.870866   -0.225576
C      4.966934   -9.746732   -2.888257
C      5.763733   -9.322753   -1.813234
C      6.812234  -10.118129   -1.373481
C      5.197782  -10.942379   -3.540844
C      6.242353  -11.736240   -3.078725
C      7.048685  -11.337609   -1.998031
C      7.748929  -13.380021   -2.757704

There are 100 heavy atoms.
There are 114 electrons in 100 orbitals.


Carbon 1e params: A = -22.717075 b = 1.705616

Nitrogen 1e params: alphan2 = -17.681338 Acn2 = -24.737202 bcn2 = 1.433639

Chlorine 1e params: alphacl = -10.335674 Accl = -26.021937 bccl=1.451861
C-N2 bond
C-N2 bond
C-N2 bond
C-N2 bond
C-N2 bond
C-N2 bond
C-Cl bond
C-Cl bond
C-Cl bond
C-Cl bond
C-Cl bond
C-Cl bond
C-Cl bond
C-Cl bond
C-Cl bond
C-Cl bond
C-Cl bond
C-Cl bond
N2 atom 87
N2 atom 88
Cl atom 89
Cl atom 90
Cl atom 91
Cl atom 92
Cl atom 93
Cl atom 94
Cl atom 95
Cl atom 96
Cl atom 97
Cl atom 98
Cl atom 99
Cl atom 100

Carbon 2e params: U = 8.420838 r0 = 1.173157

Nitrogen 2e params: Un2n2 = 17.979843 r0n2n2 = 1.111791

Chlorine 2e params: Uclcl= 9.642991 r0clcl = 2.253316

Mixed 2e params: Ucn2 = 13.200341 Uccl = 9.031915 Un2cl = 13.811417 r0cn2 =1.142474 r0ccl = 1.713237 r0n2cl = 1.682554
[8.42083845 3.82727688 2.78552607 2.51799675 2.75960772 3.87053416
 1.08096418 1.00790495 1.0294964  0.94367476 0.85890086 0.63698829
 0.84369114 0.90430383 0.98093628 0.88092276 0.81210715 0.81501805
 0.88887901 0.98155774 2.68354074 2.00551042 1.83937686 1.46379965
 1.2955662  1.34292263 1.60739393 2.34451698 1.92748944 1.62711965
 1.5666118  1.74414332 2.14707139 1.7962289  1.43879429 1.28453988
 1.35679407 1.63718515 2.0011198  1.0060071  1.08770537 0.99963231
 0.54211989 0.87928418 0.83416642 0.88333141 0.53301219 0.57429677
 0.60627765 0.51985125 0.69114394 0.57408258 0.73704891 0.67623778
 0.63232672 0.59971239 0.55700131 0.68601221 0.60634202 0.74311927
 0.77697381 0.75809353 0.70629742 0.56830078 0.79915016 0.62096133
 1.22751258 1.29901367 1.14588399 1.05552352 0.9717659  1.00239746
 0.81925508 0.8856056  0.84003918 0.75273032 0.73692972 0.71210661
 0.7217935  0.80248161 0.78775061 0.7125672  0.7360201  0.67439292
 0.6647196  0.58624421 1.31326092 0.94978297 4.48778693 2.70842919
 1.68636648 1.27527248 1.26495236 1.60960136 2.9040561  2.17026816
 2.46780006 2.95556883 1.83878551 1.68346289]
FCIDUMP file in AO basis written to FCIDUMP/FCIDUMP_AO_DD-CDR_prune


-------------------------------------
Restricted Open-shell PPP Calculation
-------------------------------------

Starting SCF cycle...

Iter   Energy        Dens Change      Energy Change
-----------------------------------------------------
0 -329.37540369415814 0.3220216538718981 -329.37540369415814
1 -367.2196261238183 0.07113272787521363 -37.844222429660135
2 -377.6424669242516 0.015915035250630316 -10.422840800433335
3 -380.60547840887324 0.005123446453243918 -2.9630114846216316
4 -381.44607240437017 0.0022579050065818507 -0.8405939954969313
5 -381.7071301107775 0.001180505709014068 -0.26105770640731407
6 -381.79149570523083 0.0006310814352376015 -0.08436559445334524
7 -381.82018660714016 0.00033590135316885483 -0.02869090190932866
8 -381.8305236071096 0.0001786764970619359 -0.010336999969467797
9 -381.83445305518944 9.473248644120691e-05 -0.003929448079816211
10 -381.83605289894206 5.012940965132273e-05 -0.0015998437526150155
11 -381.83674312328196 2.649776301011375e-05 -0.0006902243399053987
12 -381.8370587856932 1.399759888476293e-05 -0.00031566241125347005
13 -381.83720946974205 7.391754969332531e-06 -0.00015068404883322728
14 -381.8372839283544 3.902658970988959e-06 -7.44586123460067e-05
15 -381.83732156814085 2.0603109412986598e-06 -3.7639786455656576e-05
16 -381.8373409042073 1.0876428938599858e-06 -1.9336066429787024e-05
17 -381.8373509377394 5.741608362086481e-07 -1.0033532134912093e-05
18 -381.8373561789789 3.0309647314208377e-07 -5.2412394779821625e-06
19 -381.83735892807596 1.6000421976247736e-07 -2.749097063770023e-06
20 -381.8373603738129 8.446690036301163e-08 -1.4457369275078236e-06
21 -381.8373611353461 4.459093683184534e-08 -7.615332151544862e-07
22 -381.83736153689057 2.3540270843724898e-08 -4.0154446878659655e-07
23 -381.8373617487469 1.2427411877347083e-08 -2.1185633158893324e-07
24 -381.837361860572 6.560758492035745e-09 -1.1182510206708685e-07
25 -381.83736191960827 3.4636253865016897e-09 -5.9036267430201406e-08
26 -381.8373619507809 1.8285670755346928e-09 -3.117264668617281e-08
27 -381.8373619672415 9.653696730893557e-10 -1.6460603546875063e-08
28 -381.8373619759384 5.096576494167948e-10 -8.696872555447044e-09
29 -381.83736198052907 2.6907132077980123e-10 -4.590674507198855e-09
30 -381.8373619829528 1.420544792907208e-10 -2.423746536805993e-09
31 -381.83736198423424 7.499700860336134e-11 -1.281421191379195e-09
32 -381.8373619849091 3.959454986102173e-11 -6.748450687155128e-10
33 -381.83736198527015 2.0904944442179385e-11 -3.610693966038525e-10
34 -381.83736198545614 1.1036394020891294e-11 -1.8599166651256382e-10
35 -381.8373619855536 5.826783500140209e-12 -9.748646334628575e-11
36 -381.83736198560564 3.0760949343289212e-12 -5.2011728257639334e-11
37 -381.83736198563656 1.6243673073290665e-12 -3.092281986027956e-11
38 -381.83736198565174 8.563150188933832e-13 -1.517719283583574e-11
39 -381.83736198565623 4.533040609544514e-13 -4.490630090003833e-12
40 -381.83736198566345 2.391420395042587e-13 -7.219114195322618e-12
41 -381.8373619856633 1.270095140171179e-13 1.7053025658242404e-13
42 -381.8373619856669 6.694644838489694e-14 -3.637978807091713e-12
43 -381.83736198566567 3.5638159090467525e-14 1.2505552149377763e-12
44 -381.8373619856693 1.8762769116165146e-14 -3.637978807091713e-12
45 -381.83736198566714 1.0325074129013956e-14 2.1600499167107046e-12
46 -381.837361985666 5.662137425588298e-15 1.1368683772161603e-12
47 -381.8373619856644 4.6629367034256575e-15 1.5916157281026244e-12

--------------------------
Converged ROPPP Orbitals
--------------------------

orbital number 1 energy -11.686030827929011
[-0.    0.   -0.   -0.   -0.   -0.    0.    0.    0.    0.    0.    0.
  0.    0.   -0.   -0.    0.    0.    0.   -0.    0.   -0.   -0.   -0.
  0.   -0.   -0.   -0.   -0.    0.    0.   -0.   -0.    0.   -0.   -0.
 -0.    0.    0.   -0.    0.   -0.    0.1  -0.    0.   -0.    0.02  0.04
  0.12  0.03 -0.    0.05 -0.    0.    0.    0.02  0.01 -0.    0.19 -0.
  0.    0.    0.    0.01  0.    0.05 -0.    0.   -0.    0.    0.    0.
  0.    0.    0.   -0.    0.    0.    0.    0.03  0.02  0.04  0.1   0.41
  0.12  0.41  0.    0.76  0.    0.    0.    0.    0.    0.    0.    0.
  0.    0.    0.    0.  ]
orbital number 2 energy -11.61455397790418
[ 0.    0.    0.   -0.   -0.   -0.   -0.    0.    0.    0.   -0.    0.
 -0.    0.    0.    0.    0.   -0.    0.    0.   -0.    0.    0.   -0.
 -0.   -0.    0.   -0.   -0.   -0.   -0.   -0.   -0.    0.    0.   -0.
  0.    0.    0.    0.    0.    0.    0.   -0.   -0.   -0.    0.    0.
  0.    0.   -0.01  0.    0.    0.   -0.    0.    0.    0.    0.   -0.
 -0.04 -0.04 -0.01  0.   -0.16  0.   -0.03 -0.02 -0.04 -0.1  -0.42 -0.12
 -0.41 -0.12 -0.04 -0.02 -0.1  -0.03 -0.01  0.    0.    0.    0.    0.
  0.    0.   -0.76  0.   -0.   -0.   -0.   -0.   -0.   -0.   -0.   -0.
 -0.   -0.   -0.   -0.  ]
orbital number 3 energy -7.969390583948162
[-0.26 -0.21 -0.25 -0.17 -0.18 -0.17 -0.09 -0.11 -0.12 -0.07 -0.05 -0.
 -0.07 -0.12 -0.08 -0.08 -0.04 -0.03 -0.04 -0.08 -0.09 -0.09 -0.09 -0.05
 -0.04 -0.05 -0.09 -0.1  -0.1  -0.06 -0.05 -0.06 -0.11 -0.17 -0.25 -0.2
 -0.24 -0.16 -0.18 -0.   -0.01 -0.    0.   -0.   -0.   -0.   -0.   -0.
 -0.    0.    0.    0.   -0.   -0.   -0.    0.    0.   -0.    0.   -0.
  0.    0.    0.    0.    0.    0.   -0.01 -0.02 -0.01 -0.   -0.   -0.
  0.   -0.   -0.   -0.    0.    0.    0.   -0.01 -0.01 -0.01 -0.   -0.
 -0.    0.    0.    0.   -0.26 -0.25 -0.12 -0.12 -0.08 -0.08 -0.09 -0.08
 -0.1  -0.11 -0.26 -0.24]
orbital number 4 energy -7.903994390640948
[ 0.16  0.14  0.15  0.08  0.05  0.08 -0.11 -0.2  -0.24 -0.14 -0.11 -0.
 -0.13 -0.23 -0.13 -0.14 -0.08 -0.06 -0.08 -0.14  0.1   0.12  0.13  0.07
  0.06  0.07  0.13  0.16  0.19  0.11  0.09  0.11  0.19 -0.07 -0.13 -0.12
 -0.13 -0.06 -0.04  0.    0.01  0.    0.    0.    0.    0.   -0.   -0.
 -0.    0.   -0.    0.   -0.   -0.   -0.    0.    0.   -0.    0.01 -0.
 -0.   -0.   -0.    0.   -0.    0.    0.02  0.03  0.02  0.01  0.    0.01
 -0.    0.    0.    0.   -0.   -0.   -0.   -0.02 -0.03 -0.02 -0.01 -0.
 -0.01  0.   -0.    0.    0.17  0.16 -0.26 -0.24 -0.14 -0.14  0.14  0.13
  0.19  0.2  -0.14 -0.13]
orbital number 5 energy -7.843664853424988
[-0.11 -0.07 -0.11 -0.08 -0.1  -0.08  0.04  0.17  0.22  0.13  0.11  0.
  0.13  0.22  0.07  0.08  0.05  0.04  0.05  0.08  0.04  0.09  0.1   0.06
  0.05  0.06  0.1   0.2   0.25  0.15  0.13  0.15  0.26 -0.1  -0.15 -0.1
 -0.15 -0.1  -0.11  0.    0.01  0.   -0.    0.    0.    0.    0.    0.
  0.   -0.   -0.   -0.    0.    0.    0.   -0.   -0.    0.   -0.01  0.
 -0.01 -0.01 -0.   -0.   -0.01 -0.    0.02  0.05  0.02  0.01  0.01  0.01
 -0.01  0.    0.    0.   -0.   -0.   -0.    0.02  0.03  0.02  0.01  0.01
  0.01 -0.   -0.01 -0.   -0.12 -0.11  0.25  0.23  0.09  0.09  0.11  0.1
  0.27  0.28 -0.17 -0.16]
orbital number 6 energy -7.788825556284465
[ 0.13  0.11  0.13  0.07  0.04  0.07 -0.01  0.11  0.15  0.09  0.08 -0.
  0.09  0.14 -0.06 -0.07 -0.04 -0.03 -0.04 -0.07  0.03  0.17  0.22  0.13
  0.1   0.12  0.21 -0.16 -0.22 -0.14 -0.12 -0.14 -0.23 -0.09 -0.16 -0.12
 -0.16 -0.09 -0.06  0.01  0.02  0.01 -0.    0.    0.    0.    0.    0.
  0.   -0.    0.   -0.   -0.   -0.   -0.   -0.   -0.   -0.   -0.   -0.
  0.01  0.01  0.   -0.    0.01 -0.   -0.02 -0.04 -0.02 -0.01 -0.01 -0.01
  0.01 -0.   -0.   -0.    0.    0.    0.    0.01  0.02  0.01  0.01  0.
  0.01 -0.    0.01 -0.    0.15  0.14  0.17  0.16 -0.08 -0.08  0.24  0.23
 -0.25 -0.26 -0.18 -0.17]
orbital number 7 energy -7.772819320014546
[-0.07 -0.05 -0.07 -0.04 -0.04 -0.05  0.03 -0.11 -0.17 -0.1  -0.08  0.
 -0.1  -0.16  0.23  0.3   0.17  0.14  0.17  0.3   0.01  0.16  0.21  0.12
  0.1   0.12  0.2  -0.04 -0.06 -0.04 -0.03 -0.04 -0.06  0.    0.01  0.02
  0.01  0.   -0.01  0.01  0.01  0.01  0.    0.    0.    0.   -0.   -0.
 -0.    0.    0.    0.    0.    0.    0.    0.    0.    0.    0.01  0.
  0.    0.    0.    0.    0.    0.   -0.01 -0.01 -0.01 -0.   -0.   -0.
  0.   -0.   -0.   -0.    0.    0.    0.   -0.01 -0.03 -0.01 -0.01 -0.
 -0.01  0.    0.    0.   -0.09 -0.08 -0.19 -0.18  0.33  0.33  0.23  0.22
 -0.06 -0.07  0.01  0.02]
orbital number 8 energy -7.75662373628212
[ 0.21  0.16  0.2   0.11  0.07  0.11  0.   -0.   -0.   -0.   -0.    0.
 -0.   -0.    0.15  0.2   0.12  0.1   0.12  0.2   0.   -0.16 -0.22 -0.13
 -0.1  -0.12 -0.21 -0.01 -0.01 -0.01 -0.01 -0.01 -0.01 -0.11 -0.21 -0.15
 -0.2  -0.1  -0.07 -0.01 -0.02 -0.01  0.   -0.   -0.   -0.   -0.   -0.
 -0.    0.    0.    0.    0.    0.    0.    0.    0.    0.    0.    0.
  0.    0.    0.    0.    0.    0.   -0.   -0.   -0.   -0.   -0.   -0.
  0.   -0.   -0.   -0.    0.    0.    0.   -0.   -0.   -0.   -0.   -0.
 -0.    0.    0.    0.    0.25  0.23 -0.   -0.    0.22  0.22 -0.24 -0.23
 -0.01 -0.01 -0.24 -0.22]
orbital number 9 energy -7.414052156678267
[-0.   -0.   -0.   -0.   -0.   -0.    0.   -0.   -0.   -0.   -0.   -0.
 -0.   -0.   -0.   -0.   -0.   -0.   -0.   -0.    0.   -0.   -0.   -0.
 -0.   -0.   -0.    0.01  0.01  0.   -0.01  0.    0.02  0.    0.    0.
  0.    0.   -0.   -0.   -0.   -0.   -0.   -0.   -0.   -0.   -0.   -0.
 -0.   -0.    0.35  0.   -0.   -0.   -0.    0.    0.   -0.    0.   -0.
  0.41  0.41  0.36  0.    0.46  0.   -0.06 -0.06 -0.08 -0.07 -0.09 -0.12
 -0.08 -0.11 -0.07 -0.05 -0.06 -0.05  0.36 -0.   -0.   -0.   -0.   -0.
 -0.   -0.    0.    0.   -0.   -0.   -0.   -0.   -0.   -0.   -0.   -0.
  0.02  0.02  0.    0.  ]
orbital number 10 energy -7.405852828120273
[-0.   -0.   -0.   -0.    0.   -0.   -0.   -0.01 -0.01 -0.    0.01  0.
 -0.   -0.01  0.    0.    0.    0.    0.    0.   -0.    0.    0.    0.
  0.    0.    0.    0.    0.    0.    0.    0.    0.    0.    0.    0.
  0.    0.    0.    0.    0.    0.    0.07  0.    0.    0.    0.06  0.09
  0.13  0.06  0.   -0.4   0.    0.    0.   -0.36 -0.36  0.   -0.45  0.
  0.    0.    0.   -0.34  0.   -0.4  -0.   -0.   -0.   -0.   -0.   -0.
 -0.   -0.   -0.   -0.   -0.   -0.    0.    0.07  0.07  0.09  0.08  0.1
  0.14  0.1  -0.   -0.01 -0.   -0.   -0.02 -0.02  0.    0.    0.    0.
  0.    0.    0.    0.  ]
orbital number 11 energy -7.0946237053276695
[-0.06  0.    0.07  0.03  0.   -0.03 -0.   -0.01  0.32  0.14 -0.01  0.
 -0.15 -0.34 -0.   -0.   -0.    0.    0.    0.    0.    0.    0.    0.
 -0.   -0.   -0.    0.    0.    0.    0.   -0.   -0.    0.03  0.06 -0.
 -0.07 -0.03 -0.   -0.   -0.   -0.    0.   -0.   -0.   -0.    0.    0.
  0.    0.    0.   -0.    0.    0.    0.   -0.   -0.    0.   -0.    0.
  0.    0.    0.   -0.    0.   -0.    0.    0.    0.    0.    0.    0.
 -0.    0.    0.   -0.   -0.   -0.    0.   -0.   -0.   -0.   -0.   -0.
 -0.    0.   -0.    0.   -0.11  0.11  0.57 -0.58 -0.    0.01  0.   -0.
  0.01 -0.01  0.11 -0.12]
orbital number 12 energy -7.094148698091336
[-0.33  0.01  0.35  0.15  0.01 -0.14  0.    0.   -0.07 -0.03  0.   -0.
  0.03  0.07  0.    0.    0.   -0.   -0.   -0.    0.    0.    0.    0.
 -0.   -0.   -0.01  0.    0.01  0.01  0.   -0.01 -0.01  0.01  0.03 -0.
 -0.04 -0.01  0.   -0.   -0.   -0.   -0.   -0.   -0.   -0.   -0.   -0.
 -0.   -0.    0.    0.   -0.   -0.   -0.    0.    0.   -0.    0.   -0.
  0.    0.    0.    0.    0.    0.    0.    0.    0.    0.    0.    0.
 -0.    0.    0.   -0.   -0.   -0.    0.    0.    0.    0.    0.    0.
  0.   -0.   -0.   -0.   -0.58  0.59 -0.12  0.13  0.   -0.    0.01 -0.01
  0.03 -0.03  0.05 -0.06]
orbital number 13 energy -7.09032170517867
[ 0.05  0.   -0.04 -0.02 -0.01  0.02 -0.    0.   -0.06 -0.02  0.    0.
  0.03  0.06 -0.    0.01  0.    0.   -0.   -0.01  0.   -0.   -0.   -0.
  0.    0.    0.    0.   -0.   -0.   -0.    0.    0.    0.14  0.33 -0.01
 -0.35 -0.16 -0.01  0.    0.    0.   -0.    0.    0.    0.   -0.   -0.
 -0.   -0.   -0.    0.    0.    0.    0.    0.    0.    0.    0.    0.
 -0.   -0.   -0.    0.   -0.    0.   -0.   -0.   -0.   -0.   -0.   -0.
  0.   -0.    0.    0.    0.    0.   -0.    0.    0.    0.    0.    0.
  0.   -0.    0.   -0.    0.08 -0.07 -0.1   0.1   0.01 -0.01 -0.    0.
 -0.01  0.    0.58 -0.59]
orbital number 14 energy -7.077734384894518
[ 0.01 -0.   -0.02 -0.01 -0.    0.01  0.    0.   -0.   -0.    0.   -0.
  0.    0.   -0.    0.    0.    0.   -0.   -0.    0.    0.   -0.01 -0.
 -0.    0.    0.01  0.01  0.35  0.15  0.01 -0.14 -0.34  0.    0.    0.
 -0.   -0.   -0.   -0.   -0.   -0.    0.   -0.   -0.   -0.   -0.    0.
  0.    0.    0.    0.   -0.   -0.   -0.   -0.   -0.   -0.   -0.   -0.
  0.    0.    0.   -0.    0.    0.    0.    0.    0.    0.    0.    0.
 -0.    0.    0.   -0.   -0.   -0.    0.   -0.    0.   -0.    0.    0.
 -0.   -0.   -0.   -0.    0.03 -0.03 -0.    0.    0.   -0.   -0.02  0.02
  0.6  -0.6   0.   -0.  ]
orbital number 15 energy -7.045503662889336
[-0.   -0.    0.    0.    0.   -0.    0.   -0.    0.    0.    0.    0.
 -0.   -0.   -0.   -0.   -0.    0.    0.    0.    0.    0.   -0.34 -0.14
  0.    0.15  0.35  0.   -0.01 -0.   -0.    0.    0.01  0.   -0.   -0.
 -0.    0.    0.    0.    0.    0.    0.    0.    0.    0.   -0.    0.
  0.    0.   -0.    0.    0.    0.    0.    0.    0.    0.    0.    0.
 -0.   -0.   -0.    0.   -0.    0.   -0.   -0.   -0.   -0.   -0.   -0.
  0.   -0.    0.    0.    0.    0.   -0.   -0.    0.   -0.    0.    0.
  0.   -0.    0.   -0.   -0.01  0.01  0.   -0.   -0.    0.   -0.6   0.6
 -0.02  0.02 -0.   -0.  ]
orbital number 16 energy -7.0426055057972805
[-0.   -0.   -0.    0.    0.    0.   -0.    0.    0.    0.   -0.   -0.
 -0.   -0.01 -0.    0.34  0.15 -0.   -0.15 -0.35  0.    0.   -0.   -0.
  0.    0.    0.   -0.   -0.   -0.   -0.    0.    0.   -0.   -0.01 -0.
  0.01  0.    0.    0.    0.    0.    0.    0.    0.    0.    0.    0.
 -0.    0.   -0.   -0.   -0.   -0.   -0.   -0.   -0.   -0.   -0.   -0.
 -0.   -0.   -0.   -0.   -0.   -0.   -0.   -0.   -0.   -0.   -0.   -0.
  0.   -0.    0.    0.    0.    0.   -0.   -0.   -0.   -0.   -0.   -0.
 -0.    0.    0.    0.   -0.   -0.    0.01 -0.01  0.6  -0.6  -0.    0.
 -0.    0.   -0.01  0.01]
orbital number 17 energy -6.7234327573297445
[ 0.   -0.    0.    0.    0.    0.   -0.   -0.   -0.    0.    0.    0.
  0.   -0.   -0.    0.    0.    0.    0.    0.   -0.01 -0.    0.    0.
  0.    0.    0.   -0.04 -0.04  0.05  0.14  0.05 -0.04  0.   -0.   -0.
 -0.    0.    0.    0.    0.    0.   -0.    0.    0.    0.   -0.   -0.
 -0.   -0.    0.06  0.    0.    0.    0.    0.    0.    0.    0.    0.
  0.04  0.04  0.05  0.    0.01  0.    0.38  0.39  0.35  0.36  0.29  0.3
 -0.28 -0.05 -0.1  -0.14 -0.25 -0.2   0.05  0.    0.    0.    0.    0.
  0.   -0.   -0.1  -0.    0.    0.    0.    0.    0.    0.    0.    0.
 -0.1  -0.09 -0.   -0.  ]
orbital number 18 energy -6.705714672411745
[ 0.    0.    0.   -0.   -0.   -0.    0.01  0.03  0.03 -0.04 -0.11 -0.
 -0.04  0.03  0.   -0.   -0.   -0.   -0.   -0.    0.    0.   -0.   -0.
 -0.   -0.   -0.    0.   -0.    0.    0.    0.   -0.   -0.   -0.    0.
 -0.   -0.   -0.   -0.   -0.   -0.    0.27 -0.   -0.   -0.    0.17  0.12
  0.08  0.22  0.   -0.04 -0.   -0.   -0.   -0.06 -0.06 -0.   -0.01 -0.
  0.    0.    0.   -0.06  0.   -0.04  0.    0.    0.    0.    0.    0.
 -0.   -0.   -0.   -0.   -0.   -0.    0.   -0.38 -0.37 -0.33 -0.37 -0.3
 -0.29  0.29 -0.    0.09  0.    0.    0.07  0.08 -0.   -0.   -0.   -0.
 -0.   -0.   -0.   -0.  ]
orbital number 19 energy -6.580097047212885
[-0.    0.   -0.   -0.   -0.   -0.    0.    0.    0.   -0.   -0.   -0.
 -0.   -0.    0.   -0.   -0.   -0.   -0.   -0.    0.    0.   -0.   -0.
 -0.   -0.   -0.    0.02  0.02 -0.03 -0.07 -0.03  0.01 -0.    0.    0.
  0.   -0.   -0.   -0.   -0.   -0.   -0.   -0.   -0.   -0.   -0.   -0.
 -0.   -0.   -0.14 -0.   -0.   -0.   -0.   -0.   -0.   -0.   -0.   -0.
 -0.08 -0.08 -0.12 -0.   -0.   -0.   -0.08 -0.17 -0.22  0.01  0.12 -0.26
 -0.16 -0.42 -0.41 -0.38 -0.28 -0.33 -0.12 -0.   -0.   -0.    0.    0.
 -0.   -0.    0.25  0.   -0.   -0.   -0.   -0.   -0.   -0.   -0.   -0.
  0.05  0.04  0.    0.  ]
orbital number 20 energy -6.57259306516602
[-0.   -0.   -0.    0.    0.    0.   -0.01 -0.01 -0.01  0.03  0.06  0.
  0.03 -0.01 -0.    0.    0.    0.    0.    0.   -0.   -0.   -0.    0.
  0.    0.   -0.   -0.    0.    0.   -0.   -0.    0.    0.    0.   -0.
  0.    0.    0.    0.    0.    0.    0.26  0.    0.    0.    0.36  0.4
  0.42  0.32 -0.    0.09  0.    0.    0.    0.15  0.15  0.    0.    0.
 -0.   -0.   -0.    0.17 -0.    0.09 -0.   -0.   -0.   -0.    0.   -0.
 -0.   -0.   -0.   -0.   -0.   -0.   -0.    0.1   0.19  0.24  0.02 -0.09
  0.28  0.14  0.   -0.25 -0.   -0.   -0.04 -0.04  0.    0.    0.    0.
  0.    0.    0.    0.  ]
orbital number 21 energy -6.563136761402403
[-0.    0.   -0.   -0.   -0.   -0.    0.    0.    0.    0.   -0.   -0.
 -0.   -0.    0.    0.   -0.   -0.   -0.    0.    0.01  0.02  0.02 -0.03
 -0.07 -0.03  0.02  0.   -0.   -0.    0.   -0.   -0.   -0.    0.    0.
  0.   -0.   -0.   -0.41 -0.41 -0.41  0.   -0.41 -0.4  -0.4   0.    0.
  0.    0.    0.    0.   -0.   -0.   -0.    0.    0.   -0.    0.   -0.
  0.    0.    0.    0.   -0.    0.    0.    0.    0.    0.   -0.    0.
  0.    0.    0.    0.    0.    0.    0.    0.    0.    0.    0.   -0.
  0.    0.   -0.   -0.   -0.   -0.   -0.   -0.   -0.   -0.    0.05  0.05
 -0.   -0.    0.    0.  ]
orbital number 22 energy -6.555765588823338
[-0.   -0.   -0.    0.    0.    0.   -0.   -0.    0.    0.    0.    0.41
  0.    0.   -0.   -0.    0.    0.01  0.   -0.   -0.   -0.   -0.   -0.
  0.    0.    0.   -0.    0.    0.    0.    0.   -0.    0.    0.   -0.
  0.    0.    0.   -0.   -0.   -0.   -0.   -0.   -0.   -0.   -0.   -0.
 -0.   -0.   -0.   -0.    0.41  0.41  0.41 -0.   -0.    0.41  0.    0.41
 -0.   -0.   -0.   -0.    0.   -0.   -0.   -0.   -0.   -0.    0.   -0.
 -0.   -0.   -0.   -0.   -0.   -0.   -0.   -0.   -0.   -0.   -0.    0.
 -0.   -0.    0.    0.   -0.   -0.    0.    0.   -0.01 -0.01  0.    0.
  0.    0.    0.    0.  ]
orbital number 23 energy -6.024148977537
[ 0.02  0.02  0.03 -0.25 -0.45 -0.25  0.01  0.01 -0.   -0.   -0.    0.
 -0.    0.    0.    0.   -0.   -0.   -0.   -0.    0.01  0.01 -0.   -0.
 -0.   -0.    0.    0.01  0.   -0.   -0.   -0.   -0.   -0.25  0.02  0.02
  0.03 -0.25 -0.46  0.    0.    0.   -0.    0.    0.    0.    0.    0.
  0.   -0.    0.    0.    0.    0.    0.    0.    0.    0.   -0.    0.
  0.    0.    0.    0.   -0.    0.    0.    0.    0.    0.    0.    0.
 -0.    0.    0.    0.   -0.   -0.    0.    0.    0.    0.    0.    0.
  0.   -0.   -0.   -0.    0.28  0.29 -0.01 -0.   -0.   -0.   -0.01 -0.01
 -0.   -0.    0.28  0.29]
orbital number 24 energy -5.514809332011855
[ 0.    0.02  0.    0.   -0.    0.   -0.   -0.   -0.   -0.   -0.    0.
 -0.   -0.   -0.   -0.   -0.   -0.   -0.   -0.    0.05  0.02  0.    0.01
  0.02  0.01  0.    0.1   0.05  0.35  0.49  0.36  0.05 -0.   -0.   -0.
 -0.   -0.   -0.01 -0.    0.   -0.   -0.   -0.   -0.   -0.    0.    0.
  0.   -0.   -0.07 -0.    0.    0.    0.    0.    0.    0.   -0.   -0.
  0.01  0.01 -0.04  0.    0.05 -0.    0.01  0.13 -0.05 -0.1  -0.16 -0.21
  0.1  -0.12 -0.09 -0.02  0.12  0.07 -0.04 -0.   -0.    0.    0.    0.
  0.   -0.    0.07 -0.   -0.02 -0.02  0.    0.    0.    0.   -0.03 -0.03
 -0.4  -0.4   0.01  0.01]
orbital number 25 energy -5.50057309607296
[ 0.    0.    0.    0.01  0.01  0.01 -0.08 -0.12 -0.06 -0.36 -0.49  0.
 -0.36 -0.05 -0.03 -0.   -0.02 -0.03 -0.02 -0.    0.    0.    0.    0.
  0.    0.    0.   -0.   -0.   -0.   -0.01 -0.   -0.   -0.   -0.   -0.03
 -0.   -0.    0.   -0.    0.   -0.   -0.1  -0.   -0.   -0.    0.01  0.07
  0.1  -0.06  0.   -0.01  0.    0.    0.    0.04  0.04  0.   -0.05 -0.
 -0.   -0.    0.    0.06 -0.   -0.01 -0.   -0.    0.    0.    0.    0.
 -0.    0.    0.    0.   -0.   -0.    0.   -0.02 -0.11  0.04  0.08  0.13
  0.18 -0.08 -0.   -0.06 -0.01 -0.01  0.41  0.42  0.05  0.05 -0.   -0.
  0.    0.    0.03  0.03]
orbital number 26 energy -5.393268680537503
[-0.01 -0.04 -0.01 -0.01 -0.   -0.01  0.01  0.   -0.   -0.   -0.   -0.
 -0.   -0.    0.01  0.    0.01  0.02  0.01  0.   -0.09 -0.15 -0.07 -0.38
 -0.5  -0.38 -0.07 -0.02  0.    0.03  0.04  0.03  0.    0.01  0.    0.01
  0.    0.01  0.02  0.02 -0.05  0.02 -0.    0.08  0.1   0.07  0.    0.
  0.   -0.   -0.01 -0.   -0.   -0.   -0.    0.    0.   -0.   -0.    0.
  0.    0.   -0.    0.    0.01 -0.    0.    0.02 -0.   -0.01 -0.02 -0.02
  0.01 -0.01 -0.01 -0.    0.01  0.01 -0.   -0.   -0.    0.    0.    0.
  0.   -0.    0.01 -0.    0.04  0.04  0.    0.   -0.02 -0.02  0.44  0.44
 -0.   -0.   -0.02 -0.02]
orbital number 27 energy -5.381488904376872
[-0.   -0.   -0.   -0.01 -0.01 -0.01  0.08  0.03 -0.   -0.04 -0.06 -0.01
 -0.04 -0.    0.15  0.08  0.39  0.5   0.38  0.07  0.    0.    0.    0.01
  0.02  0.01  0.    0.   -0.   -0.    0.   -0.   -0.    0.01  0.01  0.04
  0.    0.01  0.   -0.    0.   -0.   -0.02 -0.   -0.   -0.    0.    0.01
  0.02 -0.01  0.   -0.   -0.   -0.01 -0.01  0.01  0.01 -0.   -0.01  0.01
  0.    0.    0.    0.01 -0.   -0.   -0.   -0.   -0.    0.    0.    0.
 -0.    0.    0.   -0.   -0.   -0.    0.   -0.01 -0.02  0.    0.01  0.02
  0.02 -0.01 -0.   -0.01  0.01  0.01  0.01  0.01 -0.44 -0.45 -0.02 -0.02
 -0.   -0.   -0.03 -0.04]
orbital number 28 energy -5.1240378617930284
[ 0.1   0.23  0.1   0.23  0.21  0.23 -0.14 -0.07 -0.01  0.03  0.05 -0.
  0.03 -0.01 -0.05  0.    0.05  0.08  0.05  0.    0.16  0.06 -0.   -0.06
 -0.09 -0.06 -0.    0.07  0.01 -0.02 -0.05 -0.02  0.01 -0.24 -0.1  -0.21
 -0.09 -0.23 -0.22  0.   -0.01  0.    0.03  0.01  0.02  0.01  0.01 -0.02
 -0.03  0.03  0.02  0.   -0.   -0.   -0.   -0.01 -0.01 -0.    0.01  0.
 -0.   -0.    0.01 -0.02 -0.01  0.   -0.03 -0.03  0.01 -0.01  0.02  0.04
 -0.01  0.03  0.02 -0.01 -0.03 -0.03  0.01  0.03  0.03 -0.    0.01 -0.02
 -0.04  0.01 -0.01  0.01 -0.34 -0.34  0.03  0.03 -0.01 -0.01  0.    0.
 -0.04 -0.04  0.32  0.32]
orbital number 29 energy -4.976915586073465
[-0.01 -0.05 -0.01 -0.01  0.   -0.01 -0.08 -0.1  -0.04 -0.06 -0.03 -0.
 -0.05 -0.04 -0.03 -0.    0.02  0.04  0.02 -0.   -0.05 -0.02 -0.    0.02
  0.02  0.02 -0.   -0.05 -0.02 -0.02 -0.01 -0.02 -0.02  0.02 -0.   -0.04
 -0.    0.02  0.03  0.    0.    0.    0.29 -0.   -0.01 -0.    0.19 -0.1
 -0.33  0.37 -0.02  0.02  0.   -0.   -0.   -0.03 -0.03  0.    0.05  0.
  0.01  0.01 -0.01 -0.05  0.02  0.02  0.15  0.06 -0.05  0.12 -0.   -0.13
 -0.01 -0.13 -0.04  0.07  0.11  0.15 -0.01  0.38  0.16 -0.14  0.32 -0.01
 -0.35 -0.02  0.    0.01  0.04  0.04  0.1   0.1   0.01  0.01  0.01  0.01
  0.05  0.05  0.01  0.01]
orbital number 30 energy -4.968440130041238
[-0.01  0.   -0.01 -0.04 -0.04 -0.04  0.01 -0.02 -0.01 -0.03 -0.03  0.
 -0.03 -0.01  0.    0.   -0.   -0.   -0.    0.    0.04  0.02  0.   -0.01
 -0.02 -0.01  0.    0.08  0.04  0.07  0.06  0.07  0.04  0.04  0.02  0.03
  0.02  0.04  0.03 -0.   -0.   -0.    0.11  0.    0.    0.    0.08 -0.04
 -0.13  0.15  0.04  0.01 -0.    0.    0.   -0.01 -0.01 -0.    0.01 -0.
 -0.01 -0.01  0.02 -0.02 -0.03  0.01 -0.38 -0.14  0.15 -0.34 -0.01  0.34
  0.03  0.33  0.09 -0.2  -0.29 -0.38  0.02  0.15  0.06 -0.06  0.13  0.
 -0.13 -0.01 -0.01  0.    0.03  0.03  0.03  0.03 -0.   -0.   -0.   -0.
 -0.11 -0.11 -0.05 -0.05]
orbital number 31 energy -4.837363791267351
[-0.01 -0.04 -0.    0.02  0.03  0.02 -0.04 -0.03 -0.01  0.01  0.02 -0.
  0.01 -0.01 -0.02 -0.    0.01  0.02  0.01 -0.   -0.06 -0.03 -0.    0.02
  0.03  0.02 -0.   -0.06 -0.02 -0.02 -0.   -0.02 -0.02 -0.01 -0.01 -0.04
 -0.01 -0.01  0.    0.    0.01  0.   -0.01 -0.   -0.01 -0.   -0.    0.01
  0.01 -0.01 -0.56  0.02  0.   -0.   -0.   -0.03 -0.03  0.    0.04  0.
  0.22  0.23 -0.31 -0.05  0.54  0.02 -0.01  0.08  0.11 -0.09 -0.09  0.06
 -0.09  0.06  0.1   0.07 -0.08 -0.01 -0.31 -0.01  0.01  0.02 -0.02 -0.02
  0.01 -0.   -0.03 -0.    0.01  0.01  0.01  0.01  0.01  0.01  0.01  0.01
  0.06  0.06  0.03  0.03]
orbital number 32 energy -4.8191140016897425
[-0.02 -0.05 -0.01 -0.01  0.01 -0.01 -0.08 -0.09 -0.03 -0.01  0.02 -0.
 -0.01 -0.03 -0.04 -0.    0.03  0.04  0.03 -0.   -0.04 -0.02 -0.    0.01
  0.02  0.01 -0.   -0.02 -0.    0.01  0.02  0.01 -0.    0.02 -0.01 -0.05
 -0.01  0.02  0.03  0.    0.    0.   -0.09 -0.   -0.01 -0.    0.07  0.11
  0.07 -0.02  0.06  0.22  0.   -0.   -0.   -0.3  -0.29  0.    0.52  0.
 -0.03 -0.03  0.04 -0.54 -0.06  0.22 -0.01 -0.   -0.   -0.01 -0.   -0.
  0.02  0.   -0.02 -0.02  0.01 -0.01  0.04 -0.02  0.1   0.14 -0.12 -0.12
  0.07 -0.09  0.01 -0.04  0.04  0.04  0.06  0.06  0.01  0.01  0.01  0.01
  0.01  0.01  0.02  0.02]
orbital number 33 energy -4.7408191077444135
[ 0.    0.01  0.   -0.   -0.   -0.    0.01  0.    0.   -0.   -0.    0.
 -0.    0.    0.    0.   -0.   -0.   -0.    0.    0.01  0.    0.   -0.
 -0.   -0.    0.    0.    0.   -0.   -0.   -0.    0.   -0.    0.    0.01
  0.   -0.   -0.   -0.   -0.   -0.   -0.    0.    0.    0.    0.    0.
 -0.    0.   -0.    0.   -0.    0.    0.   -0.   -0.   -0.    0.   -0.
  0.51 -0.51 -0.49 -0.    0.    0.    0.   -0.   -0.    0.    0.   -0.
 -0.    0.    0.    0.   -0.    0.    0.49  0.   -0.   -0.    0.    0.
 -0.   -0.   -0.   -0.   -0.   -0.   -0.   -0.   -0.   -0.   -0.   -0.
 -0.   -0.   -0.   -0.  ]
orbital number 34 energy -4.735379590622864
[ 0.07  0.27  0.06 -0.05 -0.13 -0.04  0.31  0.23  0.04 -0.08 -0.15  0.
 -0.09  0.04  0.18  0.02 -0.09 -0.14 -0.09  0.02  0.3   0.18  0.03 -0.09
 -0.14 -0.09  0.03  0.2   0.04 -0.06 -0.12 -0.06  0.04 -0.02  0.07  0.26
  0.07 -0.02 -0.1  -0.01 -0.03 -0.01 -0.03  0.03  0.04  0.03  0.12  0.08
 -0.03  0.07 -0.08  0.03 -0.    0.    0.   -0.05 -0.09 -0.    0.12 -0.
  0.02  0.05 -0.03 -0.13  0.08  0.08  0.04 -0.06 -0.06  0.11  0.08 -0.01
 -0.09 -0.03  0.06  0.1  -0.02  0.06 -0.05  0.05 -0.06 -0.05  0.11  0.07
 -0.01 -0.11 -0.02 -0.02 -0.14 -0.14 -0.09 -0.09 -0.06 -0.05 -0.06 -0.06
 -0.09 -0.09 -0.15 -0.16]
orbital number 35 energy -4.731211270757992
[ 0.    0.01  0.   -0.   -0.01 -0.    0.01  0.01  0.   -0.   -0.01  0.
 -0.    0.    0.01  0.   -0.   -0.01 -0.    0.    0.01  0.01  0.   -0.
 -0.01 -0.    0.    0.01  0.   -0.   -0.01 -0.    0.   -0.    0.    0.01
  0.   -0.   -0.   -0.   -0.   -0.    0.    0.    0.    0.    0.    0.
 -0.    0.   -0.    0.51 -0.    0.    0.   -0.49  0.49 -0.    0.   -0.
  0.    0.   -0.    0.    0.   -0.51  0.   -0.   -0.    0.    0.   -0.
 -0.   -0.    0.    0.   -0.    0.   -0.    0.   -0.   -0.    0.    0.
  0.   -0.   -0.   -0.   -0.01 -0.01 -0.   -0.   -0.   -0.   -0.   -0.
 -0.   -0.   -0.01 -0.01]
orbital number 36 energy -4.5735230678018075
[-0.02  0.11 -0.01 -0.14 -0.16 -0.14 -0.24 -0.25 -0.07  0.04  0.13 -0.
  0.04 -0.07 -0.16 -0.03  0.07  0.12  0.07 -0.03  0.24  0.18  0.03 -0.07
 -0.12 -0.07  0.03  0.23  0.07 -0.02 -0.1  -0.02  0.07  0.14  0.03 -0.06
  0.03  0.14  0.14 -0.01 -0.04 -0.01  0.09  0.03  0.04  0.03 -0.17 -0.14
  0.01 -0.06 -0.03 -0.02  0.   -0.   -0.01  0.02  0.02  0.   -0.04  0.
  0.01  0.02 -0.01  0.04  0.03 -0.02  0.   -0.16 -0.14  0.15  0.16  0.01
 -0.16 -0.01  0.14  0.17 -0.09  0.06 -0.02 -0.    0.16  0.14 -0.15 -0.16
 -0.01  0.16 -0.02  0.02  0.03  0.03  0.13  0.13  0.06  0.06 -0.07 -0.07
 -0.13 -0.13 -0.05 -0.05]
orbital number 37 energy -4.4102161786716865
[-0.04 -0.14 -0.04  0.02  0.07  0.02 -0.09  0.01  0.04  0.08  0.06 -0.
  0.08  0.03 -0.08 -0.02  0.03  0.05  0.03 -0.02 -0.1  -0.09 -0.02  0.03
  0.06  0.03 -0.02  0.05  0.05  0.09  0.05  0.09  0.05  0.01 -0.04 -0.13
 -0.04  0.01  0.06  0.01  0.03  0.01 -0.19 -0.02 -0.03 -0.02  0.24  0.23
  0.01  0.03  0.01 -0.    0.   -0.   -0.    0.    0.    0.   -0.    0.
 -0.   -0.    0.    0.   -0.   -0.   -0.07 -0.26 -0.23  0.17  0.24  0.01
 -0.24  0.01  0.24  0.25 -0.2   0.03  0.   -0.06 -0.24 -0.22  0.16  0.22
  0.01 -0.23  0.    0.    0.07  0.07 -0.06 -0.06  0.03  0.03  0.04  0.04
 -0.08 -0.09  0.07  0.07]
orbital number 38 energy -4.3480596451814515
[ 0.    0.12  0.   -0.11 -0.12 -0.11 -0.21 -0.12 -0.    0.12  0.13 -0.
  0.12 -0.   -0.18 -0.04  0.07  0.12  0.07 -0.04  0.19  0.19  0.05 -0.06
 -0.12 -0.06  0.05  0.06 -0.01 -0.1  -0.1  -0.1  -0.01  0.11  0.01 -0.09
  0.01  0.1   0.11 -0.02 -0.06 -0.02 -0.19  0.04  0.06  0.04  0.22  0.22
  0.01  0.02 -0.01 -0.01  0.   -0.   -0.01  0.01  0.01  0.   -0.02  0.01
  0.01  0.01 -0.01  0.02  0.01 -0.01  0.07  0.19  0.18 -0.11 -0.17  0.
  0.18 -0.01 -0.19 -0.19  0.17 -0.01 -0.01 -0.07 -0.22 -0.21  0.12  0.2
 -0.   -0.2  -0.01  0.01 -0.   -0.    0.    0.    0.07  0.07 -0.08 -0.08
  0.02  0.02 -0.01 -0.01]
orbital number 39 energy -4.003274634894391
[ 0.    0.    0.    0.   -0.    0.    0.    0.    0.   -0.   -0.    0.49
 -0.    0.   -0.   -0.   -0.    0.   -0.   -0.   -0.   -0.   -0.   -0.
  0.   -0.   -0.   -0.   -0.    0.    0.    0.   -0.   -0.    0.    0.
  0.   -0.   -0.    0.    0.    0.    0.   -0.   -0.   -0.   -0.   -0.
 -0.    0.    0.    0.   -0.49 -0.51 -0.01 -0.   -0.    0.51  0.    0.02
 -0.   -0.    0.   -0.   -0.    0.   -0.   -0.   -0.    0.    0.   -0.
 -0.    0.    0.    0.   -0.   -0.    0.    0.    0.    0.   -0.   -0.
  0.    0.    0.   -0.   -0.   -0.   -0.   -0.    0.    0.    0.    0.
  0.    0.   -0.   -0.  ]
orbital number 40 energy -3.9979944745562017
[ 0.    0.01  0.   -0.   -0.01 -0.   -0.   -0.   -0.    0.    0.   -0.
  0.   -0.   -0.   -0.    0.    0.    0.   -0.    0.01 -0.01 -0.01 -0.
  0.   -0.   -0.01  0.01  0.   -0.   -0.01 -0.    0.    0.    0.    0.01
  0.    0.   -0.    0.52  0.05 -0.47 -0.   -0.52 -0.05  0.47  0.    0.
  0.   -0.   -0.   -0.    0.   -0.   -0.    0.    0.    0.   -0.    0.
  0.    0.   -0.    0.    0.   -0.    0.    0.    0.   -0.   -0.    0.
  0.   -0.   -0.   -0.    0.    0.   -0.   -0.   -0.   -0.    0.    0.
 -0.   -0.   -0.    0.   -0.01 -0.01  0.    0.    0.    0.    0.01  0.01
 -0.   -0.   -0.   -0.  ]
orbital number 41 energy -3.9786689209051302
[ 0.04  0.12  0.04 -0.03 -0.07 -0.03 -0.03 -0.05 -0.01  0.02  0.03 -0.09
  0.02 -0.01 -0.05 -0.02  0.01  0.03  0.01 -0.02  0.05 -0.12 -0.07 -0.04
  0.04 -0.04 -0.07  0.07  0.02 -0.03 -0.05 -0.03  0.02  0.02  0.04  0.06
  0.03  0.01 -0.02  0.21  0.51  0.3  -0.02 -0.21 -0.51 -0.3   0.01  0.02
  0.   -0.   -0.01 -0.    0.09 -0.08 -0.17  0.    0.    0.08 -0.    0.18
  0.    0.   -0.    0.    0.01 -0.    0.01  0.01  0.02 -0.   -0.01  0.01
  0.02 -0.   -0.03 -0.03  0.03  0.01 -0.   -0.01 -0.01 -0.01  0.    0.01
 -0.01 -0.01 -0.01  0.   -0.05 -0.05  0.02  0.02  0.02  0.02  0.09  0.09
 -0.03 -0.03 -0.04 -0.04]
orbital number 42 energy -3.974338502261961
[ 0.01  0.04  0.01 -0.01 -0.02 -0.01 -0.02 -0.03 -0.01  0.01  0.02  0.29
  0.01 -0.01  0.    0.    0.01  0.01  0.01  0.    0.02 -0.03 -0.02 -0.01
  0.01 -0.01 -0.02  0.03  0.01 -0.01 -0.02 -0.01  0.01  0.01  0.01  0.
  0.01  0.01  0.    0.07  0.16  0.09 -0.01 -0.07 -0.16 -0.09  0.01  0.01
  0.   -0.   -0.   -0.   -0.29  0.26  0.55  0.    0.   -0.26 -0.   -0.55
  0.    0.   -0.    0.    0.   -0.    0.    0.    0.01 -0.   -0.    0.
  0.01 -0.   -0.01 -0.01  0.01  0.   -0.   -0.   -0.   -0.01  0.    0.
 -0.   -0.01 -0.    0.   -0.01 -0.01  0.01  0.01 -0.01 -0.01  0.03  0.03
 -0.01 -0.01 -0.01 -0.01]
orbital number 43 energy -3.7317071057957505
[-0.15 -0.29 -0.14  0.01  0.15 -0.    0.04  0.21  0.08 -0.05 -0.13 -0.
 -0.07  0.07  0.16  0.06 -0.05 -0.1  -0.04  0.06  0.06  0.15  0.05 -0.05
 -0.1  -0.06  0.04  0.3   0.11 -0.09 -0.19 -0.08  0.12  0.03 -0.16 -0.34
 -0.15  0.04  0.19  0.05  0.09  0.05  0.08 -0.04 -0.09 -0.04 -0.04 -0.08
 -0.02  0.04 -0.03  0.01  0.01 -0.   -0.01 -0.01 -0.01  0.01  0.01  0.01
  0.02  0.02 -0.01 -0.02  0.02  0.01 -0.01 -0.01  0.09  0.    0.01  0.09
  0.02 -0.04 -0.14 -0.08  0.14  0.07 -0.01 -0.01 -0.    0.05  0.    0.01
  0.05  0.01 -0.05 -0.03  0.17  0.16 -0.09 -0.08 -0.07 -0.07 -0.06 -0.05
 -0.13 -0.13  0.18  0.18]
orbital number 44 energy -3.6124570820897
[ 0.   -0.01  0.01  0.02  0.01  0.02  0.01 -0.13 -0.06  0.02  0.08 -0.
  0.03 -0.05  0.11  0.04 -0.03 -0.07 -0.03  0.04 -0.03 -0.14 -0.05  0.05
  0.09  0.05 -0.05  0.12  0.06 -0.01 -0.07 -0.02  0.05 -0.02  0.02  0.06
  0.02 -0.02 -0.04 -0.03 -0.05 -0.03 -0.18  0.02  0.05  0.02 -0.03  0.22
  0.22 -0.26 -0.01 -0.01  0.   -0.   -0.    0.    0.    0.   -0.01  0.
  0.01  0.01 -0.    0.01  0.01 -0.01 -0.23 -0.06  0.2  -0.12  0.17  0.23
 -0.15 -0.22 -0.22  0.03  0.18  0.26 -0.    0.23  0.06 -0.2   0.12 -0.16
 -0.23  0.15 -0.02  0.02 -0.01 -0.01  0.07  0.06 -0.05 -0.04  0.06  0.05
 -0.06 -0.06 -0.03 -0.02]
orbital number 45 energy -3.605632840129087
[ 0.03  0.05  0.03  0.01 -0.03  0.   -0.02  0.06  0.03 -0.   -0.03  0.
 -0.    0.03 -0.18 -0.07  0.05  0.11  0.05 -0.07 -0.03 -0.15 -0.06  0.05
  0.1   0.05 -0.05  0.05  0.03  0.01 -0.03 -0.    0.03 -0.01  0.04  0.08
  0.04 -0.01 -0.05 -0.03 -0.05 -0.03  0.16  0.02  0.06  0.02  0.06 -0.21
 -0.24  0.27 -0.    0.   -0.    0.    0.01  0.   -0.   -0.    0.   -0.01
  0.    0.   -0.   -0.    0.    0.   -0.24 -0.05  0.19 -0.13  0.16  0.22
 -0.16 -0.22 -0.2   0.05  0.15  0.25 -0.   -0.25 -0.06  0.2  -0.14  0.17
  0.23 -0.17 -0.01 -0.01 -0.03 -0.03 -0.03 -0.03  0.07  0.07  0.06  0.06
 -0.03 -0.03 -0.04 -0.04]
orbital number 46 energy -3.5392378670109683
[ 0.    0.01  0.   -0.   -0.01 -0.   -0.    0.39  0.16 -0.1  -0.25  0.01
 -0.1   0.15 -0.45 -0.18  0.12  0.29  0.13 -0.17  0.    0.03  0.01 -0.01
 -0.02 -0.01  0.01 -0.04 -0.02  0.01  0.03  0.01 -0.02 -0.01 -0.01 -0.01
  0.01  0.01  0.    0.01  0.01  0.01  0.03 -0.   -0.01 -0.   -0.15  0.01
  0.17 -0.14  0.    0.03 -0.01  0.01  0.02 -0.01 -0.01 -0.01  0.03 -0.02
 -0.   -0.    0.   -0.04 -0.    0.03 -0.02  0.    0.01 -0.02  0.01  0.01
 -0.02 -0.02 -0.    0.02 -0.    0.02  0.    0.2  -0.   -0.09  0.15 -0.11
 -0.07  0.17  0.01 -0.08 -0.   -0.   -0.16 -0.16  0.19  0.19 -0.01 -0.01
  0.02  0.02  0.01 -0.01]
orbital number 47 energy -3.533868085876568
[-0.   -0.   -0.02 -0.03 -0.   -0.01  0.   -0.01 -0.    0.01  0.01 -0.
  0.   -0.01  0.08  0.03 -0.02 -0.05 -0.02  0.03  0.03  0.39  0.15 -0.12
 -0.26 -0.12  0.15 -0.38 -0.15  0.1   0.24  0.09 -0.16  0.02 -0.03 -0.07
 -0.03  0.02  0.05  0.08  0.12  0.08 -0.   -0.05 -0.12 -0.05  0.   -0.
 -0.    0.    0.04 -0.    0.   -0.   -0.    0.    0.    0.   -0.    0.
 -0.03 -0.03  0.01  0.   -0.03 -0.   -0.22  0.01  0.11 -0.18  0.12  0.07
 -0.2  -0.2  -0.    0.18 -0.05  0.15  0.01 -0.    0.    0.   -0.    0.
  0.   -0.    0.09  0.    0.    0.02  0.    0.01 -0.03 -0.04 -0.16 -0.16
  0.16  0.17  0.03  0.03]
orbital number 48 energy -3.324167036342176
[-0.28 -0.    0.28  0.43  0.01 -0.42 -0.    0.    0.01  0.01 -0.    0.
 -0.01 -0.   -0.01 -0.    0.    0.    0.   -0.    0.    0.01  0.01 -0.
 -0.01 -0.    0.   -0.01  0.    0.01  0.01 -0.01 -0.01  0.3   0.2   0.
 -0.2  -0.31 -0.    0.    0.    0.    0.   -0.   -0.   -0.   -0.   -0.
  0.   -0.    0.    0.   -0.    0.    0.   -0.   -0.   -0.    0.   -0.
 -0.   -0.    0.   -0.   -0.    0.   -0.    0.    0.   -0.   -0.   -0.
 -0.   -0.    0.    0.01 -0.    0.    0.    0.   -0.   -0.    0.   -0.
  0.    0.    0.   -0.    0.27 -0.27 -0.01  0.    0.    0.   -0.01 -0.
 -0.    0.01 -0.19  0.2 ]
orbital number 49 energy -3.311681192725068
[ 0.03  0.09  0.03 -0.04 -0.06 -0.04 -0.01  0.02  0.35  0.5  -0.02 -0.
 -0.51 -0.32  0.03  0.01 -0.02 -0.02 -0.    0.02  0.01 -0.06 -0.03  0.01
  0.04  0.03 -0.02 -0.02  0.02  0.05  0.01 -0.04 -0.04  0.03 -0.03 -0.08
 -0.01  0.05  0.06 -0.01 -0.01 -0.01  0.01  0.    0.01  0.   -0.01 -0.01
  0.01 -0.    0.    0.    0.   -0.   -0.   -0.   -0.    0.    0.    0.
 -0.   -0.    0.   -0.   -0.    0.   -0.01  0.01  0.   -0.01 -0.   -0.01
 -0.01 -0.01  0.01  0.01 -0.01  0.    0.    0.01 -0.01 -0.01  0.01 -0.
  0.    0.01  0.01 -0.01 -0.03 -0.02 -0.33  0.31 -0.01 -0.02  0.03  0.02
 -0.02  0.04  0.03  0.01]
orbital number 50 energy -3.3028641868411563
[ 0.17 -0.07 -0.21 -0.25  0.05  0.32  0.01 -0.01  0.02  0.05  0.01  0.
 -0.04 -0.04 -0.03 -0.01  0.01  0.02  0.   -0.02 -0.01  0.04  0.02 -0.
 -0.03 -0.02  0.01  0.02 -0.08 -0.14 -0.02  0.13  0.1   0.37  0.29  0.06
 -0.25 -0.43 -0.05  0.01  0.01  0.01 -0.01 -0.   -0.01 -0.    0.01  0.
 -0.    0.   -0.   -0.   -0.    0.    0.    0.    0.   -0.   -0.   -0.
  0.    0.   -0.    0.    0.   -0.    0.   -0.01 -0.01  0.01  0.    0.01
  0.01  0.01 -0.01 -0.02  0.02  0.   -0.   -0.    0.    0.   -0.01 -0.
 -0.   -0.   -0.01  0.   -0.16  0.2  -0.02  0.03  0.01  0.02 -0.02 -0.01
  0.07 -0.1  -0.27  0.24]
orbital number 51 energy -3.299207274675977
[ 0.08  0.07 -0.04 -0.13 -0.05  0.06 -0.01  0.03 -0.03 -0.07 -0.02 -0.
  0.06  0.06  0.03  0.01 -0.01 -0.02 -0.    0.02  0.01 -0.05 -0.03  0.
  0.03  0.02 -0.01 -0.01  0.31  0.48  0.01 -0.48 -0.33  0.16  0.06 -0.08
 -0.11 -0.09  0.05 -0.01 -0.01 -0.01  0.01  0.    0.01  0.   -0.01 -0.01
  0.01 -0.    0.    0.    0.   -0.   -0.   -0.   -0.    0.    0.    0.
 -0.   -0.    0.   -0.   -0.    0.    0.    0.01  0.   -0.01 -0.   -0.01
 -0.   -0.    0.01  0.01 -0.01 -0.    0.    0.01 -0.01 -0.    0.01  0.
  0.01  0.01  0.01 -0.01 -0.08  0.04  0.03 -0.05 -0.01 -0.02  0.03  0.01
 -0.3   0.31 -0.05  0.1 ]
orbital number 52 energy -3.2805117301690667
[-0.12 -0.35 -0.08  0.21  0.24  0.14  0.05 -0.12  0.01  0.12  0.07  0.
 -0.08 -0.12 -0.15 -0.04  0.07  0.1   0.   -0.09 -0.06  0.23  0.14 -0.
 -0.15 -0.12  0.06  0.09  0.14  0.12 -0.06 -0.15 -0.04 -0.23  0.08  0.36
  0.15 -0.12 -0.25  0.03  0.04  0.03 -0.06 -0.02 -0.04 -0.02  0.06  0.04
 -0.04  0.   -0.02 -0.02 -0.    0.    0.    0.01  0.01 -0.   -0.01 -0.
  0.02  0.02 -0.01  0.02  0.01 -0.02  0.02 -0.04 -0.02  0.06  0.01  0.03
  0.04  0.04 -0.04 -0.06  0.06 -0.   -0.01 -0.02  0.04  0.02 -0.05 -0.
 -0.03 -0.04 -0.05  0.05  0.12  0.08 -0.01  0.12  0.04  0.09 -0.13 -0.06
 -0.13  0.04 -0.07 -0.14]
orbital number 53 energy -3.2409696484288184
[-0.02 -0.04 -0.01  0.02  0.03  0.02  0.01 -0.01 -0.    0.01  0.01  0.
 -0.   -0.01 -0.02  0.07  0.12  0.01 -0.12 -0.09 -0.01  0.03 -0.33 -0.51
 -0.02  0.5   0.35  0.01  0.01  0.   -0.01 -0.    0.   -0.02  0.01  0.04
  0.01 -0.02 -0.03  0.    0.    0.   -0.01 -0.   -0.   -0.    0.01  0.
 -0.    0.   -0.   -0.   -0.    0.    0.    0.    0.   -0.   -0.   -0.
  0.    0.   -0.    0.    0.   -0.    0.   -0.01 -0.    0.01  0.    0.01
  0.01  0.01 -0.01 -0.01  0.01 -0.   -0.   -0.    0.    0.   -0.01 -0.
 -0.   -0.   -0.01  0.    0.01  0.01  0.    0.01 -0.07  0.08  0.31 -0.33
 -0.01 -0.   -0.01 -0.01]
orbital number 54 energy -3.2396157606215934
[-0.01 -0.03 -0.01  0.02  0.02  0.02  0.01 -0.02 -0.01  0.    0.01  0.
  0.   -0.01 -0.01 -0.34 -0.5   0.01  0.51  0.33 -0.01  0.02 -0.07 -0.12
 -0.01  0.11  0.09  0.01  0.01  0.   -0.01 -0.    0.   -0.02  0.01  0.04
  0.01 -0.02 -0.03  0.    0.    0.   -0.01 -0.   -0.   -0.    0.01  0.01
 -0.01  0.   -0.   -0.   -0.    0.    0.    0.    0.   -0.   -0.   -0.
  0.    0.   -0.    0.    0.   -0.    0.   -0.01 -0.    0.01  0.    0.
  0.    0.   -0.   -0.01  0.01 -0.   -0.   -0.    0.01  0.   -0.01 -0.
 -0.01 -0.01 -0.01  0.01  0.01  0.01  0.01  0.01  0.32 -0.31  0.06 -0.08
 -0.01 -0.   -0.01 -0.01]
orbital number 55 energy -3.004457628304624
[-0.    0.02 -0.   -0.02 -0.01 -0.02  0.04  0.15  0.03 -0.1  -0.1   0.
 -0.1   0.03 -0.06 -0.03  0.02  0.04  0.01 -0.03  0.02 -0.03 -0.02  0.01
  0.02  0.01 -0.02  0.04  0.01 -0.03 -0.03 -0.03  0.01  0.02 -0.03 -0.06
 -0.03  0.01  0.05 -0.   -0.   -0.   -0.33  0.    0.    0.    0.34  0.23
 -0.22 -0.03  0.03 -0.11 -0.    0.    0.    0.03  0.03 -0.   -0.07 -0.
 -0.02 -0.02  0.01  0.12 -0.01 -0.11  0.01  0.1   0.07 -0.09 -0.04 -0.06
 -0.03 -0.06  0.06  0.09 -0.09 -0.01  0.01  0.01  0.36  0.24 -0.33 -0.16
 -0.24 -0.13  0.08  0.3   0.    0.   -0.03 -0.03  0.02  0.03  0.01  0.01
 -0.01 -0.01  0.02  0.03]
orbital number 56 energy -2.9836100272923844
[ 0.04  0.09  0.04 -0.03 -0.07 -0.04 -0.    0.05  0.02 -0.03 -0.04 -0.
 -0.03  0.02  0.    0.    0.   -0.   -0.   -0.   -0.03  0.04  0.02 -0.01
 -0.03 -0.01  0.02 -0.2  -0.05  0.13  0.14  0.13 -0.06  0.04 -0.02 -0.06
 -0.02  0.04  0.04  0.01  0.01  0.   -0.08 -0.   -0.01 -0.    0.08  0.06
 -0.05 -0.01 -0.1  -0.03  0.   -0.   -0.    0.01  0.01  0.   -0.02  0.
  0.09  0.09 -0.02  0.03  0.05 -0.03 -0.03 -0.36 -0.25  0.32  0.17  0.23
  0.11  0.21 -0.22 -0.32  0.32  0.03 -0.02  0.01  0.09  0.06 -0.08 -0.04
 -0.06 -0.03 -0.29  0.08 -0.03 -0.04 -0.01 -0.02 -0.    0.   -0.02 -0.02
  0.05  0.05  0.02  0.02]
orbital number 57 energy 0.0
[ 0.17  0.    0.17  0.06 -0.17  0.05 -0.5   0.05  0.16  0.01 -0.16  0.
  0.01  0.16  0.05  0.14  0.   -0.14  0.    0.14 -0.5   0.05  0.14  0.
 -0.14  0.01  0.14  0.04  0.13  0.01 -0.13  0.    0.13  0.06  0.14 -0.02
  0.14  0.06 -0.15  0.01 -0.    0.01 -0.01  0.   -0.01  0.    0.01  0.
 -0.01 -0.    0.   -0.    0.    0.   -0.   -0.   -0.    0.    0.   -0.
 -0.   -0.   -0.    0.    0.   -0.    0.02  0.    0.04 -0.   -0.02 -0.
  0.01 -0.01  0.    0.01 -0.01 -0.   -0.    0.02 -0.    0.04 -0.   -0.02
 -0.    0.01  0.01  0.01 -0.09 -0.09 -0.09 -0.09 -0.08 -0.08 -0.08 -0.08
 -0.07 -0.07 -0.08 -0.08]
orbital number 58 energy 0.20733228716143293
[-0.16 -0.07 -0.16  0.03  0.16  0.03 -0.51  0.03  0.17  0.01 -0.17  0.
  0.01  0.17  0.03  0.14  0.01 -0.14  0.01  0.14  0.5  -0.03 -0.14 -0.01
  0.14 -0.01 -0.14 -0.02 -0.13 -0.01  0.13 -0.01 -0.13 -0.04  0.13  0.08
  0.13 -0.04 -0.13 -0.01  0.   -0.01 -0.01 -0.    0.01 -0.    0.01  0.
 -0.01 -0.   -0.   -0.    0.    0.   -0.   -0.   -0.    0.    0.   -0.
  0.    0.    0.    0.   -0.   -0.   -0.02  0.   -0.04  0.    0.02  0.
 -0.01  0.01 -0.   -0.01  0.01  0.    0.    0.03 -0.    0.04 -0.   -0.02
 -0.    0.01 -0.01  0.01  0.09  0.09 -0.09 -0.09 -0.08 -0.08  0.08  0.08
  0.07  0.07 -0.07 -0.07]
orbital number 59 energy 2.658785364327784
[ 0.   -0.01  0.    0.01 -0.01  0.01 -0.01  0.02 -0.01 -0.02  0.02  0.
 -0.02 -0.01 -0.    0.    0.   -0.01  0.    0.    0.    0.   -0.   -0.
  0.   -0.   -0.    0.   -0.   -0.    0.   -0.   -0.    0.01  0.01 -0.01
  0.01  0.01 -0.01 -0.    0.   -0.    0.1  -0.    0.   -0.    0.05  0.16
 -0.17 -0.21 -0.    0.3   0.    0.   -0.    0.2   0.2   0.   -0.49 -0.
  0.    0.    0.   -0.47 -0.    0.3  -0.    0.   -0.   -0.    0.   -0.
  0.   -0.    0.   -0.    0.   -0.    0.   -0.22  0.07  0.15  0.09  0.16
 -0.19  0.14 -0.   -0.05 -0.   -0.    0.    0.   -0.   -0.    0.    0.
  0.    0.   -0.   -0.  ]
orbital number 60 energy 2.6807001093965104
[-0.01  0.01 -0.01 -0.01  0.01 -0.01 -0.   -0.    0.    0.   -0.    0.
  0.    0.   -0.    0.    0.   -0.    0.    0.    0.01  0.   -0.   -0.
  0.01 -0.   -0.   -0.03  0.01  0.02 -0.03  0.03  0.01 -0.01 -0.    0.01
 -0.   -0.01  0.01 -0.    0.   -0.    0.   -0.    0.   -0.    0.    0.
 -0.   -0.    0.49  0.    0.    0.   -0.    0.    0.    0.   -0.   -0.
 -0.31 -0.31 -0.21 -0.    0.51  0.    0.2  -0.07 -0.13 -0.09 -0.14  0.17
 -0.12  0.15 -0.15 -0.03 -0.1   0.19 -0.21 -0.   -0.    0.    0.    0.
 -0.    0.    0.05 -0.    0.    0.   -0.   -0.   -0.   -0.    0.    0.
 -0.   -0.    0.    0.  ]
orbital number 61 energy 2.923640549009896
[ 0.06 -0.14  0.06  0.1  -0.14  0.1   0.02  0.07 -0.04 -0.05  0.08 -0.
 -0.05 -0.04  0.01 -0.01 -0.    0.01 -0.01 -0.01 -0.   -0.    0.    0.
 -0.    0.    0.    0.18 -0.07 -0.14  0.18 -0.14 -0.07  0.1   0.05 -0.12
  0.05  0.1  -0.13  0.   -0.    0.    0.01  0.   -0.    0.   -0.06 -0.
  0.07  0.06 -0.1   0.03 -0.   -0.    0.    0.03 -0.   -0.   -0.03  0.
  0.    0.1  -0.01 -0.03 -0.1   0.    0.13  0.28 -0.44 -0.37  0.21  0.07
 -0.22  0.21 -0.03 -0.17  0.02  0.18  0.1   0.04  0.1  -0.15 -0.13  0.08
  0.02 -0.08  0.03  0.01 -0.02 -0.02  0.01  0.02  0.    0.   -0.   -0.
  0.03  0.03 -0.02 -0.02]
orbital number 62 energy 2.942981280335135
[ 0.01 -0.02  0.01  0.01 -0.02  0.01  0.    0.01 -0.01 -0.01  0.01 -0.
 -0.01 -0.01  0.   -0.   -0.    0.   -0.   -0.    0.    0.   -0.   -0.
  0.   -0.   -0.    0.01 -0.01 -0.01  0.02 -0.01 -0.01  0.01  0.01 -0.02
  0.01  0.01 -0.02 -0.    0.   -0.   -0.   -0.    0.   -0.   -0.01 -0.
  0.01  0.01 -0.01  0.01 -0.   -0.    0.    0.01 -0.   -0.   -0.01  0.
  0.49 -0.48  0.52 -0.01 -0.01 -0.    0.02  0.02 -0.04 -0.03  0.01  0.01
 -0.01  0.02 -0.01 -0.01 -0.01  0.02 -0.5   0.01  0.02 -0.03 -0.03  0.01
  0.01 -0.01  0.    0.   -0.   -0.    0.    0.    0.    0.    0.    0.
  0.    0.   -0.   -0.  ]
orbital number 63 energy 2.9533775101624586
[ 0.   -0.01  0.    0.01 -0.01  0.01 -0.01  0.03 -0.01 -0.03  0.03  0.
 -0.03 -0.01 -0.01  0.01  0.   -0.01  0.    0.01  0.01  0.01 -0.01 -0.
  0.01 -0.   -0.01 -0.02  0.    0.01 -0.02  0.01  0.    0.01  0.01 -0.02
  0.01  0.01 -0.02 -0.    0.   -0.   -0.   -0.    0.   -0.   -0.04 -0.02
  0.06  0.05  0.03  0.49  0.    0.   -0.    0.51 -0.47  0.   -0.04 -0.
 -0.02 -0.   -0.02 -0.04  0.03 -0.45 -0.04 -0.04  0.07  0.06 -0.02 -0.02
  0.03 -0.04  0.02  0.01  0.02 -0.04 -0.    0.05  0.07 -0.12 -0.11  0.05
  0.02 -0.05 -0.01  0.01 -0.    0.    0.    0.   -0.   -0.    0.    0.
 -0.   -0.   -0.   -0.  ]
orbital number 64 energy 2.9616758439426727
[ 0.01 -0.05  0.01  0.04 -0.05  0.04 -0.03  0.12 -0.04 -0.09  0.12  0.
 -0.09 -0.04 -0.02  0.02  0.01 -0.03  0.01  0.02  0.04  0.03 -0.02 -0.01
  0.03 -0.01 -0.02 -0.03  0.    0.03 -0.03  0.03  0.    0.05  0.04 -0.07
  0.04  0.05 -0.08 -0.01  0.01 -0.01 -0.08 -0.    0.01 -0.   -0.1  -0.12
  0.21  0.21  0.09 -0.05  0.    0.   -0.   -0.07  0.22  0.   -0.17 -0.
 -0.06 -0.03 -0.05 -0.16  0.09  0.22 -0.11 -0.08  0.18  0.17 -0.04 -0.07
  0.06 -0.1   0.09  0.02  0.08 -0.12 -0.03  0.2   0.24 -0.42 -0.38  0.16
  0.11 -0.16 -0.03  0.05 -0.   -0.    0.02  0.02 -0.01 -0.01  0.01  0.01
 -0.   -0.   -0.02 -0.02]
orbital number 65 energy 2.9970227165114913
[-0.04  0.1  -0.04 -0.07  0.1  -0.07 -0.03 -0.02  0.02  0.01 -0.03  0.
  0.01  0.02 -0.02  0.02  0.01 -0.02  0.01  0.02 -0.01 -0.01  0.    0.
 -0.01  0.    0.   -0.1   0.05  0.07 -0.11  0.08  0.04 -0.07 -0.03  0.09
 -0.03 -0.07  0.09  0.   -0.    0.   -0.14  0.   -0.    0.    0.05 -0.14
  0.07  0.11 -0.2   0.06  0.    0.   -0.    0.05  0.05  0.   -0.1  -0.
  0.09  0.12  0.08 -0.1  -0.2   0.05  0.27 -0.14 -0.09 -0.1  -0.19  0.22
  0.14  0.09 -0.4   0.22 -0.39  0.23  0.11  0.12  0.01 -0.12 -0.12 -0.02
  0.09  0.01  0.08  0.03  0.02  0.02 -0.01 -0.01 -0.01 -0.01 -0.   -0.
 -0.02 -0.02  0.01  0.01]
orbital number 66 energy 3.0286549959541462
[-0.01  0.07 -0.01 -0.06  0.06 -0.06  0.02 -0.12  0.05  0.09 -0.12 -0.
  0.09  0.05  0.02 -0.01 -0.01  0.02 -0.01 -0.01 -0.05 -0.04  0.03  0.02
 -0.05  0.02  0.03  0.05 -0.01 -0.05  0.05 -0.05 -0.01 -0.06 -0.05  0.09
 -0.05 -0.06  0.1   0.01 -0.02  0.01 -0.4   0.01 -0.02  0.01  0.28 -0.39
  0.03  0.17  0.05  0.1  -0.   -0.    0.    0.1   0.06 -0.   -0.17  0.
 -0.02 -0.03 -0.02 -0.17  0.05  0.07 -0.07  0.12 -0.06 -0.05  0.13 -0.07
 -0.11  0.01  0.16 -0.13  0.17 -0.05 -0.03  0.2  -0.21  0.03  0.02 -0.24
  0.19  0.21 -0.02  0.06  0.    0.   -0.02 -0.02  0.01  0.01 -0.01 -0.01
  0.    0.    0.02  0.02]
orbital number 67 energy 3.122958821387873
[ 0.09 -0.28  0.09  0.22 -0.28  0.22  0.11  0.01 -0.04  0.02  0.03 -0.
  0.02 -0.04  0.09 -0.07 -0.05  0.11 -0.05 -0.07  0.12  0.13 -0.09 -0.07
  0.15 -0.07 -0.09  0.   -0.04  0.02  0.02  0.02 -0.03  0.22  0.1  -0.28
  0.1   0.22 -0.29 -0.04  0.06 -0.04 -0.17 -0.02  0.06 -0.02  0.16 -0.15
 -0.03  0.02 -0.    0.01 -0.   -0.    0.01  0.01 -0.   -0.   -0.01  0.01
 -0.    0.   -0.   -0.01 -0.   -0.   -0.   -0.12  0.1   0.11 -0.11  0.04
  0.11 -0.03 -0.11  0.12 -0.12  0.01  0.    0.   -0.15  0.12  0.14 -0.15
  0.05  0.15  0.    0.   -0.03 -0.03  0.02  0.02  0.03  0.03  0.04  0.04
  0.01  0.01 -0.04 -0.04]
orbital number 68 energy 3.488664553195431
[ 0.02  0.02  0.01 -0.03  0.01 -0.03 -0.01 -0.03  0.02  0.02 -0.03  0.
  0.01  0.02 -0.02  0.01  0.01 -0.02  0.01  0.01 -0.08  0.28 -0.12 -0.18
  0.3  -0.18 -0.12 -0.17  0.11  0.09 -0.19  0.08  0.11 -0.04 -0.03  0.07
 -0.03 -0.04  0.07 -0.23  0.41 -0.23  0.02 -0.18  0.41 -0.19 -0.01  0.02
 -0.   -0.   -0.03  0.    0.    0.   -0.    0.    0.    0.   -0.   -0.
  0.01  0.01  0.01 -0.   -0.02  0.    0.1   0.04 -0.05 -0.14  0.06  0.
 -0.1  -0.01  0.11 -0.1   0.11 -0.02  0.01  0.01  0.01 -0.01 -0.02  0.01
  0.   -0.01  0.03  0.   -0.01 -0.01 -0.01 -0.01 -0.   -0.    0.04  0.04
 -0.04 -0.04  0.01  0.01]
orbital number 69 energy 3.5953696532481807
[-0.01  0.02 -0.01 -0.01  0.02 -0.01 -0.02  0.32 -0.17 -0.17  0.34  0.11
 -0.18 -0.16 -0.32  0.17  0.18 -0.35  0.17  0.18 -0.    0.   -0.   -0.
  0.   -0.    0.   -0.02  0.01  0.01 -0.02  0.01  0.01 -0.    0.    0.
  0.01 -0.01 -0.   -0.    0.   -0.   -0.15 -0.    0.   -0.    0.11 -0.15
  0.04  0.04 -0.   -0.01  0.12  0.1  -0.22 -0.02 -0.03  0.11  0.04 -0.22
  0.    0.    0.    0.04 -0.   -0.01  0.01  0.   -0.   -0.01  0.    0.
 -0.01 -0.    0.01 -0.01  0.01 -0.    0.   -0.16 -0.02  0.04  0.19 -0.06
 -0.02  0.13  0.   -0.04  0.    0.    0.06  0.06 -0.07 -0.07  0.   -0.
 -0.   -0.   -0.   -0.  ]
orbital number 70 energy 3.6388333090503764
[-0.01  0.02 -0.01 -0.01  0.02 -0.01 -0.03  0.14 -0.07 -0.08  0.15 -0.33
 -0.08 -0.07 -0.11  0.07  0.06 -0.12  0.05  0.07  0.    0.   -0.    0.
  0.    0.   -0.   -0.03  0.02  0.02 -0.03  0.02  0.02 -0.    0.01 -0.01
  0.01 -0.01 -0.01  0.   -0.01  0.01 -0.07  0.   -0.01  0.01  0.05 -0.07
  0.02  0.02 -0.   -0.01 -0.34 -0.18  0.52 -0.01 -0.01 -0.19  0.02  0.53
  0.    0.    0.    0.02 -0.   -0.01  0.02 -0.   -0.   -0.02  0.01  0.
 -0.01 -0.01  0.02 -0.01  0.02 -0.01  0.   -0.08  0.    0.02  0.08 -0.02
 -0.01  0.05  0.01 -0.02  0.    0.    0.03  0.03 -0.02 -0.03  0.    0.
 -0.01 -0.01 -0.   -0.  ]
orbital number 71 energy 3.6481256918500184
[-0.    0.   -0.   -0.    0.   -0.   -0.    0.02 -0.01 -0.01  0.02  0.46
 -0.01 -0.01 -0.01  0.01  0.01 -0.01  0.01  0.01  0.    0.   -0.    0.
  0.    0.   -0.   -0.01  0.    0.   -0.01  0.    0.   -0.    0.   -0.
  0.   -0.   -0.    0.   -0.    0.   -0.01  0.   -0.    0.    0.01 -0.01
  0.    0.   -0.   -0.    0.45 -0.54  0.08 -0.   -0.   -0.53  0.    0.08
  0.    0.    0.    0.   -0.   -0.    0.   -0.   -0.   -0.    0.    0.
 -0.   -0.    0.   -0.    0.   -0.    0.   -0.01  0.    0.    0.01 -0.
 -0.    0.01  0.   -0.    0.    0.    0.    0.   -0.   -0.    0.    0.
 -0.   -0.   -0.   -0.  ]
orbital number 72 energy 3.6542847524375963
[-0.    0.   -0.    0.    0.    0.    0.   -0.    0.    0.   -0.    0.
  0.    0.    0.   -0.   -0.    0.   -0.   -0.    0.    0.01 -0.01 -0.
  0.01 -0.   -0.   -0.01  0.01  0.01 -0.01  0.01  0.01  0.    0.   -0.
  0.    0.   -0.   -0.5  -0.01  0.5   0.   -0.5  -0.01  0.5  -0.    0.
 -0.   -0.   -0.    0.    0.    0.   -0.    0.    0.    0.   -0.   -0.
  0.    0.    0.   -0.   -0.    0.    0.01 -0.   -0.   -0.01  0.    0.
 -0.   -0.    0.01 -0.    0.01 -0.    0.    0.   -0.   -0.   -0.    0.
  0.   -0.    0.    0.    0.    0.   -0.   -0.    0.    0.    0.    0.
 -0.   -0.   -0.   -0.  ]
orbital number 73 energy 3.695515598384091
[-0.04  0.02 -0.05  0.03  0.03  0.02 -0.01  0.02 -0.01 -0.01  0.02  0.02
 -0.01 -0.01  0.08 -0.04 -0.04  0.09 -0.05 -0.04  0.11  0.08 -0.08 -0.01
  0.09 -0.02 -0.07 -0.33  0.15  0.2  -0.37  0.2   0.15  0.05  0.06 -0.1
  0.05  0.05 -0.11  0.16 -0.3   0.13 -0.01  0.16 -0.3   0.13  0.01 -0.01
  0.    0.   -0.05 -0.    0.02  0.02 -0.03 -0.   -0.    0.02  0.   -0.04
  0.01  0.01  0.03  0.   -0.04 -0.    0.24 -0.03 -0.03 -0.23  0.04  0.06
 -0.15 -0.08  0.19 -0.12  0.19 -0.07  0.03 -0.01  0.    0.    0.01 -0.
 -0.    0.01  0.07 -0.    0.02  0.02  0.    0.    0.02  0.02  0.03  0.03
 -0.06 -0.06 -0.02 -0.02]
orbital number 74 energy 3.9011475617520253
[ 0.16 -0.17  0.09  0.08 -0.18  0.02  0.14 -0.15  0.02  0.12 -0.16 -0.01
  0.08  0.07 -0.26  0.12  0.15 -0.28  0.16  0.11 -0.06  0.27 -0.14 -0.14
  0.29 -0.13 -0.15  0.05 -0.04 -0.01  0.05 -0.06  0.01 -0.01 -0.15  0.15
 -0.1  -0.05  0.16  0.09 -0.22  0.09  0.1   0.12 -0.22  0.12 -0.01  0.09
 -0.08 -0.08  0.01  0.   -0.01 -0.01  0.02  0.01  0.02 -0.01 -0.02  0.02
 -0.   -0.   -0.01 -0.02  0.01  0.   -0.06  0.03  0.    0.04  0.   -0.03
  0.02  0.03 -0.03  0.01 -0.04  0.03 -0.01  0.15 -0.07 -0.01 -0.11 -0.01
  0.07 -0.04 -0.01  0.03 -0.06 -0.03 -0.01 -0.02 -0.04 -0.04  0.05  0.05
  0.01 -0.    0.05  0.04]
orbital number 75 energy 3.9416614886049226
[ 0.28  0.01 -0.3   0.26  0.01 -0.26 -0.01  0.01 -0.01  0.    0.01  0.
 -0.01  0.01  0.02 -0.01 -0.01  0.02 -0.02 -0.01  0.01 -0.02  0.01  0.01
 -0.02  0.01  0.01 -0.    0.    0.   -0.    0.   -0.    0.37 -0.41 -0.01
  0.42 -0.37 -0.01 -0.01  0.02 -0.01 -0.01 -0.01  0.02 -0.01  0.   -0.01
  0.01  0.01 -0.   -0.    0.    0.   -0.   -0.   -0.    0.    0.   -0.
  0.    0.    0.    0.   -0.   -0.    0.   -0.   -0.   -0.   -0.    0.
 -0.   -0.    0.   -0.    0.   -0.    0.   -0.01  0.    0.    0.01  0.
 -0.01  0.    0.   -0.   -0.1   0.11  0.   -0.    0.    0.   -0.   -0.
 -0.    0.    0.14 -0.15]
orbital number 76 energy 3.943618176784401
[ 0.02 -0.01 -0.01  0.01 -0.01 -0.01  0.01 -0.    0.51 -0.45 -0.   -0.
  0.46 -0.51 -0.02  0.    0.01 -0.02  0.01  0.01 -0.    0.01 -0.01 -0.01
  0.01 -0.01 -0.01  0.   -0.01  0.01  0.   -0.01  0.01  0.   -0.01  0.01
 -0.   -0.01  0.01  0.   -0.01  0.    0.    0.01 -0.01  0.    0.    0.
 -0.01 -0.01  0.    0.   -0.   -0.    0.    0.    0.   -0.   -0.    0.
 -0.   -0.   -0.   -0.    0.    0.   -0.    0.    0.    0.    0.   -0.
  0.    0.   -0.    0.   -0.    0.   -0.    0.   -0.    0.   -0.   -0.
  0.    0.   -0.    0.   -0.01  0.   -0.18  0.18 -0.   -0.    0.    0.
  0.   -0.    0.   -0.  ]
orbital number 77 energy 3.947689878773737
[-0.   -0.01  0.01 -0.   -0.01  0.01  0.01 -0.01  0.01 -0.   -0.01 -0.
  0.02 -0.01 -0.02  0.01  0.01 -0.02  0.01  0.01 -0.    0.01 -0.01 -0.
  0.01 -0.01 -0.    0.    0.51 -0.45  0.    0.45 -0.51  0.01 -0.01  0.01
 -0.   -0.    0.01  0.   -0.01  0.    0.01  0.   -0.01  0.    0.    0.01
 -0.01 -0.01  0.    0.   -0.   -0.    0.    0.    0.   -0.   -0.    0.
 -0.   -0.   -0.   -0.    0.    0.    0.   -0.    0.   -0.   -0.    0.
  0.   -0.01  0.    0.    0.   -0.01 -0.    0.01 -0.01 -0.   -0.01 -0.
  0.01 -0.   -0.    0.    0.   -0.   -0.    0.   -0.   -0.    0.    0.
 -0.18  0.18  0.    0.  ]
orbital number 78 energy 3.956955046367434
[-0.41 -0.    0.42 -0.37 -0.01  0.37  0.01 -0.01  0.01 -0.   -0.01 -0.
  0.01 -0.   -0.01 -0.    0.01 -0.01  0.    0.01  0.    0.01 -0.   -0.
  0.01 -0.   -0.   -0.   -0.01  0.01 -0.   -0.01  0.01  0.27 -0.3   0.
  0.29 -0.26 -0.    0.   -0.    0.    0.01  0.   -0.    0.    0.    0.
 -0.01 -0.01 -0.    0.   -0.   -0.    0.    0.    0.   -0.   -0.    0.
  0.    0.    0.   -0.   -0.    0.    0.   -0.   -0.   -0.   -0.    0.
 -0.   -0.    0.    0.    0.   -0.    0.    0.01 -0.   -0.   -0.01 -0.
  0.01 -0.    0.    0.    0.15 -0.15 -0.    0.    0.   -0.    0.    0.
  0.   -0.    0.1  -0.1 ]
orbital number 79 energy 3.9937084028206
[-0.    0.    0.   -0.    0.    0.   -0.    0.    0.   -0.01  0.    0.
 -0.   -0.    0.    0.51 -0.46  0.    0.45 -0.51  0.   -0.    0.   -0.
  0.    0.   -0.01 -0.   -0.    0.   -0.    0.    0.    0.   -0.   -0.
  0.01 -0.   -0.   -0.   -0.    0.   -0.   -0.   -0.    0.   -0.   -0.
  0.01  0.01 -0.   -0.    0.    0.   -0.   -0.   -0.    0.    0.   -0.
  0.    0.    0.    0.   -0.   -0.    0.   -0.   -0.   -0.   -0.    0.
 -0.   -0.    0.    0.    0.   -0.    0.   -0.01  0.    0.    0.01  0.
 -0.    0.    0.   -0.    0.   -0.   -0.    0.   -0.18  0.18 -0.    0.
  0.   -0.    0.   -0.  ]
orbital number 80 energy 3.9963422737812584
[-0.   -0.    0.   -0.   -0.    0.    0.   -0.    0.    0.   -0.   -0.
  0.   -0.   -0.    0.01 -0.   -0.    0.01 -0.   -0.    0.   -0.51  0.46
 -0.   -0.46  0.51  0.   -0.    0.    0.   -0.01  0.    0.   -0.    0.
 -0.    0.   -0.    0.    0.   -0.    0.    0.    0.   -0.    0.    0.
 -0.   -0.    0.    0.   -0.   -0.    0.    0.    0.   -0.   -0.    0.
 -0.   -0.   -0.   -0.    0.    0.   -0.    0.    0.    0.    0.   -0.
  0.    0.   -0.   -0.   -0.    0.   -0.    0.   -0.   -0.   -0.   -0.
  0.   -0.   -0.    0.    0.   -0.   -0.    0.   -0.    0.    0.18 -0.18
  0.   -0.    0.    0.  ]
orbital number 81 energy 4.049038039985189
[-0.02 -0.04 -0.03  0.07 -0.05  0.06  0.15 -0.06 -0.02  0.07 -0.07 -0.01
  0.07 -0.02 -0.19  0.07  0.11 -0.2   0.12  0.06  0.15 -0.24  0.1   0.13
 -0.25  0.13  0.1  -0.03 -0.03  0.06 -0.04  0.04 -0.01  0.07  0.02 -0.09
  0.    0.08 -0.1  -0.05  0.12 -0.04  0.19 -0.07  0.13 -0.07  0.1   0.11
 -0.23 -0.24 -0.01  0.   -0.   -0.01  0.01  0.01  0.01 -0.   -0.01  0.01
  0.    0.    0.01 -0.01 -0.01  0.    0.2  -0.12 -0.03 -0.14 -0.03  0.16
  0.   -0.17  0.08  0.07  0.13 -0.17  0.01  0.28 -0.16 -0.05 -0.19 -0.04
  0.22  0.01  0.02  0.02  0.01  0.01  0.01  0.01 -0.03 -0.02 -0.04 -0.03
  0.01  0.   -0.   -0.  ]
orbital number 82 energy 4.136980188747659
[ 0.06 -0.1   0.06  0.03 -0.1   0.03  0.04 -0.11  0.06  0.04 -0.12 -0.
  0.05  0.06 -0.04  0.01  0.03 -0.04  0.02  0.01  0.01 -0.01  0.    0.01
 -0.01  0.    0.01  0.11 -0.08 -0.03  0.12 -0.04 -0.07 -0.02 -0.06  0.09
 -0.06 -0.02  0.09 -0.    0.01 -0.   -0.16 -0.    0.01 -0.   -0.18 -0.04
  0.24  0.27  0.02  0.   -0.   -0.    0.    0.01  0.01 -0.   -0.01  0.
 -0.   -0.   -0.01 -0.02  0.01  0.    0.26 -0.15 -0.11 -0.18 -0.03  0.29
  0.09 -0.29  0.05  0.23  0.19 -0.34 -0.01 -0.21  0.12  0.09  0.14  0.03
 -0.23 -0.08 -0.03  0.03 -0.02 -0.02 -0.02 -0.02 -0.   -0.01 -0.   -0.
  0.03  0.02  0.02  0.02]
orbital number 83 energy 4.216637743528808
[ 0.02  0.06  0.02 -0.08  0.08 -0.08 -0.2   0.19 -0.06 -0.12  0.21  0.
 -0.12 -0.06  0.17 -0.05 -0.11  0.19 -0.11 -0.05 -0.17  0.17 -0.06 -0.1
  0.18 -0.1  -0.06  0.15 -0.05 -0.09  0.17 -0.1  -0.05 -0.08  0.02  0.06
  0.02 -0.08  0.08  0.02 -0.06  0.02  0.11  0.04 -0.07  0.04  0.22 -0.03
 -0.19 -0.25  0.04  0.    0.    0.   -0.01 -0.03 -0.03  0.    0.03 -0.01
  0.    0.   -0.03  0.05  0.02 -0.    0.1  -0.04 -0.11 -0.08  0.01  0.19
  0.12 -0.18 -0.03  0.22  0.1  -0.25 -0.03  0.1  -0.05 -0.11 -0.08 -0.
  0.2   0.12 -0.07 -0.07 -0.01 -0.01  0.02  0.02  0.02  0.02  0.02  0.02
  0.02  0.02 -0.01 -0.01]
orbital number 84 energy 4.529726379750581
[-0.15  0.29 -0.15 -0.1   0.29 -0.1   0.16 -0.02 -0.04  0.06 -0.05 -0.
  0.06 -0.04 -0.08  0.01  0.06 -0.1   0.07  0.01 -0.18  0.1  -0.02 -0.08
  0.12 -0.08 -0.02  0.    0.05 -0.06  0.03 -0.06  0.05  0.09  0.16 -0.28
  0.16  0.09 -0.28  0.   -0.03  0.   -0.    0.02 -0.03  0.02 -0.2   0.13
  0.03  0.14  0.07 -0.02 -0.   -0.    0.    0.06  0.07 -0.   -0.03  0.
  0.01  0.01 -0.05 -0.09  0.03 -0.02 -0.1   0.16 -0.13 -0.01  0.11  0.02
  0.13 -0.02 -0.12  0.19  0.   -0.13 -0.05  0.1  -0.16  0.14  0.01 -0.11
 -0.03 -0.13 -0.12  0.13  0.05  0.05  0.01  0.01 -0.   -0.    0.01  0.01
 -0.02 -0.02 -0.05 -0.05]
orbital number 85 energy 4.674505000337287
[ 0.04 -0.03  0.04 -0.01 -0.02 -0.01 -0.13  0.18 -0.09 -0.06  0.18  0.
 -0.06 -0.09  0.06 -0.   -0.05  0.07 -0.05 -0.   -0.03  0.02 -0.   -0.01
  0.02 -0.01 -0.    0.12 -0.08 -0.02  0.1  -0.02 -0.08 -0.05 -0.01  0.06
 -0.01 -0.05  0.08  0.   -0.    0.    0.02  0.   -0.    0.   -0.29  0.22
 -0.02  0.18 -0.09 -0.04  0.    0.   -0.    0.12  0.12  0.   -0.04 -0.
 -0.02 -0.02  0.07 -0.16 -0.02 -0.04  0.14 -0.23  0.14  0.02 -0.16  0.03
 -0.14 -0.02  0.15 -0.19  0.01  0.12  0.07  0.2  -0.34  0.21  0.02 -0.23
  0.04 -0.2   0.15  0.22 -0.01 -0.01  0.03  0.03  0.    0.    0.    0.
  0.02  0.02  0.    0.  ]
orbital number 86 energy 4.729558119237888
[-0.07  0.18 -0.08 -0.08  0.19 -0.08  0.14 -0.12  0.04  0.06 -0.13 -0.
  0.06  0.04 -0.06  0.    0.05 -0.08  0.05  0.   -0.19  0.08 -0.01 -0.07
  0.11 -0.07 -0.    0.2  -0.1  -0.07  0.21 -0.07 -0.1   0.06  0.09 -0.17
  0.09  0.06 -0.17  0.   -0.02  0.   -0.01  0.02 -0.02  0.02  0.13 -0.1
  0.02 -0.08 -0.12  0.02 -0.   -0.    0.   -0.06 -0.06 -0.    0.02  0.
 -0.04 -0.04  0.1   0.08 -0.02  0.02  0.18 -0.31  0.18  0.03 -0.22  0.06
 -0.17 -0.04  0.19 -0.24  0.02  0.14  0.1  -0.1   0.16 -0.09 -0.01  0.12
 -0.03  0.09  0.2  -0.1   0.02  0.02 -0.01 -0.01 -0.    0.    0.    0.
  0.03  0.03 -0.03 -0.03]
orbital number 87 energy 5.470711637755468
[ 0.    0.    0.   -0.01  0.01 -0.01  0.    0.   -0.    0.   -0.   -0.
  0.   -0.   -0.   -0.    0.   -0.    0.   -0.   -0.02  0.    0.   -0.01
  0.01 -0.01  0.    0.05 -0.04  0.01  0.02  0.01 -0.04 -0.    0.   -0.01
  0.   -0.   -0.   -0.   -0.   -0.   -0.    0.   -0.    0.   -0.    0.
 -0.    0.    0.43  0.01  0.   -0.    0.   -0.01 -0.01  0.   -0.    0.
  0.37  0.37 -0.41  0.01 -0.34  0.01  0.11 -0.12  0.09 -0.08  0.04 -0.05
  0.03 -0.04  0.09 -0.11 -0.08  0.11 -0.41  0.   -0.    0.   -0.    0.
 -0.    0.    0.02  0.   -0.   -0.    0.    0.    0.    0.   -0.   -0.
  0.01  0.01 -0.   -0.  ]
orbital number 88 energy 5.481884805968111
[-0.    0.01 -0.    0.    0.    0.    0.02 -0.05  0.04 -0.01 -0.02 -0.
 -0.01  0.04 -0.   -0.    0.01 -0.01  0.01 -0.   -0.    0.    0.   -0.
  0.   -0.    0.    0.   -0.   -0.    0.   -0.   -0.    0.01 -0.   -0.
 -0.    0.01 -0.01 -0.   -0.   -0.    0.09  0.   -0.    0.    0.13 -0.1
  0.05 -0.13  0.01 -0.36  0.   -0.    0.    0.4   0.41  0.    0.33  0.
  0.01  0.01 -0.01 -0.42 -0.01 -0.36  0.   -0.    0.   -0.    0.   -0.
  0.   -0.    0.   -0.   -0.    0.   -0.01 -0.13  0.14 -0.11  0.09 -0.05
  0.06 -0.04  0.   -0.03  0.    0.   -0.01 -0.01  0.    0.   -0.   -0.
  0.    0.    0.    0.  ]
orbital number 89 energy 6.0956787564756745
[ 0.28 -0.29  0.28 -0.23  0.17 -0.23  0.05  0.08 -0.1   0.1  -0.1  -0.01
  0.1  -0.1   0.03 -0.05  0.05 -0.05  0.05 -0.05  0.06  0.07 -0.09  0.09
 -0.09  0.09 -0.09  0.07 -0.09  0.09 -0.09  0.09 -0.09 -0.23  0.28 -0.28
  0.28 -0.23  0.17  0.06 -0.06  0.06  0.01 -0.07  0.07 -0.07  0.03 -0.04
  0.05 -0.02 -0.01 -0.01  0.   -0.01  0.01  0.01  0.01  0.    0.02 -0.
 -0.01 -0.01  0.01 -0.01  0.01 -0.01  0.03 -0.01  0.04 -0.04  0.06 -0.07
 -0.01  0.05 -0.04  0.03  0.01 -0.02  0.01  0.02 -0.01  0.04 -0.04  0.06
 -0.06 -0.01 -0.03 -0.02 -0.08 -0.08  0.03  0.03  0.01  0.01  0.02  0.02
  0.02  0.02 -0.08 -0.08]
orbital number 90 energy 6.174761062428193
[-0.02  0.03 -0.02  0.01 -0.01  0.01 -0.   -0.02  0.02 -0.02  0.02  0.
 -0.02  0.02 -0.    0.   -0.    0.   -0.    0.   -0.02  0.17 -0.18  0.15
 -0.12  0.15 -0.18 -0.15  0.16 -0.15  0.14 -0.15  0.16  0.02 -0.02  0.02
 -0.02  0.02 -0.02  0.3  -0.29  0.3  -0.   -0.32  0.32 -0.32 -0.01  0.01
 -0.01  0.01  0.01  0.   -0.    0.   -0.   -0.   -0.   -0.   -0.    0.
  0.02  0.02 -0.01  0.   -0.03  0.   -0.07  0.05 -0.1   0.1  -0.14  0.16
  0.03 -0.12  0.1  -0.08 -0.04  0.06 -0.01 -0.01  0.   -0.01  0.01 -0.01
  0.02  0.    0.05  0.    0.01  0.01 -0.01 -0.01 -0.   -0.    0.05  0.05
 -0.05 -0.05  0.01  0.01]
orbital number 91 energy 6.206390033979396
[-0.01  0.01 -0.01  0.01 -0.01  0.01 -0.01  0.08 -0.08  0.08 -0.07  0.39
  0.08 -0.09 -0.06  0.07 -0.06  0.06 -0.06  0.07  0.   -0.    0.   -0.
  0.   -0.    0.   -0.02  0.02 -0.02  0.01 -0.02  0.02  0.   -0.01  0.01
 -0.01  0.    0.   -0.01  0.01 -0.01  0.02  0.01 -0.01  0.01  0.05 -0.06
  0.07 -0.03  0.   -0.01 -0.38  0.39 -0.39  0.01  0.01 -0.38  0.01  0.38
  0.    0.   -0.   -0.01 -0.   -0.01 -0.01  0.01 -0.01  0.01 -0.02  0.02
  0.   -0.02  0.01 -0.01 -0.01  0.01 -0.    0.04 -0.03  0.06 -0.05  0.07
 -0.08 -0.02  0.01 -0.02  0.    0.    0.02  0.02 -0.02 -0.02 -0.   -0.
 -0.   -0.    0.    0.  ]
orbital number 92 energy 6.219002682797422
[-0.03  0.02 -0.03  0.04 -0.05  0.04 -0.06  0.24 -0.24  0.22 -0.19 -0.13
  0.22 -0.24 -0.1   0.12 -0.13  0.13 -0.13  0.12  0.03 -0.02  0.01 -0.
 -0.01 -0.    0.01 -0.11  0.11 -0.1   0.08 -0.09  0.11 -0.01 -0.01  0.02
 -0.01 -0.01  0.02 -0.08  0.08 -0.08  0.08  0.08 -0.08  0.08  0.14 -0.17
  0.21 -0.1   0.01 -0.03  0.12 -0.13  0.13  0.02  0.02  0.12  0.04 -0.12
  0.01  0.01 -0.01 -0.02 -0.02 -0.03 -0.06  0.05 -0.09  0.08 -0.1   0.13
  0.03 -0.1   0.08 -0.07 -0.04  0.05 -0.01  0.12 -0.11  0.17 -0.15  0.2
 -0.26 -0.07  0.03 -0.06  0.01  0.01  0.07  0.07 -0.03 -0.03 -0.   -0.
 -0.03 -0.03  0.    0.  ]
orbital number 93 energy 6.241113092366099
[ 0.09 -0.11  0.09 -0.06  0.03 -0.06  0.03 -0.09  0.08 -0.07  0.06  0.03
 -0.07  0.09  0.09 -0.1   0.1  -0.1   0.1  -0.1   0.09 -0.   -0.02  0.05
 -0.07  0.05 -0.02 -0.2   0.19 -0.16  0.13 -0.16  0.19 -0.09  0.1  -0.11
  0.11 -0.09  0.08 -0.2   0.2  -0.2  -0.03  0.2  -0.2   0.2  -0.06  0.07
 -0.09  0.04  0.01  0.01 -0.03  0.03 -0.03 -0.01 -0.01 -0.03 -0.01  0.03
  0.02  0.02 -0.01  0.01 -0.03  0.01 -0.13  0.12 -0.18  0.15 -0.2   0.26
  0.07 -0.21  0.17 -0.13 -0.08  0.1  -0.01 -0.05  0.05 -0.07  0.06 -0.08
  0.11  0.03  0.06  0.02 -0.02 -0.02 -0.02 -0.02  0.03  0.03  0.01  0.01
 -0.05 -0.05 -0.03 -0.03]
orbital number 94 energy 6.371195171664487
[-0.05  0.04 -0.05  0.05 -0.06  0.05 -0.07 -0.04  0.07 -0.1   0.13  0.02
 -0.1   0.07  0.29 -0.29  0.28 -0.27  0.28 -0.29  0.   -0.05  0.06 -0.06
  0.06 -0.06  0.06 -0.   -0.    0.   -0.    0.    0.   -0.01 -0.01  0.03
 -0.01 -0.01  0.03  0.03 -0.04  0.03  0.14 -0.03  0.03 -0.03  0.17 -0.21
  0.27 -0.15 -0.    0.01 -0.02  0.02 -0.02 -0.   -0.   -0.02 -0.01  0.02
 -0.   -0.    0.    0.    0.    0.01 -0.    0.   -0.    0.   -0.    0.
  0.   -0.    0.   -0.   -0.    0.    0.    0.14 -0.19  0.21 -0.12  0.13
 -0.25 -0.17 -0.    0.02  0.01  0.01 -0.02 -0.02  0.08  0.08 -0.02 -0.02
  0.   -0.    0.    0.  ]
orbital number 95 energy 6.410215484929637
[-0.01  0.03 -0.01 -0.01  0.03 -0.01  0.   -0.04  0.04 -0.05  0.05 -0.
 -0.05  0.04 -0.    0.   -0.    0.   -0.    0.   -0.06  0.27 -0.27  0.27
 -0.28  0.27 -0.28 -0.07  0.1  -0.12  0.15 -0.12  0.1   0.05 -0.05  0.04
 -0.05  0.05 -0.06 -0.13  0.15 -0.13  0.04  0.12 -0.11  0.12  0.05 -0.05
  0.07 -0.04  0.01  0.01  0.   -0.    0.   -0.   -0.    0.   -0.01 -0.
  0.02  0.02 -0.01  0.   -0.03  0.01  0.09 -0.15  0.16 -0.06  0.04 -0.18
 -0.2   0.25 -0.19  0.16  0.16 -0.15 -0.01  0.03 -0.05  0.05 -0.02  0.02
 -0.06 -0.05  0.07  0.02  0.    0.   -0.01 -0.01 -0.   -0.    0.07  0.08
 -0.03 -0.03  0.01  0.01]
orbital number 96 energy 6.458183612497951
[ 0.07 -0.04  0.07 -0.09  0.12 -0.09  0.09 -0.18  0.17 -0.16  0.17 -0.
 -0.16  0.17 -0.15  0.14 -0.13  0.12 -0.13  0.14 -0.05  0.12 -0.11  0.11
 -0.11  0.11 -0.11  0.14 -0.14  0.14 -0.15  0.14 -0.14  0.08 -0.05  0.02
 -0.05  0.08 -0.11 -0.04  0.05 -0.04  0.13  0.04 -0.03  0.04  0.12 -0.14
  0.17 -0.11 -0.02  0.03  0.01 -0.    0.   -0.02 -0.02  0.01 -0.04 -0.01
 -0.04 -0.04  0.02  0.01  0.06  0.03 -0.03  0.08 -0.08 -0.02  0.07  0.08
  0.24 -0.21  0.17 -0.15 -0.18  0.15  0.02  0.05 -0.1   0.09 -0.01 -0.02
 -0.1  -0.17 -0.14  0.09 -0.02 -0.02 -0.05 -0.05 -0.04 -0.04  0.03  0.03
  0.04  0.04  0.01  0.01]
orbital number 97 energy 6.496393078507886
[-0.08  0.1  -0.08  0.06 -0.04  0.06 -0.13  0.18 -0.15  0.14 -0.14  0.
  0.14 -0.16  0.18 -0.16  0.14 -0.13  0.14 -0.16 -0.11  0.18 -0.17  0.15
 -0.15  0.16 -0.17  0.12 -0.11  0.09 -0.08  0.09 -0.11  0.05 -0.08  0.1
 -0.08  0.05 -0.03 -0.05  0.06 -0.05 -0.13  0.04 -0.04  0.04 -0.1   0.11
 -0.14  0.11 -0.02 -0.04 -0.01  0.   -0.    0.02  0.02 -0.01  0.06  0.01
 -0.05 -0.05  0.03 -0.02  0.08 -0.04  0.04 -0.    0.01 -0.09  0.16 -0.01
  0.24 -0.16  0.13 -0.12 -0.17  0.14  0.03 -0.01  0.05 -0.04 -0.03  0.08
  0.04  0.18 -0.18 -0.12  0.02  0.02  0.04  0.04  0.04  0.04  0.05  0.05
  0.03  0.03  0.02  0.02]
orbital number 98 energy 6.576243554372416
[ 0.04 -0.02  0.04 -0.06  0.08 -0.06  0.   -0.05  0.05 -0.06  0.08 -0.
 -0.06  0.05 -0.    0.   -0.    0.   -0.    0.   -0.03  0.04 -0.03  0.03
 -0.03  0.03 -0.03  0.12 -0.13  0.14 -0.17  0.14 -0.13  0.07 -0.06  0.05
 -0.06  0.07 -0.09 -0.01  0.01 -0.01 -0.17  0.01 -0.01  0.01 -0.1   0.09
 -0.11  0.12  0.03 -0.07  0.   -0.    0.    0.04  0.04  0.    0.12 -0.
  0.05  0.05 -0.03 -0.04 -0.09 -0.07 -0.17  0.19 -0.16  0.2  -0.29  0.18
 -0.22  0.06 -0.06  0.07  0.14 -0.1  -0.03  0.14 -0.13  0.11 -0.18  0.27
 -0.13  0.27  0.22 -0.24 -0.01 -0.01 -0.01 -0.01 -0.   -0.    0.01  0.01
  0.03  0.03  0.02  0.02]
orbital number 99 energy 6.587066305144031
[-0.03  0.05 -0.03  0.02 -0.    0.02 -0.07  0.12 -0.11  0.12 -0.14  0.
  0.12 -0.12  0.07 -0.06  0.05 -0.05  0.05 -0.06 -0.07  0.07 -0.06  0.05
 -0.05  0.05 -0.06  0.14 -0.14  0.14 -0.17  0.14 -0.14  0.03 -0.04  0.06
 -0.04  0.03 -0.03 -0.01  0.02 -0.01  0.17  0.01 -0.01  0.01  0.09 -0.09
  0.1  -0.12  0.02  0.07 -0.    0.   -0.   -0.05 -0.05 -0.   -0.12  0.
  0.04  0.04 -0.03  0.04 -0.07  0.07 -0.15  0.17 -0.14  0.17 -0.24  0.15
 -0.17  0.03 -0.04  0.05  0.11 -0.07 -0.03 -0.16  0.15 -0.14  0.2  -0.29
  0.15 -0.26  0.18  0.25  0.01  0.01  0.03  0.03  0.02  0.02  0.02  0.02
  0.04  0.04  0.01  0.01]
orbital number 100 energy 6.703458721047507
[ 0.24 -0.23  0.24 -0.26  0.34 -0.26 -0.1   0.09 -0.07  0.06 -0.06  0.
  0.06 -0.07  0.08 -0.06  0.05 -0.04  0.05 -0.06  0.12 -0.09  0.07 -0.06
  0.06 -0.06  0.07 -0.09  0.08 -0.07  0.07 -0.07  0.08  0.26 -0.23  0.23
 -0.23  0.26 -0.34  0.01 -0.02  0.01  0.01 -0.01  0.01 -0.01  0.   -0.
 -0.   -0.   -0.    0.   -0.    0.   -0.   -0.   -0.   -0.   -0.01  0.
 -0.01 -0.01  0.    0.    0.01  0.    0.03 -0.04  0.03 -0.03  0.04 -0.03
  0.02  0.   -0.   -0.   -0.01  0.01  0.   -0.02  0.03 -0.02  0.02 -0.03
  0.02 -0.01 -0.02  0.02 -0.06 -0.06  0.02  0.02  0.02  0.02 -0.02 -0.02
 -0.02 -0.02  0.06  0.06]
ENERGY0: -381.8373619856644

Orbital occupation numbers:
1: 2.000000
2: 2.000000
3: 2.000000
4: 2.000000
5: 2.000000
6: 2.000000
7: 2.000000
8: 2.000000
9: 2.000000
10: 2.000000
11: 2.000000
12: 2.000000
13: 2.000000
14: 2.000000
15: 2.000000
16: 2.000000
17: 2.000000
18: 2.000000
19: 2.000000
20: 2.000000
21: 2.000000
22: 2.000000
23: 2.000000
24: 2.000000
25: 2.000000
26: 2.000000
27: 2.000000
28: 2.000000
29: 2.000000
30: 2.000000
31: 2.000000
32: 2.000000
33: 2.000000
34: 2.000000
35: 2.000000
36: 2.000000
37: 2.000000
38: 2.000000
39: 2.000000
40: 2.000000
41: 2.000000
42: 2.000000
43: 2.000000
44: 2.000000
45: 2.000000
46: 2.000000
47: 2.000000
48: 2.000000
49: 2.000000
50: 2.000000
51: 2.000000
52: 2.000000
53: 2.000000
54: 2.000000
55: 2.000000
56: 2.000000
57: 1.000000
58: 1.000000
59: -0.000000
60: -0.000000
61: 0.000000
62: 0.000000
63: -0.000000
64: 0.000000
65: 0.000000
66: 0.000000
67: 0.000000
68: -0.000000
69: -0.000000
70: -0.000000
71: -0.000000
72: -0.000000
73: -0.000000
74: 0.000000
75: 0.000000
76: -0.000000
77: 0.000000
78: 0.000000
79: 0.000000
80: 0.000000
81: -0.000000
82: 0.000000
83: -0.000000
84: 0.000000
85: -0.000000
86: -0.000000
87: -0.000000
88: 0.000000
89: 0.000000
90: -0.000000
91: -0.000000
92: -0.000000
93: -0.000000
94: 0.000000
95: -0.000000
96: -0.000000
97: -0.000000
98: 0.000000
99: -0.000000
100: 0.000000

------------------------
Starting ExROPPP calculation for diradical in rotated basis
------------------------

Fock matrix in rotated MO basis: [[-8.07345201e+00 -1.26511646e-15  1.14983155e-15 ...  4.46655907e-15
   4.48846907e-15  2.18775681e-16]
 [-1.26512492e-15 -8.00197516e+00 -5.01076623e-16 ...  3.26483340e-15
   5.73796067e-16 -8.37833698e-16]
 [ 1.14870913e-15 -5.00611338e-16 -4.35681176e+00 ...  1.42070464e-15
  -8.48367731e-16  6.30732342e-16]
 ...
 [ 4.70031204e-15  1.57232611e-15  1.63883191e-15 ...  1.01888224e+01
   4.97128431e-15  5.73275642e-15]
 [ 4.79546601e-15  9.28432321e-16 -8.46128611e-16 ...  3.74592730e-15
   1.01996451e+01 -4.54266452e-15]
 [ 2.16605484e-16 -9.64794428e-16  5.48982631e-16 ...  6.10334186e-15
  -5.06296122e-15  1.03160375e+01]]
Dimensions of CI matrix: (28816, 28816)
Checking that the Hamiltonian is symmetric (a value of zero means matrix is symmetric) ... 
Frobenius norm of matrix - matrix transpose = 0.000000.

