                    ---------------------------------
                    | Radical ExROPPP Calculation |
                    ---------------------------------

Molecule: DD-CDR_newer.xyz radical

--------------------------------
Cartesian Coordinates / Angstrom
--------------------------------

Cl    -3.310568   -2.486730   -3.548580
C     -2.729375   -1.919853   -2.013739
C     -3.357125   -1.019176   -1.218733
C     -2.691401   -0.630357   -0.104493
Cl    -3.347913    0.404203    1.124090
C     -1.486040   -1.131384    0.184479
H     -1.041027   -0.760610    1.099225
C     -0.840878   -2.007150   -0.605320
C     -1.510624   -2.368302   -1.711297
H     -1.104670   -3.084906   -2.413178
C      4.076494   -4.154475    0.622551
C      4.395922   -5.395039    0.140884
C      3.468336   -6.381020    0.024566
Cl     1.842800   -6.312439    0.634018
C      3.786591   -7.571905   -0.486452
C      5.025784   -7.897294   -0.882246
C      9.587852   -1.225304    5.001043
C      5.942150   -6.928641   -0.733283
C      5.655182   -5.713400   -0.258230
Cl     6.984904   -4.601942   -0.372415
C      4.951686   -3.474031    1.418724
C      5.676569   -4.095598    2.383950
Cl     5.496044   -5.756171    2.855098
C      6.523415   -3.407158    3.152467
C      6.704466   -2.085671    3.042975
H    -12.973916   -8.639795   -3.650586
C      5.984258   -1.483749    2.089987
C      5.137821   -2.135068    1.291253
Cl     4.466236   -1.143529    0.034441
C     -4.598164   -0.543368   -1.523262
C     -4.919055    0.775729   -1.367295
C     -4.032505    1.771490   -1.627675
Cl    -2.450115    1.557448   -2.307635
C     -4.386064    3.053540   -1.501513
C     -5.610237    3.445811   -1.128135
H     10.810434  -13.817490   -2.736488
C     -6.467499    2.457077   -0.856465
C     -6.156076    1.165533   -0.961118
Cl    -7.416731    0.117234   -0.388388
C     -5.534147   -1.407344   -2.001417
C     -6.304422   -1.099368   -3.072130
Cl    -6.117694    0.328857   -4.039916
C     -7.217015   -1.960931   -3.526080
C     -7.470087   -3.139747   -2.935108
C      9.996025  -13.117603   -2.566085
C     -6.703502   -3.424535   -1.870043
C     -5.743612   -2.613206   -1.422266
Cl    -4.947320   -3.174886    0.013374
H      2.984895   -8.300479   -0.502549
H      6.962396   -7.069405   -1.070643
H      7.013468   -3.952699    3.952242
H      6.137505   -0.429314    1.885121
H     -3.655492    3.793683   -1.809757
H     -7.785775   -1.625731   -4.384988
H     -6.805029   -4.362409   -1.336932
H     -7.449186    2.691606   -0.458764
C      1.133197   -3.180856   -1.203349
C      2.331312   -3.698898   -0.927363
C      2.871117   -3.590371    0.311839
C      2.142781   -2.896095    1.223427
C      0.954904   -2.374986    0.903383
C      0.391620   -2.508205   -0.307937
H      0.815065   -3.294131   -2.231636
Cl     3.141326   -4.363184   -2.312766
Cl     2.534682   -2.736900    2.907788
H      0.431677   -1.888149    1.716611
C     -5.098270    5.697510   -0.563602
C     -5.966420    4.755400   -1.032978
C     -7.210130    5.178933   -1.405734
C      4.957084  -14.333075   -3.710513
C     -7.533582    6.472717   -1.312653
H     -8.518070    6.805413   -1.637241
C     -6.683438    7.382324   -0.857969
H      6.119586  -13.776942   -7.231804
C     -5.480887    6.976076   -0.474540
H     -4.795308    7.715383   -0.064233
C      5.905862  -13.418935   -3.947051
N      6.438803  -12.699414   -2.936922
C      6.307184  -13.232269   -5.212196
C      4.423897  -15.041739   -4.707899
H      4.609427  -14.503389   -2.693772
H      3.652387  -15.778762   -4.499240
C      5.779774  -13.940415   -6.211903
H      4.403579  -15.423494   -6.774160
C      4.836039  -14.846525   -5.960239
C    -11.930762   -8.347030   -8.094080
H     11.268688  -11.660344   -1.742255
C      7.249092   -0.154487    4.311759
H      7.835996    1.474960    5.499767
C      8.018374  -11.408864   -2.136056
H    -12.848398   -9.502086   -1.387377
H      3.315749   -9.704330   -1.840771
H     10.561203   -1.637563    5.261060
C      8.103561    0.494547    5.109412
C      9.268897   -0.025935    5.468486
C      8.747919  -13.458008   -2.905424
H      7.449264   -8.984302   -1.134095
N    -11.306956   -6.614142   -4.500157
H      9.465126  -10.088070   -1.340863
H      3.843418  -11.794648   -2.742442
C      8.762409   -1.926253    4.216306
H      8.546004  -14.429625   -3.350417
C      7.559906   -1.398989    3.846257
C    -12.372416   -6.658359   -6.579674
C    -10.874902   -8.319374   -6.041649
H    -12.906132   -5.743899   -6.329520
H    -10.172532   -8.777399   -5.347939
H    -11.245173   -8.595568    0.181045
C    -11.078599   -8.893533   -7.227969
H    -12.096582   -8.812600   -9.062573
H    -13.271430   -6.777757   -8.474743
H    -10.547849   -9.806297   -7.487787
H      7.074796  -12.494382   -5.436908
C    -11.519618   -7.195428   -5.699060
C      9.258131  -11.053341   -1.795753
C     10.249791  -11.922790   -2.016221
C     -8.975743   -3.873171   -4.619607
C     -8.436609   -3.985987   -3.380408
C     -8.923397   -4.979979   -2.601407
C     -9.914630   -4.709137   -5.074443
C    -10.369407   -5.671805   -4.279706
C     -9.886776   -5.781356   -3.054185
C    -11.424706   -7.248624   -3.316658
C    -10.550369   -6.755015   -2.447811
C    -10.463500   -7.219526   -1.200435
C    -11.290253   -8.203602   -0.832118
C    -12.250386   -8.230930   -2.949135
C    -12.178637   -8.704898   -1.700376
H     -8.638892   -3.130061   -5.332111
C    -12.577290   -7.227614   -7.769293
H     -8.606739   -5.128400   -1.576370
H    -10.301565   -4.596001   -6.084363
H     -9.750484   -6.806964   -0.491173
C      4.366748   -9.966165   -1.844342
C      5.328473   -9.118676   -1.400003
C      6.605610   -9.556349   -1.500387
C      4.647028  -11.158748   -2.378699
C      5.912213  -11.555112   -2.458175
C      6.868297  -10.762657   -2.004338
C      7.758296  -12.589468   -2.685971

There are 100 heavy atoms.
There are 114 electrons in 100 orbitals.


Carbon 1e params: A = -22.717075 b = 1.705616

Nitrogen 1e params: alphan2 = -17.681338 Acn2 = -24.737202 bcn2 = 1.433639

Chlorine 1e params: alphacl = -10.335674 Accl = -26.021937 bccl=1.451861
C-N2 bond
C-N2 bond
C-N2 bond
C-N2 bond
C-N2 bond
C-N2 bond
C-Cl bond
C-Cl bond
C-Cl bond
C-Cl bond
C-Cl bond
C-Cl bond
C-Cl bond
C-Cl bond
C-Cl bond
C-Cl bond
C-Cl bond
C-Cl bond
N2 atom 87
N2 atom 88
Cl atom 89
Cl atom 90
Cl atom 91
Cl atom 92
Cl atom 93
Cl atom 94
Cl atom 95
Cl atom 96
Cl atom 97
Cl atom 98
Cl atom 99
Cl atom 100

Carbon 2e params: U = 8.420838 r0 = 1.173157

Nitrogen 2e params: Un2n2 = 17.979843 r0n2n2 = 1.111791

Chlorine 2e params: Uclcl= 9.642991 r0clcl = 2.253316

Mixed 2e params: Ucn2 = 13.200341 Uccl = 9.031915 Un2cl = 13.811417 r0cn2 =1.142474 r0ccl = 1.713237 r0n2cl = 1.682554
[8.42083845 3.90683541 2.84091862 2.58689065 2.79807315 3.94126305
 1.12181871 1.05225935 1.08836963 0.99455284 0.89566476 0.6429595
 0.87666188 0.93711303 1.01545374 0.90580626 0.83195722 0.83169767
 0.91348088 1.01749703 2.78639873 2.09936832 1.93448908 1.53395562
 1.34823283 1.40240463 1.67359536 2.45476968 1.97943775 1.67186351
 1.60522319 0.54481099 1.82099817 2.28565602 1.85821163 1.486376
 1.32369287 1.39069768 1.67597586 2.06749604 1.06441718 1.14122871
 1.03015518 0.62242424 0.90892158 0.87064676 0.93099018 0.62991778
 0.61740276 0.60388336 0.59918499 0.59289823 0.70877234 0.7530391
 0.63690536 0.68789883 0.63984917 0.56541683 0.69350119 0.75842747
 0.7689428  0.80398812 0.74632935 0.81865795 0.60811352 0.56259429
 1.20218261 1.33592862 1.2185998  1.04359516 0.98975601 1.05408605
 0.86246678 0.95188413 0.93338333 0.83309072 0.7819257  0.77117232
 0.71825594 0.82996478 0.82353836 0.74588202 0.75985247 0.69946735
 0.69455395 0.61172844 0.98416585 1.34271539 4.4857137  2.73066035
 1.80259042 1.29772891 1.2881129  1.67558986 2.96769003 2.18669868
 2.47316931 3.11372409 1.91528473 1.72587526]
FCIDUMP file in AO basis written to FCIDUMP/FCIDUMP_AO_DD-CDR_newer


-------------------------------------
Restricted Open-shell PPP Calculation
-------------------------------------

Starting SCF cycle...

Iter   Energy        Dens Change      Energy Change
-----------------------------------------------------
0 -366.4056131436326 0.36004479775660236 -366.4056131436326
1 -407.25906770279664 0.06043789538379096 -40.85345455916405
2 -416.9783039303302 0.013954556993184264 -9.719236227533543
3 -419.70469967230633 0.0035835909058701265 -2.726395741976148
4 -420.445540338668 0.0016473172922552015 -0.7408406663616915
5 -420.66898378200165 0.0008221722584322855 -0.22344344333362187
6 -420.7378889542815 0.0004225994618074491 -0.06890517227986948
7 -420.7596749110842 0.00021629249117594007 -0.02178595680265971
8 -420.76680835655014 0.00011049078080516139 -0.007133445465967725
9 -420.7691753043825 5.6385703269379306e-05 -0.002366947832342703
10 -420.76999295559045 2.8760718139508867e-05 -0.0008176512079671738
11 -420.77028283589425 1.466627671375953e-05 -0.0002898803037965081
12 -420.77039069794625 7.477941804223676e-06 -0.00010786205200474797
13 -420.7704325655077 3.81251577230568e-06 -4.186756143553794e-05
14 -420.770449697437 1.9436649492110547e-06 -1.7131929325842066e-05
15 -420.7704570391154 9.908737427233305e-07 -7.341678383454564e-06
16 -420.77046032722166 5.051338257677784e-07 -3.288106256604806e-06
17 -420.7704618520586 2.5750668919410913e-07 -1.52483693227623e-06
18 -420.7704625791477 1.3127029185877603e-07 -7.270891160260362e-07
19 -420.7704629328706 6.691781417877962e-08 -3.537228963068628e-07
20 -420.77046310746596 3.411265825370435e-08 -1.7459535683883587e-07
21 -420.77046319450415 1.7389568007786238e-08 -8.703818821231835e-08
22 -420.77046323819627 8.864660006047131e-09 -4.369212547317147e-08
23 -420.770463260227 4.518934670905139e-09 -2.20307470044645e-08
24 -420.77046327137185 2.303620405541551e-09 -1.1144834388687741e-08
25 -420.7704632770209 1.1743210848180752e-09 -5.64904212296824e-09
26 -420.7704632798877 5.986380280376125e-10 -2.8667841434071306e-09
27 -420.77046328134634 3.0517122162621035e-10 -1.4586589713871945e-09
28 -420.770463282087 1.555681139464582e-10 -7.406697477563284e-10
29 -420.7704632824674 7.930611722883896e-11 -3.8039615901652724e-10
30 -420.7704632826578 4.042899348633e-11 -1.9036860976484604e-10
31 -420.7704632827527 2.0609625117629093e-11 -9.492850949754938e-11
32 -420.7704632828053 1.0506262526632781e-11 -5.2580162446247414e-11
33 -420.77046328283006 5.356937116118843e-12 -2.4783730623312294e-11
34 -420.77046328284393 2.730260462158185e-12 -1.3869794202037156e-11
35 -420.7704632828493 1.3913314944602462e-12 -5.343281372915953e-12
36 -420.77046328285326 7.098766019453251e-13 -3.979039320256561e-12
37 -420.7704632828538 3.6215475063272606e-13 -5.684341886080801e-13
38 -420.77046328285803 1.8451906669270102e-13 -4.206412995699793e-12
39 -420.77046328285587 9.403589018575076e-14 2.1600499167107046e-12
40 -420.770463282856 4.884981308350689e-14 -1.1368683772161603e-13
41 -420.77046328285576 2.4980018054066022e-14 2.2737367544323206e-13
42 -420.7704632828573 1.2656542480726785e-14 -1.5347723092418164e-12
43 -420.7704632828562 7.105427357601002e-15 1.0800249583553523e-12
44 -420.77046328285803 4.440892098500626e-15 -1.8189894035458565e-12

--------------------------
Converged ROPPP Orbitals
--------------------------

orbital number 1 energy -13.211166443385721
[-0.   -0.   -0.    0.    0.    0.    0.   -0.   -0.   -0.    0.   -0.
 -0.   -0.   -0.   -0.   -0.    0.   -0.   -0.    0.   -0.   -0.    0.
  0.    0.   -0.    0.    0.    0.    0.    0.    0.    0.   -0.   -0.
  0.   -0.   -0.   -0.   -0.   -0.   -0.    0.    0.    0.    0.    0.
  0.    0.    0.   -0.    0.01 -0.    0.   -0.    0.    0.   -0.    0.
  0.09  0.09  0.02  0.36  0.    0.    0.02  0.01  0.03  0.09  0.36  0.11
  0.36  0.11  0.03  0.01  0.09  0.02  0.02 -0.    0.   -0.    0.    0.
  0.    0.    0.    0.74  0.    0.    0.    0.    0.    0.    0.    0.
  0.    0.    0.    0.  ]
orbital number 2 energy -13.199003554642012
[ 0.   -0.    0.    0.    0.    0.   -0.   -0.   -0.   -0.   -0.   -0.
 -0.   -0.    0.    0.   -0.   -0.   -0.    0.   -0.    0.    0.    0.
 -0.    0.    0.    0.    0.    0.   -0.   -0.02  0.    0.   -0.    0.
  0.    0.   -0.   -0.    0.   -0.    0.   -0.09  0.   -0.    0.   -0.36
 -0.09 -0.02 -0.02 -0.01  0.    0.   -0.11 -0.   -0.   -0.09  0.    0.
  0.    0.    0.    0.   -0.03 -0.01  0.    0.    0.    0.    0.    0.
  0.    0.    0.    0.    0.    0.    0.   -0.02 -0.01 -0.03 -0.09 -0.36
 -0.11 -0.36 -0.74  0.   -0.   -0.   -0.   -0.   -0.   -0.   -0.   -0.
 -0.   -0.   -0.   -0.  ]
orbital number 3 energy -8.612573637021583
[ 0.21  0.24  0.2   0.14  0.15  0.14  0.17  0.15  0.12  0.07  0.07  0.01
  0.07  0.12  0.14  0.11  0.06  0.06  0.06  0.11  0.24  0.2   0.15  0.09
  0.08  0.09  0.15  0.22  0.18  0.11  0.11  0.    0.11  0.18  0.11  0.16
  0.18  0.16  0.11  0.14  0.02  0.04  0.02 -0.01  0.01  0.01  0.01 -0.01
 -0.01 -0.   -0.   -0.   -0.    0.01  0.01  0.01  0.01  0.    0.01  0.03
 -0.01 -0.01 -0.01 -0.02  0.    0.    0.03  0.07  0.04  0.02  0.01  0.03
 -0.    0.01  0.01  0.    0.    0.   -0.01  0.02  0.04  0.02  0.01  0.01
  0.02 -0.   -0.01 -0.01  0.16  0.16  0.1   0.09  0.08  0.08  0.12  0.12
  0.14  0.15  0.13  0.12]
orbital number 4 energy -8.553089886404797
[-0.1  -0.14 -0.1  -0.04 -0.01 -0.04  0.24  0.24  0.2   0.13  0.12  0.01
  0.12  0.2   0.22  0.18  0.11  0.1   0.11  0.18 -0.18 -0.16 -0.13 -0.08
 -0.07 -0.08 -0.13 -0.18 -0.16 -0.1  -0.1   0.   -0.1  -0.16  0.09  0.17
  0.21  0.17  0.09  0.06 -0.02 -0.04 -0.02 -0.01 -0.01 -0.01 -0.01 -0.02
 -0.01 -0.01 -0.01 -0.01  0.01  0.03  0.02  0.01  0.01  0.    0.03  0.05
  0.01  0.01  0.01  0.02  0.01  0.   -0.03 -0.06 -0.04 -0.02 -0.01 -0.03
  0.   -0.01 -0.01 -0.   -0.   -0.    0.01  0.04  0.08  0.04  0.03  0.02
  0.03 -0.   -0.01  0.01 -0.09 -0.08  0.16  0.16  0.14  0.14 -0.1  -0.1
 -0.13 -0.13  0.14  0.13]
orbital number 5 energy -8.238644936578627
[-0.2  -0.15 -0.19 -0.16 -0.2  -0.16  0.02  0.13  0.17  0.13  0.14  0.01
  0.12  0.16  0.05  0.05  0.04  0.04  0.04  0.05  0.01  0.02  0.03  0.02
  0.02  0.02  0.03  0.15  0.19  0.15  0.17  0.01  0.15  0.19 -0.15 -0.18
 -0.12 -0.17 -0.15 -0.19  0.01  0.01  0.01 -0.04  0.    0.    0.   -0.06
 -0.04 -0.03 -0.03 -0.02 -0.03  0.01  0.05  0.01  0.01  0.01  0.01  0.02
 -0.05 -0.05 -0.04 -0.07  0.03  0.02  0.08  0.14  0.1   0.06  0.05  0.09
  0.01  0.06  0.04  0.02  0.01  0.01 -0.04  0.07  0.11  0.08  0.05  0.04
  0.08  0.01 -0.02 -0.03 -0.18 -0.17  0.15  0.14  0.05  0.05  0.02  0.02
  0.17  0.18 -0.16 -0.15]
orbital number 6 energy -8.171080415362955
[ 0.04  0.05  0.04  0.02 -0.    0.02 -0.03  0.12  0.18  0.14  0.17 -0.02
  0.14  0.17 -0.12 -0.14 -0.1  -0.11 -0.1  -0.14  0.04  0.16  0.19  0.14
  0.14  0.14  0.19 -0.11 -0.16 -0.13 -0.16  0.02 -0.13 -0.16 -0.05 -0.09
 -0.08 -0.08 -0.05 -0.04  0.05  0.09  0.05 -0.07  0.03  0.02  0.03 -0.1
 -0.07 -0.05 -0.05 -0.04  0.04 -0.04  0.08 -0.02 -0.02  0.02 -0.04 -0.07
  0.07  0.07  0.05  0.1   0.05  0.03 -0.09 -0.15 -0.11 -0.07 -0.07 -0.12
 -0.02 -0.08 -0.05 -0.03 -0.02 -0.02  0.05  0.1   0.15  0.12  0.08  0.07
  0.12  0.02 -0.03  0.03  0.04  0.04  0.17  0.16 -0.13 -0.13  0.18  0.17
 -0.15 -0.15 -0.08 -0.08]
orbital number 7 energy -8.148481036803371
[-0.08 -0.05 -0.08 -0.07 -0.09 -0.07  0.03 -0.07 -0.11 -0.1  -0.12  0.04
 -0.09 -0.11  0.2   0.24  0.17  0.19  0.18  0.24  0.03  0.18  0.22  0.16
  0.17  0.16  0.22 -0.05 -0.08 -0.07 -0.09 -0.02 -0.07 -0.08 -0.07 -0.07
 -0.04 -0.07 -0.07 -0.09  0.06  0.11  0.06  0.05  0.04  0.03  0.04  0.08
  0.05  0.04  0.04  0.04  0.03  0.06 -0.06  0.04  0.03 -0.02  0.06  0.12
  0.04  0.04  0.03  0.06 -0.04 -0.02 -0.05 -0.08 -0.06 -0.04 -0.04 -0.07
 -0.02 -0.05 -0.03 -0.02 -0.01 -0.01  0.03 -0.07 -0.11 -0.08 -0.06 -0.05
 -0.09 -0.02  0.03  0.02 -0.08 -0.08 -0.11 -0.1   0.23  0.22  0.2   0.2
 -0.07 -0.08 -0.07 -0.07]
orbital number 8 energy -8.031693800500543
[ 0.22  0.19  0.22  0.12  0.07  0.12 -0.04 -0.01  0.01  0.02  0.04  0.03
  0.02  0.01  0.1   0.15  0.12  0.13  0.12  0.15  0.04 -0.11 -0.15 -0.12
 -0.13 -0.12 -0.15  0.01 -0.   -0.02 -0.04  0.02 -0.02 -0.   -0.13 -0.23
 -0.2  -0.22 -0.13 -0.08 -0.05 -0.09 -0.05 -0.06 -0.03 -0.03 -0.03 -0.08
 -0.06 -0.05 -0.05 -0.04  0.05  0.05  0.07  0.03  0.03  0.03  0.05  0.09
  0.07  0.07  0.05  0.09  0.04  0.03 -0.05 -0.06 -0.07 -0.05 -0.05 -0.09
 -0.04 -0.08 -0.05 -0.03 -0.03 -0.03  0.05  0.04  0.06  0.06  0.04  0.05
  0.08  0.03 -0.02  0.02  0.23  0.21  0.01  0.01  0.15  0.15 -0.15 -0.15
 -0.   -0.   -0.24 -0.22]
orbital number 9 energy -7.966187938966602
[-0.07 -0.05 -0.07 -0.05 -0.04 -0.05  0.02  0.05  0.06  0.02 -0.   -0.01
  0.02  0.05 -0.03 -0.05 -0.04 -0.04 -0.04 -0.05  0.02 -0.03 -0.05 -0.04
 -0.04 -0.04 -0.05  0.13  0.15  0.07  0.02 -0.05  0.08  0.16  0.01  0.03
  0.03  0.03  0.01 -0.01 -0.02 -0.03 -0.02  0.11 -0.01 -0.01 -0.01  0.14
  0.1   0.08  0.08  0.08  0.18 -0.02 -0.12 -0.01 -0.01 -0.05 -0.02 -0.03
  0.25  0.24  0.19  0.32 -0.07 -0.05 -0.1  -0.1  -0.16 -0.12 -0.15 -0.27
 -0.16 -0.28 -0.18 -0.13 -0.13 -0.11  0.19 -0.05 -0.05 -0.07 -0.05 -0.07
 -0.12 -0.06  0.03  0.06 -0.07 -0.07  0.06  0.05 -0.05 -0.05 -0.05 -0.05
  0.15  0.16  0.03  0.03]
orbital number 10 energy -7.948090818216751
[ 0.09  0.07  0.09  0.04  0.02  0.05  0.02  0.14  0.17  0.09  0.04 -0.01
  0.08  0.16 -0.02 -0.03 -0.02 -0.03 -0.02 -0.03  0.01 -0.01 -0.01 -0.01
 -0.01 -0.01 -0.01 -0.05 -0.07 -0.04 -0.02 -0.11 -0.04 -0.07 -0.07 -0.11
 -0.08 -0.11 -0.07 -0.05 -0.   -0.01 -0.    0.24 -0.   -0.   -0.    0.31
  0.24  0.2   0.19  0.18 -0.06 -0.01 -0.27 -0.01 -0.01 -0.12 -0.01 -0.02
 -0.09 -0.09 -0.07 -0.11 -0.17 -0.12  0.03  0.02  0.05  0.04  0.05  0.09
  0.06  0.1   0.06  0.05  0.05  0.04 -0.07 -0.09 -0.09 -0.15 -0.11 -0.15
 -0.26 -0.15  0.06 -0.02  0.09  0.09  0.18  0.16 -0.03 -0.03 -0.01 -0.01
 -0.07 -0.07 -0.12 -0.11]
orbital number 11 energy -7.3589221638782005
[ 0.03 -0.01  0.02  0.03  0.04  0.03 -0.02 -0.02 -0.01  0.01  0.03  0.01
  0.01 -0.01 -0.01  0.    0.01  0.01  0.01  0.   -0.07 -0.03  0.    0.03
  0.06  0.03  0.   -0.12 -0.09  0.05  0.19 -0.03  0.04 -0.11  0.01 -0.01
 -0.01 -0.01  0.01  0.02  0.06  0.08  0.06  0.02  0.05  0.05  0.05  0.01
  0.01  0.02  0.02  0.02  0.1   0.01 -0.02  0.01  0.01 -0.04  0.01  0.02
  0.09  0.09  0.1   0.07 -0.02 -0.03  0.31  0.35  0.25  0.29  0.23  0.17
 -0.3  -0.16 -0.18 -0.2  -0.28 -0.24  0.1   0.04  0.05  0.04  0.04  0.03
  0.02 -0.04 -0.01 -0.04  0.04  0.03 -0.02 -0.02  0.    0.    0.01  0.
 -0.13 -0.16 -0.01 -0.01]
orbital number 12 energy -7.343904187655529
[-0.01 -0.01 -0.01  0.    0.01 -0.   -0.07 -0.12 -0.11  0.04  0.19  0.06
  0.05 -0.09 -0.03 -0.    0.03  0.07  0.03  0.    0.    0.   -0.   -0.
 -0.   -0.    0.    0.02  0.02 -0.   -0.02 -0.23 -0.    0.02  0.03  0.03
 -0.01  0.03  0.03  0.03 -0.   -0.   -0.    0.1  -0.   -0.   -0.    0.07
  0.1   0.11  0.11  0.11 -0.01  0.07 -0.15  0.06  0.05 -0.27  0.07  0.09
 -0.01 -0.01 -0.01 -0.01 -0.17 -0.19 -0.04 -0.05 -0.04 -0.04 -0.03 -0.03
  0.04  0.02  0.03  0.03  0.04  0.03 -0.01  0.31  0.35  0.25  0.29  0.23
  0.17 -0.3  -0.05  0.01 -0.02 -0.02 -0.17 -0.13 -0.    0.   -0.    0.
  0.02  0.03  0.04  0.04]
orbital number 13 energy -7.217520456319997
[-0.02  0.02 -0.   -0.02 -0.04 -0.03  0.05 -0.   -0.04 -0.02  0.   -0.21
 -0.01 -0.01  0.09  0.08 -0.04 -0.15 -0.04  0.07  0.06  0.11  0.1  -0.04
 -0.19 -0.05  0.09 -0.   -0.02 -0.01 -0.   -0.04 -0.02 -0.04 -0.02 -0.01
  0.02 -0.   -0.02 -0.03 -0.27 -0.33 -0.27  0.   -0.25 -0.25 -0.25  0.
  0.    0.    0.    0.   -0.   -0.23 -0.02 -0.21 -0.2  -0.04 -0.23 -0.27
 -0.   -0.   -0.   -0.   -0.03 -0.03  0.04  0.03  0.03  0.04  0.04  0.02
 -0.04 -0.03 -0.03 -0.04 -0.05 -0.04 -0.    0.04  0.03  0.03  0.04  0.04
  0.02 -0.04 -0.    0.   -0.03 -0.   -0.07 -0.02  0.13  0.12  0.15  0.14
 -0.03 -0.07 -0.02 -0.  ]
orbital number 14 energy -7.214288985014497
[ 0.03 -0.    0.01  0.01  0.01  0.02  0.05 -0.   -0.04 -0.02  0.   -0.25
 -0.01 -0.01  0.11  0.1  -0.04 -0.18 -0.05  0.09 -0.04 -0.09 -0.08  0.03
  0.15  0.04 -0.08  0.    0.01  0.01  0.   -0.04  0.02  0.03 -0.02 -0.03
  0.   -0.01 -0.01 -0.01  0.23  0.28  0.23  0.    0.21  0.21  0.21  0.
  0.    0.    0.    0.    0.   -0.27 -0.02 -0.25 -0.25 -0.04 -0.27 -0.33
  0.    0.    0.    0.   -0.03 -0.03 -0.03 -0.02 -0.02 -0.03 -0.03 -0.02
  0.03  0.02  0.02  0.03  0.03  0.03  0.    0.04  0.03  0.03  0.04  0.04
  0.02 -0.04 -0.   -0.    0.05  0.01 -0.07 -0.02  0.16  0.14 -0.13 -0.12
  0.02  0.06 -0.05 -0.01]
orbital number 15 energy -7.166127247069607
[ 0.04 -0.   -0.04 -0.02 -0.    0.02  0.    0.   -0.   -0.   -0.    0.
  0.    0.   -0.   -0.   -0.    0.    0.   -0.   -0.    0.01  0.01  0.
 -0.01 -0.    0.   -0.01 -0.36 -0.17 -0.   -0.    0.16  0.34 -0.   -0.
  0.    0.    0.   -0.   -0.02 -0.02 -0.02 -0.   -0.02 -0.02 -0.02 -0.
 -0.   -0.   -0.   -0.   -0.01  0.   -0.    0.    0.   -0.    0.    0.
 -0.01 -0.01 -0.01 -0.   -0.   -0.    0.01  0.    0.    0.01  0.01  0.
 -0.01 -0.01 -0.01 -0.01 -0.01 -0.01 -0.01  0.   -0.    0.    0.    0.
 -0.   -0.    0.    0.    0.07 -0.07 -0.    0.   -0.   -0.    0.02  0.01
 -0.59  0.58 -0.    0.  ]
orbital number 16 energy -7.158965813342455
[ 0.34 -0.01 -0.36 -0.17 -0.01  0.15  0.    0.   -0.   -0.   -0.    0.
  0.    0.   -0.   -0.   -0.    0.    0.   -0.   -0.    0.    0.   -0.
 -0.01  0.    0.01  0.    0.04  0.02  0.   -0.   -0.02 -0.04 -0.01 -0.02
  0.    0.03  0.01 -0.01 -0.01 -0.01 -0.01 -0.   -0.01 -0.01 -0.01 -0.
 -0.   -0.   -0.   -0.    0.    0.   -0.    0.    0.   -0.    0.    0.01
  0.    0.    0.    0.   -0.   -0.   -0.   -0.   -0.   -0.   -0.   -0.
  0.    0.    0.    0.    0.    0.    0.    0.    0.    0.    0.    0.
  0.   -0.    0.   -0.    0.59 -0.58 -0.    0.   -0.   -0.    0.    0.02
  0.07 -0.07 -0.03  0.04]
orbital number 17 energy -7.147825672044674
[-0.01 -0.    0.01  0.01  0.   -0.    0.    0.01 -0.29 -0.13  0.    0.02
  0.15  0.31 -0.01 -0.01  0.    0.01 -0.   -0.01 -0.    0.    0.    0.
 -0.   -0.    0.   -0.    0.    0.    0.    0.02  0.    0.   -0.08 -0.17
  0.    0.18  0.09  0.01 -0.   -0.   -0.    0.   -0.   -0.   -0.    0.
  0.    0.    0.    0.    0.    0.02  0.01  0.02  0.02  0.02  0.02  0.02
  0.    0.    0.    0.    0.01  0.01 -0.   -0.   -0.   -0.   -0.   -0.
  0.    0.    0.    0.    0.    0.    0.   -0.01 -0.01 -0.01 -0.01 -0.02
 -0.01  0.01 -0.   -0.   -0.02  0.02 -0.5   0.51 -0.02 -0.02  0.    0.
  0.    0.   -0.3   0.3 ]
orbital number 18 energy -7.14654469061588
[-0.02 -0.    0.02  0.01  0.01 -0.01 -0.   -0.01  0.17  0.08 -0.    0.
 -0.09 -0.19 -0.   -0.01 -0.    0.    0.    0.01 -0.    0.    0.    0.
 -0.   -0.    0.   -0.   -0.   -0.    0.   -0.01  0.    0.   -0.13 -0.3
  0.01  0.31  0.15  0.01 -0.   -0.   -0.   -0.   -0.   -0.   -0.   -0.
 -0.   -0.   -0.   -0.    0.    0.   -0.01  0.    0.   -0.01  0.    0.
  0.    0.    0.    0.   -0.01 -0.01 -0.   -0.   -0.   -0.   -0.   -0.
  0.    0.    0.    0.    0.    0.    0.    0.01  0.    0.    0.01  0.01
  0.   -0.01  0.   -0.   -0.04  0.03  0.3  -0.3  -0.01  0.01  0.    0.
 -0.    0.   -0.51  0.51]
orbital number 19 energy -7.104450141411611
[-0.   -0.    0.    0.    0.   -0.    0.   -0.   -0.   -0.    0.   -0.
  0.    0.    0.   -0.02 -0.01 -0.    0.01  0.02  0.    0.   -0.35 -0.16
 -0.    0.16  0.35  0.   -0.01 -0.   -0.    0.    0.    0.    0.    0.
 -0.   -0.   -0.    0.   -0.01 -0.01 -0.01  0.   -0.01 -0.01 -0.01  0.
  0.    0.    0.    0.   -0.   -0.    0.   -0.   -0.    0.   -0.   -0.
 -0.   -0.   -0.   -0.    0.    0.    0.   -0.   -0.    0.    0.   -0.
 -0.   -0.   -0.   -0.   -0.   -0.   -0.   -0.   -0.   -0.   -0.   -0.
  0.    0.   -0.    0.   -0.01  0.01 -0.    0.   -0.03  0.03 -0.59  0.59
 -0.01  0.01  0.   -0.  ]
orbital number 20 energy -7.103301260721404
[-0.   -0.   -0.    0.    0.    0.   -0.    0.    0.01  0.   -0.    0.01
 -0.   -0.   -0.    0.35  0.16  0.   -0.16 -0.35 -0.    0.   -0.02 -0.01
 -0.    0.01  0.02 -0.   -0.   -0.    0.   -0.    0.    0.   -0.   -0.01
 -0.    0.01  0.01  0.   -0.   -0.   -0.   -0.   -0.   -0.   -0.   -0.
 -0.   -0.   -0.   -0.    0.    0.01 -0.    0.01  0.01 -0.    0.01  0.01
  0.    0.    0.    0.   -0.   -0.   -0.    0.    0.   -0.   -0.    0.
  0.    0.    0.    0.    0.    0.    0.    0.    0.    0.    0.    0.
 -0.   -0.    0.   -0.   -0.   -0.    0.01 -0.01  0.59 -0.59 -0.03  0.03
 -0.    0.   -0.01  0.01]
orbital number 21 energy -7.070732939900015
[-0.    0.01 -0.01 -0.01 -0.01 -0.01  0.    0.   -0.   -0.   -0.    0.
 -0.   -0.   -0.   -0.   -0.    0.   -0.   -0.    0.02 -0.   -0.01 -0.
  0.01 -0.01 -0.02  0.04  0.04 -0.03 -0.09 -0.   -0.03  0.03 -0.    0.
  0.    0.   -0.   -0.01  0.02  0.02  0.02 -0.    0.02  0.02  0.02 -0.
 -0.   -0.   -0.   -0.   -0.35  0.   -0.    0.    0.   -0.    0.    0.
 -0.25 -0.25 -0.33 -0.1  -0.   -0.   -0.04 -0.14 -0.16  0.06  0.16 -0.17
 -0.08 -0.3  -0.3  -0.28 -0.18 -0.24 -0.33  0.   -0.   -0.    0.    0.
 -0.   -0.    0.    0.22 -0.01 -0.01 -0.   -0.   -0.   -0.   -0.02 -0.03
  0.08  0.05  0.    0.01]
orbital number 22 energy -7.057512993828643
[-0.   -0.   -0.    0.    0.01  0.   -0.02 -0.04 -0.02  0.03  0.09 -0.02
  0.02 -0.04  0.    0.01  0.   -0.    0.    0.01 -0.    0.    0.    0.
 -0.    0.    0.    0.    0.    0.   -0.    0.25 -0.    0.    0.01  0.
 -0.01  0.01  0.01  0.01 -0.   -0.   -0.    0.24 -0.   -0.   -0.    0.09
  0.24  0.32  0.32  0.34 -0.   -0.02  0.31 -0.02 -0.02  0.19 -0.02 -0.02
 -0.   -0.   -0.   -0.    0.31  0.28 -0.   -0.   -0.    0.    0.   -0.
 -0.   -0.   -0.   -0.   -0.   -0.   -0.    0.03  0.14  0.15 -0.06 -0.16
  0.17  0.09 -0.22  0.   -0.   -0.01 -0.05 -0.08  0.02  0.02  0.    0.
  0.    0.    0.01  0.01]
orbital number 23 energy -6.530580499650974
[ 0.07  0.13  0.08 -0.21 -0.46 -0.22  0.11  0.04 -0.02 -0.03 -0.03  0.02
 -0.03 -0.02  0.04 -0.02 -0.02 -0.02 -0.02 -0.02  0.11  0.04 -0.02 -0.02
 -0.02 -0.02 -0.02  0.05 -0.02 -0.03 -0.03 -0.01 -0.03 -0.02 -0.22  0.07
  0.13  0.08 -0.21 -0.46  0.02  0.01  0.02  0.01  0.02  0.03  0.02 -0.
  0.01  0.01  0.01  0.01  0.01  0.02  0.01  0.02  0.03 -0.01  0.02  0.01
  0.01  0.01  0.01 -0.    0.01 -0.    0.01 -0.01  0.01  0.02  0.02  0.03
 -0.01  0.01  0.01 -0.   -0.01 -0.01  0.01  0.01 -0.01  0.01  0.02  0.02
  0.03 -0.01 -0.01 -0.01  0.25  0.26 -0.05 -0.05 -0.06 -0.06 -0.06 -0.06
 -0.05 -0.05  0.24  0.26]
orbital number 24 energy -6.1251510068806425
[-0.01  0.06 -0.01  0.    0.01  0.   -0.01 -0.01 -0.    0.02  0.03 -0.
  0.02 -0.   -0.01  0.    0.    0.    0.    0.    0.12  0.06 -0.01 -0.02
 -0.03 -0.02 -0.01  0.1   0.03 -0.25 -0.45  0.01 -0.26  0.02  0.01 -0.
 -0.01 -0.    0.01  0.02  0.01 -0.01  0.01 -0.    0.02  0.02  0.02  0.01
 -0.   -0.01 -0.01 -0.01  0.15 -0.   -0.01 -0.   -0.    0.01 -0.    0.
  0.02  0.02  0.12 -0.09 -0.01  0.   -0.07 -0.26  0.05  0.14  0.27  0.34
 -0.15  0.18  0.08 -0.05 -0.21 -0.17  0.12  0.    0.02 -0.   -0.01 -0.02
 -0.02  0.01  0.01 -0.09 -0.09 -0.09 -0.01 -0.01  0.01  0.01 -0.06 -0.06
  0.24  0.24 -0.01 -0.01]
orbital number 25 energy -6.1149461698965855
[-0.   -0.   -0.    0.01  0.02  0.01  0.12  0.09  0.02 -0.26 -0.45  0.02
 -0.25  0.03  0.06 -0.01 -0.02 -0.03 -0.02 -0.01  0.    0.   -0.   -0.
 -0.   -0.   -0.    0.    0.   -0.02 -0.03 -0.16 -0.02  0.    0.   -0.01
  0.06 -0.01  0.    0.01  0.   -0.    0.    0.02  0.    0.    0.   -0.09
  0.02  0.12  0.12  0.16  0.01  0.01  0.18  0.02  0.02 -0.21  0.01 -0.01
  0.    0.    0.01 -0.01  0.08 -0.05 -0.   -0.02  0.    0.01  0.02  0.02
 -0.01  0.01  0.01 -0.   -0.01 -0.01  0.01 -0.06 -0.26  0.05  0.14  0.27
  0.34 -0.15 -0.09 -0.01 -0.02 -0.02  0.24  0.25 -0.06 -0.06 -0.   -0.
  0.02  0.02 -0.09 -0.09]
orbital number 26 energy -5.932602009157221
[ 0.01 -0.26  0.02  0.   -0.01 -0.01  0.01  0.01 -0.    0.    0.    0.
  0.   -0.    0.01 -0.   -0.   -0.   -0.   -0.   -0.46 -0.25  0.02  0.09
  0.13  0.09  0.02 -0.27  0.02 -0.01 -0.02  0.   -0.02  0.01 -0.01 -0.
  0.01 -0.   -0.01 -0.01 -0.03  0.04 -0.03 -0.   -0.08 -0.11 -0.08  0.
 -0.   -0.   -0.   -0.    0.01  0.   -0.    0.    0.    0.    0.   -0.
  0.    0.    0.01 -0.01 -0.    0.   -0.01 -0.02  0.    0.    0.02  0.02
 -0.01  0.01  0.01 -0.   -0.01 -0.01  0.01  0.    0.    0.   -0.   -0.
 -0.    0.    0.   -0.    0.31  0.32 -0.01 -0.01 -0.01 -0.01  0.21  0.21
  0.34  0.33  0.    0.  ]
orbital number 27 energy -5.914026244555696
[ 0.   -0.    0.   -0.01 -0.01 -0.01 -0.47 -0.26  0.01 -0.02 -0.02 -0.09
 -0.01  0.02 -0.26  0.02  0.09  0.14  0.09  0.02 -0.01 -0.    0.    0.
  0.    0.    0.   -0.    0.   -0.   -0.   -0.01 -0.    0.   -0.01  0.01
 -0.26  0.02  0.   -0.01 -0.    0.   -0.    0.   -0.   -0.   -0.   -0.01
  0.    0.01  0.01  0.01  0.   -0.03  0.01 -0.09 -0.11 -0.01 -0.03  0.05
 -0.   -0.    0.   -0.    0.   -0.   -0.   -0.    0.    0.    0.    0.
 -0.    0.    0.   -0.   -0.   -0.    0.   -0.01 -0.01  0.    0.    0.01
  0.02 -0.01 -0.   -0.    0.01  0.01  0.32  0.34  0.2   0.21  0.    0.
  0.    0.    0.31  0.32]
orbital number 28 energy -5.849413689143301
[ 0.   -0.01  0.   -0.   -0.   -0.    0.    0.    0.    0.   -0.   -0.
 -0.    0.    0.   -0.    0.    0.01  0.   -0.   -0.03 -0.02  0.01 -0.29
 -0.46 -0.29  0.01 -0.01  0.   -0.    0.   -0.   -0.    0.    0.    0.
  0.    0.    0.    0.    0.07 -0.17  0.08 -0.    0.28  0.36  0.28 -0.
 -0.    0.    0.    0.   -0.   -0.    0.   -0.   -0.01 -0.   -0.    0.
 -0.   -0.   -0.    0.    0.   -0.    0.    0.    0.   -0.   -0.   -0.
  0.   -0.   -0.    0.    0.    0.   -0.   -0.   -0.    0.    0.    0.
  0.   -0.   -0.    0.    0.02  0.02 -0.   -0.   -0.01 -0.01  0.38  0.38
  0.02  0.02 -0.   -0.  ]
orbital number 29 energy -5.8459447659757275
[ 0.   -0.    0.    0.    0.    0.   -0.04 -0.02  0.   -0.    0.    0.28
 -0.    0.   -0.02  0.01 -0.29 -0.46 -0.29  0.01 -0.   -0.    0.   -0.
 -0.01 -0.    0.   -0.    0.   -0.   -0.    0.    0.    0.   -0.    0.
 -0.02  0.   -0.   -0.    0.   -0.    0.   -0.    0.    0.01  0.    0.
 -0.   -0.   -0.   -0.    0.    0.08 -0.    0.28  0.36  0.    0.07 -0.17
 -0.   -0.    0.   -0.   -0.    0.    0.   -0.    0.   -0.   -0.    0.
 -0.    0.    0.    0.   -0.   -0.    0.    0.    0.    0.   -0.   -0.
 -0.    0.    0.    0.   -0.   -0.    0.02  0.02  0.38  0.38  0.01  0.01
  0.    0.    0.02  0.02]
orbital number 30 energy -5.40161809029886
[-0.01 -0.04 -0.01 -0.01 -0.   -0.01 -0.   -0.   -0.   -0.   -0.   -0.
 -0.   -0.   -0.   -0.    0.    0.    0.   -0.   -0.04 -0.03 -0.    0.
  0.01  0.   -0.    0.02  0.02  0.12  0.14  0.01  0.12  0.03  0.01  0.
  0.    0.    0.01  0.01  0.    0.01  0.   -0.   -0.01 -0.01 -0.01 -0.
 -0.    0.    0.    0.   -0.05  0.   -0.01 -0.   -0.    0.01  0.    0.
  0.01  0.01 -0.03  0.05 -0.    0.01 -0.39 -0.05  0.18 -0.44 -0.15  0.28
  0.1   0.32  0.03 -0.28 -0.25 -0.41 -0.03  0.01  0.   -0.01  0.01  0.
 -0.01 -0.   -0.    0.01  0.04  0.04  0.01  0.01  0.    0.    0.02  0.02
 -0.13 -0.12 -0.01 -0.01]
orbital number 31 energy -5.388785302284711
[-0.    0.   -0.   -0.01 -0.01 -0.01  0.04 -0.02 -0.03 -0.12 -0.14  0.01
 -0.12 -0.02  0.03  0.   -0.   -0.01 -0.    0.    0.    0.    0.   -0.
 -0.   -0.    0.    0.   -0.   -0.   -0.01  0.41 -0.   -0.    0.01  0.01
  0.04  0.01  0.01  0.   -0.   -0.   -0.   -0.01  0.    0.    0.   -0.05
 -0.01  0.03  0.03  0.05  0.   -0.   -0.32  0.01  0.01  0.26 -0.   -0.01
 -0.   -0.    0.   -0.   -0.03  0.27  0.01  0.   -0.01  0.02  0.01 -0.01
 -0.   -0.01 -0.    0.01  0.01  0.02  0.    0.39  0.05 -0.18  0.44  0.14
 -0.28 -0.09 -0.01 -0.    0.01  0.01  0.12  0.12 -0.02 -0.02 -0.   -0.
  0.    0.   -0.04 -0.04]
orbital number 32 energy -5.087202537186424
[ 0.1   0.1   0.09  0.27  0.25  0.28  0.09  0.12  0.03  0.01 -0.03  0.02
  0.01  0.03  0.1   0.02 -0.01 -0.03 -0.01  0.02 -0.08 -0.1  -0.02  0.01
  0.03  0.01 -0.02 -0.12 -0.03 -0.01  0.03  0.02 -0.01 -0.03 -0.28 -0.1
 -0.1  -0.09 -0.27 -0.25  0.01  0.03  0.01 -0.01 -0.02 -0.04 -0.02 -0.04
 -0.01  0.02  0.02  0.04 -0.04 -0.01 -0.02  0.02  0.04  0.   -0.01 -0.03
  0.01  0.01 -0.02  0.04  0.01  0.02 -0.01  0.05  0.05 -0.06 -0.06  0.01
  0.02  0.02 -0.01 -0.02 -0.   -0.02 -0.02  0.01 -0.05 -0.05  0.05  0.05
 -0.01 -0.02 -0.    0.   -0.3  -0.29 -0.09 -0.1  -0.07 -0.07  0.07  0.07
  0.1   0.1   0.29  0.29]
orbital number 33 energy -4.922110954577443
[ 0.   -0.01  0.    0.01  0.02  0.01  0.    0.01  0.    0.    0.    0.
  0.    0.    0.    0.   -0.   -0.   -0.    0.   -0.02 -0.02 -0.01  0.
  0.01  0.   -0.01  0.01  0.01  0.04  0.03 -0.    0.04  0.02 -0.01 -0.01
 -0.01 -0.01 -0.01 -0.01  0.    0.01  0.   -0.01 -0.01 -0.01 -0.01 -0.02
 -0.01  0.01  0.01  0.02  0.44 -0.   -0.    0.    0.    0.01 -0.   -0.
 -0.22 -0.14  0.28 -0.42 -0.01 -0.01 -0.   -0.04 -0.07  0.04  0.04 -0.04
  0.35 -0.02 -0.33 -0.35  0.25 -0.07  0.2  -0.   -0.01 -0.01  0.01  0.01
 -0.    0.01  0.    0.03 -0.   -0.   -0.01 -0.01 -0.   -0.    0.02  0.02
 -0.04 -0.04  0.02  0.02]
orbital number 34 energy -4.910064591805201
[ 0.01  0.01  0.01  0.02  0.01  0.02  0.02 -0.02 -0.02 -0.05 -0.04  0.01
 -0.05 -0.02  0.03  0.01 -0.   -0.01 -0.    0.01 -0.01 -0.01 -0.    0.
  0.    0.   -0.   -0.01 -0.   -0.    0.    0.08 -0.   -0.   -0.02 -0.
  0.01 -0.   -0.02 -0.02  0.    0.    0.    0.23 -0.   -0.   -0.    0.42
  0.14 -0.2  -0.28 -0.44  0.02 -0.    0.02  0.01  0.01 -0.24 -0.   -0.01
 -0.01 -0.01  0.01 -0.02  0.32  0.34  0.    0.    0.   -0.   -0.   -0.
  0.02 -0.   -0.02 -0.02  0.01 -0.01  0.01  0.01  0.05  0.08 -0.04 -0.05
  0.05 -0.34 -0.04  0.   -0.02 -0.02  0.05  0.05 -0.02 -0.02  0.01  0.01
  0.01  0.01  0.    0.  ]
orbital number 35 energy -4.865561769076804
[ 0.    0.    0.    0.    0.    0.    0.   -0.   -0.   -0.   -0.    0.
 -0.   -0.    0.    0.   -0.   -0.   -0.    0.   -0.   -0.   -0.    0.
  0.    0.   -0.   -0.   -0.   -0.    0.    0.01 -0.   -0.   -0.    0.
  0.    0.   -0.   -0.    0.    0.    0.   -0.49 -0.   -0.   -0.    0.04
  0.53 -0.5   0.47 -0.04  0.   -0.   -0.    0.    0.   -0.02 -0.   -0.
 -0.    0.    0.   -0.    0.03  0.03  0.    0.    0.   -0.   -0.   -0.
  0.    0.   -0.   -0.    0.   -0.   -0.    0.    0.    0.01 -0.   -0.
  0.   -0.03 -0.    0.   -0.   -0.    0.    0.   -0.   -0.    0.    0.
  0.    0.   -0.   -0.  ]
orbital number 36 energy -4.8625623254268096
[ 0.    0.   -0.   -0.   -0.   -0.   -0.   -0.   -0.   -0.    0.   -0.
 -0.   -0.   -0.   -0.    0.    0.    0.   -0.    0.    0.    0.   -0.
 -0.   -0.    0.   -0.   -0.   -0.   -0.   -0.   -0.   -0.    0.    0.
  0.    0.    0.    0.   -0.   -0.   -0.    0.    0.    0.    0.   -0.
 -0.    0.   -0.    0.   -0.03  0.    0.   -0.   -0.    0.    0.    0.
 -0.5   0.52  0.47  0.03 -0.   -0.   -0.    0.    0.   -0.   -0.    0.
 -0.03 -0.    0.02  0.03 -0.02  0.01 -0.5   0.    0.    0.   -0.   -0.
 -0.    0.    0.   -0.   -0.   -0.    0.    0.    0.    0.   -0.   -0.
  0.    0.   -0.   -0.  ]
orbital number 37 energy -4.690601882766568
[-0.03 -0.1  -0.03  0.02  0.05  0.02 -0.03  0.12  0.08  0.11  0.04 -0.02
  0.1   0.07 -0.07 -0.02 -0.    0.02 -0.   -0.02 -0.06 -0.14 -0.05 -0.01
  0.04 -0.01 -0.05  0.16  0.11  0.16  0.07  0.02  0.17  0.12 -0.01 -0.03
 -0.09 -0.03 -0.01  0.02  0.03  0.07  0.02 -0.03 -0.04 -0.07 -0.04 -0.05
 -0.03  0.03  0.03  0.05  0.1   0.01  0.   -0.02 -0.03 -0.11  0.01  0.03
 -0.05 -0.05  0.05 -0.09  0.13  0.13 -0.11 -0.28 -0.26  0.15  0.25 -0.
 -0.18  0.    0.18  0.19 -0.17  0.02  0.05 -0.07 -0.18 -0.16  0.1   0.16
  0.   -0.12  0.01  0.02  0.06  0.05 -0.15 -0.15  0.05  0.05  0.1   0.1
 -0.23 -0.23  0.07  0.07]
orbital number 38 energy -4.663547262070675
[-0.02  0.01 -0.02 -0.06 -0.05 -0.06 -0.07  0.14  0.11  0.17  0.07 -0.05
  0.16  0.1  -0.18 -0.06 -0.01  0.05 -0.01 -0.06  0.05  0.13  0.05  0.01
 -0.04  0.01  0.05 -0.08 -0.06 -0.1  -0.05  0.02 -0.11 -0.07  0.06  0.
 -0.05  0.    0.06  0.07 -0.03 -0.07 -0.02 -0.04  0.04  0.07  0.04 -0.08
 -0.04  0.04  0.04  0.09 -0.06  0.03  0.   -0.05 -0.09 -0.17  0.03  0.1
  0.03  0.03 -0.03  0.06  0.19  0.19  0.07  0.17  0.16 -0.09 -0.15  0.
  0.1  -0.   -0.11 -0.11  0.1  -0.01 -0.03 -0.11 -0.27 -0.26  0.14  0.25
  0.   -0.18  0.02 -0.02  0.03  0.03 -0.21 -0.21  0.13  0.13 -0.1  -0.1
  0.13  0.13 -0.01 -0.01]
orbital number 39 energy -4.320804835424743
[ 0.09  0.23  0.09 -0.01 -0.11 -0.01  0.04  0.04 -0.   -0.04 -0.04 -0.12
 -0.03  0.   -0.23 -0.13 -0.08  0.04 -0.09 -0.13  0.04 -0.23 -0.13 -0.09
  0.05 -0.09 -0.13  0.04  0.01 -0.03 -0.04  0.01 -0.04  0.   -0.    0.09
  0.23  0.09 -0.01 -0.1   0.12  0.25  0.11  0.01 -0.13 -0.24 -0.12  0.02
  0.01 -0.01 -0.01 -0.02 -0.03  0.11 -0.   -0.12 -0.23  0.03  0.11  0.24
  0.02  0.02 -0.01  0.02 -0.03 -0.03  0.02  0.03  0.05 -0.01 -0.03  0.01
  0.02 -0.01 -0.04 -0.03  0.04  0.01 -0.01  0.02  0.03  0.04 -0.01 -0.03
  0.01  0.02 -0.01 -0.01 -0.14 -0.14 -0.   -0.    0.2   0.2   0.21  0.21
 -0.01 -0.   -0.15 -0.14]
orbital number 40 energy -4.246044398121436
[ 0.    0.    0.    0.    0.    0.    0.    0.    0.   -0.   -0.   -0.
 -0.    0.   -0.01 -0.   -0.    0.   -0.   -0.   -0.   -0.    0.    0.01
  0.   -0.01 -0.   -0.   -0.    0.    0.    0.    0.   -0.   -0.    0.
  0.01  0.   -0.   -0.   -0.5  -0.    0.5   0.    0.5   0.   -0.5   0.
  0.   -0.   -0.   -0.    0.    0.   -0.   -0.01 -0.01  0.    0.01  0.01
 -0.   -0.    0.   -0.   -0.   -0.   -0.   -0.   -0.    0.    0.   -0.
 -0.    0.    0.    0.   -0.   -0.    0.    0.    0.    0.   -0.   -0.
  0.    0.   -0.    0.   -0.   -0.   -0.   -0.    0.01  0.01 -0.01  0.
  0.    0.   -0.   -0.  ]
orbital number 41 energy -4.243588231385928
[ 0.    0.    0.   -0.   -0.   -0.   -0.   -0.   -0.    0.    0.   -0.5
  0.   -0.    0.    0.    0.01  0.   -0.01 -0.    0.   -0.   -0.   -0.
  0.   -0.   -0.    0.    0.   -0.   -0.   -0.   -0.    0.    0.    0.
  0.    0.    0.    0.   -0.    0.    0.   -0.    0.   -0.   -0.   -0.
 -0.    0.    0.    0.   -0.    0.5   0.    0.5  -0.   -0.   -0.5  -0.
  0.    0.   -0.    0.    0.    0.    0.    0.    0.   -0.   -0.    0.
  0.   -0.   -0.   -0.    0.    0.   -0.   -0.   -0.   -0.    0.    0.
 -0.   -0.    0.   -0.   -0.   -0.    0.    0.   -0.01  0.    0.    0.
 -0.   -0.   -0.   -0.  ]
orbital number 42 energy -4.196421671281858
[ 0.   -0.1  -0.01  0.08  0.09  0.09  0.09  0.15  0.03 -0.09 -0.11 -0.13
 -0.09  0.03 -0.16 -0.12 -0.11  0.01 -0.11 -0.12 -0.09  0.16  0.11  0.11
 -0.01  0.11  0.12 -0.16 -0.03  0.09  0.12  0.04  0.09 -0.03 -0.09  0.01
  0.11  0.01 -0.09 -0.1  -0.12 -0.26 -0.14  0.04  0.11  0.24  0.13  0.06
  0.04 -0.03 -0.03 -0.06  0.07  0.14 -0.02 -0.12 -0.25  0.1   0.13  0.26
 -0.04 -0.04  0.03 -0.06 -0.1  -0.07 -0.05 -0.07 -0.12  0.02  0.06 -0.04
 -0.04  0.02  0.1   0.07 -0.1  -0.04  0.03  0.05  0.07  0.12 -0.02 -0.07
  0.04  0.04 -0.04  0.04  0.    0.01 -0.04 -0.04  0.18  0.18 -0.17 -0.17
  0.04  0.04 -0.01 -0.01]
orbital number 43 energy -3.9405548495835747
[ 0.1   0.19  0.08 -0.02 -0.1  -0.   -0.04 -0.2  -0.08  0.05  0.13  0.03
  0.07 -0.06 -0.    0.02  0.04  0.01  0.03  0.01 -0.02 -0.    0.01  0.02
  0.01  0.02  0.01 -0.21 -0.08  0.05  0.13 -0.17  0.05 -0.08  0.02  0.09
  0.17  0.08 -0.   -0.08 -0.02 -0.04 -0.02 -0.05  0.02  0.03  0.02 -0.05
 -0.05  0.02  0.03  0.07  0.07 -0.04  0.12  0.03  0.06 -0.18 -0.04 -0.06
 -0.05 -0.05  0.03 -0.06  0.2   0.04  0.16  0.01 -0.26  0.12 -0.09 -0.23
  0.1   0.19  0.26  0.02 -0.23 -0.25  0.03  0.08 -0.01 -0.2   0.07 -0.04
 -0.16  0.05  0.05  0.05 -0.12 -0.11  0.09  0.08 -0.02 -0.02 -0.01 -0.02
  0.1   0.09 -0.11 -0.1 ]
orbital number 44 energy -3.886288556100447
[-0.02  0.   -0.01 -0.03 -0.01 -0.03 -0.02  0.08  0.05  0.02 -0.04  0.01
 -0.01  0.03 -0.    0.    0.01  0.01  0.02  0.01  0.04  0.01 -0.01 -0.03
 -0.02 -0.03 -0.01  0.02 -0.01 -0.04 -0.02  0.29 -0.03 -0.    0.03 -0.03
 -0.09 -0.03  0.03  0.06  0.03  0.06  0.04  0.01 -0.02 -0.06 -0.03  0.01
  0.01 -0.01 -0.01 -0.02 -0.02 -0.02 -0.25  0.01  0.03  0.2  -0.02 -0.03
  0.01  0.01 -0.    0.01 -0.25  0.04  0.27  0.06 -0.19  0.16 -0.17 -0.21
  0.17  0.23  0.19 -0.07 -0.14 -0.25 -0.01 -0.26 -0.04  0.25 -0.16  0.16
  0.25 -0.17 -0.01 -0.01  0.02  0.02 -0.06 -0.04 -0.01 -0.01  0.02  0.02
  0.02  0.    0.04  0.03]
orbital number 45 energy -3.8270958691154924
[-0.1  -0.18 -0.09  0.01  0.1  -0.    0.05  0.19  0.05 -0.09 -0.13 -0.03
 -0.08  0.06  0.02 -0.02 -0.05 -0.03 -0.04 -0.01  0.04  0.02 -0.01 -0.03
 -0.02 -0.05 -0.02  0.2   0.05 -0.1  -0.14 -0.21 -0.07  0.07 -0.02 -0.1
 -0.17 -0.08  0.    0.09  0.04  0.07  0.04  0.05 -0.03 -0.07 -0.03  0.06
  0.06 -0.03 -0.03 -0.07 -0.08  0.05  0.21 -0.03 -0.08 -0.04  0.05  0.08
  0.06  0.06 -0.03  0.06  0.1  -0.13  0.25  0.05 -0.08  0.14 -0.17 -0.11
  0.16  0.18  0.06 -0.12 -0.01 -0.16 -0.03  0.29  0.06 -0.12  0.16 -0.19
 -0.15  0.19 -0.06 -0.06  0.12  0.11 -0.06 -0.07  0.02  0.01  0.01  0.02
 -0.06 -0.08  0.11  0.1 ]
orbital number 46 energy -3.555454662580824
[ 0.09  0.19 -0.01 -0.19 -0.14 -0.05 -0.05  0.25  0.15  0.   -0.16  0.04
 -0.1   0.08 -0.1  -0.03  0.05  0.07  0.1   0.01  0.06  0.1  -0.01 -0.1
 -0.08 -0.06  0.03 -0.24 -0.05  0.14  0.16 -0.02 -0.05 -0.18  0.03 -0.11
 -0.2   0.01  0.21  0.14  0.08  0.11  0.08  0.09 -0.04 -0.11 -0.05  0.08
  0.09 -0.04 -0.04 -0.12  0.12 -0.08  0.09  0.04  0.11  0.11 -0.08 -0.11
 -0.09 -0.09  0.04 -0.08 -0.07 -0.13 -0.12  0.03  0.   -0.11  0.06 -0.04
 -0.08 -0.09  0.07  0.13 -0.11  0.02  0.04  0.13 -0.03 -0.    0.11 -0.07
  0.03  0.09 -0.11  0.11 -0.09  0.   -0.16 -0.09  0.03 -0.01  0.   -0.03
  0.06  0.18  0.11 -0.01]
orbital number 47 energy -3.527196744925513
[ 0.2  -0.01 -0.2  -0.29  0.    0.3   0.   -0.02 -0.05 -0.05  0.01  0.
  0.06  0.03 -0.   -0.    0.    0.   -0.   -0.   -0.    0.    0.    0.
 -0.   -0.   -0.    0.01 -0.21 -0.32 -0.01  0.    0.32  0.22 -0.27 -0.17
  0.02  0.18  0.25 -0.01  0.    0.    0.   -0.01 -0.   -0.   -0.   -0.01
 -0.01  0.    0.    0.01 -0.01 -0.   -0.01 -0.    0.   -0.01 -0.   -0.
  0.01  0.01 -0.    0.01  0.    0.01 -0.   -0.    0.    0.    0.    0.01
 -0.    0.   -0.01 -0.01  0.01  0.01 -0.   -0.01  0.    0.   -0.01  0.01
 -0.   -0.01  0.01 -0.01 -0.2   0.21  0.05 -0.03  0.    0.   -0.    0.
  0.21 -0.22  0.17 -0.18]
orbital number 48 energy -3.523554900141916
[ 0.12 -0.05 -0.15 -0.18  0.03  0.23  0.01 -0.06 -0.12 -0.12  0.04 -0.01
  0.15  0.06  0.02  0.01 -0.01 -0.02 -0.03 -0.   -0.01 -0.03 -0.    0.03
  0.02  0.02 -0.01  0.07  0.29  0.37 -0.04  0.01 -0.4  -0.22 -0.23 -0.12
  0.05  0.14  0.17 -0.03 -0.02 -0.03 -0.02 -0.02  0.01  0.03  0.01 -0.02
 -0.02  0.01  0.01  0.03 -0.03  0.02 -0.02 -0.01 -0.02 -0.03  0.02  0.02
  0.03  0.03 -0.01  0.02  0.02  0.03  0.04 -0.01 -0.01  0.04 -0.02  0.
  0.03  0.03 -0.01 -0.04  0.03 -0.01 -0.01 -0.03  0.01  0.   -0.03  0.02
 -0.01 -0.02  0.03 -0.03 -0.12  0.15  0.12 -0.06 -0.01  0.    0.    0.01
 -0.3   0.22  0.12 -0.15]
orbital number 49 energy -3.518246673709851
[ 0.06 -0.03 -0.08 -0.09  0.02  0.12  0.01 -0.06  0.3   0.49  0.03 -0.01
 -0.48 -0.35  0.03  0.01 -0.02 -0.02 -0.02  0.   -0.01 -0.02  0.    0.02
  0.01  0.01 -0.01  0.04  0.06  0.05 -0.03 -0.01 -0.07 -0.02 -0.07 -0.02
  0.03  0.04  0.03 -0.02 -0.02 -0.02 -0.02 -0.02  0.01  0.02  0.01 -0.02
 -0.02  0.01  0.01  0.02 -0.02  0.02 -0.01 -0.01 -0.03 -0.03  0.02  0.03
  0.02  0.02 -0.01  0.01  0.02  0.03  0.02 -0.01 -0.    0.02 -0.01  0.01
  0.01  0.02 -0.01 -0.02  0.02 -0.   -0.01 -0.01  0.01 -0.01 -0.01  0.
 -0.02 -0.01  0.02 -0.02 -0.06  0.08 -0.3   0.36 -0.01 -0.    0.    0.01
 -0.06  0.02  0.03 -0.04]
orbital number 50 energy -3.4995525757596844
[-0.22  0.01  0.23  0.34  0.   -0.33  0.   -0.01  0.01  0.03  0.01  0.
 -0.03 -0.03 -0.01 -0.    0.    0.    0.01  0.   -0.   -0.02 -0.    0.02
  0.01  0.01 -0.01  0.01 -0.01 -0.01 -0.    0.    0.01  0.01 -0.38 -0.25
  0.02  0.26  0.38 -0.01 -0.01 -0.02 -0.01 -0.01  0.01  0.02  0.01 -0.01
 -0.01  0.    0.    0.01 -0.   -0.   -0.01  0.    0.   -0.01 -0.   -0.
  0.    0.   -0.    0.    0.01  0.01  0.   -0.   -0.    0.   -0.    0.
  0.    0.   -0.   -0.    0.   -0.   -0.   -0.01  0.    0.   -0.01  0.
 -0.   -0.    0.01 -0.    0.22 -0.24 -0.01  0.03  0.   -0.    0.    0.01
  0.01 -0.01  0.25 -0.27]
orbital number 51 energy -3.451862154630108
[-0.   -0.   -0.    0.    0.   -0.    0.   -0.01 -0.    0.    0.   -0.
  0.   -0.    0.01  0.   -0.01 -0.   -0.    0.   -0.   -0.02 -0.35 -0.5
  0.01  0.52  0.34  0.02  0.01 -0.   -0.01  0.    0.    0.01 -0.   -0.
  0.    0.   -0.   -0.   -0.01 -0.01 -0.   -0.    0.01  0.01 -0.   -0.
 -0.    0.    0.    0.   -0.01  0.   -0.   -0.   -0.01 -0.    0.    0.01
  0.01  0.01 -0.    0.01  0.    0.    0.01 -0.01 -0.    0.01 -0.    0.01
  0.01  0.01 -0.01 -0.01  0.01 -0.   -0.   -0.    0.    0.   -0.    0.
 -0.   -0.    0.   -0.01  0.    0.    0.    0.   -0.   -0.    0.35 -0.34
 -0.01 -0.01  0.   -0.  ]
orbital number 52 energy -3.4493205194091354
[-0.    0.   -0.   -0.   -0.   -0.01 -0.    0.01  0.01  0.   -0.01  0.01
 -0.01  0.   -0.    0.34  0.51  0.   -0.51 -0.34  0.01  0.02  0.   -0.01
 -0.01 -0.01  0.01 -0.01 -0.01  0.    0.01 -0.    0.   -0.01  0.   -0.01
 -0.01 -0.    0.01  0.01  0.01  0.01  0.01  0.01 -0.01 -0.01 -0.01  0.01
  0.01 -0.   -0.   -0.01  0.01 -0.01  0.01 -0.01  0.    0.01  0.   -0.
 -0.01 -0.01  0.   -0.01 -0.01 -0.01 -0.01  0.    0.   -0.01  0.   -0.
 -0.   -0.01  0.01  0.01 -0.01  0.    0.    0.01 -0.   -0.    0.01 -0.
  0.    0.01 -0.01  0.01  0.    0.   -0.01 -0.01 -0.35  0.35 -0.   -0.01
  0.01  0.01  0.01  0.  ]
orbital number 53 energy -3.384101207509649
[-0.07 -0.1  -0.06  0.01  0.07 -0.01  0.07 -0.13 -0.08 -0.    0.09 -0.08
  0.02 -0.07  0.27  0.06 -0.18 -0.19 -0.16  0.07  0.07  0.27  0.06 -0.17
 -0.19 -0.16  0.07 -0.12 -0.07  0.01  0.08 -0.   -0.   -0.08 -0.02 -0.07
 -0.09 -0.06  0.    0.06  0.17  0.22  0.17 -0.07 -0.08 -0.22 -0.08 -0.06
 -0.07  0.03  0.03  0.09  0.08  0.17 -0.06 -0.08 -0.22 -0.09  0.17  0.22
 -0.07 -0.07  0.02 -0.06  0.06  0.09 -0.06  0.05  0.02 -0.08  0.02 -0.04
 -0.04 -0.06  0.06  0.09 -0.09 -0.    0.03 -0.06  0.05  0.02 -0.09  0.02
 -0.04 -0.05  0.09  0.08  0.07  0.06  0.08  0.07 -0.06 -0.07 -0.06 -0.07
  0.07  0.08  0.07  0.05]
orbital number 54 energy -3.1990103072394005
[ 0.09  0.29  0.09 -0.16 -0.2  -0.15 -0.    0.   -0.01 -0.01 -0.   -0.06
  0.01  0.01  0.28  0.09 -0.14 -0.19 -0.15  0.09  0.   -0.28 -0.08  0.15
  0.19  0.13 -0.1  -0.   -0.01 -0.01  0.    0.    0.01  0.01  0.15 -0.09
 -0.29 -0.09  0.15  0.2  -0.15 -0.17 -0.15  0.    0.06  0.18  0.06  0.
  0.   -0.   -0.   -0.    0.    0.15  0.   -0.06 -0.18  0.    0.15  0.17
 -0.   -0.    0.   -0.   -0.   -0.   -0.    0.    0.   -0.   -0.   -0.
 -0.   -0.    0.    0.   -0.   -0.    0.    0.   -0.   -0.    0.    0.
  0.    0.   -0.    0.   -0.08 -0.08  0.01 -0.01 -0.09 -0.08  0.08  0.09
  0.01 -0.01  0.08  0.08]
orbital number 55 energy -2.9219010181573464
[-0.03 -0.06 -0.04  0.    0.04  0.02  0.03  0.11  0.02 -0.09 -0.07  0.02
 -0.09  0.02 -0.09 -0.04  0.04  0.06  0.04 -0.04  0.04 -0.13 -0.06  0.05
  0.09  0.06 -0.05  0.21  0.03 -0.16 -0.13 -0.02 -0.15  0.04 -0.01 -0.01
 -0.   -0.02 -0.02  0.   -0.06 -0.06 -0.06 -0.11  0.02  0.07  0.02 -0.06
 -0.11  0.03  0.03  0.12  0.2  -0.04 -0.09  0.01  0.05 -0.14 -0.04 -0.04
 -0.19 -0.19  0.05 -0.1   0.09  0.13  0.04  0.27  0.22 -0.24 -0.12 -0.17
 -0.04 -0.16  0.15  0.22 -0.23 -0.04  0.05  0.02  0.16  0.12 -0.14 -0.07
 -0.1  -0.03  0.14  0.24  0.02  0.03 -0.01 -0.01  0.03  0.04  0.05  0.04
 -0.03 -0.03  0.01  0.02]
orbital number 56 energy -2.899047997867755
[ 0.03  0.09  0.03 -0.05 -0.06 -0.05  0.03  0.22  0.04 -0.16 -0.14  0.01
 -0.16  0.05 -0.09 -0.04  0.04  0.07  0.03 -0.04 -0.01  0.04  0.02 -0.01
 -0.03 -0.02  0.01 -0.13 -0.03  0.09  0.08 -0.04  0.09 -0.03  0.05 -0.04
 -0.11 -0.05  0.04  0.07  0.02  0.02  0.02 -0.19 -0.01 -0.02 -0.01 -0.1
 -0.19  0.05  0.05  0.2  -0.12 -0.04 -0.16  0.01  0.05 -0.24 -0.04 -0.04
  0.11  0.11 -0.03  0.06  0.15  0.22 -0.03 -0.16 -0.13  0.13  0.07  0.1
  0.02  0.09 -0.09 -0.12  0.13  0.02 -0.03  0.04  0.27  0.22 -0.23 -0.12
 -0.17 -0.04  0.24 -0.14 -0.02 -0.03 -0.04 -0.04  0.03  0.04 -0.02 -0.01
  0.02  0.03  0.03  0.04]
orbital number 57 energy 0.0
[-0.17  0.04 -0.17 -0.09  0.18 -0.08  0.36 -0.04 -0.17 -0.01  0.17 -0.
 -0.01 -0.17 -0.05 -0.17 -0.01  0.17 -0.01 -0.17  0.36 -0.05 -0.17 -0.01
  0.17 -0.01 -0.17 -0.04 -0.17 -0.01  0.18  0.   -0.01 -0.17 -0.08 -0.17
  0.04 -0.17 -0.09  0.18 -0.08  0.01 -0.08  0.02 -0.    0.07 -0.   -0.01
  0.02  0.    0.   -0.02 -0.02 -0.08  0.02 -0.    0.07  0.02 -0.08  0.01
  0.02  0.02  0.   -0.01 -0.   -0.02 -0.06  0.01 -0.09  0.    0.06  0.01
 -0.01  0.03 -0.   -0.02  0.02  0.01  0.   -0.06  0.01 -0.09  0.    0.06
  0.01 -0.01 -0.02 -0.03  0.09  0.09  0.09  0.09  0.09  0.09  0.09  0.09
  0.09  0.09  0.09  0.09]
orbital number 58 energy 0.3669981819379662
[ 0.16  0.08  0.16 -0.05 -0.15 -0.05  0.37 -0.   -0.17 -0.02  0.18 -0.
 -0.03 -0.18 -0.01 -0.17 -0.02  0.18 -0.02 -0.17 -0.37  0.01  0.17  0.02
 -0.18  0.02  0.17 -0.    0.17  0.03 -0.18  0.    0.03  0.17  0.05 -0.16
 -0.08 -0.16  0.05  0.16  0.08 -0.02  0.08  0.02  0.   -0.07  0.   -0.01
  0.02  0.    0.   -0.02  0.02 -0.08  0.03 -0.    0.08  0.02 -0.08  0.02
 -0.02 -0.02 -0.    0.01  0.   -0.02  0.07 -0.02  0.1   0.   -0.06 -0.
  0.01 -0.03 -0.    0.02 -0.02 -0.   -0.   -0.07  0.02 -0.1  -0.    0.06
  0.   -0.01 -0.03  0.02 -0.08 -0.08  0.09  0.09  0.09  0.09 -0.09 -0.09
 -0.09 -0.09  0.08  0.08]
orbital number 59 energy 2.5831226308928663
[-0.04  0.08 -0.04 -0.06  0.08 -0.06  0.02 -0.11  0.03  0.09 -0.1  -0.01
  0.09  0.03  0.02 -0.01 -0.02  0.02 -0.01 -0.02  0.03  0.03 -0.02 -0.02
  0.04 -0.02 -0.02 -0.13  0.04  0.11 -0.11  0.14  0.11  0.03 -0.06 -0.04
  0.08 -0.04 -0.06  0.08 -0.03  0.03 -0.03 -0.15 -0.01  0.03 -0.01  0.21
 -0.15 -0.07 -0.08  0.2   0.26 -0.02  0.09 -0.01  0.02 -0.09 -0.02  0.02
 -0.19 -0.19 -0.09  0.27 -0.13 -0.    0.24 -0.17 -0.01 -0.01 -0.25  0.18
 -0.1   0.13 -0.17 -0.01 -0.12  0.18 -0.09  0.19 -0.14  0.   -0.   -0.2
  0.14 -0.07  0.04  0.06  0.02  0.02 -0.01 -0.01  0.01  0.01  0.01  0.01
 -0.02 -0.01  0.01  0.02]
orbital number 60 energy 2.6025485409922924
[-0.01 -0.   -0.02  0.01  0.01  0.01 -0.04  0.11 -0.02 -0.1   0.09  0.02
 -0.1  -0.02 -0.06  0.04  0.04 -0.07  0.04  0.04  0.03  0.05 -0.04 -0.04
  0.06 -0.04 -0.04 -0.08  0.01  0.07 -0.06 -0.2   0.07  0.01  0.01  0.02
 -0.02  0.03  0.01 -0.03 -0.04  0.04 -0.04  0.2  -0.01  0.05 -0.01 -0.28
  0.2   0.1   0.1  -0.27  0.21  0.05 -0.15  0.02 -0.05  0.11  0.05 -0.05
 -0.16 -0.15 -0.08  0.22  0.17  0.02  0.19 -0.11 -0.06 -0.03 -0.18  0.15
 -0.1   0.12 -0.14 -0.02 -0.09  0.16 -0.08 -0.24  0.16  0.05  0.03  0.24
 -0.19  0.12 -0.05  0.04  0.01  0.01  0.01  0.01 -0.02 -0.02  0.01  0.01
 -0.01 -0.   -0.01 -0.01]
orbital number 61 energy 2.7674290492340408
[ 0.06 -0.14  0.06  0.11 -0.14  0.11 -0.    0.14 -0.05 -0.11  0.13 -0.
 -0.1  -0.06  0.   -0.   -0.    0.   -0.   -0.   -0.01 -0.04  0.02  0.02
 -0.04  0.03  0.02  0.19 -0.06 -0.15  0.18  0.13 -0.15 -0.07  0.11  0.05
 -0.14  0.06  0.11 -0.14  0.03 -0.03  0.03 -0.05  0.01 -0.03  0.01  0.07
 -0.05 -0.02 -0.03  0.07  0.08 -0.    0.15 -0.    0.    0.01 -0.    0.
 -0.06 -0.05 -0.03  0.08 -0.05 -0.11  0.08  0.19 -0.38 -0.24  0.11  0.09
 -0.2   0.2  -0.06 -0.15  0.02  0.17 -0.03  0.07  0.13 -0.28 -0.17  0.07
  0.08 -0.15  0.01  0.01 -0.03 -0.03  0.02  0.02  0.    0.   -0.01 -0.01
  0.03  0.03 -0.02 -0.02]
orbital number 62 energy 2.8027923094957297
[ 0.01  0.02  0.01 -0.02  0.01 -0.02  0.03 -0.19  0.06  0.15 -0.17 -0.04
  0.15  0.06  0.13 -0.06 -0.09  0.13 -0.09 -0.07 -0.03 -0.13  0.07  0.09
 -0.13  0.09  0.07  0.14 -0.04 -0.12  0.12 -0.15 -0.11 -0.04 -0.02 -0.03
  0.03 -0.03 -0.02  0.04  0.1  -0.11  0.1   0.04  0.04 -0.12  0.04 -0.06
  0.04  0.02  0.03 -0.06  0.03 -0.1  -0.18 -0.04  0.12 -0.03 -0.1   0.11
 -0.02 -0.02 -0.01  0.03  0.04  0.14  0.04  0.16 -0.27 -0.17  0.1   0.05
 -0.14  0.13 -0.02 -0.11  0.02  0.1  -0.01 -0.07 -0.2   0.37  0.24 -0.13
 -0.08  0.19 -0.01  0.   -0.   -0.   -0.02 -0.02  0.03  0.03 -0.03 -0.03
  0.01  0.02  0.01  0.01]
orbital number 63 energy 2.8780887397431467
[-0.08  0.21 -0.07 -0.16  0.2  -0.16 -0.02  0.04 -0.01 -0.03  0.03  0.07
 -0.04 -0.01 -0.23  0.1   0.17 -0.22  0.17  0.1  -0.02 -0.22  0.1   0.17
 -0.22  0.16  0.1   0.03 -0.   -0.03  0.03  0.02 -0.03 -0.01 -0.16 -0.08
  0.21 -0.07 -0.16  0.2   0.17 -0.2   0.17 -0.    0.07 -0.21  0.07  0.
  0.    0.   -0.    0.   -0.    0.17  0.03  0.07 -0.22  0.01  0.17 -0.21
  0.    0.   -0.   -0.   -0.   -0.03  0.01  0.04 -0.06 -0.04  0.03  0.01
 -0.03  0.03  0.   -0.03  0.01  0.02  0.    0.01  0.05 -0.08 -0.05  0.04
  0.01 -0.04  0.    0.    0.03  0.03  0.    0.   -0.04 -0.04 -0.04 -0.04
  0.    0.    0.03  0.03]
orbital number 64 energy 3.1923890018229626
[ 0.01 -0.01  0.01 -0.   -0.01 -0.    0.02 -0.   -0.01  0.01  0.    0.01
  0.01 -0.01 -0.03  0.    0.03 -0.03  0.03  0.   -0.02  0.04 -0.   -0.03
  0.03 -0.03 -0.01 -0.01  0.02 -0.   -0.01 -0.01 -0.    0.01 -0.   -0.02
  0.01 -0.02 -0.    0.02 -0.03  0.05 -0.03 -0.01 -0.02  0.04 -0.02  0.02
 -0.01 -0.01 -0.01  0.02 -0.29  0.03 -0.01  0.01 -0.04  0.02  0.03 -0.04
  0.18  0.16  0.14 -0.31  0.02 -0.    0.18  0.02 -0.18 -0.18 -0.02  0.14
  0.25  0.08 -0.44  0.3  -0.45  0.19  0.12 -0.02 -0.02  0.03  0.03 -0.02
 -0.01 -0.   -0.    0.04 -0.01 -0.01  0.    0.   -0.   -0.    0.    0.
 -0.01 -0.    0.01  0.01]
orbital number 65 energy 3.2097472321881853
[ 0.04 -0.03  0.04  0.01 -0.05  0.    0.06  0.01 -0.04  0.02  0.02  0.04
  0.01 -0.03 -0.09  0.01  0.08 -0.08  0.08  0.01 -0.06  0.08 -0.01 -0.07
  0.07 -0.07 -0.01  0.01  0.02 -0.02 -0.   -0.18 -0.03  0.02  0.01 -0.04
  0.02 -0.04  0.    0.04 -0.08  0.11 -0.08 -0.17 -0.04  0.1  -0.04  0.29
 -0.15 -0.11 -0.13  0.27  0.02  0.08 -0.08  0.04 -0.12  0.38  0.08 -0.12
 -0.01 -0.   -0.01  0.02  0.38 -0.23 -0.    0.06 -0.05 -0.05  0.06 -0.02
 -0.07  0.01  0.08 -0.08  0.09 -0.02 -0.   -0.19 -0.06  0.21  0.22 -0.02
 -0.13 -0.19 -0.04 -0.   -0.02 -0.02  0.01  0.01 -0.   -0.    0.    0.
 -0.01 -0.01  0.02  0.02]
orbital number 66 energy 3.228910638575953
[ 0.08 -0.05  0.08 -0.   -0.08 -0.01  0.12 -0.02 -0.05  0.06  0.    0.08
  0.05 -0.04 -0.16  0.01  0.14 -0.13  0.14  0.01 -0.13  0.16 -0.01 -0.15
  0.14 -0.15 -0.02  0.01  0.05 -0.05 -0.01  0.07 -0.05  0.05 -0.   -0.09
  0.06 -0.08 -0.01  0.09 -0.15  0.21 -0.15  0.07 -0.08  0.21 -0.08 -0.1
  0.03  0.02  0.06 -0.09 -0.01  0.15 -0.    0.08 -0.2  -0.27  0.15 -0.21
 -0.    0.02 -0.01 -0.01 -0.26  0.22  0.02  0.13 -0.12 -0.13  0.12 -0.02
 -0.11  0.02  0.11 -0.11  0.11 -0.01  0.02  0.05 -0.13  0.06  0.07 -0.13
  0.07  0.2   0.02  0.   -0.03 -0.03  0.02  0.02 -0.   -0.    0.    0.01
 -0.02 -0.02  0.03  0.03]
orbital number 67 energy 3.3101995410443923
[-0.   -0.   -0.    0.    0.    0.   -0.    0.   -0.   -0.    0.   -0.
 -0.   -0.    0.   -0.   -0.    0.   -0.    0.    0.01 -0.01 -0.    0.
 -0.    0.   -0.    0.   -0.    0.    0.   -0.    0.   -0.    0.    0.
 -0.    0.    0.   -0.01  0.01 -0.01  0.01  0.48  0.   -0.01  0.    0.01
 -0.49 -0.52  0.5   0.02  0.   -0.    0.   -0.    0.    0.01 -0.    0.
  0.01 -0.01  0.01  0.    0.01 -0.01 -0.   -0.    0.01  0.01 -0.    0.
  0.   -0.   -0.    0.   -0.   -0.   -0.01 -0.01  0.   -0.    0.    0.
 -0.   -0.01 -0.   -0.    0.    0.    0.    0.   -0.   -0.    0.    0.
  0.    0.   -0.   -0.  ]
orbital number 68 energy 3.3143244865308814
[-0.    0.   -0.   -0.    0.   -0.   -0.   -0.    0.   -0.   -0.   -0.
 -0.    0.    0.    0.   -0.    0.   -0.    0.    0.   -0.   -0.    0.
 -0.    0.   -0.   -0.    0.    0.   -0.   -0.    0.    0.   -0.    0.
  0.    0.   -0.   -0.    0.   -0.    0.    0.01  0.   -0.    0.   -0.
 -0.01 -0.01  0.01 -0.   -0.01 -0.    0.   -0.    0.01  0.   -0.    0.01
 -0.48  0.49 -0.51 -0.01  0.   -0.    0.   -0.    0.   -0.   -0.    0.
  0.01 -0.   -0.01  0.01 -0.01  0.    0.52  0.    0.   -0.   -0.01  0.
 -0.   -0.    0.    0.    0.    0.   -0.   -0.   -0.   -0.    0.    0.
 -0.   -0.   -0.   -0.  ]
orbital number 69 energy 3.5137061225193786
[-0.02  0.18 -0.02 -0.16  0.18 -0.16 -0.15 -0.09  0.12 -0.   -0.12 -0.07
  0.    0.11  0.07  0.04 -0.1   0.05 -0.09  0.03 -0.14  0.07  0.03 -0.09
  0.05 -0.09  0.03 -0.09  0.12  0.   -0.12 -0.02  0.01  0.11 -0.16 -0.02
  0.18 -0.02 -0.16  0.17 -0.1   0.16 -0.1   0.04 -0.07  0.15 -0.07 -0.08
  0.03  0.03  0.04 -0.07 -0.08 -0.1  -0.   -0.07  0.16  0.12 -0.1   0.16
  0.04  0.03  0.04 -0.08  0.12 -0.11  0.13  0.13 -0.14 -0.24  0.14  0.
 -0.11 -0.    0.11 -0.1   0.11 -0.01  0.03  0.12  0.13 -0.14 -0.24  0.15
  0.   -0.12  0.02  0.03  0.01  0.01 -0.04 -0.04 -0.01 -0.01 -0.01 -0.01
 -0.04 -0.04  0.01  0.01]
orbital number 70 energy 3.894510217775463
[ 0.   -0.    0.   -0.   -0.   -0.    0.   -0.01  0.    0.   -0.01 -0.
  0.    0.    0.   -0.    0.    0.    0.   -0.   -0.   -0.    0.02 -0.02
 -0.    0.01 -0.02  0.01 -0.   -0.    0.01 -0.   -0.   -0.   -0.   -0.
  0.   -0.   -0.    0.    0.5   0.   -0.5   0.    0.5   0.   -0.5  -0.
  0.    0.    0.   -0.    0.   -0.   -0.    0.   -0.    0.    0.   -0.
 -0.   -0.   -0.    0.    0.   -0.   -0.01  0.    0.    0.01 -0.   -0.
  0.    0.   -0.01  0.   -0.01  0.   -0.    0.01 -0.   -0.   -0.01  0.
  0.   -0.    0.   -0.   -0.   -0.   -0.   -0.    0.    0.   -0.01  0.01
  0.    0.    0.    0.  ]
orbital number 71 energy 3.8971388073093545
[ 0.   -0.    0.    0.   -0.    0.    0.   -0.    0.    0.   -0.   -0.5
  0.   -0.   -0.    0.02 -0.01 -0.    0.01 -0.02 -0.   -0.    0.   -0.
 -0.   -0.    0.    0.   -0.   -0.    0.   -0.   -0.   -0.    0.   -0.
  0.   -0.   -0.    0.   -0.    0.    0.    0.   -0.    0.    0.   -0.
  0.    0.    0.   -0.    0.   -0.5  -0.    0.5  -0.    0.    0.5  -0.
 -0.   -0.   -0.    0.    0.   -0.   -0.    0.    0.    0.   -0.   -0.
  0.    0.   -0.    0.   -0.    0.   -0.    0.    0.   -0.   -0.    0.
  0.   -0.    0.   -0.   -0.   -0.   -0.    0.   -0.01  0.01 -0.   -0.
  0.    0.    0.    0.  ]
orbital number 72 energy 3.9128772443720745
[ 0.09 -0.1   0.1   0.01 -0.11  0.01  0.08 -0.2   0.08  0.12 -0.21  0.04
  0.13  0.07  0.   -0.04  0.03  0.01  0.04 -0.05 -0.08 -0.    0.05 -0.04
 -0.01 -0.02  0.03  0.2  -0.09 -0.11  0.21 -0.1  -0.14 -0.06 -0.02 -0.09
  0.1  -0.1  -0.01  0.11 -0.06  0.08 -0.02  0.04 -0.06  0.08 -0.02 -0.1
  0.03  0.06  0.06 -0.1   0.11  0.04 -0.11  0.03 -0.08  0.16  0.04 -0.08
 -0.04 -0.03 -0.06  0.1   0.15 -0.06 -0.29  0.02  0.06  0.3  -0.08 -0.08
  0.09  0.11 -0.15  0.05 -0.16  0.1  -0.06  0.28 -0.02 -0.06 -0.29  0.08
  0.08 -0.09  0.06 -0.06 -0.03 -0.03 -0.03 -0.02  0.01  0.02 -0.02 -0.01
  0.03  0.02  0.03  0.03]
orbital number 73 energy 4.064701282230649
[ 0.01 -0.1  -0.04  0.13 -0.11  0.08  0.15 -0.14  0.05  0.09 -0.15  0.08
  0.16 -0.02  0.04 -0.1   0.05  0.04  0.05 -0.1   0.15  0.04 -0.11  0.06
  0.04  0.04 -0.09 -0.14  0.04  0.1  -0.15 -0.13  0.15 -0.02  0.1  -0.01
 -0.1  -0.02  0.11 -0.11  0.08 -0.17  0.07  0.02  0.08 -0.16  0.08 -0.07
  0.02  0.05  0.05 -0.08 -0.08  0.07 -0.14  0.08 -0.16  0.15  0.08 -0.17
  0.02  0.02  0.05 -0.07  0.13 -0.01  0.27 -0.09 -0.03 -0.24  0.03  0.12
 -0.05 -0.14  0.12  0.    0.14 -0.13  0.04  0.27 -0.08 -0.03 -0.24  0.03
  0.11 -0.05  0.05  0.05 -0.    0.01 -0.02  0.01  0.03  0.04  0.04  0.03
 -0.01  0.01  0.01  0.01]
orbital number 74 energy 4.105970940784505
[ 0.38  0.   -0.38  0.34  0.   -0.35 -0.01  0.    0.01 -0.01  0.   -0.
  0.01 -0.01 -0.    0.01 -0.   -0.   -0.    0.   -0.01 -0.    0.01 -0.
 -0.    0.   -0.    0.01 -0.01  0.    0.01  0.   -0.02  0.01  0.3  -0.34
  0.01  0.33 -0.31  0.01 -0.    0.   -0.   -0.   -0.    0.   -0.    0.
 -0.   -0.   -0.    0.    0.   -0.    0.   -0.    0.01 -0.   -0.    0.01
 -0.   -0.   -0.    0.   -0.    0.   -0.01  0.01  0.    0.01 -0.   -0.01
  0.    0.01 -0.01 -0.   -0.01  0.01 -0.   -0.    0.    0.    0.   -0.
 -0.    0.   -0.   -0.   -0.13  0.13 -0.    0.   -0.   -0.   -0.    0.
  0.   -0.    0.12 -0.12]
orbital number 75 energy 4.115806275302647
[-0.   -0.   -0.    0.   -0.    0.01  0.   -0.    0.01 -0.01 -0.    0.
  0.01 -0.01  0.   -0.    0.    0.    0.   -0.    0.01  0.   -0.01  0.01
  0.    0.   -0.   -0.01 -0.5   0.47 -0.01 -0.   -0.45  0.51 -0.01  0.01
 -0.   -0.01  0.02 -0.01  0.01 -0.02  0.01  0.    0.01 -0.01  0.01 -0.
  0.    0.    0.   -0.   -0.01  0.   -0.    0.   -0.01  0.    0.   -0.01
  0.    0.    0.   -0.01  0.    0.    0.02 -0.   -0.01 -0.02  0.    0.01
 -0.01 -0.    0.01 -0.01  0.01 -0.    0.    0.01 -0.   -0.   -0.01  0.
  0.   -0.    0.    0.    0.    0.   -0.    0.    0.    0.    0.    0.
  0.17 -0.18 -0.    0.  ]
orbital number 76 energy 4.118114142709549
[-0.04  0.01  0.03 -0.04  0.01  0.02 -0.01  0.01  0.5  -0.47  0.02 -0.
  0.44 -0.51 -0.    0.01 -0.01 -0.    0.    0.   -0.01 -0.    0.01 -0.
 -0.   -0.    0.01  0.01  0.01 -0.01  0.01  0.    0.   -0.01  0.01 -0.02
  0.01  0.02 -0.02  0.   -0.01  0.01 -0.   -0.   -0.01  0.01 -0.01  0.01
 -0.   -0.01 -0.01  0.01  0.   -0.    0.01 -0.    0.01 -0.01 -0.    0.01
 -0.   -0.   -0.    0.   -0.01  0.01 -0.02  0.01  0.    0.01 -0.   -0.01
  0.    0.01 -0.01 -0.   -0.01  0.01 -0.   -0.03  0.    0.01  0.03 -0.01
 -0.01  0.01 -0.01 -0.    0.01 -0.01 -0.17  0.18 -0.   -0.   -0.   -0.
 -0.    0.    0.01 -0.01]
orbital number 77 energy 4.126491436276599
[-0.33 -0.    0.33 -0.3  -0.    0.3   0.01 -0.01 -0.04  0.04 -0.01  0.
 -0.03  0.04  0.   -0.   -0.    0.    0.   -0.01  0.01  0.   -0.01  0.
  0.   -0.    0.   -0.01 -0.01  0.01 -0.01 -0.01 -0.    0.01  0.35 -0.38
 -0.    0.38 -0.34 -0.01  0.   -0.    0.    0.    0.   -0.    0.   -0.
  0.    0.    0.   -0.   -0.    0.   -0.01  0.   -0.    0.01  0.   -0.
  0.    0.    0.   -0.    0.01  0.    0.01 -0.   -0.   -0.01  0.    0.01
 -0.   -0.01  0.    0.    0.01 -0.01  0.    0.01 -0.01 -0.   -0.01  0.
  0.01 -0.    0.    0.    0.11 -0.11  0.01 -0.01  0.    0.    0.   -0.
  0.   -0.    0.13 -0.13]
orbital number 78 energy 4.186469078438387
[-0.    0.    0.   -0.    0.    0.    0.    0.   -0.    0.   -0.    0.
 -0.    0.    0.    0.02 -0.02  0.    0.02 -0.02  0.   -0.    0.51 -0.46
  0.    0.46 -0.51 -0.01 -0.    0.01 -0.   -0.    0.    0.    0.   -0.
 -0.    0.   -0.   -0.   -0.02 -0.01  0.02  0.   -0.01 -0.01  0.02 -0.
  0.    0.    0.   -0.   -0.    0.   -0.   -0.   -0.    0.   -0.   -0.
  0.    0.    0.   -0.    0.    0.    0.01 -0.01 -0.   -0.01 -0.    0.01
 -0.   -0.01  0.    0.    0.01 -0.01  0.    0.   -0.   -0.   -0.   -0.
  0.   -0.    0.    0.    0.   -0.    0.   -0.   -0.01  0.01 -0.17  0.17
  0.   -0.    0.   -0.  ]
orbital number 79 energy 4.18789610433602
[-0.    0.   -0.   -0.    0.   -0.    0.   -0.    0.   -0.   -0.   -0.02
  0.01 -0.    0.   -0.51  0.46  0.   -0.46  0.51 -0.   -0.    0.02 -0.02
 -0.    0.02 -0.02  0.    0.   -0.    0.   -0.   -0.    0.    0.   -0.
  0.    0.   -0.    0.   -0.    0.    0.    0.   -0.    0.   -0.   -0.
  0.    0.    0.   -0.    0.   -0.02 -0.    0.02 -0.    0.    0.02 -0.
 -0.   -0.   -0.    0.    0.    0.   -0.    0.    0.    0.    0.   -0.
  0.    0.   -0.   -0.   -0.    0.   -0.    0.01 -0.   -0.   -0.   -0.
  0.   -0.    0.   -0.    0.    0.   -0.    0.    0.17 -0.17 -0.01  0.01
 -0.   -0.    0.   -0.  ]
orbital number 80 energy 4.5103070937141725
[ 0.08 -0.1   0.07  0.01 -0.09  0.01 -0.01 -0.08  0.06  0.01 -0.08 -0.01
  0.02  0.06 -0.02  0.01  0.   -0.01 -0.    0.02 -0.02 -0.05  0.04  0.
 -0.04 -0.    0.04  0.17 -0.11 -0.04  0.17  0.2  -0.05 -0.1  -0.03 -0.07
  0.11 -0.07 -0.03  0.11 -0.02  0.06 -0.02  0.   -0.03  0.06 -0.03 -0.04
  0.    0.03  0.03 -0.05  0.11 -0.01  0.15 -0.01  0.02 -0.1  -0.01  0.02
 -0.01 -0.01 -0.08  0.09  0.01 -0.16  0.18 -0.14 -0.13 -0.1  -0.05  0.31
  0.14 -0.28 -0.05  0.34  0.2  -0.41 -0.07 -0.11  0.08  0.06  0.06  0.03
 -0.16 -0.06  0.04 -0.08 -0.03 -0.02 -0.02 -0.02 -0.   -0.01 -0.01 -0.01
  0.04  0.03  0.02  0.02]
orbital number 81 energy 4.538180753384082
[ 0.02 -0.05  0.02  0.02 -0.06  0.03  0.03 -0.17  0.1   0.05 -0.17  0.07
  0.05  0.1   0.1  -0.08 -0.    0.09 -0.01 -0.08  0.03  0.09 -0.08 -0.01
  0.09 -0.   -0.08 -0.08  0.05  0.03 -0.08  0.4   0.03  0.04  0.01 -0.04
  0.03 -0.03  0.01  0.02  0.03 -0.11  0.03  0.01  0.07 -0.11  0.07 -0.08
  0.01  0.07  0.08 -0.11 -0.06  0.03  0.28  0.07 -0.12 -0.19  0.03 -0.11
  0.01  0.    0.04 -0.05  0.05 -0.34 -0.07  0.05  0.07  0.04  0.02 -0.14
 -0.07  0.13  0.03 -0.17 -0.09  0.19  0.04 -0.17  0.13  0.13  0.1   0.05
 -0.3  -0.14  0.08  0.05 -0.01 -0.01 -0.03 -0.03  0.03  0.03  0.03  0.03
 -0.01 -0.01  0.01  0.01]
orbital number 82 energy 4.629210115158323
[-0.15  0.24 -0.16 -0.04  0.22 -0.05  0.02 -0.02  0.    0.02 -0.02  0.15
  0.01  0.01  0.23 -0.17 -0.03  0.21 -0.03 -0.17 -0.02 -0.23  0.17  0.03
 -0.21  0.03  0.16  0.02 -0.01 -0.01  0.02  0.05 -0.01  0.    0.05  0.15
 -0.24  0.16  0.05 -0.22 -0.06  0.23 -0.06  0.   -0.15  0.24 -0.15 -0.01
  0.    0.01  0.02 -0.02  0.02  0.06  0.03  0.15 -0.25 -0.02  0.06 -0.24
 -0.   -0.   -0.01  0.01  0.01 -0.05  0.   -0.   -0.02 -0.   -0.    0.02
  0.02 -0.02 -0.01  0.04  0.01 -0.04 -0.01 -0.01  0.    0.02  0.    0.
 -0.03 -0.02  0.02 -0.01  0.05  0.05 -0.   -0.    0.05  0.06 -0.05 -0.05
  0.   -0.   -0.05 -0.05]
orbital number 83 energy 4.936396431421822
[-0.03 -0.03 -0.04  0.07 -0.07  0.07  0.11  0.05 -0.09  0.07 -0.   -0.13
  0.07 -0.1  -0.22  0.11  0.07 -0.21  0.07  0.11  0.12 -0.22  0.11  0.07
 -0.22  0.08  0.11  0.06 -0.11  0.07  0.    0.13  0.07 -0.1   0.07 -0.04
 -0.01 -0.04  0.07 -0.05 -0.02  0.17 -0.02 -0.02 -0.13  0.2  -0.13 -0.07
 -0.02  0.11  0.11 -0.15 -0.16 -0.02  0.01 -0.13  0.2  -0.02 -0.02  0.16
 -0.02 -0.02  0.12 -0.08  0.11 -0.17  0.12 -0.17  0.12 -0.02 -0.08 -0.02
 -0.09  0.    0.12 -0.18 -0.02  0.14  0.12  0.11 -0.15  0.12 -0.02 -0.07
 -0.03 -0.09  0.11  0.12  0.01  0.01  0.03  0.03 -0.03 -0.03 -0.03 -0.03
  0.03  0.03  0.01  0.01]
orbital number 84 energy 5.039684721707508
[ 0.08 -0.15  0.08  0.04 -0.14  0.04 -0.08 -0.14  0.14 -0.06 -0.06  0.07
 -0.06  0.15  0.11 -0.05 -0.04  0.11 -0.05 -0.05  0.07 -0.1   0.04  0.04
 -0.1   0.04  0.04  0.13 -0.14  0.05  0.07 -0.14  0.05 -0.14 -0.04 -0.08
  0.15 -0.08 -0.04  0.14 -0.01  0.07 -0.    0.04 -0.06  0.09 -0.06  0.08
  0.04 -0.15 -0.15  0.2  -0.19  0.01  0.02  0.07 -0.1   0.01  0.01 -0.08
 -0.03 -0.04  0.14 -0.08 -0.15  0.2   0.15 -0.22  0.13 -0.01 -0.12  0.02
 -0.1  -0.03  0.14 -0.18 -0.01  0.13  0.14 -0.15  0.23 -0.14  0.01  0.13
 -0.01  0.11 -0.15  0.14 -0.02 -0.02 -0.04 -0.05  0.01  0.01 -0.01 -0.01
  0.04  0.04  0.02  0.02]
orbital number 85 energy 5.3960349030701975
[-0.1   0.01 -0.1   0.12 -0.1   0.12  0.18 -0.2   0.08  0.07 -0.2  -0.09
  0.07  0.08 -0.12  0.02  0.09 -0.16  0.09  0.02  0.17 -0.12  0.02  0.09
 -0.16  0.09  0.02 -0.2   0.08  0.07 -0.2  -0.03  0.07  0.08  0.12 -0.09
  0.01 -0.09  0.12 -0.1   0.02  0.07  0.02  0.07 -0.09  0.12 -0.09  0.01
  0.07 -0.15 -0.15  0.18  0.18  0.02  0.06 -0.09  0.13 -0.02  0.02  0.07
  0.07  0.07 -0.15  0.01 -0.09  0.08 -0.09  0.19 -0.06 -0.04  0.16 -0.1
  0.06  0.07 -0.09  0.08 -0.02 -0.03 -0.15 -0.09  0.19 -0.06 -0.04  0.16
 -0.1   0.07 -0.11 -0.11  0.03  0.03 -0.02 -0.02 -0.   -0.   -0.   -0.
 -0.02 -0.02  0.03  0.03]
orbital number 86 energy 5.644530444265082
[ 0.07 -0.19  0.07  0.08 -0.2   0.08 -0.21  0.11  0.01 -0.11  0.18  0.11
 -0.11  0.01  0.09  0.02 -0.12  0.17 -0.12  0.02  0.21 -0.09 -0.02  0.12
 -0.17  0.12 -0.02 -0.11 -0.01  0.11 -0.19 -0.02  0.11 -0.01 -0.08 -0.07
  0.19 -0.07 -0.08  0.2   0.04  0.05  0.04 -0.1  -0.11  0.14 -0.11  0.04
 -0.1   0.15  0.16 -0.18  0.18 -0.04 -0.05  0.11 -0.14  0.04 -0.04 -0.05
  0.1   0.1  -0.16 -0.04  0.03 -0.01 -0.01  0.1   0.01 -0.08  0.15 -0.11
  0.05  0.05 -0.04  0.01 -0.04  0.02 -0.16  0.01 -0.09 -0.01  0.07 -0.14
  0.11 -0.05  0.07 -0.07 -0.02 -0.02 -0.   -0.   -0.01 -0.01  0.01  0.01
  0.    0.    0.02  0.02]
orbital number 87 energy 5.967913715244701
[-0.06  0.04 -0.06  0.06 -0.04  0.06  0.04 -0.12  0.1  -0.04 -0.02 -0.03
 -0.04  0.1  -0.   -0.02  0.03 -0.04  0.03 -0.02  0.04 -0.   -0.02  0.03
 -0.04  0.03 -0.02 -0.13  0.1  -0.04 -0.03 -0.14 -0.04  0.1   0.06 -0.06
  0.04 -0.06  0.06 -0.04  0.02  0.    0.02 -0.19 -0.03  0.04 -0.03  0.16
 -0.2   0.23  0.23 -0.25 -0.25  0.02  0.06 -0.03  0.03  0.12  0.02  0.
 -0.2  -0.2   0.24  0.16 -0.11  0.14 -0.14  0.14 -0.11  0.12 -0.09  0.07
 -0.09  0.07 -0.11  0.14  0.12 -0.14  0.24 -0.13  0.14 -0.11  0.12 -0.09
  0.07 -0.09  0.01  0.01  0.02  0.02 -0.03 -0.03  0.01  0.01  0.01  0.01
 -0.03 -0.03  0.02  0.02]
orbital number 88 energy 6.007452454362398
[-0.01  0.07 -0.01 -0.04  0.08 -0.04  0.1  -0.14  0.08 -0.01 -0.07 -0.08
 -0.01  0.09  0.   -0.05  0.08 -0.09  0.08 -0.05 -0.1  -0.    0.05 -0.08
  0.09 -0.08  0.05  0.14 -0.08  0.01  0.07 -0.14  0.   -0.08  0.04  0.01
 -0.07  0.01  0.04 -0.08 -0.04  0.   -0.04 -0.18  0.08 -0.09  0.08  0.16
 -0.18  0.21  0.21 -0.23  0.22  0.04  0.08 -0.08  0.09  0.12  0.04  0.
  0.18  0.18 -0.21 -0.16 -0.12  0.15  0.13 -0.16  0.1  -0.1   0.06 -0.03
  0.09 -0.09  0.12 -0.14 -0.12  0.14 -0.21 -0.14  0.16 -0.11  0.1  -0.06
  0.04 -0.08 -0.01  0.    0.    0.   -0.02 -0.02  0.02  0.02 -0.01 -0.02
  0.02  0.02 -0.   -0.  ]
orbital number 89 energy 6.358915267006847
[ 0.19 -0.2   0.19 -0.16  0.11 -0.16  0.02 -0.   -0.01  0.02 -0.02 -0.19
  0.02 -0.01  0.16 -0.17  0.15 -0.11  0.15 -0.17  0.02  0.16 -0.17  0.15
 -0.12  0.15 -0.17  0.   -0.01  0.02 -0.02 -0.01  0.02 -0.01 -0.16  0.19
 -0.2   0.19 -0.16  0.11  0.15 -0.09  0.15 -0.01 -0.19  0.21 -0.19  0.01
 -0.01  0.01  0.01 -0.01 -0.01  0.15  0.02 -0.19  0.2   0.01  0.15 -0.09
 -0.01 -0.01  0.01  0.01 -0.02  0.01 -0.    0.01  0.   -0.    0.01 -0.01
 -0.01  0.02 -0.01  0.01  0.01 -0.01  0.01 -0.    0.01 -0.   -0.    0.01
 -0.01 -0.01 -0.   -0.   -0.05 -0.05  0.    0.    0.05  0.05  0.05  0.05
  0.    0.   -0.05 -0.05]
orbital number 90 energy 6.484869320872268
[ 0.   -0.04  0.    0.03 -0.06  0.03 -0.07 -0.05  0.09 -0.11  0.14 -0.18
 -0.11  0.09  0.19 -0.16  0.12 -0.06  0.12 -0.16  0.08 -0.2   0.17 -0.12
  0.06 -0.12  0.17  0.07 -0.11  0.14 -0.16  0.07  0.14 -0.11 -0.05  0.02
  0.02  0.02 -0.05  0.08 -0.17  0.13 -0.17  0.04  0.19 -0.21  0.19 -0.05
  0.04 -0.03 -0.03  0.03 -0.04  0.16 -0.12 -0.18  0.2  -0.06  0.16 -0.12
 -0.04 -0.04  0.04  0.06  0.1  -0.09 -0.    0.05  0.04 -0.04  0.1  -0.13
 -0.07  0.15 -0.13  0.11  0.07 -0.09  0.04  0.01 -0.05 -0.03  0.03 -0.08
  0.11  0.05  0.03 -0.03 -0.   -0.   -0.02 -0.02  0.04  0.04 -0.05 -0.05
  0.03  0.03 -0.   -0.  ]
orbital number 91 energy 6.5420555045167275
[-0.12  0.14 -0.12  0.1  -0.07  0.1  -0.06 -0.12  0.16 -0.18  0.2  -0.1
 -0.18  0.16  0.11 -0.09  0.06 -0.02  0.06 -0.09 -0.05  0.08 -0.07  0.04
 -0.01  0.04 -0.07 -0.12  0.15 -0.16  0.18  0.12 -0.16  0.15  0.09 -0.12
  0.14 -0.12  0.09 -0.06  0.07 -0.06  0.07  0.05 -0.08  0.08 -0.08 -0.07
  0.05 -0.04 -0.05  0.04  0.04  0.09 -0.21 -0.1   0.11 -0.1   0.09 -0.08
  0.04  0.04 -0.04 -0.06  0.17 -0.14 -0.01 -0.04 -0.07  0.06 -0.13  0.18
  0.09 -0.19  0.16 -0.13 -0.09  0.11 -0.04 -0.01 -0.05 -0.07  0.06 -0.14
  0.19  0.09  0.05  0.04  0.03  0.03 -0.04 -0.04  0.02  0.02  0.02  0.02
 -0.04 -0.04  0.03  0.03]
orbital number 92 energy 6.7661151722531825
[ 0.04  0.03  0.04 -0.1   0.18 -0.1   0.14 -0.18  0.13 -0.09  0.05  0.11
 -0.09  0.13 -0.12  0.06 -0.01 -0.04 -0.01  0.06 -0.14  0.12 -0.06  0.01
  0.05  0.01 -0.06  0.18 -0.13  0.08 -0.03  0.11  0.08 -0.13  0.11 -0.05
 -0.02 -0.05  0.11 -0.18  0.11 -0.12  0.11  0.01 -0.11  0.11 -0.11 -0.02
  0.01 -0.01 -0.01  0.01 -0.01 -0.11 -0.22  0.11 -0.11 -0.1  -0.11  0.12
 -0.01 -0.01  0.01  0.01  0.16 -0.13  0.09 -0.09  0.15 -0.1   0.13 -0.22
 -0.12  0.22 -0.16  0.13  0.1  -0.11  0.01 -0.08  0.08 -0.14  0.09 -0.13
  0.22  0.11  0.02 -0.01 -0.01 -0.01 -0.03 -0.03 -0.02 -0.02  0.02  0.02
  0.03  0.03  0.01  0.01]
orbital number 93 energy 6.917089307925775
[-0.14  0.19 -0.14  0.09 -0.06  0.09 -0.16  0.1  -0.04 -0.02  0.08 -0.12
 -0.02 -0.04  0.1  -0.03 -0.03  0.1  -0.03 -0.03 -0.16  0.09 -0.03 -0.03
  0.1  -0.03 -0.03  0.09 -0.03 -0.03  0.1  -0.09 -0.03 -0.03  0.09 -0.13
  0.19 -0.13  0.09 -0.05  0.13 -0.16  0.13  0.01 -0.11  0.11 -0.11 -0.02
  0.01 -0.01 -0.01  0.01  0.01  0.13  0.21 -0.12  0.12  0.1   0.13 -0.16
  0.02  0.02 -0.01 -0.03 -0.14  0.11  0.11 -0.17  0.16 -0.09  0.1  -0.2
 -0.13  0.21 -0.14  0.11  0.1  -0.09 -0.01  0.11 -0.16  0.16 -0.09  0.1
 -0.2  -0.13  0.02  0.02  0.03  0.03  0.01  0.01  0.01  0.01  0.01  0.01
  0.01  0.01  0.03  0.03]
orbital number 94 energy 7.12525929522439
[-0.09  0.06 -0.08  0.12 -0.18  0.12 -0.02  0.12 -0.13  0.16 -0.23 -0.02
  0.16 -0.13 -0.    0.01 -0.02  0.04 -0.02  0.01  0.03  0.   -0.02  0.04
 -0.07  0.04 -0.02 -0.14  0.15 -0.18  0.25  0.08 -0.18  0.15 -0.13  0.09
 -0.07  0.09 -0.13  0.19 -0.05  0.07 -0.05 -0.04  0.04 -0.04  0.04  0.08
 -0.04  0.03  0.03 -0.02  0.03  0.03 -0.18 -0.02  0.02 -0.1   0.03 -0.04
  0.05  0.05 -0.03 -0.09  0.12 -0.09  0.11 -0.22  0.16 -0.06  0.02 -0.15
 -0.16  0.18 -0.12  0.09  0.1  -0.08 -0.03 -0.11  0.21 -0.15  0.06 -0.03
  0.15  0.15 -0.07  0.09  0.02  0.02  0.03  0.03 -0.   -0.    0.01  0.01
 -0.04 -0.04 -0.02 -0.02]
orbital number 95 energy 7.162804716523596
[ 0.04 -0.06  0.04 -0.03  0.03 -0.03  0.07 -0.15  0.14 -0.16  0.21  0.11
 -0.16  0.14  0.04 -0.08  0.12 -0.2   0.12 -0.08  0.07  0.04 -0.08  0.13
 -0.2   0.13 -0.08 -0.14  0.13 -0.14  0.19 -0.07 -0.14  0.13 -0.02  0.03
 -0.06  0.03 -0.02  0.01 -0.14  0.21 -0.14  0.04  0.12 -0.11  0.12 -0.08
  0.04 -0.03 -0.03  0.02  0.02 -0.14  0.15  0.11 -0.11  0.09 -0.14  0.2
  0.04  0.04 -0.03 -0.07 -0.1   0.07  0.08 -0.15  0.11 -0.03  0.   -0.1
 -0.12  0.12 -0.08  0.06  0.07 -0.06 -0.03  0.09 -0.18  0.13 -0.04  0.01
 -0.12 -0.13  0.08  0.07 -0.01 -0.01 -0.04 -0.04  0.02  0.02  0.02  0.02
 -0.03 -0.03 -0.01 -0.01]
orbital number 96 energy 7.217174746404599
[-0.13  0.12 -0.13  0.17 -0.24  0.17  0.02 -0.03  0.03 -0.03  0.03  0.13
 -0.03  0.03  0.1  -0.13  0.17 -0.25  0.17 -0.13 -0.02 -0.1   0.13 -0.17
  0.25 -0.17  0.13  0.02 -0.02  0.02 -0.03 -0.01  0.02 -0.02 -0.17  0.13
 -0.12  0.13 -0.17  0.24  0.16 -0.24  0.16  0.01 -0.13  0.12 -0.13 -0.01
  0.01 -0.01 -0.01  0.   -0.   -0.17  0.02  0.13 -0.12  0.01 -0.17  0.25
 -0.01 -0.01  0.    0.01 -0.01  0.01 -0.01  0.02 -0.01  0.    0.    0.01
  0.02 -0.02  0.01 -0.01 -0.01  0.01  0.    0.01 -0.03  0.02 -0.   -0.
 -0.01 -0.02  0.01 -0.01  0.03  0.03 -0.01 -0.01  0.03  0.03 -0.03 -0.03
  0.01  0.01 -0.03 -0.03]
orbital number 97 energy 7.44149132295935
[ 0.08 -0.13  0.08 -0.05  0.03 -0.05  0.18 -0.14  0.08 -0.06  0.05 -0.06
 -0.06  0.08 -0.19  0.14 -0.14  0.17 -0.14  0.15  0.18 -0.18  0.14 -0.14
  0.17 -0.14  0.14 -0.14  0.08 -0.05  0.03 -0.06 -0.05  0.08 -0.04  0.08
 -0.13  0.08 -0.04  0.03  0.08 -0.13  0.08  0.09 -0.06  0.05 -0.06 -0.16
  0.09 -0.05 -0.05  0.04  0.05  0.08  0.08 -0.06  0.05  0.09  0.08 -0.14
  0.11  0.11 -0.06 -0.2  -0.05  0.04 -0.05  0.02 -0.03  0.1  -0.19  0.06
 -0.2   0.08 -0.06  0.05  0.11 -0.07 -0.06 -0.03  0.   -0.02  0.08 -0.15
  0.04 -0.17  0.18  0.22 -0.02 -0.02 -0.02 -0.02 -0.04 -0.04 -0.03 -0.04
 -0.02 -0.02 -0.02 -0.02]
orbital number 98 energy 7.4733231955036645
[-0.06  0.08 -0.06  0.07 -0.1   0.07  0.11 -0.06  0.03 -0.   -0.03 -0.03
 -0.    0.03 -0.11  0.08 -0.07  0.09 -0.07  0.08 -0.07  0.06 -0.05  0.04
 -0.05  0.04 -0.05  0.03 -0.   -0.02  0.05 -0.08 -0.02 -0.   -0.08  0.08
 -0.11  0.08 -0.08  0.1  -0.03  0.04 -0.03  0.13  0.02 -0.02  0.02 -0.24
  0.13 -0.08 -0.08  0.06 -0.06  0.04  0.09 -0.03  0.03  0.13  0.04 -0.07
 -0.14 -0.13  0.08  0.25 -0.06  0.06  0.1  -0.09  0.08 -0.15  0.26 -0.11
  0.25 -0.08  0.06 -0.05 -0.13  0.08  0.08 -0.08  0.07 -0.07  0.14 -0.25
  0.1  -0.24  0.28 -0.29  0.02  0.02 -0.01 -0.01 -0.02 -0.02  0.01  0.01
  0.    0.   -0.02 -0.02]
orbital number 99 energy 7.514637257488794
[ 0.06 -0.11  0.06 -0.04  0.02 -0.04  0.15 -0.14  0.11 -0.11  0.14 -0.03
 -0.11  0.11 -0.13  0.1  -0.09  0.1  -0.09  0.1   0.15 -0.13  0.1  -0.09
  0.1  -0.09  0.1  -0.14  0.11 -0.1   0.13  0.06 -0.1   0.11 -0.03  0.06
 -0.1   0.06 -0.03  0.02  0.05 -0.08  0.05 -0.12 -0.03  0.03 -0.03  0.22
 -0.12  0.07  0.07 -0.05 -0.04  0.05 -0.06 -0.03  0.03 -0.11  0.05 -0.08
 -0.09 -0.09  0.05  0.17  0.04 -0.04  0.1  -0.12  0.09 -0.12  0.2  -0.11
  0.16 -0.04  0.03 -0.03 -0.09  0.05  0.05  0.12 -0.14  0.11 -0.15  0.24
 -0.13  0.21 -0.25 -0.2  -0.01 -0.01 -0.03 -0.03 -0.02 -0.02 -0.02 -0.02
 -0.03 -0.03 -0.01 -0.01]
orbital number 100 energy 7.558023752621547
[-0.15  0.2  -0.15  0.14 -0.19  0.14  0.2  -0.16  0.11 -0.1   0.11 -0.04
 -0.1   0.11 -0.17  0.12 -0.1   0.12 -0.1   0.12 -0.22  0.19 -0.13  0.11
 -0.13  0.11 -0.13  0.19 -0.13  0.11 -0.13  0.02  0.11 -0.13 -0.14  0.14
 -0.19  0.14 -0.14  0.18 -0.06  0.1  -0.06 -0.05  0.04 -0.03  0.04  0.09
 -0.05  0.03  0.03 -0.02  0.02  0.05 -0.01 -0.04  0.03 -0.04  0.05 -0.09
  0.05  0.05 -0.03 -0.09  0.01 -0.01 -0.07  0.1  -0.07  0.08 -0.12  0.07
 -0.08  0.01 -0.01  0.01  0.04 -0.02 -0.03  0.07 -0.09  0.07 -0.07  0.11
 -0.07  0.08 -0.11  0.11  0.04  0.04 -0.03 -0.03 -0.03 -0.03  0.03  0.03
  0.03  0.03 -0.03 -0.03]
ENERGY0: -420.77046328285803

Orbital occupation numbers:
1: 2.000000
2: 2.000000
3: 2.000000
4: 2.000000
5: 2.000000
6: 2.000000
7: 2.000000
8: 2.000000
9: 2.000000
10: 2.000000
11: 2.000000
12: 2.000000
13: 2.000000
14: 2.000000
15: 2.000000
16: 2.000000
17: 2.000000
18: 2.000000
19: 2.000000
20: 2.000000
21: 2.000000
22: 2.000000
23: 2.000000
24: 2.000000
25: 2.000000
26: 2.000000
27: 2.000000
28: 2.000000
29: 2.000000
30: 2.000000
31: 2.000000
32: 2.000000
33: 2.000000
34: 2.000000
35: 2.000000
36: 2.000000
37: 2.000000
38: 2.000000
39: 2.000000
40: 2.000000
41: 2.000000
42: 2.000000
43: 2.000000
44: 2.000000
45: 2.000000
46: 2.000000
47: 2.000000
48: 2.000000
49: 2.000000
50: 2.000000
51: 2.000000
52: 2.000000
53: 2.000000
54: 2.000000
55: 2.000000
56: 2.000000
57: 1.000000
58: 1.000000
59: 0.000000
60: -0.000000
61: -0.000000
62: -0.000000
63: 0.000000
64: 0.000000
65: -0.000000
66: -0.000000
67: -0.000000
68: -0.000000
69: 0.000000
70: 0.000000
71: 0.000000
72: -0.000000
73: 0.000000
74: 0.000000
75: 0.000000
76: 0.000000
77: 0.000000
78: -0.000000
79: 0.000000
80: 0.000000
81: -0.000000
82: 0.000000
83: 0.000000
84: 0.000000
85: 0.000000
86: 0.000000
87: 0.000000
88: 0.000000
89: 0.000000
90: 0.000000
91: 0.000000
92: 0.000000
93: 0.000000
94: 0.000000
95: 0.000000
96: -0.000000
97: -0.000000
98: -0.000000
99: -0.000000
100: -0.000000

------------------------
Starting ExROPPP calculation for diradical in rotated basis
------------------------

Fock matrix in rotated MO basis: [[-9.64454392e+00 -1.82608263e-15 -6.99377976e-16 ...  6.53366197e-15
  -4.75042076e-15 -2.22228655e-15]
 [-1.82576114e-15 -9.63238103e+00  2.24287400e-15 ... -5.24327921e-15
   2.68943257e-15 -2.64716361e-16]
 [-7.28788851e-16  2.22737296e-15 -5.04595111e+00 ...  3.97843683e-16
   1.34173583e-17 -4.34006758e-16]
 ...
 [ 5.18726827e-15 -5.95592132e-15  6.15046832e-16 ...  1.10399457e+01
   6.83166503e-15 -1.79958472e-15]
 [-4.26833891e-15  3.42464773e-15 -8.16740471e-16 ...  7.38596221e-15
   1.10812598e+01  3.60065091e-15]
 [-2.41020783e-15 -1.93634418e-16 -1.00727566e-15 ... -3.27224945e-15
   5.14462396e-15  1.11246463e+01]]
