                    ---------------------------------
                    | Radical ExROPPP Calculation |
                    ---------------------------------

Molecule: DD-CDR_new.xyz radical

--------------------------------
Cartesian Coordinates / Angstrom
--------------------------------

Cl    -3.277377   -2.485603   -3.493126
C     -2.699023   -1.925967   -1.954294
C     -3.325590   -1.032653   -1.149950
C     -2.658877   -0.653887   -0.032948
Cl    -3.318561    0.369461    1.202752
C     -1.451111   -1.155103    0.248552
H     -1.001750   -0.794034    1.165504
C     -0.805976   -2.018599   -0.554528
C     -1.478651   -2.372551   -1.660276
H     -1.074116   -3.082888   -2.369317
C      4.136041   -4.144382    0.588384
C      4.437794   -5.382734    0.089786
C      3.499462   -6.360996   -0.014131
Cl     1.886837   -6.291805    0.629802
C      3.797437   -7.550810   -0.537387
C      5.027111   -7.884953   -0.951621
C      9.652042   -1.123021    4.904912
C      5.954655   -6.924395   -0.822117
C      5.684740   -5.706424   -0.342355
Cl     7.012168   -4.596189   -0.484862
C      5.021043   -3.463734    1.377093
C      5.796985   -4.090207    2.301087
Cl     5.689423   -5.767618    2.734166
C      6.644588   -3.398504    3.066882
C      6.760874   -2.067788    3.006767
H    -13.051171   -8.504296   -3.605747
C      5.995225   -1.458463    2.097280
C      5.161225   -2.114224    1.290105
Cl     4.437079   -1.096019    0.083919
C     -4.567455   -0.556556   -1.449245
C     -4.901277    0.759529   -1.291878
C     -4.021120    1.766350   -1.532893
Cl    -2.421138    1.573474   -2.176835
C     -4.394797    3.044598   -1.420993
C     -5.634580    3.420924   -1.084427
H      8.405402  -14.573258   -3.157188
C     -6.482782    2.422527   -0.823106
C     -6.151252    1.135503   -0.911756
Cl    -7.413621    0.077558   -0.360077
C     -5.493755   -1.421926   -1.939416
C     -6.236924   -1.121727   -3.030863
Cl    -6.022794    0.299414   -4.002897
C     -7.138501   -1.987081   -3.498295
C     -7.410563   -3.154522   -2.894569
H      3.478492  -15.589656   -4.746430
C     -6.673304   -3.430881   -1.807389
C     -5.717541   -2.619999   -1.350795
Cl    -4.946092   -3.164448    0.104421
H      2.992152   -8.276288   -0.538722
H      6.966328   -7.078397   -1.181480
H      7.186642   -3.949152    3.829874
H      6.099649   -0.388999    1.939985
H     -3.667570    3.794019   -1.714755
H     -7.688436   -1.664015   -4.374705
H     -6.795737   -4.363250   -1.267543
H     -7.477095    2.646989   -0.451261
C      1.172072   -3.160737   -1.189166
C      2.376230   -3.672952   -0.933848
C      2.922682   -3.585904    0.303487
C      2.193880   -2.923259    1.237762
C      0.999039   -2.405195    0.938051
C      0.430976   -2.515949   -0.273182
H      0.849916   -3.251704   -2.218427
Cl     3.183527   -4.299836   -2.338226
Cl     2.601246   -2.806981    2.921699
H      0.473895   -1.942350    1.764443
C     -5.184014    5.688676   -0.531759
C     -6.017860    4.724040   -1.015901
C     -7.256804    5.117169   -1.434886
C     10.149375  -12.084635   -1.840890
C     -7.609486    6.404701   -1.368272
H     -8.589201    6.712840   -1.729503
C     -6.793440    7.336648   -0.896658
H      7.423299   -9.020775   -1.151517
C     -5.595549    6.959980   -0.470068
H     -4.938788    7.718090   -0.047193
C      9.184158  -11.170982   -1.694085
C      7.946942  -11.492282   -2.074665
C      8.627071  -13.593816   -2.739478
H      3.780825  -11.771426   -2.786955
H     11.165103  -11.851243   -1.531418
H      9.408614  -10.199122   -1.262151
H      7.242900  -12.614015   -5.333369
H      3.289871   -9.652154   -1.925584
C      9.871877  -13.289092   -2.357191
C    -11.741440   -8.507237   -8.006770
C      6.397484  -13.283011   -5.185371
C      7.214085   -0.189485    4.374213
H      7.726911    1.400651    5.646395
C      5.912709  -13.948234   -6.234558
H    -13.070545   -9.242607   -1.295797
H      4.476948  -15.310372   -6.935155
H     10.662172   -1.478125    5.100533
C      8.050461    0.471336    5.180662
C      9.266612    0.020522    5.457531
C      4.327336  -14.922661   -4.874974
H      6.364028  -13.818654   -7.215344
N    -11.261697   -6.596717   -4.479654
N      6.353939  -12.750592   -2.905497
H     10.663892  -14.026115   -2.464859
C      8.846043   -1.834920    4.109655
C      5.861278  -13.428922   -3.965040
C      7.597617   -1.373772    3.819164
C    -12.154722   -6.691996   -6.637863
C    -10.858362   -8.432022   -5.875486
H    -12.623991   -5.721671   -6.489849
H    -10.257163   -8.900751   -5.098851
H    -11.506234   -8.314826    0.299333
C    -11.014774   -9.064389   -7.039153
H    -11.867754   -9.020055   -8.957180
H    -12.901632   -6.860018   -8.594253
H    -10.547341  -10.033258   -7.197761
C      4.875144  -14.769170   -6.080227
C    -11.427361   -7.238201   -5.655873
C      4.819328  -14.258314   -3.826886
H      4.359842  -14.394470   -2.850208
C     -8.852637   -3.924009   -4.613717
C     -8.372542   -3.998186   -3.348530
C     -8.915518   -4.944770   -2.549501
C     -9.789986   -4.757999   -5.074961
C    -10.306018   -5.672215   -4.259849
C     -9.882594   -5.737470   -3.009144
C    -11.460781   -7.160723   -3.271168
C    -10.609016   -6.654517   -2.387387
C    -10.600842   -7.051833   -1.114112
C    -11.485401   -7.979812   -0.734830
C    -12.344220   -8.086986   -2.892499
C    -12.352327   -8.492662   -1.617901
H     -8.461940   -3.218461   -5.337795
C    -12.310693   -7.319024   -7.805628
H     -8.646621   -5.049239   -1.504855
H    -10.127933   -4.679736   -6.105419
H     -9.907029   -6.627080   -0.393060
C      4.333691   -9.943027   -1.908124
C      5.308643   -9.113739   -1.459558
C      6.576322   -9.580728   -1.530645
C      4.593811  -11.149914   -2.419454
C      5.849738  -11.580824   -2.463773
C      6.816127  -10.805081   -2.001557
C      7.664264  -12.680381   -2.596114

There are 100 heavy atoms.
There are 114 electrons in 100 orbitals.


Carbon 1e params: A = -22.717075 b = 1.705616

Nitrogen 1e params: alphan2 = -17.681338 Acn2 = -24.737202 bcn2 = 1.433639

Chlorine 1e params: alphacl = -10.335674 Accl = -26.021937 bccl=1.451861
C-N2 bond
C-N2 bond
C-N2 bond
C-N2 bond
C-N2 bond
C-N2 bond
C-Cl bond
C-Cl bond
C-Cl bond
C-Cl bond
C-Cl bond
C-Cl bond
C-Cl bond
C-Cl bond
C-Cl bond
C-Cl bond
C-Cl bond
C-Cl bond
N2 atom 87
N2 atom 88
Cl atom 89
Cl atom 90
Cl atom 91
Cl atom 92
Cl atom 93
Cl atom 94
Cl atom 95
Cl atom 96
Cl atom 97
Cl atom 98
Cl atom 99
Cl atom 100

Carbon 2e params: U = 8.420838 r0 = 1.173157

Nitrogen 2e params: Un2n2 = 17.979843 r0n2n2 = 1.111791

Chlorine 2e params: Uclcl= 9.642991 r0clcl = 2.253316

Mixed 2e params: Ucn2 = 13.200341 Uccl = 9.031915 Un2cl = 13.811417 r0cn2 =1.142474 r0ccl = 1.713237 r0n2cl = 1.682554
[8.42083845 3.90669766 2.84058055 2.586338   2.79910473 3.94287989
 1.12314578 1.05518847 1.09305402 0.99965494 0.89958222 0.64467885
 0.87964676 0.93995359 1.01627025 0.90478016 0.83140861 0.83325012
 0.91671561 1.02068633 2.787435   2.09798971 1.93038575 1.53113888
 1.34689853 1.40180404 1.67337146 2.46173009 1.99266248 1.68185138
 1.61099939 1.8208855  2.28221049 1.86120881 1.48851195 1.32521721
 1.39145568 1.6765687  2.0690233  1.06129994 1.14018639 1.03137428
 0.56281417 0.90957376 0.86997643 0.92878897 0.60863629 0.6379173
 0.56603016 0.5450947  0.71124309 0.61442145 0.75633649 0.59624874
 0.69103542 0.64222842 0.60855395 0.69500766 0.63115902 0.76045397
 0.77472158 0.80178463 0.7453158  0.59355409 0.82045834 0.62773558
 1.20943108 1.34004894 1.21820306 1.0485179  0.9918202  1.05393633
 0.86172423 0.94999892 0.92940643 0.82928402 0.78054197 0.768606
 0.72365772 0.83452763 0.82704106 0.74802507 0.76338279 0.70168789
 0.69630367 0.61276405 1.34438209 0.9866055  4.48540744 2.73127246
 1.8093861  1.30125202 1.28280922 1.68542131 2.95824413 2.18611472
 2.4928427  3.0930072  1.91784801 1.72527768]
FCIDUMP file in AO basis written to FCIDUMP/FCIDUMP_AO_DD-CDR_new


-------------------------------------
Restricted Open-shell PPP Calculation
-------------------------------------

Starting SCF cycle...

Iter   Energy        Dens Change      Energy Change
-----------------------------------------------------
0 -366.455219618099 0.35995648173344463 -366.455219618099
1 -407.3137685692434 0.06043161337487035 -40.85854895114437
2 -417.0334266533948 0.013957022823863019 -9.719658084151433
3 -419.76016910857953 0.003582451662175301 -2.7267424551847057
4 -420.50097831007525 0.001646841862010806 -0.7408092014957219
5 -420.7245017742618 0.0008219989187875365 -0.2235234641865418
6 -420.7934362622393 0.0004224904724846601 -0.06893448797751489
7 -420.81524413014665 0.00021622480658678445 -0.02180786790734146
8 -420.8223878886197 0.00011044983365970928 -0.0071437584730347226
9 -420.82476050321446 5.63614349280428e-05 -0.0023726145947762234
10 -420.82558096438277 2.8746597592554934e-05 -0.0008204611683026997
11 -420.82587229321723 1.4658177102777614e-05 -0.0002913288344643661
12 -420.8259808833941 7.473349855846578e-06 -0.00010859017686470906
13 -420.82602312066166 3.809936669485481e-06 -4.223726756436008e-05
14 -420.82604043913636 1.942227508044958e-06 -1.7318474704097753e-05
15 -420.8260478751964 9.90077716034321e-07 -7.4360600592626724e-06
16 -420.82605121098055 5.046953915899266e-07 -3.3357841289216594e-06
17 -420.8260527599219 2.572663402311548e-07 -1.5489413272007369e-06
18 -420.82605349919265 1.3113906927042507e-07 -7.392707743747451e-07
19 -420.82605385907414 6.684643172327753e-08 -3.5988148283649934e-07
20 -420.8260540367851 3.407395310350836e-08 -1.7771094462659676e-07
21 -420.82605412539874 1.7368642524218103e-08 -8.86136604094645e-08
22 -420.8260541698893 8.853377697626286e-09 -4.449054813449038e-08
23 -420.8260541923231 4.5128650816295135e-09 -2.243382368760649e-08
24 -420.82605420367054 2.3003632332319057e-09 -1.134742433350766e-08
25 -420.82605420942207 1.1725772575132964e-09 -5.7515308071742766e-09
26 -420.826054212342 5.977055517192298e-10 -2.919932740041986e-09
27 -420.82605421382664 3.0467395273348075e-10 -1.4846364138065837e-09
28 -420.82605421458277 1.5530399188889987e-10 -7.561311576864682e-10
29 -420.82605421496646 7.916478583780417e-11 -3.836930773104541e-10
30 -420.82605421516377 4.035349832065549e-11 -1.9730350686586462e-10
31 -420.82605421526193 2.057065628946475e-11 -9.816858437261544e-11
32 -420.82605421530957 1.0484835222257516e-11 -4.7634785005357116e-11
33 -420.8260542153383 5.345390796662741e-12 -2.8705926524708048e-11
34 -420.82605421535203 2.724265257825209e-12 -1.375610736431554e-11
35 -420.8260542153563 1.3891110484109959e-12 -4.263256414560601e-12
36 -420.82605421535914 7.086553566182374e-13 -2.8421709430404007e-12
37 -420.8260542153662 3.6126657221302594e-13 -7.048583938740194e-12
38 -420.82605421536334 1.8396395518038844e-13 2.8421709430404007e-12
39 -420.82605421536323 9.447997939560082e-14 1.1368683772161603e-13
40 -420.8260542153637 4.8183679268731794e-14 -4.547473508864641e-13
41 -420.82605421536505 2.5757174171303632e-14 -1.3642420526593924e-12
42 -420.8260542153623 1.3322676295501878e-14 2.7284841053187847e-12
43 -420.8260542153632 7.216449660063518e-15 -8.526512829121202e-13
44 -420.82605421536397 4.107825191113079e-15 -7.958078640513122e-13

--------------------------
Converged ROPPP Orbitals
--------------------------

orbital number 1 energy -13.205506384789267
[-0.   -0.   -0.    0.    0.    0.    0.   -0.   -0.   -0.    0.   -0.
 -0.   -0.   -0.   -0.   -0.    0.   -0.   -0.    0.   -0.   -0.    0.
  0.    0.   -0.    0.    0.    0.    0.    0.    0.   -0.   -0.    0.
 -0.   -0.   -0.   -0.   -0.   -0.    0.    0.    0.    0.    0.    0.
  0.    0.    0.01  0.   -0.    0.   -0.    0.    0.   -0.    0.    0.
  0.09  0.09  0.02 -0.    0.35  0.    0.02  0.01  0.03  0.09  0.36  0.11
  0.36  0.11  0.03  0.01  0.09  0.02  0.02 -0.    0.   -0.    0.    0.
  0.    0.    0.74  0.    0.    0.    0.    0.    0.    0.    0.    0.
  0.    0.    0.    0.  ]
orbital number 2 energy -13.189939565044828
[ 0.   -0.    0.    0.    0.    0.   -0.   -0.   -0.   -0.   -0.   -0.
 -0.   -0.    0.    0.   -0.   -0.   -0.    0.   -0.    0.    0.    0.
 -0.    0.    0.    0.    0.    0.   -0.    0.    0.   -0.    0.    0.
  0.   -0.   -0.    0.   -0.    0.   -0.01  0.   -0.    0.   -0.03 -0.11
 -0.09 -0.02  0.   -0.09  0.   -0.02 -0.   -0.   -0.02  0.   -0.35  0.
  0.    0.    0.   -0.01  0.   -0.09  0.    0.    0.    0.    0.    0.
  0.    0.    0.    0.    0.    0.    0.   -0.02 -0.01 -0.03 -0.09 -0.36
 -0.11 -0.36  0.   -0.74 -0.   -0.   -0.   -0.   -0.   -0.   -0.   -0.
 -0.   -0.   -0.   -0.  ]
orbital number 3 energy -8.61390711084449
[ 0.21  0.24  0.21  0.14  0.15  0.14  0.16  0.14  0.11  0.07  0.07  0.01
  0.07  0.11  0.13  0.1   0.06  0.06  0.06  0.1   0.24  0.2   0.16  0.09
  0.08  0.09  0.16  0.23  0.19  0.12  0.11  0.12  0.19  0.11  0.15  0.17
  0.15  0.11  0.14  0.02  0.05  0.02  0.    0.01  0.01  0.01  0.    0.01
  0.    0.   -0.   -0.01  0.01 -0.    0.01  0.01 -0.    0.01 -0.01  0.03
 -0.01 -0.01 -0.01 -0.   -0.02 -0.01  0.04  0.07  0.04  0.02  0.02  0.03
 -0.    0.01  0.01  0.    0.    0.   -0.01  0.02  0.04  0.02  0.01  0.01
  0.02 -0.   -0.01 -0.01  0.17  0.16  0.09  0.09  0.08  0.08  0.12  0.12
  0.15  0.15  0.12  0.12]
orbital number 4 energy -8.552489020430857
[-0.1  -0.14 -0.1  -0.04 -0.   -0.04  0.25  0.24  0.21  0.13  0.13  0.01
  0.13  0.2   0.22  0.18  0.11  0.1   0.11  0.18 -0.17 -0.15 -0.12 -0.07
 -0.07 -0.07 -0.12 -0.18 -0.15 -0.1  -0.1  -0.1  -0.15  0.1   0.18  0.22
  0.17  0.09  0.07 -0.02 -0.04 -0.02  0.   -0.01 -0.01 -0.01  0.01  0.02
  0.    0.    0.01 -0.01  0.03 -0.01  0.01  0.01 -0.01  0.03 -0.02  0.06
  0.01  0.01  0.01 -0.01  0.02 -0.01 -0.03 -0.06 -0.03 -0.02 -0.01 -0.03
  0.   -0.01 -0.01 -0.   -0.   -0.    0.01  0.04  0.08  0.05  0.03  0.02
  0.03 -0.    0.01 -0.01 -0.08 -0.08  0.17  0.16  0.14  0.14 -0.1  -0.1
 -0.12 -0.13  0.14  0.14]
orbital number 5 energy -8.241278183206216
[-0.2  -0.15 -0.19 -0.16 -0.2  -0.16  0.02  0.13  0.17  0.13  0.14  0.01
  0.12  0.16  0.05  0.05  0.04  0.04  0.04  0.05  0.01  0.02  0.02  0.02
  0.02  0.02  0.02  0.15  0.19  0.15  0.17  0.15  0.19 -0.15 -0.17 -0.12
 -0.17 -0.15 -0.19  0.01  0.01  0.    0.02  0.    0.    0.    0.03  0.05
  0.01  0.01 -0.03 -0.04  0.01 -0.03  0.01  0.01 -0.03  0.01 -0.06  0.02
 -0.05 -0.05 -0.04 -0.02 -0.07 -0.04  0.08  0.14  0.1   0.06  0.05  0.1
  0.01  0.06  0.04  0.02  0.01  0.01 -0.04  0.07  0.12  0.08  0.05  0.04
  0.08  0.01 -0.03 -0.02 -0.18 -0.18  0.15  0.15  0.05  0.05  0.02  0.02
  0.17  0.18 -0.16 -0.15]
orbital number 6 energy -8.172123144424457
[ 0.04  0.05  0.04  0.02 -0.01  0.02 -0.03  0.12  0.17  0.14  0.17 -0.02
  0.14  0.17 -0.12 -0.14 -0.1  -0.1  -0.1  -0.14  0.04  0.17  0.2   0.14
  0.15  0.14  0.2  -0.11 -0.16 -0.13 -0.16 -0.13 -0.16 -0.06 -0.09 -0.08
 -0.09 -0.06 -0.05  0.05  0.09  0.05  0.03  0.03  0.03  0.03  0.05  0.08
  0.02  0.02  0.04 -0.07 -0.03 -0.05 -0.02 -0.02 -0.05 -0.03 -0.1  -0.07
  0.07  0.07  0.05 -0.04  0.1  -0.07 -0.09 -0.15 -0.11 -0.07 -0.07 -0.12
 -0.02 -0.08 -0.05 -0.03 -0.02 -0.02  0.05  0.1   0.15  0.11  0.08  0.07
  0.12  0.02  0.03 -0.03  0.04  0.04  0.16  0.15 -0.12 -0.12  0.18  0.18
 -0.14 -0.15 -0.09 -0.08]
orbital number 7 energy -8.147776781761246
[-0.09 -0.05 -0.08 -0.07 -0.09 -0.07  0.03 -0.07 -0.11 -0.1  -0.12  0.04
 -0.09 -0.11  0.2   0.25  0.18  0.19  0.18  0.25  0.03  0.18  0.21  0.15
  0.17  0.15  0.21 -0.04 -0.07 -0.06 -0.08 -0.06 -0.07 -0.07 -0.07 -0.04
 -0.07 -0.06 -0.09  0.06  0.11  0.06 -0.02  0.04  0.03  0.04 -0.04 -0.07
 -0.02 -0.02  0.03  0.05  0.07  0.04  0.04  0.03  0.04  0.07  0.08  0.12
  0.04  0.04  0.03  0.04  0.06  0.06 -0.05 -0.08 -0.06 -0.04 -0.04 -0.07
 -0.02 -0.05 -0.03 -0.02 -0.01 -0.01  0.03 -0.07 -0.11 -0.09 -0.06 -0.05
 -0.09 -0.02  0.02  0.03 -0.08 -0.08 -0.11 -0.1   0.23  0.23  0.2   0.2
 -0.07 -0.07 -0.07 -0.06]
orbital number 8 energy -8.032322130306687
[ 0.22  0.19  0.22  0.12  0.07  0.12 -0.04 -0.01  0.01  0.02  0.04  0.03
  0.02  0.01  0.1   0.15  0.12  0.13  0.12  0.15  0.04 -0.11 -0.16 -0.12
 -0.13 -0.12 -0.16  0.01 -0.   -0.02 -0.04 -0.02 -0.   -0.13 -0.23 -0.2
 -0.22 -0.13 -0.08 -0.05 -0.09 -0.05  0.03 -0.03 -0.03 -0.03  0.04  0.07
  0.02  0.02  0.05 -0.06  0.05 -0.04  0.03  0.03 -0.05  0.05 -0.08  0.09
  0.07  0.07  0.05 -0.04  0.09 -0.06 -0.05 -0.06 -0.06 -0.04 -0.05 -0.09
 -0.04 -0.08 -0.05 -0.03 -0.03 -0.03  0.05  0.04  0.06  0.06  0.04  0.04
  0.08  0.03  0.02 -0.02  0.23  0.21  0.01  0.01  0.15  0.15 -0.15 -0.15
 -0.   -0.   -0.24 -0.22]
orbital number 9 energy -7.965847252961025
[-0.07 -0.05 -0.07 -0.05 -0.05 -0.05  0.02  0.05  0.05  0.02 -0.   -0.01
  0.02  0.05 -0.03 -0.05 -0.04 -0.04 -0.04 -0.04  0.02 -0.03 -0.05 -0.04
 -0.04 -0.04 -0.05  0.13  0.15  0.07  0.02  0.08  0.16  0.01  0.03  0.04
  0.03  0.01 -0.01 -0.02 -0.03 -0.02 -0.05 -0.01 -0.01 -0.01 -0.07 -0.11
 -0.05 -0.04  0.18  0.1  -0.02  0.08 -0.01 -0.01  0.08 -0.02  0.12 -0.03
  0.25  0.25  0.2   0.07  0.32  0.1  -0.1  -0.1  -0.17 -0.12 -0.15 -0.28
 -0.16 -0.28 -0.18 -0.13 -0.13 -0.11  0.2  -0.04 -0.05 -0.07 -0.05 -0.06
 -0.11 -0.06  0.06  0.02 -0.08 -0.07  0.05  0.05 -0.05 -0.04 -0.05 -0.05
  0.16  0.16  0.04  0.03]
orbital number 10 energy -7.946681482231581
[ 0.08  0.07  0.08  0.04  0.02  0.04  0.02  0.14  0.17  0.09  0.04 -0.01
  0.08  0.16 -0.02 -0.03 -0.02 -0.03 -0.02 -0.03  0.01 -0.01 -0.01 -0.01
 -0.01 -0.01 -0.01 -0.05 -0.06 -0.03 -0.02 -0.04 -0.06 -0.07 -0.11 -0.08
 -0.1  -0.06 -0.05 -0.   -0.01 -0.   -0.13 -0.   -0.   -0.   -0.18 -0.27
 -0.12 -0.11 -0.06  0.25 -0.01  0.2  -0.01 -0.01  0.2  -0.01  0.32 -0.02
 -0.08 -0.08 -0.06  0.18 -0.1   0.25  0.02  0.02  0.05  0.03  0.05  0.08
  0.05  0.09  0.06  0.04  0.04  0.04 -0.06 -0.09 -0.09 -0.16 -0.11 -0.15
 -0.27 -0.16 -0.02  0.06  0.09  0.08  0.18  0.16 -0.03 -0.03 -0.01 -0.01
 -0.06 -0.07 -0.11 -0.11]
orbital number 11 energy -7.360724374123597
[ 0.03 -0.01  0.02  0.03  0.04  0.03 -0.02 -0.02 -0.01  0.01  0.03  0.01
  0.01 -0.01 -0.01  0.    0.01  0.02  0.01  0.   -0.07 -0.03  0.    0.03
  0.06  0.03  0.   -0.12 -0.09  0.05  0.19  0.04 -0.11  0.01 -0.01 -0.01
 -0.01  0.01  0.02  0.06  0.08  0.06 -0.03  0.05  0.05  0.05 -0.02 -0.02
 -0.04 -0.03  0.1   0.02  0.01  0.02  0.01  0.01  0.02  0.01  0.01  0.02
  0.1   0.09  0.1   0.02  0.07  0.02  0.31  0.35  0.25  0.28  0.23  0.17
 -0.3  -0.16 -0.18 -0.2  -0.27 -0.24  0.1   0.04  0.05  0.04  0.04  0.03
  0.02 -0.04 -0.04 -0.01  0.04  0.03 -0.02 -0.02  0.    0.    0.01  0.
 -0.13 -0.16 -0.01 -0.01]
orbital number 12 energy -7.345443016516906
[-0.01 -0.01 -0.01  0.    0.01 -0.   -0.07 -0.12 -0.11  0.04  0.19  0.06
  0.05 -0.09 -0.03 -0.    0.03  0.07  0.03  0.    0.    0.   -0.   -0.
 -0.   -0.    0.    0.02  0.02 -0.   -0.02 -0.    0.02  0.03  0.03 -0.01
  0.03  0.03  0.03 -0.   -0.   -0.   -0.19 -0.   -0.   -0.   -0.17 -0.15
 -0.27 -0.23 -0.01  0.1   0.07  0.11  0.06  0.06  0.11  0.07  0.08  0.09
 -0.01 -0.01 -0.01  0.11 -0.01  0.1  -0.04 -0.05 -0.04 -0.04 -0.03 -0.03
  0.04  0.02  0.03  0.03  0.04  0.03 -0.01  0.31  0.35  0.25  0.28  0.23
  0.17 -0.3   0.01 -0.05 -0.02 -0.02 -0.17 -0.14 -0.    0.   -0.    0.
  0.02  0.03  0.04  0.04]
orbital number 13 energy -7.220733541619769
[-0.    0.01  0.   -0.01 -0.03 -0.01  0.06 -0.01 -0.06 -0.03  0.   -0.3
 -0.01 -0.02  0.13  0.12 -0.05 -0.22 -0.06  0.11  0.03  0.05  0.04 -0.02
 -0.08 -0.02  0.04 -0.   -0.01 -0.   -0.   -0.01 -0.02 -0.03 -0.02  0.02
 -0.01 -0.02 -0.04 -0.12 -0.15 -0.12 -0.05 -0.11 -0.11 -0.11 -0.04 -0.03
 -0.06 -0.05 -0.    0.   -0.33  0.   -0.31 -0.3   0.   -0.33  0.   -0.4
 -0.   -0.   -0.    0.   -0.    0.    0.02  0.02  0.01  0.02  0.02  0.01
 -0.02 -0.01 -0.02 -0.02 -0.02 -0.02 -0.    0.06  0.05  0.04  0.06  0.06
  0.03 -0.06  0.   -0.   -0.    0.01 -0.09 -0.04  0.19  0.17  0.07  0.06
 -0.01 -0.04 -0.04 -0.01]
orbital number 14 energy -7.215819071324649
[ 0.04 -0.01  0.01  0.02  0.02  0.03  0.02 -0.   -0.02 -0.01  0.   -0.11
 -0.   -0.01  0.05  0.05 -0.02 -0.08 -0.02  0.04 -0.06 -0.13 -0.12  0.05
  0.22  0.06 -0.11  0.    0.02  0.01  0.    0.03  0.05 -0.01 -0.02 -0.
 -0.01 -0.    0.01  0.33  0.4   0.33 -0.01  0.31  0.3   0.31 -0.01 -0.01
 -0.02 -0.02  0.    0.   -0.13  0.   -0.12 -0.11  0.   -0.12  0.   -0.15
  0.    0.    0.    0.    0.    0.   -0.04 -0.03 -0.03 -0.05 -0.05 -0.03
  0.05  0.03  0.04  0.04  0.05  0.05  0.    0.02  0.01  0.01  0.02  0.02
  0.01 -0.02 -0.   -0.    0.06  0.01 -0.03 -0.01  0.08  0.07 -0.19 -0.17
  0.03  0.09 -0.04 -0.01]
orbital number 15 energy -7.168396225526788
[ 0.04 -0.   -0.04 -0.02 -0.    0.02  0.    0.   -0.   -0.   -0.    0.
  0.    0.   -0.   -0.   -0.    0.    0.   -0.   -0.    0.01  0.01  0.
 -0.01 -0.    0.   -0.01 -0.36 -0.17 -0.    0.16  0.34 -0.   -0.    0.
  0.    0.   -0.   -0.02 -0.02 -0.02 -0.   -0.02 -0.02 -0.02 -0.   -0.
 -0.   -0.   -0.01 -0.    0.   -0.    0.    0.   -0.    0.   -0.    0.
 -0.   -0.   -0.01 -0.   -0.   -0.    0.01  0.01  0.    0.01  0.01  0.
 -0.01 -0.01 -0.01 -0.01 -0.01 -0.01 -0.01  0.   -0.    0.    0.    0.
 -0.   -0.    0.    0.    0.07 -0.07 -0.    0.   -0.   -0.    0.02  0.01
 -0.59  0.58 -0.    0.  ]
orbital number 16 energy -7.160210556057253
[ 0.34 -0.01 -0.36 -0.17 -0.01  0.16  0.    0.   -0.   -0.   -0.    0.
  0.    0.   -0.   -0.   -0.    0.    0.   -0.   -0.    0.    0.   -0.
 -0.01  0.    0.01  0.    0.04  0.02 -0.   -0.02 -0.04 -0.01 -0.02  0.
  0.03  0.01 -0.   -0.01 -0.01 -0.01 -0.   -0.01 -0.01 -0.01 -0.   -0.
 -0.   -0.    0.   -0.    0.   -0.    0.    0.   -0.    0.   -0.    0.
  0.    0.    0.   -0.    0.   -0.   -0.   -0.   -0.   -0.   -0.   -0.
  0.    0.    0.    0.    0.    0.    0.    0.    0.    0.    0.    0.
  0.   -0.   -0.    0.    0.59 -0.59 -0.    0.   -0.   -0.    0.    0.02
  0.07 -0.07 -0.03  0.04]
orbital number 17 energy -7.148537405852377
[-0.01 -0.    0.01  0.01  0.   -0.    0.    0.01 -0.31 -0.14  0.    0.02
  0.16  0.33 -0.01 -0.01 -0.    0.01 -0.   -0.01 -0.    0.    0.    0.
 -0.   -0.    0.   -0.    0.    0.    0.   -0.   -0.   -0.06 -0.14  0.
  0.14  0.07  0.   -0.   -0.   -0.    0.01 -0.   -0.   -0.    0.01  0.01
  0.01  0.01  0.    0.    0.02  0.    0.02  0.02  0.    0.02  0.    0.02
  0.    0.    0.    0.    0.    0.   -0.   -0.   -0.   -0.   -0.   -0.
  0.    0.    0.    0.    0.    0.    0.   -0.01 -0.01 -0.01 -0.01 -0.01
 -0.01  0.01 -0.   -0.   -0.02  0.02 -0.53  0.54 -0.02 -0.02  0.    0.
  0.   -0.   -0.24  0.24]
orbital number 18 energy -7.146812112643609
[-0.02 -0.    0.02  0.01  0.01 -0.01  0.   -0.01  0.14  0.06 -0.    0.
 -0.07 -0.15 -0.   -0.01 -0.    0.    0.    0.01 -0.    0.    0.    0.
 -0.   -0.    0.   -0.   -0.   -0.    0.    0.    0.   -0.14 -0.31  0.01
  0.33  0.16  0.01 -0.   -0.   -0.   -0.01 -0.   -0.   -0.   -0.   -0.
 -0.01 -0.01  0.   -0.    0.   -0.    0.    0.   -0.    0.   -0.    0.
  0.    0.    0.   -0.    0.   -0.   -0.   -0.   -0.   -0.   -0.   -0.
  0.    0.    0.    0.    0.    0.    0.    0.    0.    0.    0.01  0.01
  0.   -0.01 -0.    0.   -0.04  0.03  0.24 -0.24 -0.01  0.01  0.    0.
 -0.    0.   -0.54  0.54]
orbital number 19 energy -7.103325659896925
[-0.   -0.    0.    0.    0.   -0.    0.   -0.    0.    0.    0.   -0.
 -0.   -0.    0.   -0.01 -0.   -0.    0.    0.01  0.    0.   -0.35 -0.16
 -0.    0.16  0.35  0.   -0.01 -0.   -0.    0.    0.   -0.   -0.   -0.
 -0.   -0.    0.   -0.01 -0.01 -0.01  0.   -0.01 -0.01 -0.01  0.    0.
  0.    0.   -0.01  0.   -0.    0.   -0.   -0.    0.   -0.    0.   -0.
 -0.   -0.   -0.    0.   -0.    0.    0.   -0.   -0.    0.    0.   -0.
 -0.   -0.01 -0.01 -0.01 -0.   -0.01 -0.   -0.    0.   -0.   -0.    0.
  0.    0.    0.   -0.   -0.01  0.    0.   -0.   -0.01  0.01 -0.59  0.59
 -0.01  0.01 -0.   -0.  ]
orbital number 20 energy -7.099609140183739
[-0.   -0.   -0.    0.    0.    0.   -0.    0.    0.    0.   -0.    0.01
 -0.   -0.   -0.    0.35  0.16  0.   -0.17 -0.36 -0.    0.   -0.01 -0.
 -0.    0.    0.01 -0.   -0.    0.    0.    0.    0.   -0.   -0.01 -0.
  0.01  0.    0.   -0.   -0.   -0.    0.   -0.   -0.   -0.    0.    0.
  0.    0.    0.    0.    0.01  0.    0.01  0.01  0.    0.01  0.    0.01
  0.    0.    0.    0.    0.    0.   -0.    0.    0.   -0.   -0.    0.
  0.    0.    0.    0.    0.    0.    0.   -0.    0.    0.   -0.   -0.
 -0.    0.   -0.   -0.   -0.   -0.    0.01 -0.01  0.59 -0.59 -0.01  0.01
 -0.    0.   -0.01  0.01]
orbital number 21 energy -7.0711252384429395
[-0.    0.01 -0.01 -0.01 -0.01 -0.01  0.    0.   -0.   -0.   -0.    0.
 -0.   -0.   -0.   -0.   -0.    0.   -0.   -0.    0.02 -0.   -0.01 -0.
  0.01 -0.01 -0.02  0.04  0.04 -0.03 -0.09 -0.03  0.03 -0.    0.    0.
  0.   -0.   -0.01  0.02  0.02  0.02 -0.    0.02  0.02  0.02 -0.   -0.
 -0.   -0.   -0.35 -0.    0.   -0.    0.    0.   -0.    0.   -0.    0.
 -0.25 -0.25 -0.33 -0.   -0.1  -0.   -0.04 -0.14 -0.16  0.06  0.16 -0.16
 -0.08 -0.3  -0.3  -0.28 -0.18 -0.24 -0.32  0.   -0.   -0.    0.    0.
 -0.   -0.    0.21  0.   -0.01 -0.01 -0.   -0.   -0.   -0.   -0.02 -0.03
  0.08  0.05  0.    0.01]
orbital number 22 energy -7.057528386403736
[-0.   -0.   -0.    0.    0.01  0.   -0.02 -0.04 -0.03  0.03  0.09 -0.02
  0.02 -0.04  0.    0.01  0.   -0.    0.    0.01 -0.    0.    0.    0.
 -0.    0.    0.    0.    0.    0.   -0.   -0.    0.    0.01  0.   -0.01
  0.    0.01  0.01 -0.   -0.   -0.    0.28 -0.   -0.   -0.    0.31  0.31
  0.19  0.25 -0.    0.24 -0.02  0.32 -0.02 -0.02  0.32 -0.02  0.1  -0.02
 -0.   -0.   -0.    0.34 -0.    0.24 -0.   -0.   -0.    0.    0.   -0.
 -0.   -0.   -0.   -0.   -0.   -0.   -0.    0.03  0.13  0.15 -0.06 -0.16
  0.17  0.1   0.   -0.21 -0.   -0.01 -0.05 -0.07  0.02  0.02  0.    0.
  0.    0.    0.01  0.01]
orbital number 23 energy -6.533021254281023
[ 0.07  0.13  0.08 -0.21 -0.46 -0.22  0.11  0.04 -0.02 -0.03 -0.03  0.02
 -0.03 -0.02  0.04 -0.02 -0.02 -0.02 -0.02 -0.02  0.11  0.04 -0.02 -0.02
 -0.02 -0.02 -0.02  0.05 -0.02 -0.03 -0.03 -0.03 -0.02 -0.22  0.07  0.14
  0.08 -0.21 -0.46  0.02  0.01  0.02 -0.    0.02  0.03  0.02  0.01  0.01
 -0.01 -0.01  0.01  0.01  0.02  0.01  0.02  0.03  0.01  0.02 -0.    0.01
  0.01  0.01  0.01  0.01 -0.    0.01  0.01 -0.01  0.01  0.02  0.02  0.03
 -0.01  0.01  0.01 -0.   -0.01 -0.01  0.01  0.01 -0.01  0.01  0.02  0.02
  0.03 -0.01 -0.01 -0.01  0.25  0.26 -0.05 -0.05 -0.06 -0.06 -0.06 -0.06
 -0.05 -0.05  0.25  0.26]
orbital number 24 energy -6.127635818342201
[-0.01  0.06 -0.01  0.    0.01  0.   -0.01 -0.01 -0.    0.02  0.03 -0.
  0.02 -0.   -0.01  0.    0.    0.    0.    0.    0.12  0.06 -0.01 -0.02
 -0.03 -0.02 -0.01  0.1   0.03 -0.25 -0.44 -0.26  0.02  0.01 -0.   -0.01
 -0.    0.01  0.02  0.01 -0.01  0.01  0.    0.02  0.02  0.02 -0.01 -0.01
  0.01  0.01  0.16 -0.   -0.   -0.01 -0.   -0.   -0.01 -0.    0.01  0.
  0.02  0.02  0.12 -0.01 -0.09 -0.   -0.07 -0.26  0.05  0.14  0.27  0.34
 -0.15  0.18  0.08 -0.05 -0.21 -0.17  0.12  0.    0.02 -0.   -0.01 -0.02
 -0.02  0.01 -0.09  0.01 -0.09 -0.09 -0.01 -0.01  0.01  0.01 -0.06 -0.06
  0.24  0.24 -0.01 -0.01]
orbital number 25 energy -6.116971686326292
[-0.   -0.   -0.    0.01  0.02  0.01  0.12  0.09  0.02 -0.26 -0.45  0.02
 -0.25  0.03  0.06 -0.01 -0.02 -0.03 -0.02 -0.01  0.    0.   -0.   -0.
 -0.   -0.   -0.    0.    0.   -0.01 -0.03 -0.02  0.    0.   -0.01  0.06
 -0.01  0.    0.01  0.   -0.    0.   -0.05  0.    0.    0.    0.08  0.18
 -0.21 -0.16  0.01  0.02  0.01  0.12  0.02  0.02  0.12  0.01 -0.09 -0.01
  0.    0.    0.01  0.16 -0.01  0.02 -0.   -0.02  0.    0.01  0.02  0.02
 -0.01  0.01  0.   -0.   -0.01 -0.01  0.01 -0.06 -0.25  0.05  0.14  0.27
  0.34 -0.15 -0.01 -0.09 -0.02 -0.02  0.25  0.25 -0.06 -0.06 -0.   -0.
  0.02  0.02 -0.09 -0.09]
orbital number 26 energy -5.934589697140485
[ 0.01 -0.26  0.02  0.   -0.01 -0.    0.01  0.01 -0.    0.    0.    0.
  0.   -0.    0.01 -0.   -0.   -0.   -0.   -0.   -0.46 -0.25  0.02  0.09
  0.13  0.09  0.02 -0.27  0.02 -0.01 -0.02 -0.02  0.01 -0.01 -0.    0.01
  0.   -0.01 -0.01 -0.03  0.04 -0.03  0.   -0.08 -0.11 -0.08 -0.   -0.
  0.    0.    0.01 -0.    0.   -0.    0.    0.   -0.    0.    0.   -0.
  0.    0.    0.01 -0.   -0.01 -0.   -0.01 -0.02  0.    0.    0.02  0.02
 -0.01  0.01  0.01 -0.   -0.01 -0.01  0.01  0.    0.    0.   -0.   -0.
 -0.    0.   -0.    0.    0.31  0.32 -0.01 -0.01 -0.   -0.    0.21  0.21
  0.34  0.33  0.    0.  ]
orbital number 27 energy -5.912481355796981
[ 0.   -0.    0.   -0.01 -0.01 -0.01 -0.47 -0.26  0.01 -0.02 -0.02 -0.09
 -0.01  0.02 -0.26  0.02  0.1   0.15  0.1   0.02 -0.   -0.    0.    0.
  0.    0.    0.   -0.    0.   -0.   -0.   -0.    0.   -0.01  0.01 -0.26
  0.02  0.   -0.01 -0.    0.   -0.   -0.   -0.   -0.   -0.    0.    0.01
 -0.01 -0.01  0.    0.   -0.03  0.01 -0.09 -0.12  0.   -0.03 -0.    0.05
 -0.   -0.    0.    0.01 -0.    0.   -0.   -0.    0.    0.    0.    0.
 -0.    0.    0.   -0.   -0.   -0.    0.   -0.01 -0.01  0.    0.    0.01
  0.02 -0.01 -0.   -0.    0.01  0.01  0.32  0.33  0.2   0.2   0.    0.
  0.    0.    0.32  0.32]
orbital number 28 energy -5.8495069840945675
[ 0.   -0.02  0.   -0.   -0.   -0.    0.    0.    0.    0.   -0.   -0.01
 -0.    0.    0.   -0.    0.01  0.02  0.01 -0.   -0.03 -0.02  0.01 -0.29
 -0.46 -0.29  0.01 -0.02  0.   -0.    0.   -0.    0.    0.   -0.    0.
 -0.    0.    0.    0.07 -0.17  0.08 -0.    0.28  0.36  0.28  0.    0.
 -0.   -0.   -0.   -0.   -0.    0.   -0.01 -0.02  0.   -0.   -0.    0.01
 -0.   -0.   -0.    0.    0.   -0.    0.    0.    0.   -0.   -0.   -0.
  0.   -0.   -0.    0.    0.    0.   -0.   -0.   -0.    0.    0.    0.
  0.   -0.    0.   -0.    0.02  0.02 -0.   -0.   -0.02 -0.02  0.37  0.38
  0.02  0.02 -0.   -0.  ]
orbital number 29 energy -5.84820925054497
[ 0.   -0.    0.    0.    0.    0.   -0.05 -0.02  0.   -0.    0.    0.28
 -0.    0.   -0.03  0.01 -0.29 -0.45 -0.29  0.01 -0.   -0.    0.   -0.01
 -0.02 -0.01  0.   -0.    0.   -0.   -0.   -0.    0.   -0.    0.   -0.02
  0.   -0.   -0.    0.   -0.01  0.    0.    0.01  0.02  0.01 -0.   -0.
  0.    0.    0.   -0.    0.08 -0.    0.28  0.36 -0.    0.07  0.   -0.16
 -0.   -0.   -0.   -0.    0.   -0.    0.    0.    0.   -0.   -0.   -0.
  0.   -0.    0.    0.   -0.    0.    0.    0.    0.    0.   -0.   -0.
 -0.    0.    0.    0.    0.    0.    0.03  0.03  0.38  0.39  0.02  0.02
  0.    0.    0.03  0.03]
orbital number 30 energy -5.400966002188821
[-0.01 -0.04 -0.01 -0.01 -0.   -0.01 -0.   -0.   -0.   -0.   -0.   -0.
 -0.   -0.   -0.   -0.    0.    0.    0.   -0.   -0.04 -0.03 -0.    0.
  0.01  0.   -0.    0.02  0.02  0.12  0.14  0.12  0.03  0.01  0.    0.
  0.    0.01  0.01  0.    0.01  0.    0.01 -0.01 -0.01 -0.01 -0.   -0.01
  0.01  0.02 -0.05 -0.    0.    0.   -0.   -0.    0.    0.   -0.    0.
  0.01  0.01 -0.03  0.    0.05 -0.   -0.39 -0.05  0.18 -0.44 -0.15  0.28
  0.1   0.32  0.03 -0.27 -0.25 -0.41 -0.03  0.02  0.   -0.01  0.02  0.
 -0.01 -0.    0.01 -0.    0.04  0.04  0.01  0.01  0.    0.    0.02  0.02
 -0.13 -0.12 -0.01 -0.01]
orbital number 31 energy -5.389367656859152
[-0.    0.   -0.   -0.01 -0.01 -0.01  0.04 -0.02 -0.03 -0.12 -0.14  0.01
 -0.12 -0.02  0.03  0.   -0.   -0.01 -0.    0.    0.01  0.    0.   -0.
 -0.   -0.    0.    0.   -0.   -0.01 -0.01 -0.01 -0.    0.01  0.01  0.04
  0.01  0.01  0.   -0.   -0.   -0.    0.27  0.    0.    0.   -0.03 -0.32
  0.26  0.41  0.   -0.01 -0.    0.03  0.01  0.01  0.03 -0.   -0.05 -0.01
 -0.   -0.    0.    0.05 -0.   -0.01  0.02  0.   -0.01  0.02  0.01 -0.01
 -0.   -0.01 -0.    0.01  0.01  0.02  0.    0.39  0.05 -0.18  0.44  0.14
 -0.28 -0.09 -0.   -0.01  0.01  0.01  0.12  0.12 -0.02 -0.02 -0.   -0.
  0.    0.   -0.04 -0.04]
orbital number 32 energy -5.087645810884402
[ 0.1   0.1   0.09  0.27  0.25  0.28  0.09  0.12  0.03  0.01 -0.03  0.02
  0.01  0.03  0.1   0.02 -0.01 -0.03 -0.01  0.02 -0.08 -0.1  -0.02  0.01
  0.03  0.01 -0.02 -0.12 -0.03 -0.01  0.03 -0.01 -0.03 -0.28 -0.1  -0.1
 -0.09 -0.27 -0.25  0.01  0.03  0.01  0.02 -0.02 -0.04 -0.02  0.01 -0.02
  0.    0.02 -0.04 -0.01 -0.01  0.02  0.02  0.04  0.02 -0.01 -0.04 -0.03
  0.01  0.01 -0.02  0.04  0.04 -0.01 -0.01  0.05  0.05 -0.06 -0.06  0.01
  0.02  0.02 -0.01 -0.02 -0.   -0.02 -0.02  0.01 -0.05 -0.05  0.05  0.05
 -0.01 -0.02  0.   -0.   -0.3  -0.29 -0.09 -0.1  -0.07 -0.07  0.07  0.07
  0.1   0.1   0.29  0.29]
orbital number 33 energy -4.921278192311148
[ 0.   -0.01  0.    0.01  0.02  0.01  0.    0.01  0.    0.    0.    0.
  0.    0.    0.    0.   -0.   -0.   -0.    0.   -0.02 -0.03 -0.01  0.
  0.01  0.   -0.01  0.01  0.01  0.04  0.03  0.04  0.02 -0.01 -0.01 -0.01
 -0.01 -0.01 -0.01  0.    0.01  0.   -0.01 -0.01 -0.01 -0.01 -0.01 -0.
  0.01 -0.    0.44 -0.01 -0.    0.01  0.    0.    0.01 -0.   -0.02 -0.
 -0.22 -0.14  0.28  0.02 -0.42 -0.01 -0.   -0.04 -0.07  0.04  0.04 -0.04
  0.35 -0.02 -0.33 -0.35  0.25 -0.07  0.2  -0.   -0.01 -0.01  0.01  0.01
 -0.    0.01  0.03  0.   -0.   -0.   -0.01 -0.01 -0.   -0.    0.02  0.02
 -0.04 -0.04  0.02  0.02]
orbital number 34 energy -4.90848980941359
[ 0.01  0.01  0.01  0.02  0.01  0.02  0.02 -0.02 -0.02 -0.05 -0.04  0.01
 -0.05 -0.02  0.03  0.01 -0.   -0.01 -0.    0.01 -0.01 -0.01 -0.    0.
  0.    0.   -0.   -0.01 -0.   -0.    0.   -0.   -0.   -0.02 -0.    0.01
 -0.   -0.02 -0.02  0.    0.    0.    0.34 -0.   -0.   -0.    0.32  0.02
 -0.24  0.08  0.02  0.13 -0.   -0.29  0.01  0.01 -0.19 -0.    0.42 -0.01
 -0.01 -0.01  0.01 -0.44 -0.02  0.24  0.    0.    0.   -0.   -0.   -0.
  0.02 -0.   -0.02 -0.02  0.01 -0.    0.01  0.01  0.05  0.08 -0.04 -0.05
  0.05 -0.34  0.   -0.04 -0.02 -0.02  0.05  0.05 -0.02 -0.02  0.01  0.01
  0.01  0.01  0.    0.  ]
orbital number 35 energy -4.863450428509065
[ 0.    0.    0.    0.    0.    0.    0.   -0.   -0.   -0.   -0.    0.
 -0.   -0.    0.    0.   -0.   -0.   -0.    0.   -0.   -0.   -0.    0.
  0.    0.   -0.   -0.   -0.   -0.    0.   -0.   -0.   -0.    0.    0.
  0.   -0.   -0.    0.    0.    0.    0.04 -0.   -0.   -0.    0.03 -0.
 -0.02  0.01 -0.    0.53 -0.    0.46  0.    0.   -0.51 -0.    0.04 -0.
 -0.    0.    0.   -0.04  0.   -0.49  0.    0.    0.   -0.   -0.   -0.
  0.    0.   -0.   -0.    0.   -0.   -0.    0.    0.01  0.01 -0.   -0.
  0.   -0.04  0.   -0.   -0.   -0.    0.    0.   -0.   -0.    0.    0.
  0.    0.   -0.   -0.  ]
orbital number 36 energy -4.863021033100921
[ 0.   -0.    0.    0.    0.    0.    0.    0.    0.    0.   -0.    0.
  0.    0.    0.    0.   -0.   -0.   -0.    0.   -0.   -0.   -0.    0.
  0.    0.   -0.    0.    0.    0.    0.    0.    0.   -0.   -0.   -0.
 -0.   -0.   -0.    0.    0.    0.    0.   -0.   -0.   -0.    0.   -0.
 -0.    0.    0.04  0.   -0.    0.    0.    0.   -0.   -0.    0.   -0.
  0.5  -0.53 -0.47 -0.   -0.03 -0.    0.   -0.   -0.01  0.    0.   -0.
  0.03  0.   -0.03 -0.03  0.02 -0.01  0.5  -0.   -0.   -0.    0.    0.
  0.   -0.    0.   -0.   -0.    0.   -0.   -0.   -0.   -0.    0.    0.
 -0.   -0.    0.    0.  ]
orbital number 37 energy -4.690719823184573
[-0.03 -0.1  -0.03  0.02  0.05  0.02 -0.03  0.12  0.08  0.1   0.04 -0.02
  0.1   0.07 -0.07 -0.02 -0.    0.02 -0.   -0.02 -0.06 -0.14 -0.05 -0.01
  0.04 -0.01 -0.05  0.16  0.11  0.16  0.07  0.17  0.12 -0.01 -0.03 -0.09
 -0.03 -0.01  0.02  0.03  0.07  0.02  0.13 -0.04 -0.07 -0.04  0.13  0.
 -0.11  0.02  0.1  -0.03  0.01  0.03 -0.02 -0.03  0.03  0.01 -0.05  0.03
 -0.05 -0.05  0.05  0.05 -0.09 -0.03 -0.11 -0.28 -0.26  0.15  0.25  0.
 -0.18  0.    0.19  0.19 -0.17  0.02  0.05 -0.07 -0.18 -0.16  0.1   0.16
  0.   -0.12  0.02  0.01  0.06  0.06 -0.15 -0.15  0.05  0.05  0.1   0.1
 -0.23 -0.23  0.07  0.07]
orbital number 38 energy -4.663085388199665
[-0.02  0.01 -0.02 -0.06 -0.05 -0.06 -0.07  0.14  0.11  0.17  0.07 -0.05
  0.16  0.1  -0.18 -0.06 -0.01  0.05 -0.01 -0.06  0.05  0.13  0.05  0.01
 -0.04  0.01  0.05 -0.08 -0.06 -0.1  -0.05 -0.11 -0.07  0.06  0.   -0.05
  0.    0.06  0.07 -0.03 -0.07 -0.02  0.19  0.04  0.07  0.04  0.19  0.
 -0.17  0.02 -0.06 -0.04  0.03  0.04 -0.05 -0.09  0.04  0.03 -0.08  0.09
  0.03  0.03 -0.03  0.09  0.06 -0.04  0.07  0.17  0.16 -0.09 -0.15  0.
  0.11 -0.   -0.11 -0.11  0.1  -0.01 -0.03 -0.11 -0.28 -0.26  0.14  0.25
  0.   -0.18 -0.02  0.02  0.03  0.03 -0.22 -0.21  0.13  0.13 -0.1  -0.1
  0.13  0.13 -0.   -0.01]
orbital number 39 energy -4.320322133407867
[ 0.09  0.23  0.09 -0.01 -0.11 -0.01  0.04  0.04 -0.   -0.04 -0.04 -0.11
 -0.03  0.   -0.23 -0.13 -0.08  0.04 -0.09 -0.13  0.04 -0.23 -0.13 -0.09
  0.05 -0.09 -0.13  0.04  0.01 -0.03 -0.04 -0.04  0.   -0.    0.09  0.23
  0.09 -0.01 -0.1   0.13  0.25  0.11 -0.03 -0.13 -0.24 -0.11 -0.03 -0.
  0.03  0.01 -0.02  0.01  0.11 -0.01 -0.13 -0.23 -0.01  0.12  0.02  0.24
  0.02  0.02 -0.01 -0.02  0.02  0.01  0.02  0.03  0.05 -0.01 -0.03  0.01
  0.02 -0.01 -0.04 -0.03  0.04  0.01 -0.01  0.02  0.03  0.04 -0.01 -0.03
  0.01  0.02 -0.01 -0.01 -0.14 -0.14 -0.   -0.    0.2   0.2   0.21  0.21
 -0.01 -0.   -0.14 -0.14]
orbital number 40 energy -4.245655144400785
[ 0.    0.    0.    0.    0.    0.    0.    0.    0.   -0.   -0.    0.01
 -0.    0.   -0.01 -0.01 -0.    0.   -0.   -0.01 -0.   -0.    0.    0.01
  0.   -0.01 -0.   -0.   -0.    0.    0.    0.   -0.   -0.    0.    0.01
  0.   -0.   -0.01 -0.5  -0.    0.5  -0.    0.5   0.   -0.5  -0.   -0.
  0.    0.    0.    0.   -0.01 -0.   -0.02 -0.01 -0.    0.02  0.    0.01
 -0.   -0.    0.   -0.   -0.    0.   -0.   -0.   -0.    0.    0.   -0.
 -0.    0.    0.    0.   -0.   -0.    0.    0.    0.    0.   -0.   -0.
  0.    0.    0.   -0.   -0.   -0.   -0.   -0.    0.01  0.01 -0.01  0.
  0.    0.   -0.   -0.  ]
orbital number 41 energy -4.243876539441289
[ 0.    0.01  0.   -0.   -0.   -0.   -0.   -0.   -0.    0.    0.   -0.5
  0.   -0.   -0.    0.    0.01  0.   -0.01 -0.    0.   -0.01 -0.   -0.
  0.   -0.   -0.    0.    0.   -0.   -0.   -0.    0.    0.    0.    0.
  0.    0.    0.   -0.01  0.01  0.02  0.    0.01 -0.01 -0.02  0.    0.
 -0.   -0.   -0.   -0.    0.5   0.    0.5   0.    0.   -0.5  -0.   -0.
  0.    0.   -0.    0.    0.   -0.    0.    0.    0.   -0.   -0.    0.
  0.   -0.   -0.   -0.    0.    0.   -0.   -0.   -0.   -0.    0.    0.
 -0.   -0.   -0.    0.   -0.   -0.    0.    0.   -0.01  0.    0.01  0.01
 -0.   -0.   -0.   -0.  ]
orbital number 42 energy -4.196709628775726
[ 0.   -0.1  -0.01  0.08  0.09  0.09  0.09  0.15  0.02 -0.09 -0.11 -0.13
 -0.08  0.03 -0.16 -0.12 -0.11  0.01 -0.11 -0.12 -0.09  0.16  0.11  0.11
 -0.01  0.11  0.12 -0.16 -0.03  0.09  0.12  0.09 -0.03 -0.09  0.01  0.11
  0.01 -0.09 -0.1  -0.12 -0.26 -0.14 -0.07  0.11  0.24  0.13 -0.1  -0.02
  0.1   0.04  0.07  0.04  0.14 -0.03 -0.11 -0.25 -0.03  0.12  0.06  0.26
 -0.04 -0.04  0.03 -0.06 -0.06  0.04 -0.05 -0.07 -0.12  0.02  0.07 -0.04
 -0.04  0.02  0.1   0.07 -0.1  -0.04  0.03  0.05  0.07  0.12 -0.02 -0.07
  0.04  0.04  0.04 -0.04  0.    0.01 -0.04 -0.04  0.17  0.18 -0.17 -0.17
  0.04  0.04 -0.01 -0.01]
orbital number 43 energy -3.9401680006748316
[ 0.1   0.19  0.09 -0.02 -0.1  -0.   -0.04 -0.2  -0.08  0.05  0.13  0.03
  0.07 -0.06 -0.    0.02  0.04  0.01  0.03  0.01 -0.02 -0.    0.01  0.02
  0.01  0.03  0.01 -0.21 -0.08  0.05  0.13  0.06 -0.08  0.02  0.09  0.17
  0.08 -0.   -0.09 -0.02 -0.04 -0.02  0.04  0.02  0.04  0.02  0.2   0.12
 -0.18 -0.17  0.07 -0.05 -0.04  0.03  0.03  0.06  0.02 -0.04 -0.06 -0.06
 -0.05 -0.05  0.03  0.07 -0.06 -0.05  0.16  0.01 -0.26  0.12 -0.09 -0.23
  0.1   0.19  0.26  0.02 -0.23 -0.25  0.03  0.08 -0.01 -0.2   0.07 -0.04
 -0.16  0.05  0.05  0.05 -0.12 -0.11  0.09  0.08 -0.02 -0.02 -0.01 -0.02
  0.1   0.1  -0.12 -0.11]
orbital number 44 energy -3.8852444723515536
[-0.02  0.   -0.01 -0.03 -0.01 -0.03 -0.02  0.08  0.05  0.02 -0.04  0.01
 -0.01  0.03 -0.    0.    0.01  0.01  0.02  0.01  0.03  0.01 -0.01 -0.03
 -0.02 -0.03 -0.01  0.02 -0.01 -0.04 -0.02 -0.03 -0.    0.03 -0.03 -0.09
 -0.03  0.03  0.06  0.03  0.06  0.04  0.04 -0.02 -0.06 -0.02 -0.25 -0.25
  0.2   0.29 -0.02  0.01 -0.02 -0.01  0.01  0.03 -0.   -0.02  0.01 -0.03
  0.01  0.01 -0.   -0.02  0.01  0.01  0.27  0.06 -0.19  0.16 -0.17 -0.21
  0.17  0.23  0.19 -0.07 -0.14 -0.26 -0.01 -0.26 -0.04  0.25 -0.16  0.16
  0.25 -0.17 -0.01 -0.01  0.02  0.02 -0.06 -0.04 -0.01 -0.01  0.02  0.02
  0.02  0.    0.04  0.03]
orbital number 45 energy -3.8270836429250896
[-0.1  -0.18 -0.09  0.01  0.1  -0.    0.05  0.19  0.05 -0.09 -0.13 -0.03
 -0.08  0.06  0.02 -0.02 -0.05 -0.03 -0.04 -0.01  0.04  0.02 -0.01 -0.03
 -0.02 -0.05 -0.02  0.2   0.05 -0.09 -0.13 -0.07  0.07 -0.02 -0.1  -0.17
 -0.08  0.    0.09  0.04  0.07  0.04 -0.13 -0.03 -0.07 -0.03  0.1   0.22
 -0.04 -0.21 -0.08  0.06  0.05 -0.03 -0.03 -0.08 -0.03  0.05  0.06  0.08
  0.06  0.06 -0.03 -0.07  0.06  0.05  0.25  0.05 -0.08  0.14 -0.17 -0.11
  0.16  0.18  0.07 -0.12 -0.01 -0.16 -0.03  0.29  0.06 -0.12  0.16 -0.19
 -0.15  0.19 -0.06 -0.06  0.12  0.1  -0.06 -0.07  0.02  0.01  0.01  0.02
 -0.06 -0.08  0.11  0.1 ]
orbital number 46 energy -3.5556295314664452
[ 0.09  0.19 -0.   -0.18 -0.14 -0.05 -0.05  0.25  0.15 -0.   -0.16  0.04
 -0.1   0.08 -0.1  -0.03  0.04  0.07  0.11  0.01  0.06  0.1  -0.01 -0.1
 -0.08 -0.06  0.03 -0.24 -0.05  0.14  0.16 -0.05 -0.18  0.03 -0.11 -0.2
  0.01  0.21  0.14  0.08  0.11  0.08 -0.13 -0.04 -0.11 -0.05 -0.07  0.09
  0.11 -0.02  0.12  0.09 -0.08 -0.04  0.04  0.11 -0.04 -0.08  0.08 -0.11
 -0.09 -0.09  0.04 -0.12 -0.08  0.09 -0.12  0.03  0.   -0.11  0.06 -0.04
 -0.08 -0.09  0.07  0.13 -0.11  0.02  0.04  0.13 -0.03 -0.    0.11 -0.07
  0.03  0.09  0.11 -0.11 -0.09  0.   -0.16 -0.09  0.03 -0.01  0.   -0.03
  0.06  0.18  0.11 -0.01]
orbital number 47 energy -3.527998061131487
[ 0.2  -0.02 -0.21 -0.3   0.01  0.31  0.   -0.02 -0.05 -0.05  0.01 -0.
  0.06  0.03 -0.    0.    0.    0.   -0.   -0.   -0.    0.    0.    0.
 -0.   -0.   -0.    0.01 -0.2  -0.3  -0.01  0.3   0.21 -0.27 -0.17  0.02
  0.18  0.26 -0.01  0.    0.    0.    0.01 -0.   -0.   -0.    0.   -0.01
 -0.01  0.   -0.01 -0.01  0.    0.   -0.   -0.    0.    0.   -0.01  0.
  0.01  0.01 -0.    0.01  0.01 -0.01  0.   -0.    0.    0.    0.    0.01
  0.    0.   -0.01 -0.01  0.01  0.01 -0.   -0.01  0.    0.   -0.01  0.01
 -0.   -0.01 -0.01  0.01 -0.2   0.21  0.05 -0.03 -0.    0.   -0.    0.
  0.2  -0.21  0.17 -0.19]
orbital number 48 energy -3.5243578936676587
[ 0.12 -0.05 -0.14 -0.17  0.03  0.22  0.01 -0.06 -0.11 -0.11  0.04 -0.01
  0.13  0.05  0.02  0.01 -0.01 -0.02 -0.03 -0.   -0.01 -0.03 -0.    0.03
  0.02  0.02 -0.01  0.07  0.3   0.38 -0.04 -0.41 -0.23 -0.21 -0.11  0.05
  0.13  0.16 -0.03 -0.02 -0.03 -0.02  0.03  0.01  0.03  0.01  0.02 -0.02
 -0.03  0.01 -0.03 -0.02  0.02  0.01 -0.01 -0.02  0.01  0.02 -0.02  0.02
  0.03  0.03 -0.01  0.03  0.02 -0.02  0.04 -0.01 -0.01  0.04 -0.02  0.
  0.03  0.03 -0.01 -0.04  0.03 -0.01 -0.01 -0.03  0.01  0.   -0.03  0.02
 -0.01 -0.02 -0.03  0.03 -0.12  0.15  0.11 -0.06 -0.01  0.    0.    0.01
 -0.31  0.23  0.11 -0.14]
orbital number 49 energy -3.519358129580954
[ 0.06 -0.03 -0.07 -0.09  0.02  0.12  0.01 -0.05  0.3   0.49  0.02 -0.01
 -0.49 -0.35  0.03  0.01 -0.02 -0.02 -0.02  0.   -0.01 -0.02 -0.    0.02
  0.01  0.01 -0.    0.04  0.05  0.05 -0.02 -0.06 -0.02 -0.06 -0.02  0.03
  0.04  0.03 -0.02 -0.01 -0.02 -0.01  0.02  0.01  0.02  0.01  0.02 -0.01
 -0.03 -0.01 -0.02 -0.02  0.02  0.01 -0.01 -0.03  0.01  0.02 -0.02  0.03
  0.01  0.01 -0.01  0.02  0.01 -0.02  0.02 -0.01 -0.    0.02 -0.01  0.
  0.01  0.01 -0.01 -0.02  0.02 -0.   -0.01 -0.01  0.01 -0.01 -0.01  0.
 -0.02 -0.01 -0.02  0.02 -0.06  0.08 -0.3   0.36 -0.01 -0.    0.    0.
 -0.06  0.02  0.02 -0.04]
orbital number 50 energy -3.500363258362479
[-0.22  0.01  0.23  0.34  0.   -0.33  0.   -0.02  0.01  0.03  0.01  0.
 -0.03 -0.03 -0.   -0.   -0.    0.    0.    0.   -0.   -0.02 -0.    0.02
  0.01  0.01 -0.01  0.01 -0.   -0.01 -0.    0.01  0.01 -0.39 -0.25  0.02
  0.26  0.38 -0.01 -0.01 -0.02 -0.01  0.01  0.01  0.02  0.01  0.01 -0.01
 -0.01  0.   -0.   -0.01 -0.    0.    0.    0.    0.   -0.   -0.01 -0.
  0.    0.   -0.    0.01  0.   -0.01  0.   -0.   -0.    0.   -0.    0.
  0.    0.   -0.   -0.    0.   -0.   -0.   -0.01  0.    0.   -0.01  0.
 -0.   -0.01 -0.    0.01  0.22 -0.24 -0.01  0.03  0.   -0.    0.    0.01
  0.   -0.01  0.25 -0.27]
orbital number 51 energy -3.4514740389566088
[-0.   -0.    0.    0.    0.   -0.    0.   -0.   -0.    0.    0.   -0.
  0.   -0.    0.   -0.   -0.01 -0.    0.    0.   -0.   -0.02 -0.35 -0.5
  0.01  0.52  0.34  0.02  0.01 -0.01 -0.01  0.    0.01 -0.   -0.    0.
  0.   -0.   -0.   -0.02 -0.01 -0.    0.    0.01  0.01 -0.    0.   -0.
 -0.    0.   -0.01 -0.    0.    0.   -0.   -0.    0.    0.   -0.    0.
  0.01  0.01 -0.    0.    0.01 -0.    0.01 -0.01 -0.    0.01 -0.    0.01
  0.01  0.01 -0.01 -0.01  0.01 -0.   -0.   -0.    0.    0.   -0.    0.
 -0.   -0.   -0.01  0.    0.    0.    0.    0.    0.   -0.    0.35 -0.34
 -0.01 -0.01  0.   -0.  ]
orbital number 52 energy -3.4486061269645467
[-0.    0.   -0.   -0.   -0.   -0.01 -0.    0.01  0.01  0.   -0.01  0.01
 -0.    0.    0.    0.34  0.51  0.   -0.51 -0.34  0.01  0.02 -0.   -0.02
 -0.01 -0.    0.01 -0.02 -0.01  0.    0.01  0.   -0.01  0.   -0.01 -0.02
 -0.    0.01  0.01  0.01  0.02  0.01 -0.01 -0.01 -0.02 -0.01 -0.01  0.01
  0.01 -0.    0.01  0.01 -0.01 -0.   -0.01  0.   -0.    0.01  0.01 -0.
 -0.01 -0.01  0.   -0.01 -0.01  0.01 -0.01  0.    0.   -0.01  0.   -0.
 -0.01 -0.01  0.01  0.01 -0.01  0.    0.    0.01 -0.   -0.    0.01 -0.
  0.    0.01  0.01 -0.01  0.    0.   -0.01 -0.01 -0.35  0.35  0.   -0.01
  0.01  0.01  0.01  0.  ]
orbital number 53 energy -3.3832349585373223
[-0.07 -0.1  -0.06  0.01  0.07 -0.01  0.07 -0.13 -0.08 -0.    0.08 -0.08
  0.02 -0.07  0.28  0.05 -0.18 -0.19 -0.15  0.07  0.07  0.27  0.05 -0.18
 -0.19 -0.15  0.07 -0.12 -0.07  0.01  0.08 -0.   -0.07 -0.02 -0.07 -0.09
 -0.06  0.    0.06  0.17  0.22  0.17  0.1  -0.08 -0.22 -0.08  0.06 -0.06
 -0.09 -0.    0.08 -0.07  0.17  0.03 -0.08 -0.22  0.03  0.17 -0.06  0.22
 -0.07 -0.07  0.02  0.09 -0.06 -0.07 -0.06  0.05  0.02 -0.08  0.02 -0.04
 -0.04 -0.06  0.06  0.09 -0.09 -0.    0.03 -0.06  0.05  0.02 -0.09  0.02
 -0.04 -0.05  0.08  0.09  0.07  0.06  0.08  0.07 -0.05 -0.07 -0.05 -0.07
  0.07  0.07  0.07  0.06]
orbital number 54 energy -3.1981338199955873
[ 0.09  0.29  0.08 -0.16 -0.2  -0.15  0.    0.   -0.01 -0.01 -0.   -0.06
  0.01  0.01  0.28  0.09 -0.14 -0.19 -0.15  0.09  0.   -0.28 -0.08  0.15
  0.19  0.13 -0.1  -0.   -0.01 -0.01  0.    0.01  0.01  0.15 -0.09 -0.29
 -0.09  0.15  0.2  -0.15 -0.17 -0.15 -0.    0.06  0.18  0.06 -0.    0.
  0.    0.    0.    0.    0.15 -0.   -0.06 -0.18 -0.    0.15  0.    0.17
 -0.   -0.    0.   -0.   -0.    0.   -0.    0.    0.   -0.   -0.   -0.
 -0.   -0.    0.    0.   -0.   -0.    0.    0.   -0.   -0.    0.    0.
  0.    0.    0.   -0.   -0.09 -0.08  0.01 -0.01 -0.09 -0.08  0.08  0.09
  0.01 -0.01  0.08  0.08]
orbital number 55 energy -2.9219174258257885
[-0.03 -0.05 -0.04  0.    0.04  0.02  0.03  0.12  0.02 -0.09 -0.07  0.02
 -0.09  0.02 -0.09 -0.04  0.04  0.07  0.04 -0.04  0.04 -0.13 -0.06  0.05
  0.09  0.06 -0.05  0.21  0.03 -0.16 -0.13 -0.15  0.04 -0.01 -0.01 -0.
 -0.02 -0.02  0.01 -0.06 -0.06 -0.06  0.13  0.02  0.07  0.02  0.09 -0.09
 -0.14 -0.02  0.2  -0.11 -0.04  0.03  0.02  0.05  0.03 -0.04 -0.06 -0.04
 -0.19 -0.19  0.05  0.12 -0.1  -0.11  0.04  0.27  0.22 -0.23 -0.12 -0.17
 -0.04 -0.16  0.15  0.22 -0.23 -0.04  0.05  0.02  0.16  0.13 -0.14 -0.07
 -0.1  -0.03  0.24  0.14  0.02  0.03 -0.02 -0.01  0.03  0.04  0.05  0.04
 -0.03 -0.03  0.01  0.02]
orbital number 56 energy -2.8993002038967655
[ 0.03  0.09  0.03 -0.05 -0.06 -0.05  0.03  0.22  0.04 -0.16 -0.14  0.01
 -0.16  0.05 -0.09 -0.04  0.04  0.07  0.03 -0.04 -0.01  0.04  0.02 -0.01
 -0.03 -0.02  0.02 -0.14 -0.03  0.1   0.09  0.09 -0.03  0.05 -0.04 -0.11
 -0.05  0.04  0.07  0.02  0.02  0.02  0.22 -0.01 -0.02 -0.01  0.15 -0.16
 -0.23 -0.04 -0.12 -0.19 -0.04  0.05  0.01  0.05  0.05 -0.04 -0.1  -0.04
  0.11  0.11 -0.03  0.2   0.06 -0.19 -0.03 -0.16 -0.13  0.14  0.07  0.1
  0.02  0.09 -0.09 -0.13  0.14  0.02 -0.03  0.04  0.27  0.22 -0.23 -0.12
 -0.17 -0.04 -0.14  0.24 -0.02 -0.03 -0.04 -0.04  0.03  0.04 -0.02 -0.01
  0.02  0.03  0.03  0.04]
orbital number 57 energy 0.0
[-0.17  0.04 -0.17 -0.09  0.18 -0.08  0.36 -0.04 -0.17 -0.01  0.17 -0.
 -0.01 -0.17 -0.05 -0.17 -0.01  0.17 -0.01 -0.17  0.36 -0.05 -0.17 -0.01
  0.17 -0.01 -0.17 -0.04 -0.17 -0.01  0.18 -0.01 -0.17 -0.08 -0.17  0.04
 -0.17 -0.09  0.18 -0.08  0.01 -0.08 -0.02 -0.    0.07 -0.   -0.    0.02
  0.02  0.   -0.02  0.02 -0.07  0.   -0.    0.07  0.   -0.07 -0.01  0.01
  0.02  0.02  0.   -0.02 -0.01  0.02 -0.06  0.01 -0.09  0.    0.06  0.01
 -0.01  0.03 -0.   -0.02  0.02  0.01  0.   -0.06  0.01 -0.09  0.    0.06
  0.01 -0.01 -0.03 -0.03  0.09  0.09  0.09  0.09  0.09  0.09  0.09  0.09
  0.09  0.09  0.09  0.09]
orbital number 58 energy 0.36793764919892125
[ 0.16  0.08  0.16 -0.05 -0.15 -0.05  0.37 -0.   -0.17 -0.03  0.18 -0.
 -0.03 -0.18 -0.01 -0.17 -0.02  0.18 -0.02 -0.17 -0.37  0.01  0.17  0.02
 -0.18  0.02  0.17 -0.    0.17  0.03 -0.18  0.03  0.17  0.05 -0.16 -0.08
 -0.16  0.05  0.16  0.08 -0.02  0.08 -0.02  0.   -0.07  0.    0.    0.03
  0.02  0.    0.02  0.02 -0.08  0.   -0.    0.08  0.   -0.08 -0.01  0.02
 -0.02 -0.02 -0.   -0.02  0.01  0.02  0.07 -0.02  0.1   0.   -0.06 -0.
  0.01 -0.03 -0.    0.02 -0.02 -0.   -0.   -0.07  0.02 -0.1  -0.    0.06
  0.   -0.01  0.03 -0.03 -0.08 -0.08  0.09  0.09  0.09  0.09 -0.09 -0.09
 -0.09 -0.09  0.08  0.08]
orbital number 59 energy 2.5835169961074516
[-0.04  0.08 -0.04 -0.06  0.08 -0.06  0.02 -0.11  0.03  0.09 -0.1  -0.01
  0.09  0.03  0.02 -0.01 -0.02  0.02 -0.01 -0.02  0.03  0.03 -0.03 -0.02
  0.04 -0.03 -0.02 -0.13  0.04  0.11 -0.11  0.12  0.03 -0.06 -0.04  0.08
 -0.04 -0.06  0.08 -0.03  0.03 -0.03 -0.   -0.01  0.03 -0.01 -0.13  0.09
 -0.09  0.13  0.26 -0.15 -0.02 -0.07 -0.01  0.02 -0.07 -0.02  0.21  0.02
 -0.2  -0.19 -0.1   0.2   0.27 -0.15  0.25 -0.17 -0.01 -0.01 -0.25  0.18
 -0.1   0.13 -0.18 -0.01 -0.12  0.19 -0.09  0.19 -0.14  0.    0.   -0.19
  0.14 -0.07  0.06  0.04  0.02  0.02 -0.01 -0.01  0.01  0.01  0.01  0.01
 -0.02 -0.01  0.01  0.02]
orbital number 60 energy 2.6033631173111806
[-0.01 -0.01 -0.01  0.01  0.01  0.01 -0.04  0.11 -0.02 -0.1   0.09  0.02
 -0.1  -0.02 -0.06  0.04  0.04 -0.07  0.04  0.04  0.03  0.05 -0.04 -0.04
  0.06 -0.04 -0.03 -0.07  0.01  0.07 -0.06  0.07  0.01  0.01  0.03 -0.02
  0.03  0.01 -0.03 -0.04  0.04 -0.04  0.02 -0.01  0.05 -0.01  0.18 -0.15
  0.11 -0.2   0.21  0.2   0.05  0.1   0.02 -0.05  0.1   0.05 -0.28 -0.05
 -0.15 -0.15 -0.08 -0.27  0.22  0.2   0.19 -0.11 -0.06 -0.03 -0.18  0.15
 -0.1   0.12 -0.14 -0.02 -0.09  0.16 -0.07 -0.25  0.16  0.05  0.03  0.24
 -0.19  0.12  0.04 -0.06  0.01  0.01  0.01  0.01 -0.02 -0.02  0.01  0.01
 -0.   -0.   -0.01 -0.01]
orbital number 61 energy 2.768374177143999
[ 0.06 -0.15  0.06  0.11 -0.14  0.11 -0.    0.14 -0.05 -0.11  0.13 -0.
 -0.1  -0.06  0.   -0.   -0.    0.   -0.01 -0.   -0.01 -0.03  0.02  0.02
 -0.04  0.03  0.02  0.19 -0.06 -0.15  0.17 -0.15 -0.07  0.11  0.05 -0.14
  0.06  0.11 -0.14  0.03 -0.03  0.03 -0.11  0.01 -0.03  0.01 -0.05  0.15
  0.01  0.13  0.08 -0.05 -0.   -0.03 -0.    0.   -0.02 -0.    0.08  0.
 -0.06 -0.05 -0.03  0.07  0.08 -0.05  0.08  0.19 -0.38 -0.24  0.11  0.09
 -0.2   0.2  -0.06 -0.15  0.02  0.17 -0.03  0.07  0.13 -0.28 -0.17  0.07
  0.08 -0.15  0.01  0.01 -0.03 -0.03  0.02  0.02  0.    0.   -0.01 -0.01
  0.03  0.03 -0.02 -0.02]
orbital number 62 energy 2.803930739339235
[ 0.01  0.02  0.01 -0.02  0.01 -0.02  0.03 -0.19  0.06  0.15 -0.17 -0.04
  0.15  0.06  0.13 -0.06 -0.09  0.13 -0.09 -0.07 -0.03 -0.13  0.07  0.09
 -0.13  0.1   0.07  0.14 -0.04 -0.12  0.12 -0.11 -0.04 -0.02 -0.03  0.03
 -0.03 -0.02  0.04  0.1  -0.11  0.1   0.14  0.04 -0.12  0.04  0.04 -0.18
 -0.03 -0.15  0.03  0.04 -0.1   0.03 -0.04  0.12  0.02 -0.1  -0.06  0.11
 -0.02 -0.02 -0.02 -0.06  0.03  0.04  0.04  0.16 -0.27 -0.18  0.1   0.05
 -0.14  0.13 -0.02 -0.11  0.02  0.11 -0.01 -0.07 -0.2   0.37  0.24 -0.13
 -0.08  0.19  0.   -0.01 -0.   -0.   -0.02 -0.02  0.03  0.03 -0.03 -0.03
  0.01  0.02  0.01  0.01]
orbital number 63 energy 2.8789389174405158
[-0.08  0.21 -0.07 -0.16  0.2  -0.16 -0.02  0.04 -0.01 -0.03  0.03  0.07
 -0.04 -0.01 -0.23  0.1   0.17 -0.22  0.17  0.1  -0.02 -0.22  0.1   0.17
 -0.22  0.16  0.1   0.03 -0.   -0.03  0.03 -0.03 -0.01 -0.16 -0.08  0.21
 -0.07 -0.16  0.2   0.17 -0.2   0.17 -0.03  0.07 -0.21  0.07 -0.    0.03
  0.01  0.03 -0.    0.    0.17 -0.    0.07 -0.22  0.    0.17  0.   -0.2
  0.    0.   -0.    0.   -0.   -0.    0.01  0.04 -0.06 -0.04  0.03  0.01
 -0.03  0.03  0.   -0.03  0.01  0.02  0.    0.01  0.05 -0.08 -0.05  0.04
  0.01 -0.04  0.    0.    0.03  0.03  0.    0.   -0.04 -0.04 -0.04 -0.04
  0.    0.    0.03  0.03]
orbital number 64 energy 3.1935678598906088
[ 0.01 -0.01  0.01 -0.   -0.01 -0.    0.02 -0.   -0.01  0.01  0.    0.02
  0.01 -0.01 -0.03  0.    0.03 -0.03  0.03  0.   -0.03  0.04 -0.   -0.03
  0.03 -0.03 -0.01 -0.01  0.02 -0.   -0.01 -0.    0.01 -0.   -0.02  0.01
 -0.02 -0.    0.02 -0.03  0.05 -0.03 -0.01 -0.02  0.05 -0.02  0.02 -0.01
  0.02 -0.02 -0.29 -0.01  0.03 -0.01  0.02 -0.04 -0.01  0.03  0.03 -0.04
  0.18  0.16  0.14  0.02 -0.31 -0.01  0.18  0.02 -0.18 -0.18 -0.01  0.14
  0.24  0.08 -0.44  0.29 -0.45  0.19  0.12 -0.02 -0.02  0.03  0.04 -0.02
 -0.01 -0.    0.04 -0.   -0.01 -0.01  0.    0.   -0.   -0.    0.    0.
 -0.01 -0.    0.01  0.01]
orbital number 65 energy 3.210379412959909
[ 0.04 -0.03  0.04  0.01 -0.05  0.    0.06  0.01 -0.04  0.02  0.02  0.04
  0.01 -0.03 -0.09  0.01  0.08 -0.08  0.08  0.01 -0.06  0.08 -0.01 -0.07
  0.07 -0.07 -0.01  0.01  0.02 -0.02 -0.   -0.03  0.02  0.01 -0.04  0.02
 -0.04  0.    0.03 -0.07  0.1  -0.07 -0.24 -0.04  0.1  -0.04  0.38 -0.08
  0.39 -0.18  0.02 -0.15  0.08 -0.13  0.04 -0.11 -0.11  0.08  0.29 -0.11
 -0.02 -0.   -0.01  0.27  0.02 -0.17 -0.01  0.06 -0.04 -0.05  0.06 -0.02
 -0.07  0.01  0.08 -0.08  0.09 -0.02 -0.   -0.19 -0.06  0.21  0.22 -0.02
 -0.13 -0.19 -0.   -0.04 -0.02 -0.02  0.01  0.01 -0.   -0.    0.    0.
 -0.01 -0.01  0.01  0.01]
orbital number 66 energy 3.2299017213121277
[ 0.09 -0.05  0.08 -0.   -0.08 -0.01  0.12 -0.02 -0.05  0.06  0.    0.08
  0.05 -0.05 -0.16  0.02  0.15 -0.14  0.15  0.02 -0.13  0.16 -0.01 -0.15
  0.14 -0.15 -0.02  0.02  0.05 -0.05 -0.01 -0.05  0.05 -0.   -0.09  0.06
 -0.09 -0.01  0.09 -0.15  0.22 -0.15  0.21 -0.08  0.21 -0.08 -0.25 -0.
 -0.27  0.07 -0.01  0.03  0.15  0.06  0.08 -0.21  0.02  0.15 -0.09 -0.21
 -0.01  0.02 -0.01 -0.09 -0.01  0.07  0.02  0.13 -0.12 -0.13  0.12 -0.02
 -0.11  0.02  0.11 -0.12  0.12 -0.01  0.02  0.05 -0.13  0.07  0.08 -0.13
  0.07  0.19  0.    0.01 -0.03 -0.03  0.02  0.02 -0.01 -0.01  0.    0.01
 -0.02 -0.02  0.03  0.03]
orbital number 67 energy 3.3124165355335617
[-0.   -0.   -0.    0.   -0.    0.   -0.    0.01 -0.   -0.    0.01 -0.
 -0.   -0.    0.   -0.   -0.    0.   -0.    0.    0.01 -0.01 -0.    0.01
 -0.    0.01 -0.    0.   -0.    0.    0.    0.   -0.    0.    0.   -0.01
  0.    0.   -0.01  0.01 -0.01  0.01 -0.01  0.   -0.01  0.    0.01  0.
  0.01 -0.    0.   -0.49 -0.    0.5  -0.    0.   -0.52 -0.    0.01  0.
  0.03 -0.03  0.03  0.02  0.    0.48 -0.   -0.01  0.01  0.01 -0.01  0.
  0.   -0.   -0.    0.   -0.   -0.   -0.03 -0.01  0.   -0.    0.    0.
 -0.   -0.01 -0.   -0.    0.    0.    0.    0.   -0.   -0.    0.    0.
  0.    0.   -0.   -0.  ]
orbital number 68 energy 3.314021573910509
[-0.    0.   -0.   -0.    0.01 -0.   -0.01  0.    0.   -0.   -0.   -0.
 -0.    0.    0.01  0.   -0.01  0.   -0.01  0.    0.   -0.   -0.    0.
 -0.    0.    0.   -0.    0.    0.   -0.    0.    0.   -0.    0.    0.
  0.   -0.   -0.    0.   -0.    0.   -0.    0.   -0.    0.    0.    0.
  0.   -0.   -0.01 -0.03 -0.01  0.03 -0.    0.01 -0.03 -0.01 -0.    0.01
 -0.48  0.49 -0.51 -0.   -0.01  0.03  0.   -0.    0.    0.   -0.    0.
  0.01 -0.   -0.01  0.01 -0.01  0.    0.52  0.    0.01 -0.01 -0.01  0.01
 -0.   -0.    0.    0.    0.    0.   -0.   -0.   -0.   -0.    0.    0.
 -0.   -0.   -0.   -0.  ]
orbital number 69 energy 3.5149367704383914
[-0.02  0.18 -0.02 -0.16  0.18 -0.16 -0.15 -0.09  0.12 -0.   -0.12 -0.07
  0.    0.11  0.07  0.04 -0.1   0.05 -0.09  0.03 -0.14  0.07  0.03 -0.09
  0.05 -0.09  0.03 -0.09  0.12  0.   -0.12  0.01  0.11 -0.16 -0.02  0.18
 -0.02 -0.16  0.17 -0.1   0.16 -0.1  -0.11 -0.06  0.15 -0.07  0.12 -0.
  0.12 -0.02 -0.08  0.03 -0.1   0.04 -0.07  0.16  0.03 -0.1  -0.08  0.16
  0.05  0.03  0.05 -0.07 -0.08  0.04  0.13  0.13 -0.14 -0.24  0.14  0.
 -0.11 -0.    0.11 -0.11  0.11 -0.01  0.03  0.12  0.13 -0.14 -0.24  0.15
  0.   -0.12  0.03  0.03  0.01  0.01 -0.04 -0.04 -0.01 -0.01 -0.01 -0.01
 -0.04 -0.04  0.01  0.01]
orbital number 70 energy 3.8953324301110244
[ 0.   -0.    0.   -0.   -0.   -0.    0.   -0.01  0.    0.   -0.01  0.
  0.    0.    0.   -0.    0.    0.    0.   -0.   -0.   -0.    0.02 -0.02
 -0.    0.01 -0.02  0.01 -0.   -0.01  0.01 -0.01 -0.   -0.   -0.    0.
 -0.   -0.    0.    0.5   0.   -0.5  -0.    0.5   0.   -0.5   0.01 -0.
  0.01 -0.    0.01  0.    0.    0.    0.   -0.    0.    0.   -0.   -0.
 -0.   -0.   -0.   -0.    0.    0.   -0.01  0.    0.    0.01 -0.   -0.
  0.    0.   -0.01  0.   -0.01  0.   -0.    0.01 -0.   -0.   -0.01  0.
  0.   -0.   -0.    0.   -0.   -0.   -0.   -0.    0.    0.   -0.01  0.01
  0.    0.    0.    0.  ]
orbital number 71 energy 3.897726514424121
[ 0.   -0.    0.    0.   -0.    0.    0.   -0.    0.    0.   -0.    0.5
  0.    0.    0.   -0.02  0.01  0.   -0.01  0.02 -0.   -0.    0.   -0.
 -0.   -0.    0.    0.   -0.   -0.    0.   -0.   -0.   -0.   -0.    0.
 -0.    0.    0.    0.    0.   -0.   -0.    0.    0.   -0.    0.   -0.
  0.   -0.    0.    0.    0.5   0.   -0.5  -0.    0.   -0.5  -0.   -0.
 -0.   -0.   -0.   -0.    0.    0.   -0.    0.    0.    0.   -0.   -0.
  0.    0.   -0.    0.   -0.    0.   -0.    0.   -0.   -0.   -0.    0.
  0.   -0.   -0.    0.   -0.   -0.   -0.   -0.    0.01 -0.01 -0.   -0.
  0.    0.    0.    0.  ]
orbital number 72 energy 3.9140023239550827
[ 0.09 -0.1   0.1   0.01 -0.11  0.01  0.08 -0.2   0.09  0.11 -0.21  0.03
  0.13  0.07  0.   -0.04  0.03  0.01  0.04 -0.05 -0.08 -0.    0.05 -0.04
 -0.01 -0.02  0.03  0.2  -0.09 -0.11  0.21 -0.14 -0.06 -0.02 -0.09  0.1
 -0.1  -0.01  0.11 -0.06  0.08 -0.02 -0.06 -0.06  0.08 -0.02  0.15 -0.11
  0.16 -0.1   0.11  0.03  0.04  0.06  0.04 -0.08  0.06  0.04 -0.1  -0.08
 -0.04 -0.03 -0.06 -0.1   0.1   0.04 -0.29  0.02  0.06  0.3  -0.08 -0.08
  0.09  0.11 -0.15  0.05 -0.16  0.1  -0.06  0.28 -0.02 -0.06 -0.29  0.08
  0.08 -0.09 -0.06  0.06 -0.03 -0.04 -0.03 -0.02  0.01  0.02 -0.02 -0.01
  0.03  0.02  0.03  0.04]
orbital number 73 energy 4.066051701901637
[ 0.02 -0.1  -0.05  0.14 -0.11  0.08  0.15 -0.14  0.06  0.08 -0.15  0.08
  0.17 -0.04  0.04 -0.1   0.05  0.04  0.05 -0.1   0.15  0.04 -0.11  0.06
  0.04  0.04 -0.09 -0.14  0.04  0.1  -0.15  0.15 -0.02  0.1  -0.01 -0.1
 -0.02  0.11 -0.1   0.08 -0.17  0.07 -0.01  0.09 -0.16  0.08  0.12 -0.14
  0.15 -0.13 -0.08  0.02  0.07  0.05  0.09 -0.16  0.04  0.08 -0.07 -0.17
  0.02  0.02  0.05 -0.08 -0.07  0.02  0.27 -0.09 -0.03 -0.24  0.03  0.12
 -0.05 -0.14  0.12  0.    0.14 -0.13  0.04  0.27 -0.08 -0.03 -0.24  0.03
  0.11 -0.05  0.05  0.05 -0.01  0.02 -0.02  0.01  0.03  0.03  0.04  0.03
 -0.01  0.01  0.    0.01]
orbital number 74 energy 4.106916486741746
[ 0.39  0.   -0.38  0.34  0.   -0.35 -0.01  0.    0.01 -0.01  0.   -0.
  0.   -0.01 -0.    0.01 -0.01 -0.   -0.    0.   -0.01 -0.    0.01 -0.
 -0.    0.    0.    0.01 -0.02  0.01  0.01 -0.02  0.02  0.29 -0.33  0.01
  0.33 -0.3   0.01 -0.    0.01 -0.   -0.   -0.    0.01 -0.   -0.    0.
 -0.    0.    0.   -0.   -0.   -0.   -0.01  0.01 -0.   -0.    0.    0.01
 -0.   -0.   -0.    0.    0.   -0.   -0.02  0.01  0.    0.01 -0.   -0.01
  0.    0.01 -0.01 -0.   -0.01  0.01 -0.   -0.01  0.    0.    0.01 -0.
 -0.    0.   -0.   -0.   -0.13  0.13 -0.    0.   -0.   -0.   -0.   -0.
  0.01 -0.01  0.11 -0.11]
orbital number 75 energy 4.11715288793242
[-0.01 -0.    0.    0.   -0.    0.01  0.   -0.    0.03 -0.02 -0.    0.
  0.03 -0.03  0.   -0.    0.    0.    0.   -0.    0.01  0.   -0.01  0.01
  0.    0.   -0.   -0.01 -0.5   0.46 -0.01 -0.45  0.51 -0.01  0.02 -0.
 -0.02  0.02 -0.01  0.01 -0.01  0.01  0.    0.01 -0.01  0.01  0.   -0.
  0.   -0.   -0.01  0.    0.    0.    0.   -0.01  0.    0.   -0.   -0.01
  0.    0.    0.   -0.   -0.01  0.    0.02 -0.   -0.01 -0.02  0.    0.01
 -0.01 -0.    0.01 -0.01  0.01 -0.    0.    0.01 -0.   -0.   -0.01  0.
  0.   -0.    0.    0.    0.   -0.   -0.01  0.01  0.    0.    0.    0.
  0.17 -0.18 -0.01  0.01]
orbital number 76 energy 4.118504220247168
[-0.03  0.01  0.03 -0.04  0.01  0.02 -0.01  0.02  0.5  -0.47  0.02 -0.01
  0.44 -0.51 -0.01  0.01 -0.01 -0.    0.    0.   -0.01 -0.    0.01 -0.
 -0.   -0.    0.01  0.01  0.03 -0.03  0.01  0.01 -0.03  0.01 -0.02  0.01
  0.03 -0.03  0.01 -0.01  0.02 -0.01  0.   -0.01  0.01 -0.01 -0.01  0.01
 -0.01  0.01  0.01 -0.   -0.   -0.01 -0.01  0.01 -0.01 -0.01  0.01  0.01
 -0.   -0.   -0.    0.01  0.   -0.   -0.02  0.01  0.    0.02 -0.   -0.01
  0.    0.01 -0.01 -0.   -0.01  0.01 -0.   -0.03  0.01  0.01  0.03 -0.01
 -0.01  0.01 -0.   -0.01  0.01 -0.01 -0.17  0.18 -0.   -0.   -0.   -0.
 -0.01  0.01  0.01 -0.01]
orbital number 77 energy 4.12755166663082
[-0.33 -0.01  0.33 -0.29 -0.    0.3   0.01 -0.01 -0.04  0.04 -0.01  0.
 -0.02  0.04  0.   -0.   -0.    0.    0.   -0.01  0.01  0.   -0.01  0.01
  0.   -0.   -0.   -0.01 -0.01  0.02 -0.01 -0.01  0.01  0.35 -0.38 -0.01
  0.38 -0.34 -0.01  0.   -0.01  0.    0.    0.   -0.01  0.    0.01 -0.01
  0.01 -0.01 -0.    0.    0.    0.    0.   -0.01  0.    0.   -0.   -0.01
  0.    0.    0.   -0.   -0.    0.    0.02 -0.01 -0.   -0.01  0.    0.01
 -0.   -0.01  0.01  0.    0.01 -0.01  0.    0.02 -0.01 -0.   -0.02  0.
  0.01 -0.    0.    0.    0.11 -0.11  0.01 -0.01  0.    0.    0.    0.
  0.   -0.    0.13 -0.13]
orbital number 78 energy 4.187608440011669
[-0.01  0.    0.   -0.    0.    0.    0.   -0.   -0.    0.   -0.    0.
 -0.    0.    0.    0.02 -0.02  0.    0.02 -0.02  0.   -0.    0.51 -0.46
  0.    0.46 -0.51 -0.01 -0.    0.01 -0.    0.    0.    0.   -0.   -0.
  0.    0.   -0.   -0.01 -0.01  0.02  0.   -0.01 -0.01  0.02  0.   -0.
  0.   -0.   -0.    0.    0.    0.   -0.   -0.    0.   -0.   -0.   -0.
  0.    0.    0.   -0.   -0.    0.    0.01 -0.01 -0.   -0.01 -0.    0.01
 -0.   -0.01  0.    0.    0.01 -0.01  0.    0.   -0.   -0.   -0.   -0.
  0.   -0.    0.    0.    0.   -0.    0.   -0.   -0.01  0.01 -0.17  0.17
  0.   -0.    0.   -0.  ]
orbital number 79 energy 4.188773965722794
[-0.    0.   -0.   -0.    0.   -0.   -0.   -0.    0.01 -0.   -0.   -0.02
  0.01 -0.    0.   -0.51  0.46 -0.   -0.46  0.51 -0.   -0.    0.03 -0.02
 -0.    0.02 -0.02  0.    0.   -0.    0.   -0.    0.    0.   -0.    0.
  0.   -0.01  0.   -0.    0.   -0.    0.   -0.    0.   -0.    0.   -0.
  0.   -0.    0.    0.   -0.02  0.    0.02  0.    0.    0.02 -0.    0.
 -0.   -0.   -0.   -0.    0.    0.   -0.    0.    0.    0.    0.   -0.
  0.    0.   -0.   -0.   -0.    0.   -0.    0.01 -0.   -0.   -0.   -0.
  0.   -0.   -0.    0.    0.    0.   -0.    0.    0.17 -0.17 -0.01  0.01
 -0.   -0.    0.   -0.  ]
orbital number 80 energy 4.512812047391517
[ 0.08 -0.1   0.07  0.01 -0.09  0.01 -0.01 -0.09  0.06  0.01 -0.08 -0.01
  0.02  0.06 -0.02  0.01  0.   -0.01 -0.    0.02 -0.02 -0.04  0.03  0.
 -0.04 -0.    0.04  0.17 -0.11 -0.04  0.16 -0.05 -0.1  -0.02 -0.07  0.11
 -0.07 -0.03  0.11 -0.02  0.05 -0.02 -0.17 -0.03  0.05 -0.03  0.01  0.15
 -0.1   0.21  0.11  0.   -0.01  0.03 -0.01  0.02  0.03 -0.01 -0.04  0.02
 -0.01 -0.01 -0.08 -0.05  0.08  0.01  0.18 -0.14 -0.13 -0.1  -0.05  0.31
  0.14 -0.28 -0.05  0.34  0.19 -0.4  -0.07 -0.11  0.08  0.06  0.06  0.03
 -0.16 -0.07 -0.08  0.04 -0.03 -0.02 -0.02 -0.02 -0.   -0.01 -0.01 -0.01
  0.04  0.03  0.02  0.02]
orbital number 81 energy 4.539770675420849
[ 0.02 -0.05  0.02  0.02 -0.05  0.03  0.03 -0.17  0.1   0.05 -0.17  0.07
  0.05  0.1   0.1  -0.08 -0.    0.09 -0.01 -0.08  0.03  0.1  -0.08 -0.01
  0.09 -0.   -0.08 -0.08  0.05  0.03 -0.09  0.04  0.04  0.01 -0.04  0.03
 -0.03  0.01  0.02  0.03 -0.11  0.03 -0.33  0.07 -0.11  0.07  0.05  0.28
 -0.19  0.39 -0.06  0.01  0.03  0.08  0.07 -0.12  0.07  0.03 -0.08 -0.11
  0.01  0.    0.04 -0.11 -0.05  0.01 -0.07  0.05  0.07  0.04  0.02 -0.15
 -0.07  0.13  0.03 -0.17 -0.09  0.2   0.04 -0.17  0.13  0.13  0.1   0.05
 -0.3  -0.14  0.05  0.08 -0.01 -0.01 -0.03 -0.03  0.03  0.03  0.03  0.03
 -0.02 -0.01  0.01  0.01]
orbital number 82 energy 4.630354594578424
[-0.15  0.24 -0.16 -0.04  0.22 -0.05  0.02 -0.02  0.    0.02 -0.02  0.15
  0.01  0.01  0.23 -0.17 -0.03  0.21 -0.03 -0.17 -0.02 -0.23  0.17  0.03
 -0.21  0.03  0.17  0.02 -0.01 -0.01  0.02 -0.01  0.    0.05  0.16 -0.24
  0.16  0.05 -0.22 -0.06  0.23 -0.06 -0.05 -0.15  0.24 -0.15  0.01  0.03
 -0.02  0.05  0.02  0.    0.06  0.02  0.15 -0.25  0.01  0.06 -0.01 -0.24
 -0.   -0.   -0.01 -0.02  0.01  0.    0.   -0.   -0.02 -0.   -0.    0.02
  0.02 -0.02 -0.01  0.04  0.01 -0.04 -0.01 -0.01  0.    0.02  0.    0.
 -0.03 -0.02 -0.01  0.02  0.05  0.05 -0.   -0.    0.05  0.06 -0.05 -0.05
  0.   -0.   -0.05 -0.05]
orbital number 83 energy 4.9370619357839125
[-0.03 -0.03 -0.04  0.07 -0.07  0.07  0.11  0.05 -0.09  0.07 -0.   -0.13
  0.07 -0.1  -0.22  0.11  0.07 -0.21  0.07  0.11  0.12 -0.22  0.11  0.07
 -0.22  0.08  0.11  0.06 -0.11  0.07  0.    0.07 -0.1   0.07 -0.04 -0.02
 -0.04  0.07 -0.05 -0.02  0.17 -0.02 -0.17 -0.13  0.2  -0.13  0.11  0.01
 -0.02  0.13 -0.16 -0.02 -0.02  0.11 -0.13  0.2   0.11 -0.02 -0.07  0.16
 -0.02 -0.02  0.12 -0.15 -0.08 -0.02  0.12 -0.17  0.12 -0.02 -0.08 -0.02
 -0.09  0.    0.12 -0.18 -0.02  0.14  0.12  0.11 -0.15  0.12 -0.02 -0.08
 -0.03 -0.09  0.12  0.11  0.01  0.01  0.03  0.03 -0.03 -0.03 -0.03 -0.03
  0.03  0.03  0.01  0.01]
orbital number 84 energy 5.04126104460798
[ 0.08 -0.15  0.08  0.04 -0.14  0.04 -0.08 -0.14  0.14 -0.06 -0.06  0.07
 -0.06  0.14  0.11 -0.05 -0.04  0.11 -0.05 -0.05  0.07 -0.1   0.04  0.04
 -0.1   0.04  0.04  0.13 -0.14  0.05  0.07  0.05 -0.14 -0.04 -0.08  0.15
 -0.08 -0.04  0.14 -0.01  0.07 -0.    0.2  -0.06  0.09 -0.06 -0.15  0.02
  0.01 -0.14 -0.19  0.04  0.01 -0.15  0.07 -0.1  -0.15  0.01  0.08 -0.08
 -0.03 -0.04  0.14  0.2  -0.08  0.04  0.15 -0.22  0.13 -0.01 -0.12  0.02
 -0.1  -0.03  0.14 -0.18 -0.01  0.13  0.14 -0.15  0.23 -0.14  0.01  0.13
 -0.01  0.11  0.14 -0.15 -0.02 -0.02 -0.04 -0.05  0.01  0.01 -0.01 -0.01
  0.04  0.04  0.02  0.02]
orbital number 85 energy 5.398561259862252
[-0.1   0.02 -0.1   0.12 -0.1   0.12  0.18 -0.2   0.08  0.07 -0.2  -0.09
  0.07  0.08 -0.12  0.02  0.09 -0.16  0.09  0.02  0.17 -0.12  0.02  0.09
 -0.16  0.09  0.02 -0.2   0.08  0.07 -0.2   0.07  0.08  0.12 -0.09  0.01
 -0.09  0.12 -0.1   0.02  0.07  0.02  0.08 -0.09  0.12 -0.09 -0.09  0.06
 -0.02 -0.03  0.18  0.07  0.02 -0.15 -0.1   0.13 -0.15  0.02  0.01  0.07
  0.07  0.07 -0.15  0.18  0.01  0.07 -0.09  0.19 -0.05 -0.04  0.16 -0.1
  0.06  0.07 -0.09  0.08 -0.02 -0.03 -0.15 -0.09  0.19 -0.06 -0.04  0.16
 -0.1   0.07 -0.11 -0.11  0.03  0.03 -0.02 -0.02 -0.   -0.   -0.   -0.
 -0.02 -0.02  0.03  0.03]
orbital number 86 energy 5.6471266997712455
[ 0.07 -0.19  0.07  0.08 -0.2   0.08 -0.21  0.11  0.01 -0.11  0.18  0.11
 -0.11  0.    0.09  0.02 -0.12  0.17 -0.12  0.02  0.21 -0.09 -0.02  0.12
 -0.17  0.12 -0.02 -0.11 -0.01  0.11 -0.19  0.11 -0.01 -0.08 -0.07  0.19
 -0.07 -0.08  0.2   0.04  0.05  0.04 -0.01 -0.11  0.14 -0.11  0.03 -0.05
  0.04 -0.02  0.18 -0.1  -0.04  0.16  0.11 -0.14  0.15 -0.04  0.04 -0.05
  0.1   0.1  -0.16 -0.18 -0.04 -0.1  -0.01  0.1   0.01 -0.08  0.15 -0.11
  0.05  0.05 -0.03  0.01 -0.04  0.02 -0.16  0.01 -0.09 -0.01  0.07 -0.14
  0.11 -0.05 -0.07  0.07 -0.02 -0.02 -0.   -0.   -0.01 -0.01  0.01  0.01
  0.    0.    0.02  0.02]
orbital number 87 energy 5.969222701908958
[-0.06  0.04 -0.06  0.06 -0.05  0.06  0.04 -0.12  0.1  -0.04 -0.02 -0.03
 -0.05  0.1  -0.   -0.02  0.03 -0.04  0.03 -0.02  0.04 -0.   -0.02  0.03
 -0.04  0.03 -0.02 -0.13  0.1  -0.04 -0.03 -0.04  0.1   0.06 -0.06  0.05
 -0.06  0.06 -0.04  0.02  0.    0.02  0.14 -0.03  0.04 -0.03 -0.11  0.06
  0.12 -0.14 -0.25 -0.2   0.02  0.23 -0.03  0.03  0.23  0.02  0.16  0.
 -0.2  -0.2   0.24 -0.25  0.16 -0.19 -0.14  0.14 -0.11  0.12 -0.09  0.06
 -0.09  0.07 -0.11  0.14  0.12 -0.14  0.24 -0.13  0.14 -0.11  0.12 -0.09
  0.07 -0.09  0.01  0.01  0.02  0.02 -0.03 -0.03  0.01  0.01  0.01  0.01
 -0.03 -0.03  0.02  0.02]
orbital number 88 energy 6.009393711817651
[-0.01  0.07 -0.01 -0.04  0.09 -0.04  0.1  -0.14  0.08 -0.01 -0.07 -0.08
 -0.01  0.09  0.   -0.05  0.08 -0.09  0.08 -0.05 -0.1  -0.    0.05 -0.08
  0.09 -0.08  0.05  0.14 -0.08  0.    0.08  0.   -0.08  0.04  0.01 -0.07
  0.01  0.04 -0.09 -0.04  0.   -0.04  0.14  0.08 -0.09  0.08 -0.12  0.08
  0.12 -0.14  0.22 -0.18  0.04  0.22 -0.08  0.09  0.21  0.04  0.16 -0.
  0.18  0.18 -0.21 -0.23 -0.16 -0.18  0.13 -0.16  0.1  -0.1   0.05 -0.03
  0.09 -0.09  0.12 -0.14 -0.11  0.14 -0.21 -0.14  0.16 -0.11  0.1  -0.06
  0.04 -0.08  0.   -0.01  0.    0.   -0.02 -0.02  0.02  0.02 -0.01 -0.02
  0.02  0.02 -0.   -0.  ]
orbital number 89 energy 6.359274272500912
[ 0.19 -0.2   0.19 -0.16  0.11 -0.16  0.02 -0.   -0.01  0.02 -0.02 -0.19
  0.01 -0.01  0.16 -0.17  0.15 -0.11  0.15 -0.17  0.02  0.16 -0.17  0.15
 -0.12  0.15 -0.17  0.   -0.01  0.02 -0.02  0.02 -0.01 -0.16  0.19 -0.2
  0.19 -0.16  0.11  0.15 -0.09  0.15  0.01 -0.19  0.21 -0.19 -0.01  0.02
  0.01 -0.01 -0.01 -0.01  0.15  0.01 -0.19  0.21  0.01  0.15  0.01 -0.09
 -0.01 -0.01  0.01 -0.01  0.01 -0.01 -0.    0.01  0.   -0.    0.01 -0.01
 -0.01  0.02 -0.01  0.01  0.01 -0.01  0.01 -0.    0.01 -0.   -0.    0.01
 -0.01 -0.01 -0.   -0.   -0.05 -0.05  0.    0.    0.05  0.05  0.05  0.05
  0.    0.   -0.05 -0.05]
orbital number 90 energy 6.485070884451666
[ 0.   -0.04  0.    0.03 -0.07  0.03 -0.07 -0.05  0.09 -0.12  0.14 -0.18
 -0.12  0.09  0.19 -0.16  0.12 -0.06  0.12 -0.16  0.08 -0.2   0.17 -0.12
  0.06 -0.12  0.17  0.07 -0.11  0.13 -0.16  0.13 -0.11 -0.04  0.01  0.02
  0.01 -0.04  0.08 -0.17  0.13 -0.17 -0.09  0.19 -0.21  0.19  0.11 -0.12
 -0.06  0.07 -0.04  0.04  0.16 -0.03 -0.18  0.19 -0.03  0.16 -0.05 -0.13
 -0.04 -0.04  0.04  0.03  0.06  0.04 -0.    0.05  0.04 -0.04  0.1  -0.13
 -0.07  0.15 -0.13  0.11  0.07 -0.09  0.04  0.01 -0.05 -0.03  0.03 -0.08
  0.11  0.05 -0.03  0.03 -0.   -0.   -0.02 -0.02  0.04  0.04 -0.05 -0.05
  0.03  0.03 -0.   -0.  ]
orbital number 91 energy 6.5435896012629975
[-0.13  0.14 -0.12  0.1  -0.07  0.1  -0.06 -0.12  0.16 -0.18  0.2  -0.1
 -0.18  0.16  0.11 -0.09  0.06 -0.02  0.06 -0.09 -0.05  0.09 -0.07  0.04
 -0.01  0.04 -0.07 -0.12  0.15 -0.16  0.18 -0.16  0.15  0.09 -0.12  0.14
 -0.12  0.09 -0.06  0.07 -0.06  0.07 -0.14 -0.08  0.08 -0.08  0.17 -0.21
 -0.09  0.12  0.04  0.05  0.09 -0.05 -0.1   0.11 -0.04  0.09 -0.07 -0.08
  0.04  0.05 -0.04  0.04 -0.06  0.05 -0.01 -0.04 -0.07  0.06 -0.13  0.18
  0.09 -0.2   0.16 -0.13 -0.09  0.11 -0.04 -0.01 -0.05 -0.07  0.06 -0.13
  0.19  0.09  0.04  0.05  0.03  0.03 -0.04 -0.04  0.02  0.02  0.02  0.02
 -0.04 -0.04  0.03  0.03]
orbital number 92 energy 6.767929590987313
[ 0.04  0.02  0.04 -0.1   0.18 -0.1   0.14 -0.18  0.13 -0.09  0.05  0.11
 -0.09  0.13 -0.12  0.06 -0.01 -0.04 -0.01  0.06 -0.14  0.12 -0.06  0.01
  0.05  0.01 -0.06  0.18 -0.13  0.08 -0.03  0.08 -0.13  0.11 -0.05 -0.02
 -0.05  0.11 -0.18  0.11 -0.12  0.11 -0.13 -0.11  0.11 -0.11  0.16 -0.22
 -0.1   0.11 -0.01  0.01 -0.11 -0.01  0.11 -0.11 -0.01 -0.11 -0.02  0.12
 -0.01 -0.01  0.01  0.01  0.01  0.01  0.09 -0.09  0.15 -0.1   0.13 -0.22
 -0.12  0.22 -0.16  0.13  0.1  -0.11  0.01 -0.08  0.08 -0.14  0.09 -0.14
  0.22  0.11 -0.01  0.02 -0.01 -0.01 -0.03 -0.03 -0.02 -0.02  0.02  0.02
  0.03  0.03  0.01  0.01]
orbital number 93 energy 6.92051772768596
[-0.14  0.19 -0.14  0.09 -0.06  0.1  -0.17  0.11 -0.04 -0.02  0.09 -0.12
 -0.02 -0.04  0.1  -0.03 -0.03  0.1  -0.03 -0.03 -0.16  0.09 -0.03 -0.03
  0.1  -0.03 -0.03  0.09 -0.03 -0.03  0.1  -0.03 -0.03  0.09 -0.13  0.19
 -0.13  0.09 -0.05  0.13 -0.16  0.13  0.11 -0.12  0.11 -0.11 -0.14  0.21
  0.1  -0.09  0.01  0.01  0.13 -0.01 -0.12  0.11 -0.01  0.13 -0.02 -0.16
  0.02  0.02 -0.01  0.01 -0.03  0.01  0.11 -0.17  0.16 -0.09  0.1  -0.2
 -0.13  0.21 -0.14  0.11  0.1  -0.09 -0.01  0.11 -0.16  0.16 -0.09  0.1
 -0.2  -0.13  0.02  0.02  0.03  0.04  0.01  0.01  0.01  0.01  0.01  0.01
  0.01  0.01  0.03  0.03]
orbital number 94 energy 7.129537528803345
[-0.09  0.06 -0.09  0.12 -0.18  0.12 -0.02  0.12 -0.13  0.16 -0.23 -0.02
  0.16 -0.13 -0.    0.01 -0.02  0.04 -0.02  0.01  0.03  0.   -0.02  0.04
 -0.06  0.04 -0.02 -0.14  0.15 -0.18  0.24 -0.18  0.15 -0.13  0.09 -0.07
  0.09 -0.13  0.19 -0.05  0.07 -0.05 -0.09  0.04 -0.04  0.04  0.12 -0.18
 -0.1   0.08  0.03 -0.05  0.03  0.03 -0.02  0.02  0.03  0.03  0.08 -0.04
  0.05  0.05 -0.03 -0.03 -0.09 -0.05  0.11 -0.22  0.16 -0.06  0.02 -0.15
 -0.16  0.18 -0.12  0.09  0.1  -0.08 -0.03 -0.11  0.21 -0.15  0.06 -0.03
  0.15  0.15  0.09 -0.08  0.02  0.02  0.03  0.03 -0.   -0.    0.01  0.01
 -0.04 -0.04 -0.02 -0.02]
orbital number 95 energy 7.167912555085303
[ 0.05 -0.07  0.05 -0.04  0.03 -0.04  0.07 -0.15  0.14 -0.16  0.21  0.11
 -0.16  0.14  0.03 -0.07  0.12 -0.19  0.12 -0.07  0.07  0.04 -0.09  0.13
 -0.21  0.14 -0.09 -0.14  0.13 -0.14  0.19 -0.14  0.13 -0.01  0.03 -0.05
  0.03 -0.01 -0.   -0.15  0.22 -0.15  0.07  0.12 -0.11  0.12 -0.1   0.15
  0.09 -0.07  0.02  0.04 -0.13 -0.03  0.11 -0.1  -0.03 -0.13 -0.08  0.19
  0.04  0.04 -0.03  0.02 -0.07  0.05  0.08 -0.16  0.11 -0.03  0.   -0.1
 -0.12  0.13 -0.08  0.06  0.08 -0.06 -0.03  0.09 -0.18  0.12 -0.04  0.01
 -0.11 -0.13  0.07  0.08 -0.01 -0.01 -0.04 -0.04  0.02  0.02  0.02  0.02
 -0.03 -0.03 -0.01 -0.01]
orbital number 96 energy 7.222357858836009
[-0.13  0.11 -0.13  0.16 -0.24  0.16  0.03 -0.04  0.03 -0.03  0.04  0.14
 -0.03  0.03  0.09 -0.13  0.17 -0.26  0.17 -0.13 -0.01 -0.1   0.12 -0.17
  0.25 -0.17  0.12  0.02 -0.02  0.02 -0.02  0.02 -0.02 -0.17  0.14 -0.12
  0.14 -0.17  0.24  0.16 -0.23  0.16  0.01 -0.13  0.12 -0.13 -0.02  0.03
  0.02 -0.01 -0.    0.01 -0.17 -0.01  0.14 -0.13 -0.01 -0.17 -0.02  0.25
 -0.01 -0.01  0.    0.01  0.01  0.01 -0.01  0.02 -0.01  0.    0.    0.01
  0.01 -0.01  0.01 -0.01 -0.01  0.01  0.    0.02 -0.03  0.02 -0.   -0.
 -0.02 -0.03 -0.01  0.02  0.03  0.03 -0.01 -0.01  0.03  0.03 -0.03 -0.03
  0.    0.   -0.03 -0.03]
orbital number 97 energy 7.441023477123338
[ 0.08 -0.13  0.08 -0.04  0.03 -0.04  0.17 -0.13  0.08 -0.05  0.04 -0.06
 -0.05  0.08 -0.18  0.14 -0.14  0.17 -0.14  0.14  0.17 -0.18  0.14 -0.13
  0.17 -0.13  0.14 -0.13  0.08 -0.05  0.03 -0.05  0.08 -0.04  0.07 -0.13
  0.07 -0.04  0.03  0.08 -0.13  0.08  0.05 -0.06  0.05 -0.06 -0.05  0.08
  0.1  -0.06  0.05  0.09  0.09 -0.06 -0.06  0.05 -0.06  0.09 -0.17 -0.14
  0.11  0.11 -0.07  0.04 -0.2   0.09 -0.05  0.02 -0.04  0.1  -0.19  0.07
 -0.2   0.08 -0.06  0.05  0.11 -0.07 -0.07 -0.04  0.01 -0.02  0.08 -0.16
  0.05 -0.18  0.23  0.19 -0.02 -0.02 -0.02 -0.02 -0.03 -0.03 -0.03 -0.03
 -0.02 -0.02 -0.02 -0.02]
orbital number 98 energy 7.470716902104803
[-0.07  0.08 -0.06  0.07 -0.1   0.07  0.1  -0.06  0.02  0.01 -0.03 -0.03
  0.01  0.02 -0.1   0.07 -0.07  0.09 -0.07  0.07 -0.07  0.07 -0.05  0.05
 -0.06  0.05 -0.05  0.03 -0.   -0.02  0.05 -0.02 -0.   -0.08  0.08 -0.1
  0.08 -0.08  0.1  -0.03  0.04 -0.03  0.06  0.02 -0.02  0.02 -0.06  0.09
  0.14 -0.08 -0.06  0.13  0.04 -0.08 -0.03  0.03 -0.08  0.04 -0.25 -0.07
 -0.13 -0.13  0.08  0.06  0.25  0.13  0.1  -0.09  0.08 -0.15  0.26 -0.11
  0.25 -0.08  0.06 -0.05 -0.13  0.08  0.08 -0.09  0.08 -0.07  0.14 -0.25
  0.1  -0.25 -0.29  0.28  0.02  0.02 -0.   -0.   -0.02 -0.02  0.01  0.01
  0.    0.   -0.02 -0.02]
orbital number 99 energy 7.514030828537216
[ 0.06 -0.1   0.06 -0.03  0.02 -0.03  0.16 -0.15  0.11 -0.11  0.15 -0.04
 -0.11  0.11 -0.15  0.11 -0.1   0.12 -0.1   0.11  0.15 -0.13  0.1  -0.09
  0.1  -0.09  0.1  -0.14  0.11 -0.1   0.13 -0.1   0.11 -0.04  0.07 -0.11
  0.07 -0.04  0.03  0.05 -0.08  0.05 -0.04 -0.03  0.03 -0.03  0.04 -0.05
 -0.11  0.06 -0.04 -0.11  0.05  0.06 -0.04  0.03  0.06  0.05  0.21 -0.09
 -0.09 -0.09  0.05 -0.05  0.17 -0.11  0.1  -0.13  0.09 -0.12  0.19 -0.11
  0.16 -0.04  0.03 -0.03 -0.08  0.05  0.05  0.12 -0.14  0.11 -0.14  0.24
 -0.12  0.2  -0.2  -0.24 -0.01 -0.01 -0.03 -0.03 -0.03 -0.03 -0.02 -0.02
 -0.03 -0.03 -0.02 -0.02]
orbital number 100 energy 7.559711251767153
[-0.15  0.21 -0.15  0.14 -0.19  0.14  0.2  -0.16  0.11 -0.09  0.11 -0.04
 -0.09  0.11 -0.17  0.12 -0.1   0.12 -0.1   0.12 -0.23  0.19 -0.14  0.12
 -0.14  0.12 -0.14  0.19 -0.13  0.11 -0.13  0.11 -0.13 -0.14  0.14 -0.18
  0.14 -0.14  0.18 -0.06  0.1  -0.06 -0.01  0.04 -0.03  0.04  0.01 -0.01
 -0.04  0.02  0.02 -0.04  0.05  0.02 -0.04  0.03  0.02  0.05  0.08 -0.09
  0.05  0.05 -0.03 -0.02 -0.09 -0.04 -0.07  0.11 -0.07  0.08 -0.12  0.07
 -0.08  0.01 -0.01  0.01  0.04 -0.02 -0.03  0.06 -0.09  0.06 -0.07  0.1
 -0.06  0.07  0.11 -0.1   0.04  0.04 -0.03 -0.03 -0.03 -0.03  0.03  0.03
  0.03  0.03 -0.03 -0.03]
ENERGY0: -420.82605421536397

Orbital occupation numbers:
1: 2.000000
2: 2.000000
3: 2.000000
4: 2.000000
5: 2.000000
6: 2.000000
7: 2.000000
8: 2.000000
9: 2.000000
10: 2.000000
11: 2.000000
12: 2.000000
13: 2.000000
14: 2.000000
15: 2.000000
16: 2.000000
17: 2.000000
18: 2.000000
19: 2.000000
20: 2.000000
21: 2.000000
22: 2.000000
23: 2.000000
24: 2.000000
25: 2.000000
26: 2.000000
27: 2.000000
28: 2.000000
29: 2.000000
30: 2.000000
31: 2.000000
32: 2.000000
33: 2.000000
34: 2.000000
35: 2.000000
36: 2.000000
37: 2.000000
38: 2.000000
39: 2.000000
40: 2.000000
41: 2.000000
42: 2.000000
43: 2.000000
44: 2.000000
45: 2.000000
46: 2.000000
47: 2.000000
48: 2.000000
49: 2.000000
50: 2.000000
51: 2.000000
52: 2.000000
53: 2.000000
54: 2.000000
55: 2.000000
56: 2.000000
57: 1.000000
58: 1.000000
59: 0.000000
60: 0.000000
61: 0.000000
62: 0.000000
63: 0.000000
64: -0.000000
65: 0.000000
66: -0.000000
67: -0.000000
68: -0.000000
69: -0.000000
70: -0.000000
71: -0.000000
72: 0.000000
73: 0.000000
74: -0.000000
75: -0.000000
76: 0.000000
77: -0.000000
78: -0.000000
79: 0.000000
80: 0.000000
81: 0.000000
82: 0.000000
83: 0.000000
84: 0.000000
85: 0.000000
86: 0.000000
87: 0.000000
88: 0.000000
89: -0.000000
90: -0.000000
91: -0.000000
92: -0.000000
93: -0.000000
94: -0.000000
95: -0.000000
96: -0.000000
97: 0.000000
98: 0.000000
99: 0.000000
100: -0.000000

------------------------
Starting ExROPPP calculation for diradical in rotated basis
------------------------

Fock matrix in rotated MO basis: [[-9.63928445e+00 -2.83844755e-15  2.66363022e-15 ... -1.83436683e-15
  -1.03770455e-15  2.89077258e-15]
 [-2.83827240e-15 -9.62371763e+00  1.11864525e-15 ... -1.90473078e-15
   1.25970961e-15 -1.72552217e-15]
 [ 2.66921794e-15  1.13502799e-15 -5.04768517e+00 ...  4.57626362e-16
   1.21096322e-15  2.55308641e-15]
 ...
 [-1.96079423e-15 -2.08701809e-15  4.97646461e-16 ...  1.10369388e+01
   5.79234762e-16 -1.83530907e-15]
 [-7.42657287e-16  7.53833073e-16  5.56017891e-16 ...  1.75254753e-15
   1.10802528e+01  5.26940621e-15]
 [ 2.67426877e-15 -1.74232299e-15  2.93413035e-15 ... -1.70373685e-15
   4.53403804e-15  1.11259332e+01]]
