                    ---------------------------------
                    | Radical ExROPPP Calculation |
                    ---------------------------------

Molecule: DD-CDR_prune.xyz radical

--------------------------------
Cartesian Coordinates / Angstrom
--------------------------------

Cl    -3.375795   -2.140750   -3.431428
C     -2.628025   -1.655736   -1.943160
C     -3.240933   -0.723939   -1.083694
C     -2.456623   -0.323475    0.013527
Cl    -3.074413    0.791077    1.189503
C     -1.196368   -0.832842    0.256096
H     -0.650430   -0.468598    1.114624
C     -0.649383   -1.800445   -0.580744
C     -1.384455   -2.196600   -1.691807
H     -1.002488   -2.941556   -2.374664
C      4.495527   -4.200996    0.553198
C      4.841937   -5.506819    0.010520
C      3.927698   -6.577774   -0.009518
Cl     2.391664   -6.454486    0.789050
C      4.219366   -7.795023   -0.591171
C      5.466347   -8.023790   -1.161293
C     10.004743   -0.097183    4.652034
C      6.411259   -7.005998   -1.121785
C      6.098296   -5.782055   -0.560663
Cl     7.305909   -4.542982   -0.691218
C      5.426930   -3.438940    1.389810
C      6.062909   -3.996955    2.507869
Cl     5.788583   -5.654481    2.938464
C      6.871828   -3.254794    3.349079
C      7.083942   -1.904742    3.104065
H    -13.296369   -8.752239   -3.956309
C      6.497564   -1.328264    1.985699
C      5.696729   -2.082991    1.150915
Cl     5.083732   -1.292487   -0.266833
C     -4.605146   -0.258379   -1.287985
C     -4.987686    1.144408   -1.121970
C     -4.282997    2.195861   -1.727159
Cl    -2.870411    1.874869   -2.681449
C     -4.709469    3.509236   -1.662068
C     -5.871954    3.837007   -0.975848
H      8.255951  -15.319456   -3.564524
C     -6.568262    2.826524   -0.325956
C     -6.129857    1.518689   -0.397559
Cl    -7.024307    0.342389    0.510511
C     -5.628676   -1.229230   -1.700754
C     -6.427336   -1.031354   -2.834693
Cl    -6.245198    0.392760   -3.810351
C     -7.329918   -1.977458   -3.278041
C     -7.487740   -3.175187   -2.591182
H      3.219194  -15.142302   -5.579288
C     -6.741120   -3.386674   -1.438501
C     -5.834628   -2.433812   -1.014006
Cl    -4.961497   -2.770888    0.447971
H      3.478930   -8.582983   -0.568595
H      7.382436   -7.146270   -1.576614
H      7.317083   -3.730051    4.213012
H      6.666659   -0.284226    1.757917
H     -4.148705    4.274468   -2.181910
H     -7.907901   -1.780410   -4.170504
H     -6.842583   -4.308156   -0.881405
H     -7.458101    3.056768    0.244518
C      1.465840   -2.909588   -1.320040
C      2.681307   -3.500717   -1.039219
C      3.185101   -3.607761    0.264795
C      2.362284   -3.088430    1.274180
C      1.136602   -2.509918    1.010969
C      0.671038   -2.406699   -0.294939
H      1.164752   -2.818117   -2.353759
Cl     3.620111   -4.037666   -2.394765
Cl     2.805852   -3.241391    2.944108
H      0.532828   -2.178974    1.843853
C     -5.757004    6.211309   -0.186299
C     -6.386008    5.234236   -0.962434
C     -7.510225    5.553557   -1.731992
C      8.473915  -14.565831   -2.819583
C     -7.984733    6.858937   -1.716339
H     -8.853704    7.108995   -2.316107
C     -7.375606    7.848384   -0.955240
H      7.923020  -13.640988   -5.772393
C     -6.266410    7.504684   -0.193590
H     -5.785961    8.261861    0.417100
C      9.749919  -13.785069   -0.907654
C      9.022760  -12.609718   -0.853036
C      8.010659  -12.400363   -1.784737
H      4.590164  -11.244518   -4.383354
H     10.535939  -13.966751   -0.186900
H      9.231460  -11.869005   -0.091145
H      7.421287   -9.796870   -0.536440
H      4.164556   -9.102078   -3.226201
C      9.473894  -14.749971   -1.881893
C    -11.631811   -8.864626   -8.197031
C      6.896958  -13.984504   -5.738005
C      7.286731   -0.447661    5.114965
H      7.578961    0.833784    6.800074
H      6.955454  -14.931334   -7.656497
H    -14.410150   -8.773280   -1.746155
H      4.598551  -15.673163   -7.561763
H     11.066173    0.035493    4.471133
C      8.054970    0.348421    5.954383
C      9.414297    0.538647    5.736086
C      4.250025  -14.816508   -5.626465
C      6.349235  -14.703709   -6.789432
N    -11.069114   -7.079165   -4.448079
N      6.680089  -12.967111   -3.543061
H     10.051331  -15.665374   -1.899860
C      9.269197   -0.901145    3.788426
C      6.119647  -13.692850   -4.624114
C      7.904371   -1.071324    4.026755
C    -11.685858   -6.915760   -6.790253
C    -11.026648   -9.045577   -5.876299
H    -11.874104   -5.860050   -6.641472
H    -10.687760   -9.627861   -5.028897
H    -13.599885   -7.355495    0.094027
C    -11.217306   -9.633024   -7.118204
H    -11.774227   -9.324076   -9.166212
H    -12.191715   -6.904931   -8.869873
H    -11.030300  -10.691228   -7.245598
C      5.025370  -15.117138   -6.737551
C    -11.264178   -7.687036   -5.715012
C      4.796644  -14.111704   -4.564713
H      4.209173  -13.886858   -3.683669
C     -8.305319   -4.617646   -4.444811
C     -8.415412   -4.209689   -3.105805
C     -9.383460   -4.773429   -2.287168
C     -9.137946   -5.576692   -4.986189
C    -10.114140   -6.119509   -4.157636
C    -10.247017   -5.726669   -2.814204
C    -11.836700   -7.296388   -3.311898
C    -11.361737   -6.477738   -2.272609
C    -11.997735   -6.500122   -1.035234
C    -13.089656   -7.330854   -0.859574
C    -12.933794   -8.134820   -3.145071
C    -13.549411   -8.136845   -1.906424
H     -7.526777   -4.181568   -5.058971
C    -11.863102   -7.505979   -8.032212
H     -9.476830   -4.450384   -1.256765
H     -9.029925   -5.896627   -6.014071
H    -11.649506   -5.870866   -0.225576
C      4.966934   -9.746732   -2.888257
C      5.763733   -9.322753   -1.813234
C      6.812234  -10.118129   -1.373481
C      5.197782  -10.942379   -3.540844
C      6.242353  -11.736240   -3.078725
C      7.048685  -11.337609   -1.998031
C      7.748929  -13.380021   -2.757704

There are 100 heavy atoms.
There are 114 electrons in 100 orbitals.


Carbon 1e params: A = -22.717075 b = 1.705616

Nitrogen 1e params: alphan2 = -17.681338 Acn2 = -24.737202 bcn2 = 1.433639

Chlorine 1e params: alphacl = -10.335674 Accl = -26.021937 bccl=1.451861
C-N2 bond
C-N2 bond
C-N2 bond
C-N2 bond
C-N2 bond
C-N2 bond
C-Cl bond
C-Cl bond
C-Cl bond
C-Cl bond
C-Cl bond
C-Cl bond
C-Cl bond
C-Cl bond
C-Cl bond
C-Cl bond
C-Cl bond
C-Cl bond
N2 atom 87
N2 atom 88
Cl atom 89
Cl atom 90
Cl atom 91
Cl atom 92
Cl atom 93
Cl atom 94
Cl atom 95
Cl atom 96
Cl atom 97
Cl atom 98
Cl atom 99
Cl atom 100

Carbon 2e params: U = 8.420838 r0 = 1.173157

Nitrogen 2e params: Un2n2 = 17.979843 r0n2n2 = 1.111791

Chlorine 2e params: Uclcl= 9.642991 r0clcl = 2.253316

Mixed 2e params: Ucn2 = 13.200341 Uccl = 9.031915 Un2cl = 13.811417 r0cn2 =1.142474 r0ccl = 1.713237 r0n2cl = 1.682554
[8.42083845 3.82727688 2.78552607 2.51799675 2.75960772 3.87053416
 1.08096418 1.00790495 1.0294964  0.94367476 0.85890086 0.63698829
 0.84369114 0.90430383 0.98093628 0.88092276 0.81210715 0.81501805
 0.88887901 0.98155774 2.68354074 2.00551042 1.83937686 1.46379965
 1.2955662  1.34292263 1.60739393 2.34451698 1.92748944 1.62711965
 1.5666118  1.74414332 2.14707139 1.7962289  1.43879429 1.28453988
 1.35679407 1.63718515 2.0011198  1.0060071  1.08770537 0.99963231
 0.54211989 0.87928418 0.83416642 0.88333141 0.53301219 0.57429677
 0.60627765 0.51985125 0.69114394 0.57408258 0.73704891 0.67623778
 0.63232672 0.59971239 0.55700131 0.68601221 0.60634202 0.74311927
 0.77697381 0.75809353 0.70629742 0.56830078 0.79915016 0.62096133
 1.22751258 1.29901367 1.14588399 1.05552352 0.9717659  1.00239746
 0.81925508 0.8856056  0.84003918 0.75273032 0.73692972 0.71210661
 0.7217935  0.80248161 0.78775061 0.7125672  0.7360201  0.67439292
 0.6647196  0.58624421 1.31326092 0.94978297 4.48778693 2.70842919
 1.68636648 1.27527248 1.26495236 1.60960136 2.9040561  2.17026816
 2.46780006 2.95556883 1.83878551 1.68346289]
FCIDUMP file in AO basis written to FCIDUMP/FCIDUMP_AO_DD-CDR_prune


-------------------------------------
Using converged orbitals from CSF-ROHF calculation
-------------------------------------

orbital number 1
[ 0.   -0.    0.    0.   -0.    0.   -0.   -0.   -0.   -0.   -0.   -0.
 -0.   -0.    0.    0.   -0.   -0.   -0.    0.   -0.    0.    0.   -0.
 -0.   -0.    0.    0.    0.   -0.   -0.   -0.    0.   -0.    0.    0.
  0.   -0.   -0.    0.    0.    0.   -0.1  -0.   -0.   -0.   -0.02 -0.04
 -0.12 -0.03  0.   -0.05  0.   -0.   -0.   -0.02 -0.01  0.   -0.19  0.
 -0.   -0.   -0.   -0.01 -0.   -0.05  0.    0.    0.   -0.   -0.   -0.
 -0.   -0.   -0.    0.   -0.   -0.   -0.   -0.03 -0.02 -0.04 -0.1  -0.41
 -0.12 -0.41 -0.   -0.76 -0.   -0.   -0.   -0.   -0.   -0.   -0.   -0.
 -0.   -0.   -0.   -0.  ]
orbital number 2
[ 0.    0.    0.   -0.   -0.   -0.   -0.    0.    0.   -0.   -0.    0.
 -0.    0.    0.    0.   -0.   -0.   -0.    0.   -0.    0.    0.   -0.
 -0.   -0.    0.   -0.   -0.   -0.   -0.   -0.   -0.    0.    0.   -0.
  0.    0.   -0.    0.    0.    0.    0.   -0.   -0.   -0.    0.    0.
  0.    0.   -0.01  0.    0.   -0.   -0.    0.    0.    0.    0.    0.
 -0.04 -0.04 -0.01  0.   -0.16  0.   -0.03 -0.02 -0.04 -0.1  -0.42 -0.12
 -0.41 -0.12 -0.04 -0.02 -0.1  -0.03 -0.01  0.    0.    0.    0.    0.
  0.    0.   -0.76  0.   -0.   -0.   -0.   -0.   -0.   -0.   -0.   -0.
 -0.   -0.   -0.   -0.  ]
orbital number 3
[ 0.26  0.21  0.26  0.17  0.19  0.18  0.06  0.09  0.11  0.06  0.05  0.
  0.06  0.1   0.06  0.07  0.04  0.03  0.04  0.07  0.06  0.07  0.07  0.04
  0.03  0.04  0.07  0.08  0.09  0.05  0.04  0.05  0.09  0.18  0.27  0.21
  0.26  0.18  0.19  0.    0.    0.   -0.    0.    0.    0.    0.    0.
  0.   -0.   -0.   -0.    0.    0.    0.   -0.   -0.    0.   -0.    0.
 -0.   -0.   -0.   -0.   -0.   -0.    0.01  0.01  0.01  0.    0.    0.
 -0.    0.    0.    0.   -0.   -0.   -0.    0.01  0.01  0.01  0.    0.
  0.   -0.   -0.   -0.    0.27  0.25  0.11  0.1   0.06  0.06  0.07  0.06
  0.08  0.09  0.28  0.26]
orbital number 4
[ 0.16  0.14  0.16  0.08  0.06  0.09 -0.08 -0.21 -0.26 -0.15 -0.12 -0.
 -0.15 -0.25 -0.12 -0.13 -0.07 -0.05 -0.07 -0.13  0.07  0.1   0.12  0.07
  0.05  0.06  0.12  0.16  0.19  0.11  0.09  0.11  0.2  -0.06 -0.12 -0.11
 -0.12 -0.06 -0.03  0.    0.01  0.    0.    0.    0.    0.   -0.   -0.
 -0.    0.   -0.    0.   -0.   -0.   -0.    0.    0.   -0.    0.01 -0.
 -0.   -0.   -0.    0.   -0.    0.    0.02  0.03  0.02  0.01  0.    0.01
 -0.    0.    0.    0.   -0.   -0.   -0.   -0.02 -0.04 -0.02 -0.01 -0.01
 -0.01  0.   -0.01  0.01  0.17  0.16 -0.27 -0.26 -0.13 -0.13  0.12  0.11
  0.2   0.2  -0.13 -0.12]
orbital number 5
[-0.07 -0.04 -0.07 -0.06 -0.07 -0.06  0.03  0.18  0.24  0.14  0.12  0.
  0.14  0.23  0.06  0.07  0.04  0.03  0.04  0.07  0.04  0.08  0.1   0.06
  0.04  0.05  0.1   0.22  0.27  0.16  0.14  0.16  0.28 -0.09 -0.14 -0.1
 -0.13 -0.09 -0.09  0.    0.01  0.   -0.    0.    0.    0.    0.    0.
  0.   -0.   -0.   -0.    0.    0.    0.   -0.   -0.    0.   -0.01  0.
 -0.01 -0.01 -0.   -0.   -0.01 -0.    0.03  0.05  0.03  0.01  0.01  0.02
 -0.01  0.    0.    0.   -0.   -0.   -0.    0.02  0.03  0.02  0.01  0.01
  0.01 -0.   -0.01 -0.01 -0.08 -0.08  0.26  0.24  0.08  0.07  0.1   0.1
  0.28  0.3  -0.15 -0.14]
orbital number 6
[-0.19 -0.15 -0.18 -0.09 -0.06 -0.1   0.01 -0.11 -0.16 -0.09 -0.08  0.
 -0.09 -0.15  0.07  0.09  0.05  0.04  0.05  0.09 -0.03 -0.13 -0.16 -0.09
 -0.08 -0.09 -0.16  0.15  0.2   0.13  0.11  0.13  0.21  0.1   0.19  0.15
  0.19  0.1   0.07 -0.01 -0.01 -0.01  0.   -0.   -0.   -0.   -0.   -0.
 -0.    0.   -0.    0.    0.    0.    0.    0.    0.    0.    0.01  0.
 -0.01 -0.01 -0.    0.   -0.01  0.    0.02  0.04  0.02  0.01  0.01  0.01
 -0.    0.    0.    0.   -0.   -0.   -0.   -0.01 -0.02 -0.01 -0.01 -0.
 -0.01  0.   -0.01  0.   -0.21 -0.19 -0.18 -0.16  0.09  0.09 -0.18 -0.17
  0.22  0.23  0.22  0.2 ]
orbital number 7
[ 0.04  0.03  0.04  0.03  0.03  0.03 -0.02  0.09  0.13  0.08  0.07 -0.
  0.07  0.12 -0.24 -0.31 -0.18 -0.14 -0.18 -0.31 -0.02 -0.18 -0.23 -0.13
 -0.11 -0.13 -0.22  0.05  0.07  0.04  0.04  0.04  0.07  0.01  0.01  0.01
  0.01  0.01  0.02 -0.01 -0.02 -0.01 -0.   -0.01 -0.   -0.01  0.    0.
  0.   -0.   -0.   -0.   -0.   -0.   -0.   -0.   -0.   -0.   -0.   -0.
 -0.   -0.   -0.   -0.   -0.   -0.    0.01  0.01  0.01  0.    0.    0.
 -0.    0.    0.    0.   -0.   -0.   -0.    0.01  0.02  0.01  0.01  0.
  0.01 -0.   -0.   -0.    0.05  0.05  0.15  0.14 -0.34 -0.33 -0.25 -0.24
  0.08  0.08  0.02  0.02]
orbital number 8
[-0.19 -0.14 -0.18 -0.1  -0.07 -0.1  -0.    0.01  0.01  0.01  0.01 -0.
  0.01  0.01 -0.16 -0.2  -0.12 -0.1  -0.12 -0.2   0.    0.2   0.26  0.15
  0.12  0.15  0.25 -0.01 -0.02 -0.01 -0.01 -0.01 -0.02  0.09  0.17  0.13
  0.16  0.09  0.05  0.01  0.02  0.01 -0.    0.01  0.    0.01  0.    0.
  0.   -0.    0.   -0.   -0.   -0.   -0.   -0.   -0.   -0.   -0.   -0.
  0.    0.    0.   -0.    0.   -0.   -0.   -0.   -0.   -0.   -0.   -0.
  0.   -0.   -0.   -0.    0.    0.    0.    0.    0.    0.    0.    0.
  0.   -0.    0.   -0.   -0.22 -0.2   0.02  0.01 -0.22 -0.22  0.29  0.28
 -0.02 -0.02  0.2   0.18]
orbital number 9
[ 0.    0.    0.    0.    0.    0.   -0.    0.    0.    0.    0.    0.
  0.    0.    0.    0.    0.    0.    0.    0.   -0.    0.    0.    0.
  0.    0.    0.   -0.01 -0.02 -0.    0.01 -0.   -0.02 -0.   -0.   -0.
 -0.   -0.    0.    0.    0.    0.    0.    0.    0.    0.    0.    0.
  0.    0.   -0.35 -0.    0.    0.    0.   -0.   -0.    0.   -0.    0.
 -0.41 -0.41 -0.36 -0.   -0.46 -0.    0.06  0.06  0.08  0.07  0.09  0.12
  0.08  0.11  0.07  0.05  0.06  0.05 -0.36  0.    0.    0.    0.    0.
  0.    0.   -0.   -0.    0.    0.    0.    0.    0.    0.    0.    0.
 -0.02 -0.02 -0.   -0.  ]
orbital number 10
[-0.   -0.   -0.   -0.    0.   -0.   -0.   -0.01 -0.02 -0.    0.01  0.
 -0.   -0.01  0.    0.    0.    0.    0.    0.   -0.    0.    0.    0.
  0.    0.    0.    0.    0.    0.    0.    0.    0.    0.    0.    0.
  0.    0.    0.    0.    0.    0.    0.07  0.    0.    0.    0.06  0.09
  0.13  0.06  0.   -0.4   0.    0.    0.   -0.36 -0.36  0.   -0.45  0.
  0.    0.    0.   -0.34  0.   -0.4  -0.   -0.   -0.   -0.   -0.   -0.
 -0.   -0.   -0.   -0.   -0.   -0.    0.    0.07  0.07  0.09  0.08  0.1
  0.14  0.1  -0.   -0.01 -0.   -0.   -0.02 -0.02  0.    0.    0.    0.
  0.    0.    0.    0.  ]
orbital number 11
[-0.06  0.    0.06  0.03 -0.   -0.03 -0.   -0.    0.04  0.02 -0.    0.
 -0.02 -0.05 -0.    0.    0.    0.   -0.   -0.    0.    0.    0.   -0.
 -0.   -0.   -0.    0.    0.    0.   -0.   -0.   -0.    0.14  0.33 -0.01
 -0.35 -0.16 -0.01 -0.   -0.   -0.    0.   -0.   -0.   -0.    0.    0.
  0.    0.   -0.   -0.    0.    0.    0.   -0.   -0.    0.   -0.    0.
 -0.   -0.   -0.   -0.   -0.   -0.   -0.   -0.   -0.   -0.   -0.   -0.
  0.   -0.    0.    0.    0.    0.   -0.   -0.   -0.   -0.   -0.   -0.
 -0.    0.    0.    0.   -0.1   0.11  0.08 -0.08  0.   -0.   -0.   -0.
  0.   -0.    0.58 -0.59]
orbital number 12
[ 0.03 -0.   -0.03 -0.01 -0.    0.01 -0.   -0.01  0.33  0.14 -0.01  0.
 -0.16 -0.35 -0.   -0.   -0.    0.    0.    0.   -0.   -0.   -0.    0.
  0.    0.    0.   -0.   -0.   -0.    0.    0.    0.   -0.02 -0.04  0.
  0.04  0.02  0.    0.    0.    0.    0.    0.    0.    0.    0.    0.
 -0.    0.    0.   -0.    0.    0.    0.   -0.   -0.    0.   -0.    0.
  0.    0.    0.   -0.    0.   -0.    0.    0.    0.    0.    0.    0.
 -0.    0.   -0.   -0.   -0.   -0.    0.   -0.   -0.   -0.   -0.   -0.
 -0.    0.   -0.    0.    0.05 -0.05  0.59 -0.6  -0.    0.01 -0.    0.
 -0.    0.   -0.07  0.07]
orbital number 13
[ 0.33 -0.01 -0.35 -0.16 -0.01  0.14  0.    0.   -0.02 -0.01  0.   -0.
  0.01  0.02  0.    0.    0.   -0.   -0.   -0.   -0.   -0.   -0.    0.
  0.    0.    0.   -0.   -0.01 -0.    0.    0.    0.01  0.02  0.06 -0.
 -0.06 -0.03 -0.01  0.    0.    0.   -0.    0.    0.    0.   -0.   -0.
 -0.   -0.    0.    0.   -0.   -0.   -0.    0.    0.   -0.    0.   -0.
  0.    0.    0.    0.    0.    0.    0.    0.    0.    0.    0.    0.
 -0.    0.   -0.   -0.   -0.   -0.    0.    0.    0.    0.    0.    0.
  0.   -0.   -0.   -0.    0.58 -0.59 -0.04  0.04  0.   -0.   -0.    0.
 -0.01  0.01  0.11 -0.11]
orbital number 14
[ 0.01 -0.   -0.01 -0.   -0.    0.    0.    0.   -0.   -0.   -0.   -0.
  0.    0.    0.    0.    0.   -0.   -0.   -0.    0.    0.   -0.   -0.
 -0.    0.    0.    0.01  0.35  0.16  0.01 -0.14 -0.34  0.    0.    0.
 -0.   -0.   -0.   -0.   -0.   -0.    0.   -0.   -0.   -0.    0.    0.
 -0.    0.    0.   -0.   -0.   -0.   -0.   -0.   -0.   -0.   -0.   -0.
  0.    0.    0.   -0.    0.   -0.    0.    0.    0.    0.    0.    0.
 -0.    0.    0.   -0.   -0.   -0.    0.   -0.   -0.   -0.   -0.   -0.
 -0.    0.   -0.    0.    0.01 -0.01 -0.    0.    0.   -0.   -0.01  0.
  0.6  -0.6   0.   -0.  ]
orbital number 15
[-0.   -0.   -0.    0.    0.    0.   -0.   -0.    0.    0.   -0.   -0.
 -0.   -0.   -0.    0.34  0.15 -0.   -0.15 -0.35 -0.   -0.    0.    0.
 -0.   -0.   -0.   -0.   -0.    0.    0.    0.    0.   -0.   -0.   -0.
  0.    0.    0.   -0.   -0.   -0.    0.   -0.   -0.   -0.    0.    0.
 -0.    0.    0.   -0.   -0.   -0.   -0.   -0.   -0.   -0.   -0.   -0.
  0.    0.    0.   -0.    0.   -0.    0.    0.    0.    0.    0.    0.
 -0.    0.   -0.   -0.   -0.   -0.    0.   -0.   -0.   -0.   -0.   -0.
 -0.    0.   -0.    0.   -0.   -0.    0.   -0.    0.6  -0.6   0.   -0.
  0.    0.   -0.    0.  ]
orbital number 16
[ 0.   -0.   -0.   -0.   -0.    0.   -0.    0.   -0.   -0.    0.    0.
  0.    0.    0.   -0.   -0.    0.    0.    0.   -0.   -0.01  0.34  0.14
 -0.   -0.15 -0.35 -0.    0.    0.    0.   -0.   -0.   -0.    0.    0.
 -0.   -0.   -0.   -0.   -0.   -0.   -0.   -0.   -0.   -0.   -0.   -0.
 -0.   -0.    0.    0.    0.    0.    0.    0.    0.    0.    0.    0.
  0.    0.    0.    0.    0.    0.    0.    0.    0.    0.    0.    0.
 -0.    0.   -0.   -0.   -0.   -0.    0.    0.    0.    0.    0.    0.
  0.   -0.   -0.   -0.    0.   -0.   -0.    0.   -0.    0.    0.6  -0.6
  0.01 -0.    0.    0.  ]
orbital number 17
[ 0.   -0.    0.    0.    0.    0.   -0.   -0.   -0.    0.    0.    0.
  0.   -0.   -0.    0.    0.    0.    0.    0.   -0.01 -0.    0.    0.
  0.    0.    0.   -0.04 -0.04  0.05  0.14  0.05 -0.04  0.   -0.   -0.
 -0.    0.    0.    0.    0.    0.   -0.    0.    0.    0.   -0.   -0.
 -0.   -0.    0.06  0.    0.    0.    0.    0.    0.    0.    0.    0.
  0.04  0.04  0.05  0.    0.01  0.    0.38  0.39  0.35  0.36  0.29  0.3
 -0.28 -0.05 -0.1  -0.14 -0.25 -0.2   0.05  0.    0.    0.    0.    0.
  0.   -0.   -0.1  -0.    0.    0.    0.    0.    0.    0.    0.    0.
 -0.1  -0.09 -0.   -0.  ]
orbital number 18
[ 0.    0.    0.   -0.   -0.   -0.    0.01  0.03  0.03 -0.04 -0.11 -0.
 -0.04  0.03  0.   -0.   -0.   -0.   -0.   -0.    0.    0.   -0.   -0.
 -0.   -0.   -0.    0.   -0.    0.    0.    0.   -0.   -0.   -0.    0.
 -0.   -0.   -0.   -0.   -0.   -0.    0.26 -0.   -0.   -0.    0.17  0.12
  0.08  0.22  0.   -0.04 -0.   -0.   -0.   -0.06 -0.06 -0.   -0.01 -0.
  0.    0.    0.   -0.06  0.   -0.04  0.    0.    0.    0.    0.    0.
 -0.   -0.   -0.   -0.   -0.   -0.    0.   -0.38 -0.37 -0.33 -0.37 -0.3
 -0.29  0.29 -0.    0.09  0.    0.    0.07  0.08 -0.   -0.   -0.   -0.
 -0.   -0.   -0.   -0.  ]
orbital number 19
[ 0.   -0.    0.    0.    0.    0.   -0.   -0.   -0.    0.    0.    0.
  0.   -0.   -0.    0.    0.    0.    0.    0.   -0.   -0.    0.    0.
  0.    0.    0.   -0.02 -0.02  0.03  0.07  0.03 -0.02  0.   -0.   -0.
 -0.    0.    0.    0.    0.    0.    0.    0.    0.    0.    0.    0.
  0.    0.    0.14  0.    0.    0.    0.    0.    0.    0.    0.    0.
  0.08  0.08  0.12  0.    0.    0.    0.08  0.17  0.22 -0.01 -0.11  0.26
  0.16  0.42  0.41  0.37  0.28  0.33  0.12  0.    0.    0.   -0.   -0.
  0.    0.   -0.25 -0.    0.    0.    0.    0.    0.    0.    0.    0.
 -0.05 -0.04 -0.   -0.  ]
orbital number 20
[-0.   -0.   -0.    0.    0.    0.   -0.   -0.01 -0.01  0.03  0.06  0.
  0.03 -0.02 -0.    0.    0.    0.    0.    0.   -0.   -0.   -0.    0.
  0.    0.   -0.   -0.    0.   -0.   -0.   -0.    0.    0.    0.   -0.
  0.    0.    0.    0.    0.    0.    0.26  0.    0.    0.    0.36  0.4
  0.42  0.32 -0.    0.09  0.    0.    0.    0.15  0.15  0.    0.    0.
 -0.   -0.   -0.    0.17  0.    0.09 -0.   -0.   -0.   -0.    0.   -0.
 -0.   -0.   -0.   -0.   -0.   -0.   -0.    0.1   0.19  0.24  0.01 -0.09
  0.28  0.14  0.   -0.25 -0.   -0.   -0.04 -0.04  0.    0.    0.    0.
  0.    0.    0.    0.  ]
orbital number 21
[ 0.   -0.    0.    0.    0.    0.   -0.   -0.   -0.    0.    0.    0.
  0.    0.   -0.   -0.    0.    0.    0.   -0.   -0.   -0.02 -0.02  0.03
  0.07  0.03 -0.02 -0.    0.    0.    0.    0.    0.    0.   -0.   -0.
 -0.    0.    0.    0.41  0.41  0.41 -0.    0.41  0.4   0.4  -0.   -0.
 -0.   -0.   -0.   -0.    0.    0.    0.   -0.   -0.    0.    0.    0.
 -0.   -0.   -0.   -0.    0.   -0.   -0.   -0.   -0.   -0.    0.   -0.
 -0.   -0.   -0.   -0.   -0.   -0.   -0.   -0.   -0.   -0.   -0.    0.
 -0.   -0.    0.    0.    0.    0.    0.    0.    0.    0.   -0.05 -0.05
  0.    0.   -0.   -0.  ]
orbital number 22
[-0.   -0.   -0.    0.    0.    0.   -0.   -0.    0.    0.    0.    0.41
  0.    0.   -0.   -0.    0.    0.01  0.   -0.   -0.   -0.    0.    0.
 -0.    0.    0.   -0.    0.    0.    0.    0.   -0.    0.    0.   -0.
  0.    0.    0.   -0.   -0.   -0.   -0.   -0.   -0.   -0.   -0.   -0.
 -0.   -0.   -0.   -0.    0.41  0.41  0.41 -0.   -0.    0.41  0.    0.41
 -0.   -0.   -0.   -0.    0.   -0.   -0.   -0.   -0.   -0.    0.   -0.
 -0.   -0.   -0.   -0.   -0.   -0.   -0.   -0.   -0.   -0.   -0.   -0.
 -0.   -0.    0.    0.   -0.   -0.    0.    0.   -0.01 -0.01  0.    0.
  0.    0.    0.    0.  ]
orbital number 23
[-0.03 -0.03 -0.04  0.24  0.45  0.25 -0.   -0.   -0.    0.    0.   -0.
  0.   -0.   -0.   -0.    0.    0.    0.   -0.   -0.   -0.   -0.    0.
  0.    0.   -0.   -0.   -0.    0.    0.    0.   -0.    0.25 -0.02 -0.02
 -0.03  0.25  0.45 -0.   -0.   -0.    0.   -0.   -0.   -0.   -0.   -0.
 -0.    0.   -0.    0.   -0.   -0.   -0.   -0.   -0.   -0.    0.    0.
  0.    0.   -0.   -0.    0.    0.   -0.    0.   -0.   -0.   -0.   -0.
  0.   -0.   -0.   -0.    0.    0.   -0.   -0.    0.   -0.   -0.    0.
 -0.    0.    0.    0.   -0.29 -0.29  0.    0.    0.    0.    0.    0.
  0.    0.   -0.28 -0.3 ]
orbital number 24
[-0.   -0.02 -0.   -0.    0.   -0.    0.    0.    0.    0.    0.   -0.
  0.    0.    0.    0.    0.    0.    0.    0.   -0.04 -0.02 -0.   -0.01
 -0.01 -0.01 -0.   -0.09 -0.05 -0.35 -0.49 -0.36 -0.05  0.    0.    0.
  0.    0.    0.01  0.   -0.    0.    0.    0.    0.    0.   -0.   -0.
 -0.    0.    0.07  0.   -0.   -0.   -0.   -0.   -0.   -0.    0.    0.
 -0.01 -0.01  0.05 -0.   -0.05  0.   -0.01 -0.13  0.05  0.1   0.16  0.21
 -0.1   0.12  0.09  0.02 -0.12 -0.07  0.05  0.    0.   -0.   -0.   -0.
 -0.    0.   -0.07  0.    0.02  0.02 -0.   -0.   -0.   -0.    0.03  0.03
  0.4   0.4  -0.   -0.  ]
orbital number 25
[ 0.    0.    0.    0.    0.01  0.   -0.05 -0.11 -0.06 -0.37 -0.49  0.
 -0.36 -0.05 -0.02 -0.01 -0.02 -0.02 -0.02 -0.01  0.    0.    0.    0.
  0.    0.    0.   -0.   -0.   -0.   -0.   -0.   -0.   -0.   -0.   -0.02
 -0.   -0.    0.   -0.    0.   -0.   -0.1  -0.   -0.   -0.    0.01  0.07
  0.1  -0.06  0.   -0.01  0.    0.    0.    0.04  0.04  0.   -0.05 -0.
 -0.   -0.    0.    0.06 -0.   -0.01 -0.   -0.    0.    0.    0.    0.
 -0.    0.    0.    0.   -0.   -0.    0.   -0.02 -0.11  0.04  0.08  0.14
  0.18 -0.08 -0.   -0.06 -0.01 -0.01  0.41  0.42  0.04  0.04 -0.   -0.
  0.    0.    0.02  0.02]
orbital number 26
[ 0.01  0.03  0.01  0.01  0.    0.01 -0.   -0.    0.    0.    0.    0.
  0.    0.   -0.01 -0.   -0.01 -0.02 -0.01 -0.    0.06  0.14  0.08  0.39
  0.5   0.38  0.07  0.02  0.   -0.02 -0.04 -0.02  0.   -0.01 -0.   -0.01
 -0.   -0.01 -0.01 -0.02  0.05 -0.02  0.   -0.08 -0.1  -0.08 -0.   -0.
 -0.    0.    0.01  0.    0.    0.    0.   -0.   -0.    0.    0.   -0.
 -0.   -0.    0.   -0.   -0.    0.   -0.   -0.01  0.    0.01  0.01  0.02
 -0.01  0.01  0.01  0.   -0.01 -0.01  0.    0.    0.   -0.   -0.   -0.
 -0.    0.   -0.    0.   -0.03 -0.03 -0.   -0.    0.01  0.01 -0.44 -0.44
  0.    0.    0.01  0.01]
orbital number 27
[-0.   -0.   -0.   -0.01 -0.01 -0.01  0.05  0.02  0.   -0.03 -0.05 -0.01
 -0.03  0.    0.14  0.08  0.39  0.51  0.39  0.08  0.    0.    0.    0.01
  0.02  0.01  0.    0.    0.   -0.   -0.   -0.    0.    0.01  0.01  0.03
  0.01  0.01 -0.   -0.    0.   -0.   -0.01 -0.   -0.   -0.    0.    0.01
  0.01 -0.01  0.   -0.   -0.   -0.01 -0.01  0.    0.   -0.   -0.01  0.01
 -0.   -0.    0.    0.01 -0.   -0.   -0.   -0.    0.    0.    0.    0.
 -0.    0.    0.    0.   -0.   -0.    0.   -0.01 -0.01  0.    0.01  0.01
  0.02 -0.01 -0.   -0.01  0.01  0.01  0.01  0.01 -0.44 -0.45 -0.01 -0.01
 -0.   -0.   -0.03 -0.03]
orbital number 28
[ 0.11  0.21  0.1   0.24  0.23  0.25 -0.08 -0.05 -0.01  0.02  0.04 -0.
  0.02 -0.01 -0.03 -0.    0.04  0.06  0.04 -0.    0.09  0.04  0.   -0.04
 -0.07 -0.04  0.    0.05  0.01 -0.02 -0.04 -0.02  0.01 -0.25 -0.11 -0.2
 -0.1  -0.25 -0.24  0.   -0.01  0.    0.03  0.01  0.01  0.01  0.01 -0.01
 -0.03  0.03  0.01  0.   -0.   -0.   -0.   -0.01 -0.01 -0.    0.01  0.
 -0.   -0.    0.01 -0.01 -0.01  0.   -0.02 -0.03  0.01 -0.01  0.02  0.03
 -0.01  0.03  0.01 -0.01 -0.03 -0.02  0.01  0.03  0.03 -0.01  0.01 -0.02
 -0.03  0.01 -0.    0.   -0.34 -0.34  0.02  0.02 -0.   -0.   -0.   -0.
 -0.03 -0.03  0.33  0.33]
orbital number 29
[ 0.01  0.03  0.01  0.02  0.01  0.02  0.03  0.08  0.04  0.07  0.05  0.
  0.07  0.04  0.02  0.   -0.01 -0.02 -0.01  0.    0.01  0.01  0.   -0.01
 -0.01 -0.01  0.    0.02  0.01  0.01  0.    0.01  0.01 -0.02 -0.    0.01
 -0.   -0.02 -0.03 -0.   -0.   -0.   -0.31  0.    0.    0.   -0.21  0.1
  0.36 -0.4   0.01 -0.02 -0.    0.    0.    0.03  0.03 -0.   -0.05 -0.
 -0.   -0.    0.    0.05 -0.01 -0.02 -0.05 -0.02  0.02 -0.05  0.    0.05
  0.    0.05  0.01 -0.03 -0.04 -0.05  0.   -0.41 -0.16  0.15 -0.35  0.
  0.37  0.03 -0.   -0.01 -0.03 -0.03 -0.1  -0.1  -0.   -0.   -0.   -0.
 -0.02 -0.02  0.01  0.01]
orbital number 30
[ 0.   -0.    0.    0.03  0.03  0.03 -0.01  0.    0.    0.01  0.01 -0.
  0.01  0.   -0.   -0.    0.    0.    0.   -0.   -0.02 -0.01 -0.    0.01
  0.02  0.01 -0.   -0.08 -0.04 -0.08 -0.06 -0.08 -0.04 -0.02 -0.01 -0.02
 -0.01 -0.02 -0.02  0.    0.    0.   -0.04 -0.   -0.   -0.   -0.03  0.01
  0.05 -0.05 -0.04 -0.    0.   -0.   -0.    0.    0.    0.   -0.    0.
  0.01  0.01 -0.02  0.    0.03 -0.    0.41  0.15 -0.16  0.36  0.01 -0.36
 -0.04 -0.36 -0.1   0.21  0.31  0.4  -0.02 -0.05 -0.02  0.02 -0.05 -0.
  0.05  0.01  0.01 -0.   -0.02 -0.02 -0.01 -0.01  0.    0.    0.    0.
  0.11  0.11  0.03  0.03]
orbital number 31
[ 0.    0.01  0.   -0.01 -0.01 -0.01  0.01  0.01  0.   -0.   -0.    0.
 -0.    0.    0.    0.   -0.   -0.   -0.    0.    0.02  0.01  0.   -0.01
 -0.01 -0.01  0.    0.04  0.02  0.03  0.01  0.03  0.02  0.01  0.01  0.01
  0.01  0.01  0.   -0.   -0.   -0.    0.    0.    0.    0.    0.   -0.
 -0.    0.    0.57 -0.   -0.    0.    0.    0.01  0.01 -0.   -0.01 -0.
 -0.23 -0.23  0.31  0.01 -0.54 -0.    0.   -0.08 -0.1   0.07  0.08 -0.05
  0.09 -0.05 -0.1  -0.08  0.08  0.    0.31  0.   -0.   -0.    0.    0.
 -0.    0.    0.04  0.   -0.   -0.   -0.   -0.   -0.   -0.   -0.   -0.
 -0.05 -0.05 -0.01 -0.01]
orbital number 32
[-0.01 -0.01 -0.01 -0.01 -0.   -0.01 -0.03 -0.05 -0.02 -0.03 -0.01 -0.
 -0.02 -0.02 -0.02 -0.    0.01  0.02  0.01 -0.   -0.01 -0.   -0.    0.
  0.    0.   -0.   -0.   -0.    0.    0.    0.   -0.    0.01 -0.   -0.01
 -0.    0.01  0.02  0.    0.    0.   -0.09 -0.   -0.   -0.    0.09  0.12
  0.06 -0.01  0.01  0.23  0.   -0.   -0.   -0.31 -0.3   0.    0.53  0.
 -0.   -0.    0.01 -0.56 -0.01  0.22 -0.   -0.   -0.   -0.   -0.    0.
  0.    0.   -0.   -0.    0.   -0.    0.01 -0.01  0.1   0.13 -0.1  -0.11
  0.06 -0.1   0.   -0.04  0.01  0.01  0.05  0.05  0.    0.    0.    0.
  0.    0.    0.    0.  ]
orbital number 33
[ 0.    0.    0.   -0.   -0.   -0.    0.    0.    0.   -0.   -0.    0.
 -0.    0.    0.    0.   -0.   -0.   -0.    0.    0.    0.    0.   -0.
 -0.   -0.    0.    0.    0.    0.    0.    0.    0.    0.    0.    0.
  0.    0.   -0.   -0.   -0.   -0.   -0.    0.    0.    0.    0.    0.
 -0.    0.   -0.    0.   -0.    0.    0.   -0.   -0.   -0.    0.   -0.
  0.51 -0.51 -0.49 -0.    0.    0.    0.   -0.   -0.    0.   -0.   -0.
 -0.    0.    0.    0.   -0.   -0.    0.49  0.   -0.   -0.    0.    0.
 -0.   -0.   -0.   -0.   -0.   -0.   -0.   -0.   -0.   -0.   -0.   -0.
 -0.   -0.   -0.   -0.  ]
orbital number 34
[ 0.    0.    0.    0.   -0.    0.    0.    0.    0.    0.   -0.    0.
  0.    0.    0.    0.   -0.   -0.   -0.    0.    0.    0.    0.   -0.
 -0.   -0.    0.    0.    0.   -0.   -0.   -0.    0.   -0.    0.    0.
  0.   -0.   -0.   -0.   -0.   -0.   -0.    0.    0.    0.    0.    0.
  0.   -0.   -0.   -0.51 -0.    0.    0.    0.49 -0.49 -0.    0.   -0.
  0.    0.   -0.   -0.01  0.    0.51  0.   -0.   -0.    0.    0.   -0.
 -0.   -0.    0.    0.   -0.    0.   -0.    0.   -0.   -0.    0.   -0.
 -0.   -0.   -0.   -0.   -0.   -0.   -0.   -0.   -0.   -0.   -0.   -0.
 -0.   -0.   -0.   -0.  ]
orbital number 35
[ 0.09  0.24  0.08 -0.03 -0.13 -0.03  0.19  0.24  0.08 -0.04 -0.14  0.
 -0.04  0.08  0.16  0.04 -0.07 -0.13 -0.07  0.04  0.18  0.16  0.04 -0.06
 -0.12 -0.07  0.04  0.21  0.07 -0.02 -0.1  -0.02  0.07 -0.02  0.09  0.23
  0.08 -0.02 -0.12 -0.01 -0.04 -0.01 -0.09  0.02  0.04  0.02  0.17  0.14
 -0.01  0.06 -0.03  0.02 -0.    0.    0.   -0.02 -0.02 -0.    0.04 -0.
  0.01  0.02 -0.01 -0.04  0.03  0.02  0.   -0.14 -0.12  0.14  0.14  0.01
 -0.14 -0.01  0.12  0.15 -0.08  0.05 -0.02  0.   -0.16 -0.13  0.15  0.15
  0.01 -0.16 -0.02 -0.02 -0.14 -0.14 -0.13 -0.13 -0.06 -0.06 -0.06 -0.06
 -0.12 -0.12 -0.14 -0.14]
orbital number 36
[-0.01 -0.07 -0.01  0.08  0.09  0.08  0.1   0.2   0.08  0.01 -0.07  0.
  0.01  0.08  0.09  0.02 -0.04 -0.07 -0.04  0.02 -0.11 -0.1  -0.03  0.04
  0.08  0.04 -0.03 -0.21 -0.08 -0.02  0.07 -0.02 -0.09 -0.07 -0.01  0.03
 -0.01 -0.07 -0.07  0.01  0.03  0.01 -0.15 -0.02 -0.03 -0.02  0.23  0.2
 -0.    0.06  0.02  0.01 -0.    0.    0.   -0.01 -0.01 -0.    0.02 -0.
 -0.01 -0.01  0.01 -0.02 -0.02  0.01  0.03  0.23  0.2  -0.18 -0.22 -0.01
  0.22  0.   -0.2  -0.23  0.15 -0.06  0.01 -0.03 -0.23 -0.2   0.18  0.22
  0.01 -0.22  0.01 -0.01 -0.   -0.   -0.13 -0.13 -0.03 -0.03  0.04  0.04
  0.15  0.15  0.02  0.02]
orbital number 37
[ 0.09  0.23  0.08 -0.03 -0.12 -0.03  0.12  0.06 -0.   -0.09 -0.1   0.
 -0.09 -0.    0.12  0.04 -0.05 -0.09 -0.05  0.04  0.12  0.14  0.04 -0.05
 -0.1  -0.05  0.04  0.01 -0.02 -0.09 -0.08 -0.09 -0.02 -0.01  0.09  0.22
  0.08 -0.02 -0.11 -0.02 -0.05 -0.02  0.17  0.03  0.05  0.03 -0.21 -0.2
 -0.01 -0.02 -0.01  0.01 -0.    0.    0.01 -0.   -0.01 -0.    0.01 -0.01
  0.01  0.01 -0.01 -0.01  0.01  0.01  0.07  0.21  0.2  -0.13 -0.2  -0.
  0.2  -0.01 -0.21 -0.21  0.18 -0.02 -0.    0.07  0.21  0.2  -0.13 -0.19
 -0.    0.19 -0.01 -0.01 -0.13 -0.13  0.02  0.02 -0.05 -0.05 -0.06 -0.06
  0.05  0.05 -0.13 -0.13]
orbital number 38
[ 0.02  0.15  0.02 -0.13 -0.16 -0.13 -0.19 -0.24 -0.06  0.12  0.2  -0.01
  0.12 -0.06 -0.25 -0.08  0.09  0.18  0.09 -0.08  0.17  0.26  0.09 -0.07
 -0.17 -0.07  0.09  0.16  0.04 -0.09 -0.14 -0.09  0.04  0.13 -0.01 -0.12
 -0.01  0.12  0.15 -0.05 -0.12 -0.05 -0.14  0.07  0.12  0.07  0.14  0.15
  0.01 -0.01 -0.02 -0.01  0.01 -0.01 -0.02  0.01  0.01  0.01 -0.02  0.02
  0.01  0.01 -0.01  0.02  0.02 -0.02  0.05  0.11  0.12 -0.05 -0.1   0.01
  0.11 -0.01 -0.13 -0.13  0.12  0.01 -0.01 -0.06 -0.12 -0.14  0.06  0.12
 -0.02 -0.12 -0.02  0.02 -0.02 -0.02  0.07  0.08  0.1   0.1  -0.12 -0.12
 -0.04 -0.04  0.    0.  ]
orbital number 39
[ 0.    0.    0.    0.   -0.    0.    0.    0.    0.   -0.   -0.    0.49
 -0.    0.   -0.   -0.   -0.    0.   -0.   -0.   -0.   -0.   -0.   -0.
  0.   -0.   -0.   -0.   -0.    0.    0.    0.   -0.   -0.    0.    0.
  0.   -0.   -0.    0.    0.    0.    0.   -0.   -0.   -0.   -0.   -0.
 -0.    0.    0.    0.   -0.49 -0.51 -0.01 -0.   -0.    0.51  0.    0.02
 -0.   -0.    0.   -0.   -0.    0.   -0.   -0.   -0.    0.    0.   -0.
 -0.    0.    0.    0.   -0.   -0.    0.    0.    0.    0.   -0.   -0.
  0.    0.    0.   -0.   -0.   -0.   -0.   -0.    0.    0.    0.    0.
  0.    0.   -0.   -0.  ]
orbital number 40
[ 0.    0.01  0.   -0.   -0.01 -0.   -0.   -0.01 -0.    0.    0.   -0.
  0.   -0.   -0.01 -0.    0.    0.    0.   -0.    0.   -0.01 -0.   -0.
  0.   -0.   -0.    0.01  0.   -0.   -0.01 -0.    0.    0.    0.    0.
  0.    0.   -0.    0.52  0.04 -0.48 -0.   -0.52 -0.04  0.48  0.    0.
  0.   -0.   -0.   -0.    0.   -0.   -0.    0.    0.    0.   -0.    0.
  0.    0.   -0.    0.    0.   -0.    0.    0.    0.   -0.   -0.    0.
  0.   -0.   -0.   -0.    0.    0.   -0.   -0.   -0.   -0.    0.    0.
 -0.   -0.   -0.    0.   -0.01 -0.01  0.    0.    0.    0.    0.01  0.01
 -0.   -0.   -0.   -0.  ]
orbital number 41
[-0.03 -0.08 -0.03  0.02  0.05  0.02  0.01  0.03  0.01 -0.01 -0.02  0.26
 -0.01  0.01  0.05  0.02 -0.01 -0.03 -0.01  0.02 -0.02  0.06  0.04  0.02
 -0.02  0.02  0.03 -0.04 -0.01  0.02  0.03  0.02 -0.01 -0.01 -0.02 -0.05
 -0.02 -0.01  0.02 -0.11 -0.27 -0.16  0.01  0.11  0.27  0.16 -0.01 -0.01
 -0.    0.    0.    0.   -0.26  0.23  0.49 -0.   -0.   -0.24  0.   -0.5
 -0.   -0.    0.   -0.   -0.    0.   -0.01 -0.01 -0.01  0.    0.01 -0.01
 -0.01  0.    0.02  0.02 -0.02 -0.    0.    0.    0.    0.01 -0.   -0.
  0.    0.01  0.01 -0.    0.04  0.04 -0.01 -0.01 -0.03 -0.03 -0.05 -0.05
  0.02  0.02  0.03  0.03]
orbital number 42
[-0.05 -0.13 -0.05  0.04  0.09  0.04  0.03  0.08  0.03 -0.03 -0.06 -0.15
 -0.03  0.03  0.06  0.02 -0.02 -0.04 -0.02  0.02 -0.05  0.09  0.05  0.04
 -0.01  0.04  0.05 -0.09 -0.03  0.03  0.06  0.03 -0.03 -0.03 -0.03 -0.05
 -0.03 -0.02  0.01 -0.2  -0.45 -0.25  0.03  0.19  0.45  0.25 -0.02 -0.03
 -0.    0.01  0.01  0.    0.16 -0.14 -0.3  -0.   -0.    0.14  0.01  0.3
 -0.01 -0.01  0.   -0.01 -0.01  0.   -0.01 -0.01 -0.03  0.    0.01 -0.01
 -0.02  0.    0.04  0.03 -0.04 -0.01  0.    0.01  0.01  0.02 -0.   -0.01
  0.01  0.02  0.01 -0.01  0.06  0.06 -0.03 -0.03 -0.02 -0.02 -0.07 -0.07
  0.04  0.04  0.04  0.04]
orbital number 43
[-0.13 -0.27 -0.12  0.01  0.13 -0.    0.03  0.22  0.09 -0.06 -0.14 -0.
 -0.07  0.08  0.16  0.06 -0.05 -0.1  -0.04  0.06  0.05  0.16  0.06 -0.06
 -0.11 -0.06  0.05  0.33  0.12 -0.09 -0.21 -0.09  0.13  0.03 -0.15 -0.32
 -0.14  0.04  0.18  0.06  0.1   0.06  0.08 -0.04 -0.1  -0.04 -0.05 -0.08
 -0.02  0.04 -0.03  0.01  0.01 -0.   -0.01 -0.01 -0.01  0.01  0.01  0.01
  0.02  0.02 -0.01 -0.02  0.02  0.01 -0.01 -0.01  0.09  0.    0.01  0.09
  0.03 -0.04 -0.14 -0.09  0.14  0.08 -0.01 -0.   -0.    0.05  0.    0.01
  0.05  0.01 -0.05 -0.03  0.15  0.15 -0.1  -0.09 -0.07 -0.07 -0.06 -0.06
 -0.14 -0.14  0.17  0.16]
orbital number 44
[ 0.01  0.03  0.01 -0.02 -0.02 -0.02 -0.01  0.16  0.07 -0.02 -0.09  0.
 -0.03  0.07 -0.19 -0.08  0.05  0.12  0.05 -0.07  0.02  0.1   0.04 -0.03
 -0.07 -0.03  0.04 -0.1  -0.04  0.01  0.06  0.02 -0.04  0.02 -0.01 -0.04
 -0.01  0.02  0.03  0.02  0.04  0.02  0.22 -0.02 -0.04 -0.02  0.04 -0.27
 -0.27  0.32  0.01  0.01 -0.01  0.    0.01 -0.   -0.01 -0.01  0.01 -0.01
 -0.01 -0.01  0.   -0.01 -0.01  0.01  0.15  0.04 -0.14  0.08 -0.11 -0.16
  0.1   0.15  0.15 -0.02 -0.13 -0.18  0.   -0.28 -0.07  0.25 -0.15  0.2
  0.28 -0.19  0.02 -0.02 -0.01 -0.01 -0.08 -0.07  0.08  0.08 -0.04 -0.04
  0.05  0.05  0.01  0.01]
orbital number 45
[ 0.03  0.04  0.03  0.01 -0.02  0.01 -0.01  0.02  0.01  0.   -0.01  0.
  0.    0.01 -0.15 -0.06  0.04  0.1   0.04 -0.06 -0.03 -0.21 -0.08  0.06
  0.14  0.07 -0.08  0.08  0.04  0.   -0.04 -0.01  0.04 -0.02  0.04  0.1
  0.04 -0.02 -0.06 -0.05 -0.08 -0.05  0.1   0.03  0.08  0.03  0.04 -0.13
 -0.16  0.18 -0.   -0.   -0.    0.    0.01  0.   -0.   -0.    0.   -0.01
  0.    0.   -0.   -0.    0.    0.   -0.29 -0.07  0.24 -0.16  0.2   0.27
 -0.2  -0.27 -0.25  0.06  0.19  0.31 -0.   -0.17 -0.04  0.13 -0.09  0.12
  0.15 -0.12 -0.01 -0.   -0.03 -0.03 -0.02 -0.01  0.07  0.07  0.08  0.08
 -0.05 -0.04 -0.05 -0.04]
orbital number 46
[ 0.    0.01  0.   -0.   -0.01 -0.   -0.    0.37  0.15 -0.1  -0.24  0.01
 -0.1   0.15 -0.44 -0.18  0.12  0.28  0.12 -0.17  0.    0.01  0.   -0.
 -0.01 -0.    0.   -0.02 -0.01  0.01  0.01  0.01 -0.01 -0.   -0.   -0.
  0.    0.01  0.    0.    0.    0.    0.01 -0.   -0.   -0.   -0.15  0.04
  0.2  -0.17  0.    0.03 -0.01  0.01  0.02 -0.01 -0.01 -0.01  0.03 -0.02
 -0.   -0.    0.   -0.04 -0.    0.03 -0.02 -0.    0.01 -0.01  0.01  0.01
 -0.01 -0.02 -0.    0.01 -0.    0.01  0.    0.22  0.01 -0.11  0.16 -0.13
 -0.1   0.19  0.01 -0.07 -0.   -0.   -0.16 -0.16  0.19  0.19 -0.   -0.
  0.01  0.01  0.   -0.  ]
orbital number 47
[ 0.   -0.    0.01  0.02  0.01  0.01  0.   -0.01 -0.    0.    0.01  0.
  0.   -0.   -0.06 -0.02  0.02  0.04  0.02 -0.02 -0.02 -0.4  -0.16  0.12
  0.26  0.13 -0.15  0.36  0.14 -0.1  -0.23 -0.09  0.15 -0.02  0.03  0.07
  0.03 -0.02 -0.05 -0.08 -0.12 -0.08 -0.    0.05  0.12  0.05  0.   -0.
 -0.    0.   -0.04 -0.   -0.    0.    0.    0.    0.   -0.   -0.   -0.
  0.03  0.03 -0.01  0.    0.03 -0.    0.23 -0.01 -0.11  0.18 -0.13 -0.08
  0.2   0.2   0.01 -0.18  0.04 -0.16 -0.01 -0.    0.    0.   -0.    0.
  0.   -0.   -0.09  0.   -0.01 -0.01  0.    0.    0.03  0.03  0.16  0.16
 -0.15 -0.16 -0.03 -0.03]
orbital number 48
[-0.26 -0.05  0.23  0.4   0.04 -0.34  0.   -0.01 -0.01 -0.    0.01  0.
  0.01 -0.   -0.02 -0.01  0.01  0.01  0.   -0.01 -0.    0.03  0.02 -0.01
 -0.02 -0.01  0.01  0.01  0.   -0.   -0.01  0.    0.01  0.34  0.26  0.05
 -0.22 -0.39 -0.04  0.    0.01  0.   -0.   -0.   -0.01 -0.    0.01  0.
 -0.    0.   -0.   -0.   -0.    0.    0.    0.    0.   -0.   -0.   -0.
  0.    0.   -0.    0.    0.   -0.    0.   -0.   -0.    0.    0.    0.
  0.    0.   -0.   -0.01  0.   -0.   -0.   -0.    0.    0.   -0.   -0.
 -0.   -0.   -0.    0.    0.25 -0.22  0.01  0.    0.01  0.01 -0.01 -0.01
 -0.   -0.01 -0.24  0.22]
orbital number 49
[-0.04 -0.34 -0.18  0.06  0.24  0.28  0.03 -0.09 -0.2  -0.22  0.06  0.
  0.25  0.11 -0.13 -0.05  0.04  0.08  0.03 -0.06 -0.04  0.19  0.09 -0.04
 -0.12 -0.07  0.07  0.08 -0.   -0.07 -0.05  0.05  0.08 -0.14  0.13  0.34
  0.09 -0.19 -0.24  0.03  0.04  0.03 -0.04 -0.01 -0.04 -0.01  0.05  0.03
 -0.03  0.01 -0.01 -0.01 -0.    0.    0.    0.    0.   -0.   -0.01 -0.
  0.01  0.01 -0.    0.02  0.01 -0.01  0.02 -0.03 -0.02  0.04  0.    0.02
  0.03  0.03 -0.03 -0.05  0.05 -0.   -0.   -0.02  0.03  0.02 -0.04 -0.
 -0.02 -0.03 -0.04  0.03  0.03  0.17  0.19 -0.11  0.05  0.06 -0.09 -0.07
 -0.   -0.08 -0.12 -0.09]
orbital number 50
[-0.06  0.14  0.15  0.09 -0.09 -0.22 -0.01  0.05 -0.28 -0.45 -0.02 -0.
  0.44  0.31  0.05  0.02 -0.01 -0.03 -0.01  0.02  0.02 -0.08 -0.04  0.01
  0.05  0.03 -0.03 -0.03  0.01  0.05  0.02 -0.04 -0.04 -0.06 -0.13 -0.14
  0.04  0.2   0.1  -0.01 -0.01 -0.01  0.02  0.01  0.01  0.01 -0.02 -0.01
  0.01  0.    0.01  0.01  0.   -0.   -0.   -0.   -0.    0.    0.    0.
 -0.01 -0.01  0.   -0.01 -0.    0.01 -0.01  0.01  0.01 -0.02 -0.   -0.01
 -0.01 -0.01  0.01  0.02 -0.02  0.    0.    0.   -0.01 -0.01  0.01  0.
  0.01  0.01  0.02 -0.01  0.06 -0.14  0.26 -0.3  -0.02 -0.02  0.04  0.03
 -0.01  0.04  0.12 -0.04]
orbital number 51
[ 0.25  0.12 -0.17 -0.38 -0.09  0.25 -0.01  0.04 -0.08 -0.15 -0.02 -0.
  0.14  0.11  0.05  0.02 -0.01 -0.03 -0.01  0.02  0.01 -0.07 -0.03  0.01
  0.04  0.03 -0.02 -0.03  0.01  0.04  0.01 -0.03 -0.04  0.41  0.19 -0.13
 -0.28 -0.29  0.09 -0.01 -0.01 -0.01  0.02  0.01  0.01  0.01 -0.02 -0.01
  0.01 -0.    0.    0.01  0.   -0.   -0.   -0.   -0.    0.    0.    0.
 -0.   -0.    0.   -0.01 -0.    0.01 -0.01  0.01  0.01 -0.01 -0.   -0.01
 -0.01 -0.01  0.01  0.02 -0.01  0.    0.    0.01 -0.01 -0.01  0.02  0.
  0.01  0.01  0.01 -0.02 -0.23  0.17  0.07 -0.11 -0.02 -0.02  0.03  0.02
 -0.01  0.03 -0.18  0.27]
orbital number 52
[ 0.02  0.06  0.02 -0.03 -0.04 -0.03 -0.01  0.02 -0.   -0.02 -0.01 -0.
  0.02  0.02  0.02  0.01 -0.01 -0.01 -0.    0.01  0.01 -0.03 -0.01  0.01
  0.02  0.01 -0.01 -0.02 -0.35 -0.51  0.01  0.52  0.33  0.04 -0.01 -0.06
 -0.02  0.02  0.04 -0.   -0.01 -0.    0.01  0.    0.01  0.   -0.01 -0.01
  0.   -0.    0.    0.    0.   -0.   -0.   -0.   -0.    0.    0.    0.
 -0.   -0.    0.   -0.   -0.    0.   -0.01  0.    0.01 -0.01  0.    0.
 -0.01 -0.01  0.    0.01 -0.01  0.    0.    0.   -0.01 -0.    0.01  0.
  0.    0.    0.01 -0.01 -0.02 -0.02  0.   -0.02 -0.01 -0.01  0.01  0.01
  0.34 -0.31  0.01  0.02]
orbital number 53
[-0.   -0.   -0.    0.    0.    0.    0.   -0.   -0.   -0.    0.   -0.
  0.   -0.   -0.   -0.35 -0.52 -0.    0.52  0.35 -0.    0.    0.01  0.01
 -0.   -0.01 -0.    0.    0.    0.   -0.   -0.    0.   -0.    0.    0.01
  0.   -0.   -0.    0.    0.    0.   -0.   -0.   -0.   -0.    0.    0.
 -0.    0.   -0.   -0.    0.   -0.   -0.    0.    0.    0.   -0.    0.
  0.    0.   -0.    0.    0.   -0.    0.   -0.   -0.    0.    0.    0.
  0.    0.   -0.   -0.    0.   -0.   -0.   -0.    0.    0.   -0.   -0.
 -0.   -0.   -0.    0.    0.    0.    0.    0.    0.33 -0.33 -0.01  0.
 -0.   -0.   -0.   -0.  ]
orbital number 54
[-0.01 -0.01 -0.    0.01  0.01  0.01  0.   -0.   -0.    0.    0.    0.
 -0.   -0.   -0.   -0.01 -0.01  0.    0.01  0.   -0.    0.01 -0.34 -0.52
 -0.01  0.52  0.35  0.    0.   -0.   -0.    0.    0.   -0.01  0.    0.01
  0.   -0.01 -0.01  0.    0.    0.   -0.    0.   -0.   -0.    0.    0.
 -0.    0.   -0.   -0.   -0.    0.    0.    0.    0.   -0.   -0.   -0.
  0.    0.   -0.    0.    0.   -0.    0.   -0.   -0.    0.    0.    0.
  0.    0.   -0.   -0.    0.    0.   -0.   -0.    0.    0.   -0.   -0.
 -0.   -0.   -0.    0.    0.01  0.    0.    0.    0.01 -0.    0.32 -0.33
 -0.   -0.   -0.   -0.  ]
orbital number 55
[-0.   -0.02 -0.    0.02  0.02  0.02 -0.03 -0.16 -0.04  0.1   0.11 -0.
  0.1  -0.04  0.05  0.02 -0.01 -0.03 -0.01  0.02 -0.01  0.02  0.01 -0.
 -0.01 -0.    0.01 -0.02 -0.    0.02  0.02  0.02 -0.   -0.02  0.02  0.06
  0.03 -0.02 -0.04  0.    0.    0.    0.34 -0.   -0.   -0.   -0.35 -0.24
  0.22  0.03 -0.01  0.12  0.   -0.   -0.   -0.03 -0.03  0.    0.07  0.
  0.01  0.01 -0.   -0.13  0.01  0.11 -0.   -0.05 -0.04  0.05  0.02  0.03
  0.02  0.03 -0.03 -0.05  0.05  0.   -0.   -0.01 -0.37 -0.25  0.34  0.16
  0.24  0.13 -0.04 -0.31  0.    0.    0.03  0.03 -0.02 -0.02 -0.01 -0.01
  0.    0.   -0.02 -0.02]
orbital number 56
[ 0.03  0.07  0.03 -0.02 -0.05 -0.03 -0.    0.03  0.01 -0.02 -0.02 -0.
 -0.01  0.01  0.    0.   -0.   -0.   -0.    0.   -0.02  0.04  0.02 -0.01
 -0.03 -0.01  0.02 -0.2  -0.06  0.13  0.14  0.13 -0.06  0.03 -0.01 -0.04
 -0.01  0.02  0.03  0.    0.01  0.   -0.04 -0.   -0.01 -0.    0.04  0.03
 -0.03 -0.   -0.1  -0.01  0.   -0.   -0.    0.    0.    0.   -0.01  0.
  0.09  0.09 -0.02  0.02  0.05 -0.01 -0.03 -0.37 -0.25  0.33  0.17  0.24
  0.12  0.22 -0.23 -0.33  0.33  0.03 -0.02  0.    0.05  0.03 -0.04 -0.02
 -0.03 -0.02 -0.3   0.04 -0.02 -0.03 -0.01 -0.01 -0.   -0.   -0.02 -0.02
  0.05  0.05  0.01  0.01]
orbital number 57
[-0.16 -0.05 -0.16 -0.01  0.13 -0.   -0.   -0.    0.    0.   -0.    0.
  0.    0.   -0.    0.    0.   -0.    0.    0.    0.89 -0.05 -0.14 -0.
  0.11 -0.   -0.14 -0.04 -0.13 -0.    0.1  -0.   -0.13 -0.03 -0.    0.03
 -0.   -0.03  0.   -0.01  0.   -0.01 -0.   -0.    0.01 -0.    0.   -0.
 -0.   -0.   -0.   -0.    0.    0.   -0.   -0.   -0.    0.    0.   -0.
  0.    0.    0.    0.   -0.   -0.   -0.02 -0.   -0.02  0.    0.01  0.
 -0.    0.01 -0.   -0.    0.    0.    0.    0.   -0.    0.    0.   -0.
  0.    0.   -0.01 -0.    0.08  0.08  0.    0.    0.    0.    0.07  0.07
  0.07  0.07  0.    0.  ]
orbital number 58
[-0.    0.02 -0.   -0.03  0.   -0.03  0.89 -0.05 -0.16 -0.    0.13 -0.
 -0.   -0.16 -0.04 -0.14 -0.    0.11 -0.   -0.14 -0.   -0.    0.    0.
 -0.    0.    0.   -0.    0.    0.   -0.    0.    0.   -0.   -0.13 -0.04
 -0.13 -0.    0.1   0.   -0.    0.    0.    0.   -0.    0.   -0.   -0.
  0.01  0.    0.    0.   -0.   -0.    0.    0.    0.   -0.   -0.    0.
 -0.   -0.   -0.   -0.    0.    0.    0.   -0.    0.    0.   -0.    0.
  0.   -0.   -0.    0.   -0.   -0.   -0.   -0.02 -0.   -0.02  0.    0.01
  0.   -0.   -0.   -0.01  0.    0.    0.08  0.08  0.07  0.07  0.    0.
  0.    0.    0.07  0.07]
orbital number 59
[ 0.   -0.01  0.    0.01 -0.01  0.01 -0.01  0.04 -0.01 -0.03  0.04  0.
 -0.03 -0.01 -0.01  0.    0.   -0.01  0.    0.    0.    0.   -0.   -0.
  0.   -0.   -0.    0.   -0.   -0.    0.   -0.   -0.    0.01  0.01 -0.01
  0.01  0.01 -0.01 -0.    0.   -0.    0.18 -0.    0.   -0.    0.05  0.24
 -0.24 -0.31 -0.    0.23  0.    0.   -0.    0.13  0.13  0.   -0.34 -0.
  0.    0.    0.   -0.33 -0.    0.23 -0.    0.    0.    0.    0.   -0.
  0.   -0.    0.   -0.    0.   -0.    0.   -0.33  0.1   0.21  0.16  0.24
 -0.27  0.21 -0.   -0.16 -0.   -0.    0.01  0.01 -0.   -0.    0.    0.
  0.    0.   -0.   -0.  ]
orbital number 60
[ 0.01 -0.02  0.01  0.01 -0.02  0.01  0.    0.   -0.   -0.    0.   -0.
 -0.   -0.    0.   -0.   -0.    0.   -0.   -0.   -0.01 -0.01  0.    0.
 -0.01  0.    0.    0.05 -0.02 -0.04  0.05 -0.05 -0.02  0.01  0.   -0.01
  0.    0.01 -0.01  0.   -0.    0.   -0.    0.   -0.    0.   -0.   -0.
  0.    0.   -0.31 -0.   -0.   -0.    0.   -0.   -0.   -0.    0.    0.
  0.22  0.22  0.12  0.   -0.32 -0.   -0.34  0.11  0.2   0.17  0.25 -0.27
  0.19 -0.23  0.26  0.03  0.21 -0.32  0.12  0.    0.   -0.   -0.   -0.
  0.   -0.   -0.17  0.   -0.   -0.    0.    0.    0.    0.   -0.   -0.
  0.01  0.01 -0.   -0.  ]
orbital number 61
[-0.06  0.14 -0.06 -0.1   0.14 -0.1  -0.01 -0.06  0.03  0.04 -0.07  0.
  0.04  0.03 -0.01  0.01  0.01 -0.01  0.01  0.01  0.01  0.01 -0.01 -0.
  0.01 -0.   -0.01 -0.2   0.08  0.16 -0.21  0.15  0.09 -0.1  -0.05  0.12
 -0.05 -0.1   0.13 -0.    0.   -0.   -0.05 -0.    0.   -0.    0.07 -0.03
 -0.05 -0.02  0.02 -0.01  0.    0.   -0.   -0.01  0.    0.    0.01 -0.
 -0.01 -0.02 -0.    0.01  0.02 -0.   -0.02 -0.33  0.38  0.32 -0.29  0.04
  0.27 -0.18 -0.12  0.26 -0.17 -0.09 -0.02 -0.01 -0.09  0.1   0.09 -0.08
  0.01  0.07  0.    0.    0.02  0.02 -0.01 -0.01 -0.   -0.    0.    0.
 -0.03 -0.03  0.02  0.02]
orbital number 62
[ 0.02 -0.07  0.02  0.06 -0.07  0.06 -0.02  0.17 -0.06 -0.13  0.17  0.
 -0.13 -0.07 -0.02  0.02  0.01 -0.03  0.01  0.02  0.03  0.04 -0.02 -0.02
  0.04 -0.02 -0.02 -0.05  0.01  0.05 -0.05  0.05  0.02  0.06  0.05 -0.1
  0.05  0.06 -0.1  -0.01  0.01 -0.01  0.17 -0.    0.01 -0.   -0.26  0.12
  0.18  0.09  0.03  0.07  0.    0.   -0.    0.05  0.02  0.   -0.09 -0.
 -0.02 -0.02 -0.01 -0.08  0.04  0.04 -0.02 -0.13  0.14  0.13 -0.11  0.02
  0.1  -0.07 -0.05  0.1  -0.06 -0.03 -0.02  0.05  0.34 -0.38 -0.35  0.3
 -0.04 -0.28 -0.    0.01 -0.01 -0.01  0.03  0.03 -0.01 -0.01  0.01  0.01
 -0.01 -0.01 -0.02 -0.02]
orbital number 63
[ 0.01 -0.02  0.01  0.02 -0.02  0.02  0.01 -0.    0.    0.01 -0.   -0.
  0.01  0.    0.01 -0.   -0.    0.01 -0.   -0.    0.    0.   -0.   -0.
  0.   -0.   -0.    0.03 -0.01 -0.02  0.03 -0.02 -0.01  0.02  0.01 -0.02
  0.01  0.02 -0.02 -0.    0.   -0.   -0.   -0.    0.   -0.    0.01  0.
 -0.01 -0.01  0.44 -0.01 -0.   -0.    0.   -0.01 -0.01 -0.    0.02  0.
 -0.26 -0.26 -0.2   0.02  0.46 -0.01 -0.22  0.03  0.16  0.17  0.1  -0.16
 -0.03 -0.11  0.27 -0.11  0.28 -0.21 -0.19 -0.01 -0.02  0.03  0.03 -0.02
 -0.    0.02 -0.12 -0.01 -0.   -0.   -0.   -0.    0.    0.    0.    0.
  0.01  0.   -0.   -0.  ]
orbital number 64
[ 0.01 -0.04  0.01  0.03 -0.04  0.03  0.    0.04 -0.02 -0.03  0.04 -0.
 -0.03 -0.02  0.   -0.   -0.    0.   -0.   -0.    0.01  0.02 -0.01 -0.01
  0.02 -0.01 -0.01 -0.   -0.    0.01 -0.01  0.01 -0.    0.03  0.02 -0.05
  0.02  0.03 -0.05 -0.    0.   -0.    0.31 -0.    0.   -0.   -0.15  0.3
 -0.1  -0.21 -0.02 -0.23 -0.   -0.    0.   -0.18 -0.19 -0.    0.44  0.
  0.01  0.01  0.01  0.41 -0.02 -0.25  0.01 -0.03  0.02  0.02 -0.03  0.01
  0.02 -0.01 -0.03  0.03 -0.03  0.01  0.01 -0.23  0.05  0.15  0.16  0.11
 -0.18 -0.06  0.01 -0.13 -0.01 -0.01  0.01  0.01  0.    0.    0.    0.
 -0.   -0.   -0.01 -0.01]
orbital number 65
[ 0.12 -0.3   0.12  0.24 -0.32  0.24  0.06  0.02 -0.03  0.01  0.02 -0.
  0.01 -0.03  0.08 -0.05 -0.04  0.09 -0.04 -0.05  0.07  0.11 -0.07 -0.05
  0.11 -0.05 -0.07  0.01 -0.02  0.02  0.01  0.02 -0.02  0.24  0.12 -0.31
  0.13  0.24 -0.33 -0.03  0.04 -0.03 -0.14 -0.01  0.04 -0.01  0.14 -0.12
 -0.04  0.01 -0.01 -0.01 -0.   -0.    0.   -0.01  0.03 -0.   -0.02  0.
  0.01 -0.01  0.01 -0.02 -0.01  0.03  0.   -0.11  0.09  0.1  -0.11  0.04
  0.1  -0.04 -0.09  0.11 -0.1   0.   -0.01  0.01 -0.13  0.11  0.12 -0.14
  0.05  0.13  0.    0.01 -0.05 -0.05  0.01  0.01  0.02  0.02  0.03  0.03
  0.01  0.01 -0.05 -0.05]
orbital number 66
[ 0.   -0.    0.    0.   -0.    0.    0.    0.   -0.   -0.    0.   -0.
 -0.   -0.    0.   -0.   -0.    0.   -0.   -0.    0.    0.   -0.   -0.
  0.   -0.   -0.   -0.01  0.    0.   -0.01  0.    0.    0.    0.   -0.01
  0.    0.   -0.01 -0.    0.   -0.   -0.   -0.    0.   -0.    0.   -0.
 -0.    0.    0.   -0.   -0.   -0.    0.   -0.    0.   -0.    0.    0.
 -0.49  0.49 -0.51  0.   -0.    0.    0.   -0.01  0.01  0.01 -0.01  0.
  0.01 -0.   -0.    0.01 -0.01 -0.    0.51 -0.   -0.    0.    0.   -0.
  0.    0.    0.   -0.   -0.   -0.    0.    0.    0.    0.    0.    0.
 -0.   -0.   -0.   -0.  ]
orbital number 67
[-0.    0.01 -0.   -0.01  0.01 -0.01 -0.    0.01 -0.   -0.01  0.01  0.
 -0.01 -0.   -0.    0.    0.   -0.01  0.    0.   -0.   -0.    0.    0.
 -0.    0.    0.   -0.    0.    0.   -0.    0.    0.   -0.01 -0.    0.01
 -0.   -0.01  0.01  0.   -0.    0.    0.01  0.   -0.    0.   -0.01  0.01
  0.01 -0.   -0.   -0.49  0.    0.   -0.   -0.51  0.51  0.    0.   -0.
  0.   -0.    0.    0.01 -0.    0.49  0.    0.   -0.   -0.    0.   -0.
 -0.    0.    0.   -0.    0.   -0.   -0.   -0.    0.02 -0.01 -0.01  0.02
 -0.   -0.01  0.   -0.    0.    0.    0.    0.   -0.   -0.   -0.   -0.
 -0.   -0.    0.    0.  ]
orbital number 68
[ 0.01  0.    0.01 -0.01  0.01 -0.01 -0.   -0.02  0.01  0.01 -0.02  0.
  0.01  0.01 -0.01  0.    0.   -0.01  0.    0.   -0.02  0.3  -0.15 -0.19
  0.33 -0.19 -0.15 -0.24  0.13  0.13 -0.26  0.13  0.13 -0.02 -0.02  0.03
 -0.02 -0.02  0.03 -0.18  0.31 -0.18  0.01 -0.13  0.3  -0.14 -0.01  0.01
 -0.   -0.   -0.05  0.    0.    0.   -0.    0.    0.    0.   -0.   -0.
  0.02  0.02  0.03 -0.   -0.05  0.    0.11  0.01  0.01 -0.12  0.02 -0.02
 -0.19 -0.02  0.2  -0.17  0.19 -0.03  0.03  0.01  0.    0.   -0.01  0.
 -0.   -0.01  0.09  0.01 -0.   -0.   -0.   -0.   -0.   -0.    0.06  0.06
 -0.05 -0.05  0.01  0.01]
orbital number 69
[-0.02  0.03 -0.02 -0.01  0.03 -0.01 -0.03  0.35 -0.18 -0.19  0.38  0.03
 -0.2  -0.18 -0.31  0.17  0.16 -0.33  0.16  0.17  0.   -0.01  0.    0.01
 -0.01  0.01  0.01 -0.03  0.02  0.02 -0.04  0.02  0.02 -0.01  0.01 -0.01
  0.01 -0.01 -0.    0.01 -0.02  0.01 -0.21  0.01 -0.02  0.01  0.19 -0.23
  0.04  0.04 -0.01 -0.02  0.03  0.02 -0.05 -0.04 -0.04  0.03  0.07 -0.05
  0.    0.    0.    0.07 -0.01 -0.03  0.02 -0.    0.01 -0.02 -0.   -0.
 -0.03 -0.    0.03 -0.02  0.03 -0.01  0.   -0.14  0.03 -0.03  0.13  0.
  0.01  0.21  0.01 -0.12  0.01  0.01  0.07  0.07 -0.06 -0.06 -0.   -0.
 -0.01 -0.01 -0.   -0.  ]
orbital number 70
[ 0.05 -0.03  0.04 -0.02 -0.02 -0.03  0.   -0.02  0.01  0.01 -0.02  0.02
  0.01  0.01 -0.11  0.06  0.06 -0.12  0.06  0.06 -0.09  0.1  -0.03 -0.09
  0.12 -0.08 -0.03  0.26 -0.12 -0.17  0.29 -0.17 -0.12 -0.06 -0.07  0.12
 -0.06 -0.06  0.13 -0.17  0.33 -0.18  0.01 -0.15  0.33 -0.16 -0.01  0.01
 -0.   -0.    0.07  0.    0.02  0.02 -0.04  0.    0.    0.02 -0.   -0.04
 -0.02 -0.02 -0.04 -0.    0.07  0.   -0.16  0.08 -0.07  0.1   0.05 -0.01
  0.22  0.05 -0.25  0.19 -0.21  0.04 -0.04  0.01 -0.    0.   -0.01 -0.
  0.   -0.01 -0.14  0.01 -0.01 -0.01 -0.   -0.   -0.02 -0.02  0.01  0.01
  0.05  0.05  0.02  0.02]
orbital number 71
[ 0.01 -0.02  0.01  0.01 -0.02  0.01  0.02 -0.05  0.02  0.03 -0.05  0.33
  0.03  0.02 -0.   -0.    0.01 -0.01  0.01 -0.    0.01  0.   -0.    0.
 -0.    0.   -0.   -0.02  0.01  0.01 -0.02  0.01  0.01  0.01 -0.   -0.01
 -0.    0.01 -0.01  0.02 -0.04  0.02  0.03  0.01 -0.04  0.02 -0.03  0.04
 -0.01 -0.01 -0.01  0.    0.34  0.22 -0.56  0.01  0.01  0.23 -0.01 -0.57
  0.    0.    0.   -0.01 -0.01  0.    0.01 -0.01  0.01 -0.01 -0.01  0.
 -0.02 -0.    0.02 -0.01  0.02 -0.    0.    0.03 -0.02  0.01 -0.01 -0.01
  0.   -0.04  0.01  0.03 -0.   -0.   -0.01 -0.01  0.    0.    0.    0.
 -0.   -0.    0.   -0.  ]
orbital number 72
[ 0.   -0.    0.    0.   -0.    0.    0.   -0.01  0.    0.   -0.01 -0.47
  0.    0.   -0.    0.    0.   -0.    0.    0.    0.    0.   -0.    0.
  0.    0.   -0.   -0.    0.    0.   -0.    0.    0.    0.   -0.   -0.
 -0.    0.   -0.    0.   -0.    0.    0.    0.   -0.    0.   -0.    0.
 -0.   -0.   -0.    0.   -0.46  0.53 -0.06  0.    0.    0.53 -0.   -0.07
  0.    0.    0.   -0.   -0.    0.    0.   -0.    0.   -0.   -0.    0.
 -0.   -0.    0.   -0.    0.   -0.    0.    0.   -0.    0.   -0.   -0.
  0.   -0.    0.    0.   -0.   -0.   -0.   -0.   -0.   -0.    0.    0.
 -0.   -0.    0.    0.  ]
orbital number 73
[-0.    0.   -0.    0.    0.    0.   -0.    0.   -0.   -0.    0.    0.
 -0.   -0.    0.   -0.   -0.    0.   -0.   -0.    0.   -0.01  0.01 -0.
 -0.01  0.01 -0.   -0.    0.    0.   -0.    0.    0.    0.    0.   -0.
  0.    0.   -0.    0.5  -0.   -0.5  -0.    0.5  -0.   -0.5   0.   -0.
  0.    0.   -0.   -0.    0.    0.   -0.   -0.   -0.    0.    0.   -0.
  0.    0.    0.    0.   -0.   -0.    0.   -0.    0.   -0.   -0.    0.
 -0.   -0.    0.   -0.    0.   -0.    0.   -0.    0.   -0.    0.    0.
 -0.    0.    0.   -0.    0.    0.    0.    0.    0.    0.   -0.    0.
 -0.   -0.   -0.   -0.  ]
orbital number 74
[ 0.24 -0.01 -0.23  0.21 -0.01 -0.21  0.   -0.   -0.01  0.01 -0.01 -0.
 -0.01  0.01 -0.01 -0.    0.01 -0.01  0.    0.01  0.    0.   -0.   -0.
  0.   -0.   -0.   -0.   -0.01  0.01 -0.   -0.01  0.01  0.4  -0.46  0.01
  0.45 -0.4   0.    0.   -0.01  0.    0.    0.   -0.01  0.   -0.    0.01
 -0.   -0.   -0.    0.   -0.   -0.    0.    0.    0.   -0.   -0.    0.
  0.    0.    0.   -0.   -0.    0.    0.   -0.    0.   -0.   -0.    0.
 -0.   -0.    0.   -0.    0.    0.    0.    0.   -0.    0.   -0.   -0.
  0.   -0.01  0.    0.   -0.09  0.08  0.   -0.01 -0.   -0.    0.    0.
  0.   -0.    0.16 -0.16]
orbital number 75
[ 0.01  0.   -0.01  0.01  0.   -0.01 -0.    0.    0.   -0.    0.    0.
  0.   -0.    0.   -0.   -0.    0.   -0.   -0.    0.    0.    0.01 -0.01
  0.    0.01 -0.01 -0.   -0.51  0.45  0.   -0.46  0.51 -0.01  0.02 -0.
 -0.02  0.01 -0.    0.   -0.    0.   -0.    0.   -0.    0.    0.   -0.
  0.    0.   -0.   -0.    0.    0.   -0.   -0.   -0.    0.    0.   -0.
  0.    0.    0.    0.   -0.   -0.   -0.    0.   -0.    0.   -0.   -0.01
 -0.    0.01 -0.   -0.01 -0.01  0.01  0.   -0.    0.   -0.    0.    0.
 -0.    0.    0.   -0.   -0.    0.   -0.    0.    0.    0.   -0.    0.
  0.18 -0.18 -0.01  0.01]
orbital number 76
[ 0.01  0.   -0.02  0.01  0.   -0.01 -0.    0.    0.51 -0.46  0.    0.
  0.45 -0.51  0.01 -0.01  0.    0.01 -0.01  0.   -0.   -0.    0.    0.
 -0.    0.    0.    0.    0.   -0.    0.    0.   -0.    0.01 -0.01 -0.
  0.01 -0.01 -0.   -0.    0.   -0.   -0.   -0.    0.   -0.    0.01 -0.
 -0.   -0.01  0.   -0.    0.    0.   -0.   -0.   -0.    0.    0.   -0.
 -0.   -0.   -0.    0.    0.   -0.   -0.    0.   -0.    0.    0.   -0.
  0.    0.   -0.    0.   -0.    0.   -0.   -0.    0.   -0.   -0.    0.
  0.    0.01 -0.   -0.01 -0.    0.01 -0.18  0.18  0.   -0.   -0.   -0.
 -0.    0.    0.   -0.  ]
orbital number 77
[ 0.46 -0.01 -0.45  0.4  -0.01 -0.4   0.   -0.   -0.01  0.01 -0.   -0.
 -0.01  0.01 -0.01  0.01 -0.   -0.01  0.01 -0.    0.    0.01 -0.01  0.
  0.01 -0.01  0.    0.    0.01 -0.01 -0.    0.01 -0.01 -0.21  0.23  0.
 -0.24  0.21  0.    0.   -0.01  0.    0.    0.01 -0.01  0.   -0.    0.01
 -0.   -0.   -0.    0.   -0.   -0.    0.    0.    0.   -0.   -0.    0.
  0.    0.    0.   -0.   -0.    0.    0.   -0.    0.   -0.   -0.    0.
 -0.   -0.    0.   -0.    0.   -0.    0.    0.   -0.    0.   -0.   -0.
  0.   -0.    0.    0.   -0.16  0.16  0.   -0.   -0.    0.    0.   -0.
 -0.    0.   -0.08  0.09]
orbital number 78
[-0.06  0.15 -0.11 -0.05  0.16 -0.09 -0.11  0.11 -0.04 -0.09  0.14  0.03
 -0.11 -0.02  0.34 -0.15 -0.22  0.38 -0.18 -0.19 -0.01 -0.15  0.1   0.06
 -0.16  0.07  0.08  0.01  0.   -0.01  0.01 -0.   -0.   -0.    0.07 -0.08
  0.08 -0.02 -0.06 -0.1   0.21 -0.09 -0.15 -0.11  0.21 -0.11  0.13 -0.18
  0.06  0.03  0.   -0.01  0.03  0.03 -0.06 -0.04 -0.04  0.03  0.06 -0.06
 -0.   -0.   -0.    0.07  0.   -0.01 -0.01  0.01 -0.01  0.    0.01 -0.
  0.01  0.   -0.01  0.01 -0.01  0.   -0.   -0.13  0.14 -0.1   0.02  0.12
 -0.04  0.17 -0.01 -0.15  0.02  0.04  0.02  0.01  0.06  0.07 -0.03 -0.03
  0.    0.   -0.02 -0.03]
orbital number 79
[ 0.    0.01 -0.01  0.    0.01 -0.01 -0.    0.   -0.01  0.    0.    0.
 -0.01  0.01  0.01 -0.52  0.45  0.01 -0.46  0.5   0.   -0.01  0.01  0.
 -0.01  0.    0.   -0.    0.    0.   -0.    0.   -0.   -0.01  0.01 -0.
 -0.01  0.01 -0.   -0.    0.01 -0.   -0.01 -0.01  0.01 -0.    0.   -0.01
  0.    0.   -0.   -0.    0.    0.   -0.   -0.   -0.    0.    0.   -0.
  0.    0.    0.    0.   -0.   -0.    0.   -0.    0.    0.   -0.    0.
 -0.   -0.    0.   -0.    0.   -0.    0.   -0.    0.01 -0.    0.    0.
 -0.    0.01  0.   -0.01 -0.    0.    0.   -0.    0.18 -0.18 -0.   -0.
 -0.    0.   -0.    0.  ]
orbital number 80
[-0.01  0.    0.   -0.01  0.    0.   -0.    0.   -0.   -0.    0.    0.
 -0.   -0.    0.01 -0.   -0.    0.01 -0.   -0.   -0.    0.   -0.51  0.46
 -0.   -0.45  0.51  0.   -0.01  0.01  0.   -0.01  0.01  0.   -0.   -0.
  0.   -0.    0.    0.    0.   -0.01 -0.    0.    0.   -0.01  0.   -0.
  0.    0.    0.   -0.    0.    0.   -0.   -0.   -0.    0.    0.   -0.
 -0.   -0.   -0.    0.    0.   -0.   -0.    0.   -0.    0.    0.   -0.
  0.    0.   -0.    0.   -0.    0.   -0.   -0.    0.   -0.    0.    0.
 -0.    0.   -0.   -0.    0.   -0.    0.    0.    0.    0.    0.18 -0.18
  0.   -0.    0.   -0.  ]
orbital number 81
[ 0.03 -0.01  0.04 -0.04  0.01 -0.04 -0.07  0.    0.02 -0.03  0.02  0.01
 -0.04  0.02  0.14 -0.07 -0.08  0.16 -0.09 -0.06 -0.08  0.33 -0.18 -0.17
  0.37 -0.17 -0.18 -0.01  0.03 -0.03  0.01 -0.03  0.03 -0.07 -0.05  0.11
 -0.04 -0.07  0.12  0.12 -0.28  0.11 -0.09  0.15 -0.28  0.15  0.12 -0.13
  0.03 -0.    0.05 -0.01  0.01  0.01 -0.01 -0.04 -0.04  0.01  0.05 -0.01
 -0.01 -0.01 -0.03  0.06  0.04 -0.01 -0.06  0.13 -0.1  -0.04  0.13 -0.01
  0.13  0.02 -0.12  0.12 -0.08 -0.01 -0.03 -0.08  0.14 -0.1  -0.03  0.13
 -0.03  0.14 -0.13 -0.13 -0.01 -0.01 -0.   -0.01  0.03  0.02  0.06  0.06
 -0.01 -0.01  0.02  0.02]
orbital number 82
[-0.03  0.04 -0.03 -0.01  0.04 -0.01 -0.    0.05 -0.02 -0.02  0.05  0.
 -0.02 -0.03  0.01 -0.   -0.    0.01 -0.   -0.    0.01 -0.02  0.01  0.01
 -0.02  0.01  0.01 -0.07  0.03  0.03 -0.07  0.02  0.04  0.01  0.03 -0.05
  0.03  0.01 -0.05 -0.    0.01 -0.   -0.05 -0.01  0.01 -0.01 -0.2   0.05
  0.15  0.2   0.07  0.    0.    0.   -0.    0.04  0.04  0.   -0.05 -0.
 -0.01 -0.01 -0.04 -0.06  0.06  0.    0.23  0.05 -0.25 -0.3   0.17  0.25
  0.23 -0.26 -0.06  0.31  0.11 -0.33 -0.04 -0.13 -0.05  0.16  0.18 -0.12
 -0.15 -0.16 -0.19  0.14  0.01  0.01  0.01  0.01  0.    0.   -0.   -0.
 -0.01 -0.02 -0.01 -0.01]
orbital number 83
[ 0.    0.01  0.   -0.02  0.02 -0.02 -0.03  0.04 -0.01 -0.04  0.05  0.
 -0.03 -0.02  0.05 -0.02 -0.03  0.06 -0.03 -0.02 -0.03  0.06 -0.03 -0.03
  0.07 -0.03 -0.03  0.02 -0.   -0.02  0.03 -0.02 -0.01 -0.02 -0.    0.02
 -0.   -0.02  0.02  0.01 -0.04  0.01 -0.16  0.02 -0.04  0.02 -0.28  0.01
  0.3   0.36 -0.03  0.    0.    0.   -0.    0.04  0.04  0.   -0.05 -0.
  0.    0.    0.02 -0.06 -0.03  0.01 -0.18  0.02  0.13  0.18 -0.07 -0.18
 -0.11  0.19 -0.   -0.17 -0.1   0.22  0.02 -0.27  0.02  0.22  0.29 -0.12
 -0.28 -0.19  0.09  0.15  0.    0.    0.    0.01  0.01  0.01  0.01  0.01
  0.    0.    0.    0.  ]
orbital number 84
[ 0.1  -0.17  0.1   0.06 -0.18  0.06  0.03 -0.18  0.11  0.07 -0.19 -0.
  0.07  0.11 -0.04  0.01  0.02 -0.04  0.02  0.01  0.02 -0.03  0.02  0.02
 -0.04  0.02  0.02  0.16 -0.11 -0.04  0.16 -0.04 -0.1  -0.03 -0.1   0.15
 -0.1  -0.03  0.14 -0.01  0.02 -0.01 -0.18 -0.01  0.02 -0.01  0.03 -0.17
  0.18  0.14 -0.04 -0.   -0.   -0.    0.   -0.04 -0.04 -0.    0.05  0.
  0.    0.    0.03  0.06 -0.04 -0.    0.2  -0.24  0.05 -0.03 -0.19  0.19
 -0.1  -0.18  0.16 -0.02  0.18 -0.15  0.03 -0.19  0.25 -0.06  0.02  0.2
 -0.19  0.11  0.14 -0.15 -0.03 -0.04 -0.04 -0.04 -0.01 -0.01 -0.01 -0.01
  0.04  0.03  0.03  0.04]
orbital number 85
[ 0.02  0.02  0.02 -0.06  0.05 -0.06 -0.12  0.23 -0.11 -0.12  0.26  0.
 -0.12 -0.12  0.12 -0.05 -0.09  0.15 -0.09 -0.05 -0.09  0.11 -0.05 -0.07
  0.14 -0.08 -0.05  0.24 -0.13 -0.1   0.26 -0.1  -0.13 -0.07 -0.01  0.06
 -0.01 -0.07  0.1   0.01 -0.05  0.01  0.12  0.03 -0.05  0.03 -0.04  0.12
 -0.12 -0.08 -0.05 -0.    0.    0.   -0.01  0.04  0.03  0.   -0.04 -0.01
 -0.   -0.    0.03 -0.05 -0.04 -0.    0.14 -0.24  0.06  0.03 -0.22  0.17
 -0.11 -0.15  0.14 -0.04  0.14 -0.1   0.03  0.12 -0.2   0.06  0.03 -0.18
  0.14 -0.09  0.15  0.13 -0.   -0.    0.04  0.04  0.02  0.02  0.02  0.02
  0.05  0.05  0.01  0.01]
orbital number 86
[ 0.18 -0.33  0.19  0.12 -0.36  0.12 -0.14  0.13 -0.05 -0.09  0.17  0.
 -0.09 -0.05  0.1  -0.03 -0.08  0.14 -0.08 -0.03  0.16 -0.12  0.04  0.09
 -0.16  0.1   0.04 -0.13  0.05  0.09 -0.17  0.09  0.05 -0.1  -0.19  0.32
 -0.19 -0.1   0.33 -0.01  0.04 -0.01  0.03 -0.03  0.04 -0.03 -0.01  0.03
 -0.04 -0.02  0.02 -0.    0.    0.   -0.    0.01  0.01  0.   -0.01 -0.
  0.    0.   -0.01 -0.02  0.01 -0.   -0.03  0.08 -0.01 -0.03  0.09 -0.07
  0.04  0.05 -0.04  0.01 -0.04  0.03 -0.01  0.02 -0.07  0.01  0.03 -0.07
  0.05 -0.03 -0.06  0.05 -0.06 -0.07  0.02  0.02  0.01  0.01 -0.02 -0.02
 -0.02 -0.02  0.06  0.07]
orbital number 87
[-0.01  0.   -0.01  0.01 -0.01  0.01  0.01 -0.03  0.03 -0.01 -0.   -0.
 -0.01  0.03  0.   -0.    0.   -0.01  0.   -0.    0.01  0.   -0.    0.
 -0.    0.   -0.   -0.04  0.03 -0.02 -0.   -0.02  0.03  0.01 -0.01  0.
 -0.01  0.01 -0.01  0.    0.    0.    0.06 -0.    0.   -0.    0.08 -0.06
  0.03 -0.08 -0.33 -0.23  0.   -0.    0.    0.27  0.27  0.    0.21  0.
 -0.28 -0.27  0.32 -0.28  0.24 -0.23 -0.08  0.08 -0.07  0.06 -0.05  0.04
 -0.04  0.03 -0.06  0.08  0.06 -0.08  0.32 -0.08  0.08 -0.07  0.07 -0.05
  0.04 -0.04 -0.   -0.    0.    0.   -0.01 -0.01  0.    0.    0.    0.
 -0.01 -0.01  0.    0.  ]
orbital number 88
[ 0.   -0.    0.    0.   -0.01  0.   -0.01  0.04 -0.03  0.02  0.    0.
  0.02 -0.03 -0.    0.   -0.01  0.01 -0.01  0.    0.01  0.   -0.    0.
 -0.01  0.   -0.   -0.03  0.03 -0.01 -0.   -0.01  0.03 -0.    0.    0.
  0.   -0.    0.01  0.    0.    0.   -0.07 -0.    0.   -0.   -0.09  0.07
 -0.04  0.09 -0.29  0.27 -0.    0.   -0.   -0.31 -0.31 -0.   -0.24 -0.
 -0.24 -0.24  0.27  0.33  0.21  0.27 -0.07  0.07 -0.06  0.05 -0.04  0.04
 -0.03  0.03 -0.05  0.07  0.05 -0.07  0.27  0.09 -0.1   0.08 -0.08  0.05
 -0.05  0.05 -0.    0.   -0.   -0.    0.01  0.01 -0.   -0.    0.    0.
 -0.01 -0.01  0.    0.  ]
orbital number 89
[-0.06  0.05 -0.06  0.06 -0.05  0.06 -0.   -0.03  0.03 -0.03  0.02  0.
 -0.03  0.03 -0.    0.   -0.    0.   -0.    0.    0.02  0.01 -0.02  0.02
 -0.02  0.02 -0.02 -0.18  0.18 -0.14  0.08 -0.14  0.18  0.05 -0.06  0.06
 -0.06  0.05 -0.03  0.01 -0.    0.01  0.03 -0.01  0.01 -0.01  0.03 -0.02
  0.01 -0.04  0.11  0.02 -0.    0.   -0.   -0.02 -0.02 -0.   -0.03  0.
  0.11  0.11 -0.11  0.02 -0.13  0.02 -0.29  0.27 -0.24  0.28 -0.31  0.21
 -0.24  0.07 -0.15  0.21  0.22 -0.23 -0.11 -0.05  0.04 -0.04  0.05 -0.05
  0.04 -0.04  0.23  0.04  0.02  0.02 -0.01 -0.01 -0.   -0.    0.    0.
 -0.05 -0.05  0.02  0.02]
orbital number 90
[ 0.04 -0.04  0.04 -0.03  0.01 -0.03 -0.03  0.16 -0.15  0.12 -0.07  0.
  0.12 -0.16 -0.01  0.02 -0.03  0.03 -0.03  0.02  0.01  0.01 -0.01  0.02
 -0.02  0.02 -0.01 -0.03  0.03 -0.02  0.   -0.02  0.03 -0.05  0.05 -0.04
  0.05 -0.05  0.05  0.   -0.    0.   -0.22 -0.01  0.01 -0.01 -0.21  0.15
 -0.08  0.23  0.02 -0.12 -0.    0.   -0.    0.12  0.12 -0.    0.16  0.
  0.02  0.02 -0.02 -0.13 -0.03 -0.12 -0.06  0.06 -0.05  0.05 -0.06  0.04
 -0.05  0.02 -0.03  0.05  0.05 -0.05 -0.02  0.29 -0.27  0.25 -0.28  0.32
 -0.21  0.24  0.05 -0.24 -0.01 -0.01  0.04  0.04 -0.01 -0.01  0.    0.
 -0.01 -0.01 -0.01 -0.01]
orbital number 91
[ 0.28 -0.29  0.29 -0.23  0.17 -0.23  0.04  0.02 -0.04  0.05 -0.07 -0.
  0.05 -0.04  0.04 -0.06  0.07 -0.07  0.07 -0.06  0.05  0.06 -0.08  0.09
 -0.1   0.09 -0.08  0.01 -0.02  0.04 -0.06  0.04 -0.02 -0.24  0.29 -0.29
  0.29 -0.24  0.18  0.03 -0.02  0.03  0.07 -0.04  0.04 -0.04  0.08 -0.07
  0.06 -0.08  0.01  0.02  0.   -0.    0.   -0.02 -0.02  0.   -0.03 -0.
  0.02  0.02 -0.01  0.02 -0.02  0.02 -0.05  0.05 -0.03  0.04 -0.04  0.
 -0.07  0.06 -0.07  0.08  0.07 -0.08 -0.01 -0.05  0.06 -0.03  0.05 -0.05
  0.01 -0.08  0.05  0.05 -0.08 -0.08  0.01  0.01  0.02  0.02  0.02  0.02
  0.01  0.01 -0.08 -0.08]
orbital number 92
