                    ---------------------------------
                    | Radical ExROPPP Calculation |
                    ---------------------------------

Molecule: M-CDR_new.xyz radical

--------------------------------
Cartesian Coordinates / Angstrom
--------------------------------

Cl    -3.721525   -1.385192   -2.640891
C     -3.029455   -0.419952   -1.376348
C     -3.666194    0.600821   -0.752029
C     -2.938411    1.305809    0.147252
Cl    -3.558104    2.565155    1.169331
C     -1.671421    0.977945    0.408865
H     -1.185739    1.602987    1.146798
C     -1.020707   -0.024947   -0.204594
C     -1.745840   -0.692718   -1.116903
H     -1.328788   -1.529130   -1.664621
C      4.131557   -1.473952    1.142589
C      4.622207   -2.719330    0.881672
C      3.880269   -3.842572    1.049822
Cl     2.246174   -3.881335    1.629809
C      4.440589   -5.049180    0.921993
C      5.728101   -5.232715    0.598674
C      7.571394   -8.878022    0.535772
C      6.429858   -4.117437    0.374743
C      5.919217   -2.896447    0.520148
Cl     7.035631   -1.627995    0.121184
C      4.924088   -0.654112    1.882756
C      5.535601   -1.100540    3.008608
Cl     5.334069   -2.670678    3.720307
C      6.271231   -0.275394    3.747527
C      6.492431    0.999439    3.415247
H      6.461365   -9.325528    2.229644
C      5.926016    1.420506    2.276222
C      5.135029    0.637888    1.534687
Cl     4.521804    1.354254    0.080723
C     -4.974144    0.894639   -1.005268
C     -5.390560    2.192635   -1.096898
C     -4.646792    3.141557   -1.720957
Cl    -3.179604    2.842406   -2.597919
C     -5.080022    4.401725   -1.810826
C     -6.252655    4.813119   -1.312595
H      9.717799    4.019546    4.059618
C     -6.970760    3.872586   -0.690748
C     -6.573699    2.606205   -0.569969
Cl    -7.622966    1.660991    0.441416
C     -5.893809   -0.105734   -1.111262
C     -6.879952   -0.064572   -2.042805
Cl    -6.985258    1.100673   -3.324791
C     -7.830935   -0.998952   -2.074476
C     -7.895386   -2.001889   -1.191140
C     -8.928328   -2.884618   -1.178984
C     -6.894515   -2.055914   -0.303703
C     -5.904570   -1.161675   -0.259295
Cl    -4.815787   -1.397091    1.070731
H      3.797322   -5.909315    1.075095
H      7.489192   -4.174137    0.149533
H      6.742551   -0.692913    4.632418
H      6.047301    2.452145    1.959871
H     -4.472702    5.086927   -2.392378
H     -8.619124   -0.865793   -2.807509
H     -6.852154   -2.873535    0.408757
H     -7.888163    4.146934   -0.180602
C      1.015983   -1.171461   -0.663624
C      2.271999   -1.518923   -0.356760
C      2.868046   -1.081609    0.783092
C      2.122020   -0.242380    1.551140
C      0.883240    0.102999    1.195470
C      0.269111   -0.353813    0.095022
H      0.641415   -1.554534   -1.605536
Cl     3.056122   -2.445521   -1.597839
Cl     2.524450    0.352624    3.134481
H      0.363194    0.726406    1.910799
C     -5.831054    7.151667   -1.305885
C     -6.689348    6.096986   -1.417462
C     -8.007213    6.380659   -1.634971
C      7.256839   -6.762311   -0.388509
C     -8.412857    7.650781   -1.732713
H     -9.460691    7.864773   -1.935841
C     -7.574586    8.670381   -1.607641
C      7.124452    1.762287    5.558118
C     -6.293802    8.403346   -1.393882
H     -5.609745    9.241037   -1.269642
C      6.023451   -7.411962    1.481043
C      7.256421    1.794902    4.202214
C      8.181599    2.639630    3.672207
C      8.948437    3.376853    4.483558
H      8.587801   -8.198752   -1.144240
C      6.316639   -6.457001    0.551752
H      7.764280    2.526331    7.402951
C      7.898219    2.537298    6.322729
C      8.823003    3.335316    5.804754
C      7.852686   -7.958933   -0.377922
C     -9.481820   -3.299369   -0.002720
C    -10.526206   -4.134079   -0.013297
H    -10.990608   -4.427496    0.926698
C    -11.040864   -4.607491   -1.139683
C      6.664568   -8.585351    1.457698
C    -10.505034   -4.211389   -2.286771
H    -10.917387   -4.605993   -3.213672
C     -9.473856   -3.361344   -2.333821

There are 74 heavy atoms.
There are 86 electrons in 74 orbitals.


Carbon 1e params: A = -22.717075 b = 1.705616

Nitrogen 1e params: alphan2 = -17.681338 Acn2 = -24.737202 bcn2 = 1.433639

Chlorine 1e params: alphacl = -10.335674 Accl = -26.021937 bccl=1.451861
C-Cl bond
C-Cl bond
C-Cl bond
C-Cl bond
C-Cl bond
C-Cl bond
C-Cl bond
C-Cl bond
C-Cl bond
C-Cl bond
C-Cl bond
C-Cl bond
Cl atom 63
Cl atom 64
Cl atom 65
Cl atom 66
Cl atom 67
Cl atom 68
Cl atom 69
Cl atom 70
Cl atom 71
Cl atom 72
Cl atom 73
Cl atom 74

Carbon 2e params: U = 8.420838 r0 = 1.173157

Nitrogen 2e params: Un2n2 = 17.979843 r0n2n2 = 1.111791

Chlorine 2e params: Uclcl= 9.642991 r0clcl = 2.253316

Mixed 2e params: Ucn2 = 13.200341 Uccl = 9.031915 Un2cl = 13.811417 r0cn2 =1.142474 r0ccl = 1.713237 r0n2cl = 1.682554
[8.42083845 3.90691257 2.84119615 2.58873251 2.79699492 3.93453495
 1.11789645 1.04254783 1.0672143  0.96315674 0.86967823 0.66440492
 0.86059045 0.92761198 1.01097412 0.91307348 0.83770843 0.82830122
 0.89658713 0.99733193 2.78309033 2.09938289 1.93711073 1.53620998
 1.34966883 1.40309276 1.67360611 2.42913715 1.93818029 1.63031337
 1.56980181 1.30514142 1.7945153  2.27333809 1.84685405 1.47833669
 1.31924697 1.39120608 1.67880659 2.06430483 1.06836849 1.14239657
 1.02854034 0.74289709 0.90789878 0.87123208 0.7231412  0.93365441
 0.76207046 0.75514584 0.71361943 0.65694878 0.79251578 0.66463013
 0.63607561 0.68370188 1.18012229 1.02374536 0.96700303 0.69762614
 1.02857288 1.18716118 4.48764515 2.72816442 1.77807858 1.29373442
 1.31550631 1.61088353 2.97571225 2.18750188 2.42624072 3.16009464
 1.90308963 1.73672048]
FCIDUMP file in AO basis written to FCIDUMP/FCIDUMP_AO_M-CDR_new


-------------------------------------
Restricted Open-shell PPP Calculation
-------------------------------------

Starting SCF cycle...

Iter   Energy        Dens Change      Energy Change
-----------------------------------------------------
0 -267.11731633901866 0.1203154405078384 -267.11731633901866
1 -279.69324676823874 0.040380203883336574 -12.57593042922008
2 -285.5800664597507 0.012990266251651283 -5.88681969151196
3 -287.4534817120184 0.004219508200070832 -1.873415252267705
4 -288.07209524631685 0.0013695110655203568 -0.6186135342984471
5 -288.263165004689 0.00044997326713069885 -0.19106975837212303
6 -288.3255670817272 0.00014817798338501165 -0.06240207703820033
7 -288.3453836202075 4.919368798655954e-05 -0.019816538480313284
8 -288.3518989929761 1.637116244274095e-05 -0.006515372768603811
9 -288.35401163663647 5.477746536197703e-06 -0.0021126436603822185
10 -288.35471053797494 1.8372832929491878e-06 -0.0006989013384668397
11 -288.3549402398463 6.187340376717643e-07 -0.0002297018713761645
12 -288.35501660942253 2.1684524176279751e-07 -7.636957622025875e-05
13 -288.35504193083875 8.98508762947614e-08 -2.5321416217138903e-05
14 -288.355050382591 3.8121850898242826e-08 -8.45175225094863e-06
15 -288.3550532007595 1.653874048823667e-08 -2.8181685252093303e-06
16 -288.35505414390946 7.318186279192673e-09 -9.43149927934428e-07
17 -288.3550544593557 3.294147288279703e-09 -3.1544624334856053e-07
18 -288.35505456501386 1.5041681233896043e-09 -1.0565815955487778e-07
19 -288.3550546003592 7.036953242334221e-10 -3.5345351534488145e-08
20 -288.35505461217366 3.316472652059588e-10 -1.181444986286806e-08
21 -288.35505461611126 1.570552576879436e-10 -3.937600467907032e-09
22 -288.35505461741684 7.466327556215901e-11 -1.3055796443950385e-09
23 -288.35505461784936 3.5605962622753395e-11 -4.325215741118882e-10
24 -288.3550546179913 1.7023937814997225e-11 -1.4193801689543761e-10
25 -288.35505461803564 8.1548101604767e-12 -4.433786671143025e-11
26 -288.3550546180494 3.913092072593827e-12 -1.375610736431554e-11
27 -288.3550546180544 1.8799406475977776e-12 -5.002220859751105e-12
28 -288.35505461805315 9.049427873719651e-13 1.2505552149377763e-12
29 -288.35505461805565 4.346523141407488e-13 -2.5011104298755527e-12
30 -288.35505461805735 2.099431739566171e-13 -1.7053025658242404e-12
31 -288.35505461805593 1.0047518372857667e-13 1.4210854715202004e-12
32 -288.3550546180559 4.907185768843192e-14 5.684341886080802e-14
33 -288.35505461805604 2.375877272697835e-14 -1.7053025658242404e-13
34 -288.35505461805576 1.1102230246251565e-14 2.8421709430404007e-13
35 -288.3550546180561 5.440092820663267e-15 -3.410605131648481e-13
36 -288.3550546180549 3.552713678800501e-15 1.1937117960769683e-12

--------------------------
Converged ROPPP Orbitals
--------------------------

orbital number 1 energy -8.604267405747397
[0.19 0.22 0.19 0.13 0.15 0.13 0.21 0.18 0.14 0.08 0.08 0.01 0.08 0.14
 0.18 0.14 0.09 0.08 0.09 0.15 0.21 0.18 0.14 0.09 0.08 0.09 0.14 0.19
 0.15 0.09 0.08 0.05 0.09 0.15 0.13 0.18 0.21 0.18 0.13 0.15 0.02 0.04
 0.02 0.02 0.01 0.01 0.02 0.01 0.02 0.05 0.02 0.01 0.04 0.01 0.01 0.01
 0.02 0.01 0.01 0.01 0.01 0.02 0.14 0.14 0.11 0.1  0.11 0.11 0.11 0.11
 0.11 0.11 0.14 0.13]
orbital number 2 energy -8.545878368946337
[-0.14 -0.19 -0.14 -0.07 -0.04 -0.07  0.22  0.21  0.17  0.11  0.1   0.01
  0.11  0.17  0.22  0.18  0.11  0.11  0.11  0.18 -0.22 -0.2  -0.16 -0.1
 -0.1  -0.1  -0.16 -0.2  -0.17 -0.1  -0.1  -0.06 -0.1  -0.17  0.07  0.14
  0.18  0.14  0.07  0.04 -0.03 -0.05 -0.03  0.03 -0.01 -0.01  0.03 -0.02
  0.03  0.06  0.03  0.02  0.06  0.02  0.01  0.02 -0.03 -0.02 -0.01  0.02
 -0.02 -0.03 -0.11 -0.11  0.13  0.13  0.13  0.14 -0.13 -0.12 -0.13 -0.13
  0.11  0.1 ]
orbital number 3 energy -8.203734062072957
[ 0.2   0.14  0.2   0.18  0.23  0.18 -0.03 -0.1  -0.12 -0.08 -0.09 -0.02
 -0.08 -0.11 -0.12 -0.13 -0.1  -0.11 -0.1  -0.14 -0.04 -0.11 -0.13 -0.09
 -0.1  -0.09 -0.13 -0.13 -0.14 -0.11 -0.11 -0.07 -0.11 -0.15  0.17  0.2
  0.14  0.2   0.17  0.23 -0.03 -0.06 -0.03 -0.03 -0.02 -0.02 -0.04 -0.02
 -0.03 -0.07 -0.04 -0.02 -0.06 -0.02 -0.02 -0.02 -0.04 -0.03 -0.02 -0.02
 -0.03 -0.04  0.18  0.18 -0.1  -0.1  -0.12 -0.12 -0.11 -0.11 -0.13 -0.13
  0.18  0.17]
orbital number 4 energy -8.1314346857611
[ 0.01  0.01  0.01  0.01  0.01  0.01 -0.01 -0.22 -0.28 -0.21 -0.23 -0.05
 -0.21 -0.28  0.21  0.26  0.2   0.23  0.2   0.27 -0.   -0.   -0.   -0.
 -0.   -0.   -0.   -0.01 -0.01 -0.01 -0.01 -0.01 -0.01 -0.01  0.    0.
 -0.    0.    0.    0.01 -0.   -0.   -0.   -0.09 -0.   -0.    0.09 -0.
 -0.09  0.15  0.09  0.06 -0.16  0.06  0.05 -0.06 -0.   -0.   -0.   -0.06
 -0.   -0.    0.01  0.01 -0.26 -0.24  0.23  0.25 -0.   -0.   -0.01 -0.01
 -0.    0.  ]
orbital number 5 energy -8.122144739944066
[-0.    0.   -0.   -0.   -0.01 -0.   -0.    0.01  0.01  0.01  0.01  0.
  0.01  0.01  0.    0.    0.    0.    0.    0.    0.01  0.22  0.28  0.21
  0.23  0.21  0.28 -0.21 -0.26 -0.2  -0.22 -0.15 -0.2  -0.27 -0.01 -0.01
 -0.01 -0.01 -0.01 -0.01  0.09  0.16  0.09  0.    0.06  0.05  0.    0.06
  0.    0.    0.    0.    0.01  0.    0.    0.   -0.09 -0.06 -0.05  0.
 -0.06 -0.09 -0.    0.    0.01  0.01  0.    0.    0.26  0.24 -0.23 -0.24
 -0.01 -0.01]
orbital number 6 energy -7.996350027080064
[ 0.25  0.22  0.25  0.14  0.08  0.14 -0.04  0.06  0.1   0.08  0.1   0.02
  0.08  0.1   0.05  0.09  0.08  0.09  0.08  0.09  0.04 -0.06 -0.1  -0.08
 -0.1  -0.08 -0.1  -0.05 -0.09 -0.07 -0.09 -0.06 -0.08 -0.09 -0.15 -0.27
 -0.23 -0.26 -0.15 -0.1  -0.04 -0.07 -0.04  0.04 -0.03 -0.02  0.04 -0.03
  0.04  0.07  0.04  0.03  0.07  0.03  0.02  0.03 -0.04 -0.03 -0.02  0.03
 -0.03 -0.04  0.25  0.24  0.1   0.09  0.08  0.09 -0.09 -0.09 -0.08 -0.09
 -0.26 -0.25]
orbital number 7 energy -7.334989974726075
[ 0.01 -0.02  0.01  0.03  0.05  0.03 -0.1  -0.09 -0.06  0.04  0.15  0.18
  0.05 -0.05 -0.11 -0.07  0.05  0.17  0.04 -0.08 -0.06 -0.06 -0.03  0.03
  0.09  0.03 -0.03 -0.06 -0.04  0.03  0.1   0.16  0.03 -0.04  0.04  0.03
 -0.02  0.03  0.04  0.06  0.12  0.15  0.12  0.2   0.11  0.11  0.25  0.11
  0.2   0.3   0.25  0.22  0.25  0.22  0.22  0.19  0.13  0.12  0.12  0.19
  0.12  0.13  0.01  0.01 -0.08 -0.07 -0.09 -0.11 -0.04 -0.04 -0.05 -0.05
  0.04  0.04]
orbital number 8 energy -7.321669702503628
[-0.05  0.   -0.04 -0.04 -0.03 -0.04 -0.05 -0.05 -0.04  0.02  0.08  0.1
  0.02 -0.03 -0.06 -0.04  0.02  0.09  0.02 -0.05  0.09  0.1   0.06 -0.04
 -0.15 -0.04  0.06  0.11  0.07 -0.05 -0.17 -0.29 -0.04  0.08  0.02  0.04
  0.01  0.03  0.02  0.   -0.21 -0.25 -0.21  0.11 -0.19 -0.19  0.14 -0.19
  0.11  0.17  0.14  0.13  0.13  0.13  0.12  0.1  -0.24 -0.22 -0.21  0.1
 -0.22 -0.24 -0.06 -0.06 -0.05 -0.04 -0.06 -0.07  0.09  0.08  0.1   0.11
  0.05  0.05]
orbital number 9 energy -7.2672004248740265
[-0.   -0.   -0.    0.    0.    0.   -0.01 -0.11 -0.14  0.01  0.16  0.26
  0.02 -0.11  0.09  0.09 -0.01 -0.12 -0.    0.12  0.    0.    0.   -0.
 -0.   -0.    0.    0.    0.   -0.   -0.   -0.   -0.    0.    0.    0.
 -0.    0.01  0.01  0.01 -0.   -0.   -0.    0.28 -0.   -0.   -0.23 -0.
  0.28 -0.26 -0.23 -0.21  0.32 -0.21 -0.21  0.26 -0.   -0.   -0.    0.26
 -0.   -0.   -0.   -0.   -0.2  -0.15  0.13  0.18  0.    0.    0.    0.
  0.    0.01]
orbital number 10 energy -7.261438007427157
[-0.01  0.   -0.   -0.   -0.   -0.   -0.   -0.   -0.    0.    0.    0.
  0.   -0.   -0.   -0.   -0.    0.    0.   -0.    0.01  0.11  0.13 -0.01
 -0.15 -0.02  0.11 -0.09 -0.1   0.01  0.13  0.27  0.01 -0.12 -0.    0.
  0.    0.   -0.   -0.   -0.27 -0.31 -0.27  0.   -0.26 -0.25  0.   -0.26
  0.    0.    0.    0.    0.    0.    0.    0.    0.24  0.22  0.22  0.
  0.22  0.24 -0.01 -0.   -0.   -0.   -0.   -0.    0.19  0.15 -0.14 -0.17
  0.    0.  ]
orbital number 11 energy -7.082916515760521
[ 0.36 -0.   -0.36 -0.17 -0.    0.17  0.   -0.   -0.   -0.    0.    0.
  0.    0.   -0.   -0.   -0.    0.    0.    0.   -0.    0.   -0.   -0.
  0.    0.    0.01 -0.   -0.01 -0.01 -0.    0.    0.    0.01 -0.02 -0.03
  0.    0.03  0.02 -0.   -0.   -0.   -0.    0.   -0.   -0.    0.   -0.
  0.    0.    0.    0.    0.    0.    0.    0.    0.    0.    0.    0.
  0.    0.    0.58 -0.58 -0.    0.   -0.    0.   -0.01  0.01 -0.02  0.01
 -0.05  0.05]
orbital number 12 energy -7.070204182037352
[-0.03 -0.    0.03  0.02  0.01 -0.01  0.    0.   -0.01 -0.    0.   -0.
  0.    0.01 -0.   -0.02 -0.01 -0.    0.01  0.01 -0.    0.    0.    0.
 -0.   -0.   -0.    0.    0.    0.    0.   -0.   -0.   -0.   -0.16 -0.36
  0.    0.36  0.18  0.01 -0.   -0.   -0.   -0.   -0.   -0.    0.   -0.
 -0.    0.    0.    0.   -0.    0.    0.   -0.   -0.   -0.   -0.   -0.
 -0.   -0.   -0.05  0.05 -0.01  0.01 -0.03  0.02  0.   -0.    0.   -0.
 -0.58  0.58]
orbital number 13 energy -7.059799518650202
[-0.    0.    0.   -0.   -0.   -0.    0.01  0.   -0.12 -0.06 -0.    0.
  0.05  0.12  0.01  0.35  0.17 -0.   -0.16 -0.33  0.   -0.    0.    0.
  0.   -0.   -0.   -0.   -0.   -0.    0.    0.   -0.   -0.   -0.01 -0.02
  0.    0.01  0.   -0.    0.    0.    0.    0.    0.    0.   -0.01  0.
  0.   -0.01 -0.01 -0.01  0.   -0.01 -0.01  0.    0.    0.    0.    0.
  0.    0.   -0.    0.   -0.19  0.18  0.55 -0.55  0.   -0.    0.   -0.
 -0.02  0.02]
orbital number 14 energy -7.055705714105448
[-0.01 -0.    0.01  0.01  0.   -0.    0.    0.   -0.02 -0.01 -0.   -0.
  0.01  0.02 -0.   -0.01 -0.   -0.    0.    0.01 -0.   -0.    0.03  0.02
  0.   -0.01 -0.03 -0.01 -0.36 -0.17 -0.    0.01  0.17  0.35  0.   -0.
 -0.   -0.    0.    0.   -0.   -0.   -0.   -0.   -0.   -0.    0.   -0.
 -0.    0.    0.    0.   -0.    0.    0.   -0.    0.01  0.01  0.01 -0.
  0.01  0.01 -0.01  0.02 -0.03  0.03 -0.01  0.01  0.05 -0.04 -0.58  0.58
 -0.   -0.  ]
orbital number 15 energy -7.054566071379034
[-0.   -0.    0.    0.    0.    0.   -0.   -0.01  0.33  0.16 -0.    0.02
 -0.17 -0.35  0.    0.12  0.06  0.   -0.05 -0.11 -0.   -0.    0.    0.
  0.   -0.   -0.   -0.   -0.02 -0.01 -0.    0.    0.01  0.02 -0.   -0.01
 -0.    0.01  0.01  0.   -0.   -0.   -0.    0.02 -0.   -0.   -0.01 -0.
  0.02 -0.01 -0.01 -0.01  0.02 -0.01 -0.01  0.02  0.    0.    0.    0.02
  0.    0.   -0.    0.    0.54 -0.56  0.2  -0.18  0.   -0.   -0.03  0.03
 -0.02  0.02]
orbital number 16 energy -7.043481387386862
[-0.01  0.    0.01  0.   -0.   -0.    0.   -0.    0.    0.    0.    0.
 -0.   -0.    0.    0.    0.    0.   -0.   -0.    0.01  0.01 -0.35 -0.17
  0.    0.18  0.37 -0.   -0.03 -0.02 -0.    0.    0.01  0.03 -0.   -0.
  0.    0.    0.   -0.   -0.01 -0.01 -0.01  0.   -0.01 -0.01  0.   -0.01
  0.    0.    0.    0.    0.    0.    0.    0.    0.    0.01  0.01  0.
  0.01  0.01 -0.01  0.01  0.   -0.    0.   -0.   -0.58  0.59 -0.05  0.04
 -0.    0.  ]
orbital number 17 energy -6.513180954528263
[ 0.08  0.15  0.08 -0.21 -0.46 -0.21  0.12  0.04 -0.02 -0.03 -0.03  0.03
 -0.03 -0.02  0.04 -0.02 -0.03 -0.03 -0.03 -0.02  0.12  0.04 -0.02 -0.03
 -0.03 -0.03 -0.02  0.04 -0.02 -0.03 -0.03  0.   -0.03 -0.02 -0.21  0.08
  0.15  0.09 -0.21 -0.46  0.02  0.    0.02  0.02  0.03  0.03  0.02  0.03
  0.02  0.    0.02  0.03  0.    0.03  0.03  0.03  0.02  0.03  0.03  0.03
  0.03  0.02  0.24  0.25 -0.06 -0.06 -0.06 -0.06 -0.06 -0.06 -0.06 -0.06
  0.24  0.25]
orbital number 18 energy -5.936663956771725
[-0.02  0.15 -0.02 -0.01 -0.01 -0.01 -0.23 -0.13  0.    0.12  0.19 -0.15
  0.12  0.   -0.13  0.    0.13  0.2   0.13  0.    0.28  0.16 -0.   -0.15
 -0.23 -0.15 -0.    0.16 -0.   -0.15 -0.24 -0.09 -0.15 -0.    0.02  0.01
 -0.12  0.02  0.02  0.02  0.04 -0.09  0.04 -0.03  0.14  0.19 -0.03  0.14
 -0.03  0.07 -0.03 -0.12  0.07 -0.12 -0.16 -0.11  0.04  0.15  0.19 -0.11
  0.15  0.04 -0.18 -0.18  0.01  0.01  0.    0.   -0.01 -0.01 -0.01 -0.01
  0.14  0.14]
orbital number 19 energy -5.931787783423244
[-0.02  0.11 -0.02  0.02  0.04  0.02  0.26  0.15 -0.   -0.15 -0.23  0.18
 -0.15 -0.    0.16 -0.   -0.16 -0.25 -0.16 -0.    0.21  0.12 -0.   -0.12
 -0.19 -0.12 -0.    0.12 -0.   -0.12 -0.19 -0.07 -0.12 -0.    0.01 -0.02
  0.14 -0.02  0.01  0.03  0.03 -0.07  0.03  0.04  0.11  0.15  0.04  0.11
  0.04 -0.09  0.04  0.15 -0.09  0.15  0.2   0.14  0.03  0.12  0.16  0.14
  0.12  0.03 -0.17 -0.17 -0.   -0.    0.01  0.01 -0.    0.    0.01  0.01
 -0.2  -0.2 ]
orbital number 20 energy -5.877913213338688
[-0.    0.   -0.    0.    0.    0.    0.02  0.02  0.01 -0.21 -0.34  0.27
 -0.21  0.02 -0.01 -0.02  0.2   0.33  0.2  -0.02  0.    0.    0.   -0.
 -0.   -0.    0.    0.   -0.   -0.   -0.   -0.   -0.    0.   -0.   -0.
  0.01 -0.    0.    0.    0.   -0.    0.    0.04  0.    0.   -0.05  0.
  0.05  0.13 -0.04 -0.2  -0.14 -0.2  -0.26  0.2   0.    0.    0.    0.2
  0.    0.   -0.   -0.    0.25  0.26 -0.27 -0.25  0.    0.    0.    0.
 -0.01 -0.01]
orbital number 21 energy -5.87648624524396
[-0.    0.01 -0.   -0.    0.    0.   -0.   -0.    0.   -0.   -0.    0.
 -0.    0.   -0.    0.   -0.   -0.   -0.    0.    0.02  0.03  0.02 -0.2
 -0.33 -0.2   0.02 -0.   -0.02  0.2   0.34  0.14  0.21 -0.02  0.   -0.
 -0.   -0.    0.    0.    0.04 -0.14  0.04  0.    0.2   0.26  0.    0.2
  0.   -0.    0.    0.   -0.    0.    0.    0.   -0.04 -0.2  -0.27  0.
 -0.2  -0.04 -0.02 -0.02  0.    0.    0.    0.    0.23  0.24 -0.28 -0.27
 -0.   -0.  ]
orbital number 22 energy -5.830458676549004
[ 0.   -0.04  0.    0.01  0.01  0.01  0.33  0.17 -0.02  0.1   0.17 -0.13
  0.1  -0.03  0.18 -0.03  0.09  0.16  0.1  -0.02 -0.08 -0.04  0.01 -0.03
 -0.05 -0.03  0.01 -0.04  0.01 -0.02 -0.04 -0.02 -0.02  0.   -0.   -0.01
  0.18 -0.02 -0.    0.    0.01 -0.02  0.01 -0.02  0.03  0.04 -0.02  0.03
 -0.02  0.07 -0.02 -0.09  0.07 -0.09 -0.12 -0.1   0.    0.02  0.03 -0.1
  0.02  0.    0.04  0.05 -0.34 -0.35 -0.35 -0.34  0.09  0.09  0.08  0.08
 -0.22 -0.22]
orbital number 23 energy -5.828629115003215
[ 0.01 -0.18  0.02 -0.   -0.01 -0.   -0.08 -0.04  0.   -0.02 -0.04  0.03
 -0.02  0.01 -0.04  0.01 -0.02 -0.04 -0.02  0.   -0.32 -0.17  0.02 -0.11
 -0.18 -0.11  0.03 -0.17  0.03 -0.09 -0.15 -0.06 -0.09  0.02 -0.01  0.
 -0.04  0.   -0.01 -0.01  0.02 -0.08  0.02  0.    0.11  0.14  0.    0.11
  0.   -0.02  0.    0.02 -0.02  0.02  0.03  0.02  0.02  0.09  0.12  0.02
  0.09  0.02  0.22  0.22  0.08  0.09  0.08  0.08  0.35  0.36  0.33  0.33
  0.06  0.06]
orbital number 24 energy -5.044902499135866
[-0.09 -0.09 -0.09 -0.28 -0.26 -0.28 -0.08 -0.1  -0.02  0.    0.03 -0.03
  0.   -0.02 -0.1  -0.02  0.    0.03  0.   -0.02  0.08  0.1   0.02 -0.
 -0.03 -0.    0.02  0.11  0.02 -0.   -0.03 -0.03 -0.    0.02  0.28  0.09
  0.1   0.09  0.28  0.26 -0.01 -0.03 -0.01  0.01  0.02  0.03  0.01  0.02
  0.01  0.03  0.01 -0.02  0.03 -0.02 -0.03 -0.02 -0.01  0.02  0.04 -0.02
  0.02 -0.01  0.3   0.31  0.08  0.08  0.08  0.08 -0.08 -0.08 -0.08 -0.08
 -0.3  -0.31]
orbital number 25 energy -4.425845181029108
[-0.   -0.   -0.   -0.    0.   -0.   -0.   -0.29 -0.15 -0.09  0.05 -0.26
 -0.09 -0.14  0.29  0.14  0.09 -0.05  0.1   0.15 -0.   -0.   -0.   -0.
  0.   -0.   -0.    0.01  0.    0.   -0.   -0.01  0.    0.    0.    0.
 -0.   -0.   -0.    0.    0.    0.    0.    0.12 -0.   -0.   -0.11 -0.
  0.12 -0.27 -0.14  0.12  0.27  0.15  0.26 -0.13 -0.    0.    0.01 -0.13
  0.   -0.    0.    0.    0.27  0.27 -0.27 -0.27  0.    0.   -0.01 -0.01
  0.    0.  ]
orbital number 26 energy -4.4207035595108275
[-0.   -0.01  0.    0.    0.   -0.    0.    0.01  0.    0.   -0.    0.01
  0.    0.   -0.   -0.   -0.    0.   -0.   -0.   -0.   -0.29 -0.14 -0.09
  0.05 -0.09 -0.14  0.29  0.14  0.09 -0.05 -0.28  0.1   0.15 -0.   -0.
 -0.   -0.   -0.    0.    0.13  0.27  0.12 -0.   -0.13 -0.26  0.   -0.13
 -0.    0.    0.   -0.   -0.01 -0.   -0.    0.   -0.12  0.14  0.26  0.
  0.13 -0.14  0.    0.   -0.01 -0.01  0.    0.    0.27  0.27 -0.27 -0.27
  0.    0.  ]
orbital number 27 energy -4.345131404741506
[-0.   -0.   -0.   -0.    0.   -0.   -0.    0.01  0.01  0.   -0.    0.01
  0.    0.01 -0.01 -0.01 -0.01  0.    0.01  0.   -0.    0.    0.    0.
 -0.    0.    0.    0.    0.    0.   -0.   -0.    0.    0.    0.   -0.
 -0.01 -0.    0.    0.   -0.   -0.   -0.   -0.01  0.    0.    0.5   0.
 -0.    0.   -0.5  -0.5  -0.01  0.5  -0.01  0.    0.01  0.01  0.    0.01
 -0.01 -0.01  0.    0.   -0.01 -0.01  0.01 -0.   -0.   -0.   -0.   -0.
  0.    0.  ]
orbital number 28 energy -4.344747385779372
[-0.   -0.   -0.    0.    0.    0.   -0.    0.    0.    0.   -0.    0.
  0.    0.    0.    0.    0.   -0.    0.    0.   -0.    0.01  0.    0.
 -0.    0.    0.   -0.    0.    0.01  0.    0.   -0.01 -0.   -0.   -0.
 -0.   -0.   -0.    0.   -0.   -0.01 -0.   -0.    0.    0.01 -0.01  0.
 -0.   -0.    0.01  0.01 -0.   -0.01  0.    0.    0.5   0.5  -0.    0.
 -0.5  -0.5   0.    0.   -0.   -0.   -0.   -0.   -0.01 -0.01 -0.    0.01
  0.    0.  ]
orbital number 29 energy -4.340517847443702
[-0.   -0.   -0.   -0.    0.   -0.   -0.    0.    0.    0.01 -0.    0.
 -0.01 -0.   -0.   -0.   -0.    0.    0.    0.   -0.    0.    0.    0.
 -0.    0.    0.    0.    0.   -0.   -0.   -0.    0.    0.    0.   -0.
 -0.   -0.   -0.    0.   -0.   -0.    0.    0.5   0.    0.    0.   -0.
 -0.5   0.   -0.   -0.   -0.    0.   -0.    0.5  -0.   -0.    0.   -0.5
  0.    0.    0.    0.   -0.01  0.    0.   -0.   -0.   -0.   -0.   -0.
  0.    0.  ]
orbital number 30 energy -4.340017736144132
[-0.   -0.   -0.    0.    0.    0.   -0.    0.    0.    0.   -0.    0.
  0.    0.    0.    0.    0.   -0.    0.    0.   -0.   -0.    0.    0.01
  0.   -0.01 -0.    0.    0.    0.   -0.   -0.    0.    0.   -0.   -0.
 -0.   -0.   -0.    0.   -0.5   0.    0.5  -0.    0.5   0.   -0.   -0.5
 -0.   -0.    0.    0.   -0.   -0.    0.    0.   -0.    0.    0.    0.
  0.   -0.    0.    0.   -0.   -0.   -0.   -0.   -0.    0.01 -0.   -0.
  0.    0.  ]
orbital number 31 energy -4.281881254248703
[ 0.11  0.29  0.11 -0.01 -0.13 -0.01  0.05 -0.12 -0.08 -0.08  0.01 -0.16
 -0.07 -0.07 -0.11 -0.07 -0.07  0.01 -0.07 -0.08  0.05 -0.12 -0.08 -0.08
  0.01 -0.07 -0.08 -0.11 -0.07 -0.07  0.01  0.17 -0.08 -0.08 -0.    0.11
  0.29  0.11 -0.01 -0.12  0.08  0.18  0.09  0.09 -0.08 -0.17  0.09 -0.09
  0.09  0.17  0.07 -0.09  0.17 -0.07 -0.16 -0.08  0.09 -0.07 -0.16 -0.08
 -0.08  0.08 -0.19 -0.19  0.13  0.13  0.12  0.13  0.14  0.13  0.12  0.13
 -0.19 -0.19]
orbital number 32 energy -4.060807219073284
[-0.02 -0.17 -0.02  0.12  0.13  0.12  0.12 -0.02 -0.07 -0.12 -0.04 -0.21
 -0.12 -0.06 -0.02 -0.06 -0.12 -0.05 -0.12 -0.07 -0.12  0.02  0.07  0.12
  0.04  0.12  0.06  0.02  0.06  0.11  0.04 -0.22  0.12  0.07 -0.12  0.02
  0.17  0.02 -0.12 -0.14 -0.13 -0.22 -0.13  0.13  0.09  0.21  0.13  0.1
  0.13  0.22  0.13 -0.1   0.23 -0.09 -0.21 -0.1  -0.13  0.09  0.21 -0.1
  0.1  -0.13  0.03  0.02  0.1   0.1   0.1   0.1  -0.1  -0.1  -0.09 -0.1
 -0.03 -0.03]
orbital number 33 energy -3.648835778864724
[ 0.13  0.23  0.13  0.01 -0.13 -0.   -0.09 -0.15 -0.03  0.1   0.11  0.17
  0.14 -0.   -0.16 -0.    0.14  0.12  0.1  -0.03 -0.09 -0.16 -0.03  0.11
  0.12  0.14 -0.   -0.16 -0.01  0.14  0.12 -0.18  0.11 -0.02  0.01  0.13
  0.23  0.13  0.   -0.13 -0.12 -0.17 -0.12 -0.12  0.07  0.17 -0.12  0.07
 -0.12 -0.17 -0.12  0.07 -0.17  0.07  0.17  0.07 -0.13  0.07  0.18  0.07
  0.07 -0.13 -0.15 -0.15  0.03  0.    0.    0.03  0.03  0.01  0.01  0.03
 -0.15 -0.15]
orbital number 34 energy -3.508621910602588
[-0.24 -0.    0.24  0.37  0.   -0.37 -0.   -0.01  0.    0.01  0.01  0.01
  0.   -0.01  0.01  0.01 -0.   -0.01 -0.01 -0.    0.   -0.01  0.    0.01
  0.   -0.   -0.01  0.01  0.01 -0.   -0.01  0.01 -0.01 -0.    0.35  0.23
  0.   -0.23 -0.35  0.   -0.   -0.01 -0.   -0.01  0.    0.01  0.01  0.
 -0.01  0.01  0.01 -0.   -0.01 -0.   -0.01  0.    0.01 -0.   -0.01  0.
 -0.    0.01  0.26 -0.25 -0.    0.01 -0.01  0.   -0.    0.01 -0.01  0.
 -0.25  0.25]
orbital number 35 energy -3.4819539229134318
[ 0.23 -0.   -0.23 -0.35  0.    0.35 -0.   -0.02  0.    0.02  0.01  0.01
 -0.   -0.01  0.01  0.01  0.01 -0.01 -0.02 -0.01  0.    0.01 -0.   -0.02
 -0.01  0.    0.01 -0.01 -0.01 -0.01  0.01 -0.01  0.02  0.01  0.37  0.24
  0.   -0.24 -0.37 -0.    0.01  0.01  0.01 -0.01 -0.   -0.01  0.01 -0.
 -0.01  0.01  0.01 -0.   -0.01 -0.   -0.01  0.   -0.01  0.    0.01  0.
  0.   -0.01 -0.24  0.25 -0.    0.01 -0.01  0.01  0.   -0.01  0.01 -0.01
 -0.26  0.25]
orbital number 36 energy -3.4639639457987856
[ 0.01  0.03  0.   -0.02 -0.02 -0.   -0.    0.01  0.16  0.24 -0.01 -0.01
 -0.25 -0.16  0.01 -0.16 -0.26 -0.01  0.25  0.17 -0.   -0.02 -0.08 -0.1
  0.01  0.12  0.07 -0.01  0.23  0.36  0.01 -0.01 -0.34 -0.23  0.02 -0.
 -0.02 -0.01  0.01  0.01 -0.01 -0.01 -0.01  0.    0.01  0.01  0.    0.
  0.01  0.01  0.01  0.    0.01 -0.01 -0.01 -0.01 -0.01 -0.    0.01  0.
  0.01 -0.   -0.02 -0.   -0.17  0.17  0.18 -0.18  0.08 -0.07 -0.24  0.25
  0.    0.01]
orbital number 37 energy -3.4622108038492296
[ 0.01  0.02  0.02  0.   -0.01 -0.01 -0.01 -0.01  0.11  0.18  0.01  0.01
 -0.17 -0.12 -0.01 -0.21 -0.31  0.    0.32  0.21 -0.01 -0.01 -0.01 -0.
  0.01  0.01  0.   -0.02 -0.24 -0.35  0.01 -0.01  0.37  0.23  0.    0.01
  0.01  0.01  0.   -0.01 -0.01 -0.01 -0.   -0.01  0.    0.01 -0.01  0.
 -0.   -0.   -0.    0.01 -0.01 -0.    0.   -0.   -0.    0.01  0.01  0.01
 -0.   -0.01 -0.01 -0.02 -0.12  0.12  0.23 -0.22  0.01 -0.    0.26 -0.24
 -0.01 -0.01]
orbital number 38 energy -3.4614048565526696
[ 0.   -0.   -0.01 -0.01  0.    0.01  0.    0.   -0.27 -0.41  0.    0.
  0.41  0.27  0.   -0.19 -0.3  -0.    0.3   0.19  0.    0.   -0.01 -0.02
 -0.    0.01  0.01  0.    0.04  0.06 -0.    0.   -0.07 -0.04  0.02  0.01
 -0.   -0.01 -0.02  0.    0.    0.    0.    0.   -0.   -0.   -0.   -0.
 -0.01  0.    0.    0.   -0.   -0.   -0.    0.01  0.   -0.   -0.   -0.01
  0.    0.   -0.    0.01  0.28 -0.29  0.21 -0.21  0.01 -0.01 -0.05  0.04
 -0.01  0.01]
orbital number 39 energy -3.4578306485609867
[ 0.01  0.   -0.01 -0.01 -0.    0.02 -0.   -0.01  0.03  0.05  0.01  0.01
 -0.04 -0.03 -0.01 -0.05 -0.06  0.01  0.08  0.04 -0.   -0.01  0.33  0.5
  0.   -0.49 -0.33  0.    0.05  0.07  0.   -0.   -0.07 -0.05  0.    0.01
  0.02  0.01 -0.01 -0.01  0.   -0.   -0.01 -0.01 -0.01  0.   -0.01  0.01
 -0.01 -0.01 -0.01  0.   -0.01  0.    0.01  0.   -0.   -0.    0.    0.
  0.   -0.   -0.02  0.01 -0.03  0.03  0.05 -0.05 -0.34  0.35 -0.05  0.05
 -0.01 -0.01]
orbital number 40 energy -3.263082076487283
[ 0.    0.01  0.   -0.01 -0.01 -0.   -0.   -0.36 -0.12  0.17  0.24  0.23
  0.18 -0.12  0.37  0.12 -0.17 -0.25 -0.18  0.12 -0.   -0.05 -0.02  0.02
  0.03  0.02 -0.02  0.04  0.01 -0.02 -0.03  0.02 -0.02  0.01 -0.02 -0.02
 -0.01  0.01  0.03  0.01 -0.03 -0.03 -0.03 -0.18  0.01  0.03  0.19  0.01
 -0.18  0.21  0.19 -0.08 -0.21 -0.08 -0.23  0.08  0.02 -0.01 -0.02  0.08
 -0.01  0.02 -0.   -0.    0.12  0.12 -0.12 -0.12  0.02  0.02 -0.01 -0.01
  0.02 -0.02]
orbital number 41 energy -3.2611658700317063
[ 0.01 -0.02 -0.02 -0.01  0.01  0.03 -0.    0.04  0.01 -0.02 -0.02 -0.02
 -0.02  0.01 -0.05 -0.02  0.02  0.04  0.03 -0.02 -0.   -0.36 -0.12  0.17
  0.24  0.18 -0.11  0.37  0.12 -0.19 -0.25  0.21 -0.17  0.13 -0.01  0.01
  0.02  0.   -0.01 -0.01 -0.18 -0.21 -0.18  0.02  0.07  0.22 -0.03  0.08
  0.02 -0.03 -0.03  0.01  0.02  0.01  0.03 -0.01  0.19 -0.08 -0.23 -0.01
 -0.08  0.19 -0.01  0.02 -0.01 -0.01  0.02  0.02  0.12  0.11 -0.12 -0.13
 -0.01 -0.  ]
orbital number 42 energy -3.2276951844936446
[-0.11 -0.35 -0.1   0.18  0.23  0.18  0.   -0.18 -0.05  0.11  0.12  0.11
  0.06 -0.07 -0.16 -0.06  0.05  0.11  0.09 -0.04 -0.    0.19  0.05 -0.11
 -0.12 -0.07  0.07  0.15  0.06 -0.05 -0.1   0.08 -0.09  0.04 -0.19  0.11
  0.35  0.11 -0.18 -0.24  0.09  0.1   0.09 -0.09 -0.04 -0.11 -0.08 -0.04
 -0.09 -0.09 -0.08  0.03 -0.1   0.03  0.1   0.04  0.07 -0.03 -0.09  0.04
 -0.03  0.08  0.1   0.1   0.05  0.07  0.07  0.04 -0.05 -0.08 -0.06 -0.04
 -0.1  -0.11]
orbital number 43 energy 0.0
[ 0.17 -0.03  0.17  0.08 -0.18  0.08 -0.36  0.04  0.17  0.01 -0.17 -0.07
  0.01  0.17  0.04  0.17  0.01 -0.17  0.01  0.17 -0.36  0.04  0.17  0.01
 -0.17  0.01  0.17  0.04  0.17  0.01 -0.17 -0.01  0.01  0.17  0.09  0.17
 -0.04  0.17  0.08 -0.18  0.08 -0.01  0.08  0.08  0.   -0.07  0.08  0.
  0.08 -0.01  0.08  0.   -0.01  0.   -0.07  0.    0.08  0.   -0.07  0.
  0.    0.08 -0.1  -0.1  -0.09 -0.09 -0.1  -0.09 -0.09 -0.09 -0.09 -0.09
 -0.09 -0.09]
orbital number 44 energy 0.36051303928168243
[-0.16 -0.08 -0.16  0.05  0.16  0.05 -0.37  0.01  0.17  0.02 -0.18 -0.08
  0.03  0.17  0.01  0.17  0.03 -0.18  0.02  0.18  0.37 -0.01 -0.17 -0.02
  0.18 -0.02 -0.17 -0.01 -0.17 -0.03  0.18  0.02 -0.02 -0.17 -0.05  0.16
  0.08  0.16 -0.05 -0.15 -0.08  0.02 -0.08  0.08 -0.01  0.08  0.08 -0.01
  0.08 -0.02  0.08  0.01 -0.02  0.01 -0.08  0.01 -0.08 -0.01  0.08  0.01
 -0.01 -0.08  0.09  0.09 -0.09 -0.09 -0.09 -0.09  0.09  0.09  0.09  0.09
 -0.09 -0.08]
orbital number 45 energy 2.8094663506379205
[ 0.11 -0.27  0.11  0.21 -0.27  0.21  0.01  0.13 -0.05 -0.1   0.12  0.13
 -0.09 -0.06  0.13 -0.06 -0.1   0.13 -0.1  -0.05  0.01  0.12 -0.05 -0.09
  0.12 -0.09 -0.05  0.14 -0.06 -0.11  0.14  0.13 -0.11 -0.06  0.21  0.11
 -0.27  0.11  0.21 -0.27 -0.09  0.11 -0.09 -0.1  -0.04  0.12 -0.1  -0.04
 -0.1   0.12 -0.1  -0.05  0.12 -0.04  0.13 -0.04 -0.11 -0.05  0.14 -0.04
 -0.05 -0.11 -0.04 -0.04  0.02  0.02  0.02  0.02  0.02  0.02  0.02  0.02
 -0.04 -0.04]
orbital number 46 energy 2.8416997518119937
[-0.01  0.01 -0.   -0.01  0.01 -0.   -0.   -0.17  0.07  0.13 -0.17 -0.18
  0.13  0.07  0.16 -0.07 -0.13  0.16 -0.13 -0.06 -0.   -0.21  0.09  0.16
 -0.21  0.16  0.09  0.2  -0.08 -0.16  0.2   0.2  -0.15 -0.08 -0.01 -0.
  0.01 -0.01 -0.    0.01  0.17 -0.21  0.17  0.14  0.08 -0.21 -0.13  0.07
  0.14  0.16 -0.13 -0.06 -0.17 -0.06  0.17  0.06 -0.16 -0.07  0.21  0.06
 -0.07 -0.16  0.    0.   -0.03 -0.03  0.03  0.03 -0.03 -0.04  0.03  0.03
  0.    0.  ]
orbital number 47 energy 2.8424946905135333
[-0.    0.01 -0.   -0.01  0.   -0.    0.    0.21 -0.08 -0.16  0.2   0.21
 -0.16 -0.08 -0.21  0.08  0.16 -0.2   0.16  0.08 -0.   -0.17  0.07  0.13
 -0.16  0.13  0.07  0.17 -0.07 -0.13  0.16  0.16 -0.13 -0.07 -0.   -0.
  0.01 -0.   -0.01  0.01  0.14 -0.17  0.14 -0.16  0.06 -0.17  0.17  0.06
 -0.16 -0.2   0.17  0.08  0.2   0.07 -0.21 -0.07 -0.13 -0.06  0.17 -0.07
 -0.06 -0.13  0.    0.    0.03  0.03 -0.04 -0.03 -0.03 -0.03  0.03  0.03
  0.    0.  ]
orbital number 48 energy 3.300981457324687
[ 0.12 -0.08  0.12  0.   -0.12 -0.    0.17 -0.13 -0.02  0.14 -0.1  -0.21
  0.13 -0.01 -0.13 -0.01  0.13 -0.1   0.14 -0.03 -0.17  0.13  0.02 -0.14
  0.1  -0.13  0.02  0.13  0.02 -0.13  0.1   0.22 -0.14  0.02 -0.   -0.12
  0.09 -0.12 -0.    0.12 -0.14  0.22 -0.14  0.14 -0.09  0.21  0.14 -0.09
  0.14 -0.22  0.14  0.09 -0.22  0.09 -0.21  0.09 -0.14 -0.09  0.21  0.09
 -0.09 -0.14 -0.05 -0.05  0.01  0.01  0.01  0.01 -0.01 -0.01 -0.01 -0.01
  0.05  0.05]
orbital number 49 energy 3.701738573406812
[-0.01  0.19 -0.01 -0.18  0.19 -0.18 -0.21  0.02  0.09 -0.1   0.    0.2
 -0.09  0.08  0.02  0.08 -0.09  0.   -0.1   0.09 -0.21  0.02  0.09 -0.09
  0.   -0.09  0.08  0.02  0.09 -0.09  0.    0.21 -0.09  0.09 -0.19 -0.
  0.2  -0.01 -0.18  0.19 -0.11  0.21 -0.11 -0.11 -0.09  0.2  -0.12 -0.09
 -0.11  0.21 -0.1  -0.1   0.21 -0.09  0.2  -0.1  -0.11 -0.09  0.2  -0.09
 -0.1  -0.1   0.    0.   -0.03 -0.03 -0.03 -0.04 -0.03 -0.03 -0.03 -0.03
 -0.    0.  ]
orbital number 50 energy 3.7967888822661124
[-0.   -0.   -0.    0.   -0.    0.    0.    0.   -0.    0.    0.   -0.
  0.   -0.    0.   -0.    0.    0.    0.   -0.    0.    0.   -0.    0.
  0.    0.   -0.   -0.    0.01 -0.01 -0.   -0.    0.01 -0.02  0.    0.
 -0.    0.    0.   -0.    0.   -0.    0.    0.    0.   -0.    0.    0.
  0.   -0.   -0.    0.   -0.   -0.   -0.    0.   -0.5   0.5  -0.    0.
 -0.5   0.5   0.    0.    0.    0.    0.    0.    0.    0.   -0.01  0.01
 -0.   -0.  ]
orbital number 51 energy 3.799402285875899
[-0.    0.   -0.   -0.    0.   -0.   -0.    0.    0.   -0.   -0.    0.
 -0.    0.    0.    0.01 -0.01  0.    0.01 -0.01 -0.   -0.    0.   -0.
 -0.   -0.    0.   -0.    0.   -0.   -0.    0.   -0.    0.   -0.    0.
  0.    0.   -0.    0.   -0.    0.   -0.   -0.   -0.    0.    0.5  -0.
 -0.    0.   -0.5   0.5   0.   -0.5   0.   -0.    0.   -0.01  0.   -0.
  0.   -0.01  0.    0.   -0.   -0.   -0.01  0.01 -0.   -0.   -0.   -0.
 -0.   -0.  ]
orbital number 52 energy 3.801227625588941
[-0.   -0.   -0.    0.   -0.    0.    0.    0.   -0.    0.    0.   -0.
  0.   -0.   -0.   -0.    0.    0.    0.   -0.    0.   -0.    0.02 -0.01
 -0.    0.01 -0.02 -0.   -0.    0.   -0.   -0.    0.   -0.    0.    0.
 -0.    0.    0.   -0.    0.5  -0.   -0.5  -0.    0.5   0.   -0.   -0.5
  0.   -0.    0.   -0.   -0.    0.   -0.    0.    0.    0.   -0.   -0.
 -0.    0.    0.    0.    0.    0.    0.    0.   -0.01  0.01  0.    0.
 -0.   -0.  ]
orbital number 53 energy 3.8014738496666394
[-0.    0.   -0.   -0.    0.   -0.   -0.    0.    0.02 -0.01  0.    0.
  0.01 -0.01 -0.    0.   -0.   -0.   -0.    0.   -0.   -0.    0.   -0.
 -0.   -0.    0.   -0.    0.   -0.   -0.    0.   -0.    0.   -0.    0.
  0.    0.   -0.    0.   -0.    0.    0.   -0.5  -0.    0.    0.    0.
  0.5   0.   -0.    0.    0.   -0.    0.    0.5   0.   -0.    0.   -0.5
  0.   -0.    0.    0.   -0.01  0.01 -0.   -0.   -0.   -0.   -0.   -0.
 -0.   -0.  ]
orbital number 54 energy 4.085418921041423
[ 0.36  0.   -0.36  0.32  0.   -0.33 -0.   -0.    0.   -0.    0.   -0.
  0.   -0.   -0.    0.   -0.   -0.   -0.    0.   -0.   -0.    0.   -0.
  0.    0.   -0.   -0.    0.   -0.   -0.    0.   -0.    0.    0.32 -0.36
  0.    0.36 -0.32 -0.    0.   -0.    0.    0.    0.   -0.   -0.    0.
  0.    0.01 -0.   -0.   -0.   -0.    0.01  0.   -0.   -0.    0.    0.
 -0.   -0.   -0.13  0.13 -0.    0.   -0.   -0.   -0.    0.   -0.   -0.
  0.13 -0.13]
orbital number 55 energy 4.105341167985674
[-0.36  0.    0.35 -0.32  0.    0.32 -0.   -0.    0.01 -0.    0.   -0.
  0.01 -0.01 -0.    0.   -0.   -0.    0.    0.   -0.   -0.    0.    0.
 -0.   -0.    0.01 -0.   -0.    0.   -0.   -0.    0.    0.    0.33 -0.36
  0.    0.36 -0.33 -0.   -0.    0.01 -0.    0.   -0.    0.01 -0.   -0.
  0.    0.   -0.   -0.   -0.   -0.    0.    0.    0.    0.   -0.    0.
  0.    0.    0.13 -0.12 -0.    0.   -0.   -0.   -0.   -0.    0.   -0.
  0.13 -0.13]
orbital number 56 energy 4.1463278248606485
[-0.   -0.    0.    0.   -0.    0.    0.    0.    0.01 -0.01  0.   -0.
  0.01 -0.01  0.    0.   -0.    0.    0.   -0.   -0.   -0.    0.05 -0.04
 -0.    0.04 -0.04  0.    0.5  -0.46  0.   -0.    0.46 -0.51  0.    0.
 -0.    0.    0.   -0.   -0.    0.01 -0.    0.   -0.    0.01  0.   -0.
  0.   -0.    0.    0.   -0.    0.   -0.    0.    0.01 -0.01 -0.    0.
  0.01 -0.01  0.    0.   -0.    0.   -0.    0.   -0.02  0.01 -0.18  0.18
 -0.   -0.  ]
orbital number 57 energy 4.149605357425056
[-0.    0.    0.   -0.    0.    0.   -0.    0.01 -0.51  0.46 -0.    0.
 -0.46  0.5  -0.    0.04 -0.03 -0.    0.03 -0.03  0.   -0.    0.   -0.
 -0.   -0.    0.    0.    0.01 -0.01  0.    0.    0.01 -0.01  0.01 -0.01
 -0.    0.01 -0.01 -0.   -0.    0.   -0.   -0.02 -0.    0.   -0.   -0.
  0.01  0.01 -0.   -0.01  0.   -0.    0.01  0.01  0.   -0.    0.   -0.02
  0.   -0.    0.   -0.    0.18 -0.18 -0.01  0.01 -0.   -0.   -0.    0.
  0.   -0.  ]
orbital number 58 energy 4.151375732698744
[-0.    0.   -0.   -0.    0.   -0.   -0.   -0.    0.04 -0.03 -0.    0.01
  0.03 -0.03  0.01  0.5  -0.45 -0.    0.45 -0.5   0.   -0.    0.06 -0.06
  0.    0.06 -0.06 -0.   -0.01  0.01  0.   -0.   -0.01  0.01 -0.    0.
 -0.   -0.    0.   -0.   -0.   -0.    0.   -0.   -0.   -0.   -0.02  0.
 -0.    0.01  0.01 -0.02  0.01  0.01  0.01 -0.01  0.    0.   -0.   -0.
  0.    0.   -0.    0.   -0.01  0.01 -0.18  0.18 -0.02  0.02  0.   -0.
 -0.    0.  ]
orbital number 59 energy 4.151815235009389
[-0.    0.    0.   -0.   -0.    0.   -0.   -0.   -0.01  0.   -0.    0.
 -0.    0.01 -0.   -0.06  0.06 -0.   -0.06  0.06  0.   -0.    0.5  -0.45
  0.    0.45 -0.5   0.   -0.05  0.04  0.   -0.01 -0.04  0.04 -0.   -0.
  0.    0.   -0.    0.   -0.01 -0.    0.02 -0.   -0.01 -0.    0.    0.02
  0.    0.   -0.    0.    0.   -0.    0.    0.    0.    0.   -0.01 -0.
  0.    0.    0.   -0.    0.   -0.    0.02 -0.02 -0.18  0.18  0.02 -0.01
  0.   -0.  ]
orbital number 60 energy 4.565502002693082
[-0.2   0.29 -0.2  -0.06  0.28 -0.06  0.01  0.15 -0.11 -0.02  0.14 -0.16
 -0.02 -0.11  0.13 -0.09 -0.02  0.12 -0.02 -0.09 -0.01 -0.14  0.11  0.02
 -0.13  0.02  0.1  -0.14  0.1   0.02 -0.13  0.14  0.02  0.1   0.06  0.2
 -0.3   0.2   0.06 -0.28 -0.03  0.14 -0.03  0.04 -0.09  0.15  0.03 -0.09
  0.04 -0.13  0.03  0.08 -0.15  0.08 -0.14  0.1  -0.03 -0.09  0.15  0.1
 -0.09 -0.03  0.07  0.07  0.04  0.04  0.03  0.03 -0.03 -0.03 -0.03 -0.03
 -0.07 -0.07]
orbital number 61 energy 4.597876527024997
[ 0.    0.   -0.01  0.    0.   -0.    0.   -0.    0.    0.   -0.    0.
  0.    0.    0.   -0.   -0.    0.   -0.   -0.   -0.   -0.29  0.2   0.05
 -0.27  0.05  0.21  0.29 -0.21 -0.05  0.27 -0.28 -0.05 -0.2   0.    0.
 -0.    0.    0.   -0.   -0.07  0.28 -0.06 -0.   -0.19  0.3   0.   -0.19
 -0.   -0.    0.    0.    0.    0.   -0.   -0.    0.06  0.19 -0.3  -0.
  0.19  0.06 -0.    0.   -0.   -0.    0.    0.   -0.07 -0.07  0.07  0.06
 -0.   -0.  ]
orbital number 62 energy 4.603717914162491
[ 0.01 -0.01  0.01  0.   -0.01  0.   -0.    0.29 -0.19 -0.05  0.27 -0.3
 -0.05 -0.2  -0.29  0.21  0.05 -0.27  0.05  0.2  -0.    0.   -0.   -0.
  0.   -0.   -0.    0.01 -0.01 -0.    0.01 -0.01 -0.   -0.01 -0.01 -0.
  0.01 -0.01  0.    0.01  0.   -0.    0.    0.06  0.   -0.   -0.06  0.
  0.06  0.28 -0.07 -0.19 -0.27 -0.19  0.31  0.18  0.    0.01 -0.01  0.18
  0.01  0.   -0.   -0.    0.06  0.07 -0.07 -0.07  0.    0.    0.    0.
  0.    0.  ]
orbital number 63 energy 5.2242349128630075
[-0.1  -0.01 -0.1   0.14 -0.12  0.14  0.22 -0.18  0.04  0.11 -0.22  0.17
  0.12  0.04 -0.18  0.04  0.12 -0.22  0.11  0.04  0.22 -0.18  0.04  0.11
 -0.22  0.12  0.04 -0.18  0.04  0.12 -0.22  0.11  0.12  0.04  0.14 -0.1
 -0.   -0.1   0.14 -0.11  0.02  0.11  0.02  0.02 -0.13  0.18  0.02 -0.13
  0.02  0.11  0.02 -0.13  0.11 -0.13  0.18 -0.13  0.02 -0.13  0.18 -0.13
 -0.13  0.02  0.03  0.03 -0.01 -0.01 -0.01 -0.01 -0.01 -0.01 -0.01 -0.01
  0.03  0.03]
orbital number 64 energy 5.563748220507833
[ 0.08 -0.23  0.08  0.09 -0.24  0.09 -0.24  0.11  0.02 -0.13  0.2  -0.16
 -0.14  0.03  0.11  0.03 -0.14  0.2  -0.13  0.02  0.24 -0.1  -0.02  0.13
 -0.19  0.13 -0.02 -0.1  -0.03  0.13 -0.19  0.05  0.13 -0.02 -0.09 -0.09
  0.23 -0.09 -0.09  0.23  0.04  0.05  0.04 -0.04 -0.12  0.16 -0.05 -0.12
 -0.04 -0.06 -0.05  0.13 -0.06  0.13 -0.16  0.13  0.04 -0.13  0.16  0.13
 -0.13  0.04 -0.02 -0.02 -0.01 -0.01 -0.01 -0.01  0.01  0.01  0.01  0.01
  0.02  0.02]
orbital number 65 energy 6.297825161935556
[-0.22  0.22 -0.23  0.19 -0.13  0.18 -0.01 -0.1   0.11 -0.09  0.06 -0.13
 -0.09  0.11 -0.1   0.11 -0.09  0.06 -0.09  0.1  -0.01 -0.09  0.1  -0.08
  0.06 -0.08  0.1  -0.12  0.13 -0.11  0.07  0.08 -0.11  0.13  0.18 -0.22
  0.22 -0.22  0.19 -0.13 -0.09  0.06 -0.09 -0.1   0.11 -0.12 -0.1   0.11
 -0.1   0.07 -0.09  0.12  0.07  0.12 -0.13  0.12 -0.11  0.14 -0.15  0.12
  0.14 -0.11  0.06  0.06 -0.03 -0.03 -0.03 -0.03 -0.03 -0.03 -0.03 -0.03
  0.06  0.06]
orbital number 66 energy 6.309991789126041
[ 0.01 -0.02  0.02 -0.01  0.01 -0.01  0.    0.01 -0.01  0.01 -0.    0.01
  0.01 -0.01  0.01 -0.01  0.01 -0.    0.   -0.01  0.    0.22 -0.22  0.18
 -0.13  0.19 -0.22 -0.2   0.21 -0.17  0.11  0.13 -0.17  0.21 -0.01  0.01
 -0.01  0.01 -0.01  0.01  0.2  -0.14  0.2   0.01 -0.25  0.27  0.01 -0.25
  0.01 -0.    0.01 -0.01 -0.01 -0.01  0.01 -0.01 -0.19  0.23 -0.25 -0.01
  0.23 -0.19 -0.   -0.    0.    0.    0.    0.    0.06  0.06 -0.06 -0.06
 -0.   -0.  ]
orbital number 67 energy 6.31237629749082
[ 0.   -0.    0.   -0.    0.   -0.    0.   -0.21  0.21 -0.18  0.12 -0.26
 -0.18  0.22  0.21 -0.22  0.18 -0.12  0.17 -0.21 -0.    0.   -0.    0.
 -0.    0.   -0.    0.   -0.    0.   -0.   -0.    0.   -0.   -0.    0.
 -0.    0.   -0.    0.    0.   -0.    0.   -0.2  -0.    0.    0.2  -0.
 -0.2  -0.14  0.2  -0.24  0.14 -0.24  0.26  0.24  0.   -0.    0.    0.24
 -0.    0.   -0.   -0.   -0.06 -0.06  0.06  0.06  0.    0.    0.    0.
 -0.   -0.  ]
orbital number 68 energy 6.636164911541131
[-0.03 -0.05 -0.03  0.11 -0.19  0.11 -0.17  0.17 -0.1   0.03  0.05  0.16
  0.03 -0.1   0.17 -0.1   0.03  0.05  0.03 -0.1   0.17 -0.17  0.1  -0.03
 -0.05 -0.03  0.1  -0.17  0.1  -0.03 -0.05  0.17 -0.03  0.1  -0.11  0.04
  0.04  0.04 -0.11  0.19 -0.15  0.16 -0.15  0.15  0.16 -0.16  0.15  0.15
  0.15 -0.17  0.15 -0.15 -0.16 -0.16  0.16 -0.15 -0.15  0.15 -0.16 -0.15
  0.16 -0.15  0.01  0.01  0.03  0.03  0.03  0.03 -0.03 -0.03 -0.03 -0.03
 -0.01 -0.01]
orbital number 69 energy 6.849149899912087
[ 0.16 -0.22  0.17 -0.11  0.07 -0.11  0.19 -0.1   0.03  0.05 -0.13 -0.13
  0.05  0.03 -0.11  0.03  0.04 -0.12  0.04  0.03  0.18 -0.1   0.02  0.05
 -0.12  0.05  0.02 -0.1   0.02  0.05 -0.13  0.19  0.05  0.02 -0.11  0.16
 -0.22  0.17 -0.11  0.08 -0.15  0.18 -0.15 -0.15  0.13 -0.13 -0.15  0.13
 -0.15  0.19 -0.15  0.13  0.19  0.13 -0.13  0.14 -0.15  0.13 -0.13  0.13
  0.13 -0.15 -0.04 -0.04 -0.01 -0.01 -0.01 -0.01 -0.01 -0.01 -0.01 -0.01
 -0.04 -0.04]
orbital number 70 energy 7.16375161843847
[-0.16  0.13 -0.16  0.2  -0.3   0.2   0.    0.1  -0.12  0.15 -0.23 -0.1
  0.16 -0.12  0.02 -0.03  0.04 -0.06  0.04 -0.03 -0.   -0.04  0.05 -0.07
  0.1  -0.07  0.05 -0.09  0.1  -0.13  0.19 -0.18 -0.13  0.1  -0.2   0.16
 -0.13  0.16 -0.21  0.3   0.06 -0.09  0.06 -0.14 -0.05  0.04 -0.04 -0.05
 -0.14  0.05 -0.04  0.03  0.21  0.03 -0.02  0.11  0.12 -0.09  0.08  0.11
 -0.09  0.12  0.04  0.04  0.03  0.03  0.01  0.01 -0.01 -0.01 -0.03 -0.03
 -0.04 -0.04]
orbital number 71 energy 7.165886982224565
[-0.02  0.02 -0.02  0.03 -0.04  0.03  0.    0.02 -0.02  0.03 -0.04 -0.02
  0.03 -0.02  0.   -0.    0.   -0.    0.   -0.   -0.   -0.15  0.18 -0.23
  0.33 -0.23  0.18  0.13 -0.16  0.2  -0.29  0.27  0.2  -0.16 -0.03  0.02
 -0.02  0.02 -0.03  0.04  0.2  -0.31  0.2  -0.02 -0.16  0.15 -0.   -0.16
 -0.02  0.   -0.    0.    0.03  0.   -0.    0.02 -0.18  0.14 -0.13  0.02
  0.14 -0.18  0.01  0.01  0.    0.01  0.    0.   -0.05 -0.05  0.04  0.04
 -0.01 -0.01]
orbital number 72 energy 7.174394753182879
[ 0.04 -0.04  0.04 -0.06  0.09 -0.06 -0.01  0.12 -0.14  0.18 -0.26 -0.11
  0.19 -0.15 -0.15  0.18 -0.24  0.34 -0.23  0.18 -0.    0.02 -0.02  0.03
 -0.05  0.03 -0.03  0.02 -0.02  0.03 -0.04  0.04  0.03 -0.02  0.06 -0.05
  0.04 -0.05  0.06 -0.09 -0.03  0.04 -0.03 -0.16  0.02 -0.02  0.21  0.02
 -0.16 -0.32  0.21 -0.16  0.24 -0.16  0.15  0.13 -0.02  0.02 -0.02  0.12
  0.02 -0.02 -0.01 -0.01  0.04  0.04 -0.05 -0.05  0.01  0.01  0.01  0.01
  0.01  0.01]
orbital number 73 energy 7.461430284931936
[-0.1   0.17 -0.1   0.06 -0.04  0.06 -0.23  0.21 -0.15  0.13 -0.16 -0.04
  0.14 -0.15  0.22 -0.16  0.14 -0.17  0.14 -0.16 -0.24  0.22 -0.16  0.14
 -0.16  0.14 -0.16  0.22 -0.16  0.14 -0.16  0.12  0.14 -0.16  0.05 -0.09
  0.16 -0.09  0.05 -0.03 -0.07  0.12 -0.07 -0.07  0.05 -0.04 -0.07  0.05
 -0.07  0.13 -0.07  0.05  0.12  0.05 -0.04  0.05 -0.07  0.05 -0.04  0.05
  0.05 -0.07  0.02  0.02  0.04  0.04  0.04  0.04  0.04  0.04  0.04  0.04
  0.02  0.02]
orbital number 74 energy 7.530660421047045
[ 0.16 -0.21  0.16 -0.15  0.2  -0.15 -0.23  0.2  -0.13  0.11 -0.13 -0.03
  0.11 -0.13  0.2  -0.14  0.12 -0.13  0.12 -0.14  0.23 -0.19  0.13 -0.11
  0.12 -0.11  0.13 -0.19  0.13 -0.11  0.13 -0.09 -0.11  0.13  0.15 -0.16
  0.21 -0.16  0.15 -0.2   0.05 -0.09  0.05 -0.05 -0.03  0.03 -0.05 -0.03
 -0.05  0.1  -0.05  0.04  0.09  0.04 -0.03  0.04  0.05 -0.03  0.03  0.03
 -0.03  0.05 -0.04 -0.04  0.03  0.03  0.03  0.03 -0.03 -0.03 -0.03 -0.03
  0.04  0.04]
ENERGY0: -288.3550546180549

Orbital occupation numbers:
1: 2.000000
2: 2.000000
3: 2.000000
4: 2.000000
5: 2.000000
6: 2.000000
7: 2.000000
8: 2.000000
9: 2.000000
10: 2.000000
11: 2.000000
12: 2.000000
13: 2.000000
14: 2.000000
15: 2.000000
16: 2.000000
17: 2.000000
18: 2.000000
19: 2.000000
20: 2.000000
21: 2.000000
22: 2.000000
23: 2.000000
24: 2.000000
25: 2.000000
26: 2.000000
27: 2.000000
28: 2.000000
29: 2.000000
30: 2.000000
31: 2.000000
32: 2.000000
33: 2.000000
34: 2.000000
35: 2.000000
36: 2.000000
37: 2.000000
38: 2.000000
39: 2.000000
40: 2.000000
41: 2.000000
42: 2.000000
43: 1.000000
44: 1.000000
45: -0.000000
46: 0.000000
47: 0.000000
48: 0.000000
49: 0.000000
50: 0.000000
51: -0.000000
52: 0.000000
53: -0.000000
54: 0.000000
55: 0.000000
56: -0.000000
57: 0.000000
58: 0.000000
59: 0.000000
60: -0.000000
61: -0.000000
62: 0.000000
63: 0.000000
64: 0.000000
65: -0.000000
66: 0.000000
67: -0.000000
68: -0.000000
69: -0.000000
70: -0.000000
71: -0.000000
72: -0.000000
73: 0.000000
74: -0.000000

------------------------
Starting ExROPPP calculation for diradical in rotated basis
------------------------

Fock matrix in rotated MO basis: [[-4.65678768e+00 -1.04620555e-15  9.81755952e-16 ... -3.75543854e-16
   4.23629477e-15 -6.52972716e-15]
 [-1.23866502e-15 -4.59839864e+00 -3.14595453e-15 ... -2.61673460e-15
  -1.26342219e-15 -3.08145322e-16]
 [ 5.68585110e-16 -2.97803373e-15 -4.25625433e+00 ...  1.93248476e-15
  -2.80698727e-16  1.32047521e-15]
 ...
 [-1.69348176e-16 -2.27943285e-15  1.98891147e-15 ...  1.11218745e+01
  -3.56796078e-15 -1.57115132e-15]
 [ 3.99032703e-15 -6.82119259e-16 -4.96836211e-16 ... -2.91718866e-15
   1.14089100e+01 -2.42912204e-15]
 [-6.64843946e-15 -1.89121002e-16  2.06120524e-15 ... -9.63927116e-16
  -1.91213604e-15  1.14781402e+01]]
Dimensions of CI matrix: (15556, 15556)
Checking that the Hamiltonian is symmetric (a value of zero means matrix is symmetric) ... 
