                    ---------------------------------
                    | Radical ExROPPP Calculation |
                    ---------------------------------

Molecule: M-CDRORCA.xyz radical

--------------------------------
Cartesian Coordinates / Angstrom
--------------------------------

Cl    -3.923211   -1.418050   -2.291055
C     -3.191503   -0.492795   -0.989910
C     -3.889968    0.577297   -0.372208
C     -3.139342    1.274045    0.610514
Cl    -3.858999    2.577190    1.542395
C     -1.831994    0.942950    0.945156
H     -1.320540    1.532102    1.697340
C     -1.180356   -0.124700    0.314469
C     -1.886395   -0.839024   -0.662035
H     -1.426713   -1.679948   -1.168023
C      4.301050   -1.571751    1.714405
C      4.861550   -2.855250    1.250729
C      4.178530   -4.090509    1.397486
Cl     2.638391   -4.178178    2.240188
C      4.700849   -5.304122    0.961719
C      5.957313   -5.362320    0.349139
C      8.929016    2.317748    4.510470
C      6.665385   -4.166366    0.187284
C      6.129901   -2.958518    0.622140
Cl     7.082660   -1.525632    0.262519
C      5.125125   -0.659375    2.529597
C      5.858381   -1.092746    3.664927
Cl     5.739684   -2.749120    4.241583
C      6.648959   -0.240470    4.428883
C      6.753421    1.117406    4.107791
C      6.903947   -8.283855   -1.878518
C      6.039181    1.587463    3.000333
C      5.256599    0.723818    2.240741
Cl     4.497447    1.427700    0.819994
C     -5.279178    0.933221   -0.720066
C     -5.630254    2.335353   -1.016580
C     -4.891452    3.138052   -1.924011
Cl    -3.539454    2.470660   -2.827464
C     -5.223416    4.457187   -2.215410
C     -6.330022    5.065782   -1.612937
C      7.778235   -8.690897    0.316377
C     -7.083647    4.309641   -0.708276
C     -6.739361    2.992311   -0.423014
Cl    -7.712079    2.194571    0.804856
C     -6.318145   -0.113240   -0.771604
C     -7.214091   -0.254282   -1.863364
Cl    -7.069082    0.760738   -3.291284
C     -8.202260   -1.232214   -1.913552
C     -8.356067   -2.147785   -0.866823
C     -9.420056   -3.200778   -0.912875
C     -7.488163   -2.047613    0.226110
C     -6.508137   -1.061045    0.267439
Cl    -5.557690   -0.988095    1.744277
H      4.128880   -6.212212    1.117129
H      7.636079   -4.171046   -0.296091
H      7.176570   -0.637520    5.289044
H      6.105110    2.631293    2.714077
H     -4.626215    5.005513   -2.935597
H     -8.846776   -1.288422   -2.783804
H     -7.585745   -2.731688    1.061792
H     -7.935224    4.754295   -0.205228
C      1.107906   -0.951091   -0.302832
C      2.411512   -1.290748    0.037249
C      2.917888   -1.201939    1.360614
C      1.978266   -0.729364    2.314140
C      0.673174   -0.381383    1.988115
C      0.211741   -0.488163    0.669493
H      0.809608   -1.005093   -1.343266
Cl     3.453938   -1.746280   -1.300996
Cl     2.384108   -0.653338    4.021296
H      0.002490   -0.071663    2.781004
C     -6.062160    7.544227   -1.249770
C     -6.698294    6.482452   -1.928885
C     -7.676729    6.752324   -2.907512
H      8.335691   -9.317239    1.009976
C     -8.001973    8.084382   -3.190087
H     -8.753515    8.290335   -3.949504
C     -7.389030    9.151705   -2.529198
C      7.616760   -9.112512   -1.006410
C     -6.420261    8.858754   -1.563362
H     -5.928218    9.675369   -1.038526
H      6.769766   -8.591118   -2.913817
C      6.356385   -7.066393   -1.461001
C      7.245469   -7.482442    0.779080
C      7.909904    3.485774    6.837953
H      7.507426    3.943437    7.739468
C      7.092392    2.626158    6.095845
C      9.222365    3.774319    6.453259
C      9.710867    3.181097    5.285097
H     10.728674    3.395361    4.964887
C      6.529073   -6.664568   -0.119448
C    -10.664572   -2.969009   -0.290131
C    -11.646592   -3.963787   -0.349328
H    -12.607559   -3.779986    0.126980
C    -11.429132   -5.180355   -1.002701
C      7.608596    2.038191    4.922178
C    -10.188920   -5.385646   -1.614619
H    -10.000126   -6.323605   -2.133028
C     -9.178310   -4.418812   -1.582578

There are 74 heavy atoms.
There are 86 electrons in 74 orbitals.


Carbon 1e params: A = -22.717075 b = 1.705616

Nitrogen 1e params: alphan2 = -17.681338 Acn2 = -24.737202 bcn2 = 1.433639

Chlorine 1e params: alphacl = -10.335674 Accl = -26.021937 bccl=1.451861
C-Cl bond
C-Cl bond
C-Cl bond
C-Cl bond
C-Cl bond
C-Cl bond
C-Cl bond
C-Cl bond
C-Cl bond
C-Cl bond
C-Cl bond
C-Cl bond
Cl atom 63
Cl atom 64
Cl atom 65
Cl atom 66
Cl atom 67
Cl atom 68
Cl atom 69
Cl atom 70
Cl atom 71
Cl atom 72
Cl atom 73
Cl atom 74

Carbon 2e params: U = 8.420838 r0 = 1.173157

Nitrogen 2e params: Un2n2 = 17.979843 r0n2n2 = 1.111791

Chlorine 2e params: Uclcl= 9.642991 r0clcl = 2.253316

Mixed 2e params: Ucn2 = 13.200341 Uccl = 9.031915 Un2cl = 13.811417 r0cn2 =1.142474 r0ccl = 1.713237 r0n2cl = 1.682554
[8.42083845 3.81060886 2.77682411 2.50750235 2.74540746 3.85498425
 1.07245375 1.00196976 1.01689275 0.93020367 0.84992537 0.6685436
 0.84019008 0.90227114 0.96801577 0.86904136 0.79606291 0.79260641
 0.70785063 0.86337325 0.9591819  2.65868095 2.01296157 1.86760677
 1.48277237 1.30210632 0.66168603 1.34203749 1.59889579 2.28135329
 1.86522722 1.56270592 1.49730963 1.24024135 1.67396856 2.07308004
 1.77961738 1.42653196 1.27348605 1.35085387 1.63196957 1.99196388
 1.01725244 1.09322016 0.99713453 0.87810465 0.8369494  0.6586981
 0.89136115 0.77332139 0.71285136 0.64452513 0.70336014 0.60743823
 0.61807519 0.77662571 1.0883714  0.95583788 0.92750419 0.71883642
 1.01485571 1.18212721 4.45994907 2.69182357 1.65863834 1.27725845
 1.25732811 1.5721509  2.96576103 2.12841735 2.4203042  2.88535059
 1.82409302 1.67981814]
FCIDUMP file in AO basis written to FCIDUMP/FCIDUMP_AO_M-CDRORCA

