  FCIDUMP file : FCIDUMP/FCIDUMP_meta-xylylene
  NORB         : 8
  NELEC        : 8  (nalpha=4, nbeta=4)
  Scalar pot.  :  111.9202657384
===============================================
 Testing CSF optimisation method
===============================================

************************************************
 Testing 'gwh' initial guess method
************************************************

  Initializing L-BFGS optimisation...
    > Num. MOs       =      8
    > Num. params    =     22
    > Max subspace   =     20
    > Max step size   =  0.500
    > Backtracking   =  0.100
    > Parallel tr.   = True
    > Pseudo-canon.  = True
    > Canon interval = 10
    > Hybrid prec.   = True
  ================================================================
           Energy / Eh     Step Len    Max(|G_i|)
  ================================================================
     0    25.1401185078                 2.27e+00
     1    24.1531049634    2.01e-01     4.79e-01              
     2    24.1079519908    5.17e-02     3.52e-01              
     3    24.0942136227    1.12e-02     3.19e-01              
     4    23.9992893644    1.54e-01     8.93e-01              
     5    23.8829951868    5.92e-02     9.49e-01              
     6    25.4035099045    5.00e-01     2.80e+00    understep 
     7    23.8049520033    1.03e-01     1.06e+00    overstep  
     8    26.0537966930    5.00e-01     4.01e+00    rescaled  
     9    23.6091955052    1.05e-01     1.09e+00    overstep  
    10    24.7772468849    2.22e-01     7.48e+00              
    11    23.5191797443    6.07e-02     3.08e+00    overstep  
    12    23.6229198110    1.88e-01     1.63e+00              
    13    23.4371951871    1.27e-01     9.74e-01    overstep  
    14    23.2931921672    7.88e-02     6.09e-01              
    15    23.2146878070    3.65e-02     3.48e-01              
    16    23.1653739559    5.29e-02     1.58e-01              
    17    23.1608086985    1.58e-02     6.21e-02              
    18    23.1601781876    3.97e-03     1.07e-02              
    19    23.1601573892    1.36e-03     3.06e-03              
    20    23.1601553921    3.11e-04     8.92e-04              
    21    23.1601551738    1.25e-04     3.01e-04              
    22    23.1601551697    2.01e-05     2.51e-04              
    23    23.1601551662    8.83e-06     5.08e-06              
    24    23.1601551662    2.08e-07     6.67e-07              
  ================================================================
  L-BFGS converged in     24 iterations (  0.06 seconds)

  Initializing Davidson diagonalisation...
    > Max iterations =   1000
    > Target states  =      5
    > Convergence    =  1.000e-04
    > Basis per root =      4
    > Max basis size =     20
  Davidson diagonalisation converged in      9 iterations (  0.10 seconds)

   --------------------------
    Converged eigenvalues:   
   --------------------------
       0        5.01962878   
       1        6.04042043   
       2        8.98390990   
       3        9.91075758   
       4        9.93131448   
   --------------------------

 ---------------------------------------------
         Total Energy =    23.16015517 Eh
              Nuclear =   111.92026574 Eh
         One Electron =  -174.96079827 Eh
              Coulomb =   111.92026574 Eh
        ROHF Exchange =   -25.71957804 Eh
 ---------------------------------------------
           <Sz> =  0.00
           <S2> =  0.00
  Spin Coupling = +-

 -----------------------------------------------------------------------------------------------
  Open-Shell Exchange Matrix <Ψ|Êpq Êqp|Ψ> - Np
 -----------------------------------------------------------------------------------------------
           1              2        
   1   0.00000000     1.00000000   
   2   1.00000000     0.00000000   

 -----------------------------------------------------------------------------------------------
  Open-Shell Exchange Integrals <pq|qp>
 -----------------------------------------------------------------------------------------------
           1              2        
   1   6.83896304     0.04409919   
   2   0.04409919     6.83896315   

 -----------------------------------------------------------------------------------------------
  Occupied Orbital Coefficients
 -----------------------------------------------------------------------------------------------
           1              2              3              4              5        
   1   0.99408517    -0.00000001    -0.02190800     0.07509833     0.07509833   
   2  -0.00000001    -0.95957574    -0.00000001     0.19695211    -0.19695212   
   3  -0.04027630     0.00000001    -0.98385183     0.12224836     0.12224837   
   4  -0.09822323    -0.04164629     0.17493044     0.57257714     0.76693524   
   5  -0.01485336     0.27540127     0.02645304     0.74391283    -0.54135128   
   6  -0.01650313    -0.00000001     0.01586555     0.12224837     0.12224836   
   7   0.00000002     0.04042425     0.00000002     0.19695210    -0.19695212   
   8  -0.00563221     0.00000002     0.00186516     0.07509834     0.07509833   

 -----------------------------------------------------------------------------------------------
  Virtual Orbital Coefficients
 -----------------------------------------------------------------------------------------------
           6              7              8        
   1  -0.00176119    -0.00000002    -0.00566558   
   2  -0.00000001    -0.04042426     0.00000002   
   3  -0.01555916     0.00000002    -0.01679231   
   4  -0.17309321     0.04164630    -0.10142584   
   5  -0.02617523    -0.27540126    -0.01533766   
   6   0.98442642    -0.00000004    -0.02216368   
   7   0.00000004     0.95957574     0.00000000   
   8   0.00361018    -0.00000000     0.99431999   

 -----------------------------------------------------------------------------------------------
  Generalised Fock Matrix (MO basis)
 -----------------------------------------------------------------------------------------------
           1              2              3              4              5        
   1  -4.47130320     0.00000000     0.00000000    -0.56893536    -0.56893540   
   2   0.00000000    -0.22250526    -0.00000000     1.12719952    -1.12719953   
   3   0.00000000    -0.00000000     0.42021266     0.62894496     0.62894494   
   4  -0.56893524     1.12719949     0.62894501     0.85708650     0.07533374   
   5  -0.56893530    -1.12719955     0.62894497     0.07533386     0.85708643   
   6  -0.00000003    -0.00000011    -0.00000001     0.00000008    -0.00000002   
   7   0.00000029    -0.00000002     0.00000019    -0.00000006    -0.00000004   
   8  -0.00000002     0.00000033    -0.00000004    -0.00000010    -0.00000010   

[[ 0.994085 -0.       -0.021908  0.075098  0.075098 -0.001761 -0.       -0.005666]
 [-0.       -0.959576 -0.        0.196952 -0.196952 -0.       -0.040424  0.      ]
 [-0.040276  0.       -0.983852  0.122248  0.122248 -0.015559  0.       -0.016792]
 [-0.098223 -0.041646  0.17493   0.572577  0.766935 -0.173093  0.041646 -0.101426]
 [-0.014853  0.275401  0.026453  0.743913 -0.541351 -0.026175 -0.275401 -0.015338]
 [-0.016503 -0.        0.015866  0.122248  0.122248  0.984426 -0.       -0.022164]
 [ 0.        0.040424  0.        0.196952 -0.196952  0.        0.959576  0.      ]
 [-0.005632  0.        0.001865  0.075098  0.075098  0.00361  -0.        0.99432 ]]
 Saved MO coefficients to FCIDUMP/FCIDUMP_meta-xylylene_gwh_mo_coeff.npy

************************************************
 Testing 'core' initial guess method
************************************************

  Initializing L-BFGS optimisation...
    > Num. MOs       =      8
    > Num. params    =     22
    > Max subspace   =     20
    > Max step size   =  0.500
    > Backtracking   =  0.100
    > Parallel tr.   = True
    > Pseudo-canon.  = True
    > Canon interval = 10
    > Hybrid prec.   = True
  ================================================================
           Energy / Eh     Step Len    Max(|G_i|)
  ================================================================
     0    29.4079708432                 7.90e+00
     1    25.3685182939    5.00e-01     3.06e+00    rescaled  
     2    24.2387371421    3.33e-01     8.91e-01              
     3    24.1553450256    8.84e-02     1.58e-01              
     4    24.1497681582    1.31e-02     1.27e-01              
     5    24.1438759609    3.73e-02     5.15e-02              
     6    24.1444495258    1.44e-02     1.55e-01              
     7    24.1436594998    8.84e-03     7.91e-02    overstep  
     8    24.1433962574    4.25e-03     7.77e-03              
     9    24.1433935557    3.55e-04     1.26e-03              
    10    24.1433934575    5.88e-05     1.75e-04              
    11    24.1433934552    1.20e-05     3.00e-05              
    12    24.1433934551    2.83e-06     1.64e-05              
    13    24.1433934550    6.76e-07     2.80e-06              
    14    24.1433934550    8.53e-08     5.97e-08              
  ================================================================
  L-BFGS converged in     14 iterations (  0.03 seconds)

  Initializing Davidson diagonalisation...
    > Max iterations =   1000
    > Target states  =      5
    > Convergence    =  1.000e-04
    > Basis per root =      4
    > Max basis size =     20
  Davidson diagonalisation converged in      8 iterations (  0.08 seconds)

   --------------------------
    Converged eigenvalues:   
   --------------------------
       0       -0.58495674   
       1        1.53512007   
       2        2.89935559   
       3        7.09093469   
       4        7.85947773   
   --------------------------

 ---------------------------------------------
         Total Energy =    24.14339346 Eh
              Nuclear =   111.92026574 Eh
         One Electron =  -174.83709609 Eh
              Coulomb =   111.92026578 Eh
        ROHF Exchange =   -24.86004198 Eh
 ---------------------------------------------
           <Sz> =  0.00
           <S2> =  0.00
  Spin Coupling = +-

 -----------------------------------------------------------------------------------------------
  Open-Shell Exchange Matrix <Ψ|Êpq Êqp|Ψ> - Np
 -----------------------------------------------------------------------------------------------
           1              2        
   1   0.00000000     1.00000000   
   2   1.00000000     0.00000000   

 -----------------------------------------------------------------------------------------------
  Open-Shell Exchange Integrals <pq|qp>
 -----------------------------------------------------------------------------------------------
           1              2        
   1   4.71112509     0.15469176   
   2   0.15469176     5.66459758   

 -----------------------------------------------------------------------------------------------
  Occupied Orbital Coefficients
 -----------------------------------------------------------------------------------------------
           1              2              3              4              5        
   1   0.99018752    -0.00000000     0.02477255     0.00000000     0.13606432   
   2  -0.00000000    -0.97171065    -0.00000000     0.23447416     0.00000000   
   3  -0.05211555    -0.00000000     0.97860125    -0.00000000     0.19777693   
   4   0.12756620     0.03505868     0.20016918     0.14106076    -0.93003332   
   5   0.01929061    -0.23183835     0.03026966    -0.93281595    -0.14063997   
   6  -0.00939045     0.00000000    -0.02048561    -0.00000000     0.19777694   
   7  -0.00000000     0.02828935     0.00000000     0.23447416     0.00000000   
   8  -0.00889935     0.00000000    -0.01795255     0.00000000     0.13606432   

 -----------------------------------------------------------------------------------------------
  Virtual Orbital Coefficients
 -----------------------------------------------------------------------------------------------
           6              7              8        
   1   0.01812181     0.00000000     0.00854940   
   2  -0.00000000     0.02828935     0.00000000   
   3   0.02066392     0.00000000     0.00899128   
   4  -0.20260619     0.03505868    -0.12365908   
   5  -0.03063818    -0.23183835    -0.01869977   
   6  -0.97740610     0.00000000     0.07108978   
   7  -0.00000000    -0.97171065     0.00000000   
   8  -0.04397669    -0.00000000    -0.98952062   

 -----------------------------------------------------------------------------------------------
  Generalised Fock Matrix (MO basis)
 -----------------------------------------------------------------------------------------------
           1              2              3              4              5        
   1  -4.22410299    -0.00000000     0.00000000    -0.00000000    -1.13415481   
   2  -0.00000000    -0.55923835     0.00000000     1.37634779     0.00000000   
   3   0.00000000     0.00000000     0.36964044     0.00000000    -1.06591881   
   4  -0.00000000     1.37634778     0.00000000     2.08689434     0.00000000   
   5  -1.13415480     0.00000000    -1.06591882    -0.00000000     1.61015808   
   6   0.00000002    -0.00000000     0.00000003    -0.00000000    -0.00000002   
   7  -0.00000000    -0.00000002    -0.00000000    -0.00000002     0.00000000   
   8   0.00000003    -0.00000000     0.00000002     0.00000000     0.00000001   

[[ 0.990188 -0.        0.024773  0.        0.136064  0.018122  0.        0.008549]
 [-0.       -0.971711 -0.        0.234474  0.       -0.        0.028289  0.      ]
 [-0.052116 -0.        0.978601 -0.        0.197777  0.020664  0.        0.008991]
 [ 0.127566  0.035059  0.200169  0.141061 -0.930033 -0.202606  0.035059 -0.123659]
 [ 0.019291 -0.231838  0.03027  -0.932816 -0.14064  -0.030638 -0.231838 -0.0187  ]
 [-0.00939   0.       -0.020486 -0.        0.197777 -0.977406  0.        0.07109 ]
 [-0.        0.028289  0.        0.234474  0.       -0.       -0.971711  0.      ]
 [-0.008899  0.       -0.017953  0.        0.136064 -0.043977 -0.       -0.989521]]
 Saved MO coefficients to FCIDUMP/FCIDUMP_meta-xylylene_core_mo_coeff.npy
