  FCIDUMP file : ./FCIDUMP/FCIDUMP_AO_meta-xylylene
  NORB         : 8
  NELEC        : 8  (nalpha=4, nbeta=4)
  Scalar pot.  :  111.9202657384
===============================================
 Testing CSF optimisation method
===============================================

************************************************
 Testing 'gwh' initial guess method
************************************************

  Initializing L-BFGS optimisation...
    > Num. MOs       =      8
    > Num. params    =     22
    > Max subspace   =     20
    > Max step size   =  0.500
    > Backtracking   =  0.100
    > Parallel tr.   = True
    > Pseudo-canon.  = True
    > Canon interval = 10
    > Hybrid prec.   = True
  ================================================================
           Energy / Eh     Step Len    Max(|G_i|)
  ================================================================
     0    49.9027144509                 8.21e+00
     1    38.6227378539    5.00e-01     6.69e+00    rescaled  
     2    35.8875286381    5.00e-01     9.84e+00    rescaled  
     3    28.5379843895    3.05e-01     4.42e+00              
     4    26.6656138425    5.00e-01     5.99e+00    rescaled  
     5    23.9419262738    1.54e-01     2.40e+00              
     6    23.5414616603    1.77e-01     1.74e+00              
     7    23.7718716711    1.97e-01     3.44e+00              
     8    23.4333758411    1.41e-01     2.14e+00    overstep  
     9    23.2644761037    1.08e-01     8.96e-01              
    10    23.1614644489    5.49e-02     1.34e-01              
    11    23.1604576558    6.20e-03     9.64e-02              
    12    23.1601771064    3.02e-03     2.57e-02              
    13    23.1601561376    1.05e-03     4.17e-03              
    14    23.1601551774    1.60e-04     3.34e-04              
    15    23.1601551665    1.49e-05     4.86e-05              
    16    23.1601551662    3.51e-06     4.03e-06              
    17    23.1601551662    2.08e-07     7.10e-07              
  ================================================================
  L-BFGS converged in     17 iterations (  0.01 seconds)

  Initializing Davidson diagonalisation...
    > Max iterations =   1000
    > Target states  =      5
    > Convergence    =  1.000e-04
    > Basis per root =      4
    > Max basis size =     20
  Davidson diagonalisation converged in      8 iterations (  0.02 seconds)

   --------------------------
    Converged eigenvalues:   
   --------------------------
       0        5.01963006   
       1        6.04042077   
       2        8.98390980   
       3        9.91075830   
       4        9.93131615   
   --------------------------

 ---------------------------------------------
         Total Energy =    23.16015517 Eh
              Nuclear =   111.92026574 Eh
         One Electron =  -174.96079827 Eh
              Coulomb =   111.92026594 Eh
        ROHF Exchange =   -25.71957824 Eh
 ---------------------------------------------
           <Sz> =  0.00
           <S2> =  0.00
  Spin Coupling = +-

 -----------------------------------------------------------------------------------------------
  Open-Shell Exchange Matrix <Ψ|Êpq Êqp|Ψ> - Np
 -----------------------------------------------------------------------------------------------
           1              2        
   1   0.00000000     1.00000000   
   2   1.00000000     0.00000000   

 -----------------------------------------------------------------------------------------------
  Open-Shell Exchange Integrals <pq|qp>
 -----------------------------------------------------------------------------------------------
           1              2        
   1   6.83896344     0.04409918   
   2   0.04409918     6.83896344   

 -----------------------------------------------------------------------------------------------
  Occupied Orbital Coefficients
 -----------------------------------------------------------------------------------------------
           1              2              3              4              5        
   1  -0.42155357    -0.00000000    -0.51102581     0.24727562     0.24727562   
   2  -0.36878644     0.00000000     0.60332125     0.00000006     0.00000006   
   3  -0.42661258     0.49999999    -0.26077139    -0.00000003    -0.00000000   
   4  -0.42661258    -0.49999999    -0.26077139    -0.00000000    -0.00000003   
   5  -0.37642131     0.45497174     0.32727318     0.24199662    -0.17273574   
   6  -0.37642131    -0.45497174     0.32727318    -0.17273574     0.24199662   
   7  -0.13947501     0.20736618    -0.11098918    -0.92212064    -0.01217720   
   8  -0.13947501    -0.20736618    -0.11098918    -0.01217720    -0.92212064   

 -----------------------------------------------------------------------------------------------
  Virtual Orbital Coefficients
 -----------------------------------------------------------------------------------------------
           6              7              8        
   1   0.50318134     0.00000000    -0.43088663   
   2   0.61000591    -0.00000000     0.35762105   
   3  -0.25287628    -0.50000001     0.43133929   
   4  -0.25287628     0.50000001     0.43133929   
   5  -0.33414502     0.45497170    -0.37033476   
   6  -0.33414502    -0.45497170    -0.37033476   
   7   0.10840370     0.20736619    -0.14149392   
   8   0.10840370    -0.20736619    -0.14149392   

 -----------------------------------------------------------------------------------------------
  Generalised Fock Matrix (MO basis)
 -----------------------------------------------------------------------------------------------
           1              2              3              4              5        
   1  -4.47130302    -0.00000000    -0.00000000    -0.56893556    -0.56893556   
   2  -0.00000000    -0.22250495    -0.00000000     1.12719959    -1.12719959   
   3  -0.00000000    -0.00000000     0.42021275    -0.62894496    -0.62894496   
   4  -0.56893569     1.12719979    -0.62894508     0.85708618     0.07533375   
   5  -0.56893569    -1.12719979    -0.62894508     0.07533375     0.85708618   
   6   0.00000011     0.00000000    -0.00000033     0.00000033     0.00000033   
   7   0.00000000     0.00000018    -0.00000000    -0.00000009     0.00000009   
   8  -0.00000036     0.00000000    -0.00000031     0.00000019     0.00000019   

[[-0.421554 -0.       -0.511026  0.247276  0.247276  0.503181  0.       -0.430887]
 [-0.368786  0.        0.603321  0.        0.        0.610006 -0.        0.357621]
 [-0.426613  0.5      -0.260771 -0.       -0.       -0.252876 -0.5       0.431339]
 [-0.426613 -0.5      -0.260771 -0.       -0.       -0.252876  0.5       0.431339]
 [-0.376421  0.454972  0.327273  0.241997 -0.172736 -0.334145  0.454972 -0.370335]
 [-0.376421 -0.454972  0.327273 -0.172736  0.241997 -0.334145 -0.454972 -0.370335]
 [-0.139475  0.207366 -0.110989 -0.922121 -0.012177  0.108404  0.207366 -0.141494]
 [-0.139475 -0.207366 -0.110989 -0.012177 -0.922121  0.108404 -0.207366 -0.141494]]
 Saved MO coefficients to ./FCIDUMP/FCIDUMP_AO_meta-xylylene_gwh_mo_coeff.npy

************************************************
 Testing 'core' initial guess method
************************************************

  Initializing L-BFGS optimisation...
    > Num. MOs       =      8
    > Num. params    =     22
    > Max subspace   =     20
    > Max step size   =  0.500
    > Backtracking   =  0.100
    > Parallel tr.   = True
    > Pseudo-canon.  = True
    > Canon interval = 10
    > Hybrid prec.   = True
  ================================================================
           Energy / Eh     Step Len    Max(|G_i|)
  ================================================================
     0    29.4079708432                 7.90e+00
     1    25.3685182939    5.00e-01     3.06e+00    rescaled  
     2    24.2387371421    3.33e-01     8.91e-01              
     3    24.1553450256    8.84e-02     1.58e-01              
     4    24.1497681582    1.31e-02     1.27e-01              
     5    24.1438759609    3.73e-02     5.15e-02              
     6    24.1444495258    1.44e-02     1.55e-01              
     7    24.1436594998    8.84e-03     7.91e-02    overstep  
     8    24.1433962574    4.25e-03     7.77e-03              
     9    24.1433935557    3.55e-04     1.26e-03              
    10    24.1433934575    5.88e-05     1.75e-04              
    11    24.1433934552    1.20e-05     3.00e-05              
    12    24.1433934551    2.83e-06     1.64e-05              
    13    24.1433934550    6.76e-07     2.80e-06              
    14    24.1433934550    8.53e-08     5.97e-08              
  ================================================================
  L-BFGS converged in     14 iterations (  0.01 seconds)

  Initializing Davidson diagonalisation...
    > Max iterations =   1000
    > Target states  =      5
    > Convergence    =  1.000e-04
    > Basis per root =      4
    > Max basis size =     20
  Davidson diagonalisation converged in      7 iterations (  0.02 seconds)

   --------------------------
    Converged eigenvalues:   
   --------------------------
       0       -0.58495674   
       1        1.53512007   
       2        2.89935559   
       3        7.09093469   
       4        7.85947773   
   --------------------------

 ---------------------------------------------
         Total Energy =    24.14339346 Eh
              Nuclear =   111.92026574 Eh
         One Electron =  -174.83709609 Eh
              Coulomb =   111.92026578 Eh
        ROHF Exchange =   -24.86004198 Eh
 ---------------------------------------------
           <Sz> =  0.00
           <S2> =  0.00
  Spin Coupling = +-

 -----------------------------------------------------------------------------------------------
  Open-Shell Exchange Matrix <Ψ|Êpq Êqp|Ψ> - Np
 -----------------------------------------------------------------------------------------------
           1              2        
   1   0.00000000     1.00000000   
   2   1.00000000     0.00000000   

 -----------------------------------------------------------------------------------------------
  Open-Shell Exchange Integrals <pq|qp>
 -----------------------------------------------------------------------------------------------
           1              2        
   1   4.71112509     0.15469176   
   2   0.15469176     5.66459758   

 -----------------------------------------------------------------------------------------------
  Occupied Orbital Coefficients
 -----------------------------------------------------------------------------------------------
           1              2              3              4              5        
   1   0.27990609    -0.00000000     0.27436686    -0.00000000     0.83231653   
   2   0.38016002    -0.00000000    -0.59622006    -0.00000000     0.00000000   
   3   0.42159125     0.50000000     0.26881373     0.00000000    -0.00000000   
   4   0.42159125    -0.50000000     0.26881373    -0.00000000    -0.00000000   
   5   0.37413064     0.19483666    -0.33085461    -0.65121222    -0.03351106   
   6   0.37413064    -0.19483666    -0.33085461     0.65121222    -0.03351106   
   7   0.26618143     0.46047657     0.32077506     0.27554065    -0.39051454   
   8   0.26618143    -0.46047657     0.32077506    -0.27554065    -0.39051454   

 -----------------------------------------------------------------------------------------------
  Virtual Orbital Coefficients
 -----------------------------------------------------------------------------------------------
           6              7              8        
   1   0.27974517     0.00000000    -0.27453094   
   2   0.58873307     0.00000000     0.39165465   
   3  -0.27694166     0.50000000     0.41629715   
   4  -0.27694166    -0.50000000     0.41629715   
   5  -0.32353453    -0.19483666    -0.38047853   
   6  -0.32353453     0.19483666    -0.38047853   
   7   0.32587840    -0.46047658    -0.25990858   
   8   0.32587840     0.46047658    -0.25990858   

 -----------------------------------------------------------------------------------------------
  Generalised Fock Matrix (MO basis)
 -----------------------------------------------------------------------------------------------
           1              2              3              4              5        
   1  -4.22410299     0.00000000     0.00000000     0.00000000    -1.13415481   
   2   0.00000000    -0.55923835     0.00000000     1.37634779    -0.00000000   
   3  -0.00000000     0.00000000     0.36964044    -0.00000000    -1.06591881   
   4   0.00000000     1.37634778    -0.00000000     2.08689434     0.00000000   
   5  -1.13415480    -0.00000000    -1.06591882     0.00000000     1.61015808   
   6  -0.00000002     0.00000000    -0.00000003    -0.00000000     0.00000002   
   7  -0.00000000     0.00000002    -0.00000000     0.00000002     0.00000000   
   8   0.00000003    -0.00000000     0.00000002    -0.00000000     0.00000001   

[[ 0.279906 -0.        0.274367 -0.        0.832317  0.279745  0.       -0.274531]
 [ 0.38016  -0.       -0.59622  -0.        0.        0.588733  0.        0.391655]
 [ 0.421591  0.5       0.268814  0.       -0.       -0.276942  0.5       0.416297]
 [ 0.421591 -0.5       0.268814 -0.       -0.       -0.276942 -0.5       0.416297]
 [ 0.374131  0.194837 -0.330855 -0.651212 -0.033511 -0.323535 -0.194837 -0.380479]
 [ 0.374131 -0.194837 -0.330855  0.651212 -0.033511 -0.323535  0.194837 -0.380479]
 [ 0.266181  0.460477  0.320775  0.275541 -0.390515  0.325878 -0.460477 -0.259909]
 [ 0.266181 -0.460477  0.320775 -0.275541 -0.390515  0.325878  0.460477 -0.259909]]
 Saved MO coefficients to ./FCIDUMP/FCIDUMP_AO_meta-xylylene_core_mo_coeff.npy
