  FCIDUMP file : FCIDUMP/FCIDUMP_Trimethylenemethane
  NORB         : 4
  NELEC        : 4  (nalpha=2, nbeta=2)
  Scalar pot.  :  36.4116001362
===============================================
 Testing CSF optimisation method
===============================================

************************************************
 Testing 'gwh' initial guess method
************************************************

  Initializing L-BFGS optimisation...
    > Num. MOs       =      4
    > Num. params    =      6
    > Max subspace   =     20
    > Max step size   =  0.500
    > Backtracking   =  0.100
    > Parallel tr.   = True
    > Pseudo-canon.  = True
    > Canon interval = 10
    > Hybrid prec.   = True
  ================================================================
           Energy / Eh     Step Len    Max(|G_i|)
  ================================================================
     0    15.0420019313                 2.84e+00
     1    13.7608592549    1.85e-01     8.07e-01              
     2    13.6728259457    7.32e-02     2.29e-01              
     3    13.6673766624    1.62e-02     7.42e-02              
     4    13.6671145842    2.02e-03     5.55e-02              
     5    13.6666256538    1.40e-02     1.06e-01              
     6    13.6666852030    5.93e-03     1.32e-01              
     7    13.6665808084    5.14e-03     1.00e-01    overstep  
     8    13.6664205191    4.02e-03     8.03e-04              
     9    13.6664204383    1.03e-04     9.98e-05              
    10    13.6664204371    1.19e-05     5.29e-06              
    11    13.6664204371    1.12e-06     7.53e-08              
  ================================================================
  L-BFGS converged in     11 iterations (  0.01 seconds)

  Initializing Davidson diagonalisation...
    > Max iterations =   1000
    > Target states  =      5
    > Convergence    =  1.000e-04
    > Basis per root =      4
    > Max basis size =     20
  Davidson diagonalisation converged in      1 iterations (  0.00 seconds)

   --------------------------
    Converged eigenvalues:   
   --------------------------
       0        2.51116624   
       1       11.28948580   
       2       13.39655883   
       3       13.43245670   
       4       38.97828640   
   --------------------------

 ---------------------------------------------
         Total Energy =    13.66642044 Eh
              Nuclear =    36.41160014 Eh
         One Electron =   -45.35111366 Eh
              Coulomb =    36.41160014 Eh
        ROHF Exchange =   -13.80566618 Eh
 ---------------------------------------------
           <Sz> =  0.00
           <S2> =  0.00
  Spin Coupling = +-

 -----------------------------------------------------------------------------------------------
  Open-Shell Exchange Matrix <Ψ|Êpq Êqp|Ψ> - Np
 -----------------------------------------------------------------------------------------------
           1              2        
   1   0.00000000     1.00000000   
   2   1.00000000     0.00000000   

 -----------------------------------------------------------------------------------------------
  Open-Shell Exchange Integrals <pq|qp>
 -----------------------------------------------------------------------------------------------
           1              2        
   1   7.27212378     0.10300544   
   2   0.10300544     7.27212393   

 -----------------------------------------------------------------------------------------------
  Occupied Orbital Coefficients
 -----------------------------------------------------------------------------------------------
           1              2              3        
   1   0.94628485    -0.22545472    -0.22545473   
   2   0.22093459     0.94716472    -0.07249007   
   3   0.22988599    -0.03491906     0.94503202   
   4  -0.05371515    -0.22545472    -0.22545473   

 -----------------------------------------------------------------------------------------------
  Virtual Orbital Coefficients
 -----------------------------------------------------------------------------------------------
           4        
   1  -0.05371515   
   2   0.22093459   
   3   0.22988599   
   4   0.94628485   

 -----------------------------------------------------------------------------------------------
  Generalised Fock Matrix (MO basis)
 -----------------------------------------------------------------------------------------------
           1              2              3        
   1  -1.59697667     1.56890770     1.56890777   
   2   1.56890771     0.72886550    -0.20992459   
   3   1.56890779    -0.20992455     0.72886542   
   4  -0.00000000    -0.00000001    -0.00000002   

[[ 0.946285 -0.225455 -0.225455 -0.053715]
 [ 0.220935  0.947165 -0.07249   0.220935]
 [ 0.229886 -0.034919  0.945032  0.229886]
 [-0.053715 -0.225455 -0.225455  0.946285]]
 Saved MO coefficients to FCIDUMP/FCIDUMP_Trimethylenemethane_gwh_mo_coeff.npy

************************************************
 Testing 'core' initial guess method
************************************************

  Initializing L-BFGS optimisation...
    > Num. MOs       =      4
    > Num. params    =      6
    > Max subspace   =     20
    > Max step size   =  0.500
    > Backtracking   =  0.100
    > Parallel tr.   = True
    > Pseudo-canon.  = True
    > Canon interval = 10
    > Hybrid prec.   = True
  ================================================================
           Energy / Eh     Step Len    Max(|G_i|)
  ================================================================
     0    15.4812919777                 5.71e+00
     1    13.8001194458    2.73e-01     6.99e-01              
     2    13.7805942714    6.26e-02     4.36e-01              
     3    13.7728604984    2.50e-02     2.11e-02              
     4    13.7728448953    1.04e-03     5.83e-03              
     5    13.7728427213    4.63e-04     1.05e-03              
     6    13.7728426777    7.61e-05     1.14e-04              
     7    13.7728426759    8.50e-06     1.38e-04              
     8    13.7728426511    8.50e-05     4.16e-04    understep 
     9    13.7728417329    7.74e-04     4.09e-03    understep 
    10    13.7727764257    6.97e-03     3.71e-02    understep 
    11    13.7673183356    6.27e-02     3.35e-01    understep 
    12    14.3331251103    5.00e-01     2.54e+00    understep 
    13    13.7575613484    1.06e-01     5.68e-01    overstep  
    14    14.1448255828    4.61e-01     2.36e+00    understep 
    15    13.7479330808    1.42e-01     7.57e-01    overstep  
    16    14.0227251229    4.29e-01     2.22e+00    understep 
    17    13.7406729689    1.71e-01     9.10e-01    overstep  
    18    13.9425674786    4.03e-01     2.10e+00    understep 
    19    13.7728426675    4.03e-01     2.09e-04              
    20    13.7728426345    7.34e-05     3.84e-04              
    21    13.7728415461    7.34e-04     2.41e-03    understep 
    22    13.7727672409    6.68e-03     2.06e-02    understep 
    23    13.7667798037    6.02e-02     1.78e-01    understep 
    24    14.0163775196    5.00e-01     2.04e+00    understep 
    25    13.7552121797    1.04e-01     2.85e-01    overstep  
    26    13.9023179252    4.60e-01     1.68e+00    understep 
    27    13.7427269607    1.40e-01     3.46e-01    overstep  
    28    13.8318495453    4.28e-01     1.40e+00    understep 
    29    13.7317442862    1.69e-01     3.86e-01    overstep  
    30    13.7879338237    4.02e-01     1.19e+00    understep 
    31    13.7230928861    1.92e-01     4.08e-01    overstep  
  Step has positive overlap with gradient - reversing direction
    32    13.7638647810    1.92e-01     1.05e+00    reset L-BFGS
    33    13.6733441249    6.09e-02     3.22e-01              
    34    13.6666097636    2.73e-02     8.56e-02              
    35    13.6664594452    2.61e-03     2.42e-02              
    36    13.6664461856    5.32e-04     1.11e-02              
    37    13.6664374669    5.27e-04     8.76e-03              
    38    13.6664241462    1.12e-03     1.09e-02              
    39    13.6664206144    6.94e-04     1.70e-03              
    40    13.6664204599    1.18e-04     9.13e-04              
    41    13.6664204373    3.04e-05     6.18e-05              
    42    13.6664204371    4.39e-06     7.81e-06              
    43    13.6664204371    3.32e-07     5.93e-07              
  ================================================================
  L-BFGS converged in     43 iterations (  0.02 seconds)

  Initializing Davidson diagonalisation...
    > Max iterations =   1000
    > Target states  =      5
    > Convergence    =  1.000e-04
    > Basis per root =      4
    > Max basis size =     20
  Davidson diagonalisation converged in      1 iterations (  0.00 seconds)

   --------------------------
    Converged eigenvalues:   
   --------------------------
       0        2.51116616   
       1       11.28948580   
       2       13.39655884   
       3       13.43245671   
       4       38.97828633   
   --------------------------

 ---------------------------------------------
         Total Energy =    13.66642044 Eh
              Nuclear =    36.41160014 Eh
         One Electron =   -45.35111373 Eh
              Coulomb =    36.41160020 Eh
        ROHF Exchange =   -13.80566617 Eh
 ---------------------------------------------
           <Sz> =  0.00
           <S2> =  0.00
  Spin Coupling = +-

 -----------------------------------------------------------------------------------------------
  Open-Shell Exchange Matrix <Ψ|Êpq Êqp|Ψ> - Np
 -----------------------------------------------------------------------------------------------
           1              2        
   1   0.00000000     1.00000000   
   2   1.00000000     0.00000000   

 -----------------------------------------------------------------------------------------------
  Open-Shell Exchange Integrals <pq|qp>
 -----------------------------------------------------------------------------------------------
           1              2        
   1   7.27212401     0.10300544   
   2   0.10300544     7.27212368   

 -----------------------------------------------------------------------------------------------
  Occupied Orbital Coefficients
 -----------------------------------------------------------------------------------------------
           1              2              3        
   1  -0.94628485     0.22545473     0.22545472   
   2  -0.22093462    -0.94716471     0.07249003   
   3  -0.22988597     0.03491910    -0.94503203   
   4   0.05371516     0.22545473     0.22545471   

 -----------------------------------------------------------------------------------------------
  Virtual Orbital Coefficients
 -----------------------------------------------------------------------------------------------
           4        
   1  -0.05371513   
   2   0.22093462   
   3   0.22988596   
   4   0.94628485   

 -----------------------------------------------------------------------------------------------
  Generalised Fock Matrix (MO basis)
 -----------------------------------------------------------------------------------------------
           1              2              3        
   1  -1.59697663     1.56890781     1.56890765   
   2   1.56890781     0.72886541    -0.20992448   
   3   1.56890771    -0.20992468     0.72886555   
   4   0.00000030    -0.00000001    -0.00000002   

[[-0.946285  0.225455  0.225455 -0.053715]
 [-0.220935 -0.947165  0.07249   0.220935]
 [-0.229886  0.034919 -0.945032  0.229886]
 [ 0.053715  0.225455  0.225455  0.946285]]
 Saved MO coefficients to FCIDUMP/FCIDUMP_Trimethylenemethane_core_mo_coeff.npy
