                    ---------------------------------
                    | Radical ExROPPP Calculation |
                    ---------------------------------

Molecule: TTM-TTM.xyz radical

--------------------------------
Cartesian Coordinates / Angstrom
--------------------------------

Cl     3.226342    4.836818    8.822853
Cl    -2.316802    3.213689   10.327581
Cl     0.214796    3.868560   13.343015
Cl     2.854082    1.515001   11.131350
Cl     0.859255    1.803458    7.779254
Cl    -0.269396    6.549263   10.324078
Cl    -1.299835   -1.753186   12.118338
Cl    -1.266695    5.936478    5.076322
C      1.726724    4.360119   11.088462
C      0.275673    4.189354    9.017266
C      0.757776    3.629035   10.285690
C      0.254236    2.326256   10.737688
C      3.791573    5.697573   11.287305
H      4.642975    6.129840   10.766353
C      2.528786    5.200127   13.266232
H      2.338156    5.269395   14.334874
C      2.867397    4.996795   10.526683
C     -1.126753    2.009005   10.751896
C      3.648825    5.821433   12.682244
C      1.122711    1.296335   11.179303
C      1.610236    4.499190   12.498848
C     -1.613061    0.771654   11.167600
H     -2.685076    0.580014   11.177081
C      0.229742    3.431117    7.821041
C     -0.708931   -0.201989   11.592915
C     -0.186558    5.525561    8.912311
C      0.662993    0.051905   11.603065
H      1.369711   -0.714069   11.919006
C     -0.238674    3.949456    6.615987
H     -0.239322    3.332868    5.718303
C     -0.656822    6.069647    7.719650
H     -1.016943    7.097025    7.691277
C     -0.680120    5.272216    6.574982
Cl     5.052014    7.552169   17.355036
Cl    10.594584    9.176659   15.849621
Cl     8.062501    8.522162   12.834545
Cl     5.423226   10.874653   15.047446
Cl     7.418798   10.585589   18.399026
Cl     8.547754    5.840708   15.852613
Cl     9.576349   14.143892   14.060587
Cl     9.545960    6.452144   21.100352
C      6.551100    8.029727   15.089260
C      8.002536    8.200148   17.160211
C      7.520087    8.760749   15.892046
C      8.023300   10.063755   15.440329
C      4.486446    6.691969   14.890466
H      3.635239    6.259383   15.411473
C      5.748783    7.190126   12.911430
H      5.939205    7.121192   11.842729
C      5.410645    7.392714   15.651092
C      9.404229   10.381257   15.425928
C      4.628965    6.568472   13.495471
C      7.154548   11.093650   14.999203
C      6.667346    7.891042   13.678816
C      9.890227   11.618822   15.010496
H     10.962206   11.810659   15.000851
C      8.048574    8.958048   18.356645
C      8.985832   12.592431   14.585665
C      8.465012    6.863987   17.264690
C      7.613954   12.338291   14.575721
H      6.907032   13.104233   14.260158
C      8.517313    8.439439   19.561459
H      8.518031    9.055767   20.459321
C      8.935601    6.319639   18.457101
H      9.295900    5.292312   18.485109
C      8.958987    7.116742   19.601995

There are 54 heavy atoms.
There are 70 electrons in 54 orbitals.


Carbon 1e params: A = -22.717075 b = 1.705616

Nitrogen 1e params: alphan2 = -17.681338 Acn2 = -24.737202 bcn2 = 1.433639

Chlorine 1e params: alphacl = -10.335674 Accl = -26.021937 bccl=1.451861
C-Cl bond
C-Cl bond
C-Cl bond
C-Cl bond
C-Cl bond
C-Cl bond
C-Cl bond
C-Cl bond
C-Cl bond
C-Cl bond
C-Cl bond
C-Cl bond
C-Cl bond
C-Cl bond
C-Cl bond
C-Cl bond
Cl atom 39
Cl atom 40
Cl atom 41
Cl atom 42
Cl atom 43
Cl atom 44
Cl atom 45
Cl atom 46
Cl atom 47
Cl atom 48
Cl atom 49
Cl atom 50
Cl atom 51
Cl atom 52
Cl atom 53
Cl atom 54

Carbon 2e params: U = 8.420838 r0 = 1.173157

Nitrogen 2e params: Un2n2 = 17.979843 r0n2n2 = 1.111791

Chlorine 2e params: Uclcl= 9.642991 r0clcl = 2.253316

Mixed 2e params: Ucn2 = 13.200341 Uccl = 9.031915 Un2cl = 13.811417 r0cn2 =1.142474 r0ccl = 1.713237 r0n2cl = 1.682554
[8.42083845 2.66435287 3.75852019 2.66388532 2.71300328 2.71305219
 3.8066912  2.02199571 2.42949593 2.29891259 3.80668501 1.62590931
 2.02217995 1.55103269 2.29936825 1.75143794 1.62599232 1.75159004
 1.55111229 1.17106641 0.92219624 0.9987703  0.92165841 1.5392489
 1.53924236 1.27059197 0.83361251 1.7823155  0.92629529 1.27057219
 0.77301472 0.83387145 0.77832883 0.92756044 0.84553337 0.77345619
 0.84680051 0.7791585  3.46039131 2.5856649  3.46018296 3.24135539
 2.58584035 3.24205917 1.79676869 1.79679756 1.63011145 1.20217672
 1.63014687 1.51922073 1.20178396 1.52241018 1.05955785 1.06073449]
FCIDUMP file in AO basis written to FCIDUMP/FCIDUMP_AO_TTM-TTM


-------------------------------------
Restricted Open-shell PPP Calculation
-------------------------------------

Starting SCF cycle...

Iter   Energy        Dens Change      Energy Change
-----------------------------------------------------
0 -245.5908013851659 0.12328836818218819 -245.5908013851659
1 -257.7136352852589 0.041824878304677404 -12.122833900092985
2 -263.1330852799849 0.013598613046053143 -5.419449994726051
3 -265.00228512472665 0.004391618209590997 -1.869199844741729
4 -265.60924705260504 0.0014214487465375458 -0.6069619278783875
5 -265.80294970191164 0.00046288912588282605 -0.19370264930660142
6 -265.86566755523256 0.00015147886683236633 -0.06271785332091895
7 -265.88589554355895 4.98573062339136e-05 -0.02022798832638273
8 -265.89252122600146 1.648039149226843e-05 -0.006625682442518155
9 -265.8946841808993 7.633715410348962e-06 -0.0021629548978125968
10 -265.8953986319672 3.8877468867548615e-06 -0.0007144510679495397
11 -265.8956338792233 1.935097752259196e-06 -0.0002352472560573915
12 -265.89571202371303 9.498812998942618e-07 -7.81444897484107e-05
13 -265.8957379147047 4.614412718040306e-07 -2.5890991651067452e-05
14 -265.89574655136494 2.2265705534874058e-07 -8.636660254524031e-06
15 -265.89574942735175 1.0689536694696855e-07 -2.875986808703601e-06
16 -265.8957503904288 5.114497653169181e-08 -9.630770705371106e-07
17 -265.8957507127401 2.4408644605511398e-08 -3.223112798877992e-07
18 -265.8957508211794 1.1628561391585635e-08 -1.0843928066606168e-07
19 -265.8957508577 5.532843738720317e-09 -3.652064606285421e-08
20 -265.89575087007483 2.630148598914417e-09 -1.2374812285997905e-08
21 -265.89575087428193 1.249471859310347e-09 -4.207095116726123e-09
22 -265.8957508757255 5.932982438672241e-10 -1.4435954653890803e-09
23 -265.89575087622245 2.8162816523291667e-10 -4.969251676811837e-10
24 -265.89575087639685 1.3365325512992854e-10 -1.74395609064959e-10
25 -265.8957508764577 6.341838165724312e-11 -6.087930159992538e-11
26 -265.8957508764805 3.008882032418114e-11 -2.2794210963184014e-11
27 -265.89575087648984 1.4275247650630263e-11 -9.322320693172514e-12
28 -265.89575087649223 6.772415961364686e-12 -2.3874235921539366e-12
29 -265.89575087649325 3.2130964555676655e-12 -1.0231815394945443e-12
30 -265.89575087649325 1.5237811012980274e-12 0.0
31 -265.89575087649393 7.234768339969833e-13 -6.821210263296962e-13
32 -265.8957508764933 3.427258477017858e-13 6.252776074688882e-13
33 -265.8957508764946 1.6314727346866675e-13 -1.3073986337985843e-12
34 -265.89575087649456 7.693845560652335e-14 5.684341886080802e-14
35 -265.8957508764944 3.647082635893639e-14 1.7053025658242404e-13
36 -265.89575087649314 1.7930101847696278e-14 1.2505552149377763e-12
37 -265.89575087649416 9.103828801926284e-15 -1.0231815394945443e-12
38 -265.8957508764951 4.163336342344337e-15 -9.094947017729282e-13

--------------------------
Converged ROPPP Orbitals
--------------------------

orbital number 1 energy -8.009896971660467
[0.1  0.14 0.09 0.14 0.07 0.07 0.11 0.17 0.08 0.17 0.11 0.12 0.17 0.16
 0.17 0.13 0.12 0.13 0.16 0.1  0.14 0.09 0.14 0.07 0.07 0.11 0.17 0.08
 0.17 0.11 0.12 0.17 0.16 0.17 0.13 0.12 0.13 0.16 0.1  0.16 0.1  0.16
 0.16 0.16 0.16 0.16 0.1  0.16 0.1  0.16 0.16 0.16 0.16 0.16]
orbital number 2 energy -7.999794188578152
[-0.06 -0.15 -0.08 -0.15 -0.03 -0.03 -0.05 -0.18 -0.02 -0.18 -0.05 -0.13
 -0.18 -0.17 -0.18 -0.13 -0.13 -0.13 -0.17  0.06  0.15  0.08  0.15  0.03
  0.03  0.05  0.18  0.02  0.18  0.05  0.13  0.18  0.17  0.18  0.13  0.13
  0.13  0.17 -0.05 -0.17 -0.05 -0.17 -0.17 -0.17 -0.17 -0.17  0.05  0.17
  0.05  0.17  0.17  0.17  0.17  0.17]
orbital number 3 energy -7.938155800894636
[ 0.    0.13  0.   -0.13  0.   -0.    0.   -0.17  0.   -0.18 -0.   -0.14
  0.17 -0.19  0.18 -0.14  0.14  0.14  0.19  0.    0.13  0.   -0.13  0.
 -0.    0.   -0.18  0.   -0.18 -0.   -0.14  0.18 -0.19  0.18 -0.14  0.14
  0.14  0.19  0.   -0.17 -0.   -0.17  0.17  0.17 -0.19  0.19  0.   -0.17
 -0.   -0.18  0.17  0.18 -0.19  0.19]
orbital number 4 energy -7.938149492728117
[ 0.    0.13  0.   -0.13  0.   -0.    0.   -0.18  0.   -0.18 -0.   -0.14
  0.18 -0.19  0.18 -0.14  0.14  0.14  0.19 -0.   -0.13 -0.    0.13 -0.
  0.   -0.    0.17 -0.    0.18  0.    0.14 -0.17  0.19 -0.18  0.14 -0.14
 -0.14 -0.19  0.   -0.17 -0.   -0.18  0.17  0.18 -0.19  0.19 -0.    0.17
  0.    0.17 -0.17 -0.17  0.19 -0.19]
orbital number 5 energy -7.8770617303531125
[ 0.2  -0.04  0.03 -0.04  0.18  0.18  0.26 -0.07  0.21 -0.07  0.26 -0.06
 -0.07 -0.08 -0.07 -0.06 -0.06 -0.06 -0.08  0.2  -0.04  0.03 -0.04  0.18
  0.18  0.26 -0.07  0.21 -0.07  0.26 -0.06 -0.07 -0.08 -0.07 -0.06 -0.06
 -0.06 -0.08  0.26 -0.07  0.26 -0.07 -0.07 -0.07 -0.08 -0.08  0.26 -0.07
  0.26 -0.07 -0.07 -0.07 -0.08 -0.08]
orbital number 6 energy -7.717451341181154
[-0.23  0.01 -0.06  0.01 -0.15 -0.15 -0.29  0.03 -0.09  0.03 -0.29  0.03
  0.03  0.05  0.03  0.03  0.03  0.03  0.05  0.23 -0.01  0.06 -0.01  0.15
  0.15  0.29 -0.03  0.09 -0.03  0.29 -0.03 -0.03 -0.05 -0.03 -0.03 -0.03
 -0.03 -0.05 -0.32  0.03 -0.32  0.03  0.03  0.03  0.05  0.05  0.32 -0.03
  0.32 -0.03 -0.03 -0.03 -0.05 -0.05]
orbital number 7 energy -7.050681083123805
[ 0.01  0.1   0.05  0.1  -0.01 -0.01 -0.01  0.09 -0.02  0.11 -0.01 -0.05
  0.1  -0.2   0.1  -0.04 -0.05 -0.04 -0.2   0.01  0.1   0.05  0.1  -0.01
 -0.01 -0.01  0.09 -0.02  0.1  -0.01 -0.05  0.1  -0.2   0.1  -0.04 -0.05
 -0.04 -0.2  -0.02  0.16 -0.02  0.18  0.16  0.17 -0.35 -0.35 -0.02  0.16
 -0.02  0.18  0.16  0.17 -0.34 -0.34]
orbital number 8 energy -7.04976384423504
[-0.   -0.1  -0.05 -0.1   0.01  0.01  0.02 -0.09  0.01 -0.11  0.02  0.05
 -0.1   0.2  -0.1   0.04  0.05  0.04  0.2   0.    0.1   0.05  0.1  -0.01
 -0.01 -0.02  0.09 -0.01  0.11 -0.02 -0.05  0.1  -0.2   0.1  -0.04 -0.05
 -0.04 -0.2   0.03 -0.16  0.03 -0.18 -0.16 -0.17  0.34  0.34 -0.03  0.16
 -0.03  0.18  0.16  0.17 -0.35 -0.35]
orbital number 9 energy -7.028054549024629
[-0.    0.02  0.   -0.02  0.09 -0.09  0.2   0.07 -0.   -0.13 -0.2   0.05
 -0.04  0.05  0.1  -0.03 -0.04  0.02 -0.05  0.    0.02  0.   -0.02  0.09
 -0.09  0.2   0.07 -0.   -0.13 -0.2   0.05 -0.04  0.05  0.1  -0.03 -0.04
  0.02 -0.05  0.35  0.13 -0.35 -0.22 -0.08  0.17  0.09 -0.09  0.35  0.13
 -0.35 -0.22 -0.08  0.17  0.09 -0.09]
orbital number 10 energy -7.027148796940846
[-0.    0.03  0.   -0.03  0.06 -0.06  0.14  0.15  0.   -0.22 -0.14  0.09
 -0.01  0.06  0.08 -0.07 -0.03  0.01 -0.07  0.   -0.03 -0.    0.03 -0.06
  0.06 -0.14 -0.15 -0.    0.21  0.14 -0.09  0.01 -0.06 -0.08  0.07  0.03
 -0.01  0.07  0.23  0.26 -0.23 -0.37 -0.01  0.13  0.1  -0.12 -0.23 -0.26
  0.23  0.37  0.01 -0.14 -0.1   0.12]
orbital number 11 energy -7.0267975225381
[-0.    0.01  0.    0.   -0.01  0.01 -0.03  0.17  0.   -0.17  0.02  0.07
  0.16  0.   -0.15 -0.07  0.07 -0.07 -0.01 -0.    0.01  0.    0.   -0.01
  0.01 -0.03  0.18  0.   -0.18  0.03  0.08  0.19 -0.   -0.18 -0.08  0.08
 -0.08 -0.01 -0.04  0.29  0.04 -0.29  0.28 -0.26  0.   -0.02 -0.06  0.32
  0.06 -0.31  0.32 -0.3  -0.   -0.02]
orbital number 12 energy -7.02677470586665
[-0.   -0.01  0.    0.01 -0.03  0.03 -0.07  0.14  0.   -0.11  0.07  0.05
  0.21 -0.03 -0.22 -0.06  0.1  -0.09  0.02  0.    0.01 -0.   -0.01  0.03
 -0.03  0.07 -0.11 -0.    0.09 -0.07 -0.04 -0.19  0.03  0.2   0.05 -0.09
  0.08 -0.02 -0.12  0.23  0.12 -0.19  0.36 -0.39 -0.05  0.03  0.11 -0.2
 -0.11  0.15 -0.32  0.35  0.05 -0.03]
orbital number 13 energy -7.025288171974109
[-0.   -0.02 -0.    0.02  0.06 -0.06  0.14 -0.1   0.    0.15 -0.14 -0.06
  0.13 -0.05 -0.18  0.04  0.08 -0.06  0.05 -0.   -0.02 -0.    0.02  0.06
 -0.06  0.14 -0.1   0.    0.15 -0.14 -0.06  0.13 -0.05 -0.18  0.04  0.08
 -0.06  0.05  0.23 -0.16 -0.23  0.26  0.21 -0.31 -0.09  0.09  0.23 -0.16
 -0.23  0.26  0.21 -0.31 -0.09  0.09]
orbital number 14 energy -7.024441987152228
[-0.   -0.01 -0.    0.01  0.08 -0.08  0.19 -0.08  0.    0.12 -0.19 -0.05
  0.1  -0.03 -0.13  0.04  0.06 -0.04  0.03  0.    0.01  0.   -0.01 -0.08
  0.08 -0.19  0.09 -0.   -0.12  0.19  0.05 -0.1   0.03  0.13 -0.04 -0.06
  0.04 -0.03  0.33 -0.14 -0.33  0.2   0.17 -0.22 -0.05  0.05 -0.33  0.14
  0.33 -0.2  -0.17  0.22  0.05 -0.05]
orbital number 15 energy -7.020069935943804
[-0.    0.08 -0.   -0.08 -0.01  0.01 -0.02 -0.17  0.   -0.03  0.02  0.01
  0.16  0.19  0.04  0.07 -0.01 -0.06 -0.18 -0.    0.08 -0.   -0.08 -0.01
  0.01 -0.02 -0.16  0.   -0.03  0.02  0.    0.15  0.17  0.04  0.06 -0.01
 -0.06 -0.17 -0.03 -0.3   0.03 -0.06  0.28  0.07  0.33 -0.33 -0.03 -0.27
  0.03 -0.05  0.26  0.07  0.3  -0.3 ]
orbital number 16 energy -7.020062440759622
[-0.    0.08 -0.   -0.08 -0.01  0.01 -0.02 -0.16  0.   -0.03  0.02  0.01
  0.15  0.17  0.04  0.06 -0.01 -0.06 -0.17  0.   -0.08  0.    0.08  0.01
 -0.01  0.03  0.17 -0.    0.03 -0.03 -0.01 -0.16 -0.19 -0.04 -0.07  0.01
  0.06  0.18 -0.04 -0.27  0.04 -0.05  0.26  0.07  0.3  -0.3   0.04  0.29
 -0.04  0.06 -0.28 -0.07 -0.33  0.33]
orbital number 17 energy -6.092706506464731
[ 0.05  0.01  0.02  0.01 -0.24 -0.24  0.04 -0.   -0.46 -0.    0.04 -0.
 -0.   -0.   -0.   -0.   -0.   -0.   -0.    0.05  0.01  0.02  0.01 -0.24
 -0.24  0.04 -0.   -0.46 -0.    0.04 -0.   -0.   -0.   -0.   -0.   -0.
 -0.   -0.    0.29 -0.01  0.29 -0.01 -0.01 -0.01  0.    0.    0.29 -0.01
  0.29 -0.01 -0.01 -0.01  0.    0.  ]
orbital number 18 energy -5.134705922889342
[-0.22 -0.14 -0.22 -0.14 -0.16 -0.16 -0.08 -0.04 -0.14 -0.04 -0.08 -0.05
 -0.04 -0.02 -0.04 -0.05 -0.05 -0.05 -0.02  0.22  0.14  0.22  0.14  0.16
  0.16  0.08  0.04  0.14  0.04  0.08  0.05  0.04  0.02  0.04  0.05  0.05
  0.05  0.02  0.29  0.14  0.29  0.14  0.14  0.14  0.07  0.07 -0.29 -0.14
 -0.29 -0.14 -0.14 -0.14 -0.07 -0.07]
orbital number 19 energy -5.035839485412879
[ 0.17  0.21  0.26  0.21 -0.02 -0.02  0.03  0.07 -0.06  0.07  0.03  0.09
  0.07  0.04  0.07  0.09  0.09  0.09  0.04  0.17  0.21  0.26  0.21 -0.02
 -0.02  0.03  0.07 -0.06  0.07  0.03  0.09  0.07  0.04  0.07  0.09  0.09
  0.09  0.04 -0.11 -0.22 -0.11 -0.22 -0.22 -0.22 -0.13 -0.13 -0.11 -0.22
 -0.11 -0.22 -0.22 -0.22 -0.13 -0.13]
orbital number 20 energy -4.882951131294748
[-0.07  0.15  0.1   0.15 -0.2  -0.2  -0.07  0.07 -0.18  0.07 -0.07  0.11
  0.07  0.06  0.07  0.11  0.11  0.11  0.06  0.07 -0.15 -0.1  -0.15  0.2
  0.2   0.07 -0.07  0.18 -0.07  0.07 -0.11 -0.07 -0.06 -0.07 -0.11 -0.11
 -0.11 -0.06  0.19 -0.18  0.19 -0.18 -0.18 -0.18 -0.15 -0.15 -0.19  0.18
 -0.19  0.18  0.18  0.18  0.15  0.15]
orbital number 21 energy -4.767753038093645
[-0.   -0.16 -0.    0.16  0.   -0.    0.    0.1   0.    0.1  -0.    0.17
 -0.1   0.1  -0.1   0.17 -0.17 -0.17 -0.1  -0.   -0.15 -0.    0.15  0.
 -0.    0.    0.09  0.    0.09 -0.    0.16 -0.09  0.1  -0.09  0.16 -0.16
 -0.16 -0.1  -0.   -0.22  0.   -0.22  0.22  0.22 -0.23  0.23 -0.   -0.21
  0.   -0.21  0.21  0.21 -0.22  0.22]
orbital number 22 energy -4.7677262364612005
[-0.    0.15  0.   -0.15 -0.    0.   -0.   -0.09 -0.   -0.09  0.   -0.16
  0.09 -0.1   0.09 -0.16  0.16  0.16  0.1   0.   -0.16 -0.    0.16  0.
 -0.    0.    0.09  0.    0.1  -0.    0.17 -0.1   0.1  -0.1   0.17 -0.17
 -0.17 -0.1   0.    0.21 -0.    0.21 -0.21 -0.21  0.22 -0.22 -0.   -0.22
  0.   -0.22  0.22  0.22 -0.23  0.23]
orbital number 23 energy -4.407003316449728
[ 0.33  0.04  0.22  0.04 -0.02 -0.02  0.11 -0.04 -0.15 -0.04  0.11 -0.15
 -0.04 -0.11 -0.04 -0.15 -0.15 -0.15 -0.11  0.33  0.04  0.22  0.04 -0.02
 -0.02  0.11 -0.04 -0.15 -0.04  0.11 -0.15 -0.04 -0.11 -0.04 -0.15 -0.15
 -0.15 -0.11 -0.19  0.07 -0.19  0.07  0.07  0.07  0.19  0.19 -0.19  0.07
 -0.19  0.07  0.07  0.07  0.19  0.19]
orbital number 24 energy -4.1092864105191795
[-0.2  -0.15 -0.29 -0.15  0.17  0.17 -0.01  0.01  0.19  0.01 -0.01  0.16
  0.01  0.15  0.01  0.17  0.16  0.17  0.15  0.2   0.15  0.29  0.15 -0.17
 -0.17  0.01 -0.01 -0.19 -0.01  0.01 -0.16 -0.01 -0.15 -0.01 -0.17 -0.16
 -0.17 -0.15  0.01 -0.01  0.01 -0.01 -0.01 -0.01 -0.21 -0.21 -0.01  0.01
 -0.01  0.01  0.01  0.01  0.21  0.21]
orbital number 25 energy -3.522808239719031
[ 0.26 -0.24 -0.13 -0.24 -0.   -0.    0.14 -0.05 -0.15 -0.06  0.14  0.14
 -0.05  0.15 -0.06  0.12  0.14  0.12  0.15  0.26 -0.24 -0.13 -0.24 -0.
 -0.    0.14 -0.05 -0.15 -0.06  0.14  0.14 -0.05  0.15 -0.06  0.12  0.14
  0.12  0.15 -0.15  0.06 -0.15  0.06  0.06  0.06 -0.16 -0.16 -0.15  0.06
 -0.15  0.06  0.06  0.06 -0.16 -0.16]
orbital number 26 energy -3.3803513793514206
[ 0.    0.01 -0.   -0.01 -0.37  0.37 -0.24 -0.01 -0.   -0.    0.24  0.
  0.01  0.01  0.    0.01 -0.   -0.01 -0.01  0.    0.01 -0.   -0.01 -0.37
  0.37 -0.24 -0.01 -0.   -0.    0.24  0.    0.01  0.01  0.    0.01 -0.
 -0.01 -0.01  0.24  0.01 -0.24  0.   -0.01 -0.   -0.01  0.01  0.24  0.01
 -0.24  0.   -0.01 -0.   -0.01  0.01]
orbital number 27 energy -3.3546910746766754
[ 0.   -0.01 -0.    0.01  0.37 -0.37  0.24  0.01 -0.   -0.   -0.24  0.
 -0.01 -0.01  0.   -0.02 -0.    0.02  0.01 -0.    0.01  0.   -0.01 -0.37
  0.37 -0.24 -0.01  0.    0.    0.24 -0.    0.01  0.01 -0.    0.02  0.
 -0.02 -0.01 -0.24 -0.01  0.24  0.    0.01 -0.    0.01 -0.01  0.24  0.01
 -0.24 -0.   -0.01  0.   -0.01  0.01]
orbital number 28 energy -3.336319948076401
[-0.01  0.01 -0.    0.01  0.01  0.01 -0.   -0.18  0.01  0.18 -0.   -0.28
 -0.16 -0.    0.16  0.27 -0.25  0.24 -0.01  0.01 -0.01  0.   -0.01 -0.01
 -0.01  0.    0.18 -0.01 -0.18  0.    0.28  0.16  0.   -0.16 -0.27  0.25
 -0.24  0.01  0.    0.18  0.   -0.18  0.15 -0.16  0.    0.01 -0.   -0.17
 -0.    0.18 -0.15  0.16 -0.   -0.01]
orbital number 29 energy -3.335847642313048
[-0.01  0.    0.    0.01 -0.    0.   -0.01  0.2   0.01 -0.2  -0.    0.3
  0.14 -0.   -0.13 -0.31  0.21 -0.21 -0.   -0.01  0.    0.    0.01 -0.
  0.   -0.01  0.2   0.01 -0.2  -0.    0.3   0.14 -0.   -0.14 -0.31  0.21
 -0.21 -0.    0.01 -0.2   0.    0.19 -0.13  0.13  0.    0.    0.01 -0.2
  0.    0.19 -0.14  0.13  0.    0.  ]
orbital number 30 energy -3.3355516830568197
[-0.    0.01  0.   -0.01  0.01 -0.01  0.   -0.14  0.    0.14 -0.   -0.21
  0.2   0.   -0.2   0.22  0.3  -0.31 -0.01 -0.    0.01  0.   -0.01  0.
 -0.    0.   -0.14  0.    0.13 -0.   -0.2   0.2   0.   -0.19  0.21  0.3
 -0.31 -0.01 -0.    0.14  0.   -0.13 -0.2   0.19 -0.    0.01 -0.    0.13
  0.   -0.13 -0.2   0.19 -0.    0.01]
orbital number 31 energy -3.3354178778147965
[-0.   -0.01  0.    0.01 -0.01  0.01 -0.01  0.16  0.   -0.15  0.01  0.24
 -0.18 -0.01  0.18 -0.25 -0.27  0.28  0.    0.    0.01 -0.   -0.01  0.01
 -0.01  0.01 -0.17 -0.    0.16 -0.01 -0.24  0.18  0.01 -0.18  0.25  0.27
 -0.28 -0.    0.01 -0.16 -0.01  0.15  0.18 -0.17  0.01 -0.   -0.01  0.16
  0.01 -0.15 -0.18  0.17 -0.01  0.  ]
orbital number 32 energy -3.191357425845206
[-0.    0.31  0.   -0.31  0.01 -0.01  0.01 -0.1   0.   -0.11 -0.01  0.15
  0.1   0.19  0.11  0.14 -0.15 -0.14 -0.19 -0.    0.31  0.   -0.31  0.01
 -0.01  0.01 -0.1   0.   -0.11 -0.01  0.15  0.1   0.19  0.11  0.14 -0.15
 -0.14 -0.19 -0.01  0.09  0.01  0.1  -0.09 -0.1  -0.18  0.18 -0.01  0.09
  0.01  0.1  -0.09 -0.1  -0.18  0.18]
orbital number 33 energy -3.190864458841655
[-0.   -0.31 -0.    0.31 -0.02  0.02 -0.01  0.1   0.    0.11  0.01 -0.15
 -0.1  -0.19 -0.11 -0.14  0.15  0.14  0.19  0.    0.31  0.   -0.31  0.02
 -0.02  0.01 -0.1  -0.   -0.11 -0.01  0.15  0.1   0.19  0.11  0.14 -0.15
 -0.14 -0.19  0.01 -0.09 -0.01 -0.1   0.09  0.1   0.18 -0.18 -0.01  0.09
  0.01  0.1  -0.09 -0.1  -0.18  0.18]
orbital number 34 energy -3.1169912818715257
[ 0.37 -0.19  0.02 -0.19 -0.18 -0.18  0.11 -0.07 -0.25 -0.06  0.11  0.08
 -0.07  0.12 -0.06  0.1   0.08  0.1   0.12 -0.37  0.19 -0.02  0.19  0.18
  0.18 -0.11  0.07  0.25  0.06 -0.11 -0.08  0.07 -0.12  0.06 -0.1  -0.08
 -0.1  -0.12 -0.1   0.07 -0.1   0.06  0.07  0.06 -0.11 -0.11  0.1  -0.07
  0.1  -0.06 -0.07 -0.06  0.11  0.11]
orbital number 35 energy 0.0
[ 0.03 -0.06  0.48 -0.06 -0.08 -0.08 -0.16 -0.14  0.18 -0.14 -0.16  0.02
 -0.14  0.13 -0.14  0.02  0.02  0.02  0.13  0.03 -0.06  0.48 -0.06 -0.08
 -0.08 -0.16 -0.14  0.18 -0.14 -0.16  0.02 -0.14  0.13 -0.14  0.02  0.02
  0.02  0.13  0.09  0.08  0.09  0.08  0.08  0.08 -0.07 -0.07  0.09  0.08
  0.09  0.08  0.08  0.08 -0.07 -0.07]
orbital number 36 energy 0.2956851107178977
[-0.07 -0.04  0.5  -0.04  0.04  0.04 -0.16 -0.14  0.16 -0.14 -0.16  0.01
 -0.14  0.14 -0.14  0.01  0.01  0.01  0.14  0.07  0.04 -0.5   0.04 -0.04
 -0.04  0.16  0.14 -0.16  0.14  0.16 -0.01  0.14 -0.14  0.14 -0.01 -0.01
 -0.01 -0.14  0.08  0.07  0.08  0.07  0.07  0.07 -0.07 -0.07 -0.08 -0.07
 -0.08 -0.07 -0.07 -0.07  0.07  0.07]
orbital number 37 energy 2.895682331897424
[ 0.35 -0.08 -0.16 -0.08 -0.27 -0.27 -0.1   0.08  0.34  0.08 -0.1   0.03
  0.08 -0.1   0.08  0.03  0.03  0.03 -0.1   0.35 -0.08 -0.16 -0.08 -0.27
 -0.27 -0.1   0.08  0.34  0.08 -0.1   0.03  0.08 -0.1   0.08  0.03  0.03
  0.03 -0.1   0.04 -0.03  0.04 -0.03 -0.03 -0.03  0.04  0.04  0.04 -0.03
  0.04 -0.03 -0.03 -0.03  0.04  0.04]
orbital number 38 energy 3.704089878515868
[-0.    0.27  0.   -0.27  0.01 -0.01 -0.01  0.14 -0.    0.16  0.01  0.13
 -0.14 -0.29 -0.16  0.11 -0.13 -0.11  0.29 -0.    0.26  0.   -0.26  0.01
 -0.01 -0.01  0.14 -0.    0.16  0.01  0.13 -0.14 -0.29 -0.16  0.11 -0.13
 -0.11  0.29  0.   -0.05 -0.   -0.06  0.05  0.06  0.11 -0.11  0.   -0.05
 -0.   -0.06  0.05  0.06  0.11 -0.11]
orbital number 39 energy 3.7045009000245432
[-0.   -0.26 -0.    0.26 -0.01  0.01  0.01 -0.14 -0.   -0.16 -0.01 -0.13
  0.14  0.29  0.16 -0.11  0.13  0.11 -0.29  0.    0.27  0.   -0.27  0.01
 -0.01 -0.01  0.14  0.    0.16  0.01  0.13 -0.14 -0.29 -0.16  0.11 -0.13
 -0.11  0.29 -0.    0.05  0.    0.06 -0.05 -0.06 -0.11  0.11  0.   -0.05
 -0.   -0.06  0.05  0.06  0.11 -0.11]
orbital number 40 energy 3.8233176554517385
[-0.01  0.01 -0.    0.01  0.    0.    0.01 -0.27 -0.01  0.26  0.01  0.23
 -0.25  0.01  0.24 -0.24  0.21 -0.22  0.01  0.01 -0.01  0.   -0.01 -0.
 -0.   -0.01  0.27  0.01 -0.26 -0.01 -0.23  0.25 -0.01 -0.24  0.24 -0.21
  0.22 -0.01 -0.    0.1  -0.   -0.09  0.09 -0.09 -0.   -0.    0.   -0.1
  0.    0.09 -0.09  0.09  0.    0.  ]
orbital number 41 energy 3.823633442445903
[ 0.   -0.   -0.   -0.   -0.   -0.   -0.   -0.27  0.    0.27  0.    0.24
 -0.24  0.    0.24 -0.24  0.21 -0.21 -0.    0.   -0.   -0.   -0.   -0.
 -0.   -0.   -0.27  0.    0.27  0.    0.24 -0.24  0.    0.24 -0.24  0.21
 -0.21 -0.    0.    0.1  -0.   -0.1   0.09 -0.09 -0.    0.    0.    0.1
 -0.   -0.1   0.09 -0.09 -0.    0.  ]
orbital number 42 energy 3.8243159478329583
[ 0.    0.01 -0.   -0.01 -0.01  0.01  0.01  0.25  0.   -0.24 -0.01 -0.21
 -0.28 -0.01  0.27  0.22  0.24 -0.25  0.01  0.    0.01 -0.   -0.01 -0.01
  0.01  0.01  0.24  0.   -0.23 -0.01 -0.2  -0.27 -0.01  0.26  0.21  0.23
 -0.24  0.01 -0.   -0.09  0.    0.08  0.1  -0.1   0.   -0.   -0.   -0.09
  0.    0.08  0.1  -0.1   0.   -0.  ]
orbital number 43 energy 3.8244357004418914
[ 0.   -0.01  0.    0.01  0.   -0.   -0.   -0.25  0.    0.24  0.    0.21
  0.27  0.01 -0.26 -0.22 -0.23  0.24 -0.01 -0.    0.01 -0.   -0.01 -0.
  0.    0.    0.25 -0.   -0.24 -0.   -0.21 -0.27 -0.01  0.26  0.22  0.23
 -0.24  0.01  0.    0.09 -0.   -0.09 -0.1   0.09 -0.    0.   -0.   -0.09
  0.    0.09  0.1  -0.09  0.   -0.  ]
orbital number 44 energy 3.8289499208376228
[ 0.    0.01  0.   -0.01 -0.32  0.32  0.36  0.   -0.    0.01 -0.36  0.01
 -0.   -0.01 -0.01  0.   -0.01 -0.    0.01  0.    0.01  0.   -0.01 -0.32
  0.32  0.36  0.   -0.    0.01 -0.36  0.01 -0.   -0.01 -0.01  0.   -0.01
 -0.    0.01 -0.13 -0.    0.13 -0.    0.    0.    0.   -0.   -0.13 -0.
  0.13 -0.    0.    0.    0.   -0.  ]
orbital number 45 energy 3.8480396444907896
[ 0.    0.01  0.   -0.01 -0.32  0.32  0.36  0.    0.    0.01 -0.36  0.01
 -0.   -0.01 -0.01  0.   -0.01 -0.    0.01 -0.   -0.01 -0.    0.01  0.32
 -0.32 -0.36 -0.   -0.   -0.01  0.36 -0.01  0.    0.01  0.01 -0.    0.01
  0.   -0.01 -0.13 -0.    0.13 -0.    0.    0.    0.   -0.    0.13  0.
 -0.13  0.   -0.   -0.   -0.    0.  ]
orbital number 46 energy 3.9002023698964576
[-0.23  0.22 -0.09  0.22  0.05  0.05  0.17 -0.09 -0.23 -0.12  0.17 -0.12
 -0.09  0.24 -0.12 -0.1  -0.12 -0.1   0.24  0.23 -0.22  0.09 -0.22 -0.05
 -0.05 -0.17  0.09  0.23  0.12 -0.17  0.12  0.09 -0.24  0.12  0.1   0.12
  0.1  -0.24 -0.06  0.03 -0.06  0.04  0.03  0.04 -0.08 -0.08  0.06 -0.03
  0.06 -0.04 -0.03 -0.04  0.08  0.08]
orbital number 47 energy 4.209340128424561
[ 0.07  0.24 -0.25  0.24 -0.11 -0.11  0.04 -0.09  0.1  -0.09  0.04 -0.14
 -0.09  0.27 -0.09 -0.14 -0.14 -0.14  0.27  0.07  0.24 -0.25  0.24 -0.11
 -0.11  0.04 -0.09  0.1  -0.09  0.04 -0.14 -0.09  0.27 -0.09 -0.14 -0.14
 -0.14  0.27 -0.01  0.03 -0.01  0.03  0.03  0.03 -0.09 -0.09 -0.01  0.03
 -0.01  0.03  0.03  0.03 -0.09 -0.09]
orbital number 48 energy 4.600413503293799
[-0.33 -0.13  0.26 -0.13  0.1   0.1   0.16  0.02 -0.32  0.02  0.16  0.1
  0.02 -0.17  0.02  0.1   0.1   0.1  -0.17  0.33  0.13 -0.26  0.13 -0.1
 -0.1  -0.16 -0.02  0.32 -0.02 -0.16 -0.1  -0.02  0.17 -0.02 -0.1  -0.1
 -0.1   0.17 -0.05 -0.01 -0.05 -0.01 -0.01 -0.01  0.06  0.06  0.05  0.01
  0.05  0.01  0.01  0.01 -0.06 -0.06]
orbital number 49 energy 5.92143028638915
[ 0.31 -0.04 -0.08 -0.04  0.24  0.24 -0.3   0.07 -0.17  0.07 -0.3  -0.08
  0.07  0.09  0.07 -0.08 -0.08 -0.08  0.09  0.31 -0.04 -0.08 -0.04  0.24
  0.24 -0.3   0.07 -0.17  0.07 -0.3  -0.08  0.07  0.09  0.07 -0.08 -0.08
 -0.08  0.09  0.08 -0.02  0.08 -0.02 -0.02 -0.02 -0.03 -0.03  0.08 -0.02
  0.08 -0.02 -0.02 -0.02 -0.03 -0.03]
orbital number 50 energy 6.167844567470391
[-0.    0.21  0.   -0.22 -0.    0.    0.    0.23  0.    0.23 -0.   -0.23
 -0.23  0.24 -0.23 -0.23  0.23  0.23 -0.24 -0.    0.15  0.   -0.15 -0.
  0.    0.    0.16  0.    0.16 -0.   -0.16 -0.16  0.17 -0.16 -0.16  0.16
  0.16 -0.17 -0.   -0.06  0.   -0.06  0.06  0.06 -0.07  0.07 -0.   -0.05
  0.   -0.05  0.05  0.05 -0.05  0.05]
orbital number 51 energy 6.167857719773625
[-0.   -0.15 -0.    0.15  0.   -0.   -0.   -0.16  0.   -0.16  0.    0.16
  0.16 -0.17  0.16  0.16 -0.16 -0.16  0.17 -0.    0.21  0.   -0.22 -0.
  0.    0.    0.23 -0.    0.23 -0.   -0.23 -0.23  0.24 -0.23 -0.23  0.23
  0.23 -0.24  0.    0.05 -0.    0.05 -0.05 -0.05  0.05 -0.05 -0.   -0.06
  0.   -0.06  0.06  0.06 -0.07  0.07]
orbital number 52 energy 6.293232032033378
[ 0.02 -0.2   0.11 -0.2   0.1   0.1  -0.06  0.19 -0.15  0.19 -0.06 -0.18
  0.19  0.18  0.19 -0.18 -0.18 -0.18  0.18 -0.02  0.2  -0.11  0.2  -0.1
 -0.1   0.06 -0.19  0.15 -0.19  0.06  0.18 -0.19 -0.18 -0.19  0.18  0.18
  0.18 -0.18  0.02 -0.05  0.02 -0.05 -0.05 -0.05 -0.05 -0.05 -0.02  0.05
 -0.02  0.05  0.05  0.05  0.05  0.05]
orbital number 53 energy 6.357600246252641
[-0.13 -0.21  0.16 -0.21 -0.07 -0.07  0.1   0.19  0.04  0.19  0.1  -0.17
  0.19  0.17  0.19 -0.17 -0.17 -0.17  0.17 -0.13 -0.21  0.16 -0.21 -0.07
 -0.07  0.1   0.19  0.04  0.19  0.1  -0.17  0.19  0.17  0.19 -0.17 -0.17
 -0.17  0.17 -0.03 -0.05 -0.03 -0.05 -0.05 -0.05 -0.05 -0.05 -0.03 -0.05
 -0.03 -0.05 -0.05 -0.05 -0.05 -0.05]
orbital number 54 energy 6.592302862741262
[ 0.23  0.08 -0.11  0.08  0.27  0.27 -0.23 -0.06 -0.37 -0.06 -0.23  0.05
 -0.06 -0.04 -0.06  0.05  0.05  0.05 -0.04 -0.23 -0.08  0.11 -0.08 -0.27
 -0.27  0.23  0.06  0.37  0.06  0.23 -0.05  0.06  0.04  0.06 -0.05 -0.05
 -0.05  0.04  0.06  0.02  0.06  0.02  0.02  0.02  0.01  0.01 -0.06 -0.02
 -0.06 -0.02 -0.02 -0.02 -0.01 -0.01]
ENERGY0: -265.8957508764951

Orbital occupation numbers:
1: 2.000000
2: 2.000000
3: 2.000000
4: 2.000000
5: 2.000000
6: 2.000000
7: 2.000000
8: 2.000000
9: 2.000000
10: 2.000000
11: 2.000000
12: 2.000000
13: 2.000000
14: 2.000000
15: 2.000000
16: 2.000000
17: 2.000000
18: 2.000000
19: 2.000000
20: 2.000000
21: 2.000000
22: 2.000000
23: 2.000000
24: 2.000000
25: 2.000000
26: 2.000000
27: 2.000000
28: 2.000000
29: 2.000000
30: 2.000000
31: 2.000000
32: 2.000000
33: 2.000000
34: 2.000000
35: 1.000000
36: 1.000000
37: -0.000000
38: 0.000000
39: -0.000000
40: 0.000000
41: 0.000000
42: 0.000000
43: 0.000000
44: 0.000000
45: 0.000000
46: 0.000000
47: 0.000000
48: -0.000000
49: 0.000000
50: 0.000000
51: 0.000000
52: 0.000000
53: 0.000000
54: 0.000000

------------------------
Starting ExROPPP calculation for diradical in rotated basis
------------------------

Fock matrix in rotated MO basis: [[-4.00162629e+00 -2.78548697e-15  6.43911786e-16 ...  7.18463436e-16
   1.78725084e-15 -6.09039066e-16]
 [-2.86241254e-15 -3.99152350e+00  7.23428411e-16 ... -2.16468446e-16
  -1.92025216e-15 -1.09436602e-16]
 [ 5.08307809e-16  5.14054678e-16 -3.92988511e+00 ... -1.86130764e-15
  -1.57005917e-15  3.20073741e-16]
 ...
 [ 4.08014457e-16 -4.07332089e-16 -2.20338980e-15 ...  1.03015027e+01
   8.00551246e-16  1.21761450e-16]
 [ 1.63155490e-15 -2.40468117e-15 -1.70659457e-15 ... -7.85965374e-16
   1.03658709e+01 -4.77158159e-15]
 [-3.60272931e-16 -2.13801674e-16  2.91004792e-16 ...  5.63121082e-16
  -5.97585752e-15  1.06005735e+01]]
Dimensions of CI matrix: (7812, 7812)
Checking that the Hamiltonian is symmetric (a value of zero means matrix is symmetric) ... 
Frobenius norm of matrix - matrix transpose = 0.000000.

Lowest 200 states. WARNING - Some states may not be included in the spectrum.

Using sparse solver (eigsh) — requesting 96 singlets, 110 triplets, 26 quintets (targeting 200 states total)

Diagonalisation complete. Returning 200 states.

Checking that the Dipole matrix is symmetric (a value of zero means matrix is symmetric) ... 
Frobenius norm of matrix - matrix transpose = 0.00000             0.00000, 0.00000.

