                    ---------------------------------
                    | Radical ExROPPP Calculation |
                    ---------------------------------

Molecule: DTA_tBu.xyz radical

--------------------------------
Cartesian Coordinates / Angstrom
--------------------------------

C -5.1171 -2.43076 0.50377
C -5.04202 -0.9992 0.183696
C -6.26988 -0.24754 -0.10798
C -3.74563 -0.32025 0.152435
C -5.81912 -3.34925 -0.30657
C -5.89947 -4.70525 -0.01345
C -5.25799 -5.18559 1.123
C -4.54826 -4.33079 1.959408
C -4.48985 -2.97867 1.644092
C -6.39948 0.565272 -1.2557
C -7.55386 1.28286 -1.54477
C -8.63371 1.198887 -0.67276
C -8.56752 0.415034 0.473847
C -7.39836 -0.28759 0.739912
C -2.63681 -0.82851 -0.56092
C -1.41188 -0.18161 -0.61954
C -1.22629 1.028106 0.061559
C -2.29585 1.56364 0.790619
C -3.51237 0.901895 0.823144
Cl -7.33581 -1.15256 2.240449
Cl -5.13208 0.628828 -2.43783
Cl -4.73816 1.582976 1.846376
Cl -2.80705 -2.25279 -1.53733
N 1.65E-05 1.716314 -0.00019
Cl -6.54196 -2.83022 -1.79412
Cl -3.68688 -1.94842 2.783837
Cl -5.34427 -6.8719 1.502209
C 5.116313 -2.43113 -0.50347
C 5.041955 -0.99942 -0.18388
C 3.745759 -0.3201 -0.15216
C 6.270246 -0.24811 0.106856
C 4.488188 -2.97925 -1.64321
C 4.54592 -4.33151 -1.95805
C 5.255836 -5.18625 -1.12174
C 5.898167 -4.70572 0.01415
C 5.81848 -3.34957 0.306806
C 3.512367 0.90175 -0.82338
C 2.295797 1.563402 -0.79098
C 1.226404 1.028113 -0.0615
C 1.412198 -0.18112 0.620331
C 2.637187 -0.82797 0.56183
C 7.39822 -0.28886 -0.74168
C 8.567756 0.413472 -0.47654
C 8.63486 1.197714 0.669751
C 7.555554 1.282355 1.54237
C 6.400772 0.565047 1.254216
Cl 2.807811 -2.2516 1.539114
Cl 4.737941 1.58246 -1.84709
Cl 5.134065 0.629412 2.437034
Cl 7.334482 -1.15437 -2.24185
Cl 3.684938 -1.94915 -2.7829
Cl 6.542408 -2.83025 1.793725
Cl 5.341285 -6.87273 -1.50036
C 0.000157 3.147585 0.000272
C 0.862708 3.836307 0.855565
C 0.882527 5.233293 0.857182
C 0.000493 5.904376 0.000973
C -0.88172 5.23394 -0.85559
C -0.86223 3.836971 -0.85469
Cl -10.0802 2.08386 -1.01914
Cl 10.08184 2.082341 1.014963
C 1.817884 6.03923 1.762747
C -1.81683 6.040578 -1.76078
C 0.983618 6.936092 2.692546
C 2.703642 5.138935 2.629581
C 2.730484 6.920639 0.893335
C -0.98228 6.937626 -2.69015
C -2.72918 6.921854 -0.89097
C -2.70284 5.140949 -2.62805
H -6.4359 -5.3759 -0.67528
H -4.06492 -4.70356 2.855487
H -7.61359 1.879158 -2.44832
H -9.4023 0.366363 1.16403
H -0.6146 -0.60246 -1.22357
H -2.16939 2.485018 1.349231
H 4.061906 -4.70445 -2.8537
H 6.434742 -5.3763 0.675911
H 2.169131 2.484524 -1.34997
H 0.615071 -0.60164 1.224782
H 9.402129 0.364281 -1.16718
H 7.616017 1.878952 2.445673
H 1.513829 3.261995 1.507858
H 0.000637 6.993287 0.001237
H -1.51344 3.263119 -1.50729
H 0.324596 6.333982 3.327445
H 1.646896 7.521081 3.340831
H 0.361781 7.63806 2.126746
H 2.106751 4.510139 3.300192
H 3.341064 4.488432 2.019513
H 3.357056 5.762239 3.24983
H 2.152104 7.620448 0.280635
H 3.401624 7.507128 1.532124
H 3.342068 6.307066 0.222961
H -0.36023 7.639132 -2.124
H -0.32344 6.335615 -3.32532
H -1.64537 7.523128 -3.33816
H -2.15061 7.621215 -0.27795
H -3.40014 7.50883 -1.5295
H -3.34095 6.308152 -0.22089
H -2.10613 4.512276 -3.29893
H -3.34047 4.49036 -2.01828
H -3.35606 5.764731 -3.24802

There are 69 heavy atoms.
There are 86 electrons in 69 orbitals.


Carbon 1e params: A = -22.717075 b = 1.705616

Nitrogen 1e params: alphan2 = -17.681338 Acn2 = -24.737202 bcn2 = 1.433639

Chlorine 1e params: alphacl = -10.335674 Accl = -26.021937 bccl=1.451861
C-N2 bond
C-N2 bond
C-N2 bond
C-Cl bond
C-Cl bond
C-Cl bond
C-Cl bond
C-Cl bond
C-Cl bond
C-Cl bond
C-Cl bond
C-Cl bond
C-Cl bond
C-Cl bond
C-Cl bond
C-Cl bond
C-Cl bond
C-Cl bond
C-Cl bond
N2 atom 53
Cl atom 54
Cl atom 55
Cl atom 56
Cl atom 57
Cl atom 58
Cl atom 59
Cl atom 60
Cl atom 61
Cl atom 62
Cl atom 63
Cl atom 64
Cl atom 65
Cl atom 66
Cl atom 67
Cl atom 68
Cl atom 69

Carbon 2e params: U = 8.420838 r0 = 1.173157

Nitrogen 2e params: Un2n2 = 17.979843 r0n2n2 = 1.111791

Chlorine 2e params: Uclcl= 9.642991 r0clcl = 2.253316

Mixed 2e params: Ucn2 = 13.200341 Uccl = 9.031915 Un2cl = 13.811417 r0cn2 =1.142474 r0ccl = 1.713237 r0n2cl = 1.682554
[8.42083845 3.73922427 2.65799671 2.65954053 3.82175143 2.71891178
 2.46959463 2.71896488 3.8212932  2.02573616 1.62898115 1.55278421
 1.74977965 2.29097644 2.29101702 1.74824635 1.5441003  1.62701694
 2.02197327 0.8623383  0.86237226 0.95842911 0.77332956 0.89558505
 0.87236241 0.8213143  0.79466918 0.81314806 0.93920277 1.01922853
 1.17320989 1.22262535 1.08660707 0.70911631 0.65058278 0.64162784
 0.6851178  0.75424059 1.12775629 1.00370199 0.9052747  0.90079976
 0.98444168 1.11381233 0.81026791 0.93706592 0.78630206 0.80559492
 0.73793623 0.83016721 0.90416648 1.01684905 1.94636559 3.21889073
 2.59733794 2.59518648 3.22305882 3.48008807 3.47911579 2.46756119
 1.59400528 1.22703965 1.2295737  1.06512711 1.39137758 1.15041026
 1.16772544 1.80071104 0.88037843]

-------------------------------------
Restricted Open-shell PPP Calculation
-------------------------------------

Starting SCF cycle...

Iter   Energy        Dens Change      Energy Change
-----------------------------------------------------
0 -313.5373698755268 1.2957308950145465 -313.5373698755268
1 -266.9018602391906 1.5712655481282478 46.63550963633617
2 -391.84051777936634 1.7393068572176595 -124.93865754017571
3 -279.05761200786037 1.9899683612612733 112.78290577150597
4 -656.3543484087302 1.9999999368703025 -377.2967364008698
5 -586.7277340499784 1.9999999999431592 69.6266143587518
6 -706.4259450590582 1.9999999999999267 -119.69821100907984
7 -703.7628946705021 1.9999999999999447 2.663050388556144
8 -854.202036425025 1.999999999996135 -150.4391417545229
9 -801.6440074725547 1.9999999999999938 52.558028952470295
10 -1049.2703094878634 1.9999999999999925 -247.62630201530874
11 -916.9537077922573 1.9999999999999476 132.3166016956061
12 -1117.2364433405214 1.999999999999952 -200.2827355482641
13 -923.8941853265276 1.9999999999920108 193.34225801399384
14 -1082.6668592763262 1.9999999999920088 -158.77267394979867
15 -954.0955764075618 1.9999999999895035 128.57128286876446
16 -1080.1306508086075 1.9999999999895026 -126.03507440104568
17 -952.4880382625861 1.9999999999880662 127.64261254602138
18 -1080.5066220697079 1.9999999999880662 -128.0185838071218
19 -951.6143523861008 1.9999999999872946 128.89226968360708
20 -1080.6850737778677 1.9999999999872962 -129.07072139176694
21 -951.116668245361 1.999999999986832 129.56840553250674
22 -1080.7775699772858 1.9999999999868296 -129.6609017319248
23 -950.8224317636998 1.9999999999865465 129.955138213586
24 -1080.828536885864 1.9999999999865485 -130.00610512216417
25 -950.6474544464735 1.9999999999863771 130.18108243939048
26 -1080.8574405496363 1.9999999999863776 -130.2099861031628
27 -950.5436091043948 1.9999999999862748 130.31383144524148
28 -1080.8740815010453 1.9999999999862765 -130.33047239665052
29 -950.4821692219007 1.9999999999862152 130.39191227914466
30 -1080.8837439973258 1.9999999999862126 -130.40157477542516
31 -950.4459085223842 1.9999999999861762 130.4378354749416
32 -1080.8893821174336 1.999999999986177 -130.44347359504934
33 -950.4245442704026 1.9999999999861557 130.46483784703094
34 -1080.892681467331 1.9999999999861566 -130.4681371969283
35 -950.4119702981391 1.999999999986144 130.48071116919186
36 -1080.894615465996 1.9999999999861435 -130.48264516785684
37 -950.4045747421851 1.9999999999861362 130.4900407238108
38 -1080.8957502556075 1.999999999986135 -130.49117551342238
39 -950.400226671637 1.9999999999861306 130.49552358397045
40 -1080.896416491708 1.9999999999861293 -130.49618982007087
41 -950.3976709151948 1.9999999999861267 130.4987455765131
42 -1080.8968077738882 1.9999999999861304 -130.49913685869342
43 -950.3961688755622 1.999999999986129 130.50063889832597
44 -1080.897037621294 1.9999999999861255 -130.50086874573174
45 -950.395286187347 1.9999999999861247 130.501751433947
46 -1080.8971726545208 1.9999999999861255 -130.5018864671738
47 -950.3947674923548 1.9999999999861249 130.50240516216593
48 -1080.8972519908232 1.9999999999861258 -130.50248449846833
49 -950.3944626998401 1.9999999999861255 130.50278929098306
50 -1080.8972986053232 1.9999999999861238 -130.50283590548304

---Applying damping with alpha=0.1 to aid convergence---

51 -934.1588621338094 1.5191820644103555 146.73843647151375
52 -811.671209150238 0.8430141660451486 122.48765298357137
53 -724.1709719083891 1.055949829381826 87.50023724184894
54 -636.4258538274336 1.186426804188477 87.74511808095554
55 -558.3834532466807 1.1063772141845694 78.04240058075288
56 -493.3861770096031 0.7406477425592408 64.99727623707759
57 -435.26954500011334 0.25198702764571723 58.11663200948976
58 -403.37581799661837 0.901887481223513 31.893727003494973
59 -394.4401860322959 0.7810401919053302 8.935631964322454
60 -384.3739949251085 0.7245962698628432 10.066191107187421
61 -376.3027089872433 0.06607239523623937 8.071285937865184
62 -369.3462076377588 0.7739029423382506 6.956501349484483
63 -363.1622935277364 0.7048372875715045 6.183914110022442
64 -357.7110397182538 0.7415709751201223 5.45125380948258
65 -354.49803552689093 0.08686697321157692 3.21300419136287
66 -351.7406609773114 0.6725978323997777 2.757374549579538
67 -347.75366842981236 0.6838216054516011 3.986992547499028
68 -345.65567577221645 0.19230216022799007 2.09799265759591
69 -343.7676189446148 0.20171611199542316 1.8880568276016447
70 -341.71517295106094 0.13115056813601866 2.0524459935538744
71 -340.02157600598787 0.05820459178060111 1.6935969450730681
72 -338.3766617047205 0.01343942594482328 1.644914301267363
73 -336.89912478836317 0.010403704312119455 1.4775369163573373
74 -335.57067135704676 0.007466319230380547 1.3284534313164045
75 -334.38141355179926 0.006522249290149218 1.1892578052475073
76 -333.31998935318813 0.005848967997067911 1.061424198611121
77 -332.37487997707524 0.005337788432875412 0.9451093761128959
78 -331.53497650767116 0.004934038601710489 0.8399034694040779
79 -330.7898375092628 0.004605045273739117 0.7451389984083789
80 -330.1297959957268 0.004330139587265414 0.6600415135359867
81 -329.545987857621 0.004095643020564588 0.5838081381057805
82 -329.03033825699174 0.003892164964746203 0.5156496006292741
83 -328.57552570344615 0.0037130580626626997 0.4548125535455938
84 -328.174934903798 0.003553492064143293 0.400590799648171
85 -327.822604786518 0.003409876197706607 0.352330117279962
86 -327.5131754377601 0.003279486792172659 0.3094293487579307
87 -327.24183612264756 0.0031602203403059415 0.2713393151125274
88 -327.0042756261623 0.0030504256854839706 0.23756049648523003
89 -326.7966355738739 0.0029487874924618573 0.20764005228841143
90 -326.61546703842043 0.002854243758903141 0.18116853545348022
91 -326.45769051857627 0.0027659264030509556 0.15777651984416252
92 -326.32055924347367 0.002683117792469658 0.13713127510260392
93 -326.2016256740674 0.002605218474154569 0.11893356940629474
94 -326.0987110280762 0.00253172289881326 0.10291464599117717
95 -326.0098776310065 0.002462200932416503 0.08883339706972038
96 -325.93340388661056 0.002396283612912331 0.07647374439591204
97 -325.8677616600516 0.0023336520593474908 0.06564222655896401
98 -325.81159587272293 0.0022740287487911792 0.05616578732866628
99 -325.7637061168356 0.002217170590814166 0.04788975588735411
100 -325.72303010903954 0.0021628633804544606 0.040676007796037084
101 -325.68862881446773 0.0021109173182675134 0.03440129457180774
102 -325.6596730850258 0.002061163363801577 0.028955729441918265
103 -325.63543166805107 0.002032886167481221 0.024241416974746244
104 -325.6152604533831 0.002019188689034914 0.02017121466798244
105 -325.5985928382071 0.0020057444771110072 0.016667615176004347
106 -325.58493109969874 0.001992542264546239 0.013661738508346843
107 -325.5738386754544 0.00197957011732567 0.011092424244338872
108 -325.5649332608979 0.001966815762715228 0.008905414556522828
109 -325.55788064136044 0.0019542668439343318 0.007052619537432747
110 -325.552389184346 0.0019419111159231575 0.005491457014443313
111 -325.5482049246184 0.0019297365938563751 0.004184259727594508
112 -325.5451071812969 0.0019177316638180966 0.0030977433215184647
113 -325.5429046520671 0.0019058851631605922 0.00220252922980535
114 -325.54143193502836 0.0018941864366222444 0.0014727170387232036
115 -325.5405464335981 0.0018826253731963546 0.0008855014302753261
116 -325.5401256043433 0.0018711924276304318 0.0004208292547787096
117 -325.5400645116388 0.0018598786298742592 6.109270452725468e-05
118 -325.5402736566771 0.001848675585064373 -0.00020914503829772002
119 -325.5406770516731 0.001837575466127582 -0.00040339499599895134
120 -325.5412105130558 0.0018265710008270666 -0.0005334613827017165
121 -325.54182015013413 0.0018156554545013803 -0.0006096370783552629
122 -325.5424610281366 0.0018048226097838599 -0.000640878002457157
123 -325.54309598671057 0.0017940667440843813 -0.000634958573982658
124 -325.5436945969211 0.0017833826056451174 -0.0005986102105453028
125 -325.5442322415664 0.0017727653887217101 -0.0005376446453055905
126 -325.54468930521097 0.0017622107083726246 -0.00045706364454645154
127 -325.54505046176155 0.001751714575241932 -0.00036115655058210905
128 -325.54530404871537 0.001741273370587798 -0.00025358695381783036
129 -325.5454415183364 0.0017308838218313138 -0.00013746962105187777
130 -325.54545695708146 0.0017205429787566923 -1.5438745037954504e-05
131 -325.54534666550205 0.001710248190523761 0.00011029157940356527
132 -325.54510879170095 0.0016999970835644973 0.0002378738010975212
133 -325.5447430121611 0.0016897875404362078 0.00036577953983396583
134 -325.54425025444266 0.0016796176796608914 0.0004927577184616894
135 -325.54363245683015 0.0016694858366136933 0.0006177976125059104
136 -325.5428923605722 0.0016593905453829716 0.0007400962579708903
137 -325.5420333308189 0.0016493305216839227 0.0008590297532578006
138 -325.5410592027989 0.0016393046467669398 0.0009741280200046276
139 -325.53997415016744 0.0016293119522910599 0.001085052631481176
140 -325.53878257279547 0.0016193516061483032 0.001191577371969288
141 -325.53748900158297 0.0016094228992063475 0.0012935712124999554
142 -325.5360980181449 0.0015995252329340376 0.0013909834380569919
143 -325.53461418747656 0.0015896581078503752 0.0014838306683486735
144 -325.5330420019115 0.0015798211127939776 0.0015721855650667749
145 -325.5313858348906 0.0015700139149377318 0.0016561670208830037
146 -325.52964990322084 0.0015602362505218736 0.0017359316697707072
147 -325.52783823667403 0.001550487916295501 0.0018116665468141946
148 -325.5259546539 0.0015407687615605348 0.0018835827740417699
149 -325.5240027437549 0.0015310786808455379 0.001951910145066904
150 -325.52198585125586 0.0015214176071417645 0.0020168924990571213
151 -325.5199070674683 0.0015117855056655388 0.0020787837875673176
152 -325.51776922271927 0.0015021823681210383 0.0021378447490292274
153 -325.5155748826008 0.0014926082074333547 0.0021943401184785216
154 -325.51332634630256 0.001483063052904729 0.00224853629822519
155 -325.51102564686823 0.0014735469457870104 0.00230069943432909
156 -325.50867455301756 0.0014640599352216815 0.0023510938506774437
157 -325.50627457223834 0.0014546020745413168 0.0023999807792165484
158 -325.5038269548705 0.001445173417888898 0.002447617367863586
159 -325.5013326989666 0.0014357740171419137 0.0024942559038549916
160 -325.49879255572057 0.0014264039191212025 0.0025401432460512297
161 -325.49620703530263 0.0014170631630618102 0.0025855204179379143
162 -325.4935764129547 0.0014077517783238624 0.002630622347908229
163 -325.4909007352234 0.001398469782336445 0.0026756777313039493
164 -325.48817982622404 0.0013892171787350388 0.002720908999378935
165 -325.48541329385665 0.0013799939557218588 0.0027665323673886633
166 -325.4826005358911 0.0013708000845787938 0.0028127579655574664
167 -325.47974074587086 0.0013616355183700135 0.0028597900202385063
168 -325.4768329187816 0.0013525001908007983 0.0029078270892455294
169 -325.4738758564439 0.0013433940152122459 0.002957062337713978
170 -325.4708681726082 0.0013343168837394448 0.003007683835676289
171 -325.46780829771546 0.00132526866657523 0.0030598748927559427
172 -325.46469448331766 0.0013162492113860114 0.003113814397806891
173 -325.4615248061399 0.0013072583428245799 0.0031696771777660615
174 -325.4582971717803 0.001298295862179638 0.0032276343595754042
175 -325.45500931804514 0.0012893615471129272 0.003287853735173485
176 -325.4516588179151 0.0012804551515330775 0.0033505001300682125
177 -325.4482430821507 0.0012779257730671234 0.0034157357643493924
178 -325.44475936154765 0.0013029125978516465 0.0034837206030715606
179 -325.44120474883823 0.0013284302857229369 0.0035546127094221447
180 -325.437576180264 0.001354491244883016 0.003628568574242763
181 -325.4338704368245 0.0013811076518082666 0.0037057434394682787
182 -325.43008414521705 0.0014082914095507326 0.0037862916074686837
183 -325.426213778488 0.0014360541014512007 0.0038703667290747035
184 -325.4222556564106 0.0014644069400133186 0.003958122077392545
185 -325.41820594560556 0.0014933607105497848 0.004049710805020368
186 -325.4140606594355 0.0015229257093697934 0.004145286170057716
187 -325.4098156576795 0.0015531116760533759 0.004245001756032707
188 -325.4054666460278 0.0015839277195455748 0.004349011651697765
189 -325.4010091754096 0.001615382237687868 0.004457470618149273
190 -325.3964386411846 0.0016474828297821653 0.004570534225024403
191 -325.3917502822287 0.00168023620188823 0.004688358955888816
192 -325.3869391799409 0.001713648064448292 0.004811102287817448
193 -325.3820002572013 0.001747723021884362 0.004938922739597729
194 -325.37692827731905 0.001782464453839172 0.005071979882245614
195 -325.3717178430037 0.001817874387738172 0.005210434315358725
196 -325.36636339539143 0.0018539533623355142 0.005354447612262447
197 -325.3608592131802 0.0018907002820378604 0.005504182211211628
198 -325.35519941190324 0.0019281122617436086 0.00565980127697685
199 -325.3493779433944 0.0019661844620322277 0.0058214685088273654
200 -325.34338859549314 0.002004909914651465 0.005989347901277142
201 -325.33722499203657 0.0020442793382257074 0.006163603456570854
202 -325.33088059319914 0.002084280944326611 0.006344398837427434
203 -325.324348696235 0.002124900234085292 0.006531896964133921
204 -325.3176224366867 0.0021661197856550074 0.006726259548315738
205 -325.31069479012297 0.002207919033075323 0.0069276465637244655
206 -325.30355857448086 0.0022502740371667107 0.007136215642105981
207 -325.29620645307955 0.0022931572493233854 0.007352121401311251
208 -325.28863093839016 0.0023365372693356368 0.0075755146893925485
209 -325.28082439663433 0.002380378598583033 0.007806541755826402
210 -325.27277905330743 0.002424641390250115 0.008045343326898546
211 -325.26448699970956 0.0024692811984922125 0.008292053597870108
212 -325.25594020057866 0.002514248728855639 0.008546799130897398
213 -325.247130502926 0.0025594895926356886 0.008809697652679915
214 -325.2380496461726 0.00260494406816425 0.009080856753371336
215 -325.2286892736915 0.0026505468725352976 0.009360372481125978
216 -325.21904094586034 0.0026962269476462075 0.009648327831143888
217 -325.20909615473647 0.002741907264868837 0.009944791123871255
218 -325.19884634046264 0.0027875046531832814 0.01024981427383409
219 -325.1882829095102 0.002832929655957439 0.01056343095245893
220 -325.17739725487854 0.0028780864220689373 0.010885654631636044
221 -325.1661807783506 0.002922872637423579 0.01121647652792035
222 -325.15462491490956 0.002967179503280737 0.01155586344106041
223 -325.14272115942845 0.0030108917681580527 0.011903755481114331
224 -325.13046109571087 0.0030538878201835096 0.012260063717576486
225 -325.1178364279808 0.003096039847020615 0.012624667730051442
226 -325.10483901488783 0.003137214070372818 0.012997413092989518
227 -325.0914609060975 0.003177271061945819 0.013378108790334409
228 -325.07769438150393 0.0032160661474262 0.013766524593563645
229 -325.0635319930955 0.0032534499044482024 0.014162388408408333
230 -325.0489666094774 0.003289268759781916 0.014565383618105443
231 -325.03399146302513 0.00332336568996372 0.01497514645228648
232 -325.01860019961987 0.0033555810282611676 0.01539126340526309
233 -325.0027869308765 0.0033857533793739125 0.01581326874338629
234 -324.98654628874294 0.00341372064137202 0.01624064213353904
235 -324.9698734822977 0.00343932113232176 0.016672806445228616
236 -324.9527643565418 0.003462394816631964 0.017109125755894183
237 -324.93521545290935 0.0034827846235639948 0.01754890363247341
238 -324.9172240711888 0.0035003378476450298 0.017991381720548816
239 -324.89878833246905 0.003514907617709895 0.01843573871974513
240 -324.87990724267746 0.0035263544184431783 0.01888108979159142
241 -324.8605807562081 0.0035345476453352287 0.01932648646936741
242 -324.8408098390686 0.003539367171237817 0.019770917139510402
243 -324.82059653092585 0.0035407049001530133 0.020213308142729147
244 -324.7999440053421 0.0035384662817719015 0.020652525583727765
245 -324.77885662746047 0.003532571758678049 0.021087377881656266
246 -324.757340008322 0.003522958117060271 0.02151661913848102
247 -324.7354010549617 0.0035095797114413907 0.021938953360290725
248 -324.7130480153861 0.0034924095345862938 0.022353039575591538
249 -324.69029051750994 0.0034714401049478205 0.022757497876170873
250 -324.6671396011218 0.0034466841464209086 0.023150916388146925
251 -324.6436077419488 0.0034181750384246756 0.02353185917297651
252 -324.6197088669161 0.003385967018214031 0.02389887503272803
253 -324.59545835974455 0.0033501351224419773 0.02425050717152999
254 -324.570873056102 0.003310774860271426 0.024585303642538747
255 -324.5459712275995 0.0032680016164735592 0.024901828502493117
256 -324.52077255406977 0.0032219497892372884 0.025198673529757798
257 -324.49529808367333 0.0031727716736968947 0.025474470396432025
258 -324.4695701805557 0.0031206361084551437 0.025727903117626738
259 -324.4436124599633 0.0030657269082110528 0.025957720592430178
260 -324.4174497109078 0.003008241110601939 0.02616274905545879
261 -324.3911078066918 0.002948387069942826 0.026341904215996692
262 -324.3646136038142 0.002886382433658352 0.026494202877643147
263 -324.33799482998506 0.002822452039619061 0.026618773829113707
264 -324.3112799622096 0.002792549531532018 0.02671486777546761
265 -324.2844980960718 0.0027744973891661306 0.026781866137810084
266 -324.2576788075483 0.0027533128986273053 0.02681928852348392
267 -324.2308520088317 0.0027291136416676687 0.026826798716626854
268 -324.20404779976536 0.002702031937831584 0.02680420906631298
269 -324.1772963166036 0.002672213173306612 0.02675148316177456
270 -324.15062757983867 0.0026398140181469743 0.02666873676491832
271 -324.12407134288827 0.0026050005696282436 0.026556236950398215
272 -324.09765694339774 0.002567946459300252 0.026414399490533924
273 -324.0714131588572 0.00252883095981328 0.026243784540554316
274 -324.04536806815526 0.0024878371252790438 0.02604509070192762
275 -324.0195489205469 0.002445149995697879 0.02581914760833115
276 -323.9939820133782 0.0024009548921741786 0.025566907168752095
277 -323.96869257973026 0.0023554358253333046 0.02528943364791303
278 -323.9437046869452 0.002308774034940439 0.024987892785077293
279 -323.91904114681284 0.002261146674042605 0.024663540132337403
280 -323.8947234379683 0.00221272564659393 0.02431770884453499
281 -323.8707716408542 0.002163676603266537 0.023951797114136752
282 -323.8472043853925 0.002114158096330379 0.023567255461671266
283 -323.8240388113288 0.002064320890988375 0.02316557406368247
284 -323.8012905410136 0.0020143074277548245 0.022748270315219088
285 -323.77897366424304 0.0019642514279372136 0.022316876770560157
286 -323.757100734627 0.0019142776324767297 0.021872929616051806
287 -323.7356827768325 0.0018645016629379035 0.0214179577944833
288 -323.71472930395544 0.0018150299925996094 0.020953472877067725
289 -323.69424834419067 0.0017659600150515126 0.02048095976476816
290 -323.6742464759158 0.0017173801975888456 0.0200018682748464
291 -323.65472887026374 0.0016693703068480642 0.019517605652083603
292 -323.6356993402559 0.0016220016946826843 0.01902953000785601
293 -323.6171603955389 0.001575337632785695 0.01853894471696549
294 -323.5991133018198 0.0015294336854594082 0.018047093719133045
295 -323.5815581440866 0.0014843381107899345 0.01755515773317029
296 -323.564493892766 0.001440092281490321 0.01706425132061895
297 -323.5479184720049 0.0013967311175614588 0.0165754207611144
298 -323.5318288293177 0.0013542835240359236 0.016089642687177275
299 -323.5162210059069 0.0013127728279299644 0.015607823410789479
300 -323.5010902070169 0.0012722172094169273 0.015130798890027108
301 -323.48643087175776 0.0012326301232214107 0.014659335259125328
302 -323.4722367418906 0.0011940207068251996 0.014194129867178162
303 -323.4585009291318 0.0011563941729126337 0.013735812758795873
304 -323.4452159806001 0.0011197521841157937 0.013284948531691043
305 -323.43237394208575 0.0010840932085715016 0.012842038514349952
306 -323.419966418876 0.0010494128553950738 0.012407523209731153
307 -323.4079846339293 0.001015704189571115 0.011981784946726748
308 -323.39641948323447 0.0009829580260286158 0.011565150694821114
309 -323.3852615882346 0.0009511632030832565 0.011157894999882956
310 -323.3745013452441 0.0009203068355998142 0.010760242990500046
311 -323.3641289718128 0.0008903745483710493 0.010372373431266624
312 -323.3541345500278 0.0008613506905149823 0.009994421784995211
313 -323.3445080667759 0.0008332185315919893 0.009626483251906848
314 -323.33523945100274 0.000805960440423404 0.0092686157731805
315 -323.3263186080387 0.0007795580475039934 0.008920842964016629
316 -323.31773545106773 0.00075399239200271 0.008583156970985328
317 -323.3094799298329 0.0007292440543341036 0.008255521234843854
318 -323.3015420566909 0.0007052932752890269 0.007937873141997898
319 -323.2939119301189 0.0006821200626620227 0.007630126571996243
320 -323.2865797558087 0.0006597042863755904 0.0073321743101928405
321 -323.27953586546175 0.0006380257629145444 0.007043890346949411
322 -323.27277073341855 0.0006170643300386219 0.0067651320431991735
323 -323.2662749912514 0.0005967999125084181 0.006495742167146545
324 -323.2600394404506 0.000577212579662742 0.006235550800795409
325 -323.25405506332595 0.0005582825955457206 0.005984377124661933
326 -323.24831303225477 0.0005399904622675443 0.005742031071179099
327 -323.2428047173966 0.0005223169572713127 0.0055083148581616115
328 -323.23752169299127 0.0005052431650516484 0.005283024405343895
329 -323.23245574235386 0.0004887505038796737 0.005065950637401784
330 -323.22759886167967 0.0004728207480860745 0.004856880674196873
331 -323.22294326275596 0.0004574360462958581 0.004655598923704929
332 -323.21848137468857 0.000442578936087519 0.004461888067396558
333 -323.21420584472736 0.0004282323554552249 0.004275529961205393
334 -323.2101095382852 0.00041437965141153527 0.0040963064421362105
335 -323.2061855382331 0.0004024845362335938 0.003924000052109022
336 -323.2024271435438 0.0004003129278564166 0.0037583946893278153
337 -323.1988278673614 0.0003981550562101588 0.0035992761823990804
338 -323.19538143456293 0.00039601080600737415 0.0034464327984551346
339 -323.19208177887526 0.00039388006402762965 0.003299655687669656
340 -323.1889230395995 0.00039176271899882265 0.0031587392757614907
341 -323.18589955800417 0.00038965866147350203 0.0030234815953349425
342 -323.1830058734331 0.00038756778373322254 0.002893684571063204
343 -323.1802367191681 0.00038548997969273247 0.0027691542650245538
344 -323.17758701809674 0.0003834251448083803 0.0026497010713342206
345 -323.1750518782125 0.00038137317599967746 0.002535139884230375
346 -323.1726265879912 0.0003793339715736921 0.002425290221310661
347 -323.1703066116645 0.0003773074311609337 0.0023199763267029994
348 -323.1680875844281 0.0003752934556505161 0.002219027236378679
349 -323.1659653076003 0.0003732919471371443 0.0021222768278335025
350 -323.1639357437611 0.0003713028088626058 0.002029563839187176
351 -323.161995011888 0.00036932594517591344 0.0019407318731055057
352 -323.1601393825034 0.00036736126149067294 0.0018556293845790606
353 -323.15836527285774 0.0003654086642398968 0.0017741096456802552
354 -323.15666924215304 0.0003634680608458063 0.0016960307046929302
355 -323.1550479868262 0.0003615393596963501 0.0016212553268246666
356 -323.15349833589465 0.00035962247009052595 0.0015496509315653384
357 -323.1520172463832 0.0003577173022429325 0.001481089511457867
358 -323.15060179883153 0.0003558237672410258 0.0014154475516647835
359 -323.14924919289194 0.000353941777026634 0.0013526059395871926
360 -323.14795674302525 0.00035207124437852677 0.0012924498666961881
361 -323.146721874293 0.0003502120828960953 0.001234868732240102
362 -323.14554211825634 0.0003483642069820325 0.0011797560366630933
363 -323.14441510897916 0.00034652753181818596 0.001127009277183788
364 -323.14333857914096 0.00034470197336866626 0.0010765298382011679
365 -323.14231035625994 0.0003428874483600297 0.001028222881018337
366 -323.141328359024 0.0003410838742613498 0.0009819972359537132
367 -323.14039059373385 0.0003392911692866041 0.0009377652901321198
368 -323.1394951508588 0.0003375092523775769 0.0008954428750485022
369 -323.13864020169916 0.00033573804319986245 0.0008549491596454573
370 -323.1378239951597 0.00033397746212959767 0.0008162065394685669
371 -323.1370448546309 0.0003322274302462458 0.0007791405287775888
372 -323.1363011749751 0.0003304878693271007 0.0007436796558408787
373 -323.13559141962054 0.0003287587018424021 0.0007097553545349911
374 -323.1349141177559 0.00032703985094378885 0.000677301864641322
375 -323.13426786162324 0.0003253312404602471 0.0006462561326543437
376 -323.1336513039157 0.0003236327948894502 0.0006165577075307738
377 -323.1330631552669 0.00032194443940419815 0.0005881486488306109
378 -323.132502181835 0.00032026609982283016 0.0005609734319023119
379 -323.13196720297816 0.0003185977026340936 0.0005349788568196345
380 -323.1314570890211 0.0003169391749534012 0.0005101139570342639
381 -323.1309707591045 0.0003152904445659077 0.00048632991661179403
382 -323.13050717912085 0.00031365143987194255 0.0004635799836592014
383 -323.1300653597306 0.0003120220899255899 0.0004418193902324674
384 -323.1296443544589 0.0003104023243891696 0.0004210052717326107
385 -323.1292432578632 0.0003087920735589944 0.0004010965956808832
386 -323.1288612037832 0.0003071912683517142 0.00038205408003477714
387 -323.1284973636524 0.0003055998402921034 0.0003638401307739514
388 -323.1281509448862 0.0003040177215106188 0.0003464187661847973
389 -323.1278211893325 0.00030244484475216993 0.0003297555537074004
390 -323.1275073717851 0.0003008811433488634 0.0003138175474077798
391 -323.1272087985627 0.00029932655122805185 0.0002985732223805826
392 -323.1269248061447 0.0002977810029129446 0.00028399241801935204
393 -323.1266547598632 0.0002962444334998482 0.0002700462815141691
394 -323.12639805265184 0.00029471677867515256 0.0002567072113492941
395 -323.1261541038475 0.00029319797469379294 0.00024394880432510035
396 -323.1259223580422 0.0002916879583739207 0.00023174580530849198
397 -323.1257022839826 0.00029018666710900476 0.00022007405959811877
398 -323.1254933735188 0.00028869403884757006 0.00020891046381166234
399 -323.1252951405964 0.000287210012088035 0.00019823292240062074
400 -323.1251071202932 0.0002857345258826527 0.00018802030319875485
401 -323.1249288678954 0.0002842675198331257 0.00017825239780222546
402 -323.12475995801543 0.00028280893406579244 0.00016890987996021067
403 -323.1245999837475 0.00028135870925977136 0.0001599742679445626
404 -323.1244485558591 0.00027991678661715147 0.00015142788839739296
405 -323.12430530201834 0.00027848310785960617 0.0001432538407470929
406 -323.12416986605405 0.00027705761523594274 0.00013543596429599347
407 -323.1240419072493 0.0002756402515097789 0.00012795880473959187
408 -323.1239210996637 0.00027423095995599 0.00012080758563115523
409 -323.1238071314881 0.0002728296843488298 0.00011396817558306793
410 -323.12369970442546 0.00027143636897286605 0.00010742706263044965
411 -323.123598533099 0.0002700509586068267 0.0001011713264347236
412 -323.123503344488 0.00026867339851610605 9.518861105561882e-05
413 -323.12341387738445 0.00026730363445681693 8.946710352120135e-05
414 -323.1233298818788 0.0002659416126676306 8.399550563353841e-05
415 -323.1232511188646 0.0002645872798632265 7.876301424403209e-05
416 -323.1231773595657 0.0002632405832321272 7.37592988571123e-05
417 -323.12310838508506 0.0002619014704321465 6.897448065501521e-05
418 -323.12304398597206 0.00026056988958006455 6.439911300049062e-05
419 -323.1229839618114 0.00025924578925667907 6.002416063211058e-05
420 -323.1229281208258 0.0002579291184990895 5.5840985623945016e-05
421 -323.12287627950116 0.0002566198267819897 5.184132464819413e-05
422 -323.12282826222395 0.00025531786404142665 4.801727720860072e-05
423 -323.1227839009391 0.00025402318064288165 4.436128483575885e-05
424 -323.122743034818 0.0002527357273969244 4.08661211395156e-05
425 -323.12270550994356 0.00025145545553501014 3.7524874414884835e-05
426 -323.1226711790116 0.0002501823167275763 3.4330931953263644e-05
427 -323.1226399010397 0.0002489162630598951 3.127797191382342e-05
428 -323.12261154109484 0.00024765724704167713 2.8359944849398744e-05
429 -323.12258597002847 0.0002464052215944146 2.5571066373686335e-05
430 -323.12256306422677 0.0002451601400513814 2.2905801699835138e-05
431 -323.12254270536806 0.00024392195614825196 2.035885870554921e-05
432 -323.122524780195 0.00024269062403059483 1.7925173040111986e-05
433 -323.122509180295 0.00024146609822972565 1.5599899995777378e-05
434 -323.1224958018883 0.0002402483336854111 1.3378406720221392e-05
435 -323.12248454562973 0.00023903728571272875 1.1256258574121603e-05
436 -323.1224753164147 0.00023783291001794327 9.229215038430993e-06
437 -323.12246802319703 0.00023663516269573082 7.293217663573159e-06
438 -323.1224625788131 0.00023544400020009126 5.4443839303530694e-06
439 -323.1224588998141 0.00023425937938426067 3.678999007661332e-06
440 -323.122456906306 0.00023308125744486707 1.993508078612649e-06
441 -323.12245652179575 0.00023190959196106586 3.845102582999971e-07
442 -323.1224576730458 0.00023074434086922668 -1.151250046405039e-06
443 -323.1224602899331 0.00022958546246171219 -2.616887286421843e-06
444 -323.12246430531417 0.00022843291538493515 -4.01538108008026e-06
445 -323.12246965489993 0.0002272866586389144 -5.349585762814968e-06
446 -323.1224762771292 0.0002261466515705579 -6.622229250297096e-06
447 -323.1224841130549 0.00022501285386550274 -7.835925714516634e-06
448 -323.12249310623054 0.00022388522555144563 -8.99317564062585e-06
449 -323.122503202603 0.00022276372699653324 -1.0096372477619298e-05
450 -323.12251435041037 0.00022164831888926706 -1.114780735633758e-05
451 -323.12252650008435 0.000220538962256156 -1.2149673978001374e-05
452 -323.12253960415484 0.00021943561845338966 -1.310407049004425e-05
453 -323.1225536171622 0.00021833824914624378 -1.4013007387347898e-05
454 -323.1225684955714 0.00021724681632484533 -1.4878409160701267e-05
455 -323.1225841976884 0.00021616128229945408 -1.570211702528468e-05
456 -323.12260068358256 0.0002150816096774255 -1.6485894150264357e-05
457 -323.12261791501265 0.00021400776139557376 -1.7231430092579103e-05
458 -323.12263585535277 0.0002129397006731537 -1.7940340114819264e-05
459 -323.1226544695266 0.00021187739104922 -1.8614173825426406e-05
460 -323.1226737239383 0.00021082079635287299 -1.9254411711244757e-05
461 -323.12269358641225 0.00020976988070875446 -1.9862473948251136e-05
462 -323.12271402613203 0.0002087246085338279 -2.0439719776277343e-05
463 -323.12273501358266 0.00020768494453893283 -2.0987450625398196e-05
464 -323.12275652049544 0.000206650853717405 -2.150691278757222e-05
465 -323.12277851979604 0.0002056223013444658 -2.1999300599873095e-05
466 -323.12280098555345 0.0002045992529774998 -2.246575741082779e-05
467 -323.1228238929308 0.00020358167445244657 -2.290737734256254e-05
468 -323.1228472181424 0.00020256953187369753 -2.3325211600422335e-05
469 -323.12287093840496 0.00020156279162708568 -2.3720262561255367e-05
470 -323.1228950318987 0.00020056142035185243 -2.4093493721011328e-05
471 -323.12291947772644 0.00019956538496723741 -2.4445827762065164e-05
472 -323.1229442558724 0.00019857465265349372 -2.4778145984782896e-05
473 -323.1229693471697 0.00019758919083939785 -2.509129728878179e-05
474 -323.1229947332601 0.0001966089672245097 -2.5386090385381976e-05
475 -323.1230203965614 0.00019563394975646853 -2.5663301300937746e-05
476 -323.12304632023756 0.00019466410662982714 -2.5923676162165066e-05
477 -323.12307248816427 0.0001936994063031494 -2.616792670551149e-05
478 -323.12309888490097 0.00019273981746714686 -2.6396736700462498e-05
479 -323.1231254956608 0.00019178530906777125 -2.6610759846334986e-05
480 -323.1231523062846 0.00019083585027646066 -2.6810623808160017e-05
481 -323.12317930321524 0.00018989141052622172 -2.6996930614586745e-05
482 -323.1232064734705 0.00018895195946971866 -2.7170255236796947e-05
483 -323.1232338046199 0.00018801746699970145 -2.7331149397014087e-05
484 -323.1232612847629 0.00018708790323779256 -2.7480143046432204e-05
485 -323.1232889025059 0.00018616323853953842 -2.761774300097386e-05
486 -323.12331664694085 0.00018524344348086474 -2.7744434930809803e-05
487 -323.1233445076257 0.00018432848887123265 -2.7860684838287852e-05
488 -323.1233724745648 0.00018341834573271099 -2.7966939114776324e-05
489 -323.1234005381899 0.00018251298531590798 -2.806362510909821e-05
490 -323.12342868934456 0.00018161237908270733 -2.8151154651823163e-05
491 -323.1234569192638 0.00018071649871137518 -2.822991922357687e-05
492 -323.12348521956056 0.00017982531609744834 -2.8300296776251344e-05
493 -323.12351358220815 0.00017893880334796108 -2.836264758343532e-05
494 -323.1235419995275 0.00017805693276617962 -2.841731935632197e-05
495 -323.12357046417077 0.00017717967688396508 -2.8464643264669576e-05
496 -323.1235989691088 0.00017630700841742009 -2.8504938029527693e-05
497 -323.12362750761827 0.00017543890029936282 -2.8538509468489792e-05
498 -323.1236560732674 0.0001745753256534588 -2.856564913145121e-05
499 -323.1236846599052 0.0001737162578139828 -2.8586637824901118e-05
500 -323.12371326165146 0.0001728616702924568 -2.8601746237200132e-05
501 -323.12374187288225 0.00017201153681856152 -2.8611230789010733e-05
502 -323.13145651424855 0.033461179340387726 -0.007714641366305841
503 -323.13172595685865 0.0002126082117393513 -0.0002694426100902092
504 -323.1330290529414 6.740762412116297e-05 -0.0013030960827791205
505 -323.13010529797566 0.00040287926240545335 0.002923754965763692
506 -323.1302390398805 0.00022888345379623587 -0.00013374190484682913
507 -323.1260634568094 0.0008413958066311178 0.004175583071116762
508 -323.1281706279987 0.00011490473903521224 -0.0021071711893227985
509 -323.12881985226477 0.00012077277865946145 -0.0006492242660556258
510 -323.1301131991961 0.00019243239850652571 -0.001293346931333872
511 -323.1315342123097 0.0006150268104959666 -0.0014210131135996562
512 -323.1302533356169 0.00021874317943382238 0.001280876692817401
513 -323.1303674903096 4.962292806398594e-05 -0.00011415469271014445
514 -323.1308557526362 0.0004607196241440126 -0.00048826232659848756
515 -323.12961456772865 0.000734497119905031 0.0012411849075419923
516 -323.12966564410755 0.0003730396117627155 -5.1076378895231755e-05
517 -323.1302310891269 0.0001584605402026873 -0.0005654450193333105
518 -323.1304374560089 3.7468833269882484e-05 -0.00020636688202557707
519 -323.1314586222986 0.0001655417756580846 -0.001021166289717712
520 -323.1314322480124 6.703276696107263e-06 2.6374286221653165e-05
521 -323.13144823717556 1.745185786650172e-05 -1.5989163159702002e-05
522 -323.13150240456207 1.0193039513550772e-05 -5.416738650865227e-05
523 -323.13148111977944 2.857594508021144e-06 2.1284782633301802e-05
524 -323.13147926341986 1.297935600552691e-06 1.8563595745035855e-06
525 -323.13147937905774 7.089025511053393e-08 -1.1563787438717554e-07
526 -323.13148147185495 9.29114535336284e-06 -2.0927972173012677e-06
527 -323.13148215594686 4.925286695989239e-06 -6.840919013484381e-07
528 -323.13146047602635 1.772309203673661e-06 2.1679920507722272e-05
529 -323.1314445875673 6.6267761089644495e-06 1.58884590746311e-05
530 -323.1312690199944 2.786324252024297e-05 0.0001755675728531969
531 -323.13124005836033 2.4351158127156047e-06 2.8961634086499544e-05
532 -323.13122494032854 3.0876375921584653e-06 1.5118031797101139e-05
533 -323.1312311217412 7.049907233658281e-06 -6.1814126866011065e-06
534 -323.1312391135889 3.3299714343737463e-06 -7.991847667199181e-06
535 -323.13126255513725 6.85737161576494e-06 -2.3441548364644405e-05
536 -323.1312639777243 2.356294665828429e-06 -1.4225870472728275e-06
537 -323.1312602140517 1.6834328055992387e-06 3.7636726233358786e-06
538 -323.1312599792217 6.982984379622081e-08 2.3482999722546083e-07
539 -323.1312597733689 1.502918691165256e-07 2.0585275706253015e-07
540 -323.13125874794434 4.7046883044910004e-07 1.0254245808027918e-06
541 -323.1312569395455 2.5284160370953046e-07 1.8083988493344805e-06
542 -323.13125618692254 1.487151017331989e-07 7.526229524046357e-07
543 -323.13125619218647 1.4135373899160086e-07 -5.263927960186265e-09
544 -323.1312567173557 3.1418964446805475e-07 -5.251692414276476e-07
545 -323.13125668872044 8.56579073227337e-08 2.8635270155064063e-08
546 -323.13125657183025 6.364494886668126e-08 1.16890191748098e-07
547 -323.13125582605795 1.4059419178868993e-07 7.457722972503689e-07
548 -323.1312556055235 3.5034849854564953e-08 2.2053444581615622e-07
549 -323.1312556444231 4.16131351599347e-09 -3.889959998559789e-08
550 -323.13125568517665 3.916714286233969e-09 -4.075354809174314e-08
551 -323.13125570267476 5.988423701364098e-09 -1.749810962792253e-08
552 -323.13125568495843 3.378592183800322e-09 1.7716331512929173e-08
553 -323.1312556784314 3.867687448089185e-09 6.52704557069228e-09
554 -323.1312556843162 2.2662832166453484e-09 -5.884828624402871e-09
555 -323.1312556921694 3.0198766265421284e-09 -7.853202532714931e-09
556 -323.13125569525624 1.839584706786468e-09 -3.0868250178173184e-09
557 -323.13125569628437 5.995603458153198e-10 -1.0281269169354346e-09
558 -323.1312556965179 4.063320790947955e-10 -2.335127646801993e-10
559 -323.13125570018644 6.995843349066888e-10 -3.6685605664388277e-09
560 -323.1312557069742 1.1718653269987556e-09 -6.787729489587946e-09
561 -323.13125570760354 3.6782021872738824e-10 -6.293703336268663e-10
562 -323.13125570606957 9.466395445301146e-10 1.533976501377765e-09
563 -323.13125570439 4.068673176149673e-10 1.6795524970802944e-09
564 -323.1312557042754 1.8830620396315112e-10 1.1459633242338896e-10
565 -323.13125570468554 3.600381104362782e-11 -4.1012526708072983e-10
566 -323.13125570538955 5.345907050369192e-11 -7.040057425911073e-10
567 -323.1312557057825 3.2892038051568484e-11 -3.929585545847658e-10
568 -323.1312557057931 6.981197737954137e-12 -1.057287590811029e-11
569 -323.131255705693 1.1129486221506113e-11 1.0010126061388291e-10
570 -323.1312557055998 1.3918421970515737e-11 9.316636351286434e-11
571 -323.13125570560925 4.3600123511566835e-12 -9.43600753089413e-12
572 -323.1312557056476 7.542522162395926e-12 -3.836930773104541e-11
573 -323.1312557056658 2.6268431874143516e-12 -1.8189894035458565e-11
574 -323.13125570568235 3.5209613002962215e-12 -1.6541434888495132e-11
575 -323.13125570568695 2.7109425815297072e-12 -4.604316927725449e-12
576 -323.1312557056899 2.148559108405834e-12 -2.9558577807620168e-12
577 -323.13125570568553 3.3063551896361787e-12 4.376943252282217e-12
578 -323.1312557056834 1.5298318167822345e-12 2.1600499167107046e-12
579 -323.13125570568786 9.789391519632318e-13 -4.490630090003833e-12
580 -323.1312557056938 1.6153189896783715e-12 -5.9117155615240335e-12
581 -323.1312557057009 1.9382273563905983e-12 -7.105427357601002e-12
582 -323.131255705704 1.2310708008556048e-12 -3.126388037344441e-12
583 -323.13125570570287 7.137068713802819e-13 1.1368683772161603e-12
584 -323.13125570570116 3.1241675912951905e-13 1.7053025658242404e-12
585 -323.1312557057005 3.615996391204135e-13 6.821210263296962e-13
586 -323.13125570570037 2.6040281042583047e-13 1.1368683772161603e-13
587 -323.13125570569997 2.2104540420286867e-13 3.979039320256561e-13
588 -323.1312557056996 1.3367085216486885e-13 3.979039320256561e-13
589 -323.13125570569986 1.475486399726833e-13 -2.8421709430404007e-13
590 -323.13125570569923 1.1468603844377867e-13 6.252776074688882e-13
591 -323.13125570569946 9.25370891025068e-14 -2.2737367544323206e-13
592 -323.13125570569946 8.326672684688674e-14 0.0
593 -323.1312557056992 8.748557434046234e-14 2.8421709430404007e-13
594 -323.1312557056993 4.163336342344337e-14 -1.1368683772161603e-13
595 -323.13125570569935 2.015054789694659e-14 -5.684341886080802e-14
596 -323.13125570569946 4.052314039881821e-15 -1.1368683772161603e-13
ENERGY0: -323.13125570569946

--------------------------
Converged ROPPP Orbitals
--------------------------

orbital number 1 energy -10.754969254830455
[ 0.    0.01  0.    0.02  0.    0.    0.    0.    0.   -0.    0.    0.
  0.   -0.    0.04  0.11  0.38  0.1   0.04  0.    0.01  0.02  0.    0.
  0.    0.    0.    0.    0.04  0.1   0.38  0.11  0.04 -0.    0.    0.
  0.   -0.    0.28  0.08  0.02  0.01  0.02  0.08  0.    0.    0.    0.
 -0.    0.   -0.    0.    0.75  0.    0.    0.02  0.02  0.    0.   -0.
  0.02  0.02  0.    0.    0.    0.   -0.   -0.   -0.  ]
orbital number 2 energy -8.219325365692537
[-0.18 -0.08 -0.07 -0.1  -0.23 -0.17 -0.22 -0.17 -0.24 -0.07 -0.05 -0.06
 -0.05 -0.07 -0.11 -0.07 -0.06 -0.06 -0.1   0.18  0.08  0.1   0.07  0.23
  0.17  0.21  0.16  0.22  0.1   0.06  0.06  0.07  0.11  0.07  0.05  0.06
  0.05  0.07  0.    0.    0.    0.   -0.   -0.    0.   -0.   -0.   -0.
  0.    0.   -0.    0.    0.   -0.07 -0.06 -0.1  -0.12 -0.22 -0.24 -0.21
  0.12  0.1   0.06  0.07  0.24  0.22  0.21 -0.05  0.05]
orbital number 3 energy -8.210535696537947
[ 0.19  0.07  0.06  0.05  0.24  0.18  0.23  0.18  0.25  0.06  0.04  0.05
  0.04  0.07  0.05  0.02  0.    0.02  0.04  0.19  0.07  0.05  0.06  0.25
  0.18  0.24  0.18  0.24  0.04  0.02  0.    0.02  0.05  0.07  0.04  0.05
  0.04  0.06 -0.02 -0.01 -0.01 -0.   -0.01 -0.01 -0.   -0.   -0.   -0.
  0.   -0.    0.   -0.   -0.02  0.06  0.06  0.04  0.05  0.24  0.26  0.23
  0.05  0.04  0.06  0.06  0.26  0.24  0.23  0.05  0.05]
orbital number 4 energy -8.122122553598452
[ 0.07 -0.05 -0.08 -0.18  0.11  0.09  0.12  0.09  0.11 -0.1  -0.07 -0.09
 -0.07 -0.1  -0.25 -0.15 -0.13 -0.14 -0.22 -0.07  0.05  0.18  0.08 -0.11
 -0.09 -0.12 -0.09 -0.11  0.22  0.14  0.13  0.15  0.25  0.1   0.07  0.09
  0.07  0.1   0.    0.    0.    0.   -0.   -0.    0.   -0.   -0.   -0.
  0.    0.   -0.    0.    0.   -0.1  -0.09 -0.23 -0.27  0.11  0.12  0.12
  0.27  0.23  0.09  0.1  -0.12 -0.11 -0.12 -0.08  0.08]
orbital number 5 energy -8.084134762931075
[-0.04  0.05  0.19  0.06 -0.06 -0.05 -0.08 -0.06 -0.07  0.24  0.18  0.23
  0.18  0.25  0.06  0.03  0.    0.02  0.06 -0.04  0.05  0.06  0.19 -0.07
 -0.06 -0.08 -0.05 -0.06  0.06  0.02  0.    0.03  0.06  0.25  0.18  0.23
  0.18  0.24 -0.03 -0.01 -0.01 -0.01 -0.01 -0.01 -0.   -0.   -0.   -0.
 -0.   -0.   -0.   -0.   -0.03  0.26  0.24  0.06  0.07 -0.07 -0.07 -0.08
  0.07  0.06  0.24  0.26 -0.07 -0.07 -0.08  0.22  0.22]
orbital number 6 energy -8.066072628459747
[-0.01  0.01  0.17 -0.09 -0.02 -0.01 -0.02 -0.01 -0.02  0.22  0.17  0.22
  0.17  0.23 -0.14 -0.09 -0.07 -0.08 -0.12  0.01 -0.01  0.09 -0.17  0.02
  0.01  0.02  0.01  0.02  0.12  0.08  0.07  0.09  0.14 -0.24 -0.17 -0.22
 -0.17 -0.22  0.    0.    0.    0.   -0.   -0.    0.   -0.    0.    0.
  0.   -0.   -0.   -0.    0.    0.24  0.22 -0.13 -0.16 -0.02 -0.02 -0.02
  0.16  0.13 -0.22 -0.25  0.02  0.02  0.02  0.21 -0.21]
orbital number 7 energy -7.963941237963494
[ 0.01 -0.04  0.03 -0.22  0.02  0.02  0.03  0.02  0.02  0.06  0.05  0.07
  0.05  0.06 -0.3  -0.13 -0.02 -0.12 -0.26  0.01 -0.04 -0.22  0.03  0.02
  0.02  0.03  0.02  0.02 -0.26 -0.12 -0.02 -0.13 -0.3   0.06  0.05  0.07
  0.05  0.06  0.12  0.06  0.04  0.03  0.04  0.06  0.01  0.01  0.    0.
  0.    0.    0.    0.    0.14  0.07  0.06 -0.28 -0.35  0.03  0.03  0.04
 -0.35 -0.28  0.06  0.07  0.03  0.03  0.04  0.07  0.07]
orbital number 8 energy -7.349397653193018
[-0.   -0.01 -0.   -0.02 -0.01 -0.    0.    0.    0.01 -0.    0.    0.
  0.    0.    0.23  0.09 -0.02 -0.13 -0.27  0.    0.01  0.02  0.   -0.01
 -0.   -0.    0.    0.01  0.26  0.12  0.02 -0.09 -0.22 -0.   -0.   -0.
 -0.    0.    0.    0.    0.    0.    0.    0.    0.   -0.    0.    0.
  0.   -0.   -0.   -0.    0.    0.   -0.   -0.43  0.41 -0.01  0.01  0.
 -0.41  0.43  0.   -0.   -0.01  0.01 -0.    0.01 -0.01]
orbital number 9 energy -7.348351680130267
[-0.   -0.01 -0.   -0.02 -0.01 -0.    0.01  0.    0.   -0.    0.    0.01
  0.    0.    0.22  0.09 -0.01 -0.12 -0.27 -0.   -0.01 -0.02 -0.    0.
  0.    0.01 -0.   -0.01 -0.27 -0.12 -0.01  0.1   0.22  0.    0.    0.01
  0.   -0.    0.02  0.01  0.01  0.01  0.01  0.01  0.    0.    0.    0.
  0.    0.    0.    0.    0.01  0.   -0.   -0.43  0.4  -0.01  0.01  0.01
  0.4  -0.44 -0.    0.    0.01 -0.01  0.01  0.01  0.01]
orbital number 10 energy -7.315479366725086
[-0.04 -0.01 -0.   -0.    0.27  0.18  0.15 -0.1  -0.37 -0.    0.    0.01
  0.    0.    0.01  0.01  0.   -0.   -0.   -0.01 -0.   -0.   -0.   -0.05
 -0.01  0.02  0.02  0.03  0.    0.   -0.   -0.   -0.    0.    0.    0.
  0.   -0.   -0.   -0.   -0.   -0.   -0.   -0.   -0.   -0.    0.   -0.
 -0.    0.   -0.   -0.   -0.    0.   -0.01 -0.    0.02  0.45 -0.67  0.24
 -0.    0.   -0.    0.   -0.08  0.05  0.03  0.01  0.  ]
orbital number 11 energy -7.315415711789369
[-0.01 -0.   -0.   -0.    0.03  0.02  0.02 -0.01 -0.05 -0.    0.    0.
  0.    0.    0.    0.    0.   -0.   -0.    0.04  0.01  0.    0.    0.37
  0.09 -0.15 -0.18 -0.27  0.    0.   -0.   -0.01 -0.01 -0.   -0.   -0.01
 -0.    0.    0.    0.    0.    0.    0.    0.    0.    0.   -0.    0.
  0.   -0.    0.    0.    0.    0.   -0.   -0.    0.    0.05 -0.08  0.03
 -0.02  0.01  0.01 -0.    0.67 -0.45 -0.24  0.   -0.01]
orbital number 12 energy -7.252423339289093
[ 0.13  0.04  0.02  0.01  0.24 -0.03 -0.3  -0.11  0.05 -0.   -0.02 -0.04
 -0.01  0.02 -0.   -0.01 -0.01 -0.01 -0.01 -0.1  -0.03 -0.   -0.01 -0.04
  0.08  0.23  0.02 -0.18  0.01  0.01  0.01  0.    0.   -0.01  0.01  0.03
  0.01  0.    0.    0.    0.    0.    0.    0.    0.    0.    0.    0.
 -0.   -0.    0.    0.    0.    0.03 -0.   -0.02 -0.01  0.42  0.09 -0.52
  0.01  0.02  0.   -0.02 -0.07 -0.32  0.39 -0.05  0.04]
orbital number 13 energy -7.252195992946387
[ 0.1   0.03  0.01  0.    0.18 -0.02 -0.23 -0.08  0.04 -0.   -0.01 -0.03
 -0.01  0.01 -0.   -0.   -0.   -0.01 -0.01  0.13  0.04  0.    0.02  0.05
 -0.11 -0.3  -0.03  0.24 -0.01 -0.01 -0.   -0.   -0.    0.02 -0.01 -0.04
 -0.02 -0.    0.01  0.01  0.    0.    0.    0.01  0.    0.   -0.    0.
  0.   -0.    0.    0.    0.    0.02 -0.   -0.02 -0.01  0.31  0.07 -0.39
 -0.01 -0.03 -0.    0.03  0.09  0.42 -0.52 -0.04 -0.05]
orbital number 14 energy -7.198523006083869
[-0.01  0.    0.02  0.   -0.02 -0.    0.02  0.01 -0.   -0.31 -0.17 -0.1
  0.11  0.36 -0.   -0.    0.    0.    0.   -0.    0.    0.    0.   -0.
  0.    0.    0.   -0.    0.    0.    0.   -0.   -0.    0.06  0.02 -0.02
 -0.03 -0.05  0.    0.    0.    0.    0.    0.    0.    0.    0.    0.
 -0.    0.   -0.    0.   -0.    0.64 -0.51  0.   -0.   -0.03 -0.01  0.03
 -0.    0.   -0.08  0.1  -0.   -0.    0.01 -0.15 -0.02]
orbital number 15 energy -7.198383460745372
[-0.    0.    0.    0.   -0.   -0.    0.    0.   -0.   -0.05 -0.03 -0.02
  0.02  0.06 -0.   -0.   -0.    0.    0.    0.01 -0.   -0.   -0.02  0.
 -0.01 -0.02  0.    0.02 -0.   -0.   -0.    0.    0.   -0.36 -0.11  0.1
  0.17  0.31 -0.   -0.   -0.   -0.   -0.   -0.   -0.   -0.   -0.   -0.
  0.    0.   -0.   -0.    0.    0.1  -0.08  0.   -0.   -0.01 -0.    0.
  0.   -0.    0.51 -0.64  0.01  0.03 -0.03 -0.02  0.16]
orbital number 16 energy -7.111656872627455
[-0.    0.04  0.14  0.01 -0.02  0.    0.02  0.   -0.01  0.22 -0.06 -0.35
 -0.12  0.09 -0.   -0.01 -0.01 -0.01 -0.01  0.   -0.02 -0.   -0.08  0.01
 -0.   -0.01 -0.    0.01  0.    0.    0.    0.    0.   -0.05  0.06  0.2
  0.03 -0.12  0.    0.    0.    0.    0.    0.    0.    0.    0.    0.
  0.   -0.    0.    0.    0.    0.17  0.4  -0.02 -0.01 -0.04 -0.03  0.04
  0.    0.01 -0.22 -0.1   0.02  0.02 -0.02 -0.59  0.33]
orbital number 17 energy -7.111438181241791
[-0.    0.02  0.08  0.   -0.01  0.    0.01  0.   -0.01  0.13 -0.03 -0.2
 -0.06  0.05 -0.   -0.   -0.   -0.   -0.01 -0.    0.04  0.01  0.14 -0.01
  0.    0.02  0.   -0.02 -0.01 -0.01 -0.01 -0.   -0.    0.09 -0.12 -0.35
 -0.06  0.22  0.01  0.01  0.01  0.01  0.01  0.01  0.    0.   -0.    0.
  0.   -0.    0.    0.    0.    0.1   0.22 -0.01 -0.01 -0.02 -0.02  0.02
 -0.01 -0.02  0.4   0.17 -0.03 -0.04  0.04 -0.33 -0.59]
orbital number 18 energy -6.861000410713703
[-0.   -0.01 -0.   -0.03  0.    0.   -0.    0.    0.    0.    0.   -0.
 -0.    0.   -0.03  0.05  0.14  0.05 -0.04 -0.   -0.01 -0.03 -0.    0.
  0.   -0.    0.    0.   -0.04  0.05  0.14  0.05 -0.03  0.   -0.   -0.
  0.    0.   -0.35 -0.37 -0.39 -0.37 -0.39 -0.37 -0.15 -0.15 -0.06 -0.05
 -0.05 -0.06 -0.05 -0.05  0.1   0.01  0.01 -0.09 -0.08  0.    0.   -0.
 -0.08 -0.09  0.01  0.01  0.    0.   -0.   -0.01 -0.01]
orbital number 19 energy -5.8841436482266545
[ 0.01  0.02  0.01  0.05 -0.    0.    0.    0.   -0.   -0.    0.    0.
  0.   -0.    0.03  0.28  0.4   0.27  0.01 -0.01 -0.02 -0.05 -0.01  0.
 -0.   -0.   -0.    0.   -0.01 -0.27 -0.4  -0.28 -0.03  0.   -0.   -0.
 -0.    0.    0.   -0.   -0.   -0.    0.    0.   -0.    0.   -0.   -0.
  0.    0.   -0.    0.    0.   -0.01 -0.01 -0.31 -0.3  -0.01 -0.01 -0.
  0.3   0.31  0.01  0.01  0.01  0.01  0.   -0.    0.  ]
orbital number 20 energy -5.330563983059881
[-0.12 -0.18 -0.1  -0.2  -0.03 -0.04 -0.02 -0.04 -0.04 -0.02 -0.02 -0.01
 -0.03 -0.02 -0.09 -0.18 -0.12 -0.16 -0.07 -0.12 -0.18 -0.2  -0.1  -0.04
 -0.04 -0.02 -0.04 -0.03 -0.07 -0.16 -0.12 -0.18 -0.09 -0.02 -0.03 -0.01
 -0.02 -0.02  0.22  0.06 -0.13 -0.18 -0.13  0.06 -0.15 -0.15 -0.08 -0.06
 -0.07 -0.08 -0.07 -0.06  0.14  0.1   0.1   0.27  0.27  0.12  0.12  0.06
  0.27  0.27  0.1   0.1   0.12  0.12  0.06  0.04  0.04]
orbital number 21 energy -5.212860756380668
[-0.   -0.   -0.   -0.   -0.   -0.   -0.   -0.   -0.   -0.   -0.   -0.
 -0.   -0.   -0.    0.    0.    0.   -0.    0.    0.    0.    0.    0.
  0.    0.    0.    0.    0.   -0.   -0.   -0.    0.    0.    0.    0.
  0.    0.    0.   -0.25 -0.33 -0.    0.33  0.25 -0.43  0.43 -0.24 -0.19
 -0.23  0.24  0.23  0.19 -0.    0.    0.    0.    0.    0.    0.    0.
 -0.   -0.   -0.   -0.   -0.   -0.   -0.    0.   -0.  ]
orbital number 22 energy -5.180923325147009
[ 0.25  0.25  0.19  0.15  0.09  0.12  0.06  0.13  0.1   0.05  0.06  0.03
  0.07  0.06  0.02 -0.05 -0.09 -0.05  0.02 -0.25 -0.25 -0.15 -0.19 -0.1
 -0.13 -0.06 -0.12 -0.09 -0.02  0.05  0.09  0.05 -0.02 -0.06 -0.07 -0.03
 -0.06 -0.05  0.   -0.   -0.01 -0.    0.01  0.   -0.01  0.01 -0.   -0.
 -0.    0.    0.    0.    0.   -0.18 -0.18 -0.07 -0.06 -0.25 -0.25 -0.18
  0.06  0.07  0.18  0.18  0.25  0.25  0.18 -0.1   0.1 ]
orbital number 23 energy -5.126630231866723
[ 0.21  0.17  0.15  0.04  0.08  0.12  0.06  0.12  0.09  0.04  0.06  0.02
  0.06  0.05 -0.03 -0.12 -0.12 -0.11 -0.02  0.21  0.17  0.04  0.15  0.09
  0.12  0.06  0.12  0.08 -0.02 -0.11 -0.12 -0.12 -0.03  0.05  0.06  0.02
  0.06  0.04  0.25  0.1  -0.11 -0.17 -0.11  0.1  -0.17 -0.17 -0.1  -0.08
 -0.09 -0.1  -0.09 -0.08  0.07 -0.14 -0.14  0.05  0.05 -0.22 -0.22 -0.17
  0.05  0.05 -0.14 -0.14 -0.22 -0.22 -0.17 -0.09 -0.09]
orbital number 24 energy -4.895473614716414
[-0.12  0.07  0.21  0.06 -0.09 -0.16 -0.1  -0.17 -0.1   0.1   0.16  0.08
  0.17  0.11  0.02 -0.01 -0.03 -0.01  0.01 -0.11  0.06  0.06  0.19 -0.09
 -0.16 -0.09 -0.15 -0.08  0.01 -0.01 -0.03 -0.01  0.02  0.1   0.15  0.08
  0.15  0.09  0.08  0.04 -0.02 -0.04 -0.02  0.04 -0.07 -0.07 -0.04 -0.03
 -0.04 -0.04 -0.04 -0.03 -0.01 -0.24 -0.24 -0.03 -0.03  0.19  0.19  0.22
 -0.03 -0.03 -0.23 -0.22  0.17  0.17  0.21 -0.23 -0.21]
orbital number 25 energy -4.894108513652039
[-0.11  0.07  0.2   0.05 -0.08 -0.15 -0.09 -0.16 -0.09  0.1   0.15  0.08
  0.16  0.11  0.01 -0.01 -0.03 -0.01  0.01  0.12 -0.07 -0.05 -0.21  0.09
  0.17  0.1   0.16  0.09 -0.01  0.02  0.03  0.01 -0.01 -0.11 -0.17 -0.09
 -0.16 -0.11 -0.   -0.    0.    0.    0.   -0.    0.    0.    0.    0.
  0.    0.    0.    0.    0.   -0.23 -0.23 -0.02 -0.02  0.17  0.17  0.2
  0.02  0.02  0.25  0.25 -0.18 -0.18 -0.22 -0.22  0.24]
orbital number 26 energy -4.712701453560416
[-0.01  0.08 -0.07  0.22 -0.02 -0.06 -0.04 -0.07 -0.03 -0.06 -0.11 -0.07
 -0.11 -0.06  0.11  0.07 -0.05  0.06  0.09 -0.01  0.08  0.22 -0.07 -0.03
 -0.07 -0.04 -0.06 -0.02  0.09  0.06 -0.05  0.07  0.11 -0.06 -0.11 -0.07
 -0.11 -0.06  0.23  0.18 -0.03 -0.06 -0.03  0.18 -0.29 -0.29 -0.18 -0.14
 -0.18 -0.18 -0.18 -0.14 -0.12  0.11  0.11 -0.18 -0.18  0.05  0.05  0.08
 -0.18 -0.18  0.11  0.11  0.05  0.05  0.08  0.15  0.15]
orbital number 27 energy -4.454132150366243
[-0.07 -0.24 -0.03 -0.34  0.03  0.13  0.11  0.14  0.03  0.05  0.16  0.11
  0.16  0.05 -0.11  0.07  0.19  0.08 -0.1   0.07  0.24  0.34  0.03 -0.03
 -0.14 -0.11 -0.13 -0.03  0.1  -0.08 -0.19 -0.07  0.11 -0.05 -0.16 -0.11
 -0.16 -0.05  0.    0.    0.    0.   -0.   -0.    0.   -0.    0.    0.
 -0.   -0.    0.   -0.   -0.   -0.08 -0.08  0.15  0.15 -0.04 -0.05 -0.17
 -0.15 -0.15  0.08  0.08  0.05  0.04  0.17 -0.21  0.21]
orbital number 28 energy -4.1971565426084405
[ 0.12  0.21  0.09  0.15 -0.   -0.12 -0.11 -0.12 -0.   -0.02 -0.12 -0.1
 -0.12 -0.02  0.   -0.13 -0.11 -0.12  0.01  0.12  0.21  0.15  0.09 -0.
 -0.12 -0.11 -0.12 -0.    0.01 -0.12 -0.11 -0.13  0.   -0.02 -0.12 -0.1
 -0.12 -0.02  0.17 -0.   -0.16 -0.31 -0.16 -0.    0.25  0.25  0.19  0.13
  0.18  0.19  0.18  0.13  0.12  0.02  0.02 -0.01 -0.01  0.    0.    0.15
 -0.01 -0.01  0.02  0.02  0.    0.    0.15  0.15  0.15]
orbital number 29 energy -3.8272336601850037
[-0.2  -0.16 -0.15  0.1  -0.03  0.13  0.14  0.13 -0.04 -0.02  0.11  0.11
  0.12 -0.02  0.11  0.09 -0.06  0.03  0.07 -0.2  -0.16  0.1  -0.15 -0.04
  0.13  0.14  0.13 -0.03  0.07  0.03 -0.05  0.09  0.11 -0.02  0.12  0.11
  0.11 -0.02  0.28  0.14 -0.17 -0.37 -0.17  0.14  0.13  0.13  0.11  0.07
  0.11  0.11  0.11  0.07 -0.11  0.02  0.02 -0.08 -0.11  0.04  0.04 -0.16
 -0.11 -0.08  0.02  0.02  0.04  0.04 -0.16 -0.14 -0.14]
orbital number 30 energy -3.7319714385974327
[-0.   -0.    0.   -0.   -0.   -0.    0.    0.    0.    0.   -0.   -0.
 -0.    0.   -0.01 -0.01 -0.    0.01  0.01  0.    0.    0.   -0.   -0.
 -0.   -0.    0.    0.   -0.01 -0.01  0.    0.01  0.01 -0.    0.    0.
  0.   -0.    0.   -0.45 -0.36 -0.    0.36  0.45  0.24 -0.24  0.22  0.14
  0.21 -0.22 -0.21 -0.14 -0.   -0.   -0.   -0.01  0.01  0.    0.   -0.
 -0.01  0.01  0.    0.   -0.   -0.    0.    0.   -0.  ]
orbital number 31 energy -3.6558832013217266
[ 0.1   0.05  0.06 -0.09  0.02 -0.06 -0.07 -0.05  0.03  0.01 -0.04 -0.04
 -0.04  0.01 -0.28 -0.34  0.07  0.37  0.18 -0.1  -0.05  0.09 -0.06 -0.03
  0.05  0.07  0.06 -0.02 -0.17 -0.35 -0.07  0.32  0.26 -0.01  0.04  0.04
  0.04 -0.01  0.    0.01  0.01 -0.   -0.01 -0.01 -0.01  0.01 -0.   -0.
 -0.    0.    0.    0.   -0.   -0.01 -0.01 -0.18  0.27 -0.02 -0.03  0.07
 -0.26  0.17  0.01  0.01  0.03  0.02 -0.07  0.05 -0.05]
orbital number 32 energy -3.6551582932285602
[ 0.02  0.01  0.02 -0.02  0.   -0.01 -0.01 -0.01  0.01  0.   -0.01 -0.01
 -0.01  0.    0.22  0.35 -0.   -0.37 -0.24  0.01  0.01 -0.02  0.02  0.
 -0.   -0.01 -0.01  0.   -0.25 -0.39 -0.    0.37  0.23  0.   -0.01 -0.01
 -0.01  0.   -0.01 -0.01  0.01  0.02  0.01 -0.01 -0.   -0.   -0.   -0.
 -0.   -0.   -0.   -0.    0.01 -0.   -0.    0.25 -0.21 -0.   -0.    0.01
 -0.23  0.26 -0.   -0.   -0.   -0.    0.01  0.02  0.01]
orbital number 33 energy -3.613635576163435
[ 0.25  0.1   0.17 -0.26  0.05 -0.16 -0.16 -0.12  0.08  0.04 -0.1  -0.12
 -0.11  0.03 -0.04  0.18  0.16 -0.09 -0.21 -0.25 -0.1   0.26 -0.17 -0.08
  0.12  0.16  0.16 -0.05  0.21  0.09 -0.16 -0.18  0.04 -0.03  0.11  0.12
  0.1  -0.04  0.   -0.   -0.   -0.    0.    0.    0.   -0.    0.    0.
  0.   -0.   -0.   -0.   -0.   -0.03 -0.04  0.21  0.04 -0.05 -0.07  0.17
 -0.04 -0.21  0.04  0.03  0.07  0.05 -0.17  0.13 -0.13]
orbital number 34 energy -3.491884136921952
[ 0.    0.    0.    0.    0.26  0.4   0.   -0.39 -0.26 -0.   -0.   -0.
  0.    0.   -0.   -0.   -0.   -0.01 -0.    0.    0.    0.   -0.   -0.23
 -0.34  0.01  0.34  0.22 -0.   -0.01 -0.   -0.    0.    0.    0.    0.
 -0.   -0.   -0.01 -0.    0.    0.01  0.   -0.   -0.   -0.   -0.   -0.
 -0.   -0.   -0.   -0.    0.01 -0.    0.    0.    0.   -0.25  0.24 -0.
 -0.    0.    0.   -0.    0.21 -0.22 -0.    0.   -0.  ]
orbital number 35 energy -3.4913982513806925
[ 0.02  0.01  0.01 -0.02  0.23  0.33 -0.01 -0.34 -0.22  0.   -0.01 -0.01
 -0.    0.   -0.01  0.01  0.01 -0.   -0.01 -0.02 -0.01  0.02 -0.01  0.26
  0.4   0.   -0.39 -0.27  0.01  0.   -0.01 -0.01  0.01 -0.    0.    0.01
  0.01  0.    0.    0.   -0.   -0.   -0.    0.    0.   -0.    0.    0.
  0.    0.   -0.   -0.   -0.   -0.   -0.    0.01  0.01 -0.22  0.2   0.01
 -0.01 -0.01  0.    0.   -0.24  0.26 -0.    0.01 -0.01]
orbital number 36 energy -3.3777523883780116
[ 0.02 -0.   -0.02 -0.    0.01 -0.01 -0.01 -0.01  0.01  0.28  0.45  0.02
 -0.42 -0.3   0.    0.01  0.    0.    0.    0.02 -0.   -0.01 -0.02  0.
 -0.01 -0.01 -0.01  0.01 -0.    0.    0.    0.01 -0.   -0.19 -0.27  0.01
  0.3   0.19  0.    0.   -0.   -0.01 -0.    0.    0.    0.    0.    0.
  0.    0.    0.    0.   -0.01  0.28 -0.27 -0.   -0.   -0.01 -0.    0.01
 -0.    0.   -0.18  0.18 -0.   -0.01  0.01 -0.02 -0.01]
orbital number 37 energy -3.377442628541422
[ 0.01 -0.   -0.02  0.01  0.   -0.   -0.   -0.    0.    0.18  0.3   0.02
 -0.27 -0.2   0.   -0.   -0.01 -0.    0.   -0.01  0.   -0.01  0.03 -0.
  0.01  0.01  0.   -0.01 -0.    0.    0.   -0.   -0.    0.3   0.42 -0.02
 -0.45 -0.28 -0.   -0.    0.    0.    0.   -0.   -0.   -0.   -0.   -0.
  0.    0.   -0.   -0.    0.    0.18 -0.18 -0.   -0.   -0.   -0.    0.
  0.    0.    0.27 -0.28  0.    0.01 -0.01 -0.02  0.02]
orbital number 38 energy -3.301041530744196
[-0.3   0.03  0.32  0.02 -0.1   0.14  0.19  0.14 -0.1   0.11 -0.13 -0.2
 -0.19  0.08 -0.01 -0.03 -0.01 -0.01 -0.   -0.3   0.03  0.02  0.31 -0.1
  0.14  0.19  0.14 -0.1  -0.   -0.02 -0.01 -0.03 -0.01  0.07 -0.18 -0.19
 -0.13  0.11 -0.02 -0.02  0.01  0.03  0.01 -0.02 -0.   -0.   -0.   -0.
 -0.01 -0.   -0.01 -0.    0.03 -0.07 -0.11 -0.    0.01  0.09  0.09 -0.18
  0.01 -0.   -0.1  -0.07  0.09  0.09 -0.17  0.2   0.19]
orbital number 39 energy -3.297146947690956
[-0.27  0.03  0.33 -0.03 -0.09  0.13  0.17  0.13 -0.09  0.11 -0.14 -0.21
 -0.19  0.09 -0.02 -0.    0.02  0.01 -0.02  0.28 -0.03  0.03 -0.34  0.1
 -0.13 -0.18 -0.13  0.09  0.02 -0.01 -0.02  0.    0.02 -0.09  0.2   0.21
  0.15 -0.12  0.    0.    0.   -0.   -0.   -0.   -0.    0.   -0.   -0.
  0.    0.   -0.    0.   -0.   -0.08 -0.11  0.01  0.02  0.08  0.08 -0.16
 -0.02 -0.01  0.11  0.08 -0.09 -0.08  0.16  0.21 -0.21]
orbital number 40 energy -2.858875636773311
[ 0.11 -0.09  0.15 -0.32  0.05 -0.04 -0.07 -0.05  0.05  0.06 -0.07 -0.09
 -0.06  0.06 -0.05  0.24  0.14  0.25 -0.04  0.11 -0.09 -0.32  0.15  0.05
 -0.05 -0.07 -0.04  0.05 -0.04  0.25  0.14  0.24 -0.05  0.06 -0.06 -0.09
 -0.07  0.06  0.16  0.19 -0.07 -0.24 -0.07  0.19  0.02  0.02  0.02  0.01
  0.04  0.02  0.04  0.01 -0.34 -0.05 -0.05  0.03  0.04 -0.04 -0.04  0.06
  0.04  0.03 -0.05 -0.05 -0.04 -0.04  0.06  0.08  0.08]
orbital number 41 energy -0.9496292679963809
[ 0.   -0.01  0.    0.    0.   -0.   -0.   -0.    0.    0.   -0.   -0.
 -0.    0.    0.    0.   -0.    0.    0.   -0.    0.01 -0.   -0.   -0.
  0.    0.    0.   -0.   -0.   -0.    0.   -0.   -0.   -0.    0.    0.
  0.   -0.   -0.    0.07 -0.02  0.    0.02 -0.07 -0.13  0.13  0.29 -0.54
  0.32 -0.29 -0.32  0.54  0.   -0.   -0.   -0.   -0.   -0.   -0.    0.
  0.    0.    0.    0.    0.    0.   -0.    0.   -0.  ]
orbital number 42 energy -0.9321429893187787
[-0.    0.   -0.    0.   -0.    0.    0.    0.   -0.   -0.    0.    0.
  0.   -0.   -0.   -0.    0.   -0.   -0.   -0.    0.    0.   -0.   -0.
  0.    0.    0.   -0.   -0.   -0.    0.   -0.   -0.   -0.    0.    0.
  0.   -0.   -0.01  0.   -0.    0.07 -0.    0.   -0.13 -0.13  0.29 -0.54
  0.32  0.29  0.32 -0.54  0.    0.    0.    0.    0.    0.    0.   -0.
  0.    0.    0.    0.    0.    0.   -0.   -0.   -0.  ]
orbital number 43 energy 0.0
[-0.06  0.5  -0.08 -0.   -0.13  0.02  0.13  0.02 -0.14 -0.14  0.02  0.13
  0.03 -0.14 -0.16 -0.04  0.17 -0.04 -0.15  0.06 -0.5   0.    0.08  0.14
 -0.02 -0.13 -0.02  0.13  0.15  0.04 -0.17  0.04  0.16  0.14 -0.03 -0.13
 -0.02  0.14 -0.    0.   -0.   -0.    0.   -0.   -0.    0.    0.03 -0.01
 -0.02 -0.03  0.02  0.01 -0.    0.08  0.08  0.08  0.08  0.07  0.07 -0.07
 -0.08 -0.08 -0.08 -0.08 -0.07 -0.07  0.07 -0.07  0.07]
orbital number 44 energy 0.22221721809176165
[ 0.04 -0.37  0.04  0.06  0.1  -0.01 -0.1  -0.01  0.1   0.1  -0.01 -0.1
 -0.01  0.1   0.11 -0.04 -0.09 -0.04  0.1   0.04 -0.37  0.06  0.04  0.1
 -0.01 -0.1  -0.01  0.1   0.1  -0.04 -0.09 -0.04  0.11  0.1  -0.01 -0.1
 -0.01  0.1   0.03 -0.05 -0.01  0.06 -0.01 -0.05 -0.01 -0.01  0.34 -0.01
 -0.33  0.34 -0.33 -0.01  0.1  -0.06 -0.06 -0.06 -0.05 -0.05 -0.05  0.05
 -0.05 -0.06 -0.06 -0.06 -0.05 -0.05  0.05  0.05  0.05]
orbital number 45 energy 0.7289409341406841
[-0.03  0.34 -0.04 -0.07 -0.09  0.01  0.09  0.01 -0.09 -0.09  0.01  0.09
  0.01 -0.09 -0.09  0.05  0.08  0.04 -0.09 -0.03  0.34 -0.07 -0.04 -0.09
  0.01  0.09  0.01 -0.09 -0.09  0.04  0.08  0.05 -0.09 -0.09  0.01  0.09
  0.01 -0.09 -0.01  0.05  0.   -0.04  0.    0.05 -0.01 -0.01  0.37 -0.01
 -0.37  0.37 -0.37 -0.01 -0.1   0.05  0.05  0.05  0.05  0.05  0.05 -0.05
  0.05  0.05  0.05  0.05  0.05  0.05 -0.05 -0.05 -0.05]
orbital number 46 energy 0.8389736671653272
[ 0.   -0.03  0.    0.    0.01 -0.   -0.01 -0.    0.01  0.01 -0.   -0.01
 -0.    0.01  0.01  0.   -0.01  0.    0.01 -0.    0.03 -0.   -0.   -0.01
  0.    0.01  0.   -0.01 -0.01 -0.    0.01 -0.   -0.01 -0.01  0.    0.01
  0.   -0.01  0.    0.01  0.    0.   -0.   -0.01 -0.01  0.01  0.51 -0.02
 -0.49 -0.51  0.49  0.02  0.   -0.   -0.   -0.   -0.   -0.   -0.    0.
  0.    0.    0.    0.    0.    0.   -0.    0.   -0.  ]
orbital number 47 energy 2.9921532007151526
[-0.08 -0.13 -0.07  0.35  0.08  0.03 -0.11  0.03  0.08  0.07  0.03 -0.09
  0.02  0.07 -0.13 -0.23  0.39 -0.24 -0.13  0.08  0.13 -0.35  0.07 -0.08
 -0.03  0.11 -0.03 -0.08  0.13  0.24 -0.38  0.23  0.13 -0.07 -0.02  0.09
 -0.03 -0.07 -0.    0.02 -0.02 -0.    0.02 -0.02 -0.01  0.01  0.    0.01
  0.   -0.   -0.   -0.01 -0.   -0.03 -0.03  0.05  0.05 -0.03 -0.03  0.04
 -0.05 -0.05  0.03  0.03  0.03  0.03 -0.04  0.04 -0.04]
orbital number 48 energy 3.0545240315430813
[ 0.04  0.06  0.03 -0.17 -0.04 -0.02  0.05 -0.02 -0.04 -0.03 -0.01  0.05
 -0.01 -0.03  0.06  0.12 -0.19  0.11  0.08  0.04  0.06 -0.17  0.03 -0.04
 -0.02  0.05 -0.02 -0.04  0.08  0.11 -0.19  0.12  0.06 -0.04 -0.01  0.05
 -0.01 -0.03  0.48 -0.28 -0.21  0.49 -0.21 -0.28 -0.06 -0.06  0.04  0.1
  0.06  0.04  0.06  0.1   0.01  0.01  0.01 -0.03 -0.02  0.02  0.01 -0.02
 -0.02 -0.03  0.01  0.01  0.02  0.02 -0.02 -0.02 -0.02]
orbital number 49 energy 3.1968493380787026
[ 0.    0.    0.   -0.02 -0.   -0.    0.01 -0.   -0.   -0.   -0.    0.
 -0.   -0.    0.01  0.01 -0.02  0.01  0.01 -0.   -0.    0.02 -0.    0.
  0.   -0.01  0.    0.   -0.01 -0.01  0.02 -0.01 -0.01  0.    0.   -0.
  0.    0.   -0.    0.46 -0.45 -0.    0.45 -0.46 -0.13  0.13  0.1   0.22
  0.1  -0.1  -0.1  -0.22 -0.    0.    0.   -0.   -0.    0.    0.   -0.
  0.    0.   -0.   -0.   -0.   -0.    0.   -0.    0.  ]
orbital number 50 energy 3.591896391754531
[ 0.    0.    0.01 -0.01 -0.    0.    0.   -0.    0.   -0.01 -0.    0.01
 -0.01 -0.01  0.36 -0.31 -0.    0.31 -0.35  0.    0.   -0.01  0.01  0.
 -0.   -0.    0.   -0.   -0.36  0.32 -0.   -0.32  0.38 -0.01 -0.01  0.01
 -0.   -0.01  0.01 -0.   -0.    0.01 -0.   -0.   -0.   -0.    0.    0.
  0.    0.    0.    0.    0.    0.    0.    0.13 -0.13  0.   -0.    0.
 -0.14  0.13  0.    0.   -0.    0.    0.   -0.   -0.01]
orbital number 51 energy 3.5937304044130935
[ 0.02 -0.   -0.02  0.   -0.   -0.01  0.02 -0.   -0.01  0.01  0.01 -0.02
  0.01  0.01 -0.37  0.33 -0.01 -0.32  0.37 -0.02  0.   -0.    0.02  0.01
  0.   -0.02  0.01  0.   -0.35  0.3   0.01 -0.31  0.36 -0.01 -0.01  0.02
 -0.01 -0.01 -0.   -0.    0.   -0.   -0.    0.    0.    0.   -0.   -0.
 -0.   -0.    0.    0.   -0.   -0.   -0.   -0.14  0.13  0.    0.   -0.01
 -0.13  0.13  0.    0.   -0.   -0.    0.01  0.01 -0.01]
orbital number 52 energy 3.635301300146765
[ 0.31 -0.03 -0.23 -0.01 -0.15 -0.16  0.33 -0.12 -0.2   0.14  0.1  -0.25
  0.1   0.14  0.02 -0.01 -0.01  0.    0.01  0.29 -0.03 -0.01 -0.22 -0.19
 -0.11  0.32 -0.16 -0.14  0.01  0.   -0.01 -0.01  0.02  0.14  0.09 -0.24
  0.09  0.14 -0.02  0.01  0.01 -0.03  0.01  0.01  0.01  0.01 -0.01 -0.01
 -0.   -0.01 -0.   -0.01  0.01 -0.05 -0.05 -0.   -0.01  0.05  0.07 -0.12
 -0.01 -0.   -0.05 -0.05  0.07  0.05 -0.12  0.09  0.09]
orbital number 53 energy 3.63749107465105
[-0.28  0.03  0.23 -0.02  0.14  0.15 -0.3   0.11  0.18 -0.15 -0.1   0.26
 -0.1  -0.15 -0.02  0.03 -0.02 -0.    0.02  0.29 -0.03  0.02 -0.24 -0.19
 -0.11  0.32 -0.16 -0.14 -0.02  0.    0.02 -0.03  0.02  0.15  0.1  -0.27
  0.11  0.15 -0.    0.   -0.   -0.    0.   -0.    0.    0.   -0.   -0.
  0.    0.   -0.   -0.    0.    0.05  0.05 -0.01  0.01 -0.05 -0.07  0.11
 -0.01  0.01 -0.06 -0.06  0.07  0.05 -0.12 -0.1   0.1 ]
orbital number 54 energy 3.7009985170078834
[-0.02  0.    0.02 -0.    0.44 -0.37 -0.03  0.39 -0.41 -0.01 -0.    0.02
 -0.01 -0.01  0.   -0.    0.    0.   -0.   -0.01  0.    0.    0.01 -0.27
  0.26 -0.02 -0.24  0.29 -0.    0.    0.   -0.   -0.   -0.   -0.01  0.01
 -0.   -0.01  0.   -0.   -0.    0.   -0.   -0.   -0.   -0.    0.    0.
  0.    0.    0.    0.   -0.    0.    0.    0.   -0.   -0.16  0.15  0.01
  0.    0.    0.    0.    0.1  -0.1   0.01 -0.01 -0.  ]
orbital number 55 energy 3.701108872537453
[-0.01  0.    0.01 -0.    0.29 -0.24 -0.02  0.26 -0.27 -0.01 -0.    0.01
 -0.01 -0.01  0.   -0.   -0.    0.   -0.    0.02 -0.    0.   -0.02  0.41
 -0.39  0.03  0.37 -0.44  0.   -0.    0.    0.   -0.    0.01  0.01 -0.02
  0.01  0.02 -0.    0.    0.   -0.    0.   -0.    0.    0.   -0.   -0.
 -0.   -0.   -0.   -0.    0.    0.    0.    0.   -0.   -0.1   0.1   0.01
  0.   -0.   -0.01 -0.   -0.15  0.16 -0.01 -0.01  0.01]
orbital number 56 energy 3.810493451564915
[-0.   -0.    0.    0.    0.   -0.    0.    0.   -0.    0.5  -0.44 -0.
  0.45 -0.5   0.   -0.    0.    0.   -0.    0.   -0.   -0.    0.   -0.
 -0.    0.   -0.    0.    0.    0.   -0.    0.    0.   -0.1   0.09  0.
 -0.09  0.1  -0.    0.    0.   -0.    0.    0.    0.    0.   -0.   -0.
 -0.   -0.    0.   -0.    0.    0.18 -0.18  0.   -0.   -0.    0.   -0.
 -0.   -0.   -0.04  0.04  0.   -0.   -0.    0.   -0.  ]
orbital number 57 energy 3.810646868547907
[-0.    0.   -0.    0.    0.   -0.   -0.    0.   -0.    0.1  -0.09 -0.
  0.09 -0.1  -0.   -0.    0.   -0.   -0.    0.    0.   -0.   -0.    0.
 -0.    0.    0.   -0.    0.    0.   -0.    0.   -0.    0.5  -0.45  0.
  0.44 -0.5   0.   -0.   -0.    0.   -0.   -0.   -0.   -0.    0.    0.
 -0.    0.    0.    0.   -0.    0.04 -0.04  0.    0.   -0.    0.    0.
  0.   -0.    0.18 -0.18 -0.    0.    0.    0.   -0.  ]
orbital number 58 energy 3.93289002753704
[ 0.19 -0.14  0.27 -0.13 -0.08 -0.1   0.2  -0.1  -0.08 -0.13 -0.13  0.29
 -0.13 -0.13  0.12 -0.   -0.11 -0.02  0.14  0.19 -0.14 -0.13  0.27 -0.08
 -0.1   0.2  -0.1  -0.08  0.14 -0.02 -0.11 -0.    0.12 -0.13 -0.13  0.29
 -0.13 -0.13 -0.12  0.02  0.11 -0.19  0.11  0.02  0.07  0.07 -0.05 -0.08
 -0.04 -0.05 -0.04 -0.08  0.14  0.04  0.05 -0.05 -0.04  0.03  0.03 -0.07
 -0.04 -0.05  0.05  0.04  0.03  0.03 -0.07 -0.1  -0.1 ]
orbital number 59 energy 4.095218291823077
[-0.22  0.24 -0.28 -0.08  0.08  0.12 -0.24  0.12  0.08  0.11  0.15 -0.3
  0.14  0.12 -0.01  0.09 -0.12  0.1  -0.02  0.22 -0.24  0.08  0.28 -0.08
 -0.12  0.24 -0.12 -0.08  0.02 -0.1   0.12 -0.09  0.01 -0.12 -0.14  0.3
 -0.15 -0.11 -0.    0.   -0.   -0.    0.   -0.   -0.    0.    0.    0.
  0.   -0.   -0.   -0.    0.   -0.04 -0.04  0.01  0.01 -0.03 -0.03  0.08
 -0.01 -0.01  0.04  0.04  0.03  0.03 -0.08  0.11 -0.11]
orbital number 60 energy 4.406739387123659
[ 0.1  -0.18  0.11  0.24 -0.02 -0.07  0.12 -0.07 -0.02 -0.03 -0.07  0.13
 -0.07 -0.03 -0.13 -0.07  0.23 -0.07 -0.13  0.1  -0.18  0.24  0.11 -0.02
 -0.07  0.12 -0.07 -0.02 -0.13 -0.07  0.23 -0.07 -0.13 -0.03 -0.07  0.13
 -0.07 -0.03 -0.02  0.12 -0.16  0.23 -0.16  0.12 -0.25 -0.25  0.14  0.23
  0.13  0.14  0.13  0.23 -0.19  0.01  0.01  0.04  0.04  0.01  0.01 -0.04
  0.04  0.04  0.01  0.01  0.01  0.01 -0.04 -0.04 -0.04]
orbital number 61 energy 4.880310888536384
[-0.03  0.11 -0.04 -0.24 -0.    0.04 -0.05  0.04 -0.   -0.    0.04 -0.06
  0.04 -0.    0.16 -0.01 -0.14 -0.02  0.17 -0.03  0.11 -0.24 -0.04 -0.
  0.04 -0.05  0.04 -0.    0.17 -0.02 -0.14 -0.01  0.16 -0.    0.04 -0.06
  0.04 -0.   -0.32  0.19  0.03 -0.05  0.03  0.19 -0.33 -0.33  0.16  0.26
  0.16  0.16  0.16  0.26  0.21  0.    0.   -0.05 -0.05  0.    0.    0.02
 -0.05 -0.05  0.    0.    0.    0.    0.02  0.02  0.02]
orbital number 62 energy 5.186909272825467
[-0.    0.    0.    0.   -0.   -0.    0.    0.   -0.   -0.   -0.    0.
 -0.   -0.   -0.   -0.    0.    0.   -0.    0.   -0.   -0.   -0.    0.
 -0.   -0.    0.    0.    0.   -0.   -0.    0.    0.    0.    0.   -0.
  0.    0.    0.   -0.15  0.25 -0.   -0.25  0.15 -0.47  0.47  0.21  0.33
  0.21 -0.21 -0.21 -0.33 -0.    0.    0.    0.    0.    0.    0.   -0.
 -0.   -0.   -0.   -0.   -0.   -0.    0.   -0.    0.  ]
orbital number 63 energy 5.803835775159584
[ 0.03  0.08  0.01 -0.31 -0.06  0.07 -0.08  0.07 -0.06 -0.04  0.05 -0.06
  0.05 -0.04  0.29 -0.25  0.21 -0.25  0.3  -0.03 -0.08  0.31 -0.01  0.06
 -0.07  0.08 -0.07  0.06 -0.3   0.25 -0.21  0.25 -0.29  0.04 -0.05  0.06
 -0.05  0.04  0.   -0.    0.    0.   -0.    0.   -0.    0.    0.    0.
 -0.   -0.    0.   -0.   -0.    0.01  0.01 -0.09 -0.08  0.02  0.02  0.02
  0.08  0.09 -0.01 -0.01 -0.02 -0.02 -0.02  0.02 -0.02]
orbital number 64 energy 6.064919215037337
[-0.14  0.    0.    0.12  0.16 -0.16  0.17 -0.16  0.15 -0.    0.   -0.
  0.   -0.   -0.14  0.15 -0.18  0.15 -0.14 -0.14  0.    0.12  0.    0.15
 -0.16  0.17 -0.16  0.16 -0.14  0.15 -0.18  0.15 -0.14 -0.    0.   -0.
  0.   -0.    0.11 -0.19  0.28 -0.28  0.28 -0.19 -0.18 -0.18  0.07  0.09
  0.07  0.07  0.07  0.09  0.1   0.    0.    0.04  0.04 -0.04 -0.04 -0.05
  0.04  0.04  0.    0.   -0.04 -0.04 -0.05  0.    0.  ]
orbital number 65 energy 6.099463827022548
[-0.24  0.05  0.11 -0.04  0.25 -0.25  0.26 -0.24  0.25 -0.13  0.14 -0.15
  0.14 -0.13  0.03 -0.03  0.02 -0.03  0.03  0.24 -0.05  0.04 -0.11 -0.24
  0.24 -0.26  0.25 -0.25 -0.03  0.03 -0.02  0.02 -0.03  0.13 -0.14  0.15
 -0.14  0.13 -0.    0.   -0.    0.   -0.    0.    0.    0.   -0.   -0.
 -0.   -0.   -0.   -0.   -0.    0.04  0.04 -0.01 -0.01 -0.07 -0.07 -0.07
  0.01  0.01 -0.04 -0.04  0.07  0.07  0.07  0.04 -0.04]
orbital number 66 energy 6.106040179854798
[ 0.2  -0.04 -0.12  0.08 -0.2   0.2  -0.21  0.2  -0.2   0.14 -0.15  0.16
 -0.15  0.14 -0.08  0.08 -0.09  0.08 -0.08  0.2  -0.04  0.08 -0.12 -0.2
  0.2  -0.21  0.2  -0.2  -0.08  0.08 -0.09  0.08 -0.08  0.14 -0.15  0.16
 -0.15  0.14  0.08 -0.12  0.17 -0.16  0.17 -0.12 -0.1  -0.1   0.04  0.05
  0.04  0.04  0.04  0.05  0.04 -0.04 -0.04  0.02  0.02  0.06  0.05  0.06
  0.02  0.02 -0.04 -0.04  0.06  0.06  0.06 -0.05 -0.05]
orbital number 67 energy 6.263198785739595
[-0.14  0.12 -0.25 -0.06  0.12 -0.11  0.11 -0.11  0.12  0.24 -0.24  0.25
 -0.23  0.24  0.04 -0.01 -0.   -0.02  0.04 -0.13  0.11 -0.06 -0.24  0.12
 -0.11  0.11 -0.11  0.12  0.04 -0.01 -0.   -0.01  0.04  0.24 -0.23  0.24
 -0.23  0.24 -0.09  0.09 -0.11  0.1  -0.11  0.09  0.06  0.06 -0.02 -0.03
 -0.02 -0.02 -0.02 -0.03  0.03 -0.07 -0.07 -0.01 -0.01 -0.03 -0.03 -0.03
 -0.01 -0.01 -0.07 -0.07 -0.03 -0.03 -0.03 -0.07 -0.07]
orbital number 68 energy 6.270408031880708
[ 0.14 -0.12  0.25  0.09 -0.12  0.11 -0.11  0.11 -0.12 -0.24  0.24 -0.24
  0.23 -0.24 -0.06  0.04 -0.03  0.04 -0.06 -0.14  0.13 -0.09 -0.25  0.13
 -0.11  0.11 -0.11  0.13  0.06 -0.05  0.03 -0.04  0.06  0.25 -0.24  0.25
 -0.24  0.25 -0.    0.   -0.    0.   -0.    0.    0.    0.   -0.   -0.
 -0.   -0.   -0.   -0.    0.    0.07  0.07  0.02  0.02  0.03  0.03  0.03
 -0.02 -0.02 -0.07 -0.07 -0.03 -0.03 -0.03  0.07 -0.07]
orbital number 69 energy 6.577911353500781
[-0.03  0.05 -0.04 -0.14  0.02 -0.02  0.02 -0.02  0.02  0.03 -0.02  0.02
 -0.02  0.03  0.15 -0.2   0.31 -0.21  0.16 -0.03  0.05 -0.14 -0.04  0.02
 -0.02  0.02 -0.02  0.02  0.16 -0.21  0.31 -0.2   0.15  0.03 -0.02  0.02
 -0.02  0.03  0.31 -0.24  0.22 -0.19  0.22 -0.24 -0.1  -0.1   0.04  0.05
  0.03  0.04  0.03  0.05 -0.3  -0.01 -0.01 -0.04 -0.04 -0.01 -0.01 -0.
 -0.04 -0.04 -0.01 -0.01 -0.01 -0.01 -0.   -0.01 -0.01]

Orbital occupation numbers:
1: 2.000000
2: 2.000000
3: 2.000000
4: 2.000000
5: 2.000000
6: 2.000000
7: 2.000000
8: 2.000000
9: 2.000000
10: 2.000000
11: 2.000000
12: 2.000000
13: 2.000000
14: 2.000000
15: 2.000000
16: 2.000000
17: 2.000000
18: 2.000000
19: 2.000000
20: 2.000000
21: 2.000000
22: 2.000000
23: 2.000000
24: 2.000000
25: 2.000000
26: 2.000000
27: 2.000000
28: 2.000000
29: 2.000000
30: 2.000000
31: 2.000000
32: 2.000000
33: 2.000000
34: 2.000000
35: 2.000000
36: 2.000000
37: 2.000000
38: 2.000000
39: 2.000000
40: 2.000000
41: 2.000000
42: 2.000000
43: 1.000000
44: 1.000000
45: -0.000000
46: -0.000000
47: 0.000000
48: -0.000000
49: -0.000000
50: -0.000000
51: -0.000000
52: -0.000000
53: -0.000000
54: 0.000000
55: 0.000000
56: 0.000000
57: 0.000000
58: -0.000000
59: -0.000000
60: 0.000000
61: 0.000000
62: 0.000000
63: -0.000000
64: 0.000000
65: 0.000000
66: -0.000000
67: -0.000000
68: -0.000000
69: 0.000000

------------------------
Starting ExROPPP calculation for diradical in rotated basis
------------------------

Coulomb Matrix in MO basis, J_ij = (ii|jj):
 [[9.35563699 1.91928098 1.78107603 ... 1.64769077 1.58501512 4.50987218]
 [1.91928098 2.21336328 2.26739955 ... 1.55104874 1.59763147 1.51508682]
 [1.78107603 2.26739955 2.34882928 ... 1.54116959 1.58951023 1.41001226]
 ...
 [1.64769077 1.55104874 1.54116959 ... 1.81823991 1.8460699  1.34036681]
 [1.58501512 1.59763147 1.58951023 ... 1.8460699  1.89090697 1.27568362]
 [4.50987218 1.51508682 1.41001226 ... 1.34036681 1.27568362 2.97996701]]
Coulomb Matrix in MO basis, K_ij = (ij|ji):
 [[9.35563699e+00 1.21524743e-02 5.35052748e-03 ... 6.82613890e-03
  1.94664223e-03 5.87160298e-01]
 [1.21524743e-02 2.21336328e+00 1.09917219e+00 ... 3.59733857e-02
  3.99621844e-02 1.18106158e-02]
 [5.35052748e-03 1.09917219e+00 2.34882928e+00 ... 3.78768725e-02
  4.13954221e-02 3.13205877e-03]
 ...
 [6.82613890e-03 3.59733857e-02 3.78768725e-02 ... 1.81823991e+00
  1.13070594e+00 8.83452396e-02]
 [1.94664223e-03 3.99621844e-02 4.13954221e-02 ... 1.13070594e+00
  1.89090697e+00 4.87682705e-02]
 [5.87160298e-01 1.18106158e-02 3.13205877e-03 ... 8.83452396e-02
  4.87682705e-02 2.97996701e+00]]
Checking that the Hamiltonian is symmetric (a value of zero means matrix is symmetric) ... 
Frobenius norm of matrix - matrix transpose = 0.000000.

Lowest 300 states. WARNING - Some states may not be included in the spectrum.

Diagonalizing Hamiltonian using the sparse matrix method ...

