                    ---------------------------------
                    | Radical ExROPPP Calculation |
                    ---------------------------------

Molecule: Trimethylenemethane.xyz radical

--------------------------------
Cartesian Coordinates / Angstrom
--------------------------------

C     0.0000000000        0.0000000000        0.0000000000
C    -0.7110493426        1.2315735881        0.0000000000
C    -0.7110493426	     -1.2315735881        0.0000000000
C     1.4220986853        0.0000000000        0.0000000000
H    -1.8036606581        1.2519198128        0.0000000000
H    -0.1823640323	     -2.1879758561        0.0000000000
H     1.9860246904	     -0.9360560434        0.0000000000
H    -0.1823640323        2.1879758561        0.0000000000
H    -1.8036606581       -1.2519198128        0.0000000000
H     1.9860246904        0.9360560434        0.0000000000

There are 4 heavy atoms.
There are 4 electrons in 4 orbitals.


Carbon 1e params: A = -22.717075 b = 1.705616

Nitrogen 1e params: alphan2 = -17.681338 Acn2 = -24.737202 bcn2 = 1.433639

Chlorine 1e params: alphacl = -10.335674 Accl = -26.021937 bccl=1.451861

Carbon 2e params: U = 8.420838 r0 = 1.173157

Nitrogen 2e params: Un2n2 = 17.979843 r0n2n2 = 1.111791

Chlorine 2e params: Uclcl= 9.642991 r0clcl = 2.253316

Mixed 2e params: Ucn2 = 13.200341 Uccl = 9.031915 Un2cl = 13.811417 r0cn2 =1.142474 r0ccl = 1.713237 r0n2cl = 1.682554
[8.42083845 3.80654793 3.80654793 3.80654793]

-------------------------------------
Restricted Open-shell PPP Calculation
-------------------------------------

Starting SCF cycle...

Iter   Energy        Dens Change      Energy Change
-----------------------------------------------------
0 -0.4412950611518316 3.95650179285667e-12 -0.4412950611518316
1 -0.4412950611518227 1.3992140779350848e-12 8.881784197001252e-15
2 -0.44129506115183426 4.946043574705072e-13 -1.1546319456101628e-14
3 -0.44129506115183625 1.7474910407599964e-13 -1.9984014443252818e-15
4 -0.4412950611518254 6.217248937900877e-14 1.0880185641326534e-14
5 -0.4412950611518376 2.1649348980190553e-14 -1.2212453270876722e-14
6 -0.4412950611518327 7.549516567451064e-15 4.884981308350689e-15
7 -0.44129506115182804 3.1086244689504383e-15 4.6629367034256575e-15
ENERGY0: -0.44129506115182804
FCIDUMP file written to FCIDUMP/FCIDUMP_Trimethylenemethane


--------------------------
Converged ROPPP Orbitals
--------------------------

orbital number 1 energy -5.382703738238951
[0.71 0.41 0.41 0.41]
orbital number 2 energy 0.0
[ 0.    0.57 -0.79  0.23]
orbital number 3 energy 6.217248937900877e-15
[-0.    0.59  0.2  -0.78]
orbital number 4 energy 5.382703738238961
[-0.71  0.41  0.41  0.41]

Orbital occupation numbers:
1: 2.000000
2: 1.000000
3: 1.000000
4: 0.000000

------------------------
Starting ExROPPP calculation for diradical in rotated basis
------------------------

Dimensions of CI matrix: (24, 24)
Checking that the Hamiltonian is symmetric (a value of zero means matrix is symmetric) ... 
Frobenius norm of matrix - matrix transpose = 0.000000.

Using dense solver (eigh) on each block ...

Diagonalisation complete. Returning 24 states.

Checking that the Dipole matrix is symmetric (a value of zero means matrix is symmetric) ... 
Frobenius norm of matrix - matrix transpose = 0.00000             0.00000, 0.00000.

Energy of the lowest CI state: -4.1553136356291285

State 0 0.000 eV 
Excitation    CI Coef
|3^OS>    0.97262
|3X^CV(1->1')>   -0.23238
Ground state is triplet
TDMs with Triplet 'Ground' state
TDMX:-0.000   TDMY:0.000   TDMZ:0.000   Oscillator Strength:0.00000   <S**2>: 2.000
--------------------------------------------------------------------
TDMs with Singlet 'Ground' state
TDMX:0.000   TDMY:0.000   TDMZ:0.000   Oscillator Strength:-0.00000   <S**2>: 2.000
--------------------------------------------------------------------


State 1 0.893 eV 
Excitation    CI Coef
|1^OS>    0.74269
|1^ZW->   -0.46906
|1^CS(1->0)>   -0.09393
|1^CS(1->0')>    0.32462
|1^SV(0->1')>   -0.09393
|1^SV(0'->1')>    0.32462
TDMs with Triplet 'Ground' state
TDMX:0.000   TDMY:0.000   TDMZ:0.000   Oscillator Strength:0.00000   <S**2>: 0.000
--------------------------------------------------------------------
TDMs with Singlet 'Ground' state
TDMX:-0.000   TDMY:0.000   TDMZ:0.000   Oscillator Strength:0.00000   <S**2>: 0.000
--------------------------------------------------------------------


State 2 0.893 eV 
Excitation    CI Coef
|1^OS>   -0.46906
|1^ZW->   -0.74269
|1^CS(1->0)>    0.32462
|1^CS(1->0')>    0.09393
|1^SV(0->1')>    0.32462
|1^SV(0'->1')>    0.09393
TDMs with Triplet 'Ground' state
TDMX:0.000   TDMY:0.000   TDMZ:0.000   Oscillator Strength:0.00000   <S**2>: 0.000
--------------------------------------------------------------------
TDMs with Singlet 'Ground' state
TDMX:0.000   TDMY:0.000   TDMZ:0.000   Oscillator Strength:0.00000   <S**2>: 0.000
--------------------------------------------------------------------


State 3 3.177 eV 
Excitation    CI Coef
|3^CS(1->0)>    0.63116
|3^CS(1->0')>    0.18263
|3^SV(0->1')>   -0.63116
|3^SV(0'->1')>    0.18263
|3S^CV(1->1')>    0.19734
|3^ZCV0(1->1')>    0.22095
|3^ZCV0'(2->1')>   -0.22095
TDMs with Triplet 'Ground' state
TDMX:-0.000   TDMY:-0.000   TDMZ:0.000   Oscillator Strength:0.00000   <S**2>: 2.000
--------------------------------------------------------------------
TDMs with Singlet 'Ground' state
TDMX:0.000   TDMY:0.000   TDMZ:0.000   Oscillator Strength:0.00000   <S**2>: 2.000
--------------------------------------------------------------------


State 4 3.177 eV 
Excitation    CI Coef
|3^CS(1->0)>    0.18263
|3^CS(1->0')>   -0.63116
|3^SV(0->1')>   -0.18263
|3^SV(0'->1')>   -0.63116
|3S^CV(1->1')>    0.31247
|3^ZCV0(1->1')>   -0.13954
|3^ZCV0'(2->1')>    0.13954
TDMs with Triplet 'Ground' state
TDMX:0.000   TDMY:-0.000   TDMZ:0.000   Oscillator Strength:0.00000   <S**2>: 2.000
--------------------------------------------------------------------
TDMs with Singlet 'Ground' state
TDMX:0.000   TDMY:0.000   TDMZ:0.000   Oscillator Strength:0.00000   <S**2>: 2.000
--------------------------------------------------------------------


State 5 3.736 eV 
Excitation    CI Coef
|1^ZW+>    0.96441
|1^CSD_(1,1)>   -0.18696
|1^SVD_(1',1')>   -0.18696
TDMs with Triplet 'Ground' state
TDMX:0.000   TDMY:0.000   TDMZ:0.000   Oscillator Strength:0.00000   <S**2>: 0.000
--------------------------------------------------------------------
TDMs with Singlet 'Ground' state
TDMX:-0.000   TDMY:-1.641   TDMZ:0.000   Oscillator Strength:0.18755   <S**2>: 0.000
--------------------------------------------------------------------


State 6 4.155 eV 
Excitation    CI Coef
|5^CV(1->1')>    1.00000
TDMs with Triplet 'Ground' state
TDMX:0.000   TDMY:0.000   TDMZ:0.000   Oscillator Strength:0.00000   <S**2>: 6.000
--------------------------------------------------------------------
TDMs with Singlet 'Ground' state
TDMX:0.000   TDMY:0.000   TDMZ:0.000   Oscillator Strength:0.00000   <S**2>: 6.000
--------------------------------------------------------------------


State 7 5.835 eV 
Excitation    CI Coef
|3^CS(1->0)>    0.67925
|3^CS(1->0')>    0.19652
|3^SV(0->1')>    0.67925
|3^SV(0'->1')>   -0.19652
TDMs with Triplet 'Ground' state
TDMX:-0.000   TDMY:-1.407   TDMZ:0.000   Oscillator Strength:0.28287   <S**2>: 2.000
--------------------------------------------------------------------
TDMs with Singlet 'Ground' state
TDMX:0.000   TDMY:0.000   TDMZ:0.000   Oscillator Strength:0.00000   <S**2>: 2.000
--------------------------------------------------------------------


State 8 5.835 eV 
Excitation    CI Coef
|3^CS(1->0)>    0.19652
|3^CS(1->0')>   -0.67925
|3^SV(0->1')>    0.19652
|3^SV(0'->1')>    0.67925
TDMs with Triplet 'Ground' state
TDMX:-1.407   TDMY:0.000   TDMZ:0.000   Oscillator Strength:0.28287   <S**2>: 2.000
--------------------------------------------------------------------
TDMs with Singlet 'Ground' state
TDMX:0.000   TDMY:0.000   TDMZ:0.000   Oscillator Strength:0.00000   <S**2>: 2.000
--------------------------------------------------------------------


State 9 6.802 eV 
Excitation    CI Coef
|1^CS(1->0)>    0.60961
|1^CS(1->0')>    0.17639
|1^SV(0->1')>   -0.60961
|1^SV(0'->1')>   -0.17639
|1S^CV(1->1')>   -0.23552
|1^ZCV0(1->1')>   -0.26369
|1^ZCV0'(1->1')>    0.26369
TDMs with Triplet 'Ground' state
TDMX:0.000   TDMY:0.000   TDMZ:0.000   Oscillator Strength:0.00000   <S**2>: 0.000
--------------------------------------------------------------------
TDMs with Singlet 'Ground' state
TDMX:-0.000   TDMY:1.205   TDMZ:0.000   Oscillator Strength:0.21022   <S**2>: 0.000
--------------------------------------------------------------------


State 10 6.802 eV 
Excitation    CI Coef
|1^CS(1->0)>   -0.17639
|1^CS(1->0')>    0.60961
|1^SV(0->1')>    0.17639
|1^SV(0'->1')>   -0.60961
|1S^CV(1->1')>    0.37291
|1^ZCV0(1->1')>   -0.16654
|1^ZCV0'(1->1')>    0.16654
TDMs with Triplet 'Ground' state
TDMX:0.000   TDMY:0.000   TDMZ:0.000   Oscillator Strength:0.00000   <S**2>: 0.000
--------------------------------------------------------------------
TDMs with Singlet 'Ground' state
TDMX:1.205   TDMY:0.000   TDMZ:0.000   Oscillator Strength:0.21022   <S**2>: 0.000
--------------------------------------------------------------------


State 11 7.298 eV 
Excitation    CI Coef
|1^OS>   -0.25519
|1^ZW->   -0.40407
|1^CS(1->0)>   -0.59665
|1^CS(1->0')>   -0.17265
|1^SV(0->1')>   -0.59665
|1^SV(0'->1')>   -0.17265
TDMs with Triplet 'Ground' state
TDMX:0.000   TDMY:0.000   TDMZ:0.000   Oscillator Strength:0.00000   <S**2>: 0.000
--------------------------------------------------------------------
TDMs with Singlet 'Ground' state
TDMX:0.000   TDMY:0.000   TDMZ:0.000   Oscillator Strength:0.00000   <S**2>: 0.000
--------------------------------------------------------------------


State 12 7.298 eV 
Excitation    CI Coef
|1^OS>   -0.40407
|1^ZW->    0.25519
|1^CS(1->0)>   -0.17265
|1^CS(1->0')>    0.59665
|1^SV(0->1')>   -0.17265
|1^SV(0'->1')>    0.59665
TDMs with Triplet 'Ground' state
TDMX:0.000   TDMY:0.000   TDMZ:0.000   Oscillator Strength:0.00000   <S**2>: 0.000
--------------------------------------------------------------------
TDMs with Singlet 'Ground' state
TDMX:0.000   TDMY:-0.000   TDMZ:0.000   Oscillator Strength:0.00000   <S**2>: 0.000
--------------------------------------------------------------------


State 13 8.412 eV 
Excitation    CI Coef
|3^OS>   -0.23238
|3X^CV(1->1')>   -0.97262
TDMs with Triplet 'Ground' state
TDMX:-0.000   TDMY:-0.000   TDMZ:0.000   Oscillator Strength:0.00000   <S**2>: 2.000
--------------------------------------------------------------------
TDMs with Singlet 'Ground' state
TDMX:0.000   TDMY:0.000   TDMZ:0.000   Oscillator Strength:0.00000   <S**2>: 2.000
--------------------------------------------------------------------


State 14 8.714 eV 
Excitation    CI Coef
|3^CS(1->0)>    0.07263
|3^CS(1->0')>   -0.25103
|3^SV(0->1')>   -0.07263
|3^SV(0'->1')>   -0.25103
|3S^CV(1->1')>   -0.78564
|3^ZCV0(1->1')>    0.35085
|3^ZCV0'(2->1')>   -0.35085
TDMs with Triplet 'Ground' state
TDMX:-0.000   TDMY:0.000   TDMZ:0.000   Oscillator Strength:0.00000   <S**2>: 2.000
--------------------------------------------------------------------
TDMs with Singlet 'Ground' state
TDMX:0.000   TDMY:0.000   TDMZ:0.000   Oscillator Strength:0.00000   <S**2>: 2.000
--------------------------------------------------------------------


State 15 8.714 eV 
Excitation    CI Coef
|3^CS(1->0)>    0.25103
|3^CS(1->0')>    0.07263
|3^SV(0->1')>   -0.25103
|3^SV(0'->1')>    0.07263
|3S^CV(1->1')>   -0.49618
|3^ZCV0(1->1')>   -0.55553
|3^ZCV0'(2->1')>    0.55553
TDMs with Triplet 'Ground' state
TDMX:0.000   TDMY:0.000   TDMZ:0.000   Oscillator Strength:0.00000   <S**2>: 2.000
--------------------------------------------------------------------
TDMs with Singlet 'Ground' state
TDMX:0.000   TDMY:0.000   TDMZ:0.000   Oscillator Strength:0.00000   <S**2>: 2.000
--------------------------------------------------------------------


State 16 8.770 eV 
Excitation    CI Coef
|1^ZCV0(1->1')>   -0.40825
|1^ZCV0'(1->1')>   -0.40825
|1^CSD_(1,1)>    0.57735
|1^SVD_(1',1')>   -0.57735
TDMs with Triplet 'Ground' state
TDMX:0.000   TDMY:0.000   TDMZ:0.000   Oscillator Strength:0.00000   <S**2>: 0.000
--------------------------------------------------------------------
TDMs with Singlet 'Ground' state
TDMX:-0.000   TDMY:-0.000   TDMZ:0.000   Oscillator Strength:0.00000   <S**2>: 0.000
--------------------------------------------------------------------


State 17 8.770 eV 
Excitation    CI Coef
|3T^CV(1->1')>   -1.00000
TDMs with Triplet 'Ground' state
TDMX:-0.000   TDMY:-0.000   TDMZ:0.000   Oscillator Strength:0.00000   <S**2>: 2.000
--------------------------------------------------------------------
TDMs with Singlet 'Ground' state
TDMX:0.000   TDMY:0.000   TDMZ:0.000   Oscillator Strength:0.00000   <S**2>: 2.000
--------------------------------------------------------------------


State 18 9.859 eV 
Excitation    CI Coef
|3^ZCV0(1->1')>   -0.70711
|3^ZCV0'(2->1')>   -0.70711
TDMs with Triplet 'Ground' state
TDMX:-0.000   TDMY:-0.000   TDMZ:0.000   Oscillator Strength:0.00000   <S**2>: 2.000
--------------------------------------------------------------------
TDMs with Singlet 'Ground' state
TDMX:0.000   TDMY:0.000   TDMZ:0.000   Oscillator Strength:0.00000   <S**2>: 2.000
--------------------------------------------------------------------


State 19 9.859 eV 
Excitation    CI Coef
|1T^CV(1->1')>    1.00000
TDMs with Triplet 'Ground' state
TDMX:0.000   TDMY:0.000   TDMZ:0.000   Oscillator Strength:0.00000   <S**2>: 0.000
--------------------------------------------------------------------
TDMs with Singlet 'Ground' state
TDMX:0.000   TDMY:-0.000   TDMZ:0.000   Oscillator Strength:0.00000   <S**2>: 0.000
--------------------------------------------------------------------


State 20 11.192 eV 
Excitation    CI Coef
|1^ZW+>    0.26440
|1^CSD_(1,1)>    0.68194
|1^SVD_(1',1')>    0.68194
TDMs with Triplet 'Ground' state
TDMX:0.000   TDMY:0.000   TDMZ:0.000   Oscillator Strength:0.00000   <S**2>: 0.000
--------------------------------------------------------------------
TDMs with Singlet 'Ground' state
TDMX:0.000   TDMY:0.492   TDMZ:0.000   Oscillator Strength:0.06103   <S**2>: 0.000
--------------------------------------------------------------------


State 21 11.605 eV 
Excitation    CI Coef
|1^CS(1->0)>    0.08668
|1^CS(1->0')>   -0.29959
|1^SV(0->1')>   -0.08668
|1^SV(0'->1')>    0.29959
|1S^CV(1->1')>    0.75881
|1^ZCV0(1->1')>   -0.33887
|1^ZCV0'(1->1')>    0.33887
TDMs with Triplet 'Ground' state
TDMX:0.000   TDMY:0.000   TDMZ:0.000   Oscillator Strength:0.00000   <S**2>: 0.000
--------------------------------------------------------------------
TDMs with Singlet 'Ground' state
TDMX:0.123   TDMY:-0.000   TDMZ:0.000   Oscillator Strength:0.00399   <S**2>: 0.000
--------------------------------------------------------------------


State 22 11.605 eV 
Excitation    CI Coef
|1^CS(1->0)>   -0.29959
|1^CS(1->0')>   -0.08668
|1^SV(0->1')>    0.29959
|1^SV(0'->1')>    0.08668
|1S^CV(1->1')>   -0.47924
|1^ZCV0(1->1')>   -0.53656
|1^ZCV0'(1->1')>    0.53656
TDMs with Triplet 'Ground' state
TDMX:0.000   TDMY:0.000   TDMZ:0.000   Oscillator Strength:0.00000   <S**2>: 0.000
--------------------------------------------------------------------
TDMs with Singlet 'Ground' state
TDMX:0.000   TDMY:0.123   TDMZ:0.000   Oscillator Strength:0.00399   <S**2>: 0.000
--------------------------------------------------------------------


State 23 14.474 eV 
Excitation    CI Coef
|1^ZCV0(1->1')>    0.57735
|1^ZCV0'(1->1')>    0.57735
|1^CSD_(1,1)>    0.40825
|1^SVD_(1',1')>   -0.40825
TDMs with Triplet 'Ground' state
TDMX:0.000   TDMY:0.000   TDMZ:0.000   Oscillator Strength:0.00000   <S**2>: 0.000
--------------------------------------------------------------------
TDMs with Singlet 'Ground' state
TDMX:0.000   TDMY:-0.000   TDMZ:0.000   Oscillator Strength:0.00000   <S**2>: 0.000
--------------------------------------------------------------------


============================================================================
  TRANSITION INTENSITY SUMMARY
  General threshold  : f >= 0.1000
  Low-energy window  : E  < 2.80 eV  (> 443 nm)  ->  f >= 0.0020
============================================================================


  Transitions from Singlet ground state (state 1):
  State   Energy/eV   Wavelen./nm   Osc. Str.    <S²>
  ------------------------------------------------------------
      5      2.8430        436.10     0.18755   0.000   
      9      5.9093        209.81     0.21022   0.000   
     10      5.9093        209.81     0.21022   0.000   
  (* below general threshold but within low-energy window)

  Transitions from Triplet ground state (state 0):
  State   Energy/eV   Wavelen./nm   Osc. Str.    <S²>
  ------------------------------------------------------------
      7      5.8351        212.48     0.28287   2.000   
      8      5.8351        212.48     0.28287   2.000   
  (* below general threshold but within low-energy window)

============================================================================

Wall clock time: 0.0123 seconds
