                    ---------------------------------
                    | Radical ExROPPP Calculation |
                    ---------------------------------

Molecule: ./5-11ICzTTM2.xyz radical

--------------------------------
Cartesian Coordinates / Angstrom
--------------------------------

C         -5.00016        1.36431        1.37624
C         -4.52567        0.14058        0.90778
C         -3.16017        0.03433        0.63952
C         -2.28574        1.13590        0.80752
C         -2.78682        2.35357        1.27922
C         -4.14332        2.45875        1.56789
N         -2.43325       -1.04711        0.13529
C         -1.09712       -0.65333       -0.02045
C         -0.97439        0.70339        0.39442
C          0.00044       -1.40699       -0.42359
C          1.23786       -0.75816       -0.44393
C          1.35483        0.60830       -0.06072
C          0.26387        1.34926        0.38148
C          2.56613       -1.21657       -0.76634
C          3.44632       -0.12466       -0.56415
N          2.70412        0.98054       -0.13983
C          3.07018       -2.43902       -1.22183
C          4.43313       -2.55587       -1.47335
C          5.28878       -1.46008       -1.28607
C          4.81143       -0.23108       -0.83441
C          3.06975        4.64569        0.10707
C          2.58282        3.40249       -0.26550
C          3.21604        2.24188        0.19184
C          4.35513        2.35709        0.99556
C          4.83387        3.61299        1.33663
C          4.20913        4.81759        0.93092
C          4.67530        6.13244        1.36186
C          3.71612        7.09920        1.89897
C          6.09217        6.48429        1.26876
C          6.84456        6.28266        0.08772
C          8.18877        6.61676       -0.02384
C          8.83151        7.18056        1.07447
C          8.15052        7.40671        2.26705
C          6.80743        7.05800        2.34673
C          3.66699        8.44515        1.46357
C          2.76341        9.37472        1.96570
C          1.85949        8.96899        2.94303
C          1.85241        7.65984        3.41530
C          2.76989        6.75531        2.89366
Cl         0.72473       10.11148        3.58226
Cl        10.50730        7.60697        0.95524
Cl         2.77797        5.16546        3.60053
Cl         4.70249        8.98051        0.17355
Cl         6.03711        7.26644        3.89176
Cl         6.06789        5.68489       -1.34896
Cl         6.18174        3.65729        2.43591
Cl         2.27695        6.03336       -0.58316
C         -3.13031       -4.29681       -1.47667
C         -2.63749       -3.01609       -1.27738
C         -2.93588       -2.33534       -0.09205
C         -3.73573       -2.95725        0.87269
C         -4.22502       -4.23351        0.64338
C         -3.94760       -4.96884       -0.53544
C         -4.46211       -6.31503       -0.75989
C         -3.56972       -7.37607       -1.23042
C         -5.87417       -6.61145       -0.51254
C         -6.91989       -5.80270       -1.01716
C         -8.26504       -6.07436       -0.79705
C         -8.60806       -7.19682       -0.04798
C         -7.62916       -8.03439        0.47877
C         -6.29343       -7.73052        0.24549
C         -3.90489       -8.22501       -2.31175
C         -3.08292       -9.25437       -2.75339
C         -1.86753       -9.46418       -2.10799
C         -1.47048       -8.65781       -1.04485
C         -2.31554       -7.63657       -0.62814
Cl        -0.83046      -10.74739       -2.63848
Cl       -10.27950       -7.55395        0.23717
Cl        -1.80824       -6.72418        0.76278
Cl        -5.36010       -7.94348       -3.22072
Cl        -5.11553       -8.74429        1.02580
Cl        -6.55725       -4.44889       -2.04681
Cl        -5.10365       -4.97992        1.94683
Cl        -2.80851       -5.02601       -3.02407
H         -6.06513        1.47017        1.59298
H         -5.20784       -0.69600        0.74711
H         -2.11757        3.20703        1.41030
H         -4.54791        3.40226        1.93955
H         -0.08169       -2.46224       -0.69000
H          0.35885        2.37876        0.73053
H          2.39600       -3.28354       -1.38237
H          4.84026       -3.50407       -1.82990
H          6.35397       -1.56594       -1.50168
H          5.48881        0.61536       -0.71088
H          1.73006        3.33826       -0.94029
H          4.83589        1.46806        1.40214
H          8.71589        6.46027       -0.96339
H          8.66003        7.83120        3.13033
H          2.75268       10.39407        1.58393
H          1.16061        7.34952        4.19642
H         -2.06044       -2.52919       -2.06294
H         -3.93467       -2.46460        1.82384
H         -9.03121       -5.42882       -1.22282
H         -7.89848       -8.89864        1.08364
H         -3.37825       -9.86727       -3.60328
H         -0.52547       -8.83267       -0.53343

There are 74 heavy atoms.
There are 92 electrons in 74 orbitals.


Carbon 1e params: A = -22.717075 b = 1.705616

Nitrogen 1e params: alphan2 = -17.681338 Acn2 = -24.737202 bcn2 = 1.433639

Chlorine 1e params: alphacl = -10.335674 Accl = -26.021937 bccl=1.451861
C-N2 bond
C-N2 bond
C-N2 bond
C-N2 bond
C-N2 bond
C-N2 bond
C-Cl bond
C-Cl bond
C-Cl bond
C-Cl bond
C-Cl bond
C-Cl bond
C-Cl bond
C-Cl bond
C-Cl bond
C-Cl bond
C-Cl bond
C-Cl bond
C-Cl bond
C-Cl bond
C-Cl bond
C-Cl bond
N2 atom 57
N2 atom 58
Cl atom 59
Cl atom 60
Cl atom 61
Cl atom 62
Cl atom 63
Cl atom 64
Cl atom 65
Cl atom 66
Cl atom 67
Cl atom 68
Cl atom 69
Cl atom 70
Cl atom 71
Cl atom 72
Cl atom 73
Cl atom 74

Carbon 2e params: U = 8.420838 r0 = 1.173157

Nitrogen 2e params: Un2n2 = 17.979843 r0n2n2 = 1.111791

Chlorine 2e params: Uclcl= 9.642991 r0clcl = 2.253316

Mixed 2e params: Ucn2 = 13.200341 Uccl = 9.031915 Un2cl = 13.811417 r0cn2 =1.142474 r0ccl = 1.713237 r0n2cl = 1.682554
[8.42083845 3.84881756 2.77496621 2.4972702  2.74457243 3.83461211
 1.70812682 1.83989838 1.37840673 1.23345995 1.27762376 1.51277144
 1.04543184 0.99120413 0.9439649  0.83872312 0.81175701 0.86989872
 0.99020747 1.07437637 1.03764707 0.9329746  0.87726587 0.89656456
 0.82602021 0.85017183 0.73775457 0.7024796  0.63989684 0.61052924
 0.6303187  0.68998244 0.79892254 0.80030669 0.85653065 0.9233201
 0.91886995 1.26937825 1.44994171 1.74633647 1.7319468  1.43762817
 1.25498915 1.07823063 0.94940372 1.04917013 1.10142052 1.03094204
 0.93444597 0.90023169 0.94727651 0.85863471 0.77623493 0.7615688
 0.81840415 0.91664119 3.09251301 1.67494994 1.24813743 0.83935479
 1.45271237 1.096923   1.06865021 1.11296513 1.17431324 1.46273884
 1.02224997 1.27467946 1.48353428 1.27876747 1.30817252 1.79162291
 1.91414771 1.58289548]

-------------------------------------
Restricted Open-shell PPP Calculation
-------------------------------------

Starting SCF cycle...

Iter   Energy        Dens Change      Energy Change
-----------------------------------------------------
0 -323.62474428745446 0.33427010025329174 -323.62474428745446
1 -366.2879731153154 0.06899983990521963 -42.66322882786096
2 -376.4273810117427 0.018450098042429364 -10.139407896427258
3 -379.5721345745111 0.0045032544211660586 -3.1447535627684147
4 -380.42140487718814 0.0021044505218014153 -0.8492703026770414
5 -380.7029644944188 0.0009934647831933985 -0.2815596172306414
6 -380.7898534079606 0.0005098890696034752 -0.08688891354182715
7 -380.820835940897 0.00026218075062856006 -0.030982532936377538
8 -380.83138182798155 0.0001343397842250571 -0.010545887084560945
9 -380.83541944314925 6.861861735896202e-05 -0.004037615167703734
10 -380.83693750203236 3.499944181106773e-05 -0.0015180588831071873
11 -380.83756553877856 1.7828286976606655e-05 -0.000628036746206817
12 -380.8378266315864 9.075446364192885e-06 -0.00026109280781838606
13 -380.837942896258 4.617019098374087e-06 -0.00011626467164660426
14 -380.8379953683161 2.348042370758918e-06 -5.247205808700528e-05
15 -380.83802006055987 1.1937693591423937e-06 -2.469224375545309e-05
16 -380.83803181802733 6.068175563145317e-07 -1.1757467461848137e-05
17 -380.83803754246475 3.084146537046806e-07 -5.724437414755812e-06
18 -380.8380403509935 1.5673952635797406e-07 -2.80852873402182e-06
19 -380.8380417441897 7.965284509747761e-08 -1.3931962143942656e-06
20 -380.83804243835834 4.04780323703946e-08 -6.941686478967313e-07
21 -380.838042786079 2.0570398939767642e-08 -3.477206291790935e-07
22 -380.8380429606872 1.045398423382693e-08 -1.746082034514984e-07
23 -380.8380430485958 5.313059991962632e-09 -8.79086314853339e-08
24 -380.8380430929155 2.7004694036492083e-09 -4.431967681739479e-08
25 -380.8380431152888 1.3726896286314627e-09 -2.237334228993859e-08
26 -380.8380431265923 6.978312372396545e-10 -1.1303484370728256e-08
27 -380.83804313230746 3.547965254924179e-10 -5.7151510191033594e-09
28 -380.83804313519784 1.804125737692175e-10 -2.890374162234366e-09
29 -380.8380431366626 9.175349369172636e-11 -1.464741217205301e-09
30 -380.8380431374008 4.666922404084062e-11 -7.382254807453137e-10
31 -380.8380431377733 2.3743562671540985e-11 -3.724949237948749e-10
32 -380.8380431379661 1.2081668998575879e-11 -1.9281287677586079e-10
33 -380.8380431380615 6.148415110374117e-12 -9.538325684843585e-11
34 -380.8380431381107 3.1301627956281664e-12 -4.922640073345974e-11
35 -380.8380431381346 1.5945023079666498e-12 -2.3874235921539366e-11
36 -380.8380431381456 8.115730310009894e-13 -1.1027623258996755e-11
37 -380.8380431381526 4.1300296516055823e-13 -6.991740519879386e-12
38 -380.8380431381572 2.1094237467877974e-13 -4.604316927725449e-12
39 -380.83804313815364 1.084687895058778e-13 3.581135388230905e-12
40 -380.83804313815807 5.395683899678261e-14 -4.433786671143025e-12
41 -380.83804313815887 2.7977620220553945e-14 -7.958078640513122e-13
42 -380.83804313815847 1.4765966227514582e-14 3.979039320256561e-13
43 -380.83804313815824 7.327471962526033e-15 2.2737367544323206e-13
44 -380.83804313815875 4.440892098500626e-15 -5.115907697472721e-13
45 -380.83804313816154 2.6645352591003757e-15 -2.7853275241795927e-12
46 -380.83804313815847 3.3306690738754696e-15 3.069544618483633e-12
47 -380.8380431381588 3.552713678800501e-15 -3.410605131648481e-13
48 -380.83804313815995 5.10702591327572e-15 -1.1368683772161603e-12
49 -380.8380431381611 5.10702591327572e-15 -1.1368683772161603e-12
50 -380.83804313815887 6.217248937900877e-15 2.2168933355715126e-12
51 -380.8380431381596 3.552713678800501e-15 -7.389644451905042e-13
52 -380.83804313816165 2.886579864025407e-15 -2.0463630789890885e-12
53 -380.8380431381589 3.9968028886505635e-15 2.7284841053187847e-12
54 -380.8380431381619 4.884981308350689e-15 -2.9558577807620168e-12
55 -380.838043138159 3.1086244689504383e-15 2.8990143619012088e-12
56 -380.8380431381612 2.6645352591003757e-15 -2.2168933355715126e-12
57 -380.8380431381585 1.7763568394002505e-15 2.6716406864579767e-12
ENERGY0: -380.8380431381585

--------------------------
Converged ROPPP Orbitals
--------------------------

orbital number 1 energy -12.060764924883516
[ 0.01  0.06  0.23  0.07  0.02  0.01  0.24  0.09  0.08  0.1   0.32  0.1
  0.09  0.31  0.03  0.01  0.02  0.08  0.02  0.05  0.21  0.05  0.02  0.01
  0.    0.    0.   -0.    0.    0.    0.   -0.   -0.    0.    0.    0.
 -0.    0.01  0.04  0.15  0.04  0.01  0.01  0.    0.    0.   -0.    0.
  0.    0.   -0.   -0.    0.    0.    0.   -0.    0.44  0.6  -0.   -0.
  0.    0.    0.    0.    0.01  0.01 -0.   -0.    0.    0.    0.    0.
  0.    0.  ]
orbital number 2 energy -11.956714693797618
[-0.02 -0.08 -0.32 -0.09 -0.03 -0.01 -0.31 -0.08 -0.06  0.05  0.22  0.03
  0.06  0.24  0.02  0.01  0.01  0.06  0.01  0.04  0.16  0.04  0.01  0.01
  0.    0.    0.   -0.    0.    0.    0.   -0.   -0.    0.    0.    0.
 -0.   -0.02 -0.05 -0.21 -0.05 -0.02 -0.01 -0.   -0.   -0.    0.   -0.
 -0.   -0.    0.    0.   -0.   -0.   -0.    0.   -0.61  0.45 -0.   -0.
  0.    0.    0.    0.    0.    0.    0.    0.   -0.   -0.   -0.   -0.
 -0.01 -0.01]
orbital number 3 energy -8.218450332023176
[ 0.02  0.03  0.05  0.06  0.03  0.02  0.07  0.06  0.05  0.05  0.05  0.05
  0.04  0.03  0.02  0.01  0.01  0.02 -0.2  -0.13 -0.11 -0.13 -0.2  -0.16
 -0.05 -0.04 -0.04 -0.04 -0.03 -0.03 -0.03 -0.04 -0.04 -0.03 -0.04 -0.03
 -0.05 -0.33 -0.2  -0.17 -0.2  -0.32 -0.26 -0.09 -0.07 -0.07 -0.07 -0.05
 -0.05 -0.04 -0.07 -0.07 -0.05 -0.06 -0.05 -0.08  0.02  0.01 -0.03 -0.03
 -0.05 -0.04 -0.04 -0.04 -0.21 -0.21 -0.06 -0.05 -0.08 -0.07 -0.06 -0.07
 -0.34 -0.35]
orbital number 4 energy -8.20110567077987
[-0.01 -0.02 -0.05 -0.03 -0.02 -0.01 -0.02 -0.01  0.01  0.04  0.05  0.02
  0.05  0.07  0.03  0.02  0.02  0.03 -0.32 -0.2  -0.16 -0.2  -0.32 -0.26
 -0.09 -0.08 -0.07 -0.08 -0.05 -0.06 -0.05 -0.07 -0.08 -0.05 -0.07 -0.06
 -0.09  0.2   0.12  0.09  0.12  0.2   0.16  0.06  0.05  0.05  0.05  0.03
  0.04  0.03  0.05  0.05  0.03  0.04  0.04  0.06 -0.03  0.04 -0.06 -0.05
 -0.09 -0.08 -0.07 -0.08 -0.34 -0.35  0.04  0.04  0.06  0.05  0.04  0.05
  0.21  0.21]
orbital number 5 energy -8.073409619235703
[-0.01 -0.01 -0.02 -0.02 -0.01 -0.01 -0.03 -0.03 -0.02 -0.02 -0.01 -0.02
 -0.01 -0.   -0.01 -0.   -0.   -0.    0.04  0.03  0.03  0.03  0.04  0.02
 -0.03 -0.09 -0.05 -0.07 -0.05 -0.06 -0.05 -0.06 -0.11 -0.08 -0.11 -0.08
 -0.12  0.12  0.08  0.07  0.08  0.12  0.07 -0.06 -0.2  -0.14 -0.18 -0.13
 -0.16 -0.12 -0.17 -0.25 -0.19 -0.25 -0.2  -0.28 -0.01  0.   -0.11 -0.06
 -0.13 -0.11 -0.06 -0.07  0.05  0.05 -0.25 -0.16 -0.3  -0.26 -0.17 -0.19
  0.13  0.14]
orbital number 6 energy -8.069919490378313
[ 0.01  0.01  0.02  0.01  0.01  0.    0.01  0.   -0.01 -0.02 -0.02 -0.01
 -0.02 -0.03 -0.01 -0.01 -0.01 -0.02  0.13  0.08  0.07  0.08  0.13  0.08
 -0.06 -0.21 -0.12 -0.16 -0.11 -0.14 -0.11 -0.15 -0.26 -0.2  -0.26 -0.21
 -0.29 -0.06 -0.04 -0.03 -0.04 -0.06 -0.04  0.02  0.08  0.05  0.07  0.05
  0.06  0.05  0.06  0.1   0.08  0.1   0.08  0.11  0.01 -0.01 -0.26 -0.14
 -0.31 -0.27 -0.15 -0.17  0.14  0.15  0.1   0.06  0.12  0.1   0.06  0.07
 -0.07 -0.07]
orbital number 7 energy -8.032546374635835
[-0.   -0.   -0.   -0.   -0.   -0.   -0.   -0.   -0.   -0.   -0.   -0.
 -0.    0.    0.    0.    0.    0.   -0.   -0.   -0.   -0.   -0.   -0.
 -0.    0.   -0.   -0.   -0.   -0.   -0.   -0.    0.    0.    0.    0.
  0.    0.02  0.01  0.01  0.01  0.02  0.01 -0.02  0.14 -0.22 -0.31 -0.23
 -0.29 -0.22 -0.29  0.19  0.15  0.2   0.15  0.21 -0.    0.    0.   -0.
  0.    0.   -0.   -0.   -0.   -0.    0.2  -0.29  0.23  0.19 -0.29 -0.34
  0.02  0.03]
orbital number 8 energy -8.027416209925121
[-0.   -0.   -0.    0.   -0.   -0.    0.    0.    0.    0.01  0.01  0.
  0.01  0.01  0.    0.    0.    0.   -0.03 -0.02 -0.02 -0.02 -0.03 -0.02
  0.02 -0.12  0.23  0.32  0.23  0.3   0.23  0.3  -0.17 -0.13 -0.18 -0.14
 -0.19  0.    0.    0.    0.    0.    0.   -0.    0.   -0.   -0.   -0.
 -0.   -0.   -0.    0.    0.    0.    0.    0.   -0.    0.   -0.18  0.3
 -0.21 -0.17  0.31  0.35 -0.03 -0.03  0.   -0.    0.    0.   -0.   -0.
  0.    0.  ]
orbital number 9 energy -7.44542614060248
[-0.   -0.   -0.   -0.   -0.   -0.   -0.   -0.   -0.   -0.   -0.   -0.
 -0.    0.   -0.   -0.    0.    0.   -0.    0.    0.    0.   -0.   -0.
 -0.   -0.   -0.    0.    0.    0.    0.    0.    0.    0.    0.    0.
  0.   -0.35 -0.16  0.    0.16  0.35  0.    0.   -0.    0.    0.   -0.
 -0.   -0.   -0.    0.    0.    0.    0.   -0.    0.    0.    0.    0.
  0.    0.    0.    0.   -0.   -0.    0.   -0.   -0.    0.   -0.    0.
  0.6  -0.59]
orbital number 10 energy -7.439168666117604
[-0.   -0.   -0.    0.    0.    0.    0.    0.    0.    0.    0.    0.
  0.    0.    0.    0.    0.    0.    0.35  0.16 -0.   -0.16 -0.35 -0.
 -0.    0.   -0.   -0.    0.    0.    0.    0.   -0.   -0.   -0.   -0.
  0.    0.   -0.   -0.   -0.    0.    0.    0.    0.    0.   -0.   -0.
 -0.   -0.   -0.   -0.   -0.   -0.   -0.   -0.   -0.   -0.   -0.    0.
  0.   -0.    0.   -0.   -0.6   0.59 -0.   -0.   -0.   -0.   -0.   -0.
  0.    0.  ]
orbital number 11 energy -7.23580977442438
[-0.   -0.   -0.   -0.   -0.   -0.   -0.   -0.   -0.   -0.   -0.   -0.
 -0.    0.   -0.    0.    0.    0.   -0.    0.    0.    0.   -0.   -0.
 -0.   -0.   -0.   -0.    0.    0.    0.    0.    0.    0.    0.   -0.
 -0.    0.    0.    0.    0.    0.   -0.   -0.01 -0.04 -0.01 -0.02 -0.
  0.02  0.01  0.01  0.27  0.18  0.17 -0.08 -0.36  0.    0.    0.    0.
 -0.    0.    0.   -0.   -0.   -0.    0.27  0.03 -0.68  0.44  0.02 -0.04
  0.    0.01]
orbital number 12 energy -7.234618577769042
[-0.   -0.   -0.    0.    0.   -0.    0.    0.    0.    0.    0.    0.
  0.    0.    0.    0.    0.    0.   -0.   -0.   -0.   -0.   -0.    0.
  0.01  0.04  0.01  0.01 -0.   -0.02 -0.01 -0.01 -0.26 -0.18 -0.18  0.08
  0.36  0.   -0.   -0.   -0.    0.    0.    0.    0.    0.    0.   -0.
 -0.   -0.   -0.    0.    0.    0.   -0.   -0.   -0.   -0.   -0.29 -0.02
  0.68 -0.43 -0.01  0.03 -0.   -0.01  0.   -0.   -0.    0.   -0.    0.
  0.    0.  ]
orbital number 13 energy -7.216829524774469
[-0.   -0.   -0.   -0.   -0.   -0.   -0.   -0.   -0.   -0.   -0.   -0.
 -0.    0.   -0.    0.    0.    0.   -0.    0.    0.    0.   -0.   -0.
 -0.   -0.   -0.   -0.    0.    0.    0.    0.   -0.   -0.    0.    0.
  0.   -0.    0.    0.    0.    0.   -0.   -0.01 -0.   -0.03 -0.36 -0.09
  0.14  0.18  0.28 -0.02 -0.01 -0.    0.01  0.02  0.    0.    0.    0.
  0.   -0.    0.   -0.   -0.   -0.   -0.    0.23  0.04 -0.03  0.48 -0.67
  0.01  0.  ]
orbital number 14 energy -7.208828951406163
[-0.   -0.   -0.    0.    0.   -0.    0.    0.    0.    0.    0.    0.
  0.    0.    0.    0.    0.    0.    0.   -0.   -0.   -0.   -0.    0.
  0.01  0.    0.03  0.36  0.09 -0.13 -0.18 -0.29  0.02  0.01 -0.   -0.01
 -0.02  0.   -0.   -0.   -0.    0.    0.    0.    0.    0.   -0.   -0.
 -0.    0.    0.    0.    0.   -0.   -0.   -0.   -0.   -0.   -0.   -0.21
 -0.03  0.03 -0.49  0.67 -0.   -0.   -0.   -0.   -0.    0.    0.   -0.
  0.    0.  ]
orbital number 15 energy -7.142285931548663
[ 0.   -0.   -0.    0.01  0.    0.    0.01  0.01  0.01  0.02  0.01  0.01
  0.02  0.    0.01  0.01  0.01  0.01 -0.   -0.01 -0.02 -0.01 -0.    0.01
  0.06  0.14  0.06  0.01 -0.05 -0.14 -0.02  0.1   0.28 -0.02 -0.33 -0.13
  0.03 -0.   -0.   -0.01 -0.   -0.    0.01  0.02  0.03  0.02  0.   -0.02
 -0.05 -0.01  0.03  0.07 -0.01 -0.08 -0.03  0.01 -0.01 -0.01 -0.57 -0.24
  0.06  0.5   0.17  0.03 -0.01 -0.01 -0.14 -0.08  0.02  0.12  0.06  0.01
 -0.   -0.  ]
orbital number 16 energy -7.141796804124709
[ 0.01  0.01  0.01  0.02  0.01  0.01  0.    0.01  0.    0.    0.01  0.01
 -0.   -0.01 -0.   -0.   -0.   -0.    0.    0.    0.    0.    0.   -0.
 -0.01 -0.04 -0.02 -0.    0.01  0.04  0.01 -0.02 -0.07  0.01  0.09  0.03
 -0.01 -0.01 -0.01 -0.02 -0.01 -0.01  0.01  0.06  0.14  0.08  0.02 -0.07
 -0.18 -0.02  0.12  0.26 -0.03 -0.32 -0.12  0.03 -0.01 -0.    0.15  0.06
 -0.02 -0.13 -0.04 -0.01  0.01  0.01 -0.56 -0.3   0.07  0.46  0.22  0.04
 -0.01 -0.01]
orbital number 17 energy -7.113735747392322
[ 0.    0.    0.    0.01  0.01  0.    0.    0.01  0.    0.    0.    0.01
  0.   -0.    0.   -0.   -0.   -0.    0.   -0.   -0.   -0.    0.    0.
  0.   -0.    0.    0.   -0.   -0.   -0.    0.   -0.    0.    0.    0.
 -0.   -0.   -0.   -0.01 -0.   -0.    0.01  0.02 -0.06  0.13  0.06 -0.12
 -0.34 -0.04  0.25 -0.14  0.01  0.17  0.06 -0.03 -0.   -0.    0.   -0.
 -0.   -0.    0.    0.    0.    0.    0.3  -0.59 -0.07 -0.25  0.46  0.13
 -0.   -0.  ]
orbital number 18 energy -7.108235873690103
[ 0.    0.    0.   -0.   -0.    0.   -0.   -0.01 -0.01 -0.01 -0.   -0.
 -0.01 -0.   -0.01 -0.01 -0.   -0.    0.    0.01  0.01  0.01  0.   -0.01
 -0.03  0.05 -0.14 -0.07  0.12  0.36  0.04 -0.26  0.11 -0.01 -0.13 -0.04
  0.03 -0.    0.    0.    0.   -0.   -0.   -0.   -0.    0.    0.   -0.
 -0.   -0.    0.   -0.   -0.    0.    0.    0.    0.    0.   -0.23  0.62
  0.06  0.21 -0.47 -0.15  0.    0.   -0.   -0.    0.    0.    0.    0.
 -0.   -0.  ]
orbital number 19 energy -7.004761274935023
[ 0.02  0.06  0.1  -0.1  -0.06 -0.02 -0.21 -0.26 -0.31 -0.39 -0.13 -0.21
 -0.35 -0.06 -0.28 -0.21 -0.16 -0.12 -0.06  0.09  0.25  0.09 -0.07 -0.06
 -0.02  0.    0.    0.01 -0.   -0.01 -0.    0.01  0.01  0.   -0.01 -0.
  0.   -0.04  0.05  0.14  0.05 -0.04 -0.03 -0.01  0.    0.    0.   -0.
 -0.01 -0.    0.01  0.01  0.   -0.01 -0.    0.    0.12  0.21 -0.02 -0.02
  0.01  0.02  0.02  0.01 -0.17 -0.17 -0.01 -0.01  0.01  0.01  0.01  0.01
 -0.1  -0.09]
orbital number 20 energy -6.997303333897766
[-0.25 -0.22 -0.17 -0.39 -0.33 -0.28  0.02 -0.3   0.01  0.02 -0.16 -0.24
  0.19  0.19  0.18  0.18  0.18  0.19  0.01 -0.01 -0.04 -0.01  0.01  0.01
  0.   -0.   -0.   -0.    0.    0.    0.   -0.   -0.    0.    0.    0.
 -0.   -0.05  0.08  0.2   0.08 -0.05 -0.05 -0.01  0.    0.    0.   -0.
 -0.01 -0.    0.01  0.01  0.   -0.01 -0.    0.    0.17 -0.03  0.    0.
 -0.   -0.   -0.   -0.    0.03  0.03 -0.01 -0.02  0.01  0.02  0.02  0.01
 -0.14 -0.14]
orbital number 21 energy -6.806595824568094
[ 0.28  0.29  0.26  0.18  0.22  0.25 -0.24 -0.15 -0.21 -0.15 -0.24 -0.21
  0.18  0.26  0.22  0.25  0.28  0.29  0.01 -0.01 -0.03 -0.01  0.01  0.01
  0.    0.    0.   -0.   -0.    0.   -0.   -0.   -0.   -0.    0.   -0.
 -0.    0.01 -0.01 -0.03 -0.01  0.01  0.01  0.    0.    0.   -0.   -0.
  0.   -0.   -0.   -0.   -0.    0.   -0.   -0.   -0.02 -0.02  0.    0.
 -0.   -0.   -0.   -0.    0.02  0.02  0.    0.   -0.   -0.   -0.   -0.
  0.02  0.02]
orbital number 22 energy -5.9365806048191665
[-0.11 -0.06  0.03 -0.02 -0.08 -0.12  0.19  0.04  0.09 -0.05 -0.19 -0.1
  0.01 -0.02  0.08  0.11  0.11  0.06  0.03  0.25  0.33  0.25  0.03  0.05
  0.02  0.01  0.01 -0.    0.    0.    0.   -0.   -0.    0.    0.    0.
  0.   -0.03 -0.27 -0.36 -0.27 -0.03 -0.06 -0.03 -0.01 -0.01  0.   -0.
 -0.   -0.    0.    0.   -0.   -0.   -0.   -0.    0.06 -0.06 -0.   -0.
 -0.01 -0.01 -0.01 -0.01 -0.27 -0.27  0.    0.    0.01  0.01  0.01  0.01
  0.29  0.29]
orbital number 23 energy -5.752086055242534
[ 0.06 -0.05 -0.13  0.1   0.16  0.14  0.01  0.13  0.09  0.12 -0.01  0.09
  0.1  -0.14  0.16  0.15  0.07 -0.04  0.05  0.26  0.3   0.25  0.05  0.1
  0.05  0.02  0.02  0.    0.    0.    0.    0.    0.    0.    0.    0.
  0.    0.05  0.24  0.28  0.24  0.05  0.09  0.05  0.02  0.02  0.    0.
  0.    0.    0.    0.    0.    0.    0.    0.   -0.12 -0.13 -0.   -0.
 -0.02 -0.02 -0.02 -0.02 -0.29 -0.29 -0.   -0.   -0.02 -0.02 -0.02 -0.02
 -0.27 -0.27]
orbital number 24 energy -5.520295685737921
[-0.3  -0.27 -0.07  0.26  0.07 -0.15  0.07  0.4  -0.25 -0.4  -0.07  0.24
 -0.26  0.07 -0.07  0.15  0.3   0.27 -0.01 -0.04 -0.04 -0.04 -0.01 -0.03
 -0.02 -0.01 -0.01 -0.   -0.   -0.   -0.   -0.   -0.   -0.   -0.   -0.
 -0.    0.01  0.04  0.03  0.04  0.01  0.03  0.02  0.01  0.01  0.    0.
  0.    0.    0.    0.    0.    0.    0.    0.   -0.03  0.03  0.    0.
  0.01  0.01  0.01  0.01  0.05  0.05 -0.   -0.   -0.01 -0.01 -0.01 -0.01
 -0.05 -0.05]
orbital number 25 energy -5.157618015814637
[ 0.    0.02  0.02 -0.01 -0.02 -0.02  0.05 -0.02  0.05  0.01 -0.05 -0.06
  0.01  0.01 -0.01 -0.01 -0.01 -0.   -0.02  0.03  0.06  0.03 -0.02 -0.11
 -0.17 -0.14 -0.14 -0.05 -0.06 -0.02 -0.05 -0.04 -0.05 -0.06 -0.03 -0.06
 -0.05  0.04 -0.06 -0.12 -0.06  0.04  0.21  0.33  0.28  0.27  0.1   0.12
  0.05  0.11  0.09  0.09  0.11  0.05  0.13  0.11  0.01  0.    0.09  0.08
  0.14  0.14  0.13  0.13  0.06  0.06 -0.17 -0.16 -0.27 -0.28 -0.26 -0.26
 -0.1  -0.1 ]
orbital number 26 energy -5.146922714049586
[ 0.02 -0.02 -0.05  0.01  0.04  0.05  0.01  0.01  0.03  0.02 -0.02 -0.01
  0.02 -0.05  0.05  0.05  0.01 -0.03 -0.03  0.07  0.12  0.07 -0.03 -0.2
 -0.32 -0.28 -0.27 -0.1  -0.12 -0.05 -0.11 -0.09 -0.09 -0.12 -0.05 -0.13
 -0.11 -0.01  0.04  0.07  0.04 -0.01 -0.1  -0.16 -0.14 -0.14 -0.05 -0.06
 -0.02 -0.05 -0.04 -0.05 -0.06 -0.03 -0.07 -0.06 -0.02 -0.02  0.18  0.16
  0.27  0.28  0.26  0.26  0.08  0.08  0.09  0.08  0.14  0.14  0.13  0.13
  0.04  0.04]
orbital number 27 energy -4.861663055471966
[ 0.    0.    0.   -0.   -0.   -0.    0.   -0.    0.   -0.   -0.   -0.
 -0.    0.   -0.   -0.   -0.    0.   -0.   -0.    0.   -0.   -0.   -0.
 -0.    0.   -0.   -0.   -0.   -0.   -0.   -0.    0.    0.    0.    0.
  0.    0.   -0.   -0.01 -0.    0.    0.01  0.01 -0.23  0.24  0.16  0.24
  0.13  0.23  0.14 -0.14 -0.23 -0.13 -0.24 -0.15  0.    0.   -0.    0.
 -0.   -0.    0.    0.    0.    0.    0.32 -0.32  0.29  0.29 -0.3  -0.3
 -0.01 -0.01]
orbital number 28 energy -4.858483425492982
[ 0.   -0.   -0.01  0.    0.01  0.01  0.01  0.    0.01  0.   -0.01 -0.01
  0.    0.   -0.   -0.   -0.    0.   -0.    0.    0.01  0.   -0.   -0.02
 -0.02  0.22 -0.24 -0.16 -0.24 -0.13 -0.23 -0.14  0.13  0.23  0.13  0.24
  0.15  0.    0.    0.    0.    0.    0.   -0.    0.   -0.   -0.   -0.
 -0.   -0.   -0.    0.    0.    0.    0.    0.   -0.    0.   -0.31  0.32
 -0.29 -0.29  0.31  0.3   0.01  0.01 -0.    0.   -0.   -0.    0.    0.
 -0.   -0.  ]
orbital number 29 energy -4.803794986729702
[ 0.07 -0.2  -0.3   0.01  0.28  0.3   0.33  0.03  0.29 -0.03 -0.32 -0.29
 -0.01  0.29 -0.28 -0.3  -0.07  0.2  -0.02 -0.02  0.   -0.02 -0.02 -0.04
 -0.    0.01  0.02  0.01  0.02  0.01  0.02  0.01  0.01  0.01  0.01  0.01
  0.01  0.02  0.02 -0.01  0.01  0.02  0.04  0.01 -0.01 -0.02 -0.01 -0.02
 -0.01 -0.02 -0.01 -0.01 -0.01 -0.01 -0.02 -0.01 -0.03  0.03 -0.02 -0.03
 -0.02 -0.02 -0.02 -0.02  0.03  0.03  0.02  0.03  0.02  0.02  0.02  0.02
 -0.03 -0.03]
orbital number 30 energy -4.523243399590726
[-0.37 -0.16  0.22  0.35  0.11 -0.23 -0.16  0.03 -0.12  0.03 -0.16 -0.12
  0.35  0.21  0.12 -0.22 -0.36 -0.17  0.04 -0.01 -0.05 -0.01  0.04  0.11
  0.06  0.    0.   -0.02 -0.05 -0.03 -0.04 -0.02 -0.01 -0.04 -0.03 -0.04
 -0.02  0.05 -0.02 -0.07 -0.02  0.05  0.14  0.08  0.    0.   -0.02 -0.06
 -0.04 -0.06 -0.02 -0.02 -0.05 -0.04 -0.06 -0.02 -0.01 -0.01  0.05  0.06
  0.02  0.02  0.03  0.03 -0.06 -0.06  0.07  0.07  0.03  0.03  0.03  0.03
 -0.07 -0.07]
orbital number 31 energy -4.498421029291383
[ 0.13  0.22  0.08 -0.13 -0.21 -0.09  0.08  0.    0.08 -0.    0.04  0.04
 -0.14  0.01 -0.15 -0.01  0.14  0.15  0.04 -0.02 -0.06 -0.02  0.04  0.11
  0.06  0.01  0.   -0.02 -0.05 -0.03 -0.05 -0.02 -0.01 -0.04 -0.03 -0.05
 -0.02  0.14 -0.07 -0.22 -0.07  0.14  0.42  0.24  0.02  0.01 -0.07 -0.18
 -0.12 -0.17 -0.06 -0.05 -0.16 -0.12 -0.17 -0.06 -0.02 -0.01  0.06  0.06
  0.02  0.02  0.03  0.03 -0.06 -0.06  0.21  0.22  0.09  0.09  0.1   0.1
 -0.2  -0.2 ]
orbital number 32 energy -4.488861262992143
[ 0.06  0.02 -0.04 -0.06 -0.02  0.04 -0.03 -0.   -0.02  0.01  0.07  0.07
 -0.04  0.11 -0.16 -0.12  0.04  0.15  0.15 -0.07 -0.24 -0.07  0.15  0.45
  0.26  0.03  0.02 -0.07 -0.19 -0.13 -0.18 -0.06 -0.05 -0.17 -0.13 -0.18
 -0.06 -0.06  0.03  0.09  0.03 -0.06 -0.17 -0.1  -0.01 -0.01  0.03  0.07
  0.05  0.07  0.02  0.02  0.06  0.05  0.07  0.02  0.   -0.02  0.22  0.23
  0.09  0.09  0.1   0.1  -0.22 -0.22 -0.08 -0.09 -0.03 -0.03 -0.04 -0.04
  0.08  0.08]
orbital number 33 energy -3.942481022633408
[ 0.02  0.29  0.19  0.08 -0.26 -0.28 -0.07  0.14  0.09  0.14 -0.07  0.09
  0.08  0.19 -0.26 -0.28  0.02  0.28  0.04  0.09  0.02  0.09  0.04 -0.03
 -0.17 -0.13 -0.12 -0.01  0.1   0.1   0.1  -0.01 -0.01  0.1   0.1   0.11
 -0.01  0.04  0.09  0.02  0.09  0.04 -0.02 -0.16 -0.12 -0.12 -0.01  0.1
  0.1   0.1  -0.01 -0.01  0.1   0.1   0.1  -0.01 -0.16 -0.16 -0.13 -0.13
  0.01  0.01  0.01  0.01 -0.04 -0.04 -0.12 -0.12  0.01  0.01  0.01  0.01
 -0.04 -0.04]
orbital number 34 energy -3.8214932628160945
[-0.01 -0.    0.01  0.    0.   -0.   -0.01 -0.01  0.01  0.01  0.   -0.
 -0.01 -0.   -0.01  0.    0.01  0.   -0.01 -0.01  0.    0.01  0.01  0.
 -0.   -0.   -0.   -0.    0.    0.    0.   -0.    0.    0.    0.    0.
 -0.    0.33  0.53 -0.   -0.53 -0.33  0.   -0.   -0.01  0.    0.   -0.
  0.    0.    0.   -0.    0.    0.    0.   -0.   -0.   -0.   -0.   -0.
  0.    0.    0.    0.   -0.01  0.01 -0.01 -0.    0.    0.   -0.   -0.
  0.33 -0.33]
orbital number 35 energy -3.81521604749361
[-0.01 -0.    0.01  0.01  0.01 -0.   -0.   -0.01  0.01  0.01  0.01 -0.01
 -0.   -0.01 -0.    0.    0.01  0.   -0.33 -0.53  0.    0.53  0.33 -0.
  0.    0.01 -0.   -0.    0.   -0.   -0.   -0.    0.   -0.   -0.   -0.
  0.   -0.01 -0.01 -0.    0.01  0.01  0.   -0.   -0.   -0.   -0.    0.
  0.    0.   -0.   -0.    0.    0.    0.   -0.   -0.   -0.    0.01  0.
 -0.   -0.    0.    0.   -0.33  0.33 -0.   -0.    0.    0.    0.    0.
 -0.01  0.01]
orbital number 36 energy -3.6620961094930236
[-0.06 -0.11 -0.01  0.    0.11  0.07 -0.13 -0.1  -0.06  0.1   0.13  0.06
 -0.    0.01 -0.1  -0.07  0.06  0.11  0.12  0.   -0.13  0.01  0.12  0.19
 -0.17 -0.23 -0.21 -0.04  0.13  0.15  0.14 -0.03 -0.04  0.15  0.16  0.14
 -0.05 -0.12 -0.01  0.13 -0.01 -0.12 -0.19  0.17  0.23  0.22  0.05 -0.13
 -0.15 -0.15  0.03  0.04 -0.15 -0.16 -0.14  0.05  0.06 -0.06 -0.17 -0.17
  0.05  0.04  0.04  0.04 -0.12 -0.11  0.17  0.17 -0.05 -0.04 -0.04 -0.04
  0.12  0.12]
orbital number 37 energy -3.572001987651718
[ 0.29  0.16 -0.21 -0.24 -0.24  0.06  0.2   0.33 -0.23 -0.33 -0.2   0.23
  0.24  0.21  0.24 -0.06 -0.29 -0.16  0.02 -0.02 -0.04  0.    0.04  0.05
 -0.03 -0.05 -0.05 -0.01  0.03  0.03  0.03 -0.01 -0.01  0.03  0.03  0.03
 -0.01 -0.02  0.02  0.04 -0.   -0.04 -0.06  0.03  0.05  0.05  0.01 -0.03
 -0.03 -0.03  0.01  0.01 -0.03 -0.04 -0.03  0.01 -0.01  0.01 -0.03 -0.03
  0.01  0.01  0.01  0.01 -0.03 -0.02  0.04  0.04 -0.01 -0.01 -0.01 -0.01
  0.04  0.02]
orbital number 38 energy -3.472818931805231
[-0.02 -0.14 -0.06 -0.07  0.11  0.13  0.07 -0.1  -0.07 -0.1   0.07 -0.06
 -0.06 -0.05  0.11  0.13 -0.03 -0.14  0.12 -0.09 -0.18 -0.09  0.12  0.28
 -0.09 -0.21 -0.19 -0.06  0.08  0.13  0.13 -0.03 -0.03  0.15  0.14  0.08
 -0.08  0.12 -0.09 -0.18 -0.09  0.12  0.27 -0.09 -0.21 -0.2  -0.07  0.08
  0.13  0.14 -0.03 -0.03  0.14  0.14  0.09 -0.07  0.11  0.11 -0.14 -0.13
  0.07  0.03  0.03  0.06 -0.11 -0.11 -0.14 -0.13  0.07  0.03  0.03  0.06
 -0.11 -0.11]
orbital number 39 energy -3.381815476285981
[-0.   -0.    0.   -0.    0.    0.    0.01 -0.    0.   -0.    0.   -0.01
 -0.01 -0.    0.01  0.01  0.   -0.01  0.   -0.01 -0.01 -0.01  0.    0.01
 -0.   -0.01 -0.   -0.   -0.    0.    0.01  0.    0.06  0.1   0.01 -0.09
 -0.07  0.01 -0.   -0.01 -0.    0.01  0.02 -0.01 -0.01 -0.02 -0.01  0.01
  0.01  0.01 -0.   -0.35 -0.52 -0.01  0.51  0.35  0.    0.01 -0.01 -0.
  0.06 -0.06 -0.    0.   -0.   -0.    0.   -0.01 -0.3   0.32  0.    0.01
 -0.01 -0.01]
orbital number 40 energy -3.3802578146073388
[-0.   -0.01 -0.01 -0.01  0.01  0.01  0.   -0.01 -0.01 -0.01  0.01 -0.
 -0.   -0.    0.01  0.01 -0.   -0.01  0.01 -0.01 -0.02 -0.01  0.01  0.02
 -0.01 -0.01 -0.03 -0.01  0.01  0.02  0.02 -0.   -0.35 -0.51 -0.    0.51
  0.35  0.01 -0.01 -0.01 -0.01  0.01  0.02 -0.   -0.01 -0.01 -0.01 -0.
  0.01  0.02  0.   -0.07 -0.09  0.01  0.1   0.06  0.01  0.01  0.   -0.02
 -0.3   0.33  0.    0.01 -0.01 -0.01 -0.01 -0.01 -0.06  0.06 -0.    0.01
 -0.01 -0.01]
orbital number 41 energy -3.3654426673928097
[-0.   -0.   -0.   -0.    0.    0.    0.01 -0.    0.   -0.01  0.   -0.01
 -0.01 -0.    0.01  0.01 -0.   -0.01  0.   -0.01 -0.01 -0.01  0.    0.01
 -0.   -0.01 -0.01 -0.01 -0.01  0.    0.02  0.01 -0.01 -0.    0.    0.01
  0.    0.01 -0.   -0.01 -0.    0.01  0.02 -0.01 -0.02 -0.01  0.35  0.52
 -0.   -0.52 -0.35 -0.01  0.01  0.01  0.01 -0.    0.    0.01 -0.   -0.
 -0.    0.01 -0.01  0.01 -0.   -0.   -0.01  0.    0.    0.01  0.33 -0.31
 -0.01 -0.01]
orbital number 42 energy -3.35890096871827
[-0.   -0.01 -0.   -0.01  0.01  0.01  0.   -0.   -0.01 -0.    0.01  0.
 -0.   -0.    0.    0.   -0.   -0.    0.01 -0.   -0.01 -0.    0.01  0.02
 -0.01 -0.02 -0.01  0.35  0.52 -0.   -0.52 -0.35 -0.01  0.01  0.01  0.01
 -0.    0.   -0.   -0.01 -0.    0.    0.01 -0.   -0.01 -0.01  0.01  0.02
  0.   -0.01 -0.01 -0.01 -0.    0.    0.01  0.    0.01  0.   -0.01  0.
  0.    0.01  0.33 -0.31 -0.01 -0.01 -0.   -0.   -0.    0.    0.01 -0.01
 -0.   -0.  ]
orbital number 43 energy -3.2099646713459085
[-0.    0.    0.    0.    0.   -0.    0.   -0.    0.   -0.   -0.   -0.
 -0.   -0.    0.    0.   -0.   -0.    0.   -0.   -0.   -0.    0.    0.
  0.   -0.    0.    0.   -0.   -0.   -0.    0.   -0.    0.    0.    0.
 -0.    0.    0.   -0.   -0.01  0.    0.   -0.01  0.43 -0.44 -0.14  0.23
  0.28  0.2  -0.15  0.15 -0.2  -0.28 -0.22  0.14 -0.    0.   -0.    0.
  0.    0.   -0.   -0.   -0.   -0.    0.26 -0.26 -0.12 -0.13  0.13  0.12
  0.   -0.01]
orbital number 44 energy -3.207346274556395
[-0.   -0.   -0.   -0.    0.    0.   -0.   -0.   -0.   -0.    0.    0.
  0.    0.    0.   -0.   -0.    0.    0.01  0.   -0.   -0.01  0.    0.01
 -0.01  0.43 -0.45 -0.14  0.23  0.29  0.2  -0.15  0.15 -0.19 -0.27 -0.22
  0.14  0.   -0.   -0.   -0.    0.    0.   -0.    0.   -0.01 -0.    0.
  0.    0.   -0.    0.   -0.   -0.   -0.    0.    0.   -0.    0.25 -0.27
 -0.11 -0.13  0.13  0.12  0.   -0.01  0.   -0.   -0.   -0.    0.    0.
 -0.   -0.  ]
orbital number 45 energy -2.713886182505384
[ 0.   -0.23 -0.07 -0.22  0.1   0.24 -0.18 -0.09 -0.34  0.1   0.18  0.34
  0.22  0.07 -0.1  -0.24 -0.    0.23 -0.02  0.14  0.07  0.15 -0.02 -0.18
 -0.05  0.07  0.07  0.03 -0.03 -0.05 -0.03  0.03  0.03 -0.02 -0.04 -0.03
  0.03  0.02 -0.14 -0.06 -0.14  0.02  0.17  0.05 -0.06 -0.07 -0.03  0.03
  0.04  0.02 -0.03 -0.03  0.02  0.04  0.03 -0.03  0.26 -0.26  0.04  0.04
 -0.02 -0.03 -0.03 -0.02  0.02  0.02 -0.03 -0.04  0.02  0.03  0.03  0.02
 -0.01 -0.02]
orbital number 46 energy 0.0
[-0.03 -0.02  0.04 -0.03  0.02  0.03  0.05 -0.05 -0.01 -0.05  0.05 -0.
 -0.02  0.03  0.02  0.02 -0.02 -0.01  0.14  0.04 -0.15  0.04  0.14 -0.02
 -0.44  0.06  0.06  0.13 -0.02 -0.12 -0.02  0.13  0.13 -0.02 -0.12 -0.02
  0.13  0.17  0.04 -0.19  0.04  0.17 -0.02 -0.53  0.07  0.07  0.15 -0.03
 -0.15 -0.02  0.15  0.15 -0.02 -0.15 -0.03  0.15  0.02  0.01  0.06  0.06
 -0.07 -0.07 -0.07 -0.07 -0.07 -0.07  0.08  0.08 -0.08 -0.08 -0.08 -0.08
 -0.09 -0.09]
orbital number 47 energy 0.04374699943692617
[ 0.01  0.04 -0.03  0.05 -0.   -0.05  0.    0.02  0.05 -0.03  0.01 -0.06
 -0.06  0.04  0.01  0.05 -0.02 -0.04  0.17  0.02 -0.18  0.03  0.17 -0.01
 -0.54  0.07  0.07  0.15 -0.03 -0.15 -0.02  0.15  0.15 -0.02 -0.15 -0.03
  0.15 -0.14 -0.02  0.15 -0.02 -0.14  0.    0.44 -0.06 -0.06 -0.13  0.02
  0.12  0.02 -0.13 -0.13  0.02  0.12  0.02 -0.13 -0.04  0.05  0.08  0.08
 -0.08 -0.08 -0.08 -0.08 -0.08 -0.08 -0.06 -0.06  0.07  0.07  0.07  0.07
  0.07  0.07]
orbital number 48 energy 2.180878964088912
[-0.26  0.12  0.19 -0.2   0.21  0.06 -0.02 -0.29  0.41 -0.29 -0.02  0.41
 -0.2   0.19  0.21  0.06 -0.26  0.11  0.01  0.09 -0.09  0.09  0.01 -0.1
  0.07  0.01  0.01 -0.02 -0.    0.03 -0.   -0.02 -0.03 -0.    0.03 -0.
 -0.03  0.01  0.08 -0.08  0.08  0.01 -0.09  0.07  0.01  0.01 -0.02 -0.
  0.03 -0.   -0.02 -0.02 -0.    0.03 -0.   -0.02 -0.08 -0.08 -0.01 -0.01
  0.01  0.01  0.01  0.01 -0.01 -0.   -0.01 -0.01  0.01  0.01  0.01  0.01
 -0.01 -0.  ]
orbital number 49 energy 2.648362781113789
[ 0.05 -0.26  0.2  -0.05 -0.23  0.23 -0.36  0.11  0.27  0.11 -0.36  0.27
 -0.05  0.19 -0.23  0.23  0.05 -0.26 -0.04 -0.1   0.14 -0.11 -0.03  0.13
 -0.07 -0.02 -0.02  0.03  0.01 -0.03  0.01  0.03  0.03  0.01 -0.03  0.01
  0.03 -0.04 -0.1   0.13 -0.1  -0.03  0.12 -0.07 -0.02 -0.02  0.03  0.01
 -0.03  0.01  0.03  0.03  0.01 -0.03  0.01  0.03  0.04  0.04  0.01  0.01
 -0.01 -0.01 -0.01 -0.01  0.01  0.02  0.01  0.01 -0.01 -0.01 -0.01 -0.01
  0.01  0.01]
orbital number 50 energy 2.8650554472050875
[-0.13 -0.04  0.18 -0.16 -0.02  0.16  0.07  0.   -0.06 -0.01 -0.07  0.06
  0.15 -0.19  0.03 -0.17  0.13  0.05 -0.1  -0.22  0.33 -0.22 -0.1   0.3
 -0.14 -0.06 -0.06  0.07  0.02 -0.08  0.02  0.07  0.07  0.02 -0.08  0.02
  0.07  0.1   0.22 -0.33  0.22  0.1  -0.3   0.14  0.06  0.06 -0.07 -0.02
  0.08 -0.02 -0.07 -0.07 -0.02  0.08 -0.02 -0.07 -0.02  0.02  0.03  0.03
 -0.03 -0.03 -0.03 -0.03  0.04  0.04 -0.03 -0.03  0.03  0.03  0.03  0.03
 -0.04 -0.04]
orbital number 51 energy 2.9309523123241656
[ 0.06 -0.23  0.17  0.01 -0.22  0.18  0.04  0.06 -0.11  0.06  0.04 -0.11
  0.01  0.16 -0.22  0.18  0.06 -0.22  0.09  0.19 -0.3   0.19  0.1  -0.27
  0.12  0.06  0.05 -0.06 -0.02  0.07 -0.02 -0.06 -0.06 -0.02  0.08 -0.02
 -0.06  0.09  0.2  -0.31  0.2   0.1  -0.28  0.12  0.06  0.06 -0.06 -0.02
  0.08 -0.02 -0.06 -0.06 -0.02  0.08 -0.02 -0.06 -0.   -0.   -0.03 -0.03
  0.02  0.02  0.02  0.02 -0.04 -0.03 -0.03 -0.03  0.02  0.03  0.02  0.02
 -0.04 -0.04]
orbital number 52 energy 3.054304551642678
[ 0.27 -0.39  0.12  0.23 -0.39  0.14 -0.11  0.03  0.13 -0.04  0.11 -0.13
 -0.23 -0.13  0.39 -0.15 -0.27  0.39  0.   -0.01  0.01 -0.   -0.01  0.01
 -0.   -0.   -0.    0.    0.   -0.    0.    0.    0.    0.   -0.    0.
  0.   -0.    0.01 -0.01  0.    0.01 -0.01  0.    0.    0.   -0.   -0.
  0.   -0.   -0.   -0.   -0.    0.   -0.   -0.    0.   -0.    0.    0.
 -0.   -0.   -0.   -0.    0.   -0.   -0.   -0.    0.    0.    0.    0.
 -0.    0.  ]
orbital number 53 energy 3.437773358957083
[-0.    0.01 -0.   -0.    0.   -0.    0.    0.   -0.   -0.    0.   -0.
  0.   -0.    0.   -0.    0.   -0.    0.01 -0.   -0.    0.01 -0.   -0.
  0.    0.    0.   -0.   -0.    0.   -0.   -0.   -0.   -0.    0.   -0.
 -0.   -0.52  0.44  0.   -0.44  0.52  0.   -0.    0.   -0.01  0.01  0.
 -0.01  0.    0.   -0.   -0.    0.   -0.   -0.   -0.    0.   -0.   -0.
  0.    0.    0.    0.    0.   -0.   -0.    0.    0.    0.   -0.   -0.
 -0.19  0.19]
orbital number 54 energy 3.4438278677733716
[-0.    0.    0.   -0.   -0.    0.   -0.    0.    0.   -0.   -0.    0.
  0.    0.   -0.    0.    0.   -0.01  0.52 -0.44 -0.    0.44 -0.52 -0.
  0.   -0.    0.01 -0.   -0.    0.01 -0.   -0.    0.    0.   -0.01  0.
  0.    0.   -0.01  0.    0.   -0.01  0.   -0.   -0.   -0.    0.    0.
 -0.    0.    0.    0.    0.   -0.    0.    0.   -0.    0.    0.   -0.
 -0.   -0.    0.    0.    0.19 -0.19  0.    0.   -0.   -0.   -0.   -0.
  0.   -0.  ]
orbital number 55 energy 3.722310656653781
[-0.   -0.    0.   -0.   -0.    0.    0.    0.   -0.   -0.    0.   -0.
  0.   -0.    0.   -0.    0.   -0.    0.    0.   -0.    0.    0.   -0.
  0.    0.    0.   -0.   -0.    0.   -0.   -0.   -0.   -0.    0.   -0.
 -0.   -0.01  0.01 -0.   -0.    0.01 -0.    0.01 -0.38  0.37 -0.24 -0.14
  0.4  -0.19 -0.2   0.19  0.2  -0.41  0.14  0.25 -0.    0.   -0.   -0.
  0.    0.    0.    0.   -0.   -0.    0.15 -0.15 -0.09 -0.07  0.07  0.08
 -0.    0.  ]
orbital number 56 energy 3.726307683129814
[-0.    0.    0.   -0.   -0.    0.   -0.    0.    0.   -0.   -0.    0.
  0.   -0.    0.   -0.    0.    0.    0.01 -0.01  0.    0.   -0.01  0.
 -0.01  0.38 -0.37  0.24  0.14 -0.4   0.18  0.2  -0.19 -0.2   0.41 -0.14
 -0.25 -0.   -0.    0.   -0.   -0.    0.   -0.   -0.   -0.    0.    0.
 -0.    0.    0.    0.    0.   -0.    0.    0.   -0.    0.   -0.15  0.15
  0.09  0.07 -0.07 -0.08  0.   -0.    0.    0.   -0.   -0.   -0.   -0.
  0.    0.  ]
orbital number 57 energy 3.8325023691926625
[-0.    0.    0.   -0.   -0.    0.   -0.    0.    0.   -0.   -0.    0.
  0.   -0.    0.   -0.    0.   -0.   -0.   -0.    0.   -0.   -0.    0.
  0.    0.02 -0.02  0.03 -0.   -0.02  0.02 -0.   -0.52  0.44  0.03 -0.47
  0.5  -0.   -0.    0.   -0.   -0.    0.    0.   -0.   -0.    0.    0.
 -0.    0.    0.    0.   -0.   -0.    0.   -0.   -0.    0.   -0.01  0.01
 -0.17  0.18  0.   -0.01 -0.    0.    0.    0.    0.   -0.   -0.   -0.
  0.    0.  ]
orbital number 58 energy 3.835505007411308
[-0.    0.    0.   -0.   -0.    0.    0.    0.   -0.   -0.    0.   -0.
  0.   -0.    0.   -0.    0.    0.    0.    0.   -0.    0.    0.   -0.
 -0.    0.    0.   -0.   -0.    0.   -0.   -0.    0.   -0.    0.    0.
 -0.    0.    0.   -0.    0.    0.   -0.   -0.   -0.02  0.02 -0.04  0.01
  0.02 -0.03  0.01  0.52 -0.44 -0.03  0.47 -0.5  -0.    0.   -0.   -0.
  0.   -0.    0.    0.   -0.   -0.    0.01 -0.01  0.17 -0.18 -0.    0.01
 -0.   -0.  ]
orbital number 59 energy 3.8495312697524393
[-0.    0.    0.   -0.   -0.    0.    0.    0.    0.   -0.    0.   -0.
  0.   -0.    0.   -0.    0.   -0.    0.    0.   -0.    0.    0.   -0.
 -0.    0.    0.    0.   -0.    0.    0.   -0.   -0.   -0.    0.   -0.
 -0.    0.    0.   -0.    0.    0.   -0.   -0.    0.02 -0.01 -0.5   0.46
 -0.02 -0.44  0.52 -0.03  0.01  0.02 -0.03  0.01 -0.    0.   -0.   -0.
  0.    0.    0.   -0.   -0.   -0.   -0.01  0.01 -0.01  0.01 -0.18  0.17
 -0.    0.  ]
orbital number 60 energy 3.855475228123615
[-0.    0.    0.   -0.   -0.    0.   -0.    0.    0.   -0.   -0.   -0.
  0.   -0.    0.   -0.    0.   -0.    0.   -0.    0.   -0.   -0.    0.
  0.   -0.02  0.01  0.5  -0.46  0.02  0.45 -0.52  0.02 -0.   -0.02  0.02
 -0.01 -0.   -0.    0.   -0.   -0.    0.    0.   -0.   -0.    0.   -0.
 -0.    0.   -0.    0.    0.   -0.    0.    0.   -0.    0.    0.01 -0.01
  0.   -0.01  0.18 -0.17  0.   -0.    0.    0.   -0.   -0.    0.   -0.
  0.    0.  ]
orbital number 61 energy 3.9583483781924262
[-0.29  0.05  0.22 -0.17 -0.13  0.33  0.01  0.16  0.08 -0.14 -0.   -0.1
  0.16 -0.22  0.13 -0.31  0.27 -0.04  0.1   0.01 -0.1   0.    0.11 -0.13
 -0.06  0.13  0.14 -0.07 -0.06  0.15 -0.07 -0.07 -0.06 -0.06  0.13 -0.06
 -0.06 -0.1  -0.01  0.1  -0.   -0.11  0.13  0.06 -0.13 -0.14  0.07  0.07
 -0.15  0.07  0.07  0.06  0.06 -0.14  0.06  0.06 -0.15  0.15 -0.05 -0.05
  0.02  0.02  0.02  0.02 -0.04 -0.03  0.05  0.05 -0.02 -0.02 -0.02 -0.02
  0.04  0.03]
orbital number 62 energy 4.016570738371675
[ 0.34 -0.21 -0.06  0.27 -0.02 -0.24  0.02 -0.35  0.24 -0.35  0.02  0.24
  0.28 -0.07 -0.02 -0.25  0.36 -0.21  0.02 -0.   -0.02 -0.    0.02 -0.03
 -0.02  0.03  0.04 -0.02 -0.02  0.04 -0.02 -0.02 -0.02 -0.02  0.04 -0.02
 -0.02  0.02 -0.   -0.01 -0.    0.02 -0.02 -0.02  0.03  0.03 -0.01 -0.01
  0.03 -0.01 -0.01 -0.01 -0.01  0.03 -0.01 -0.01  0.03  0.03 -0.01 -0.01
  0.01  0.01  0.01  0.01 -0.01 -0.01 -0.01 -0.01  0.    0.    0.    0.
 -0.01 -0.01]
orbital number 63 energy 4.1749420663372145
[-0.03  0.06 -0.05 -0.05  0.05 -0.01 -0.09  0.09  0.01  0.08 -0.09  0.01
 -0.05 -0.05  0.05 -0.02 -0.03  0.06  0.06 -0.08  0.07 -0.08  0.06  0.01
 -0.22  0.24  0.25 -0.1  -0.13  0.27 -0.13 -0.1  -0.09 -0.13  0.26 -0.13
 -0.09  0.06 -0.09  0.08 -0.09  0.06  0.02 -0.23  0.24  0.25 -0.1  -0.14
  0.27 -0.14 -0.1  -0.09 -0.13  0.27 -0.13 -0.09  0.04  0.05 -0.09 -0.09
  0.03  0.03  0.03  0.03 -0.02 -0.02 -0.09 -0.1   0.03  0.03  0.03  0.03
 -0.02 -0.02]
orbital number 64 energy 4.269322021123756
[ 0.15 -0.05 -0.07  0.06  0.08 -0.16  0.03 -0.09 -0.08  0.1  -0.04  0.08
 -0.06  0.07 -0.07  0.16 -0.15  0.06 -0.01 -0.1   0.16 -0.1  -0.01  0.11
 -0.24  0.21  0.22 -0.08 -0.13  0.24 -0.13 -0.08 -0.07 -0.12  0.24 -0.12
 -0.07  0.01  0.1  -0.16  0.1   0.01 -0.12  0.23 -0.2  -0.21  0.07  0.12
 -0.23  0.12  0.07  0.07  0.12 -0.23  0.12  0.07  0.07 -0.07 -0.08 -0.08
  0.02  0.02  0.03  0.02  0.    0.    0.08  0.08 -0.02 -0.02 -0.02 -0.02
 -0.   -0.  ]
orbital number 65 energy 4.946489330274284
[-0.12 -0.01  0.12  0.16 -0.23  0.22  0.32 -0.22 -0.06 -0.21  0.31 -0.06
  0.16  0.12 -0.23  0.22 -0.12 -0.   -0.16  0.03  0.1   0.02 -0.16  0.22
 -0.11  0.04  0.04  0.   -0.04  0.06 -0.04  0.    0.   -0.04  0.06 -0.04
  0.   -0.15  0.02  0.1   0.02 -0.15  0.22 -0.11  0.04  0.04  0.   -0.04
  0.06 -0.04  0.    0.   -0.04  0.06 -0.04  0.   -0.23 -0.23 -0.02 -0.02
 -0.   -0.   -0.   -0.    0.05  0.05 -0.02 -0.02 -0.   -0.   -0.   -0.
  0.05  0.05]
orbital number 66 energy 5.610041558768124
[ 0.11 -0.11  0.12 -0.05  0.07 -0.09  0.13 -0.09 -0.11  0.09 -0.13  0.11
  0.05 -0.12 -0.07  0.09 -0.11  0.11  0.28 -0.2   0.14 -0.2   0.28 -0.3
  0.1  -0.   -0.   -0.03  0.05 -0.06  0.05 -0.03 -0.03  0.05 -0.06  0.05
 -0.03 -0.28  0.21 -0.15  0.21 -0.28  0.31 -0.11  0.    0.    0.03 -0.05
  0.06 -0.05  0.03  0.03 -0.05  0.06 -0.05  0.03 -0.07  0.07  0.02  0.02
  0.01  0.01  0.01  0.01 -0.08 -0.08 -0.02 -0.02 -0.01 -0.01 -0.01 -0.01
  0.08  0.08]
orbital number 67 energy 5.721809041718769
[-0.15  0.13 -0.12  0.19 -0.18  0.17  0.04 -0.12  0.04 -0.12  0.03  0.04
  0.19 -0.13 -0.19  0.18 -0.16  0.14  0.24 -0.2   0.17 -0.2   0.24 -0.26
  0.08  0.01  0.   -0.03  0.04 -0.05  0.04 -0.03 -0.03  0.05 -0.05  0.04
 -0.03  0.24 -0.2   0.17 -0.2   0.24 -0.25  0.08  0.01  0.   -0.03  0.04
 -0.05  0.04 -0.03 -0.03  0.05 -0.05  0.04 -0.03 -0.01 -0.01  0.02  0.02
  0.01  0.01  0.01  0.01 -0.07 -0.07  0.02  0.02  0.01  0.01  0.01  0.01
 -0.07 -0.07]
orbital number 68 energy 6.026333611054946
[ 0.19 -0.18  0.22 -0.33  0.26 -0.22 -0.17  0.29  0.21 -0.29  0.18 -0.21
  0.33 -0.21 -0.25  0.21 -0.19  0.18 -0.03  0.03 -0.04  0.03 -0.03  0.03
 -0.01 -0.   -0.    0.01 -0.01  0.01 -0.01  0.01  0.01 -0.01  0.01 -0.01
  0.01  0.03 -0.03  0.04 -0.03  0.03 -0.03  0.01  0.01  0.   -0.01  0.01
 -0.01  0.01 -0.01 -0.01  0.01 -0.01  0.01 -0.01 -0.03  0.03 -0.   -0.
 -0.   -0.   -0.   -0.    0.01  0.01  0.    0.    0.    0.    0.    0.
 -0.01 -0.01]
orbital number 69 energy 6.201525302180572
[-0.    0.   -0.    0.   -0.    0.   -0.    0.    0.   -0.    0.   -0.
  0.   -0.   -0.    0.   -0.    0.   -0.    0.   -0.    0.   -0.    0.
  0.   -0.    0.   -0.    0.   -0.    0.   -0.    0.   -0.    0.   -0.
  0.    0.   -0.   -0.   -0.    0.   -0.01  0.01 -0.27  0.24 -0.26  0.27
 -0.29  0.28 -0.27  0.3  -0.3   0.32 -0.3   0.29  0.    0.   -0.    0.
 -0.   -0.    0.    0.    0.    0.   -0.09  0.08 -0.08 -0.08  0.07  0.07
 -0.   -0.  ]
orbital number 70 energy 6.204053300004986
[-0.    0.   -0.    0.   -0.    0.    0.   -0.   -0.    0.   -0.01  0.
  0.   -0.01 -0.    0.   -0.    0.    0.   -0.   -0.   -0.    0.01 -0.01
  0.02 -0.28  0.24 -0.26  0.27 -0.29  0.27 -0.26  0.3  -0.31  0.32 -0.3
  0.3  -0.    0.   -0.    0.   -0.    0.   -0.    0.   -0.    0.   -0.
  0.   -0.    0.   -0.    0.   -0.    0.   -0.    0.    0.   -0.09  0.08
 -0.08 -0.08  0.07  0.07 -0.   -0.    0.   -0.    0.    0.   -0.   -0.
  0.    0.  ]
orbital number 71 energy 6.343803167980964
[-0.07  0.09 -0.14  0.09 -0.07  0.06 -0.09 -0.01  0.06 -0.04 -0.05  0.03
  0.09 -0.11 -0.06  0.05 -0.06  0.07 -0.    0.03 -0.05  0.03 -0.   -0.02
  0.09 -0.14 -0.15  0.14 -0.14  0.14 -0.14  0.15  0.13 -0.12  0.12 -0.12
  0.12  0.01  0.03 -0.07  0.03  0.01 -0.05  0.15 -0.23 -0.25  0.24 -0.22
  0.23 -0.22  0.24  0.22 -0.2   0.2  -0.2   0.21  0.11  0.08 -0.03 -0.04
 -0.03 -0.03 -0.04 -0.04  0.    0.   -0.06 -0.06 -0.06 -0.06 -0.06 -0.06
 -0.   -0.  ]
orbital number 72 energy 6.353060379845521
[ 0.   -0.01  0.01  0.02 -0.01  0.    0.05 -0.05 -0.04  0.04 -0.08  0.06
  0.02 -0.07 -0.02  0.02 -0.03  0.04  0.03  0.   -0.03  0.    0.03 -0.07
  0.16 -0.24 -0.27  0.25 -0.23  0.24 -0.24  0.25  0.22 -0.2   0.21 -0.2
  0.21 -0.03  0.01  0.    0.01 -0.03  0.05 -0.1   0.15  0.16 -0.15  0.14
 -0.15  0.14 -0.15 -0.14  0.13 -0.13  0.13 -0.14 -0.03  0.07 -0.06 -0.07
 -0.06 -0.06 -0.07 -0.07 -0.01 -0.01  0.04  0.04  0.04  0.04  0.04  0.04
  0.01  0.01]
orbital number 73 energy 6.455194679214568
[-0.14  0.2  -0.31  0.2  -0.14  0.12 -0.21 -0.02  0.12 -0.05 -0.16  0.08
  0.19 -0.28 -0.13  0.11 -0.13  0.17 -0.11  0.13 -0.2   0.13 -0.11  0.11
 -0.07  0.07  0.07 -0.06  0.06 -0.06  0.06 -0.06 -0.06  0.05 -0.05  0.05
 -0.06 -0.13  0.15 -0.23  0.15 -0.13  0.12 -0.08  0.08  0.08 -0.07  0.06
 -0.06  0.06 -0.07 -0.07  0.06 -0.06  0.06 -0.06  0.27  0.23  0.01  0.02
  0.01  0.02  0.02  0.02  0.03  0.03  0.02  0.02  0.02  0.02  0.02  0.02
  0.03  0.03]
orbital number 74 energy 6.57688346086843
[ 0.07 -0.13  0.22 -0.03  0.03 -0.04  0.31 -0.21 -0.22  0.2  -0.34  0.23
  0.06 -0.27 -0.05  0.06 -0.09  0.16 -0.11  0.15 -0.24  0.15 -0.11  0.1
 -0.05  0.04  0.04 -0.03  0.02 -0.02  0.02 -0.03 -0.03  0.02 -0.02  0.02
 -0.03  0.09 -0.12  0.2  -0.12  0.09 -0.08  0.04 -0.03 -0.03  0.02 -0.02
  0.02 -0.02  0.02  0.02 -0.02  0.02 -0.02  0.02 -0.26  0.31  0.01  0.01
  0.01  0.01  0.01  0.01  0.03  0.03 -0.   -0.01 -0.01 -0.01 -0.01 -0.01
 -0.02 -0.02]

Orbital occupation numbers:
1: 2.000000
2: 2.000000
3: 2.000000
4: 2.000000
5: 2.000000
6: 2.000000
7: 2.000000
8: 2.000000
9: 2.000000
10: 2.000000
11: 2.000000
12: 2.000000
13: 2.000000
14: 2.000000
15: 2.000000
16: 2.000000
17: 2.000000
18: 2.000000
19: 2.000000
20: 2.000000
21: 2.000000
22: 2.000000
23: 2.000000
24: 2.000000
25: 2.000000
26: 2.000000
27: 2.000000
28: 2.000000
29: 2.000000
30: 2.000000
31: 2.000000
32: 2.000000
33: 2.000000
34: 2.000000
35: 2.000000
36: 2.000000
37: 2.000000
38: 2.000000
39: 2.000000
40: 2.000000
41: 2.000000
42: 2.000000
43: 2.000000
44: 2.000000
45: 2.000000
46: 1.000000
47: 1.000000
48: -0.000000
49: 0.000000
50: -0.000000
51: -0.000000
52: -0.000000
53: -0.000000
54: 0.000000
55: 0.000000
56: -0.000000
57: 0.000000
58: 0.000000
59: -0.000000
60: -0.000000
61: -0.000000
62: -0.000000
63: -0.000000
64: 0.000000
65: -0.000000
66: 0.000000
67: 0.000000
68: -0.000000
69: 0.000000
70: 0.000000
71: -0.000000
72: 0.000000
73: -0.000000
74: -0.000000

------------------------
Starting ExROPPP calculation for diradical in rotated basis
------------------------

Coulomb Matrix in MO basis, J_ij = (ii|jj):
 [[6.16449518 5.61674401 2.09284796 ... 1.39772034 3.27884815 4.00652661]
 [5.61674401 6.36514264 2.29038206 ... 1.32840163 3.46218868 3.88552802]
 [2.09284796 2.29038206 2.5929787  ... 1.29356414 1.83621313 1.83213505]
 ...
 [1.39772034 1.32840163 1.29356414 ... 1.84026929 1.16180278 1.17980613]
 [3.27884815 3.46218868 1.83621313 ... 1.16180278 2.33958844 2.50760184]
 [4.00652661 3.88552802 1.83213505 ... 1.17980613 2.50760184 3.02693615]]
Coulomb Matrix in MO basis, K_ij = (ij|ji):
 [[6.16449518 3.15266843 0.02378212 ... 0.02258219 0.37555366 0.54815   ]
 [3.15266843 6.36514264 0.02797559 ... 0.01466688 0.43715858 0.50448338]
 [0.02378212 0.02797559 2.5929787  ... 0.01001998 0.043784   0.03463721]
 ...
 [0.02258219 0.01466688 0.01001998 ... 1.84026929 0.13514334 0.07668469]
 [0.37555366 0.43715858 0.043784   ... 0.13514334 2.33958844 0.81955867]
 [0.54815    0.50448338 0.03463721 ... 0.07668469 0.81955867 3.02693615]]
Dimensions of CI matrix: (10336, 10336)
Checking that the Hamiltonian is symmetric (a value of zero means matrix is symmetric) ... 
Frobenius norm of matrix - matrix transpose = 0.000000.

Lowest 30 states. WARNING - Some states may not be included in the spectrum.

Diagonalizing Hamiltonian using the sparse matrix method ...

Calculating dipole moments ...

Permanent dipole moment of reference states:
             Open-Shell Singlet (|OS1>) = -0.041 x -0.064 y 0.160 z
             Zwitterion - (|ZW->) = -0.041 x -0.064 y 0.160 z
             Zwitterion + (|ZW+>) = -0.041 x -0.064 y 0.160 z
             Open-Shell Triplet (|OS3>) = -0.041 x -0.064 y 0.160 z

Checking that the Dipole matrix is symmetric (a value of zero means matrix is symmetric) ... 
Frobenius norm of matrix - matrix transpose = 0.00000             0.00000, 0.00000.

Energy of the lowest CI state: -383.4437905683281

State 0 0.000 eV 
Excitation    CI Coef
|1^OS>    0.17870
|1^ZW->    0.90752
|1^CS(21->0)>   -0.08291
|1^CS(14->0)>    0.06604
|1^CS(10->0)>   -0.08881
|1^CS(20->0')>   -0.08378
|1^CS(15->0')>    0.05793
|1^CS(13->0')>   -0.08155
|1^SV(0->3')>   -0.08676
|1^SV(0->17')>   -0.09421
|1^SV(0'->1')>    0.05791
|1^SV(0'->4')>    0.06990
|1^SV(0'->16')>   -0.09256
|1T^CV(20->17')>   -0.05148
|1T^CV(10->16')>   -0.05915
Ground state is singlet
TDMs with Triplet 'Ground' state
TDMX:0.000   TDMY:0.000   TDMZ:-0.000   Oscillator Strength:-0.00000   <S**2>: 0.000
--------------------------------------------------------------------
TDMs with Singlet 'Ground' state
TDMX:-0.098   TDMY:-0.380   TDMZ:0.488   Oscillator Strength:0.00000   <S**2>: 0.000
--------------------------------------------------------------------


State 1 0.085 eV 
Excitation    CI Coef
|3^OS>    0.92804
|3^CS(20->0)>   -0.07503
|3^CS(15->0)>    0.06533
|3^CS(13->0)>   -0.08106
|3^CS(21->0')>   -0.07002
|3^CS(14->0')>    0.07220
|3^CS(10->0')>   -0.08559
|3^SV(0->1')>   -0.06211
|3^SV(0->4')>   -0.07601
|3^SV(0->16')>    0.10083
|3^SV(0'->3')>   -0.08960
|3^SV(0'->17')>   -0.10143
TDMs with Triplet 'Ground' state
TDMX:-0.088   TDMY:-0.128   TDMZ:0.540   Oscillator Strength:0.00000   <S**2>: 2.000
--------------------------------------------------------------------
TDMs with Singlet 'Ground' state
TDMX:0.000   TDMY:0.000   TDMZ:-0.000   Oscillator Strength:0.00000   <S**2>: 2.000
--------------------------------------------------------------------


State 2 2.276 eV 
Excitation    CI Coef
|1^ZW->    0.05996
|1^ZW+>    0.10551
|1^CS(14->0)>   -0.08079
|1^CS(10->0)>   -0.05454
|1^CS(1->0)>    0.15839
|1^CS(14->0')>   -0.06069
|1^CS(8->0')>   -0.11213
|1^SV(0->2')>    0.05610
|1^SV(0->3')>    0.22431
|1^SV(0->4')>   -0.08252
|1^SV(0'->1')>   -0.40322
|1^SV(0'->3')>    0.11150
|1^SV(0'->4')>   -0.18797
|1T^CV(22->1')>    0.06048
|1T^CV(22->15')>    0.07489
|1T^CV(17->1')>   -0.14602
|1T^CV(17->2')>   -0.07575
|1T^CV(17->4')>    0.05941
|1T^CV(17->15')>   -0.08044
|1T^CV(16->5')>    0.06521
|1T^CV(14->2')>    0.05289
|1T^CV(14->4')>   -0.05977
|1T^CV(13->3')>   -0.05983
|1T^CV(13->14')>   -0.05089
|1T^CV(11->7')>    0.09644
|1T^CV(10->1')>    0.06375
|1T^CV(10->2')>    0.07990
|1T^CV(9->1')>    0.22462
|1T^CV(9->4')>   -0.06053
|1T^CV(8->3')>    0.10223
|1T^CV(1->1')>    0.59256
|1T^CV(1->2')>    0.25606
|1T^CV(1->15')>    0.08779
TDMs with Triplet 'Ground' state
TDMX:0.000   TDMY:-0.000   TDMZ:-0.000   Oscillator Strength:0.00000   <S**2>: 0.000
--------------------------------------------------------------------
TDMs with Singlet 'Ground' state
TDMX:0.082   TDMY:0.268   TDMZ:-0.128   Oscillator Strength:0.00528   <S**2>: 0.000
--------------------------------------------------------------------


State 3 2.307 eV 
Excitation    CI Coef
|3^CS(1->0)>    0.06771
|3^SV(0->3')>   -0.11079
|3^SV(0'->1')>   -0.33509
|3^SV(0'->2')>   -0.07414
|3^SV(0'->4')>   -0.08134
|3X^CV(27->21')>    0.05529
|3X^CV(22->1')>    0.08268
|3X^CV(22->15')>    0.09708
|3X^CV(17->1')>   -0.18002
|3X^CV(17->2')>   -0.09679
|3X^CV(17->4')>    0.07502
|3X^CV(17->15')>   -0.09392
|3X^CV(17->18')>    0.05556
|3X^CV(16->5')>    0.07928
|3X^CV(13->5')>   -0.05185
|3X^CV(13->14')>   -0.06295
|3X^CV(10->1')>    0.07294
|3X^CV(10->2')>    0.09371
|3X^CV(9->1')>    0.29532
|3X^CV(9->4')>   -0.06725
|3X^CV(9->15')>    0.05088
|3X^CV(8->3')>    0.05974
|3X^CV(1->1')>    0.66468
|3X^CV(1->2')>    0.37154
|3X^CV(1->15')>    0.10758
TDMs with Triplet 'Ground' state
TDMX:0.086   TDMY:0.383   TDMZ:0.093   Oscillator Strength:0.00885   <S**2>: 2.000
--------------------------------------------------------------------
TDMs with Singlet 'Ground' state
TDMX:-0.000   TDMY:-0.000   TDMZ:-0.000   Oscillator Strength:0.00000   <S**2>: 2.000
--------------------------------------------------------------------


State 4 2.338 eV 
Excitation    CI Coef
|1^ZW->   -0.06585
|1^ZW+>   -0.07470
|1^CS(14->0)>    0.11881
|1^CS(10->0)>    0.07778
|1^CS(9->0)>    0.05185
|1^CS(8->0)>    0.08334
|1^CS(1->0)>   -0.15470
|1^CS(16->0')>    0.05096
|1^CS(14->0')>    0.11342
|1^CS(10->0')>    0.06067
|1^CS(8->0')>    0.15472
|1^CS(1->0')>   -0.10606
|1^SV(0->1')>    0.12976
|1^SV(0->2')>   -0.09829
|1^SV(0->3')>   -0.29432
|1^SV(0->4')>    0.19753
|1^SV(0->14')>    0.09821
|1^SV(0->18')>   -0.05148
|1^SV(0->19')>    0.05225
|1^SV(0'->2')>   -0.27514
|1^SV(0'->3')>   -0.26033
|1^SV(0'->4')>    0.29827
|1^SV(0'->14')>    0.07188
|1^SV(0'->18')>   -0.05739
|1T^CV(22->1')>    0.06467
|1T^CV(22->15')>    0.06492
|1T^CV(20->3')>    0.05842
|1T^CV(17->1')>   -0.10962
|1T^CV(17->2')>   -0.06666
|1T^CV(16->3')>   -0.06040
|1T^CV(14->1')>    0.05038
|1T^CV(14->3')>   -0.08880
|1T^CV(14->4')>    0.09537
|1T^CV(11->7')>   -0.16513
|1T^CV(9->1')>    0.20472
|1T^CV(8->3')>   -0.09576
|1T^CV(8->4')>    0.06153
|1T^CV(8->17')>   -0.06183
|1T^CV(6->10')>   -0.05490
|1T^CV(4->13')>   -0.05432
|1T^CV(2->9')>    0.08808
|1T^CV(1->1')>    0.28465
|1T^CV(1->2')>    0.32249
|1T^CV(1->3')>    0.07443
|1T^CV(1->4')>   -0.11829
|1T^CV(1->15')>    0.06757
TDMs with Triplet 'Ground' state
TDMX:0.000   TDMY:0.000   TDMZ:0.000   Oscillator Strength:0.00000   <S**2>: 0.000
--------------------------------------------------------------------
TDMs with Singlet 'Ground' state
TDMX:0.044   TDMY:0.072   TDMZ:0.206   Oscillator Strength:0.00284   <S**2>: 0.000
--------------------------------------------------------------------


State 5 2.362 eV 
Excitation    CI Coef
|5^CV(27->21')>   -0.06126
|5^CV(25->27')>    0.05323
|5^CV(22->1')>   -0.09553
|5^CV(22->2')>   -0.05554
|5^CV(22->15')>   -0.11245
|5^CV(17->1')>    0.19812
|5^CV(17->2')>    0.10409
|5^CV(17->4')>   -0.08565
|5^CV(17->15')>    0.09860
|5^CV(17->18')>   -0.06610
|5^CV(16->3')>    0.05518
|5^CV(16->5')>   -0.08957
|5^CV(15->5')>    0.05983
|5^CV(13->5')>    0.07152
|5^CV(13->14')>    0.07074
|5^CV(10->1')>   -0.07346
|5^CV(10->2')>   -0.10322
|5^CV(9->1')>   -0.34707
|5^CV(9->4')>    0.07252
|5^CV(9->15')>   -0.05487
|5^CV(1->1')>   -0.68932
|5^CV(1->2')>   -0.44009
|5^CV(1->15')>   -0.11678
TDMs with Triplet 'Ground' state
TDMX:0.000   TDMY:-0.000   TDMZ:-0.000   Oscillator Strength:0.00000   <S**2>: 6.000
--------------------------------------------------------------------
TDMs with Singlet 'Ground' state
TDMX:0.000   TDMY:-0.000   TDMZ:-0.000   Oscillator Strength:0.00000   <S**2>: 6.000
--------------------------------------------------------------------


State 6 2.441 eV 
Excitation    CI Coef
|3^OS>   -0.05335
|3^CS(21->0)>   -0.06210
|3^CS(14->0)>    0.12797
|3^CS(8->0)>    0.05301
|3^CS(1->0)>   -0.16874
|3^CS(20->0')>   -0.07738
|3^CS(15->0')>    0.05347
|3^CS(14->0')>    0.08772
|3^CS(8->0')>    0.11771
|3^CS(1->0')>   -0.06852
|3^SV(0->1')>   -0.09782
|3^SV(0->2')>    0.07547
|3^SV(0->3')>    0.38429
|3^SV(0->4')>   -0.13399
|3^SV(0->14')>   -0.08515
|3^SV(0->17')>    0.07512
|3^SV(0->19')>   -0.06830
|3^SV(0'->1')>    0.21525
|3^SV(0'->2')>   -0.28581
|3^SV(0'->3')>   -0.28375
|3^SV(0'->4')>    0.40076
|3^SV(0'->14')>    0.05823
|3^SV(0'->17')>   -0.05118
|3^SV(0'->18')>   -0.09812
|3^SV(0'->20')>    0.05679
|3X^CV(24->4')>   -0.05036
|3X^CV(23->3')>    0.05744
|3X^CV(20->3')>    0.06313
|3X^CV(17->1')>   -0.05430
|3X^CV(16->3')>   -0.05154
|3X^CV(15->3')>   -0.05336
|3X^CV(14->1')>    0.05312
|3X^CV(14->3')>   -0.09880
|3X^CV(14->4')>    0.11150
|3X^CV(12->6')>    0.05348
|3X^CV(11->7')>   -0.18711
|3X^CV(10->4')>    0.06558
|3X^CV(10->18')>   -0.05088
|3X^CV(9->1')>    0.12796
|3X^CV(8->3')>   -0.13565
|3X^CV(8->4')>    0.06763
|3X^CV(8->17')>   -0.07243
|3X^CV(2->9')>    0.07031
|3X^CV(1->2')>    0.23334
|3X^CV(1->3')>    0.08616
|3X^CV(1->4')>   -0.12229
TDMs with Triplet 'Ground' state
TDMX:-0.483   TDMY:-0.969   TDMZ:-0.089   Oscillator Strength:0.06818   <S**2>: 2.000
--------------------------------------------------------------------
TDMs with Singlet 'Ground' state
TDMX:0.000   TDMY:0.000   TDMZ:0.000   Oscillator Strength:0.00000   <S**2>: 2.000
--------------------------------------------------------------------


State 7 2.446 eV 
Excitation    CI Coef
|1^ZW+>   -0.15796
|1^CS(21->0)>   -0.06130
|1^CS(16->0)>   -0.06015
|1^CS(15->0)>   -0.16948
|1^CS(10->0)>    0.07001
|1^CS(8->0)>   -0.22740
|1^CS(1->0)>   -0.19428
|1^CS(21->0')>    0.05720
|1^CS(15->0')>    0.10362
|1^CS(14->0')>   -0.09460
|1^CS(10->0')>   -0.10852
|1^CS(8->0')>    0.10599
|1^CS(1->0')>    0.19309
|1^SV(0->1')>   -0.18613
|1^SV(0->2')>    0.17094
|1^SV(0->3')>   -0.15831
|1^SV(0->4')>   -0.33761
|1^SV(0->14')>    0.05065
|1^SV(0->18')>    0.07590
|1^SV(0'->1')>    0.09173
|1^SV(0'->2')>   -0.14304
|1^SV(0'->3')>    0.40839
|1^SV(0'->4')>    0.16988
|1^SV(0'->14')>   -0.09552
|1^SV(0'->19')>   -0.05755
|1T^CV(24->3')>   -0.06461
|1T^CV(21->3')>   -0.06540
|1T^CV(15->2')>    0.05299
|1T^CV(15->3')>   -0.09269
|1T^CV(15->4')>   -0.09964
|1T^CV(14->3')>    0.07586
|1T^CV(13->4')>    0.05174
|1T^CV(12->6')>    0.20147
|1T^CV(11->7')>    0.05291
|1T^CV(10->3')>    0.05367
|1T^CV(10->17')>    0.06218
|1T^CV(9->1')>    0.07814
|1T^CV(8->1')>   -0.05240
|1T^CV(8->3')>   -0.07933
|1T^CV(8->4')>   -0.12942
|1T^CV(8->16')>    0.05396
|1T^CV(7->11')>   -0.07052
|1T^CV(5->12')>   -0.06886
|1T^CV(3->8')>    0.10649
|1T^CV(1->2')>    0.15642
|1T^CV(1->3')>   -0.15996
|1T^CV(1->4')>   -0.07869
TDMs with Triplet 'Ground' state
TDMX:-0.000   TDMY:-0.000   TDMZ:-0.000   Oscillator Strength:0.00000   <S**2>: 0.000
--------------------------------------------------------------------
TDMs with Singlet 'Ground' state
TDMX:-0.683   TDMY:-1.746   TDMZ:-0.211   Oscillator Strength:0.21334   <S**2>: 0.000
--------------------------------------------------------------------


State 8 2.461 eV 
Excitation    CI Coef
|3^OS>   -0.09205
|3^CS(21->0)>    0.05278
|3^CS(15->0)>    0.14067
|3^CS(10->0)>   -0.06463
|3^CS(8->0)>    0.19618
|3^CS(1->0)>    0.12385
|3^CS(21->0')>   -0.05850
|3^CS(15->0')>   -0.07810
|3^CS(14->0')>    0.07533
|3^CS(10->0')>    0.09067
|3^CS(8->0')>   -0.09294
|3^CS(1->0')>   -0.15861
|3^SV(0->1')>   -0.23717
|3^SV(0->2')>    0.20720
|3^SV(0->3')>   -0.23421
|3^SV(0->4')>   -0.38710
|3^SV(0->14')>    0.05989
|3^SV(0->18')>    0.08899
|3^SV(0->20')>   -0.05215
|3^SV(0'->1')>   -0.06281
|3^SV(0'->2')>    0.08977
|3^SV(0'->3')>   -0.42593
|3^SV(0'->4')>   -0.14178
|3^SV(0'->14')>    0.09918
|3^SV(0'->19')>    0.06390
|3X^CV(24->3')>    0.06790
|3X^CV(21->3')>    0.07329
|3X^CV(15->1')>    0.05416
|3X^CV(15->2')>   -0.05946
|3X^CV(15->3')>    0.09972
|3X^CV(15->4')>    0.11093
|3X^CV(14->3')>   -0.09238
|3X^CV(13->4')>   -0.05232
|3X^CV(12->6')>   -0.21148
|3X^CV(11->7')>   -0.07955
|3X^CV(10->3')>   -0.06863
|3X^CV(10->17')>   -0.05473
|3X^CV(8->1')>    0.06496
|3X^CV(8->2')>   -0.05880
|3X^CV(8->3')>    0.06874
|3X^CV(8->4')>    0.14671
|3X^CV(7->11')>    0.05646
|3X^CV(5->12')>    0.05819
|3X^CV(3->8')>   -0.09291
|3X^CV(1->2')>   -0.09281
|3X^CV(1->3')>    0.17535
|3X^CV(1->4')>    0.06400
|3^SVD(3,4)>   -0.05142
TDMs with Triplet 'Ground' state
TDMX:0.112   TDMY:0.239   TDMZ:0.275   Oscillator Strength:0.00847   <S**2>: 2.000
--------------------------------------------------------------------
TDMs with Singlet 'Ground' state
TDMX:-0.000   TDMY:-0.000   TDMZ:-0.000   Oscillator Strength:0.00000   <S**2>: 2.000
--------------------------------------------------------------------


State 9 2.606 eV 
Excitation    CI Coef
|1^CS(19->0)>    0.07721
|1^CS(3->0)>   -0.45906
|1^CS(19->0')>   -0.06428
|1^CS(3->0')>    0.37855
|1^SV(0->8')>   -0.39520
|1^SV(0'->8')>    0.32521
|1T^CV(41->22')>    0.05090
|1T^CV(21->22')>   -0.06748
|1T^CV(19->24')>    0.08267
|1T^CV(19->25')>   -0.05317
|1T^CV(15->8')>   -0.07294
|1T^CV(15->22')>    0.06272
|1T^CV(13->8')>    0.09855
|1T^CV(10->8')>   -0.17997
|1T^CV(8->8')>    0.16811
|1T^CV(7->11')>    0.23422
|1T^CV(5->12')>   -0.23677
|1T^CV(3->3')>    0.10143
|1T^CV(3->4')>    0.09513
|1T^CV(3->14')>   -0.12095
|1T^CV(3->16')>    0.20803
|1T^CV(3->17')>   -0.17041
|1T^CV(1->8')>    0.06793
TDMs with Triplet 'Ground' state
TDMX:0.000   TDMY:0.000   TDMZ:0.000   Oscillator Strength:0.00000   <S**2>: 0.000
--------------------------------------------------------------------
TDMs with Singlet 'Ground' state
TDMX:-1.458   TDMY:0.420   TDMZ:0.439   Oscillator Strength:0.15931   <S**2>: 0.000
--------------------------------------------------------------------


State 10 2.621 eV 
Excitation    CI Coef
|1^CS(18->0)>    0.06104
|1^CS(2->0)>    0.35985
|1^CS(18->0')>    0.07398
|1^CS(2->0')>    0.43750
|1^SV(0->9')>   -0.33802
|1^SV(0'->9')>   -0.41119
|1T^CV(40->23')>   -0.05136
|1T^CV(20->23')>   -0.07059
|1T^CV(18->24')>    0.05091
|1T^CV(18->25')>    0.08746
|1T^CV(14->9')>   -0.07872
|1T^CV(14->23')>   -0.06694
|1T^CV(13->9')>    0.10397
|1T^CV(10->9')>    0.18142
|1T^CV(8->9')>    0.16937
|1T^CV(6->10')>    0.24185
|1T^CV(4->13')>   -0.24586
|1T^CV(2->3')>    0.10455
|1T^CV(2->4')>   -0.09091
|1T^CV(2->14')>   -0.11971
|1T^CV(2->16')>   -0.20656
|1T^CV(2->17')>   -0.18064
|1T^CV(1->9')>   -0.07161
TDMs with Triplet 'Ground' state
TDMX:0.000   TDMY:-0.000   TDMZ:0.000   Oscillator Strength:0.00000   <S**2>: 0.000
--------------------------------------------------------------------
TDMs with Singlet 'Ground' state
TDMX:0.518   TDMY:-0.110   TDMZ:-0.126   Oscillator Strength:0.01903   <S**2>: 0.000
--------------------------------------------------------------------


State 11 2.719 eV 
Excitation    CI Coef
|3^CS(19->0)>    0.06335
|3^CS(3->0)>   -0.43590
|3^CS(2->0)>    0.08830
|3^CS(3->0')>    0.34708
|3^CS(2->0')>    0.11511
|3^SV(0->8')>    0.36614
|3^SV(0->9')>    0.07846
|3^SV(0'->8')>    0.29835
|3^SV(0'->9')>   -0.09722
|3X^CV(41->22')>    0.05101
|3X^CV(21->8')>   -0.05091
|3X^CV(21->22')>   -0.07029
|3X^CV(19->24')>    0.08457
|3X^CV(19->25')>   -0.05376
|3X^CV(15->8')>   -0.07821
|3X^CV(15->22')>    0.06184
|3X^CV(13->8')>    0.10425
|3X^CV(10->8')>   -0.18704
|3X^CV(8->8')>    0.17366
|3X^CV(7->11')>    0.25038
|3X^CV(6->10')>    0.06469
|3X^CV(5->12')>   -0.26047
|3X^CV(4->13')>   -0.06591
|3X^CV(3->3')>    0.10247
|3X^CV(3->4')>    0.09582
|3X^CV(3->14')>   -0.12609
|3X^CV(3->16')>    0.21938
|3X^CV(3->17')>   -0.17773
|3X^CV(2->16')>   -0.05464
|3X^CV(2->17')>   -0.05090
|3X^CV(1->8')>    0.06762
TDMs with Triplet 'Ground' state
TDMX:0.280   TDMY:-0.076   TDMZ:-0.069   Oscillator Strength:0.00573   <S**2>: 2.000
--------------------------------------------------------------------
TDMs with Singlet 'Ground' state
TDMX:-0.000   TDMY:0.000   TDMZ:0.000   Oscillator Strength:0.00000   <S**2>: 2.000
--------------------------------------------------------------------


State 12 2.726 eV 
Excitation    CI Coef
|3^CS(3->0)>   -0.11024
|3^CS(2->0)>   -0.34886
|3^CS(3->0')>    0.09216
|3^CS(2->0')>   -0.42295
|3^SV(0->8')>    0.09613
|3^SV(0->9')>   -0.30252
|3^SV(0'->8')>    0.07832
|3^SV(0'->9')>    0.37342
|3X^CV(40->23')>    0.05049
|3X^CV(20->23')>    0.07128
|3X^CV(18->24')>   -0.05091
|3X^CV(18->25')>   -0.08618
|3X^CV(14->9')>    0.08746
|3X^CV(14->23')>    0.06529
|3X^CV(13->9')>   -0.11029
|3X^CV(10->9')>   -0.18962
|3X^CV(8->9')>   -0.17482
|3X^CV(7->11')>    0.06911
|3X^CV(6->10')>   -0.25065
|3X^CV(5->12')>   -0.06579
|3X^CV(4->13')>    0.25542
|3X^CV(3->16')>    0.05587
|3X^CV(2->3')>   -0.10365
|3X^CV(2->4')>    0.09160
|3X^CV(2->14')>    0.12521
|3X^CV(2->16')>    0.21748
|3X^CV(2->17')>    0.19034
|3X^CV(1->9')>    0.07040
TDMs with Triplet 'Ground' state
TDMX:-0.181   TDMY:0.002   TDMZ:0.038   Oscillator Strength:0.00222   <S**2>: 2.000
--------------------------------------------------------------------
TDMs with Singlet 'Ground' state
TDMX:0.000   TDMY:0.000   TDMZ:-0.000   Oscillator Strength:0.00000   <S**2>: 2.000
--------------------------------------------------------------------


State 13 2.739 eV 
Excitation    CI Coef
|1^ZW+>   -0.23138
|1^CS(10->0)>   -0.18691
|1^CS(8->0')>   -0.15658
|1^SV(0->3')>    0.13504
|1^SV(0->5')>    0.08649
|1^SV(0->14')>   -0.08431
|1^SV(0->17')>   -0.09002
|1^SV(0'->1')>    0.23256
|1^SV(0'->2')>   -0.13306
|1^SV(0'->4')>   -0.18175
|1^SV(0'->16')>   -0.14983
|1T^CV(25->21')>   -0.05256
|1T^CV(22->15')>    0.10539
|1T^CV(17->2')>    0.10562
|1T^CV(17->4')>    0.11287
|1T^CV(17->18')>    0.08142
|1T^CV(16->5')>    0.10055
|1T^CV(16->14')>   -0.09061
|1T^CV(15->5')>   -0.13628
|1T^CV(14->5')>   -0.06350
|1T^CV(13->3')>   -0.06774
|1T^CV(13->5')>   -0.27871
|1T^CV(12->6')>   -0.05987
|1T^CV(10->1')>   -0.11839
|1T^CV(10->2')>    0.10322
|1T^CV(10->4')>    0.08337
|1T^CV(10->16')>    0.05597
|1T^CV(9->1')>    0.24646
|1T^CV(9->2')>   -0.10124
|1T^CV(9->4')>   -0.08735
|1T^CV(9->15')>   -0.06089
|1T^CV(8->5')>    0.15823
|1T^CV(7->11')>    0.07031
|1T^CV(6->10')>    0.07448
|1T^CV(5->12')>    0.07276
|1T^CV(4->13')>    0.07599
|1T^CV(3->8')>   -0.10994
|1T^CV(2->9')>   -0.11941
|1T^CV(1->1')>   -0.31679
|1T^CV(1->2')>    0.34764
|1T^CV(1->4')>    0.21297
TDMs with Triplet 'Ground' state
TDMX:-0.000   TDMY:-0.000   TDMZ:0.000   Oscillator Strength:0.00000   <S**2>: 0.000
--------------------------------------------------------------------
TDMs with Singlet 'Ground' state
TDMX:0.109   TDMY:0.332   TDMZ:0.113   Oscillator Strength:0.00908   <S**2>: 0.000
--------------------------------------------------------------------


State 14 2.770 eV 
Excitation    CI Coef
|1^OS>   -0.05449
|1^ZW->    0.09416
|1^ZW+>   -0.11507
|1^CS(21->0)>    0.05640
|1^CS(20->0)>    0.12892
|1^CS(14->0)>   -0.10505
|1^CS(13->0)>    0.12461
|1^CS(10->0)>    0.13751
|1^CS(8->0)>    0.15298
|1^CS(21->0')>    0.07348
|1^CS(20->0')>    0.15522
|1^CS(14->0')>   -0.11913
|1^CS(13->0')>    0.16050
|1^CS(10->0')>    0.21079
|1^CS(8->0')>    0.14152
|1^CS(1->0')>   -0.05694
|1^SV(0->1')>   -0.09385
|1^SV(0->3')>    0.07934
|1^SV(0->14')>    0.10983
|1^SV(0->16')>    0.24993
|1^SV(0->17')>    0.25164
|1^SV(0->18')>    0.06421
|1^SV(0->25')>   -0.06784
|1^SV(0'->4')>   -0.06924
|1^SV(0'->14')>    0.11520
|1^SV(0'->16')>    0.25543
|1^SV(0'->17')>    0.24620
|1^SV(0'->18')>    0.07419
|1^SV(0'->25')>   -0.06879
|1T^CV(38->23')>    0.05046
|1T^CV(18->23')>   -0.10110
|1T^CV(14->25')>    0.05265
|1T^CV(13->5')>   -0.08703
|1T^CV(13->14')>   -0.05263
|1T^CV(10->1')>   -0.06690
|1T^CV(10->2')>    0.06560
|1T^CV(10->3')>    0.06145
|1T^CV(10->16')>   -0.09136
|1T^CV(10->17')>   -0.05978
|1T^CV(9->1')>    0.05815
|1T^CV(8->3')>    0.10060
|1T^CV(8->5')>    0.05232
|1T^CV(8->14')>   -0.05286
|1T^CV(8->16')>   -0.07218
|1T^CV(8->17')>   -0.06655
|1T^CV(6->10')>   -0.21559
|1T^CV(4->13')>   -0.22074
|1T^CV(2->9')>    0.35210
|1T^CV(1->1')>   -0.08070
|1T^CV(1->2')>    0.06886
|1T^CV(1->4')>    0.12118
TDMs with Triplet 'Ground' state
TDMX:0.000   TDMY:0.000   TDMZ:0.000   Oscillator Strength:0.00000   <S**2>: 0.000
--------------------------------------------------------------------
TDMs with Singlet 'Ground' state
TDMX:0.170   TDMY:0.430   TDMZ:-0.069   Oscillator Strength:0.01482   <S**2>: 0.000
--------------------------------------------------------------------


State 15 2.774 eV 
Excitation    CI Coef
|3^CS(10->0)>    0.10298
|3^CS(8->0')>    0.11428
|3^SV(0->3')>    0.08978
|3^SV(0->5')>    0.08341
|3^SV(0->14')>   -0.05191
|3^SV(0'->1')>   -0.22546
|3^SV(0'->2')>    0.10894
|3^SV(0'->4')>    0.17870
|3^SV(0'->16')>    0.06370
|3X^CV(25->14')>   -0.05054
|3X^CV(25->21')>    0.06424
|3X^CV(23->5')>   -0.05154
|3X^CV(22->15')>   -0.11834
|3X^CV(17->2')>   -0.14054
|3X^CV(17->4')>   -0.12766
|3X^CV(17->18')>   -0.08954
|3X^CV(16->3')>    0.05153
|3X^CV(16->5')>   -0.11785
|3X^CV(16->14')>    0.10383
|3X^CV(15->5')>    0.16058
|3X^CV(14->2')>   -0.05897
|3X^CV(14->5')>    0.07644
|3X^CV(13->3')>    0.07191
|3X^CV(13->5')>    0.32312
|3X^CV(13->14')>    0.05425
|3X^CV(10->1')>    0.14495
|3X^CV(10->2')>   -0.11829
|3X^CV(10->4')>   -0.08708
|3X^CV(9->1')>   -0.27830
|3X^CV(9->2')>    0.12006
|3X^CV(9->4')>    0.10248
|3X^CV(9->15')>    0.07990
|3X^CV(8->5')>   -0.18308
|3X^CV(3->8')>    0.07324
|3X^CV(1->1')>    0.38051
|3X^CV(1->2')>   -0.35485
|3X^CV(1->4')>   -0.27458
TDMs with Triplet 'Ground' state
TDMX:0.117   TDMY:0.136   TDMZ:0.048   Oscillator Strength:0.00227   <S**2>: 2.000
--------------------------------------------------------------------
TDMs with Singlet 'Ground' state
TDMX:-0.000   TDMY:-0.000   TDMZ:0.000   Oscillator Strength:0.00000   <S**2>: 2.000
--------------------------------------------------------------------


State 16 2.821 eV 
Excitation    CI Coef
|5^CV(25->14')>    0.05056
|5^CV(25->21')>   -0.06251
|5^CV(23->5')>    0.05353
|5^CV(22->15')>    0.11788
|5^CV(17->2')>    0.14044
|5^CV(17->4')>    0.12119
|5^CV(17->18')>    0.09360
|5^CV(16->3')>   -0.08333
|5^CV(16->5')>    0.11547
|5^CV(16->14')>   -0.08905
|5^CV(15->5')>   -0.16707
|5^CV(14->4')>    0.09505
|5^CV(14->5')>   -0.07985
|5^CV(13->5')>   -0.32478
|5^CV(13->14')>   -0.05109
|5^CV(12->6')>    0.09616
|5^CV(11->7')>   -0.11059
|5^CV(10->1')>   -0.14408
|5^CV(10->2')>    0.09737
|5^CV(10->4')>    0.12803
|5^CV(9->1')>    0.29708
|5^CV(9->2')>   -0.13038
|5^CV(9->4')>   -0.08759
|5^CV(9->15')>   -0.07697
|5^CV(8->3')>   -0.07441
|5^CV(8->5')>    0.18045
|5^CV(8->14')>    0.05068
|5^CV(1->1')>   -0.51770
|5^CV(1->2')>    0.41499
|5^CV(1->4')>    0.15227
TDMs with Triplet 'Ground' state
TDMX:-0.000   TDMY:-0.000   TDMZ:-0.000   Oscillator Strength:0.00000   <S**2>: 6.000
--------------------------------------------------------------------
TDMs with Singlet 'Ground' state
TDMX:0.000   TDMY:0.000   TDMZ:0.000   Oscillator Strength:0.00000   <S**2>: 6.000
--------------------------------------------------------------------


State 17 2.849 eV 
Excitation    CI Coef
|1^ZW+>    0.30505
|1^CS(21->0)>    0.15358
|1^CS(20->0)>   -0.08248
|1^CS(15->0)>    0.10642
|1^CS(14->0)>   -0.05143
|1^CS(13->0)>   -0.15128
|1^CS(10->0)>    0.21796
|1^CS(9->0)>    0.07128
|1^CS(8->0)>   -0.19796
|1^CS(21->0')>   -0.12193
|1^CS(15->0')>   -0.05810
|1^CS(13->0')>    0.09864
|1^CS(10->0')>   -0.20381
|1^CS(8->0')>    0.10248
|1^CS(1->0')>    0.05528
|1^SV(0->1')>    0.08404
|1^SV(0->3')>   -0.05109
|1^SV(0->4')>    0.05277
|1^SV(0->14')>    0.09106
|1^SV(0->16')>   -0.23859
|1^SV(0->17')>    0.14550
|1^SV(0->18')>   -0.05955
|1^SV(0->24')>    0.05330
|1^SV(0'->3')>   -0.06647
|1^SV(0'->4')>   -0.08323
|1^SV(0'->14')>   -0.09777
|1^SV(0'->16')>    0.21392
|1^SV(0'->17')>   -0.20051
|1T^CV(19->22')>   -0.09424
|1T^CV(17->2')>    0.07982
|1T^CV(16->5')>    0.05038
|1T^CV(15->5')>   -0.06532
|1T^CV(13->5')>   -0.12934
|1T^CV(13->14')>   -0.05407
|1T^CV(10->1')>   -0.07204
|1T^CV(10->2')>    0.05718
|1T^CV(10->3')>   -0.05984
|1T^CV(10->14')>    0.05153
|1T^CV(10->16')>   -0.08882
|1T^CV(10->17')>    0.05833
|1T^CV(9->1')>    0.09532
|1T^CV(9->4')>   -0.05162
|1T^CV(8->3')>    0.08103
|1T^CV(8->4')>    0.05251
|1T^CV(8->5')>    0.07409
|1T^CV(8->16')>    0.07311
|1T^CV(8->17')>   -0.05915
|1T^CV(7->11')>   -0.20661
|1T^CV(5->12')>   -0.21094
|1T^CV(3->8')>    0.32517
|1T^CV(1->1')>   -0.12352
|1T^CV(1->2')>    0.06621
|1T^CV(1->4')>    0.17160
TDMs with Triplet 'Ground' state
TDMX:-0.000   TDMY:-0.000   TDMZ:-0.000   Oscillator Strength:0.00000   <S**2>: 0.000
--------------------------------------------------------------------
TDMs with Singlet 'Ground' state
TDMX:-0.279   TDMY:-0.550   TDMZ:-0.216   Oscillator Strength:0.02984   <S**2>: 0.000
--------------------------------------------------------------------


State 18 2.853 eV 
Excitation    CI Coef
|3^OS>   -0.08379
|3^CS(21->0)>    0.13709
|3^CS(20->0)>   -0.07430
|3^CS(15->0)>    0.09741
|3^CS(13->0)>   -0.14924
|3^CS(10->0)>    0.21108
|3^CS(9->0)>    0.05741
|3^CS(8->0)>   -0.19409
|3^CS(1->0)>   -0.08250
|3^CS(21->0')>   -0.09844
|3^CS(20->0')>    0.05415
|3^CS(15->0')>   -0.08006
|3^CS(14->0')>    0.05388
|3^CS(13->0')>    0.09213
|3^CS(10->0')>   -0.21868
|3^CS(8->0')>    0.17118
|3^SV(0->1')>   -0.07084
|3^SV(0->3')>   -0.08053
|3^SV(0->14')>   -0.09981
|3^SV(0->16')>    0.29127
|3^SV(0->17')>   -0.20582
|3^SV(0->18')>    0.06705
|3^SV(0->24')>   -0.06496
|3^SV(0'->4')>   -0.07528
|3^SV(0'->14')>   -0.11928
|3^SV(0'->16')>    0.17024
|3^SV(0'->17')>   -0.21799
|3X^CV(39->22')>    0.05442
|3X^CV(19->22')>   -0.10934
|3X^CV(13->5')>   -0.05635
|3X^CV(13->16')>    0.07144
|3X^CV(10->3')>   -0.07840
|3X^CV(10->14')>    0.08048
|3X^CV(10->16')>   -0.07196
|3X^CV(10->17')>    0.09386
|3X^CV(8->3')>    0.05277
|3X^CV(8->4')>    0.09299
|3X^CV(8->16')>    0.10712
|3X^CV(8->17')>   -0.05529
|3X^CV(7->11')>   -0.25646
|3X^CV(6->10')>    0.05346
|3X^CV(5->12')>   -0.25114
|3X^CV(4->13')>    0.06321
|3X^CV(3->8')>    0.37974
|3X^CV(2->9')>   -0.08350
|3X^CV(1->1')>   -0.07788
|3X^CV(1->3')>    0.07100
|3X^CV(1->4')>    0.06304
TDMs with Triplet 'Ground' state
TDMX:0.303   TDMY:0.644   TDMZ:0.359   Oscillator Strength:0.04307   <S**2>: 2.000
--------------------------------------------------------------------
TDMs with Singlet 'Ground' state
TDMX:-0.000   TDMY:-0.000   TDMZ:-0.000   Oscillator Strength:0.00000   <S**2>: 2.000
--------------------------------------------------------------------


State 19 2.869 eV 
Excitation    CI Coef
|1^OS>   -0.24976
|1^ZW->    0.05638
|1^ZW+>   -0.07348
|1^CS(10->0')>   -0.05916
|1^CS(1->0')>   -0.21931
|1^SV(0->1')>   -0.22791
|1^SV(0->2')>    0.16627
|1^SV(0'->5')>   -0.15847
|1^SV(0'->14')>   -0.07954
|1^SV(0'->17')>   -0.05871
|1T^CV(26->21')>    0.07567
|1T^CV(25->15')>   -0.07259
|1T^CV(25->20')>    0.05909
|1T^CV(25->26')>    0.05774
|1T^CV(23->2')>    0.05253
|1T^CV(22->5')>    0.12844
|1T^CV(22->14')>   -0.06974
|1T^CV(17->3')>    0.05826
|1T^CV(17->5')>    0.20945
|1T^CV(17->14')>    0.08911
|1T^CV(16->1')>   -0.17799
|1T^CV(16->15')>    0.14259
|1T^CV(15->1')>    0.08940
|1T^CV(15->2')>   -0.09715
|1T^CV(15->4')>   -0.09952
|1T^CV(15->15')>   -0.05973
|1T^CV(14->2')>   -0.05670
|1T^CV(14->5')>    0.06364
|1T^CV(13->1')>    0.14579
|1T^CV(13->2')>   -0.28960
|1T^CV(13->4')>   -0.23273
|1T^CV(13->16')>    0.05001
|1T^CV(13->18')>   -0.07072
|1T^CV(10->5')>    0.14993
|1T^CV(9->3')>    0.05685
|1T^CV(9->5')>   -0.27018
|1T^CV(9->14')>    0.06854
|1T^CV(8->1')>   -0.07277
|1T^CV(8->2')>    0.15371
|1T^CV(8->4')>    0.15508
|1T^CV(3->8')>    0.06675
|1T^CV(1->3')>    0.19363
|1T^CV(1->5')>    0.34829
|1T^CV(1->14')>    0.10083
TDMs with Triplet 'Ground' state
TDMX:0.000   TDMY:0.000   TDMZ:0.000   Oscillator Strength:0.00000   <S**2>: 0.000
--------------------------------------------------------------------
TDMs with Singlet 'Ground' state
TDMX:0.033   TDMY:0.090   TDMZ:0.026   Oscillator Strength:0.00069   <S**2>: 0.000
--------------------------------------------------------------------


State 20 2.899 eV 
Excitation    CI Coef
|3^CS(21->0)>   -0.07903
|3^CS(20->0)>   -0.08054
|3^CS(14->0)>    0.08417
|3^CS(13->0)>   -0.07844
|3^CS(10->0)>   -0.20067
|3^CS(8->0)>   -0.07998
|3^CS(1->0)>    0.07996
|3^CS(20->0')>   -0.09508
|3^CS(14->0')>    0.08871
|3^CS(13->0')>   -0.09423
|3^CS(10->0')>   -0.11677
|3^CS(8->0')>   -0.17541
|3^SV(0->14')>    0.12483
|3^SV(0->16')>    0.18815
|3^SV(0->17')>    0.24409
|3^SV(0->25')>   -0.06444
|3^SV(0'->14')>   -0.13468
|3^SV(0'->16')>   -0.31369
|3^SV(0'->17')>   -0.23705
|3^SV(0'->18')>   -0.07383
|3^SV(0'->25')>    0.06720
|3X^CV(38->23')>   -0.05925
|3X^CV(20->25')>   -0.05437
|3X^CV(18->23')>    0.12061
|3X^CV(14->25')>   -0.05646
|3X^CV(13->2')>   -0.05631
|3X^CV(13->16')>    0.06238
|3X^CV(10->1')>    0.05003
|3X^CV(10->3')>   -0.05468
|3X^CV(10->14')>    0.06285
|3X^CV(10->16')>    0.11130
|3X^CV(10->17')>    0.08030
|3X^CV(8->3')>   -0.07171
|3X^CV(8->4')>    0.07521
|3X^CV(8->14')>    0.05872
|3X^CV(8->16')>    0.08536
|3X^CV(8->17')>    0.08852
|3X^CV(7->10')>   -0.05625
|3X^CV(6->10')>    0.29000
|3X^CV(4->13')>    0.28690
|3X^CV(2->9')>   -0.41399
|3X^CV(1->1')>    0.06433
|3X^CV(1->3')>    0.06657
|3X^CV(1->4')>   -0.06304
|3X^CV(1->5')>    0.05468
TDMs with Triplet 'Ground' state
TDMX:-0.270   TDMY:-0.506   TDMZ:-0.009   Oscillator Strength:0.02270   <S**2>: 2.000
--------------------------------------------------------------------
TDMs with Singlet 'Ground' state
TDMX:-0.000   TDMY:-0.000   TDMZ:-0.000   Oscillator Strength:0.00000   <S**2>: 2.000
--------------------------------------------------------------------


State 21 2.908 eV 
Excitation    CI Coef
|3^CS(1->0')>    0.16277
|3^SV(0->1')>   -0.17569
|3^SV(0->2')>    0.13156
|3^SV(0'->5')>    0.15261
|3X^CV(26->21')>   -0.08258
|3X^CV(25->15')>    0.07879
|3X^CV(25->20')>   -0.06504
|3X^CV(25->26')>   -0.06406
|3X^CV(23->2')>   -0.05380
|3X^CV(22->5')>   -0.14411
|3X^CV(22->14')>    0.07553
|3X^CV(17->3')>   -0.06751
|3X^CV(17->5')>   -0.23062
|3X^CV(17->14')>   -0.09554
|3X^CV(16->1')>    0.19162
|3X^CV(16->15')>   -0.15643
|3X^CV(15->1')>   -0.11072
|3X^CV(15->2')>    0.11670
|3X^CV(15->4')>    0.10993
|3X^CV(15->15')>    0.06547
|3X^CV(14->2')>    0.06004
|3X^CV(14->4')>    0.05161
|3X^CV(14->5')>   -0.06665
|3X^CV(13->1')>   -0.15049
|3X^CV(13->2')>    0.31441
|3X^CV(13->4')>    0.26374
|3X^CV(13->18')>    0.08476
|3X^CV(10->5')>   -0.17045
|3X^CV(9->3')>   -0.06879
|3X^CV(9->5')>    0.29923
|3X^CV(9->14')>   -0.06984
|3X^CV(8->1')>    0.09175
|3X^CV(8->2')>   -0.18501
|3X^CV(8->4')>   -0.13648
|3X^CV(2->9')>   -0.05976
|3X^CV(1->3')>   -0.15986
|3X^CV(1->5')>   -0.39497
|3X^CV(1->14')>   -0.12441
TDMs with Triplet 'Ground' state
TDMX:-0.013   TDMY:-0.015   TDMZ:0.057   Oscillator Strength:0.00025   <S**2>: 2.000
--------------------------------------------------------------------
TDMs with Singlet 'Ground' state
TDMX:-0.000   TDMY:-0.000   TDMZ:0.000   Oscillator Strength:0.00000   <S**2>: 2.000
--------------------------------------------------------------------


State 22 2.919 eV 
Excitation    CI Coef
|5^CV(26->21')>   -0.06482
|5^CV(25->15')>    0.05646
|5^CV(25->26')>   -0.05135
|5^CV(24->3')>   -0.06041
|5^CV(24->19')>   -0.06576
|5^CV(23->2')>   -0.07009
|5^CV(23->20')>   -0.07826
|5^CV(22->5')>   -0.11190
|5^CV(22->14')>    0.05993
|5^CV(21->3')>   -0.05894
|5^CV(17->3')>   -0.06144
|5^CV(17->5')>   -0.17021
|5^CV(17->14')>   -0.07460
|5^CV(16->1')>    0.13724
|5^CV(16->4')>   -0.07521
|5^CV(16->15')>   -0.12581
|5^CV(15->1')>   -0.13090
|5^CV(15->2')>    0.13793
|5^CV(15->18')>    0.06899
|5^CV(14->1')>   -0.07691
|5^CV(14->2')>    0.09392
|5^CV(14->3')>    0.13819
|5^CV(14->5')>   -0.05469
|5^CV(14->14')>   -0.05670
|5^CV(14->17')>    0.07555
|5^CV(14->18')>    0.05629
|5^CV(14->19')>   -0.05388
|5^CV(13->1')>   -0.05116
|5^CV(13->2')>    0.21012
|5^CV(13->4')>    0.23420
|5^CV(13->16')>   -0.07493
|5^CV(13->18')>    0.06512
|5^CV(12->6')>    0.20427
|5^CV(11->7')>    0.30931
|5^CV(10->3')>    0.09161
|5^CV(10->5')>   -0.11898
|5^CV(10->14')>   -0.07888
|5^CV(9->5')>    0.22827
|5^CV(9->14')>   -0.07345
|5^CV(8->3')>    0.05635
|5^CV(8->4')>   -0.31044
|5^CV(7->11')>    0.05041
|5^CV(6->10')>   -0.07672
|5^CV(5->12')>    0.05171
|5^CV(4->13')>   -0.07709
|5^CV(3->8')>   -0.06113
|5^CV(2->9')>    0.09146
|5^CV(1->3')>   -0.39420
|5^CV(1->4')>    0.07395
|5^CV(1->5')>   -0.27374
|5^CV(1->14')>   -0.07256
TDMs with Triplet 'Ground' state
TDMX:0.000   TDMY:-0.000   TDMZ:-0.000   Oscillator Strength:0.00000   <S**2>: 6.000
--------------------------------------------------------------------
TDMs with Singlet 'Ground' state
TDMX:0.000   TDMY:0.000   TDMZ:0.000   Oscillator Strength:0.00000   <S**2>: 6.000
--------------------------------------------------------------------


State 23 2.943 eV 
Excitation    CI Coef
|5^CV(43->19')>   -0.05506
|5^CV(24->4')>   -0.07686
|5^CV(24->20')>    0.07936
|5^CV(23->3')>    0.07425
|5^CV(23->19')>    0.08718
|5^CV(22->1')>    0.06194
|5^CV(21->4')>   -0.07207
|5^CV(20->3')>    0.07595
|5^CV(17->2')>   -0.10816
|5^CV(17->4')>   -0.05556
|5^CV(16->5')>   -0.05727
|5^CV(16->14')>    0.06728
|5^CV(16->17')>   -0.05729
|5^CV(15->1')>   -0.06606
|5^CV(15->2')>    0.07494
|5^CV(15->3')>   -0.16526
|5^CV(15->4')>   -0.07300
|5^CV(15->5')>    0.07093
|5^CV(15->17')>   -0.07461
|5^CV(15->18')>    0.05381
|5^CV(15->19')>    0.06551
|5^CV(14->1')>    0.07376
|5^CV(14->2')>   -0.08877
|5^CV(14->3')>   -0.06907
|5^CV(14->4')>    0.15140
|5^CV(14->18')>   -0.08298
|5^CV(13->3')>    0.10728
|5^CV(13->5')>    0.12452
|5^CV(13->14')>    0.06251
|5^CV(12->6')>    0.37366
|5^CV(11->7')>   -0.31365
|5^CV(10->1')>    0.09964
|5^CV(10->2')>   -0.09315
|5^CV(10->4')>    0.09777
|5^CV(10->16')>    0.07382
|5^CV(10->18')>   -0.06361
|5^CV(9->4')>    0.08477
|5^CV(9->15')>    0.06710
|5^CV(8->3')>   -0.33330
|5^CV(8->4')>   -0.05328
|5^CV(8->5')>   -0.07533
|5^CV(8->14')>    0.07763
|5^CV(7->11')>    0.10864
|5^CV(6->10')>    0.09185
|5^CV(5->12')>    0.11135
|5^CV(4->13')>    0.09218
|5^CV(3->8')>   -0.12836
|5^CV(2->9')>   -0.10664
|5^CV(1->2')>    0.12655
|5^CV(1->4')>   -0.43445
|5^CV(1->5')>   -0.05827
|5^CV(1->16')>    0.05796
TDMs with Triplet 'Ground' state
TDMX:-0.000   TDMY:-0.000   TDMZ:-0.000   Oscillator Strength:0.00000   <S**2>: 6.000
--------------------------------------------------------------------
TDMs with Singlet 'Ground' state
TDMX:0.000   TDMY:-0.000   TDMZ:0.000   Oscillator Strength:0.00000   <S**2>: 6.000
--------------------------------------------------------------------


State 24 2.948 eV 
Excitation    CI Coef
|1^ZW+>    0.73031
|1^CS(21->0)>   -0.05473
|1^CS(20->0)>    0.07394
|1^CS(15->0)>   -0.08448
|1^CS(13->0)>    0.09709
|1^CS(8->0)>    0.06172
|1^CS(1->0)>    0.13832
|1^CS(21->0')>    0.09870
|1^CS(20->0')>   -0.06475
|1^CS(15->0')>    0.12008
|1^CS(13->0')>   -0.07950
|1^CS(10->0')>    0.09498
|1^CS(8->0')>   -0.05628
|1^SV(0->1')>   -0.07373
|1^SV(0->3')>   -0.24532
|1^SV(0->16')>    0.11312
|1^SV(0->17')>   -0.14600
|1^SV(0'->3')>    0.05743
|1^SV(0'->17')>    0.10745
|1S^CV(8->3')>   -0.07101
|1S^CV(1->1')>   -0.05908
|1T^CV(17->2')>    0.07074
|1T^CV(15->5')>   -0.05500
|1T^CV(13->5')>   -0.09287
|1T^CV(12->6')>    0.09437
|1T^CV(10->4')>    0.08641
|1T^CV(9->1')>    0.09285
|1T^CV(8->2')>    0.05744
|1T^CV(8->3')>   -0.05252
|1T^CV(7->11')>    0.09311
|1T^CV(5->12')>    0.09446
|1T^CV(3->8')>   -0.14481
|1T^CV(1->1')>   -0.09933
|1T^CV(1->4')>    0.08352
|1T^CV(1->5')>    0.07234
|1^SVD_(3',3')>   -0.06108
|1^SVD_(3',17')>   -0.05506
TDMs with Triplet 'Ground' state
TDMX:-0.000   TDMY:-0.000   TDMZ:-0.000   Oscillator Strength:0.00000   <S**2>: 0.000
--------------------------------------------------------------------
TDMs with Singlet 'Ground' state
TDMX:0.082   TDMY:-0.086   TDMZ:0.104   Oscillator Strength:0.00181   <S**2>: 0.000
--------------------------------------------------------------------


State 25 2.991 eV 
Excitation    CI Coef
|5^CV(26->21')>    0.05601
|5^CV(25->15')>   -0.05827
|5^CV(24->3')>   -0.07594
|5^CV(23->4')>    0.08374
|5^CV(22->5')>    0.10907
|5^CV(22->14')>   -0.05103
|5^CV(21->3')>   -0.05822
|5^CV(20->4')>    0.06517
|5^CV(17->5')>    0.17325
|5^CV(17->14')>    0.06447
|5^CV(16->1')>   -0.15105
|5^CV(16->2')>    0.05204
|5^CV(16->15')>    0.10890
|5^CV(15->3')>   -0.07908
|5^CV(15->4')>   -0.19327
|5^CV(15->15')>   -0.05426
|5^CV(15->16')>    0.05557
|5^CV(14->3')>    0.14997
|5^CV(14->4')>   -0.08587
|5^CV(14->5')>    0.06055
|5^CV(14->17')>    0.06358
|5^CV(14->19')>   -0.05110
|5^CV(13->1')>    0.15805
|5^CV(13->2')>   -0.25531
|5^CV(13->4')>   -0.14949
|5^CV(13->18')>   -0.06682
|5^CV(12->6')>    0.27732
|5^CV(11->7')>    0.24332
|5^CV(10->3')>    0.13752
|5^CV(10->5')>    0.13785
|5^CV(10->14')>   -0.06730
|5^CV(9->3')>    0.08798
|5^CV(9->5')>   -0.22637
|5^CV(8->1')>   -0.18011
|5^CV(8->2')>    0.24398
|5^CV(8->4')>   -0.11219
|5^CV(8->16')>   -0.05799
|5^CV(8->18')>    0.07402
|5^CV(7->11')>    0.12774
|5^CV(6->10')>   -0.11340
|5^CV(5->12')>    0.13089
|5^CV(4->13')>   -0.11362
|5^CV(3->8')>   -0.14272
|5^CV(2->9')>    0.12439
|5^CV(1->3')>   -0.18101
|5^CV(1->5')>    0.31430
|5^CV(1->14')>    0.11436
|5^CV(1->17')>   -0.06944
TDMs with Triplet 'Ground' state
TDMX:0.000   TDMY:0.000   TDMZ:0.000   Oscillator Strength:0.00000   <S**2>: 6.000
--------------------------------------------------------------------
TDMs with Singlet 'Ground' state
TDMX:0.000   TDMY:-0.000   TDMZ:-0.000   Oscillator Strength:0.00000   <S**2>: 6.000
--------------------------------------------------------------------


State 26 3.011 eV 
Excitation    CI Coef
|1^CS(12->0)>    0.32052
|1^CS(12->0')>   -0.25694
|1^SV(0->6')>   -0.60428
|1^SV(0->7')>   -0.05989
|1^SV(0'->6')>    0.50780
|1^SV(0'->7')>   -0.08584
|1T^CV(43->6')>    0.06904
|1T^CV(23->6')>   -0.05771
|1T^CV(21->6')>   -0.09171
|1T^CV(16->6')>   -0.06458
|1T^CV(15->6')>   -0.18561
|1T^CV(14->6')>    0.07484
|1T^CV(12->3')>    0.11587
|1T^CV(12->4')>    0.11042
|1T^CV(12->14')>   -0.05850
|1T^CV(12->18')>   -0.07414
|1T^CV(12->19')>   -0.09951
|1T^CV(12->20')>    0.08078
|1T^CV(10->6')>    0.12139
|1T^CV(8->6')>   -0.15171
|1T^CV(1->6')>   -0.07070
|1^SVD_(6',16')>   -0.05428
|1^SVD_(6',17')>   -0.05280
TDMs with Triplet 'Ground' state
TDMX:0.000   TDMY:-0.000   TDMZ:0.000   Oscillator Strength:0.00000   <S**2>: 0.000
--------------------------------------------------------------------
TDMs with Singlet 'Ground' state
TDMX:0.224   TDMY:-0.009   TDMZ:-0.507   Oscillator Strength:0.02265   <S**2>: 0.000
--------------------------------------------------------------------


State 27 3.031 eV 
Excitation    CI Coef
|1^CS(11->0)>    0.24990
|1^CS(11->0')>    0.29253
|1^SV(0->6')>    0.07032
|1^SV(0->7')>   -0.50268
|1^SV(0'->6')>   -0.07178
|1^SV(0'->7')>   -0.62593
|1T^CV(42->7')>    0.06909
|1T^CV(23->7')>   -0.06119
|1T^CV(20->7')>    0.08744
|1T^CV(16->7')>   -0.05156
|1T^CV(15->7')>   -0.05187
|1T^CV(14->7')>   -0.20136
|1T^CV(11->3')>   -0.11226
|1T^CV(11->4')>    0.10220
|1T^CV(11->14')>    0.05799
|1T^CV(11->18')>   -0.07538
|1T^CV(11->19')>    0.09766
|1T^CV(11->20')>    0.08188
|1T^CV(10->7')>   -0.12324
|1T^CV(8->7')>   -0.15341
|1T^CV(1->7')>    0.07605
|1^SVD_(7',16')>    0.05671
|1^SVD_(7',17')>   -0.05162
TDMs with Triplet 'Ground' state
TDMX:-0.000   TDMY:-0.000   TDMZ:-0.000   Oscillator Strength:0.00000   <S**2>: 0.000
--------------------------------------------------------------------
TDMs with Singlet 'Ground' state
TDMX:-0.119   TDMY:0.045   TDMZ:0.020   Oscillator Strength:0.00123   <S**2>: 0.000
--------------------------------------------------------------------


State 28 3.081 eV 
Excitation    CI Coef
|5^CV(38->23')>    0.06150
|5^CV(21->24')>    0.06203
|5^CV(20->25')>    0.08498
|5^CV(19->22')>   -0.08173
|5^CV(18->23')>   -0.13263
|5^CV(15->3')>   -0.05192
|5^CV(14->3')>   -0.05289
|5^CV(14->4')>    0.07193
|5^CV(14->16')>    0.06761
|5^CV(13->3')>    0.07886
|5^CV(13->17')>   -0.09356
|5^CV(12->6')>    0.10051
|5^CV(11->7')>   -0.17560
|5^CV(10->16')>   -0.18681
|5^CV(10->18')>   -0.05810
|5^CV(8->14')>   -0.08212
|5^CV(8->17')>   -0.17127
|5^CV(7->10')>    0.08122
|5^CV(7->11')>   -0.25250
|5^CV(6->10')>   -0.42003
|5^CV(5->12')>   -0.25635
|5^CV(4->13')>   -0.40999
|5^CV(3->8')>    0.24688
|5^CV(2->9')>    0.39943
|5^CV(1->2')>    0.05988
|5^CV(1->4')>   -0.11099
|5^CV(1->16')>    0.08927
TDMs with Triplet 'Ground' state
TDMX:-0.000   TDMY:-0.000   TDMZ:0.000   Oscillator Strength:0.00000   <S**2>: 6.000
--------------------------------------------------------------------
TDMs with Singlet 'Ground' state
TDMX:0.000   TDMY:-0.000   TDMZ:0.000   Oscillator Strength:0.00000   <S**2>: 6.000
--------------------------------------------------------------------


State 29 3.087 eV 
Excitation    CI Coef
|5^CV(39->22')>   -0.06108
|5^CV(21->3')>    0.05911
|5^CV(21->24')>   -0.05271
|5^CV(21->25')>    0.06194
|5^CV(20->24')>    0.05650
|5^CV(19->22')>    0.12831
|5^CV(18->23')>   -0.07726
|5^CV(15->3')>    0.06493
|5^CV(15->4')>    0.09838
|5^CV(15->16')>    0.05239
|5^CV(15->24')>    0.05784
|5^CV(14->3')>   -0.08868
|5^CV(13->1')>   -0.06540
|5^CV(13->2')>    0.06875
|5^CV(13->16')>   -0.10066
|5^CV(12->6')>   -0.22316
|5^CV(11->7')>   -0.14230
|5^CV(10->14')>   -0.08133
|5^CV(10->17')>   -0.17110
|5^CV(8->1')>    0.06057
|5^CV(8->2')>   -0.05657
|5^CV(8->16')>   -0.17720
|5^CV(8->18')>   -0.06230
|5^CV(7->11')>    0.39865
|5^CV(6->10')>   -0.24668
|5^CV(6->11')>    0.07588
|5^CV(5->12')>    0.40375
|5^CV(4->13')>   -0.23885
|5^CV(3->8')>   -0.38599
|5^CV(2->9')>    0.23163
|5^CV(1->3')>    0.13239
|5^CV(1->5')>   -0.06520
|5^CV(1->17')>    0.08875
TDMs with Triplet 'Ground' state
TDMX:-0.000   TDMY:-0.000   TDMZ:-0.000   Oscillator Strength:0.00000   <S**2>: 6.000
--------------------------------------------------------------------
TDMs with Singlet 'Ground' state
TDMX:0.000   TDMY:-0.000   TDMZ:0.000   Oscillator Strength:0.00000   <S**2>: 6.000
--------------------------------------------------------------------

Wall clock time: 87.8239 seconds
