                    ---------------------------------
                    | Radical ExROPPP Calculation |
                    ---------------------------------

Molecule: ./5-7ICzTTM2.xyz radical

--------------------------------
Cartesian Coordinates / Angstrom
--------------------------------

C         -5.26599        5.66750        1.65047
C         -4.67519        4.43722        1.36610
C         -3.29563        4.41411        1.17035
C         -2.51061        5.59271        1.23303
C         -3.12897        6.81367        1.51787
C         -4.50456        6.84270        1.72943
N         -2.46252        3.33737        0.84779
C         -1.15846        3.80800        0.71288
C         -1.14770        5.21275        0.93849
C         -0.00918        3.06394        0.45480
C          1.17192        3.79525        0.36263
C          1.21685        5.20646        0.55891
C          0.05475        5.91617        0.86330
N          2.47006        3.33266        0.12673
C          3.34377        4.42848        0.15063
C          2.59798        5.60219        0.41716
C          4.71532        4.47678       -0.09932
C          5.34097        5.72104       -0.04597
C          4.62151        6.88919        0.24339
C          3.24910        6.83797        0.46814
C          7.43872       -2.20673       -1.84167
C          6.11192       -1.91581       -1.54717
C          5.41282       -2.49721       -0.46280
C          6.16446       -3.41068        0.31480
C          7.49003       -3.72823        0.04320
C          8.11782       -3.11822       -1.03926
C          2.23584       -5.52531       -0.42813
C          1.42573       -5.48461        0.70370
C          1.39660       -4.36109        1.52546
C          2.21016       -3.27811        1.21114
C          3.06780       -3.25642        0.08358
C          3.01653       -4.41618       -0.73083
C          3.60869       -0.76868       -0.09577
C          4.32775        0.18747        0.66155
C          3.96176        1.52142        0.74285
C          2.84819        1.98526        0.03356
C          2.11220        1.08228       -0.74295
C          2.48366       -0.25458       -0.78213
C          4.01438       -2.17052       -0.16985
Cl         1.56512       -1.29200       -1.83371
Cl         5.66055       -0.31450        1.66139
Cl         2.21793       -1.96051        2.34387
Cl         3.89314       -4.46173       -2.23080
Cl         0.39225       -6.82847        1.05656
Cl         9.77159       -3.49701       -1.39072
Cl         5.28553       -0.85609       -2.65123
Cl         5.47607       -4.11588        1.74808
C         -0.66283       -3.66974       -1.32607
C         -1.66245       -2.91997       -0.72342
C         -2.97979       -2.83467       -1.23492
C         -3.21953       -3.60496       -2.39984
C         -2.24354       -4.37930       -3.01537
C         -0.96165       -4.39332       -2.47573
C         -7.79135       -2.24853       -0.68177
C         -7.97020       -3.47019       -0.03810
C         -6.88253       -4.20708        0.42274
C         -5.60331       -3.70112        0.22629
C         -5.35074       -2.47310       -0.42692
C         -6.49876       -1.77366       -0.86490
C         -3.65110       -0.59721       -0.27868
C         -2.86286        0.23920       -1.11285
C         -2.48097        1.51968       -0.75061
C         -2.87669        2.04488        0.48354
C         -3.67163        1.27455        1.33388
C         -4.04019       -0.00878        0.95155
C         -3.99534       -1.96619       -0.64228
Cl        -4.89813       -0.94335        2.14274
Cl        -2.41262       -0.27267       -2.71472
Cl        -4.28440       -4.60053        0.91637
Cl        -6.32478       -0.29397       -1.76189
Cl        -9.57401       -4.08502        0.19166
Cl         0.28936       -5.30055       -3.25944
Cl        -1.22916       -2.10512        0.75306
Cl        -4.75209       -3.51277       -3.21744
H         -6.34501        5.71244        1.81195
H         -5.27731        3.52914        1.29815
H         -2.53761        7.73139        1.56117
H         -4.99956        7.79010        1.95119
H         -0.04301        1.97918        0.35566
H          0.08922        6.99291        1.04463
H          5.28499        3.57878       -0.34421
H          6.41417        5.78167       -0.23794
H          5.14402        7.84690        0.28267
H          2.68422        7.74915        0.67833
H          7.92507       -1.74367       -2.69856
H          8.03138       -4.42269        0.68308
H          2.22606       -6.38932       -1.08973
H          0.76160       -4.33248        2.40939
H          4.51981        2.19202        1.39481
H          1.27233        1.42036       -1.34893
H          0.34037       -3.67108       -0.90895
H         -2.47557       -4.93136       -3.92443
H         -8.64346       -1.68203       -1.05295
H         -7.02681       -5.15262        0.94274
H         -1.89947        2.12798       -1.44337
H         -3.95940        1.64984        2.31548

There are 74 heavy atoms.
There are 92 electrons in 74 orbitals.


Carbon 1e params: A = -22.717075 b = 1.705616

Nitrogen 1e params: alphan2 = -17.681338 Acn2 = -24.737202 bcn2 = 1.433639

Chlorine 1e params: alphacl = -10.335674 Accl = -26.021937 bccl=1.451861
C-N2 bond
C-N2 bond
C-N2 bond
C-N2 bond
C-N2 bond
C-N2 bond
C-Cl bond
C-Cl bond
C-Cl bond
C-Cl bond
C-Cl bond
C-Cl bond
C-Cl bond
C-Cl bond
C-Cl bond
C-Cl bond
C-Cl bond
C-Cl bond
C-Cl bond
C-Cl bond
C-Cl bond
C-Cl bond
N2 atom 57
N2 atom 58
Cl atom 59
Cl atom 60
Cl atom 61
Cl atom 62
Cl atom 63
Cl atom 64
Cl atom 65
Cl atom 66
Cl atom 67
Cl atom 68
Cl atom 69
Cl atom 70
Cl atom 71
Cl atom 72
Cl atom 73
Cl atom 74

Carbon 2e params: U = 8.420838 r0 = 1.173157

Nitrogen 2e params: Un2n2 = 17.979843 r0n2n2 = 1.111791

Chlorine 2e params: Uclcl= 9.642991 r0clcl = 2.253316

Mixed 2e params: Ucn2 = 13.200341 Uccl = 9.031915 Un2cl = 13.811417 r0cn2 =1.142474 r0ccl = 1.713237 r0n2cl = 1.682554
[8.42083845 3.84807047 2.77714841 2.49406962 2.74281127 3.83546009
 1.70962535 1.83719305 1.3797451  1.2348169  1.27250529 1.50650115
 0.98789929 1.08161666 0.8683737  0.82911617 0.8793245  1.00301655
 0.5979029  0.6492684  0.66836896 0.62402633 0.57780765 0.567516
 0.66718975 0.69505128 0.74762185 0.7694038  0.73267286 0.68424206
 0.80485447 0.80540195 0.87191594 0.96575451 0.97007353 0.88006216
 0.73415657 0.82320781 0.91608853 0.94643368 0.85930154 0.78060844
 0.76770642 1.00771266 0.9104165  0.87780086 0.92713141 1.03173841
 1.08273177 1.24668877 1.27945289 1.47090385 1.74327054 1.68663721
 1.40682036 1.06864665 3.09342076 1.61026014 1.2821303  1.09200319
 1.24568323 0.97256834 1.00196821 0.79012299 1.04248324 0.95264082
 1.85257627 1.60887066 1.2836893  1.78611852 1.24046264 1.03489251
 1.47124451 1.27703429]

-------------------------------------
Restricted Open-shell PPP Calculation
-------------------------------------

Starting SCF cycle...

Iter   Energy        Dens Change      Energy Change
-----------------------------------------------------
0 -326.636352472381 0.3336990001380937 -326.636352472381
1 -373.85304028338794 0.06764372641082428 -47.21668781100692
2 -385.06949395138133 0.018249047218104497 -11.216453667993392
3 -388.65043018783365 0.004550541345470338 -3.5809362364523167
4 -389.5351413131906 0.0018127299738871505 -0.8847111253569437
5 -389.8349109686045 0.0008771456594974802 -0.2997696554139111
6 -389.9206723483275 0.0004553894065041364 -0.08576137972301012
7 -389.9514898350486 0.00023411917553195494 -0.03081748672110507
8 -389.9613102858494 0.00012019513636063461 -0.009820450800759772
9 -389.96505428614637 6.153225890781489e-05 -0.0037440002969901798
10 -389.9663864406032 3.1499531052969765e-05 -0.0013321544568043464
11 -389.96693370864836 1.611495178033273e-05 -0.0005472680451816814
12 -389.9671532150543 8.247199644539904e-06 -0.00021950640592649506
13 -389.96725081159207 4.221161278072927e-06 -9.759653778473876e-05
14 -389.9672942239977 2.161545561985001e-06 -4.341240565963744e-05
15 -389.96731475404806 1.1073070710354571e-06 -2.053005033531008e-05
16 -389.96732452367837 5.675557602780046e-07 -9.769630310074717e-06
17 -389.9673293183952 2.910583430937308e-07 -4.794716801370669e-06
18 -389.9673316831885 1.4935370162838524e-07 -2.364793317610747e-06
19 -389.9673328660155 7.668737744825904e-08 -1.1828270203295688e-06
20 -389.96733345934837 3.9402750617867355e-08 -5.93332856624329e-07
21 -389.96733375880524 2.025991618914702e-08 -2.9945687174404156e-07
22 -389.9673339101588 1.0425025842586422e-08 -1.5135356079554185e-07
23 -389.9673339868639 5.368613220646523e-09 -7.670507784496294e-08
24 -389.96733402576655 2.767016393789845e-09 -3.890266953021637e-08
25 -389.967334045516 1.4273995319058486e-09 -1.9749450075323693e-08
26 -389.9673340555503 7.370269949902308e-10 -1.0034284514404135e-08
27 -389.9673340606489 3.809293991352547e-10 -5.098627298139036e-09
28 -389.9673340632372 1.9708401577389623e-10 -2.588308234408032e-09
29 -389.9673340645575 1.0207523715166644e-10 -1.3203020898799878e-09
30 -389.96733406522753 5.292766225295509e-11 -6.700133781123441e-10
31 -389.9673340655674 2.7475466346515987e-11 -3.398668013687711e-10
32 -389.9673340657389 1.4280354676543539e-11 -1.7149659470305778e-10
33 -389.9673340658279 7.43238803835311e-12 -8.901679393602535e-11
34 -389.967334065876 3.868794173911283e-12 -4.808953235624358e-11
35 -389.9673340658959 2.02260430626211e-12 -1.9895196601282805e-11
36 -389.9673340659081 1.0561551633259114e-12 -1.2221335055073723e-11
37 -389.9673340659129 5.525579993559404e-13 -4.774847184307873e-12
38 -389.967334065917 2.8954616482224083e-13 -4.092726157978177e-12
39 -389.96733406591716 1.5087930904655877e-13 -1.7053025658242404e-13
40 -389.9673340659195 8.038014698286133e-14 -2.3305801732931286e-12
41 -389.9673340659192 4.3076653355456074e-14 2.8421709430404007e-13
42 -389.9673340659217 2.1316282072803006e-14 -2.5011104298755527e-12
43 -389.967334065918 1.2434497875801753e-14 3.694822225952521e-12
44 -389.9673340659206 6.439293542825908e-15 -2.6147972675971687e-12
45 -389.96733406591903 4.3298697960381105e-15 1.5916157281026244e-12
46 -389.96733406592074 3.3306690738754696e-15 -1.7053025658242404e-12
47 -389.9673340659177 2.8657631823136853e-15 3.0127011996228248e-12
48 -389.9673340659191 3.774758283725532e-15 -1.3642420526593924e-12
49 -389.9673340659172 3.1086244689504383e-15 1.8758328224066645e-12
50 -389.96733406591784 3.1086244689504383e-15 -6.252776074688882e-13
51 -389.9673340659223 4.218847493575595e-15 -4.433786671143025e-12
52 -389.96733406591875 3.1086244689504383e-15 3.524291969370097e-12
53 -389.96733406591875 3.774758283725532e-15 0.0
54 -389.96733406591727 4.884981308350689e-15 1.4779288903810084e-12
55 -389.96733406592057 3.9968028886505635e-15 -3.296918293926865e-12
56 -389.9673340659198 2.220446049250313e-15 7.958078640513122e-13
ENERGY0: -389.9673340659198

--------------------------
Converged ROPPP Orbitals
--------------------------

orbital number 1 energy -11.91270313303272
[ 0.01  0.04  0.15  0.04  0.01  0.01  0.18  0.06  0.12  0.36  0.1   0.04
  0.34  0.1   0.08  0.02  0.01  0.03  0.   -0.    0.   -0.    0.    0.
  0.    0.    0.   -0.    0.   -0.    0.01  0.02  0.06  0.25  0.06  0.02
  0.    0.   -0.    0.   -0.    0.    0.    0.    0.    0.   -0.    0.
 -0.    0.    0.01  0.02  0.09  0.02  0.01  0.    0.3   0.69  0.01  0.01
  0.    0.   -0.   -0.    0.    0.    0.    0.    0.    0.   -0.   -0.
  0.    0.  ]
orbital number 2 energy -11.689368933316038
[-0.02 -0.09 -0.36 -0.1  -0.03 -0.01 -0.36 -0.1  -0.05  0.14  0.03 -0.02
  0.16  0.04  0.04  0.01  0.01  0.01  0.   -0.    0.   -0.    0.    0.
  0.    0.    0.   -0.    0.   -0.    0.    0.01  0.03  0.12  0.03  0.01
  0.   -0.    0.   -0.    0.   -0.   -0.   -0.   -0.   -0.    0.   -0.
  0.   -0.01 -0.02 -0.06 -0.22 -0.06 -0.02 -0.   -0.7   0.31  0.    0.
  0.    0.   -0.   -0.    0.    0.   -0.01 -0.01 -0.   -0.    0.    0.
 -0.   -0.  ]
orbital number 3 energy -8.227073310203075
[-0.01 -0.02 -0.04 -0.03 -0.02 -0.01 -0.05 -0.04 -0.03 -0.02 -0.02 -0.02
 -0.   -0.01 -0.   -0.   -0.   -0.    0.    0.01  0.01  0.01  0.    0.
  0.01  0.01  0.01  0.02  0.01  0.01  0.03  0.04  0.03  0.02  0.03  0.04
  0.01  0.18  0.25  0.2   0.22  0.17  0.23  0.05  0.05  0.05  0.07  0.08
  0.07  0.24  0.3   0.18  0.14  0.17  0.28  0.12 -0.03  0.    0.05  0.04
  0.02  0.01  0.01  0.    0.01  0.01  0.29  0.33  0.07  0.07  0.05  0.23
  0.27  0.21]
orbital number 4 energy -8.192076060300831
[ 0.    0.    0.01 -0.    0.    0.   -0.01 -0.01 -0.03 -0.06 -0.04 -0.02
 -0.06 -0.04 -0.03 -0.02 -0.01 -0.02  0.05  0.07  0.08  0.07  0.04  0.05
  0.14  0.19  0.15  0.21  0.17  0.2   0.26  0.3   0.18  0.15  0.2   0.34
  0.11 -0.04 -0.05 -0.04 -0.05 -0.04 -0.05 -0.01 -0.01 -0.01 -0.01 -0.01
 -0.01 -0.01 -0.01 -0.    0.   -0.   -0.01 -0.01  0.01 -0.04  0.38  0.3
  0.23  0.19  0.18  0.05  0.07  0.07 -0.01 -0.01 -0.01 -0.01 -0.01 -0.05
 -0.06 -0.04]
orbital number 5 energy -8.150491337591804
[-0.01 -0.02 -0.05 -0.03 -0.02 -0.01 -0.05 -0.04 -0.02 -0.01 -0.01 -0.02
  0.01 -0.    0.    0.    0.   -0.   -0.01 -0.01 -0.01 -0.01 -0.01 -0.01
 -0.03 -0.05 -0.04 -0.05 -0.04 -0.04 -0.01 -0.01 -0.    0.   -0.   -0.01
 -0.01 -0.21 -0.27 -0.18 -0.23 -0.19 -0.27  0.01  0.01  0.01  0.01  0.01
  0.01  0.2   0.28  0.17  0.14  0.16  0.26  0.01 -0.03  0.01 -0.01 -0.01
 -0.05 -0.04 -0.05 -0.01 -0.01 -0.01  0.28  0.32  0.01  0.01  0.01 -0.28
 -0.3  -0.23]
orbital number 6 energy -8.120902529280839
[ 0.    0.01  0.01  0.    0.    0.   -0.   -0.01 -0.02 -0.04 -0.03 -0.02
 -0.05 -0.04 -0.02 -0.01 -0.01 -0.02 -0.01 -0.01 -0.01 -0.01 -0.01 -0.01
 -0.21 -0.29 -0.22 -0.3  -0.2  -0.27  0.17  0.22  0.14  0.12  0.15  0.25
 -0.01  0.02  0.02  0.01  0.02  0.01  0.02 -0.   -0.   -0.   -0.01 -0.
 -0.01 -0.03 -0.04 -0.02 -0.01 -0.02 -0.03 -0.01  0.01 -0.03  0.3   0.23
 -0.33 -0.27 -0.29 -0.01 -0.01 -0.01 -0.04 -0.04 -0.01 -0.01 -0.    0.02
  0.02  0.02]
orbital number 7 energy -8.00191153476337
[ 0.    0.01  0.01  0.01  0.    0.    0.01  0.01  0.01  0.    0.    0.
 -0.    0.   -0.   -0.   -0.   -0.    0.    0.    0.    0.    0.    0.
 -0.   -0.   -0.   -0.   -0.   -0.    0.    0.    0.   -0.    0.    0.
  0.   -0.04 -0.04 -0.01 -0.03 -0.03 -0.05  0.26  0.33  0.26  0.35  0.27
  0.36 -0.03 -0.07 -0.04 -0.04 -0.04 -0.06  0.05  0.01 -0.    0.    0.
 -0.   -0.   -0.    0.    0.    0.   -0.07 -0.08  0.38  0.38  0.32 -0.06
 -0.05 -0.03]
orbital number 8 energy -7.977637178965304
[-0.   -0.   -0.    0.   -0.   -0.    0.    0.    0.01  0.01  0.01  0.
  0.01  0.01  0.01  0.    0.    0.01  0.26  0.37  0.27  0.34  0.25  0.33
 -0.04 -0.06 -0.04 -0.05 -0.02 -0.04 -0.03 -0.05 -0.03 -0.03 -0.04 -0.06
  0.05 -0.   -0.   -0.   -0.   -0.   -0.   -0.   -0.   -0.   -0.   -0.
 -0.    0.    0.    0.    0.    0.    0.    0.   -0.    0.01 -0.08 -0.05
 -0.06 -0.04 -0.06  0.32  0.4   0.35  0.    0.   -0.   -0.   -0.   -0.
 -0.   -0.  ]
orbital number 9 energy -7.4452583412927
[-0.   -0.   -0.01 -0.01 -0.   -0.   -0.01 -0.01 -0.   -0.   -0.   -0.
  0.   -0.    0.    0.   -0.   -0.    0.    0.   -0.    0.    0.    0.
  0.    0.    0.   -0.   -0.    0.   -0.    0.    0.    0.   -0.   -0.
 -0.   -0.   -0.    0.    0.   -0.   -0.   -0.   -0.   -0.   -0.    0.
  0.    0.02 -0.32 -0.14  0.02  0.17  0.37  0.01 -0.    0.   -0.01  0.01
 -0.    0.    0.    0.    0.    0.    0.61 -0.58 -0.    0.   -0.01 -0.01
 -0.    0.  ]
orbital number 10 energy -7.429871598417366
[-0.   -0.   -0.    0.    0.    0.    0.    0.01  0.01  0.01  0.01  0.01
  0.01  0.01  0.01  0.01  0.01  0.01  0.    0.   -0.    0.    0.    0.01
  0.    0.    0.    0.   -0.   -0.   -0.03 -0.38 -0.19 -0.03  0.12  0.31
 -0.01 -0.    0.    0.    0.   -0.   -0.   -0.   -0.   -0.   -0.    0.
 -0.    0.   -0.   -0.   -0.    0.    0.01  0.   -0.    0.    0.58 -0.61
  0.   -0.    0.01  0.01  0.    0.    0.01 -0.   -0.   -0.   -0.   -0.
  0.    0.  ]
orbital number 11 energy -7.355600015386063
[ 0.    0.    0.    0.    0.    0.    0.    0.    0.    0.    0.    0.
 -0.    0.   -0.   -0.    0.    0.   -0.   -0.    0.   -0.   -0.   -0.
 -0.   -0.   -0.    0.    0.   -0.    0.    0.    0.   -0.   -0.   -0.
  0.    0.03  0.35  0.09 -0.14 -0.18 -0.29 -0.01 -0.01 -0.01 -0.    0.01
 -0.    0.01 -0.01 -0.01 -0.01 -0.01 -0.01  0.03  0.   -0.    0.    0.
  0.   -0.   -0.   -0.   -0.    0.   -0.01 -0.01 -0.   -0.   -0.02 -0.49
  0.67 -0.22]
orbital number 12 energy -7.317648858742025
[ 0.    0.    0.   -0.   -0.   -0.   -0.   -0.   -0.   -0.   -0.   -0.
 -0.   -0.   -0.   -0.   -0.   -0.    0.   -0.   -0.    0.    0.    0.01
  0.18  0.21 -0.06 -0.36 -0.06  0.23 -0.    0.    0.    0.    0.    0.
 -0.02  0.    0.    0.   -0.   -0.   -0.    0.    0.    0.   -0.   -0.
  0.   -0.   -0.    0.    0.    0.   -0.   -0.    0.   -0.    0.01  0.01
 -0.69  0.38  0.34  0.01 -0.    0.   -0.   -0.   -0.    0.    0.   -0.
  0.   -0.  ]
orbital number 13 energy -7.237379010321254
[ 0.    0.    0.    0.    0.    0.    0.    0.    0.    0.    0.    0.
 -0.    0.   -0.   -0.    0.    0.   -0.    0.    0.   -0.   -0.   -0.
 -0.   -0.   -0.    0.    0.    0.    0.    0.   -0.   -0.   -0.    0.
  0.   -0.14 -0.07  0.15  0.4   0.06 -0.27 -0.02 -0.04 -0.01  0.01  0.02
 -0.    0.01 -0.01 -0.01 -0.01 -0.01 -0.01  0.05 -0.   -0.    0.    0.
  0.    0.   -0.   -0.    0.    0.   -0.02 -0.01  0.02 -0.01 -0.05 -0.49
 -0.14  0.67]
orbital number 14 energy -7.225234767936392
[ 0.    0.    0.   -0.   -0.   -0.   -0.   -0.   -0.   -0.   -0.   -0.
 -0.   -0.   -0.   -0.   -0.   -0.    0.01 -0.   -0.02 -0.01  0.01  0.03
  0.    0.34  0.14 -0.01 -0.15 -0.33 -0.01  0.01  0.01  0.01  0.01  0.
 -0.05 -0.   -0.    0.    0.    0.   -0.    0.   -0.   -0.   -0.    0.
  0.   -0.   -0.    0.    0.    0.   -0.   -0.    0.    0.    0.01  0.02
 -0.02 -0.59  0.61  0.05  0.   -0.01 -0.   -0.   -0.    0.    0.   -0.
 -0.    0.  ]
orbital number 15 energy -7.185092519621951
[ 0.    0.    0.    0.    0.    0.    0.    0.    0.    0.    0.    0.
 -0.    0.   -0.   -0.    0.    0.    0.    0.    0.   -0.   -0.   -0.
 -0.   -0.   -0.    0.    0.    0.    0.    0.   -0.   -0.   -0.    0.
  0.   -0.   -0.    0.    0.01  0.   -0.    0.14 -0.01 -0.14 -0.33  0.
  0.34  0.    0.   -0.   -0.   -0.   -0.    0.    0.   -0.    0.    0.
  0.    0.   -0.   -0.    0.   -0.   -0.    0.   -0.6   0.61 -0.02 -0.01
 -0.    0.01]
orbital number 16 energy -7.162231689846585
[ 0.    0.    0.   -0.   -0.   -0.   -0.   -0.   -0.   -0.   -0.   -0.
 -0.   -0.   -0.   -0.   -0.   -0.   -0.1  -0.35 -0.02  0.31  0.17  0.11
 -0.   -0.   -0.    0.    0.    0.   -0.    0.    0.    0.    0.   -0.
 -0.   -0.    0.    0.    0.    0.   -0.    0.    0.   -0.   -0.   -0.
  0.   -0.   -0.    0.    0.    0.   -0.   -0.    0.    0.   -0.    0.
  0.    0.   -0.    0.16 -0.66  0.52 -0.   -0.   -0.    0.    0.   -0.
 -0.    0.  ]
orbital number 17 energy -7.07009152522892
[ 0.    0.    0.    0.    0.    0.    0.    0.01  0.    0.    0.    0.
 -0.    0.   -0.    0.    0.    0.   -0.    0.    0.    0.   -0.   -0.
  0.    0.    0.   -0.   -0.   -0.    0.    0.   -0.   -0.   -0.    0.
  0.    0.   -0.01 -0.   -0.03 -0.    0.02 -0.11 -0.42 -0.1   0.17  0.15
  0.16  0.01 -0.   -0.01 -0.01 -0.01 -0.01  0.04 -0.   -0.    0.    0.
 -0.   -0.    0.   -0.    0.    0.   -0.02 -0.01  0.35  0.32 -0.7   0.04
 -0.02 -0.05]
orbital number 18 energy -7.04330502695782
[ 0.   -0.   -0.    0.    0.    0.    0.    0.    0.    0.    0.01  0.
  0.    0.01  0.    0.    0.    0.   -0.13  0.09  0.15  0.24 -0.07 -0.4
 -0.    0.02  0.   -0.01  0.   -0.02  0.01 -0.01 -0.01 -0.01 -0.01 -0.
  0.04  0.   -0.   -0.   -0.    0.    0.    0.    0.    0.   -0.   -0.
 -0.    0.    0.   -0.   -0.   -0.    0.    0.   -0.   -0.   -0.01 -0.01
 -0.02 -0.05  0.04 -0.68  0.2   0.46  0.    0.   -0.   -0.    0.    0.
 -0.   -0.  ]
orbital number 19 energy -6.8209437756379785
[-0.08 -0.06 -0.02 -0.24 -0.17 -0.12 -0.1  -0.32 -0.11 -0.1  -0.36 -0.33
 -0.1  -0.33 -0.13 -0.16 -0.19 -0.25 -0.    0.   -0.    0.    0.   -0.
  0.   -0.    0.    0.   -0.    0.   -0.04 -0.06  0.1   0.24  0.11 -0.04
 -0.01  0.    0.   -0.    0.    0.   -0.    0.   -0.   -0.    0.   -0.
  0.   -0.03 -0.03  0.08  0.18  0.07 -0.04 -0.01  0.14  0.17 -0.14 -0.17
  0.01  0.01 -0.   -0.01  0.01  0.01 -0.12 -0.11  0.01  0.01 -0.01 -0.
  0.    0.01]
orbital number 20 energy -6.613425154222963
[ 0.25  0.23  0.18  0.32  0.29  0.26 -0.02  0.18  0.04  0.08 -0.04  0.07
 -0.21 -0.25 -0.24 -0.24 -0.24 -0.25  0.    0.   -0.    0.    0.   -0.
  0.   -0.    0.    0.   -0.    0.   -0.02 -0.03  0.07  0.15  0.08 -0.01
 -0.01 -0.   -0.    0.   -0.   -0.    0.   -0.    0.   -0.   -0.    0.
 -0.    0.03  0.02 -0.11 -0.23 -0.11  0.03  0.01 -0.14  0.08 -0.09 -0.1
  0.    0.   -0.   -0.    0.    0.    0.15  0.14 -0.   -0.01  0.    0.
 -0.   -0.01]
orbital number 21 energy -6.572919461203791
[-0.26 -0.29 -0.28 -0.15 -0.19 -0.22  0.3   0.18  0.34  0.3   0.2   0.19
 -0.25 -0.11 -0.25 -0.23 -0.19 -0.15 -0.   -0.    0.   -0.   -0.    0.
 -0.    0.   -0.   -0.    0.   -0.    0.01  0.01 -0.03 -0.06 -0.03  0.01
  0.   -0.   -0.    0.   -0.   -0.    0.   -0.    0.   -0.   -0.    0.
 -0.    0.    0.   -0.02 -0.03 -0.02  0.    0.   -0.02 -0.03  0.03  0.04
 -0.   -0.    0.    0.   -0.   -0.    0.02  0.02 -0.   -0.    0.    0.
 -0.   -0.  ]
orbital number 22 energy -5.839531457649708
[-0.15 -0.08  0.03 -0.09 -0.16 -0.18  0.16 -0.01  0.02 -0.14 -0.14 -0.09
  0.04 -0.01  0.12  0.15  0.13  0.07  0.    0.    0.   -0.    0.    0.
  0.    0.    0.    0.    0.01  0.    0.03  0.01  0.12  0.15  0.12  0.02
  0.02 -0.   -0.   -0.02 -0.   -0.   -0.   -0.   -0.   -0.   -0.   -0.02
 -0.   -0.1  -0.06 -0.33 -0.41 -0.32 -0.05 -0.06  0.12 -0.04 -0.13 -0.14
 -0.01 -0.01 -0.   -0.   -0.   -0.01  0.37  0.36  0.02  0.02  0.    0.
  0.02  0.02]
orbital number 23 energy -5.748060085091644
[ 0.08  0.11  0.09 -0.1  -0.05  0.01 -0.04 -0.22  0.05  0.12 -0.14 -0.22
  0.1  -0.12  0.01 -0.07 -0.13 -0.15 -0.   -0.   -0.02 -0.   -0.   -0.
 -0.   -0.   -0.   -0.   -0.02 -0.   -0.12 -0.05 -0.31 -0.38 -0.33 -0.08
 -0.06 -0.   -0.   -0.01 -0.   -0.   -0.   -0.   -0.   -0.   -0.   -0.01
 -0.   -0.05 -0.03 -0.12 -0.14 -0.12 -0.02 -0.03  0.07  0.14  0.35  0.37
  0.02  0.02  0.01  0.    0.02  0.02  0.14  0.14  0.01  0.01  0.    0.
  0.01  0.01]
orbital number 24 energy -5.223352832534621
[-0.04 -0.02  0.01  0.02 -0.01 -0.03  0.07  0.03  0.03 -0.03 -0.09 -0.04
  0.02 -0.06  0.06  0.06  0.02 -0.02 -0.01 -0.01 -0.02 -0.   -0.01 -0.
 -0.01 -0.   -0.01 -0.01 -0.02 -0.01 -0.02 -0.01 -0.    0.   -0.01 -0.01
 -0.03  0.19  0.15  0.35  0.11  0.16  0.09  0.08  0.03  0.08  0.07  0.24
  0.07  0.23  0.04 -0.07 -0.14 -0.07  0.04  0.36  0.01  0.01  0.02  0.02
  0.02  0.02  0.02  0.01  0.02  0.02 -0.1  -0.1  -0.22 -0.22 -0.12 -0.24
 -0.35 -0.36]
orbital number 25 energy -5.166705601351612
[-0.07 -0.07 -0.03  0.07  0.03 -0.02  0.02  0.1  -0.04 -0.08 -0.03  0.05
 -0.   -0.02  0.02  0.03  0.02  0.   -0.09 -0.08 -0.25 -0.07 -0.08 -0.03
 -0.17 -0.09 -0.19 -0.15 -0.35 -0.13 -0.2  -0.03  0.06  0.12  0.06 -0.04
 -0.34 -0.02 -0.02 -0.03 -0.01 -0.02 -0.01 -0.01 -0.   -0.01 -0.01 -0.02
 -0.01 -0.01  0.    0.02  0.02  0.02  0.   -0.03 -0.02 -0.    0.09  0.09
  0.35  0.36  0.25  0.13  0.22  0.23 -0.   -0.    0.02  0.02  0.01  0.03
  0.03  0.03]
orbital number 26 energy -4.988988480461012
[ 0.2   0.28  0.15 -0.28 -0.21 -0.02 -0.19 -0.33 -0.02  0.17  0.34  0.01
 -0.14  0.29 -0.29 -0.22  0.    0.22 -0.01 -0.01 -0.02 -0.01 -0.01 -0.01
 -0.06 -0.04 -0.07 -0.05 -0.07 -0.04  0.06  0.04  0.06  0.03  0.07  0.04
 -0.02  0.07  0.05  0.06  0.04  0.06  0.04  0.    0.   -0.   -0.    0.
  0.   -0.06 -0.04 -0.05 -0.02 -0.05 -0.03  0.    0.09 -0.08 -0.08 -0.08
  0.09  0.09  0.09  0.02  0.02  0.02  0.07  0.07 -0.   -0.   -0.   -0.09
 -0.09 -0.09]
orbital number 27 energy -4.8913218482771645
[ 0.06  0.06  0.01 -0.06 -0.04  0.02  0.02 -0.07  0.06  0.05  0.02 -0.04
 -0.04  0.01 -0.02  0.01  0.04  0.04  0.01  0.01  0.01  0.01  0.01  0.01
 -0.02 -0.02 -0.03 -0.02 -0.02 -0.01  0.02  0.01  0.01 -0.    0.01  0.01
  0.01 -0.24 -0.13 -0.13 -0.1  -0.21 -0.15  0.22  0.11  0.22  0.16  0.3
  0.16  0.11  0.02 -0.03 -0.06 -0.03  0.02  0.12  0.01 -0.02 -0.02 -0.02
  0.03  0.03  0.03 -0.01 -0.02 -0.02 -0.04 -0.04 -0.33 -0.33 -0.31  0.29
  0.23  0.22]
orbital number 28 energy -4.855441848070396
[ 0.05 -0.01 -0.05 -0.01  0.04  0.07  0.06 -0.01  0.1   0.04 -0.06 -0.06
 -0.01 -0.07  0.06  0.08  0.04 -0.02  0.23  0.17  0.3   0.15  0.22  0.12
 -0.21 -0.14 -0.23 -0.13 -0.14 -0.11  0.09  0.02 -0.02 -0.05 -0.02  0.02
  0.11  0.01  0.01  0.01  0.01  0.01  0.01 -0.03 -0.01 -0.03 -0.02 -0.03
 -0.02  0.01  0.01  0.01  0.    0.01  0.01 -0.01 -0.02  0.   -0.04 -0.04
  0.22  0.22  0.28 -0.31 -0.33 -0.33 -0.01 -0.01  0.04  0.04  0.04 -0.01
 -0.01 -0.01]
orbital number 29 energy -4.812488069357181
[-0.29 -0.1   0.19  0.18 -0.09 -0.28 -0.22  0.15 -0.43 -0.24  0.13  0.23
  0.2   0.17 -0.08 -0.29 -0.29 -0.1   0.08  0.05  0.09  0.05  0.07  0.04
 -0.02 -0.01 -0.02 -0.01 -0.01 -0.01 -0.05 -0.03 -0.03 -0.   -0.04 -0.03
  0.01  0.    0.    0.   -0.    0.    0.    0.05  0.03  0.05  0.03  0.05
  0.03 -0.05 -0.03 -0.03  0.   -0.03 -0.03  0.    0.06  0.06  0.05  0.05
  0.02  0.02  0.02 -0.1  -0.1  -0.1   0.04  0.05 -0.07 -0.07 -0.07 -0.
 -0.   -0.  ]
orbital number 30 energy -4.50229550073627
[-0.04  0.1   0.15 -0.01 -0.14 -0.15 -0.01 -0.02 -0.02 -0.01  0.01 -0.
  0.01  0.03 -0.02 -0.03 -0.02  0.01 -0.   -0.   -0.   -0.   -0.   -0.
 -0.   -0.   -0.   -0.    0.   -0.    0.    0.   -0.   -0.   -0.    0.
  0.   -0.19 -0.05  0.09 -0.03 -0.17 -0.15 -0.22 -0.15 -0.22 -0.09 -0.02
 -0.09  0.45  0.15 -0.1  -0.25 -0.11  0.14  0.29  0.02 -0.   -0.   -0.
  0.    0.    0.    0.    0.    0.   -0.2  -0.2   0.15  0.15  0.29  0.22
  0.06  0.06]
orbital number 31 energy -4.429384580486564
[-0.01 -0.01  0.    0.02  0.01 -0.   -0.    0.01 -0.01 -0.   -0.01 -0.01
  0.18 -0.    0.13 -0.04 -0.19 -0.17 -0.21 -0.08  0.01 -0.07 -0.2  -0.15
 -0.17 -0.14 -0.18 -0.04  0.09 -0.04  0.46  0.14 -0.11 -0.26 -0.09  0.17
  0.29  0.    0.   -0.    0.    0.    0.    0.    0.    0.    0.   -0.
  0.   -0.   -0.    0.    0.    0.   -0.   -0.   -0.    0.01 -0.21 -0.21
  0.06  0.05  0.22  0.26  0.12  0.12  0.    0.   -0.   -0.   -0.   -0.
 -0.   -0.  ]
orbital number 32 energy -3.953487931666708
[ 0.23 -0.11 -0.34 -0.25  0.11  0.35  0.26 -0.01  0.01 -0.25 -0.02 -0.03
  0.32  0.29  0.05 -0.27 -0.32 -0.05  0.06  0.   -0.06  0.    0.06  0.05
  0.06  0.07  0.06 -0.01 -0.09 -0.01 -0.01  0.01  0.04  0.01  0.07  0.03
 -0.1  -0.06  0.01  0.08  0.01 -0.06 -0.06 -0.05 -0.04 -0.05 -0.    0.05
  0.   -0.   -0.04 -0.06 -0.   -0.03 -0.02  0.08  0.09 -0.08 -0.03 -0.01
  0.01  0.01 -0.08 -0.07 -0.   -0.    0.02  0.04 -0.   -0.    0.06  0.07
 -0.01 -0.01]
orbital number 33 energy -3.928064708106909
[ 0.25  0.36  0.04 -0.22 -0.36 -0.13  0.01  0.13 -0.   -0.01  0.14  0.29
  0.08 -0.18  0.37  0.22 -0.17 -0.37  0.06 -0.   -0.06 -0.    0.06  0.05
  0.07  0.07  0.07 -0.01 -0.09 -0.01 -0.01  0.02  0.05  0.01  0.05  0.03
 -0.1   0.04 -0.01 -0.06 -0.01  0.04  0.05  0.04  0.03  0.04 -0.   -0.04
 -0.    0.01  0.02  0.03 -0.    0.03  0.02 -0.06 -0.07 -0.08 -0.03 -0.03
  0.01  0.01 -0.08 -0.07  0.    0.   -0.02 -0.02  0.    0.   -0.04 -0.05
  0.01  0.01]
orbital number 34 energy -3.7924685628871124
[-0.    0.    0.    0.   -0.   -0.01 -0.01  0.   -0.01  0.01  0.01  0.01
 -0.02 -0.02  0.    0.02  0.01 -0.01 -0.    0.    0.01  0.   -0.   -0.
 -0.01 -0.01 -0.01  0.    0.01  0.   -0.    0.01  0.02  0.   -0.03 -0.02
  0.01 -0.02  0.01  0.03  0.01 -0.02 -0.02 -0.01 -0.01 -0.01  0.    0.01
  0.   -0.01 -0.34 -0.52  0.02  0.53  0.32  0.02 -0.    0.    0.02 -0.01
 -0.   -0.    0.01  0.01 -0.   -0.   -0.32  0.33 -0.   -0.    0.01  0.02
 -0.01 -0.01]
orbital number 35 energy -3.7751359633028545
[-0.03 -0.01  0.02  0.03  0.01 -0.02 -0.02 -0.01  0.01  0.02 -0.   -0.02
 -0.   -0.01 -0.    0.    0.01  0.    0.02 -0.   -0.02 -0.    0.02  0.02
  0.02  0.03  0.02 -0.01 -0.04 -0.01  0.02 -0.32 -0.53 -0.03  0.52  0.35
 -0.03  0.   -0.   -0.01 -0.    0.    0.    0.    0.    0.   -0.   -0.
 -0.    0.   -0.01 -0.02 -0.    0.03  0.02 -0.01 -0.01  0.   -0.33  0.33
  0.01  0.01 -0.03 -0.02  0.    0.   -0.02  0.01  0.    0.   -0.   -0.01
  0.    0.  ]
orbital number 36 energy -3.624602018247838
[-0.13 -0.05  0.09  0.12  0.08 -0.05  0.01 -0.08  0.1   0.05 -0.06 -0.17
  0.07  0.09 -0.04 -0.1  -0.04  0.06  0.11 -0.03 -0.17 -0.02  0.12  0.12
  0.16  0.17  0.14 -0.07 -0.26 -0.05  0.24  0.15  0.02 -0.15 -0.07  0.1
 -0.14  0.12 -0.09 -0.27 -0.05  0.17  0.18  0.09  0.1   0.1  -0.02 -0.15
 -0.03  0.23  0.1  -0.06 -0.15  0.01  0.14 -0.12 -0.01 -0.01 -0.09 -0.15
  0.07  0.05 -0.18 -0.14  0.03  0.03 -0.14 -0.09  0.02  0.03 -0.12 -0.18
  0.08  0.05]
orbital number 37 energy -3.6165815621321196
[-0.12 -0.08  0.07  0.11  0.1  -0.02 -0.16 -0.09  0.    0.16  0.09 -0.01
 -0.06 -0.1   0.07  0.11  0.02 -0.09  0.1  -0.03 -0.15 -0.02  0.11  0.11
  0.15  0.16  0.12 -0.07 -0.24 -0.04  0.22  0.13  0.   -0.14 -0.06  0.1
 -0.13 -0.13  0.09  0.29  0.05 -0.18 -0.19 -0.1  -0.11 -0.11  0.02  0.16
  0.03 -0.24 -0.12  0.06  0.16  0.01 -0.14  0.13  0.   -0.   -0.09 -0.13
  0.06  0.05 -0.16 -0.12  0.03  0.02  0.14  0.1  -0.02 -0.03  0.12  0.19
 -0.08 -0.06]
orbital number 38 energy -3.492399776907169
[ 0.    0.01  0.    0.   -0.01 -0.01  0.01  0.    0.01 -0.01 -0.01 -0.01
  0.01  0.01 -0.01 -0.01 -0.    0.01 -0.    0.    0.    0.   -0.   -0.
 -0.   -0.    0.    0.    0.   -0.   -0.    0.    0.    0.   -0.   -0.
  0.    0.52  0.35 -0.03 -0.35 -0.53 -0.01  0.01  0.02  0.01 -0.   -0.02
 -0.    0.03  0.02 -0.   -0.02  0.    0.02 -0.02 -0.   -0.    0.   -0.
 -0.    0.    0.    0.   -0.   -0.   -0.02 -0.01  0.    0.   -0.02  0.01
 -0.3   0.34]
orbital number 39 energy -3.452845713446893
[ 0.01  0.   -0.01 -0.01 -0.01  0.    0.01  0.01 -0.01 -0.01 -0.    0.01
 -0.   -0.   -0.   -0.    0.    0.   -0.01  0.    0.01  0.   -0.01 -0.01
  0.52  0.   -0.52 -0.35  0.01  0.35 -0.01 -0.01 -0.    0.01  0.   -0.01
  0.01  0.    0.   -0.   -0.   -0.    0.    0.    0.    0.   -0.   -0.
 -0.    0.    0.    0.   -0.   -0.   -0.   -0.   -0.    0.    0.01  0.01
  0.31 -0.33 -0.    0.01 -0.   -0.    0.   -0.    0.    0.   -0.   -0.
 -0.    0.  ]
orbital number 40 energy -3.321559152188015
[ 0.    0.    0.    0.   -0.   -0.    0.    0.    0.   -0.   -0.   -0.
  0.    0.   -0.   -0.   -0.    0.    0.    0.    0.   -0.   -0.   -0.
  0.    0.    0.   -0.   -0.   -0.    0.    0.   -0.   -0.   -0.    0.
  0.    0.   -0.   -0.   -0.    0.    0.    0.52  0.   -0.52 -0.36 -0.01
  0.36  0.    0.    0.   -0.    0.    0.   -0.   -0.    0.   -0.   -0.
  0.    0.   -0.    0.   -0.    0.   -0.   -0.    0.32 -0.32 -0.   -0.
  0.    0.  ]
orbital number 41 energy -3.2979182922704053
[ 0.    0.   -0.   -0.   -0.    0.    0.    0.   -0.   -0.   -0.    0.
 -0.   -0.   -0.   -0.    0.    0.   -0.51 -0.36 -0.01  0.35  0.53  0.01
 -0.01 -0.01 -0.01  0.    0.01  0.   -0.   -0.   -0.    0.   -0.   -0.
  0.   -0.    0.    0.    0.   -0.   -0.    0.    0.   -0.   -0.   -0.
  0.   -0.   -0.    0.    0.    0.   -0.   -0.   -0.    0.    0.    0.
 -0.   -0.    0.01 -0.01  0.31 -0.32  0.    0.    0.   -0.   -0.    0.
 -0.   -0.  ]
orbital number 42 energy -3.2266227372166503
[ 0.01  0.03  0.01  0.01 -0.02 -0.02  0.03  0.02  0.02 -0.02 -0.03 -0.02
  0.02  0.02 -0.02 -0.03  0.    0.02 -0.    0.    0.    0.   -0.   -0.
  0.    0.    0.   -0.   -0.01 -0.    0.    0.   -0.   -0.   -0.    0.
  0.   -0.18  0.13  0.36  0.14 -0.15 -0.23  0.25  0.32  0.26 -0.15 -0.49
 -0.15  0.03  0.03  0.01 -0.03  0.    0.03 -0.06 -0.02  0.   -0.   -0.
  0.    0.   -0.    0.   -0.   -0.   -0.02 -0.02  0.13  0.13 -0.31  0.2
 -0.1  -0.12]
orbital number 43 energy -3.193025049484687
[ 0.02  0.02 -0.01 -0.01 -0.02 -0.    0.02  0.03 -0.02 -0.02 -0.02  0.02
 -0.01 -0.01 -0.02 -0.01  0.02  0.02 -0.26  0.14  0.48  0.15 -0.23 -0.31
  0.17  0.25  0.18 -0.14 -0.39 -0.14 -0.02 -0.02 -0.    0.02 -0.01 -0.02
  0.05  0.   -0.   -0.   -0.    0.    0.   -0.   -0.   -0.    0.    0.01
  0.   -0.   -0.    0.    0.    0.   -0.    0.   -0.    0.02  0.02  0.01
  0.11  0.12 -0.22  0.3  -0.12 -0.14  0.    0.   -0.   -0.    0.   -0.
  0.    0.  ]
orbital number 44 energy -2.9779753552149666
[-0.17 -0.29  0.04 -0.02  0.28  0.19 -0.19 -0.36 -0.02  0.18  0.37  0.02
 -0.06 -0.    0.27  0.18 -0.16 -0.28 -0.04  0.03  0.08  0.03 -0.03 -0.05
 -0.02 -0.03 -0.02  0.02  0.05  0.02 -0.15 -0.04  0.1   0.08  0.11 -0.03
 -0.02  0.02 -0.02 -0.05 -0.02  0.01  0.03  0.04  0.05  0.04 -0.03 -0.08
 -0.03  0.14  0.03 -0.1  -0.07 -0.1   0.03  0.02  0.19 -0.17  0.03  0.03
 -0.01 -0.02  0.02  0.05 -0.02 -0.03 -0.02 -0.02  0.03  0.02 -0.05 -0.02
  0.01  0.02]
orbital number 45 energy -2.6595198639297797
[ 0.11 -0.17 -0.18 -0.25  0.02  0.24 -0.05  0.07 -0.47 -0.06  0.06  0.3
 -0.18 -0.25 -0.18  0.1   0.25  0.03  0.03 -0.03 -0.07 -0.03  0.03  0.05
  0.02  0.04  0.02 -0.03 -0.05 -0.03  0.17  0.02 -0.15 -0.06 -0.14  0.03
  0.05  0.02 -0.02 -0.05 -0.03  0.01  0.03  0.03  0.04  0.02 -0.03 -0.06
 -0.03  0.13  0.02 -0.11 -0.04 -0.12  0.01  0.04  0.23  0.25 -0.02 -0.01
  0.02  0.02 -0.03 -0.04  0.02  0.03 -0.01 -0.01  0.02  0.02 -0.03 -0.02
  0.02  0.02]
orbital number 46 energy 0.0
[-0.03 -0.04  0.04 -0.05  0.02  0.04  0.05 -0.05 -0.04 -0.03  0.05  0.01
 -0.02  0.    0.    0.02 -0.   -0.02  0.01 -0.05 -0.03 -0.05  0.01  0.05
  0.01  0.05  0.01 -0.06 -0.02 -0.06  0.01 -0.06 -0.02  0.06 -0.02 -0.06
  0.19 -0.03  0.2   0.08  0.2  -0.02 -0.19 -0.03 -0.17 -0.03  0.18  0.09
  0.18 -0.01  0.22  0.04 -0.24  0.05  0.22 -0.66  0.04  0.    0.03  0.03
  0.03  0.03 -0.03 -0.03  0.03  0.03 -0.11 -0.11 -0.1  -0.1   0.1   0.1
 -0.1  -0.11]
orbital number 47 energy 0.06106105111735172
[ 0.01 -0.02 -0.   -0.03 -0.01  0.02 -0.01  0.02 -0.07  0.04 -0.03  0.02
  0.04 -0.06 -0.05 -0.02  0.05  0.01 -0.04  0.19  0.1   0.19 -0.03 -0.18
 -0.02 -0.19 -0.03  0.2   0.08  0.2  -0.01  0.2   0.03 -0.21  0.02  0.2
 -0.67 -0.01  0.06  0.02  0.06 -0.   -0.05 -0.01 -0.05 -0.01  0.05  0.03
  0.05  0.01  0.06  0.   -0.06  0.    0.06 -0.19  0.03  0.05 -0.1  -0.1
 -0.1  -0.11  0.1   0.1  -0.1  -0.1  -0.03 -0.03 -0.03 -0.03  0.03  0.03
 -0.03 -0.03]
orbital number 48 energy 2.567006912620793
[-0.21 -0.02  0.24 -0.24  0.09  0.16 -0.2  -0.16  0.39 -0.15 -0.2   0.51
  0.25 -0.26  0.01 -0.24  0.16  0.13 -0.   -0.02  0.01 -0.02 -0.    0.02
 -0.    0.02 -0.   -0.02  0.01 -0.02 -0.08  0.03  0.06 -0.08  0.07  0.02
  0.04 -0.   -0.01  0.01 -0.01 -0.    0.01 -0.    0.01 -0.   -0.01  0.
 -0.01 -0.03  0.    0.03 -0.03  0.02  0.01  0.02 -0.01 -0.03 -0.01 -0.01
  0.01  0.01 -0.01 -0.01  0.01  0.01 -0.   -0.    0.    0.   -0.   -0.
  0.    0.  ]
orbital number 49 energy 2.6979212570058473
[ 0.2  -0.2  -0.04  0.11 -0.23  0.06 -0.23  0.22 -0.07  0.3  -0.17 -0.06
  0.01 -0.08  0.18 -0.16 -0.06  0.2  -0.01 -0.05  0.04 -0.05 -0.01  0.06
 -0.02  0.07 -0.02 -0.06  0.05 -0.06 -0.26  0.08  0.2  -0.28  0.2   0.07
  0.13  0.02  0.06 -0.05  0.06  0.02 -0.07  0.01 -0.06  0.01  0.05 -0.03
  0.05  0.22 -0.06 -0.17  0.23 -0.18 -0.06 -0.12  0.08 -0.07 -0.03 -0.03
  0.02  0.02 -0.03 -0.03  0.02  0.02  0.02  0.02 -0.02 -0.02  0.02  0.03
 -0.02 -0.02]
orbital number 50 energy 3.0227771803417354
[-0.    0.08 -0.07  0.03  0.07 -0.08 -0.12 -0.04  0.21 -0.1  -0.06  0.12
 -0.1   0.02  0.13 -0.02 -0.11  0.12  0.02  0.06 -0.05  0.06  0.02 -0.07
  0.03 -0.09  0.03  0.07 -0.07  0.07  0.3  -0.12 -0.2   0.33 -0.2  -0.11
 -0.11  0.04  0.09 -0.1   0.09  0.04 -0.12  0.02 -0.09  0.02  0.07 -0.06
  0.07  0.33 -0.12 -0.22  0.36 -0.23 -0.12 -0.13 -0.01 -0.02  0.04  0.04
 -0.03 -0.03  0.04  0.03 -0.02 -0.02  0.05  0.05 -0.03 -0.03  0.03  0.05
 -0.03 -0.03]
orbital number 51 energy 3.103692389902537
[-0.09  0.3  -0.21  0.    0.28 -0.23  0.12 -0.11 -0.   -0.12  0.12 -0.
  0.22  0.   -0.33  0.1   0.25 -0.31 -0.01 -0.04  0.04 -0.04 -0.01  0.05
 -0.02  0.06 -0.02 -0.05  0.05 -0.05 -0.19  0.09  0.12 -0.22  0.13  0.07
  0.07  0.03  0.06 -0.07  0.06  0.03 -0.08  0.02 -0.06  0.01  0.04 -0.04
  0.04  0.21 -0.08 -0.14  0.23 -0.14 -0.09 -0.08 -0.03  0.03 -0.03 -0.03
  0.02  0.02 -0.02 -0.02  0.01  0.01  0.03  0.03 -0.02 -0.02  0.02  0.03
 -0.02 -0.02]
orbital number 52 energy 3.3949184763144538
[ 0.22 -0.39  0.19  0.17 -0.39  0.19 -0.17  0.02  0.25 -0.16  0.01 -0.02
  0.17  0.18 -0.37  0.22  0.17 -0.36  0.    0.01 -0.01  0.01  0.   -0.01
  0.01 -0.02  0.01  0.01 -0.02  0.01  0.05  0.   -0.05  0.06 -0.   -0.06
 -0.01  0.01  0.01 -0.02  0.01  0.01 -0.02  0.   -0.01  0.    0.01 -0.01
  0.01  0.04 -0.05  0.    0.05 -0.05  0.01 -0.01 -0.02 -0.02  0.02 -0.
 -0.01 -0.01  0.01  0.01 -0.   -0.   -0.    0.02 -0.   -0.    0.    0.01
 -0.01 -0.01]
orbital number 53 energy 3.465644405786598
[-0.01  0.02 -0.01 -0.01  0.02 -0.01  0.01  0.   -0.02  0.01  0.   -0.
 -0.01 -0.01  0.02 -0.01 -0.01  0.02 -0.   -0.    0.   -0.   -0.    0.
 -0.    0.   -0.   -0.    0.   -0.   -0.   -0.    0.01 -0.   -0.    0.01
  0.   -0.   -0.01  0.01 -0.   -0.    0.01  0.   -0.01  0.    0.01 -0.01
  0.01  0.   -0.52  0.45 -0.   -0.44  0.52 -0.    0.    0.   -0.    0.
  0.    0.   -0.   -0.    0.    0.   -0.19  0.18 -0.   -0.    0.   -0.
  0.    0.  ]
orbital number 54 energy 3.4795409784089784
[-0.01  0.02 -0.01 -0.01  0.02 -0.01  0.01  0.   -0.02  0.01  0.   -0.
 -0.01 -0.01  0.03 -0.02 -0.01  0.02  0.    0.01 -0.01  0.01  0.   -0.01
 -0.   -0.    0.   -0.   -0.    0.    0.01  0.51 -0.44 -0.    0.44 -0.53
 -0.   -0.   -0.    0.   -0.   -0.    0.   -0.    0.   -0.   -0.    0.
 -0.   -0.   -0.    0.   -0.   -0.    0.01  0.    0.    0.    0.19 -0.19
 -0.   -0.    0.    0.   -0.   -0.   -0.    0.    0.    0.   -0.   -0.
  0.    0.  ]
orbital number 55 energy 3.6859914905054896
[-0.02 -0.    0.02 -0.02 -0.01  0.02  0.02  0.01 -0.02  0.01  0.   -0.01
 -0.01  0.    0.01  0.   -0.01  0.01  0.    0.   -0.    0.    0.   -0.
 -0.    0.01 -0.   -0.01  0.01 -0.   -0.01  0.    0.   -0.01  0.    0.
 -0.    0.11  0.31 -0.41  0.13  0.27 -0.44 -0.13  0.36 -0.14 -0.2   0.33
 -0.21 -0.03 -0.02  0.04 -0.04  0.03  0.01  0.07 -0.01  0.   -0.   -0.
  0.    0.   -0.    0.   -0.   -0.   -0.    0.01  0.07  0.08 -0.13  0.16
 -0.1  -0.05]
orbital number 56 energy 3.716056643108853
[-0.   -0.01  0.01 -0.   -0.01  0.01 -0.01 -0.    0.01 -0.01 -0.01  0.01
 -0.02  0.02  0.    0.02 -0.02  0.01  0.13  0.22 -0.33  0.19  0.15 -0.36
 -0.25  0.44 -0.13 -0.29  0.41 -0.16  0.02  0.   -0.02  0.03 -0.03  0.01
 -0.06  0.   -0.01  0.    0.   -0.01  0.    0.   -0.01  0.    0.   -0.01
  0.    0.   -0.   -0.    0.01 -0.   -0.   -0.   -0.    0.01 -0.    0.
  0.1   0.06 -0.16  0.13 -0.08 -0.07  0.    0.   -0.   -0.    0.   -0.
  0.   -0.  ]
orbital number 57 energy 3.7334042402964562
[-0.   -0.    0.   -0.   -0.    0.    0.    0.   -0.    0.    0.   -0.
 -0.    0.    0.    0.   -0.    0.   -0.   -0.    0.   -0.   -0.    0.
  0.   -0.    0.    0.   -0.    0.   -0.    0.    0.   -0.    0.    0.
  0.    0.49 -0.47 -0.06  0.54 -0.41 -0.09 -0.02  0.06 -0.03 -0.03  0.06
 -0.04 -0.01 -0.    0.01 -0.01  0.01  0.    0.01 -0.    0.   -0.   -0.
 -0.   -0.    0.   -0.    0.    0.   -0.    0.    0.01  0.01 -0.02  0.03
  0.16 -0.19]
orbital number 58 energy 3.766139039645766
[-0.   -0.    0.   -0.   -0.    0.   -0.    0.    0.   -0.   -0.    0.
 -0.    0.    0.    0.   -0.    0.    0.01  0.03 -0.04  0.02  0.02 -0.04
  0.42  0.06 -0.48  0.48  0.05 -0.54  0.    0.   -0.    0.   -0.    0.
 -0.01  0.   -0.   -0.    0.   -0.   -0.    0.   -0.    0.    0.   -0.
  0.    0.   -0.   -0.    0.   -0.   -0.   -0.   -0.    0.   -0.   -0.
 -0.16  0.19 -0.02  0.02 -0.01 -0.01  0.    0.   -0.   -0.    0.    0.
  0.   -0.  ]
orbital number 59 energy 3.8969786319373756
[-0.    0.    0.   -0.   -0.    0.    0.    0.   -0.    0.   -0.   -0.
 -0.    0.   -0.    0.   -0.    0.    0.   -0.    0.    0.   -0.    0.
 -0.    0.   -0.   -0.    0.   -0.   -0.    0.    0.   -0.    0.    0.
 -0.   -0.   -0.    0.01 -0.   -0.    0.01  0.46 -0.   -0.46  0.51 -0.
 -0.51 -0.   -0.    0.   -0.    0.    0.   -0.   -0.    0.   -0.   -0.
  0.    0.   -0.   -0.    0.   -0.   -0.    0.   -0.18  0.18  0.   -0.
  0.    0.  ]
orbital number 60 energy 3.918897569034336
[-0.    0.    0.   -0.   -0.    0.   -0.    0.    0.   -0.   -0.    0.
 -0.    0.   -0.    0.   -0.    0.    0.46 -0.5  -0.01  0.51 -0.45 -0.01
 -0.01  0.01 -0.01 -0.    0.01 -0.01 -0.    0.   -0.   -0.    0.    0.
 -0.    0.    0.   -0.    0.    0.   -0.   -0.   -0.    0.   -0.   -0.
  0.    0.   -0.   -0.    0.   -0.   -0.    0.   -0.    0.   -0.   -0.
  0.    0.   -0.    0.    0.17 -0.18  0.    0.    0.   -0.    0.    0.
 -0.   -0.  ]
orbital number 61 energy 4.009522234917922
[ 0.37 -0.15 -0.19  0.32 -0.02 -0.29  0.05 -0.24  0.01 -0.07  0.24  0.
  0.18 -0.31  0.15 -0.36  0.29  0.02  0.05  0.05 -0.1   0.05  0.05 -0.1
  0.03 -0.06  0.03  0.03 -0.06  0.02  0.07 -0.06  0.    0.06 -0.01 -0.05
  0.04 -0.03 -0.03  0.06 -0.02 -0.03  0.07 -0.05  0.11 -0.05 -0.05  0.1
 -0.05 -0.05  0.05 -0.01 -0.04 -0.01  0.06 -0.05  0.08 -0.08  0.02  0.02
 -0.01 -0.01  0.02  0.04 -0.02 -0.02 -0.02 -0.02  0.02  0.02 -0.04 -0.02
  0.01  0.01]
orbital number 62 energy 4.1869704304766575
[ 0.02  0.03 -0.06 -0.    0.05 -0.06 -0.1   0.01  0.08 -0.02 -0.11  0.07
 -0.05  0.1  -0.06  0.13 -0.11  0.01 -0.07 -0.05  0.13 -0.06 -0.07  0.14
 -0.06  0.11 -0.05 -0.03  0.1  -0.03 -0.    0.03 -0.04  0.02 -0.03  0.03
 -0.1  -0.15 -0.09  0.26 -0.08 -0.16  0.3  -0.19  0.39 -0.19 -0.15  0.36
 -0.15  0.06  0.06 -0.13  0.13 -0.13  0.06 -0.3   0.04  0.03 -0.01 -0.01
  0.01  0.01 -0.04 -0.05  0.02  0.02 -0.02 -0.02  0.05  0.05 -0.14 -0.1
  0.03  0.03]
orbital number 63 energy 4.213029736768693
[-0.14  0.09  0.02 -0.12  0.03  0.08 -0.05  0.13 -0.04  0.11 -0.08 -0.04
  0.04  0.07 -0.07  0.06  0.   -0.06  0.19  0.15 -0.36  0.15  0.19 -0.39
  0.16 -0.3   0.16  0.09 -0.27  0.09 -0.04 -0.07  0.12 -0.11  0.11 -0.06
  0.3  -0.05 -0.03  0.09 -0.03 -0.05  0.1  -0.06  0.12 -0.06 -0.05  0.12
 -0.05  0.03  0.01 -0.05  0.05 -0.05  0.01 -0.1  -0.   -0.04  0.02  0.02
 -0.03 -0.03  0.1   0.14 -0.05 -0.05 -0.   -0.    0.02  0.02 -0.04 -0.03
  0.01  0.01]
orbital number 64 energy 4.587489580525686
[ 0.31 -0.11 -0.15  0.13  0.16 -0.34 -0.09 -0.22  0.12 -0.07 -0.24  0.32
 -0.13  0.13 -0.12  0.31 -0.33  0.15  0.04  0.01 -0.06  0.02  0.04 -0.07
  0.04 -0.07  0.04  0.01 -0.05  0.01 -0.14  0.08  0.03 -0.12  0.03  0.07
  0.1   0.04  0.01 -0.05  0.01  0.04 -0.06  0.04 -0.07  0.04  0.01 -0.06
  0.01 -0.13  0.07  0.03 -0.11  0.03  0.07  0.1   0.15  0.14 -0.02 -0.02
 -0.   -0.    0.02  0.02 -0.   -0.   -0.02 -0.02 -0.   -0.    0.02  0.02
 -0.   -0.  ]
orbital number 65 energy 5.111186781747351
[-0.06 -0.06  0.16  0.14 -0.2   0.17  0.31 -0.25  0.   -0.31  0.25 -0.
 -0.16 -0.14  0.06  0.06 -0.17  0.2   0.04 -0.01 -0.04 -0.    0.04 -0.06
  0.04 -0.06  0.04 -0.01 -0.03 -0.01 -0.26  0.2  -0.06 -0.08 -0.06  0.19
  0.11 -0.04  0.01  0.02  0.01 -0.04  0.06 -0.04  0.05 -0.04  0.    0.03
  0.01  0.22 -0.16  0.05  0.06  0.05 -0.16 -0.11 -0.23  0.24 -0.06 -0.06
  0.    0.    0.02  0.02  0.    0.    0.05  0.05 -0.   -0.   -0.02 -0.02
 -0.   -0.  ]
orbital number 66 energy 5.686175333733056
[ 0.09 -0.09  0.08 -0.02  0.05 -0.08  0.12 -0.1  -0.12  0.11 -0.09  0.1
  0.08 -0.03 -0.09  0.1  -0.09  0.07 -0.04  0.02  0.    0.02 -0.04  0.05
 -0.06  0.07 -0.05  0.04 -0.01  0.04  0.29 -0.27  0.21 -0.16  0.2  -0.26
 -0.09 -0.07  0.05 -0.02  0.05 -0.07  0.08 -0.05  0.06 -0.05  0.03  0.
  0.03  0.32 -0.29  0.23 -0.18  0.23 -0.3  -0.11 -0.04 -0.03  0.07  0.08
 -0.01 -0.01 -0.02 -0.02 -0.01 -0.01  0.08  0.08 -0.01 -0.01 -0.02 -0.02
 -0.01 -0.02]
orbital number 67 energy 5.847442788717258
[-0.14  0.1  -0.06  0.18 -0.19  0.18  0.12 -0.14 -0.01 -0.09  0.12  0.01
  0.08 -0.19 -0.12  0.17 -0.2   0.21 -0.04  0.02 -0.01  0.02 -0.04  0.04
 -0.06  0.06 -0.06  0.04 -0.03  0.05  0.23 -0.24  0.21 -0.21  0.2  -0.23
 -0.06  0.06 -0.05  0.03 -0.06  0.07 -0.07  0.04 -0.04  0.04 -0.03  0.01
 -0.03 -0.22  0.22 -0.2   0.2  -0.2   0.22  0.06 -0.08  0.07  0.06  0.07
 -0.01 -0.01 -0.02 -0.01 -0.01 -0.01 -0.06 -0.06  0.01  0.01  0.01  0.02
  0.01  0.02]
orbital number 68 energy 6.146433584305138
[-0.02  0.02 -0.03  0.02 -0.02  0.02 -0.01 -0.    0.01 -0.01  0.02 -0.01
  0.01 -0.02 -0.01  0.01 -0.01  0.01  0.   -0.    0.   -0.    0.   -0.
 -0.    0.   -0.    0.   -0.    0.    0.   -0.    0.   -0.    0.   -0.
  0.   -0.35  0.35 -0.36  0.37 -0.36  0.37  0.18 -0.19  0.18 -0.16  0.12
 -0.16 -0.07  0.05 -0.03  0.02 -0.03  0.05  0.09  0.01  0.    0.    0.
 -0.   -0.   -0.    0.    0.    0.   -0.01 -0.01  0.04  0.04  0.06 -0.1
 -0.09 -0.1 ]
orbital number 69 energy 6.174057648314969
[ 0.01 -0.01  0.01 -0.01  0.01 -0.01 -0.01  0.01  0.01 -0.01 -0.   -0.
 -0.03  0.02  0.02 -0.02  0.02 -0.02  0.18 -0.16  0.13 -0.16  0.18 -0.19
 -0.36  0.37 -0.35  0.36 -0.36  0.37 -0.06  0.04 -0.02  0.01 -0.02  0.04
  0.09  0.   -0.    0.   -0.    0.   -0.   -0.    0.   -0.    0.   -0.
  0.    0.   -0.    0.   -0.    0.   -0.   -0.    0.    0.01 -0.01 -0.01
 -0.1  -0.1  -0.1   0.06  0.04  0.04  0.    0.   -0.   -0.   -0.    0.
  0.    0.  ]
orbital number 70 energy 6.3670010855147545
[-0.05  0.06 -0.08  0.06 -0.05  0.05 -0.04 -0.    0.02 -0.    0.02 -0.01
  0.04 -0.03 -0.03  0.02 -0.03  0.03  0.03 -0.03  0.03 -0.03  0.03 -0.03
  0.01 -0.01  0.01 -0.01  0.01 -0.01 -0.    0.   -0.01  0.01 -0.01  0.
 -0.01 -0.13  0.15 -0.18  0.15 -0.13  0.13 -0.34  0.36 -0.34  0.36 -0.37
  0.36 -0.1   0.05 -0.02 -0.   -0.02  0.05  0.18  0.05 -0.02 -0.   -0.
  0.    0.    0.    0.01  0.01  0.01 -0.01 -0.01 -0.09 -0.09 -0.1  -0.03
 -0.04 -0.04]
orbital number 71 energy 6.3853090846615
[-0.04  0.03 -0.04  0.09 -0.06  0.05  0.06 -0.11 -0.03  0.02 -0.12  0.1
 -0.13  0.16  0.1  -0.1   0.11 -0.13 -0.32  0.33 -0.34  0.33 -0.32  0.33
 -0.13  0.12 -0.12  0.14 -0.17  0.14 -0.07  0.04 -0.01 -0.02 -0.01  0.04
  0.16 -0.01  0.01 -0.02  0.01 -0.01  0.01 -0.03  0.03 -0.03  0.03 -0.03
  0.03 -0.01  0.01 -0.01  0.01 -0.01  0.01  0.02 -0.01  0.05 -0.01 -0.01
 -0.04 -0.04 -0.03 -0.09 -0.09 -0.09 -0.   -0.   -0.01 -0.01 -0.01 -0.
 -0.   -0.  ]
orbital number 72 energy 6.390992146966008
[ 0.16 -0.15  0.18 -0.31  0.24 -0.19 -0.16  0.32  0.14 -0.17  0.32 -0.29
  0.16 -0.29 -0.13  0.14 -0.17  0.22 -0.12  0.13 -0.13  0.13 -0.12  0.13
 -0.05  0.05 -0.05  0.06 -0.07  0.06 -0.04  0.02 -0.02  0.01 -0.02  0.03
  0.07 -0.01  0.01 -0.01  0.01 -0.01  0.01 -0.02  0.02 -0.02  0.02 -0.02
  0.02 -0.01  0.01 -0.01  0.01 -0.01  0.01  0.01 -0.01  0.   -0.01 -0.01
 -0.01 -0.02 -0.01 -0.04 -0.03 -0.03 -0.   -0.   -0.   -0.   -0.01 -0.
 -0.   -0.  ]
orbital number 73 energy 6.530964788557091
[-0.19  0.25 -0.36  0.24 -0.19  0.18 -0.19  0.    0.03  0.11  0.03 -0.01
  0.29 -0.21 -0.2   0.16 -0.15  0.16 -0.04  0.04 -0.05  0.04 -0.04  0.04
 -0.02  0.02 -0.02  0.03 -0.04  0.03 -0.09  0.1  -0.12  0.19 -0.12  0.09
  0.05  0.02 -0.03  0.04 -0.03  0.02 -0.02  0.04 -0.04  0.04 -0.04  0.05
 -0.04  0.1  -0.1   0.13 -0.2   0.13 -0.1  -0.05  0.27 -0.22 -0.02 -0.03
 -0.01 -0.01 -0.01 -0.01 -0.01 -0.01  0.03  0.03  0.01  0.01  0.01  0.01
  0.01  0.01]
orbital number 74 energy 6.802281831162265
[ 0.09 -0.14  0.24 -0.06  0.05 -0.06  0.33 -0.17 -0.29  0.36 -0.17  0.14
  0.3  -0.1  -0.18  0.11 -0.08  0.07 -0.01  0.01 -0.02  0.01 -0.01  0.01
 -0.01  0.01 -0.01  0.01 -0.02  0.01 -0.08  0.09 -0.14  0.24 -0.14  0.09
  0.03 -0.    0.01 -0.01  0.01 -0.01  0.   -0.01  0.01 -0.01  0.01 -0.01
  0.01 -0.05  0.06 -0.09  0.16 -0.1   0.06  0.02 -0.26 -0.32 -0.02 -0.02
 -0.   -0.   -0.   -0.   -0.   -0.   -0.02 -0.02 -0.   -0.   -0.   -0.
 -0.   -0.  ]

Orbital occupation numbers:
1: 2.000000
2: 2.000000
3: 2.000000
4: 2.000000
5: 2.000000
6: 2.000000
7: 2.000000
8: 2.000000
9: 2.000000
10: 2.000000
11: 2.000000
12: 2.000000
13: 2.000000
14: 2.000000
15: 2.000000
16: 2.000000
17: 2.000000
18: 2.000000
19: 2.000000
20: 2.000000
21: 2.000000
22: 2.000000
23: 2.000000
24: 2.000000
25: 2.000000
26: 2.000000
27: 2.000000
28: 2.000000
29: 2.000000
30: 2.000000
31: 2.000000
32: 2.000000
33: 2.000000
34: 2.000000
35: 2.000000
36: 2.000000
37: 2.000000
38: 2.000000
39: 2.000000
40: 2.000000
41: 2.000000
42: 2.000000
43: 2.000000
44: 2.000000
45: 2.000000
46: 1.000000
47: 1.000000
48: -0.000000
49: -0.000000
50: -0.000000
51: 0.000000
52: 0.000000
53: -0.000000
54: -0.000000
55: -0.000000
56: 0.000000
57: 0.000000
58: 0.000000
59: 0.000000
60: 0.000000
61: -0.000000
62: -0.000000
63: 0.000000
64: -0.000000
65: -0.000000
66: -0.000000
67: -0.000000
68: -0.000000
69: 0.000000
70: -0.000000
71: -0.000000
72: 0.000000
73: -0.000000
74: -0.000000

------------------------
Starting ExROPPP calculation for diradical in rotated basis
------------------------

Coulomb Matrix in MO basis, J_ij = (ii|jj):
 [[7.54763172 4.50452507 1.81781495 ... 2.65462394 3.22441281 4.4054713 ]
 [4.50452507 7.70276988 2.24721571 ... 2.70755581 3.69460119 3.95150348]
 [1.81781495 2.24721571 3.01630095 ... 1.26652066 1.6271216  1.64695185]
 ...
 [2.65462394 2.70755581 1.26652066 ... 2.34596943 2.11683071 2.29532097]
 [3.22441281 3.69460119 1.6271216  ... 2.11683071 2.55986881 2.62381554]
 [4.4054713  3.95150348 1.64695185 ... 2.29532097 2.62381554 3.30097497]]
Coulomb Matrix in MO basis, K_ij = (ij|ji):
 [[7.54763172e+00 1.84864060e+00 5.25900961e-03 ... 4.77897820e-02
  3.31228774e-01 6.43664275e-01]
 [1.84864060e+00 7.70276988e+00 2.19717249e-02 ... 5.08010911e-02
  4.70538139e-01 5.08843071e-01]
 [5.25900961e-03 2.19717249e-02 3.01630095e+00 ... 2.11540831e-03
  1.98049199e-02 1.05468596e-02]
 ...
 [4.77897820e-02 5.08010911e-02 2.11540831e-03 ... 2.34596943e+00
  4.06841903e-01 2.34714082e-01]
 [3.31228774e-01 4.70538139e-01 1.98049199e-02 ... 4.06841903e-01
  2.55986881e+00 8.17948779e-01]
 [6.43664275e-01 5.08843071e-01 1.05468596e-02 ... 2.34714082e-01
  8.17948779e-01 3.30097497e+00]]
Dimensions of CI matrix: (10336, 10336)
Checking that the Hamiltonian is symmetric (a value of zero means matrix is symmetric) ... 
Frobenius norm of matrix - matrix transpose = 0.000000.

Lowest 30 states. WARNING - Some states may not be included in the spectrum.

Diagonalizing Hamiltonian using the sparse matrix method ...

Calculating dipole moments ...

Permanent dipole moment of reference states:
             Open-Shell Singlet (|OS1>) = -0.101 x -4.203 y -0.656 z
             Zwitterion - (|ZW->) = -0.101 x -4.203 y -0.656 z
             Zwitterion + (|ZW+>) = -0.101 x -4.203 y -0.656 z
             Open-Shell Triplet (|OS3>) = -0.101 x -4.203 y -0.656 z

Checking that the Dipole matrix is symmetric (a value of zero means matrix is symmetric) ... 
Frobenius norm of matrix - matrix transpose = 0.00000             0.00000, 0.00000.

Energy of the lowest CI state: -392.54684067241374

State 0 0.000 eV 
Excitation    CI Coef
|1^OS>   -0.79707
|1^ZW->    0.48258
|1^CS(22->0)>    0.07142
|1^CS(16->0)>    0.07178
|1^CS(10->0)>   -0.05870
|1^CS(21->0')>    0.07337
|1^CS(15->0')>   -0.07879
|1^CS(9->0')>    0.05840
|1^SV(0->3')>   -0.05133
|1^SV(0->15')>   -0.08658
|1^SV(0'->2')>   -0.06704
|1^SV(0'->16')>   -0.08931
Ground state is singlet
TDMs with Triplet 'Ground' state
TDMX:-0.000   TDMY:-0.000   TDMZ:-0.000   Oscillator Strength:-0.00000   <S**2>: 0.000
--------------------------------------------------------------------
TDMs with Singlet 'Ground' state
TDMX:-0.064   TDMY:-11.404   TDMZ:-1.831   Oscillator Strength:0.00000   <S**2>: 0.000
--------------------------------------------------------------------


State 1 0.028 eV 
Excitation    CI Coef
|3^OS>   -0.93116
|3^CS(22->0)>   -0.07817
|3^CS(16->0)>   -0.07659
|3^CS(9->0)>   -0.05803
|3^CS(21->0')>    0.06078
|3^CS(15->0')>   -0.06815
|3^CS(10->0')>    0.05193
|3^SV(0->2')>   -0.06781
|3^SV(0->15')>   -0.08078
|3^SV(0->16')>   -0.05155
|3^SV(0'->2')>   -0.05382
|3^SV(0'->3')>    0.06370
|3^SV(0'->15')>    0.05648
|3^SV(0'->16')>   -0.08938
TDMs with Triplet 'Ground' state
TDMX:-0.047   TDMY:-11.287   TDMZ:-1.798   Oscillator Strength:0.00000   <S**2>: 2.000
--------------------------------------------------------------------
TDMs with Singlet 'Ground' state
TDMX:-0.000   TDMY:-0.000   TDMZ:-0.000   Oscillator Strength:0.00000   <S**2>: 2.000
--------------------------------------------------------------------


State 2 2.279 eV 
Excitation    CI Coef
|3^OS>    0.09001
|3^CS(15->0)>    0.05446
|3^CS(21->0')>    0.07352
|3^CS(15->0')>   -0.13009
|3^CS(1->0')>   -0.07794
|3^SV(0->2')>   -0.11321
|3^SV(0->3')>    0.07319
|3^SV(0->4')>   -0.07509
|3^SV(0'->1')>   -0.16147
|3^SV(0'->2')>   -0.51452
|3^SV(0'->3')>    0.49351
|3^SV(0'->4')>   -0.29527
|3^SV(0'->5')>    0.07994
|3^SV(0'->16')>   -0.11155
|3^SV(0'->17')>   -0.11371
|3^SV(0'->18')>   -0.14143
|3^SV(0'->19')>    0.09069
|3^SV(0'->20')>    0.06015
|3X^CV(15->2')>   -0.10588
|3X^CV(15->3')>    0.11032
|3X^CV(15->4')>   -0.07056
|3X^CV(11->7')>    0.17910
|3X^CV(10->2')>   -0.05697
|3X^CV(10->3')>    0.07533
|3X^CV(9->2')>   -0.06493
|3X^CV(9->3')>    0.06351
|3X^CV(9->4')>   -0.05215
|3X^CV(2->2')>    0.09211
|3X^CV(2->3')>   -0.05783
|3X^CV(1->2')>   -0.11534
|3X^CV(1->3')>    0.11594
TDMs with Triplet 'Ground' state
TDMX:-0.355   TDMY:-3.887   TDMZ:-0.702   Oscillator Strength:0.86750   <S**2>: 2.000
--------------------------------------------------------------------
TDMs with Singlet 'Ground' state
TDMX:0.000   TDMY:0.000   TDMZ:0.000   Oscillator Strength:0.00000   <S**2>: 2.000
--------------------------------------------------------------------


State 3 2.393 eV 
Excitation    CI Coef
|3^CS(22->0)>    0.07492
|3^CS(16->0)>    0.19001
|3^CS(10->0)>    0.14101
|3^CS(9->0)>   -0.15729
|3^CS(2->0)>    0.14959
|3^CS(1->0)>    0.18135
|3^CS(16->0')>    0.05072
|3^CS(10->0')>    0.05521
|3^CS(9->0')>   -0.05439
|3^CS(1->0')>    0.05083
|3^SV(0->2')>    0.37128
|3^SV(0->3')>    0.46360
|3^SV(0->4')>    0.26492
|3^SV(0->5')>    0.06264
|3^SV(0->14')>   -0.05657
|3^SV(0->17')>   -0.06618
|3^SV(0->18')>    0.07876
|3^SV(0->19')>    0.07540
|3^SV(0'->1')>   -0.06916
|3^SV(0'->2')>   -0.13511
|3^SV(0'->3')>   -0.07950
|3^SV(0'->4')>   -0.10533
|3X^CV(24->3')>   -0.05475
|3X^CV(22->3')>   -0.05809
|3X^CV(17->1')>   -0.06457
|3X^CV(16->2')>   -0.08421
|3X^CV(16->3')>   -0.12427
|3X^CV(16->4')>   -0.08060
|3X^CV(13->1')>   -0.05898
|3X^CV(12->6')>    0.19780
|3X^CV(10->1')>    0.06982
|3X^CV(10->2')>   -0.05633
|3X^CV(10->15')>   -0.05034
|3X^CV(9->3')>    0.07855
|3X^CV(9->4')>    0.05173
|3X^CV(9->15')>    0.06169
|3X^CV(8->10')>    0.08437
|3X^CV(6->12')>    0.06972
|3X^CV(4->8')>   -0.11307
|3X^CV(2->2')>   -0.11978
|3X^CV(2->3')>   -0.08347
|3X^CV(1->1')>   -0.24894
|3X^CV(1->2')>   -0.05498
|3X^CV(1->3')>   -0.12814
|3X^CV(1->4')>   -0.05098
|3X^CV(1->5')>   -0.07717
|3X^CV(1->15')>   -0.05069
TDMs with Triplet 'Ground' state
TDMX:-0.218   TDMY:1.690   TDMZ:0.203   Oscillator Strength:0.17057   <S**2>: 2.000
--------------------------------------------------------------------
TDMs with Singlet 'Ground' state
TDMX:0.000   TDMY:0.000   TDMZ:0.000   Oscillator Strength:0.00000   <S**2>: 2.000
--------------------------------------------------------------------


State 4 2.399 eV 
Excitation    CI Coef
|1^ZW->   -0.09143
|1^CS(1->0)>    0.06162
|1^CS(15->0')>   -0.09905
|1^CS(10->0')>   -0.09021
|1^CS(9->0')>   -0.09049
|1^CS(2->0')>    0.10960
|1^CS(1->0')>   -0.11783
|1^SV(0->1')>    0.14933
|1^SV(0->2')>    0.12168
|1^SV(0->3')>   -0.13224
|1^SV(0'->1')>    0.12350
|1^SV(0'->2')>   -0.26005
|1^SV(0'->3')>    0.19956
|1^SV(0'->4')>   -0.11358
|1^SV(0'->5')>    0.08225
|1T^CV(27->25')>    0.05771
|1T^CV(25->27')>    0.06221
|1T^CV(23->1')>   -0.05910
|1T^CV(20->14')>   -0.05593
|1T^CV(20->18')>   -0.05024
|1T^CV(17->1')>    0.13127
|1T^CV(17->3')>    0.07897
|1T^CV(17->5')>    0.06268
|1T^CV(17->17')>    0.10700
|1T^CV(15->2')>   -0.06265
|1T^CV(15->3')>    0.08140
|1T^CV(15->4')>   -0.06831
|1T^CV(14->14')>   -0.08443
|1T^CV(13->1')>    0.13549
|1T^CV(13->5')>   -0.12664
|1T^CV(11->7')>    0.12098
|1T^CV(10->1')>   -0.16065
|1T^CV(7->11')>   -0.05388
|1T^CV(3->9')>    0.07440
|1T^CV(2->1')>    0.06668
|1T^CV(2->2')>    0.20120
|1T^CV(2->4')>   -0.11939
|1T^CV(1->1')>    0.57689
|1T^CV(1->2')>   -0.15264
|1T^CV(1->3')>    0.16423
|1T^CV(1->5')>    0.16740
|1T^CV(1->17')>    0.05307
TDMs with Triplet 'Ground' state
TDMX:-0.000   TDMY:0.000   TDMZ:0.000   Oscillator Strength:0.00000   <S**2>: 0.000
--------------------------------------------------------------------
TDMs with Singlet 'Ground' state
TDMX:-0.160   TDMY:-1.251   TDMZ:-0.173   Oscillator Strength:0.09531   <S**2>: 0.000
--------------------------------------------------------------------


State 5 2.417 eV 
Excitation    CI Coef
|1^OS>    0.06608
|1^ZW->    0.16673
|1^ZW+>    0.09549
|1^CS(15->0)>   -0.05984
|1^CS(10->0)>   -0.09717
|1^CS(1->0)>   -0.14647
|1^CS(15->0')>    0.11716
|1^CS(10->0')>    0.12255
|1^CS(9->0')>    0.15673
|1^CS(2->0')>   -0.11871
|1^CS(1->0')>    0.11437
|1^SV(0->2')>   -0.13874
|1^SV(0->3')>    0.27137
|1^SV(0->4')>   -0.10182
|1^SV(0->5')>    0.05272
|1^SV(0'->1')>    0.22916
|1^SV(0'->2')>    0.31747
|1^SV(0'->3')>   -0.19405
|1^SV(0'->4')>    0.20971
|1^SV(0'->15')>    0.05302
|1^SV(0'->16')>   -0.07193
|1^SV(0'->18')>    0.06071
|1T^CV(17->1')>    0.08382
|1T^CV(17->3')>    0.05417
|1T^CV(17->17')>    0.07066
|1T^CV(15->2')>    0.10289
|1T^CV(15->3')>   -0.08712
|1T^CV(14->14')>   -0.05776
|1T^CV(13->1')>    0.07760
|1T^CV(13->5')>   -0.08251
|1T^CV(12->6')>   -0.05501
|1T^CV(11->7')>   -0.16429
|1T^CV(10->1')>   -0.08644
|1T^CV(10->2')>    0.06428
|1T^CV(10->3')>   -0.06317
|1T^CV(9->2')>    0.06127
|1T^CV(9->3')>   -0.05744
|1T^CV(7->11')>    0.08366
|1T^CV(5->13')>   -0.05936
|1T^CV(3->9')>   -0.11142
|1T^CV(2->3')>    0.09609
|1T^CV(2->4')>   -0.12031
|1T^CV(1->1')>    0.43627
|1T^CV(1->2')>    0.07190
|1T^CV(1->4')>    0.06420
|1T^CV(1->5')>    0.09897
TDMs with Triplet 'Ground' state
TDMX:0.000   TDMY:-0.000   TDMZ:-0.000   Oscillator Strength:0.00000   <S**2>: 0.000
--------------------------------------------------------------------
TDMs with Singlet 'Ground' state
TDMX:0.204   TDMY:2.778   TDMZ:0.440   Oscillator Strength:0.47095   <S**2>: 0.000
--------------------------------------------------------------------


State 6 2.419 eV 
Excitation    CI Coef
|3^CS(16->0)>    0.06433
|3^CS(10->0)>    0.05293
|3^CS(9->0)>   -0.07970
|3^CS(1->0)>    0.05589
|3^SV(0->1')>   -0.12285
|3^SV(0->2')>    0.14125
|3^SV(0->3')>    0.14898
|3^SV(0->4')>    0.14147
|3^SV(0'->1')>    0.20145
|3X^CV(27->25')>    0.06638
|3X^CV(25->27')>    0.06742
|3X^CV(23->1')>   -0.05322
|3X^CV(20->14')>   -0.06599
|3X^CV(17->1')>    0.13879
|3X^CV(17->3')>    0.08877
|3X^CV(17->5')>    0.06946
|3X^CV(17->17')>    0.12287
|3X^CV(14->4')>   -0.06378
|3X^CV(14->14')>   -0.10233
|3X^CV(13->1')>    0.14688
|3X^CV(13->3')>    0.06469
|3X^CV(13->5')>   -0.15234
|3X^CV(12->6')>    0.07568
|3X^CV(10->1')>   -0.16775
|3X^CV(10->3')>   -0.06568
|3X^CV(9->2')>    0.08435
|3X^CV(2->1')>    0.05256
|3X^CV(2->2')>    0.15164
|3X^CV(2->4')>   -0.18958
|3X^CV(1->1')>    0.69195
|3X^CV(1->2')>   -0.10614
|3X^CV(1->3')>    0.09778
|3X^CV(1->5')>    0.17795
|3X^CV(1->17')>    0.06729
TDMs with Triplet 'Ground' state
TDMX:-0.074   TDMY:1.070   TDMZ:0.155   Oscillator Strength:0.06877   <S**2>: 2.000
--------------------------------------------------------------------
TDMs with Singlet 'Ground' state
TDMX:0.000   TDMY:0.000   TDMZ:0.000   Oscillator Strength:0.00000   <S**2>: 2.000
--------------------------------------------------------------------


State 7 2.443 eV 
Excitation    CI Coef
|5^CV(27->25')>   -0.07301
|5^CV(25->27')>   -0.07521
|5^CV(23->1')>    0.06347
|5^CV(20->14')>    0.07171
|5^CV(20->18')>    0.05792
|5^CV(17->1')>   -0.15928
|5^CV(17->3')>   -0.09696
|5^CV(17->5')>   -0.07688
|5^CV(17->15')>   -0.05073
|5^CV(17->17')>   -0.13546
|5^CV(14->4')>    0.06342
|5^CV(14->14')>    0.10932
|5^CV(13->1')>   -0.16948
|5^CV(13->3')>   -0.06676
|5^CV(13->5')>    0.16725
|5^CV(13->17')>   -0.05182
|5^CV(10->1')>    0.19397
|5^CV(9->2')>   -0.06419
|5^CV(2->1')>   -0.05643
|5^CV(2->2')>   -0.20703
|5^CV(2->4')>    0.18510
|5^CV(1->1')>   -0.75590
|5^CV(1->2')>    0.09640
|5^CV(1->3')>   -0.15470
|5^CV(1->5')>   -0.20298
|5^CV(1->17')>   -0.07042
TDMs with Triplet 'Ground' state
TDMX:-0.000   TDMY:0.000   TDMZ:0.000   Oscillator Strength:0.00000   <S**2>: 6.000
--------------------------------------------------------------------
TDMs with Singlet 'Ground' state
TDMX:-0.000   TDMY:-0.000   TDMZ:-0.000   Oscillator Strength:0.00000   <S**2>: 6.000
--------------------------------------------------------------------


State 8 2.543 eV 
Excitation    CI Coef
|1^ZW+>   -0.72968
|1^CS(16->0)>    0.10587
|1^CS(10->0)>    0.05767
|1^CS(9->0)>   -0.16519
|1^CS(4->0)>   -0.06568
|1^CS(2->0)>    0.09486
|1^CS(1->0)>    0.21820
|1^CS(15->0')>    0.06484
|1^CS(10->0')>    0.06962
|1^CS(9->0')>   -0.06599
|1^CS(3->0')>   -0.05571
|1^SV(0->2')>   -0.27466
|1^SV(0->3')>    0.06800
|1^SV(0->4')>   -0.16670
|1^SV(0->8')>   -0.09556
|1^SV(0->15')>    0.06464
|1^SV(0->16')>   -0.05981
|1^SV(0->18')>   -0.05989
|1^SV(0'->1')>    0.05275
|1^SV(0'->2')>   -0.07093
|1^SV(0'->3')>   -0.19279
|1^SV(0'->15')>   -0.07061
|1S^CV(1->2')>    0.05335
|1T^CV(16->2')>   -0.05712
|1T^CV(12->6')>    0.09384
|1T^CV(11->7')>   -0.05613
|1T^CV(9->8')>   -0.05035
|1T^CV(8->10')>    0.08240
|1T^CV(4->8')>   -0.06435
|1T^CV(2->4')>   -0.05293
|1T^CV(1->2')>   -0.10092
|1T^CV(1->3')>   -0.06885
TDMs with Triplet 'Ground' state
TDMX:-0.000   TDMY:-0.000   TDMZ:-0.000   Oscillator Strength:0.00000   <S**2>: 0.000
--------------------------------------------------------------------
TDMs with Singlet 'Ground' state
TDMX:-0.543   TDMY:-1.824   TDMZ:-0.283   Oscillator Strength:0.23076   <S**2>: 0.000
--------------------------------------------------------------------


State 9 2.580 eV 
Excitation    CI Coef
|1^ZW+>    0.20862
|1^CS(19->0)>    0.05745
|1^CS(10->0)>    0.09861
|1^CS(9->0)>   -0.07236
|1^CS(4->0)>   -0.43532
|1^CS(3->0)>    0.08856
|1^CS(4->0')>   -0.12484
|1^CS(3->0')>   -0.30169
|1^SV(0->3')>   -0.05714
|1^SV(0->8')>   -0.38427
|1^SV(0->9')>    0.07393
|1^SV(0'->8')>   -0.12734
|1^SV(0'->9')>   -0.29415
|1T^CV(22->21')>   -0.06009
|1T^CV(19->23')>    0.06551
|1T^CV(18->24')>   -0.05076
|1T^CV(16->8')>   -0.07551
|1T^CV(16->21')>    0.05258
|1T^CV(15->9')>   -0.05349
|1T^CV(10->8')>    0.14500
|1T^CV(10->9')>    0.09826
|1T^CV(9->8')>   -0.14638
|1T^CV(9->9')>    0.09179
|1T^CV(8->10')>    0.19903
|1T^CV(7->11')>   -0.13086
|1T^CV(6->12')>   -0.15991
|1T^CV(5->13')>   -0.14344
|1T^CV(4->2')>   -0.06386
|1T^CV(4->3')>   -0.09091
|1T^CV(4->4')>   -0.05841
|1T^CV(4->14')>    0.05399
|1T^CV(4->15')>    0.19759
|1T^CV(4->16')>    0.06080
|1T^CV(3->3')>   -0.05246
|1T^CV(3->15')>    0.05154
|1T^CV(3->16')>   -0.15404
TDMs with Triplet 'Ground' state
TDMX:-0.000   TDMY:0.000   TDMZ:0.000   Oscillator Strength:0.00000   <S**2>: 0.000
--------------------------------------------------------------------
TDMs with Singlet 'Ground' state
TDMX:-0.065   TDMY:0.058   TDMZ:0.055   Oscillator Strength:0.00067   <S**2>: 0.000
--------------------------------------------------------------------


State 10 2.593 eV 
Excitation    CI Coef
|1^ZW->    0.05674
|1^CS(10->0)>    0.05957
|1^CS(9->0)>   -0.06557
|1^CS(4->0)>   -0.30823
|1^CS(3->0)>   -0.10432
|1^CS(18->0')>    0.06390
|1^CS(4->0')>   -0.08818
|1^CS(3->0')>    0.43296
|1^SV(0->8')>   -0.28333
|1^SV(0->9')>   -0.11714
|1^SV(0'->8')>   -0.07616
|1^SV(0'->9')>    0.42768
|1^SV(0'->16')>    0.06251
|1T^CV(21->22')>    0.06468
|1T^CV(18->24')>    0.07304
|1T^CV(16->8')>   -0.05538
|1T^CV(15->9')>    0.07767
|1T^CV(13->9')>   -0.05231
|1T^CV(10->8')>    0.10280
|1T^CV(10->9')>   -0.14708
|1T^CV(9->8')>   -0.11216
|1T^CV(9->9')>   -0.13189
|1T^CV(8->10')>    0.15268
|1T^CV(7->11')>    0.19272
|1T^CV(6->12')>   -0.10933
|1T^CV(5->13')>    0.21016
|1T^CV(4->3')>   -0.06509
|1T^CV(4->15')>    0.13992
|1T^CV(3->2')>   -0.06896
|1T^CV(3->3')>    0.07939
|1T^CV(3->4')>   -0.05070
|1T^CV(3->14')>    0.05872
|1T^CV(3->15')>   -0.08122
|1T^CV(3->16')>    0.22353
|1T^CV(1->9')>   -0.05352
TDMs with Triplet 'Ground' state
TDMX:0.000   TDMY:0.000   TDMZ:-0.000   Oscillator Strength:0.00000   <S**2>: 0.000
--------------------------------------------------------------------
TDMs with Singlet 'Ground' state
TDMX:0.355   TDMY:0.835   TDMZ:0.064   Oscillator Strength:0.05255   <S**2>: 0.000
--------------------------------------------------------------------


State 11 2.636 eV 
Excitation    CI Coef
|3^CS(19->0)>   -0.05286
|3^CS(9->0)>    0.05090
|3^CS(4->0)>    0.36470
|3^CS(3->0)>    0.08956
|3^CS(18->0')>    0.06615
|3^CS(4->0')>    0.09257
|3^CS(3->0')>   -0.38006
|3^SV(0->8')>   -0.34039
|3^SV(0->9')>   -0.08522
|3^SV(0->10')>   -0.05689
|3^SV(0'->8')>    0.08022
|3^SV(0'->9')>   -0.36923
|3X^CV(22->21')>    0.05349
|3X^CV(21->22')>   -0.05694
|3X^CV(19->23')>   -0.06496
|3X^CV(18->24')>   -0.05954
|3X^CV(16->8')>    0.06494
|3X^CV(15->9')>   -0.07948
|3X^CV(13->9')>    0.05036
|3X^CV(10->8')>   -0.11814
|3X^CV(10->9')>    0.13840
|3X^CV(9->8')>    0.13049
|3X^CV(9->9')>    0.12296
|3X^CV(8->10')>   -0.17745
|3X^CV(7->11')>   -0.17475
|3X^CV(6->12')>    0.18213
|3X^CV(5->13')>   -0.16557
|3X^CV(4->2')>    0.05507
|3X^CV(4->3')>    0.08090
|3X^CV(4->4')>    0.05250
|3X^CV(4->14')>   -0.05475
|3X^CV(4->15')>   -0.19304
|3X^CV(4->16')>   -0.06346
|3X^CV(3->2')>    0.05916
|3X^CV(3->3')>   -0.06880
|3X^CV(3->14')>   -0.05527
|3X^CV(3->15')>    0.07895
|3X^CV(3->16')>   -0.21428
TDMs with Triplet 'Ground' state
TDMX:-0.016   TDMY:-0.299   TDMZ:-0.045   Oscillator Strength:0.00587   <S**2>: 2.000
--------------------------------------------------------------------
TDMs with Singlet 'Ground' state
TDMX:0.000   TDMY:0.000   TDMZ:0.000   Oscillator Strength:0.00000   <S**2>: 2.000
--------------------------------------------------------------------


State 12 2.655 eV 
Excitation    CI Coef
|3^CS(19->0)>    0.05692
|3^CS(10->0)>    0.05111
|3^CS(4->0)>   -0.37200
|3^CS(3->0)>    0.09017
|3^CS(18->0')>    0.05739
|3^CS(4->0')>   -0.09267
|3^CS(3->0')>   -0.35095
|3^SV(0->8')>    0.35095
|3^SV(0->9')>   -0.09268
|3^SV(0->10')>    0.06322
|3^SV(0'->8')>   -0.09414
|3^SV(0'->9')>   -0.35609
|3X^CV(22->21')>   -0.05757
|3X^CV(21->22')>   -0.05675
|3X^CV(19->23')>    0.06879
|3X^CV(18->24')>   -0.05892
|3X^CV(16->8')>   -0.06880
|3X^CV(15->9')>   -0.07729
|3X^CV(10->8')>    0.13085
|3X^CV(10->9')>    0.13341
|3X^CV(9->8')>   -0.13446
|3X^CV(9->9')>    0.12390
|3X^CV(8->10')>    0.19314
|3X^CV(7->11')>   -0.17690
|3X^CV(6->12')>   -0.19024
|3X^CV(5->13')>   -0.16004
|3X^CV(4->2')>   -0.05719
|3X^CV(4->3')>   -0.08668
|3X^CV(4->4')>   -0.05518
|3X^CV(4->14')>    0.05725
|3X^CV(4->15')>    0.20354
|3X^CV(4->16')>    0.06447
|3X^CV(3->2')>    0.05885
|3X^CV(3->3')>   -0.06624
|3X^CV(3->14')>   -0.05441
|3X^CV(3->15')>    0.07273
|3X^CV(3->16')>   -0.20863
TDMs with Triplet 'Ground' state
TDMX:-0.260   TDMY:-0.142   TDMZ:0.045   Oscillator Strength:0.00578   <S**2>: 2.000
--------------------------------------------------------------------
TDMs with Singlet 'Ground' state
TDMX:-0.000   TDMY:-0.000   TDMZ:-0.000   Oscillator Strength:0.00000   <S**2>: 2.000
--------------------------------------------------------------------


State 13 2.658 eV 
Excitation    CI Coef
|1^OS>    0.31163
|1^ZW->    0.55745
|1^ZW+>   -0.18786
|1^CS(16->0)>   -0.07956
|1^CS(9->0)>    0.17040
|1^CS(2->0)>   -0.09619
|1^CS(1->0)>   -0.12984
|1^CS(22->0')>   -0.05157
|1^CS(16->0')>   -0.08854
|1^CS(10->0')>   -0.10010
|1^CS(9->0')>   -0.13271
|1^CS(1->0')>   -0.28487
|1^SV(0->1')>   -0.05949
|1^SV(0->2')>   -0.16737
|1^SV(0->3')>    0.22324
|1^SV(0->9')>    0.05844
|1^SV(0->15')>    0.07216
|1^SV(0->16')>   -0.11693
|1^SV(0->17')>   -0.05774
|1^SV(0'->3')>    0.17780
|1^SV(0'->16')>    0.11534
|1T^CV(17->1')>    0.05262
|1T^CV(16->3')>    0.06410
|1T^CV(14->4')>    0.05656
|1T^CV(13->5')>    0.09219
|1T^CV(12->6')>   -0.10065
|1T^CV(11->7')>    0.08400
|1T^CV(9->2')>   -0.05552
|1T^CV(7->11')>   -0.09594
|1T^CV(5->13')>    0.05164
|1T^CV(3->9')>    0.11191
|1T^CV(2->4')>    0.13444
|1T^CV(1->3')>    0.18622
|1T^CV(1->15')>    0.05253
|1^SVD_(2',3')>   -0.05736
TDMs with Triplet 'Ground' state
TDMX:-0.000   TDMY:-0.000   TDMZ:0.000   Oscillator Strength:0.00000   <S**2>: 0.000
--------------------------------------------------------------------
TDMs with Singlet 'Ground' state
TDMX:0.394   TDMY:1.344   TDMZ:0.252   Oscillator Strength:0.13186   <S**2>: 0.000
--------------------------------------------------------------------


State 14 2.717 eV 
Excitation    CI Coef
|1^OS>   -0.16432
|1^ZW->   -0.33343
|1^ZW+>   -0.33641
|1^CS(21->0)>   -0.05046
|1^CS(16->0)>   -0.14463
|1^CS(15->0)>    0.07319
|1^CS(13->0)>   -0.05552
|1^CS(10->0)>   -0.30954
|1^CS(9->0)>    0.24000
|1^CS(4->0)>   -0.20619
|1^CS(2->0)>   -0.22480
|1^CS(1->0)>   -0.16942
|1^CS(10->0')>   -0.06372
|1^CS(9->0')>    0.09097
|1^CS(4->0')>   -0.05863
|1^CS(2->0')>   -0.05910
|1^SV(0->2')>    0.16414
|1^SV(0->3')>    0.16868
|1^SV(0->4')>    0.11722
|1^SV(0->15')>   -0.15917
|1^SV(0'->3')>    0.05776
|1^SV(0'->15')>   -0.10027
|1^SV(0'->16')>   -0.09445
|1T^CV(22->3')>    0.05262
|1T^CV(19->21')>   -0.05136
|1T^CV(16->2')>    0.07565
|1T^CV(16->3')>    0.10494
|1T^CV(16->4')>    0.06309
|1T^CV(16->23')>   -0.05148
|1T^CV(12->6')>   -0.19376
|1T^CV(10->3')>    0.05208
|1T^CV(10->15')>    0.07226
|1T^CV(9->15')>   -0.07225
|1T^CV(8->10')>   -0.10006
|1T^CV(6->12')>   -0.18809
|1T^CV(4->8')>    0.21032
|1T^CV(4->15')>    0.08946
|1T^CV(2->2')>    0.07696
|1T^CV(2->3')>    0.05824
|1T^CV(2->15')>    0.05114
|1T^CV(1->1')>   -0.05451
|1T^CV(1->3')>    0.06031
TDMs with Triplet 'Ground' state
TDMX:-0.000   TDMY:0.000   TDMZ:0.000   Oscillator Strength:0.00000   <S**2>: 0.000
--------------------------------------------------------------------
TDMs with Singlet 'Ground' state
TDMX:-0.079   TDMY:-2.458   TDMZ:-0.423   Oscillator Strength:0.41442   <S**2>: 0.000
--------------------------------------------------------------------


State 15 2.800 eV 
Excitation    CI Coef
|3^OS>    0.09127
|3^CS(22->0)>   -0.17313
|3^CS(19->0)>   -0.07153
|3^CS(16->0)>   -0.14206
|3^CS(14->0)>   -0.08909
|3^CS(13->0)>    0.05431
|3^CS(10->0)>    0.19090
|3^CS(9->0)>   -0.22949
|3^CS(4->0)>    0.11677
|3^CS(22->0')>   -0.05748
|3^CS(10->0')>    0.16024
|3^CS(9->0')>   -0.09886
|3^CS(4->0')>    0.06663
|3^SV(0->2')>   -0.08824
|3^SV(0->3')>   -0.07283
|3^SV(0->8')>    0.09642
|3^SV(0->14')>   -0.09387
|3^SV(0->15')>   -0.36360
|3^SV(0->16')>   -0.16634
|3^SV(0->17')>    0.08258
|3^SV(0->18')>   -0.07464
|3^SV(0->23')>    0.08485
|3^SV(0'->15')>    0.17352
|3^SV(0'->16')>   -0.17179
|3^SV(0'->17')>   -0.06510
|3S^CV(4->8')>    0.06078
|3S^CV(3->9')>   -0.05389
|3X^CV(19->21')>    0.08643
|3X^CV(16->15')>    0.06388
|3X^CV(16->23')>    0.06273
|3X^CV(10->3')>    0.11299
|3X^CV(10->8')>    0.05034
|3X^CV(10->15')>   -0.11612
|3X^CV(9->2')>   -0.09307
|3X^CV(9->3')>   -0.05618
|3X^CV(9->4')>   -0.07714
|3X^CV(9->8')>   -0.05769
|3X^CV(9->15')>    0.07989
|3X^CV(9->16')>    0.08210
|3X^CV(8->10')>    0.23140
|3X^CV(7->11')>    0.13646
|3X^CV(6->12')>    0.23111
|3X^CV(5->13')>   -0.13711
|3X^CV(4->8')>   -0.32736
|3X^CV(4->10')>   -0.05771
|3X^CV(4->15')>   -0.06725
|3X^CV(3->9')>   -0.18725
|3X^CV(2->2')>    0.05150
|3X^CV(1->3')>    0.07660
TDMs with Triplet 'Ground' state
TDMX:0.351   TDMY:-4.553   TDMZ:-0.706   Oscillator Strength:1.44960   <S**2>: 2.000
--------------------------------------------------------------------
TDMs with Singlet 'Ground' state
TDMX:-0.000   TDMY:0.000   TDMZ:0.000   Oscillator Strength:0.00000   <S**2>: 2.000
--------------------------------------------------------------------


State 16 2.816 eV 
Excitation    CI Coef
|3^CS(22->0)>   -0.08660
|3^CS(16->0)>   -0.07594
|3^CS(13->0)>    0.05131
|3^CS(10->0)>    0.13902
|3^CS(9->0)>   -0.06575
|3^CS(4->0)>    0.08017
|3^CS(21->0')>   -0.05717
|3^CS(15->0')>    0.11488
|3^CS(9->0')>   -0.13505
|3^CS(3->0')>    0.08201
|3^SV(0->8')>    0.05066
|3^SV(0->15')>   -0.22453
|3^SV(0->17')>    0.06373
|3^SV(0'->3')>    0.09400
|3^SV(0'->4')>   -0.05566
|3^SV(0'->9')>   -0.09138
|3^SV(0'->14')>    0.12990
|3^SV(0'->15')>   -0.15062
|3^SV(0'->16')>    0.46327
|3^SV(0'->17')>    0.09014
|3^SV(0'->18')>    0.07583
|3^SV(0'->22')>    0.05491
|3^SV(0'->24')>    0.09858
|3S^CV(7->11')>   -0.09178
|3S^CV(5->13')>    0.08146
|3S^CV(3->9')>    0.13021
|3X^CV(18->22')>   -0.09523
|3X^CV(15->16')>    0.06615
|3X^CV(15->24')>   -0.05952
|3X^CV(10->2')>    0.07139
|3X^CV(10->4')>    0.05906
|3X^CV(10->16')>   -0.13121
|3X^CV(9->3')>   -0.08745
|3X^CV(9->15')>    0.08414
|3X^CV(9->16')>   -0.09415
|3X^CV(8->10')>    0.10350
|3X^CV(7->11')>   -0.26544
|3X^CV(6->12')>    0.10812
|3X^CV(5->13')>    0.26114
|3X^CV(4->8')>   -0.15259
|3X^CV(3->9')>    0.37522
|3X^CV(3->16')>    0.06828
|3X^CV(1->16')>   -0.05448
TDMs with Triplet 'Ground' state
TDMX:0.249   TDMY:0.359   TDMZ:-0.017   Oscillator Strength:0.01307   <S**2>: 2.000
--------------------------------------------------------------------
TDMs with Singlet 'Ground' state
TDMX:-0.000   TDMY:-0.000   TDMZ:-0.000   Oscillator Strength:0.00000   <S**2>: 2.000
--------------------------------------------------------------------


State 17 2.842 eV 
Excitation    CI Coef
|1^OS>    0.15231
|1^ZW->    0.12995
|1^CS(16->0)>    0.08275
|1^CS(1->0)>    0.07991
|1^CS(21->0')>    0.18531
|1^CS(18->0')>   -0.06944
|1^CS(15->0')>   -0.21783
|1^CS(14->0')>    0.12040
|1^CS(13->0')>    0.10726
|1^CS(10->0')>    0.18940
|1^CS(9->0')>    0.14398
|1^CS(3->0')>   -0.05730
|1^CS(1->0')>   -0.13667
|1^SV(0->2')>   -0.07046
|1^SV(0->15')>   -0.17741
|1^SV(0->16')>    0.10576
|1^SV(0->17')>    0.05171
|1^SV(0'->2')>   -0.05148
|1^SV(0'->4')>   -0.05010
|1^SV(0'->9')>    0.07184
|1^SV(0'->14')>   -0.07807
|1^SV(0'->15')>    0.10172
|1^SV(0'->16')>   -0.39991
|1^SV(0'->17')>   -0.07202
|1^SV(0'->18')>   -0.06012
|1^SV(0'->24')>   -0.06481
|1T^CV(20->5')>   -0.05208
|1T^CV(18->22')>    0.08204
|1T^CV(15->16')>   -0.05281
|1T^CV(15->24')>    0.05437
|1T^CV(14->1')>    0.05977
|1T^CV(13->2')>   -0.06907
|1T^CV(13->4')>    0.08552
|1T^CV(13->5')>    0.06322
|1T^CV(13->16')>    0.05219
|1T^CV(12->6')>    0.06613
|1T^CV(11->7')>    0.10146
|1T^CV(10->2')>   -0.07682
|1T^CV(10->4')>   -0.08323
|1T^CV(10->14')>    0.05714
|1T^CV(10->16')>    0.09633
|1T^CV(9->3')>    0.11185
|1T^CV(9->15')>   -0.05167
|1T^CV(9->16')>    0.08146
|1T^CV(7->11')>    0.21033
|1T^CV(6->12')>   -0.06416
|1T^CV(5->13')>   -0.21114
|1T^CV(4->8')>    0.08178
|1T^CV(3->9')>   -0.31894
|1T^CV(3->16')>   -0.05453
|1T^CV(2->3')>   -0.13174
|1T^CV(2->4')>    0.08291
|1T^CV(2->5')>    0.08686
|1T^CV(1->2')>   -0.14378
|1T^CV(1->3')>    0.10096
|1T^CV(1->4')>   -0.13835
TDMs with Triplet 'Ground' state
TDMX:-0.000   TDMY:-0.000   TDMZ:-0.000   Oscillator Strength:0.00000   <S**2>: 0.000
--------------------------------------------------------------------
TDMs with Singlet 'Ground' state
TDMX:0.083   TDMY:-3.710   TDMZ:-0.621   Oscillator Strength:0.98572   <S**2>: 0.000
--------------------------------------------------------------------


State 18 2.887 eV 
Excitation    CI Coef
|5^CV(36->7')>   -0.05898
|5^CV(23->2')>    0.08274
|5^CV(23->3')>   -0.05869
|5^CV(23->19')>    0.07413
|5^CV(23->20')>    0.08363
|5^CV(21->2')>   -0.06707
|5^CV(21->3')>    0.06755
|5^CV(20->5')>    0.07776
|5^CV(17->14')>   -0.05638
|5^CV(15->2')>    0.20751
|5^CV(15->3')>   -0.17874
|5^CV(15->4')>    0.08489
|5^CV(15->5')>   -0.06991
|5^CV(15->16')>    0.06805
|5^CV(15->17')>    0.08398
|5^CV(15->18')>    0.10219
|5^CV(15->19')>   -0.05563
|5^CV(14->1')>   -0.10297
|5^CV(14->3')>    0.05558
|5^CV(14->17')>    0.05291
|5^CV(13->2')>    0.07080
|5^CV(13->4')>   -0.14777
|5^CV(13->5')>   -0.05843
|5^CV(13->16')>   -0.05315
|5^CV(12->6')>   -0.06363
|5^CV(11->7')>   -0.47759
|5^CV(10->2')>    0.11110
|5^CV(10->3')>   -0.11347
|5^CV(10->4')>    0.11260
|5^CV(10->14')>   -0.06178
|5^CV(10->18')>    0.05422
|5^CV(9->1')>    0.07603
|5^CV(9->2')>    0.11203
|5^CV(9->3')>   -0.14313
|5^CV(9->4')>    0.06212
|5^CV(9->5')>   -0.06136
|5^CV(7->11')>   -0.11401
|5^CV(5->13')>    0.10647
|5^CV(3->9')>    0.12652
|5^CV(2->2')>   -0.12301
|5^CV(2->3')>    0.23291
|5^CV(2->4')>   -0.14560
|5^CV(2->5')>   -0.12694
|5^CV(1->1')>    0.07980
|5^CV(1->2')>    0.29260
|5^CV(1->3')>   -0.24702
|5^CV(1->4')>    0.25133
|5^CV(1->16')>    0.05889
TDMs with Triplet 'Ground' state
TDMX:0.000   TDMY:-0.000   TDMZ:0.000   Oscillator Strength:0.00000   <S**2>: 6.000
--------------------------------------------------------------------
TDMs with Singlet 'Ground' state
TDMX:0.000   TDMY:-0.000   TDMZ:-0.000   Oscillator Strength:0.00000   <S**2>: 6.000
--------------------------------------------------------------------


State 19 2.906 eV 
Excitation    CI Coef
|3^CS(2->0)>   -0.05719
|3^CS(1->0)>   -0.13161
|3^CS(2->0')>   -0.07921
|3^SV(0->2')>    0.11076
|3^SV(0->5')>    0.08710
|3^SV(0'->2')>   -0.10040
|3^SV(0'->4')>    0.08811
|3S^CV(1->1')>    0.06481
|3X^CV(26->17')>    0.07120
|3X^CV(26->25')>    0.08050
|3X^CV(25->14')>   -0.05611
|3X^CV(25->20')>    0.05377
|3X^CV(25->26')>    0.07694
|3X^CV(24->17')>   -0.05709
|3X^CV(20->5')>    0.20770
|3X^CV(17->14')>   -0.13364
|3X^CV(16->5')>    0.06831
|3X^CV(15->4')>   -0.06127
|3X^CV(15->5')>   -0.07389
|3X^CV(14->1')>   -0.18673
|3X^CV(14->3')>    0.07216
|3X^CV(14->5')>   -0.12642
|3X^CV(14->15')>    0.05130
|3X^CV(14->17')>    0.13727
|3X^CV(13->2')>    0.28064
|3X^CV(13->4')>   -0.35280
|3X^CV(13->14')>    0.11126
|3X^CV(13->16')>   -0.06599
|3X^CV(13->18')>    0.08804
|3X^CV(10->14')>   -0.07392
|3X^CV(9->1')>    0.09356
|3X^CV(9->5')>   -0.10325
|3X^CV(2->1')>    0.12876
|3X^CV(2->2')>   -0.06420
|3X^CV(2->3')>    0.16567
|3X^CV(2->5')>   -0.45211
|3X^CV(1->2')>   -0.10031
|3X^CV(1->4')>    0.33139
|3X^CV(1->14')>    0.12909
TDMs with Triplet 'Ground' state
TDMX:-0.252   TDMY:0.063   TDMZ:-0.029   Oscillator Strength:0.00481   <S**2>: 2.000
--------------------------------------------------------------------
TDMs with Singlet 'Ground' state
TDMX:-0.000   TDMY:-0.000   TDMZ:-0.000   Oscillator Strength:0.00000   <S**2>: 2.000
--------------------------------------------------------------------


State 20 2.912 eV 
Excitation    CI Coef
|1^CS(12->0)>   -0.06453
|1^CS(10->0)>   -0.05910
|1^CS(9->0)>    0.06421
|1^CS(1->0)>    0.05571
|1^CS(21->0')>   -0.06113
|1^CS(15->0')>    0.07569
|1^CS(10->0')>   -0.07703
|1^CS(2->0')>    0.05788
|1^SV(0->4')>   -0.05956
|1^SV(0->5')>    0.08745
|1^SV(0->6')>   -0.12211
|1^SV(0'->2')>    0.13929
|1^SV(0'->4')>   -0.09314
|1^SV(0'->5')>   -0.05032
|1^SV(0'->16')>    0.09016
|1T^CV(26->17')>   -0.07030
|1T^CV(26->25')>   -0.07695
|1T^CV(25->14')>    0.05451
|1T^CV(25->20')>   -0.05069
|1T^CV(25->26')>   -0.07468
|1T^CV(24->17')>    0.05395
|1T^CV(20->5')>   -0.19912
|1T^CV(17->14')>    0.12600
|1T^CV(16->4')>    0.05749
|1T^CV(16->5')>   -0.06556
|1T^CV(15->4')>    0.06821
|1T^CV(15->5')>    0.06879
|1T^CV(14->1')>    0.17054
|1T^CV(14->3')>   -0.06531
|1T^CV(14->5')>    0.12607
|1T^CV(14->17')>   -0.13188
|1T^CV(13->2')>   -0.27198
|1T^CV(13->4')>    0.33940
|1T^CV(13->14')>   -0.11207
|1T^CV(13->16')>    0.05437
|1T^CV(13->18')>   -0.08427
|1T^CV(10->2')>    0.07229
|1T^CV(10->14')>    0.05995
|1T^CV(9->1')>   -0.08243
|1T^CV(9->5')>    0.09426
|1T^CV(7->11')>   -0.05690
|1T^CV(5->13')>    0.05361
|1T^CV(3->9')>    0.08225
|1T^CV(2->1')>   -0.14427
|1T^CV(2->3')>   -0.12643
|1T^CV(2->5')>    0.44319
|1T^CV(1->2')>    0.16165
|1T^CV(1->4')>   -0.29839
|1T^CV(1->14')>   -0.12399
TDMs with Triplet 'Ground' state
TDMX:-0.000   TDMY:0.000   TDMZ:-0.000   Oscillator Strength:0.00000   <S**2>: 0.000
--------------------------------------------------------------------
TDMs with Singlet 'Ground' state
TDMX:0.157   TDMY:0.615   TDMZ:0.059   Oscillator Strength:0.02901   <S**2>: 0.000
--------------------------------------------------------------------


State 21 2.939 eV 
Excitation    CI Coef
|5^CV(26->17')>    0.05567
|5^CV(26->25')>    0.06560
|5^CV(25->26')>    0.06356
|5^CV(24->2')>    0.05102
|5^CV(24->19')>   -0.05078
|5^CV(24->20')>    0.05723
|5^CV(20->5')>    0.16956
|5^CV(17->14')>   -0.10641
|5^CV(16->2')>    0.11289
|5^CV(16->3')>    0.10100
|5^CV(16->5')>    0.07792
|5^CV(16->17')>   -0.05607
|5^CV(16->18')>    0.06328
|5^CV(15->3')>    0.08700
|5^CV(15->4')>   -0.08450
|5^CV(14->1')>   -0.14800
|5^CV(14->3')>    0.05265
|5^CV(14->4')>    0.06648
|5^CV(14->5')>   -0.10832
|5^CV(14->15')>    0.05042
|5^CV(14->17')>    0.11138
|5^CV(13->2')>    0.23601
|5^CV(13->4')>   -0.27876
|5^CV(13->5')>    0.08843
|5^CV(13->14')>    0.09419
|5^CV(13->18')>    0.07282
|5^CV(12->6')>   -0.28329
|5^CV(11->7')>    0.16680
|5^CV(10->3')>    0.13286
|5^CV(10->14')>   -0.06378
|5^CV(9->1')>    0.07067
|5^CV(9->2')>   -0.14094
|5^CV(9->4')>   -0.07788
|5^CV(9->5')>   -0.08978
|5^CV(8->10')>    0.10261
|5^CV(7->11')>    0.05931
|5^CV(6->12')>    0.09871
|5^CV(5->13')>   -0.05547
|5^CV(4->8')>   -0.10870
|5^CV(3->9')>   -0.06243
|5^CV(2->1')>    0.11976
|5^CV(2->3')>    0.14996
|5^CV(2->4')>    0.17068
|5^CV(2->5')>   -0.37226
|5^CV(1->2')>   -0.10868
|5^CV(1->3')>    0.21934
|5^CV(1->4')>    0.26473
|5^CV(1->14')>    0.10793
TDMs with Triplet 'Ground' state
TDMX:0.000   TDMY:-0.000   TDMZ:-0.000   Oscillator Strength:0.00000   <S**2>: 6.000
--------------------------------------------------------------------
TDMs with Singlet 'Ground' state
TDMX:-0.000   TDMY:0.000   TDMZ:0.000   Oscillator Strength:0.00000   <S**2>: 6.000
--------------------------------------------------------------------


State 22 2.942 eV 
Excitation    CI Coef
|1^CS(12->0)>    0.43797
|1^CS(12->0')>    0.12793
|1^SV(0->6')>    0.72500
|1^SV(0'->6')>    0.20680
|1T^CV(43->6')>    0.06053
|1T^CV(41->6')>    0.05663
|1T^CV(24->6')>   -0.06807
|1T^CV(22->6')>    0.08783
|1T^CV(16->6')>    0.18206
|1T^CV(12->2')>   -0.08017
|1T^CV(12->3')>   -0.13155
|1T^CV(12->4')>   -0.08302
|1T^CV(12->18')>   -0.07443
|1T^CV(12->19')>   -0.10280
|1T^CV(12->20')>    0.06991
|1T^CV(10->6')>    0.12859
|1T^CV(9->6')>   -0.14244
|1T^CV(2->5')>    0.06083
|1T^CV(2->6')>    0.05476
|1T^CV(1->6')>    0.05001
|1^SVD_(6',16')>   -0.06660
TDMs with Triplet 'Ground' state
TDMX:-0.000   TDMY:0.000   TDMZ:0.000   Oscillator Strength:0.00000   <S**2>: 0.000
--------------------------------------------------------------------
TDMs with Singlet 'Ground' state
TDMX:-0.012   TDMY:0.859   TDMZ:0.299   Oscillator Strength:0.05964   <S**2>: 0.000
--------------------------------------------------------------------


State 23 2.961 eV 
Excitation    CI Coef
|5^CV(37->6')>    0.05197
|5^CV(24->3')>   -0.06921
|5^CV(24->19')>    0.06168
|5^CV(24->20')>   -0.05626
|5^CV(22->3')>   -0.06473
|5^CV(20->5')>    0.11757
|5^CV(19->21')>   -0.05325
|5^CV(17->14')>   -0.06927
|5^CV(16->2')>   -0.11905
|5^CV(16->3')>   -0.18101
|5^CV(16->4')>   -0.12856
|5^CV(16->15')>   -0.09138
|5^CV(16->17')>    0.05096
|5^CV(16->18')>   -0.05307
|5^CV(16->19')>   -0.05444
|5^CV(15->4')>   -0.06344
|5^CV(14->1')>   -0.08392
|5^CV(14->5')>   -0.07384
|5^CV(14->17')>    0.07588
|5^CV(13->2')>    0.17452
|5^CV(13->4')>   -0.19878
|5^CV(13->14')>    0.07763
|5^CV(12->6')>    0.43163
|5^CV(11->7')>    0.05104
|5^CV(10->2')>   -0.13831
|5^CV(10->3')>   -0.12269
|5^CV(10->4')>   -0.08712
|5^CV(10->15')>    0.05723
|5^CV(9->2')>    0.09496
|5^CV(9->3')>    0.18402
|5^CV(9->4')>    0.08276
|5^CV(9->15')>   -0.06189
|5^CV(8->10')>   -0.19265
|5^CV(6->12')>   -0.18827
|5^CV(4->8')>    0.20118
|5^CV(2->1')>    0.13144
|5^CV(2->2')>   -0.09932
|5^CV(2->3')>   -0.07381
|5^CV(2->4')>   -0.11361
|5^CV(2->5')>   -0.28433
|5^CV(1->2')>   -0.29484
|5^CV(1->3')>   -0.19165
|5^CV(1->4')>    0.07472
|5^CV(1->14')>    0.07032
TDMs with Triplet 'Ground' state
TDMX:0.000   TDMY:-0.000   TDMZ:-0.000   Oscillator Strength:0.00000   <S**2>: 6.000
--------------------------------------------------------------------
TDMs with Singlet 'Ground' state
TDMX:-0.000   TDMY:0.000   TDMZ:0.000   Oscillator Strength:0.00000   <S**2>: 6.000
--------------------------------------------------------------------


State 24 2.970 eV 
Excitation    CI Coef
|3^CS(9->0)>   -0.05452
|3^CS(1->0)>    0.12128
|3^CS(2->0')>    0.05595
|3^CS(1->0')>    0.22760
|3^SV(0->1')>    0.06323
|3^SV(0->2')>   -0.17490
|3^SV(0->6')>    0.05438
|3^SV(0'->1')>   -0.14176
|3^SV(0'->2')>   -0.05388
|3^SV(0'->5')>    0.05865
|3X^CV(26->20')>    0.05599
|3X^CV(26->26')>    0.06204
|3X^CV(25->5')>    0.05119
|3X^CV(25->17')>    0.06186
|3X^CV(25->25')>    0.06025
|3X^CV(20->2')>   -0.09929
|3X^CV(20->4')>    0.13424
|3X^CV(20->14')>   -0.08104
|3X^CV(17->1')>   -0.17835
|3X^CV(17->17')>    0.06413
|3X^CV(15->4')>   -0.07583
|3X^CV(15->5')>   -0.06862
|3X^CV(14->4')>   -0.14525
|3X^CV(14->14')>   -0.10321
|3X^CV(14->18')>    0.05298
|3X^CV(13->3')>    0.10178
|3X^CV(13->4')>   -0.06034
|3X^CV(13->5')>   -0.37811
|3X^CV(10->5')>    0.06797
|3X^CV(9->2')>    0.08333
|3X^CV(9->4')>   -0.06727
|3X^CV(2->2')>    0.32414
|3X^CV(2->4')>   -0.39704
|3X^CV(2->14')>    0.07080
|3X^CV(2->18')>    0.05373
|3X^CV(1->1')>   -0.22865
|3X^CV(1->2')>    0.06484
|3X^CV(1->3')>   -0.26975
|3X^CV(1->4')>    0.05201
|3X^CV(1->5')>    0.11806
|3X^CV(1->15')>   -0.07551
|3X^CV(1->17')>   -0.12587
|3X^CV(1->27')>    0.05277
TDMs with Triplet 'Ground' state
TDMX:0.136   TDMY:-0.584   TDMZ:-0.088   Oscillator Strength:0.02652   <S**2>: 2.000
--------------------------------------------------------------------
TDMs with Singlet 'Ground' state
TDMX:-0.000   TDMY:0.000   TDMZ:0.000   Oscillator Strength:0.00000   <S**2>: 2.000
--------------------------------------------------------------------


State 25 2.977 eV 
Excitation    CI Coef
|1^OS>    0.14253
|1^ZW->    0.18688
|1^ZW+>    0.12124
|1^CS(22->0)>    0.19354
|1^CS(19->0)>    0.10465
|1^CS(16->0)>    0.23161
|1^CS(14->0)>    0.11897
|1^CS(13->0)>   -0.05506
|1^CS(10->0)>   -0.08214
|1^CS(9->0)>    0.16674
|1^CS(4->0)>   -0.17990
|1^CS(1->0)>    0.15509
|1^CS(21->0')>   -0.05149
|1^CS(16->0')>    0.05502
|1^CS(13->0')>   -0.06137
|1^CS(10->0')>   -0.12130
|1^CS(4->0')>   -0.06243
|1^CS(3->0')>    0.05493
|1^SV(0->2')>   -0.09472
|1^SV(0->4')>   -0.08892
|1^SV(0->6')>   -0.06379
|1^SV(0->8')>    0.10414
|1^SV(0->15')>   -0.29283
|1^SV(0->16')>   -0.06723
|1^SV(0'->1')>   -0.06869
|1^SV(0'->2')>   -0.08147
|1^SV(0'->3')>   -0.06232
|1^SV(0'->15')>   -0.07828
|1^SV(0'->16')>    0.05871
|1T^CV(20->2')>   -0.05945
|1T^CV(20->4')>    0.07322
|1T^CV(19->21')>   -0.06408
|1T^CV(17->1')>   -0.09399
|1T^CV(16->23')>   -0.05117
|1T^CV(15->4')>   -0.05612
|1T^CV(14->4')>   -0.06741
|1T^CV(14->14')>   -0.07050
|1T^CV(13->4')>   -0.06917
|1T^CV(13->5')>   -0.19998
|1T^CV(12->6')>    0.10781
|1T^CV(10->2')>   -0.05065
|1T^CV(10->3')>   -0.08381
|1T^CV(10->15')>    0.07769
|1T^CV(9->2')>    0.10894
|1T^CV(9->3')>    0.09683
|1T^CV(9->15')>   -0.07061
|1T^CV(8->10')>   -0.14590
|1T^CV(6->12')>   -0.18701
|1T^CV(4->8')>    0.24523
|1T^CV(4->15')>    0.06250
|1T^CV(3->9')>    0.06671
|1T^CV(2->1')>    0.06164
|1T^CV(2->2')>    0.09332
|1T^CV(2->4')>   -0.24145
|1T^CV(2->5')>   -0.08255
|1T^CV(1->1')>   -0.09611
|1T^CV(1->2')>   -0.12102
|1T^CV(1->3')>   -0.19245
|1T^CV(1->5')>    0.05959
|1T^CV(1->17')>   -0.07412
TDMs with Triplet 'Ground' state
TDMX:0.000   TDMY:-0.000   TDMZ:-0.000   Oscillator Strength:0.00000   <S**2>: 0.000
--------------------------------------------------------------------
TDMs with Singlet 'Ground' state
TDMX:0.442   TDMY:-1.271   TDMZ:-0.309   Oscillator Strength:0.13912   <S**2>: 0.000
--------------------------------------------------------------------


State 26 2.983 eV 
Excitation    CI Coef
|3^CS(12->0)>   -0.42810
|3^CS(12->0')>   -0.11038
|3^SV(0->6')>    0.74876
|3^SV(0'->6')>   -0.20659
|3T^CV(16->6')>    0.05084
|3T^CV(12->2')>    0.05807
|3T^CV(12->3')>    0.07737
|3S^CV(16->6')>   -0.06025
|3S^CV(12->3')>    0.05496
|3S^CV(9->6')>    0.05475
|3X^CV(43->6')>   -0.05342
|3X^CV(41->6')>   -0.05002
|3X^CV(24->6')>    0.06072
|3X^CV(22->6')>   -0.07796
|3X^CV(16->6')>   -0.16307
|3X^CV(12->2')>    0.06719
|3X^CV(12->3')>    0.11016
|3X^CV(12->4')>    0.07089
|3X^CV(12->18')>    0.06567
|3X^CV(12->19')>    0.09244
|3X^CV(12->20')>   -0.06382
|3X^CV(10->6')>   -0.11847
|3X^CV(9->6')>    0.12842
|3X^CV(2->6')>   -0.05400
|3^SVD(3,6)>    0.06752
|3^SVD(6,16)>   -0.05521
TDMs with Triplet 'Ground' state
TDMX:-0.085   TDMY:0.150   TDMZ:0.087   Oscillator Strength:0.00269   <S**2>: 2.000
--------------------------------------------------------------------
TDMs with Singlet 'Ground' state
TDMX:0.000   TDMY:-0.000   TDMZ:-0.000   Oscillator Strength:0.00000   <S**2>: 2.000
--------------------------------------------------------------------


State 27 3.014 eV 
Excitation    CI Coef
|1^OS>    0.10095
|1^ZW->    0.16769
|1^ZW+>   -0.11387
|1^CS(22->0)>   -0.11402
|1^CS(19->0)>   -0.06184
|1^CS(16->0)>   -0.16166
|1^CS(9->0)>   -0.05629
|1^CS(4->0)>    0.09321
|1^CS(2->0)>   -0.09025
|1^CS(21->0')>    0.07724
|1^CS(16->0')>   -0.07973
|1^CS(15->0')>   -0.08564
|1^CS(10->0')>    0.10289
|1^CS(1->0')>    0.05622
|1^SV(0->1')>   -0.06727
|1^SV(0->2')>    0.15524
|1^SV(0->8')>   -0.05210
|1^SV(0->15')>    0.15421
|1^SV(0'->1')>   -0.17433
|1^SV(0'->5')>    0.06233
|1^SV(0'->15')>    0.08313
|1^SV(0'->16')>   -0.06389
|1^SV(0'->17')>   -0.06657
|1T^CV(26->20')>    0.05152
|1T^CV(25->17')>    0.05165
|1T^CV(20->2')>   -0.07534
|1T^CV(20->4')>    0.11298
|1T^CV(20->14')>   -0.06876
|1T^CV(20->18')>   -0.05107
|1T^CV(17->1')>   -0.12784
|1T^CV(17->17')>    0.05122
|1T^CV(16->4')>    0.06664
|1T^CV(15->4')>   -0.05825
|1T^CV(14->4')>   -0.11702
|1T^CV(14->14')>   -0.05852
|1T^CV(13->3')>    0.08056
|1T^CV(13->5')>   -0.32827
|1T^CV(12->6')>   -0.09809
|1T^CV(10->3')>    0.09185
|1T^CV(10->5')>    0.07047
|1T^CV(9->4')>   -0.11972
|1T^CV(9->14')>    0.05726
|1T^CV(8->10')>    0.07511
|1T^CV(7->11')>    0.05028
|1T^CV(6->12')>    0.09293
|1T^CV(5->13')>   -0.05435
|1T^CV(4->8')>   -0.12767
|1T^CV(3->9')>   -0.07705
|1T^CV(2->2')>    0.37714
|1T^CV(2->4')>   -0.30241
|1T^CV(2->5')>    0.05888
|1T^CV(2->14')>    0.05431
|1T^CV(1->1')>   -0.25051
|1T^CV(1->2')>    0.09175
|1T^CV(1->3')>   -0.08355
|1T^CV(1->5')>    0.13829
|1T^CV(1->17')>   -0.10260
TDMs with Triplet 'Ground' state
TDMX:0.000   TDMY:-0.000   TDMZ:-0.000   Oscillator Strength:0.00000   <S**2>: 0.000
--------------------------------------------------------------------
TDMs with Singlet 'Ground' state
TDMX:-0.270   TDMY:-0.301   TDMZ:0.004   Oscillator Strength:0.01208   <S**2>: 0.000
--------------------------------------------------------------------


State 28 3.034 eV 
Excitation    CI Coef
|5^CV(26->20')>   -0.05147
|5^CV(26->26')>   -0.05512
|5^CV(25->17')>   -0.05510
|5^CV(25->25')>   -0.05559
|5^CV(20->2')>    0.09628
|5^CV(20->4')>   -0.12742
|5^CV(20->14')>    0.07249
|5^CV(18->22')>   -0.06535
|5^CV(17->1')>    0.16404
|5^CV(17->17')>   -0.05188
|5^CV(16->4')>   -0.05100
|5^CV(15->4')>    0.07090
|5^CV(15->5')>    0.06155
|5^CV(15->16')>    0.06677
|5^CV(14->4')>    0.13124
|5^CV(14->14')>    0.07074
|5^CV(14->18')>   -0.05559
|5^CV(13->3')>   -0.09710
|5^CV(13->5')>    0.35860
|5^CV(10->3')>   -0.07258
|5^CV(10->5')>   -0.07520
|5^CV(10->16')>   -0.06403
|5^CV(10->17')>   -0.05846
|5^CV(9->4')>    0.10729
|5^CV(9->14')>   -0.07340
|5^CV(9->16')>   -0.07154
|5^CV(8->10')>   -0.09626
|5^CV(7->11')>   -0.24704
|5^CV(6->12')>   -0.10808
|5^CV(5->13')>    0.23052
|5^CV(4->8')>    0.09843
|5^CV(3->9')>    0.22860
|5^CV(2->2')>   -0.35589
|5^CV(2->4')>    0.34704
|5^CV(2->14')>   -0.05890
|5^CV(2->16')>    0.06725
|5^CV(2->18')>   -0.05580
|5^CV(1->1')>    0.28370
|5^CV(1->3')>    0.16898
|5^CV(1->5')>   -0.12926
|5^CV(1->15')>    0.07096
|5^CV(1->16')>   -0.05171
|5^CV(1->17')>    0.12227
TDMs with Triplet 'Ground' state
TDMX:-0.000   TDMY:0.000   TDMZ:0.000   Oscillator Strength:0.00000   <S**2>: 6.000
--------------------------------------------------------------------
TDMs with Singlet 'Ground' state
TDMX:-0.000   TDMY:0.000   TDMZ:0.000   Oscillator Strength:0.00000   <S**2>: 6.000
--------------------------------------------------------------------


State 29 3.037 eV 
Excitation    CI Coef
|3^CS(16->0)>   -0.05923
|3^CS(10->0)>   -0.07509
|3^CS(9->0)>    0.06236
|3^CS(2->0)>   -0.09236
|3^CS(1->0)>   -0.17054
|3^CS(10->0')>   -0.05234
|3^CS(1->0')>    0.08286
|3^SV(0->1')>   -0.14272
|3^SV(0->2')>    0.05270
|3^SV(0->3')>    0.06921
|3^SV(0->4')>    0.05524
|3^SV(0'->1')>   -0.09408
|3^SV(0'->7')>   -0.08962
|3T^CV(1->2')>    0.06240
|3S^CV(27->25')>    0.06112
|3S^CV(25->27')>    0.06715
|3S^CV(23->1')>   -0.05672
|3S^CV(20->14')>   -0.05772
|3S^CV(20->18')>   -0.05062
|3S^CV(17->1')>    0.15654
|3S^CV(17->3')>    0.09367
|3S^CV(17->5')>    0.07493
|3S^CV(17->17')>    0.11202
|3S^CV(14->14')>   -0.08035
|3S^CV(13->1')>    0.14114
|3S^CV(13->3')>    0.05678
|3S^CV(13->5')>   -0.13199
|3S^CV(10->1')>   -0.16160
|3S^CV(9->2')>    0.05186
|3S^CV(2->1')>    0.05000
|3S^CV(2->2')>    0.18117
|3S^CV(2->4')>   -0.15085
|3S^CV(1->1')>    0.64961
|3S^CV(1->2')>   -0.11777
|3S^CV(1->3')>    0.18337
|3S^CV(1->5')>    0.21218
|3S^CV(1->15')>    0.05554
|3S^CV(1->17')>    0.07986
|3S^CV(1->27')>   -0.05110
|3X^CV(13->4')>    0.05410
|3X^CV(12->6')>   -0.05373
|3X^CV(6->12')>    0.05326
|3X^CV(4->8')>   -0.05087
|3X^CV(2->2')>    0.05283
|3X^CV(2->5')>    0.09183
|3X^CV(1->2')>    0.12870
TDMs with Triplet 'Ground' state
TDMX:-0.228   TDMY:0.420   TDMZ:0.006   Oscillator Strength:0.01684   <S**2>: 2.000
--------------------------------------------------------------------
TDMs with Singlet 'Ground' state
TDMX:-0.000   TDMY:-0.000   TDMZ:-0.000   Oscillator Strength:0.00000   <S**2>: 2.000
--------------------------------------------------------------------

Wall clock time: 86.2587 seconds
