                    ---------------------------------
                    | Radical ExROPPP Calculation |
                    ---------------------------------

Molecule: ./5-8ICzTTM2.xyz radical

--------------------------------
Cartesian Coordinates / Angstrom
--------------------------------

N          0.25337        3.91378        0.51584
C         -0.57977        2.79739        0.61183
C         -0.23115        1.46432        0.36463
C         -1.20157        0.48491        0.50327
C         -2.49375        0.86577        0.88364
C         -2.89146        2.21561        1.06996
C         -1.89742        3.21824        0.93119
C         -1.84937        4.66259        1.02437
C         -2.77783        5.67131        1.32206
C         -2.37142        6.99940        1.36629
C         -1.03418        7.35020        1.13366
C         -0.08408        6.38032        0.83552
C         -0.50560        5.05134        0.76591
N         -3.59752        0.02837        1.05915
C         -4.30983        2.18364        1.35936
C         -5.28948        3.14807        1.63932
C         -6.59392        2.75478        1.91280
C         -6.94709        1.39808        1.93099
C         -6.00645        0.41274        1.65424
C         -4.70500        0.81717        1.35060
C         -0.78292       -8.25813        1.05767
C         -1.92890       -7.52942        1.35197
C         -2.36990       -6.43254        0.57295
C         -1.55171       -6.11653       -0.53807
C         -0.39758       -6.82174       -0.85687
C         -0.02439       -7.89485       -0.05220
C         -6.81491       -6.78561        2.58716
C         -7.21699       -7.82395        1.75204
C         -6.46800       -8.17560        0.63197
C         -5.30265       -7.47000        0.35886
C         -4.83187       -6.40874        1.16893
C         -5.64173       -6.10323        2.28924
C         -3.57675       -4.22772        0.90606
C         -2.59888       -3.48612        1.61144
C         -2.59839       -2.10099        1.67545
C         -3.58329       -1.37368        0.99876
C         -4.55863       -2.05908        0.26751
C         -4.55057       -3.44559        0.24046
C         -3.59103       -5.68853        0.88101
Cl        -5.74075       -4.21519       -0.76928
Cl        -1.40169       -4.31370        2.56473
Cl        -4.46103       -7.89095       -1.10360
Cl        -5.12952       -4.90108        3.43758
Cl        -8.67006       -8.69554        2.11421
Cl         1.40359       -8.79573       -0.44077
Cl        -2.78109       -7.96942        2.80259
Cl        -2.03021       -4.86381       -1.64602
C          8.40247        0.93821       -0.19682
C          7.74943        2.14747        0.00743
C          6.55577        2.50521       -0.66346
C          6.05939        1.53410       -1.56596
C          6.68767        0.31544       -1.79259
C          7.86145        0.02856       -1.10162
C          7.31566        7.18674        0.51583
C          8.21216        7.40320       -0.52685
C          8.35581        6.47550       -1.55502
C          7.58650        5.31841       -1.52329
C          6.66684        5.02864       -0.48722
C          6.56730        6.01584        0.52225
C          4.45108        3.83089       -0.19408
C          3.82116        2.98921        0.75426
C          2.45704        3.01340        1.00027
C          1.63658        3.88649        0.27898
C          2.20881        4.73615       -0.67295
C          3.57944        4.70655       -0.88482
C          5.88850        3.79010       -0.44885
Cl         4.19704        5.71910       -2.15827
Cl         4.77972        1.95068        1.76870
Cl         7.72678        4.24876       -2.88730
Cl         5.55514        5.74577        1.91076
Cl         9.16468        8.85022       -0.54442
Cl         8.66109       -1.48537       -1.36810
Cl         8.41948        3.19918        1.21899
Cl         4.65620        1.87931       -2.53404
H          0.77920        1.19524        0.05416
H         -0.96052       -0.55932        0.30046
H         -3.81834        5.43177        1.52923
H         -3.10344        7.77734        1.59061
H         -0.72969        8.39734        1.18845
H          0.96006        6.65171        0.67213
H         -5.04513        4.20782        1.64739
H         -7.35098        3.51358        2.11897
H         -7.97287        1.10780        2.16732
H         -6.27917       -0.64338        1.68337
H         -0.47960       -9.08672        1.69540
H          0.18591       -6.55165       -1.73544
H         -7.39147       -6.52478        3.47302
H         -6.79460       -8.97550       -0.03031
H         -1.85588       -1.58915        2.28653
H         -5.30331       -1.51295       -0.31016
H          9.30714        0.70094        0.36026
H          6.27691       -0.38886       -2.51406
H          7.21536        7.90676        1.32617
H          9.04235        6.65733       -2.38015
H          2.03734        2.37923        1.78039
H          1.58167        5.38826       -1.28012

There are 74 heavy atoms.
There are 92 electrons in 74 orbitals.


Carbon 1e params: A = -22.717075 b = 1.705616

Nitrogen 1e params: alphan2 = -17.681338 Acn2 = -24.737202 bcn2 = 1.433639

Chlorine 1e params: alphacl = -10.335674 Accl = -26.021937 bccl=1.451861
C-N2 bond
C-N2 bond
C-N2 bond
C-N2 bond
C-N2 bond
C-N2 bond
C-Cl bond
C-Cl bond
C-Cl bond
C-Cl bond
C-Cl bond
C-Cl bond
C-Cl bond
C-Cl bond
C-Cl bond
C-Cl bond
C-Cl bond
C-Cl bond
C-Cl bond
C-Cl bond
C-Cl bond
C-Cl bond
N2 atom 57
N2 atom 58
Cl atom 59
Cl atom 60
Cl atom 61
Cl atom 62
Cl atom 63
Cl atom 64
Cl atom 65
Cl atom 66
Cl atom 67
Cl atom 68
Cl atom 69
Cl atom 70
Cl atom 71
Cl atom 72
Cl atom 73
Cl atom 74

Carbon 2e params: U = 8.420838 r0 = 1.173157

Nitrogen 2e params: Un2n2 = 17.979843 r0n2n2 = 1.111791

Chlorine 2e params: Uclcl= 9.642991 r0clcl = 2.253316

Mixed 2e params: Ucn2 = 13.200341 Uccl = 9.031915 Un2cl = 13.811417 r0cn2 =1.142474 r0ccl = 1.713237 r0n2cl = 1.682554
[8.42083845 3.83938873 2.76703475 2.52918579 2.74373386 3.81019417
 2.84954774 2.0325671  1.70236832 1.70968137 2.05935182 2.877158
 1.9653468  1.64474423 1.34837744 1.2625603  1.37367516 1.7008351
 0.8071361  0.85060915 0.93416683 0.96726095 0.90587238 0.83013839
 0.77327833 0.71849375 0.72499803 0.79174032 0.8719977  0.85539548
 1.12050921 1.25872758 1.50207429 1.56124059 1.32410574 1.15122566
 0.97028189 0.95160555 1.03449981 1.17220877 1.19402624 1.07143288
 0.9665723  0.96784546 0.88492978 0.8919171  0.98964116 1.11819623
 1.09620431 1.55039229 1.77024384 2.32867046 2.69551001 2.05625035
 1.64976034 1.26611783 5.94027901 2.86577222 1.46962282 1.69422319
 1.1710934  1.39510693 0.97637586 1.14436015 1.19775449 1.57400493
 1.94383405 2.13103927 1.42710263 1.790393   1.16848034 1.27999477
 1.44051063 1.96114503]

-------------------------------------
Restricted Open-shell PPP Calculation
-------------------------------------

Starting SCF cycle...

Iter   Energy        Dens Change      Energy Change
-----------------------------------------------------
0 -324.1482444573909 0.3397076065665441 -324.1482444573909
1 -368.01493950736574 0.07088876465168492 -43.86669504997485
2 -378.40905659172086 0.019995390079029063 -10.394117084355116
3 -381.7250311400213 0.00799772230668283 -3.31597454830046
4 -382.64907050243147 0.004094845465147656 -0.9240393624101557
5 -382.97275453039936 0.002163317322967706 -0.32368402796788587
6 -383.0836331639957 0.001192257877376146 -0.1108786335963714
7 -383.1280492824619 0.0006499325556952318 -0.04441611846618798
8 -383.14620906389945 0.0003515407747498589 -0.018159781437532274
9 -383.1544598243562 0.00018939234907927593 -0.008250760456746775
10 -383.15831735772844 0.0001017598247888829 -0.0038575333722405958
11 -383.16022902391995 5.4605730236023664e-05 -0.0019116661915177247
12 -383.161194504442 2.927987115558528e-05 -0.000965480522040707
13 -383.1616951649858 1.569620996499932e-05 -0.0005006605438211409
14 -383.1619572482617 8.413889040548295e-06 -0.0002620832758566394
15 -383.1620959332956 4.510767517729164e-06 -0.0001386850339031298
16 -383.1621696317601 2.4186855757668546e-06 -7.369846451865669e-05
17 -383.1622089646438 1.2971877024758882e-06 -3.933288371626986e-05
18 -383.1622299958169 6.958597937312128e-07 -2.103117310525704e-05
19 -383.16224126073206 3.7336658753606145e-07 -1.1264915144693077e-05
20 -383.16224729965086 2.0037218434465487e-07 -6.038918797912629e-06
21 -383.1622505394082 1.0755261808936822e-07 -3.2397573477283004e-06
22 -383.1622522781787 5.774016204052046e-08 -1.7387704929205938e-06
23 -383.16225321168776 3.10027999383955e-08 -9.335090567219595e-07
24 -383.16225371297907 1.6648770528870926e-08 -5.012913106838823e-07
25 -383.1622539822156 8.941597628986386e-09 -2.6923652285404387e-07
26 -383.16225412683707 4.802785891211414e-09 -1.4462148101301864e-07
27 -383.1622542045308 2.579949809344839e-09 -7.769375542920898e-08
28 -383.1622542462685 1.3860024794531967e-09 -4.173767820248031e-08
29 -383.1622542686959 7.446411265377151e-10 -2.242740038127522e-08
30 -383.16225428074574 4.0008946156078196e-10 -1.2049838460370665e-08
31 -383.16225428721987 2.1497587043839417e-10 -6.474124347732868e-09
32 -383.1622542906971 1.1551576362123228e-10 -3.477225618553348e-09
33 -383.1622542925677 6.207545588665653e-11 -1.87060322787147e-09
34 -383.1622542935719 3.335759446443376e-11 -1.0041958375950344e-09
35 -383.16225429411276 1.792621606711009e-11 -5.408651304605883e-10
36 -383.1622542944016 9.633460695823715e-12 -2.888214112317655e-10
37 -383.1622542945597 5.176969963827105e-12 -1.581383912707679e-10
38 -383.16225429464185 2.7834956561889612e-12 -8.213874025386758e-11
39 -383.1622542946874 1.4956924587750109e-12 -4.553157850750722e-11
40 -383.16225429471115 8.03079824862607e-13 -2.376054908381775e-11
41 -383.1622542947249 4.3298697960381105e-13 -1.375610736431554e-11
42 -383.162254294733 2.307598556683388e-13 -8.071765478234738e-12
43 -383.16225429473513 1.2495560142156137e-13 -2.1600499167107046e-12
44 -383.16225429473775 6.711298183859071e-14 -2.6147972675971687e-12
45 -383.16225429473815 3.630429290524262e-14 -3.979039320256561e-13
46 -383.1622542947399 1.992850329202156e-14 -1.7621459846850485e-12
47 -383.1622542947412 1.0436096431476471e-14 -1.3073986337985843e-12
48 -383.16225429474116 5.662137425588298e-15 5.684341886080802e-14
49 -383.16225429474264 6.661338147750939e-15 -1.4779288903810084e-12
50 -383.16225429473917 7.327471962526033e-15 3.467448550509289e-12
51 -383.1622542947413 4.6629367034256575e-15 -2.1032064978498966e-12
52 -383.16225429473894 2.6645352591003757e-15 2.3305801732931286e-12
53 -383.16225429473826 2.886579864025407e-15 6.821210263296962e-13
54 -383.1622542947404 2.886579864025407e-15 -2.1600499167107046e-12
55 -383.162254294742 5.329070518200751e-15 -1.5916157281026244e-12
56 -383.1622542947408 3.1086244689504383e-15 1.1937117960769683e-12
57 -383.1622542947405 2.4424906541753444e-15 3.410605131648481e-13
ENERGY0: -383.1622542947405

--------------------------
Converged ROPPP Orbitals
--------------------------

orbital number 1 energy -11.99264223067767
[ 0.26  0.08  0.09  0.31  0.1   0.09  0.07  0.02  0.01  0.01  0.06  0.25
  0.09  0.02  0.01  0.02  0.07  0.3   0.   -0.    0.   -0.    0.    0.
  0.    0.    0.   -0.    0.   -0.    0.01  0.02  0.05  0.2   0.05  0.02
  0.    0.   -0.    0.   -0.    0.    0.    0.    0.    0.   -0.    0.
 -0.    0.01  0.01  0.04  0.16  0.04  0.01  0.    0.47  0.58  0.01  0.01
  0.    0.   -0.   -0.    0.    0.    0.    0.    0.    0.   -0.   -0.
  0.    0.  ]
orbital number 2 energy -11.891698582699444
[-0.3  -0.06  0.04  0.24  0.05 -0.07 -0.08 -0.02 -0.01 -0.02 -0.07 -0.31
  0.07  0.02  0.01  0.02  0.06  0.26  0.   -0.    0.   -0.    0.    0.
  0.    0.    0.   -0.    0.   -0.    0.01  0.01  0.04  0.17  0.04  0.01
  0.   -0.    0.   -0.    0.   -0.   -0.   -0.   -0.   -0.    0.   -0.
  0.   -0.01 -0.02 -0.05 -0.2  -0.05 -0.02 -0.   -0.59  0.49  0.01  0.01
  0.    0.   -0.   -0.    0.    0.   -0.01 -0.01 -0.   -0.    0.    0.
 -0.   -0.  ]
orbital number 3 energy -8.235454803773237
[ 0.06  0.04  0.04  0.05  0.05  0.06  0.05  0.02  0.01  0.01  0.02  0.05
  0.04  0.02  0.01  0.01  0.02  0.04 -0.04 -0.06 -0.06 -0.06 -0.04 -0.05
 -0.03 -0.03 -0.03 -0.04 -0.05 -0.05 -0.19 -0.24 -0.15 -0.12 -0.14 -0.23
 -0.07 -0.05 -0.08 -0.08 -0.08 -0.06 -0.07 -0.04 -0.04 -0.04 -0.06 -0.06
 -0.06 -0.24 -0.31 -0.19 -0.16 -0.18 -0.29 -0.08  0.02  0.02 -0.24 -0.26
 -0.04 -0.05 -0.03 -0.05 -0.06 -0.07 -0.3  -0.33 -0.05 -0.06 -0.04 -0.06
 -0.07 -0.09]
orbital number 4 energy -8.221627172914582
[-0.03 -0.01  0.02  0.05  0.03 -0.01 -0.03 -0.01 -0.01 -0.01 -0.02 -0.05
  0.04  0.02  0.01  0.02  0.03  0.06 -0.06 -0.09 -0.08 -0.09 -0.06 -0.07
 -0.04 -0.05 -0.04 -0.06 -0.06 -0.06 -0.24 -0.3  -0.18 -0.14 -0.18 -0.29
 -0.09  0.05  0.07  0.07  0.08  0.05  0.06  0.03  0.04  0.03  0.05  0.05
  0.05  0.19  0.24  0.14  0.11  0.14  0.22  0.07 -0.03  0.04 -0.3  -0.33
 -0.06 -0.06 -0.04 -0.07 -0.08 -0.1   0.24  0.26  0.05  0.05  0.03  0.06
  0.07  0.08]
orbital number 5 energy -8.110280167323914
[ 0.03  0.01  0.01  0.01  0.01  0.02  0.02  0.01  0.01  0.01  0.01  0.02
  0.01  0.    0.    0.    0.    0.    0.05  0.07  0.06  0.08  0.06  0.07
  0.01  0.02  0.01  0.02  0.02  0.02 -0.01 -0.02 -0.02 -0.02 -0.01 -0.02
  0.01  0.23  0.3   0.24  0.34  0.24  0.31  0.05  0.06  0.05  0.07  0.07
  0.08 -0.08 -0.13 -0.09 -0.07 -0.08 -0.12  0.05  0.01 -0.   -0.02 -0.02
  0.02  0.02  0.02  0.07  0.07  0.08 -0.14 -0.15  0.07  0.08  0.06  0.32
  0.31  0.37]
orbital number 6 energy -8.105369243979318
[ 0.   -0.   -0.01 -0.02 -0.02 -0.01  0.    0.    0.    0.    0.    0.01
 -0.02 -0.01 -0.01 -0.01 -0.01 -0.03 -0.23 -0.3  -0.24 -0.33 -0.24 -0.31
 -0.06 -0.07 -0.05 -0.08 -0.07 -0.08  0.09  0.14  0.09  0.07  0.08  0.13
 -0.05  0.05  0.07  0.05  0.07  0.05  0.07  0.01  0.01  0.01  0.01  0.01
  0.01 -0.03 -0.04 -0.02 -0.02 -0.02 -0.04  0.01  0.01 -0.01  0.14  0.16
 -0.08 -0.08 -0.06 -0.31 -0.3  -0.37 -0.04 -0.04  0.01  0.01  0.01  0.07
  0.07  0.08]
orbital number 7 energy -8.031105159464415
[-0.01 -0.01 -0.   -0.   -0.   -0.01 -0.01 -0.   -0.   -0.   -0.   -0.01
 -0.   -0.   -0.    0.    0.    0.    0.01  0.01  0.01  0.01  0.01  0.01
 -0.02 -0.03 -0.02 -0.03 -0.02 -0.03 -0.    0.    0.    0.    0.    0.
 -0.    0.07  0.08  0.05  0.09  0.07  0.1  -0.26 -0.33 -0.25 -0.33 -0.26
 -0.35  0.03  0.05  0.03  0.03  0.03  0.05 -0.04 -0.    0.    0.    0.
 -0.03 -0.03 -0.03  0.01  0.01  0.01  0.05  0.06 -0.34 -0.39 -0.32  0.1
  0.09  0.11]
orbital number 8 energy -8.029178650535762
[-0.   -0.   -0.   -0.01 -0.01 -0.   -0.   -0.    0.    0.    0.    0.
 -0.01 -0.   -0.   -0.   -0.01 -0.01  0.07  0.09  0.06  0.1   0.08  0.1
 -0.26 -0.33 -0.25 -0.33 -0.26 -0.35  0.03  0.05  0.03  0.03  0.03  0.05
 -0.04 -0.   -0.01 -0.   -0.01 -0.01 -0.01  0.02  0.03  0.02  0.03  0.02
  0.03 -0.   -0.01 -0.   -0.   -0.   -0.01  0.    0.   -0.    0.05  0.06
 -0.34 -0.39 -0.32  0.11  0.09  0.11 -0.01 -0.01  0.03  0.03  0.03 -0.01
 -0.01 -0.01]
orbital number 9 energy -7.467634116967716
[ 0.    0.    0.    0.    0.    0.01  0.01  0.    0.    0.    0.    0.
  0.    0.    0.   -0.   -0.   -0.   -0.   -0.    0.    0.   -0.   -0.
 -0.   -0.    0.    0.    0.   -0.    0.    0.01  0.   -0.   -0.   -0.01
  0.   -0.   -0.   -0.    0.    0.    0.    0.    0.    0.    0.   -0.
 -0.   -0.01  0.33  0.14 -0.01 -0.17 -0.36 -0.   -0.   -0.   -0.01  0.02
  0.   -0.   -0.   -0.   -0.    0.   -0.6   0.59  0.   -0.    0.    0.
 -0.    0.  ]
orbital number 10 energy -7.464940088646147
[ 0.    0.    0.    0.    0.01  0.    0.    0.    0.   -0.   -0.   -0.
  0.01  0.    0.    0.    0.    0.   -0.   -0.   -0.    0.    0.    0.
  0.    0.    0.    0.   -0.   -0.   -0.01  0.33  0.14 -0.01 -0.17 -0.36
 -0.   -0.    0.    0.   -0.   -0.   -0.   -0.   -0.   -0.   -0.    0.
 -0.    0.   -0.01 -0.   -0.    0.    0.01  0.   -0.    0.   -0.6   0.59
  0.   -0.    0.    0.   -0.    0.    0.02 -0.01 -0.   -0.   -0.   -0.
  0.   -0.  ]
orbital number 11 energy -7.286604761859271
[-0.   -0.   -0.   -0.   -0.   -0.   -0.   -0.   -0.   -0.   -0.   -0.
 -0.   -0.   -0.   -0.    0.    0.    0.    0.   -0.   -0.   -0.    0.
  0.    0.    0.   -0.   -0.   -0.   -0.   -0.    0.    0.    0.   -0.
 -0.    0.19  0.23 -0.06 -0.36 -0.06  0.21  0.    0.01  0.01  0.   -0.01
 -0.   -0.    0.    0.    0.    0.    0.   -0.02  0.    0.   -0.   -0.
  0.   -0.    0.    0.    0.   -0.    0.    0.01  0.   -0.01  0.02  0.35
  0.37 -0.69]
orbital number 12 energy -7.280616704549011
[-0.   -0.   -0.   -0.   -0.   -0.   -0.   -0.   -0.   -0.    0.    0.
 -0.   -0.   -0.   -0.   -0.   -0.    0.19  0.23 -0.06 -0.36 -0.06  0.21
  0.    0.01  0.01  0.   -0.01 -0.   -0.    0.    0.    0.    0.    0.
 -0.02 -0.   -0.   -0.    0.    0.   -0.    0.    0.    0.   -0.   -0.
 -0.   -0.   -0.    0.    0.    0.   -0.   -0.    0.    0.    0.    0.01
  0.   -0.01  0.02  0.35  0.37 -0.69 -0.   -0.    0.   -0.    0.   -0.
 -0.    0.  ]
orbital number 13 energy -7.211572623226419
[-0.   -0.   -0.   -0.   -0.   -0.   -0.   -0.   -0.   -0.   -0.   -0.
 -0.   -0.   -0.   -0.    0.    0.   -0.   -0.   -0.    0.    0.    0.
 -0.    0.    0.    0.   -0.   -0.   -0.   -0.    0.    0.    0.   -0.
 -0.   -0.   -0.01 -0.    0.01  0.01  0.01 -0.1   0.11  0.17  0.3  -0.02
 -0.35 -0.   -0.    0.    0.    0.    0.   -0.01  0.    0.   -0.   -0.
  0.   -0.    0.    0.   -0.    0.    0.01  0.    0.51 -0.66  0.18  0.02
 -0.02  0.01]
orbital number 14 energy -7.210226483465468
[-0.   -0.   -0.   -0.   -0.   -0.   -0.   -0.   -0.   -0.    0.    0.
 -0.   -0.   -0.   -0.   -0.   -0.   -0.   -0.01 -0.    0.01  0.01  0.01
 -0.1   0.12  0.17  0.3  -0.02 -0.35 -0.   -0.    0.    0.    0.    0.
 -0.01 -0.   -0.   -0.    0.    0.    0.    0.   -0.   -0.   -0.   -0.
  0.   -0.   -0.    0.    0.    0.   -0.   -0.    0.    0.    0.01  0.
  0.51 -0.66  0.18  0.01 -0.02  0.01 -0.   -0.   -0.    0.   -0.    0.
 -0.    0.  ]
orbital number 15 energy -7.191688826850398
[-0.   -0.   -0.   -0.   -0.   -0.01 -0.01 -0.   -0.   -0.   -0.   -0.
 -0.   -0.   -0.   -0.    0.    0.    0.   -0.   -0.    0.    0.    0.
  0.    0.    0.   -0.   -0.    0.   -0.   -0.    0.    0.    0.   -0.
 -0.    0.   -0.33 -0.15 -0.    0.14  0.34  0.03  0.06  0.01 -0.04 -0.03
  0.   -0.01  0.01  0.01  0.01  0.01  0.01 -0.05  0.    0.   -0.   -0.
 -0.    0.    0.    0.01 -0.01  0.    0.02  0.01 -0.07  0.01  0.09  0.6
 -0.59 -0.01]
orbital number 16 energy -7.187187785449655
[-0.   -0.   -0.   -0.   -0.01 -0.   -0.   -0.   -0.   -0.    0.    0.
 -0.01 -0.   -0.   -0.   -0.   -0.    0.   -0.33 -0.15 -0.01  0.14  0.34
  0.03  0.06  0.01 -0.04 -0.03  0.   -0.01  0.01  0.01  0.01  0.01  0.01
 -0.05 -0.    0.    0.    0.   -0.   -0.   -0.   -0.   -0.    0.    0.
  0.   -0.   -0.    0.    0.    0.   -0.    0.    0.    0.    0.02  0.01
 -0.07  0.01  0.1   0.6  -0.59 -0.01 -0.   -0.    0.    0.   -0.   -0.01
  0.01  0.  ]
orbital number 17 energy -7.107182650431312
[-0.   -0.   -0.   -0.   -0.01 -0.01 -0.01 -0.   -0.   -0.   -0.   -0.
 -0.   -0.   -0.   -0.    0.    0.    0.    0.    0.    0.   -0.   -0.
  0.    0.01  0.   -0.   -0.   -0.   -0.   -0.    0.    0.    0.   -0.
 -0.    0.    0.05  0.01  0.01 -0.01 -0.04  0.13  0.4   0.06 -0.25 -0.15
 -0.09 -0.01  0.    0.01  0.01  0.01  0.01 -0.04  0.    0.   -0.   -0.
 -0.01 -0.    0.01 -0.    0.    0.    0.01  0.01 -0.47 -0.19  0.67 -0.08
  0.09  0.03]
orbital number 18 energy -7.104953748926261
[-0.   -0.   -0.   -0.   -0.01 -0.01 -0.   -0.   -0.   -0.    0.    0.
 -0.01 -0.   -0.   -0.   -0.   -0.    0.    0.05  0.01  0.01 -0.01 -0.05
  0.13  0.39  0.06 -0.25 -0.15 -0.09 -0.01  0.    0.01  0.01  0.01  0.01
 -0.04 -0.   -0.   -0.   -0.    0.    0.   -0.   -0.01 -0.    0.    0.
  0.   -0.   -0.    0.    0.    0.   -0.    0.    0.    0.    0.01  0.01
 -0.47 -0.18  0.67 -0.09  0.09  0.03 -0.   -0.    0.01  0.   -0.01  0.
 -0.   -0.  ]
orbital number 19 energy -6.9015054345924245
[ 0.14  0.17  0.17  0.14  0.38  0.37  0.28  0.21  0.15  0.11  0.07  0.02
  0.29  0.21  0.16  0.11  0.08  0.03 -0.   -0.    0.   -0.   -0.    0.
  0.    0.   -0.   -0.    0.   -0.    0.05  0.04 -0.1  -0.22 -0.09  0.05
  0.01 -0.   -0.    0.   -0.   -0.    0.    0.    0.   -0.   -0.    0.
 -0.    0.04  0.04 -0.09 -0.22 -0.09  0.05  0.01 -0.17 -0.17  0.15  0.14
 -0.01 -0.01  0.01  0.01 -0.01 -0.01  0.15  0.14 -0.01 -0.01  0.01  0.01
 -0.01 -0.01]
orbital number 20 energy -6.746910219092438
[ 0.27  0.36  0.36  0.28  0.13  0.13 -0.15 -0.17 -0.2  -0.23 -0.25 -0.26
 -0.15 -0.18 -0.2  -0.23 -0.26 -0.26 -0.   -0.    0.   -0.   -0.    0.
 -0.    0.   -0.   -0.    0.   -0.    0.    0.   -0.01 -0.02 -0.01  0.
  0.   -0.   -0.    0.   -0.   -0.    0.   -0.    0.   -0.   -0.    0.
 -0.    0.    0.   -0.01 -0.02 -0.01  0.    0.   -0.01 -0.01  0.01  0.01
 -0.   -0.    0.    0.   -0.   -0.    0.02  0.01 -0.   -0.    0.    0.
 -0.   -0.  ]
orbital number 21 energy -6.687938434367228
[-0.09 -0.03  0.03  0.09 -0.05  0.06  0.28  0.28  0.27  0.28  0.26  0.21
 -0.27 -0.27 -0.27 -0.27 -0.26 -0.21  0.    0.   -0.    0.    0.   -0.
  0.   -0.    0.    0.   -0.    0.   -0.02 -0.02  0.08  0.17  0.08 -0.03
 -0.01 -0.   -0.    0.   -0.   -0.    0.   -0.    0.   -0.   -0.    0.
 -0.    0.02  0.02 -0.08 -0.17 -0.08  0.03  0.01 -0.1   0.09 -0.11 -0.1
  0.    0.   -0.   -0.    0.    0.    0.11  0.11 -0.   -0.    0.    0.
 -0.   -0.  ]
orbital number 22 energy -5.931613448827399
[ 0.19  0.07 -0.07 -0.19 -0.06  0.06 -0.03 -0.1  -0.14 -0.14 -0.09  0.
  0.02  0.09  0.13  0.14  0.09  0.    0.   -0.    0.01  0.    0.    0.
  0.    0.    0.   -0.    0.01  0.    0.06  0.04  0.25  0.32  0.24  0.03
  0.03 -0.    0.   -0.01 -0.   -0.   -0.   -0.   -0.   -0.    0.   -0.01
  0.   -0.06 -0.04 -0.26 -0.34 -0.25 -0.03 -0.03  0.07 -0.07 -0.27 -0.27
 -0.01 -0.01 -0.   -0.   -0.01 -0.01  0.29  0.28  0.01  0.01  0.    0.
  0.01  0.01]
orbital number 23 energy -5.769563666346995
[-0.01 -0.02 -0.01  0.   -0.21 -0.21 -0.13 -0.14 -0.09 -0.01  0.07  0.13
 -0.13 -0.14 -0.1  -0.02  0.07  0.13 -0.   -0.   -0.02 -0.   -0.   -0.
 -0.   -0.   -0.   -0.   -0.02 -0.   -0.1  -0.06 -0.25 -0.29 -0.24 -0.05
 -0.05 -0.   -0.   -0.02 -0.   -0.   -0.   -0.   -0.   -0.   -0.   -0.02
 -0.   -0.09 -0.05 -0.24 -0.28 -0.23 -0.05 -0.05  0.13  0.13  0.29  0.28
  0.02  0.02  0.    0.    0.02  0.02  0.27  0.27  0.02  0.02  0.    0.
  0.02  0.02]
orbital number 24 energy -5.258566161018649
[-0.06 -0.41 -0.41 -0.06  0.28  0.28  0.2  -0.02 -0.22 -0.3  -0.2   0.05
  0.2  -0.02 -0.22 -0.3  -0.2   0.05 -0.02 -0.01 -0.05 -0.02 -0.02 -0.01
 -0.01 -0.   -0.01 -0.01 -0.04 -0.01 -0.06 -0.02 -0.02  0.   -0.02 -0.02
 -0.06 -0.02 -0.01 -0.05 -0.02 -0.02 -0.01 -0.01 -0.   -0.01 -0.01 -0.04
 -0.01 -0.06 -0.02 -0.02  0.   -0.02 -0.02 -0.06  0.03  0.03  0.05  0.05
  0.04  0.04  0.02  0.03  0.05  0.05  0.05  0.05  0.04  0.04  0.02  0.03
  0.05  0.05]
orbital number 25 energy -5.182766560585373
[ 0.06  0.03 -0.03 -0.06 -0.04  0.04  0.03  0.01 -0.02 -0.03 -0.03 -0.
 -0.03 -0.01  0.02  0.04  0.03  0.   -0.1  -0.08 -0.23 -0.09 -0.11 -0.05
 -0.08 -0.03 -0.07 -0.06 -0.2  -0.07 -0.17 -0.03  0.04  0.09  0.04 -0.03
 -0.26  0.1   0.08  0.23  0.09  0.11  0.05  0.08  0.03  0.07  0.06  0.2
  0.07  0.17  0.03 -0.04 -0.09 -0.04  0.03  0.26 -0.    0.    0.08  0.08
  0.19  0.19  0.11  0.15  0.23  0.23 -0.08 -0.08 -0.19 -0.19 -0.11 -0.15
 -0.23 -0.22]
orbital number 26 energy -5.166383137064911
[ 0.01  0.09  0.09  0.01 -0.03 -0.03 -0.02  0.05  0.09  0.08  0.02 -0.06
 -0.03  0.05  0.09  0.08  0.02 -0.06 -0.1  -0.08 -0.23 -0.09 -0.12 -0.05
 -0.08 -0.03 -0.07 -0.06 -0.2  -0.07 -0.14 -0.02  0.06  0.1   0.06 -0.02
 -0.24 -0.1  -0.08 -0.23 -0.1  -0.12 -0.05 -0.08 -0.03 -0.07 -0.06 -0.2
 -0.07 -0.14 -0.02  0.06  0.1   0.06 -0.02 -0.24 -0.03 -0.03  0.05  0.05
  0.19  0.19  0.11  0.15  0.23  0.22  0.05  0.05  0.19  0.19  0.11  0.16
  0.23  0.23]
orbital number 27 energy -4.881881561424898
[ 0.05  0.02 -0.03 -0.05 -0.05  0.05  0.05  0.05  0.01 -0.04 -0.06 -0.03
 -0.05 -0.06 -0.02  0.03  0.06  0.04  0.06  0.04  0.06  0.04  0.07  0.04
 -0.05 -0.03 -0.05 -0.03 -0.06 -0.04 -0.03 -0.01 -0.01  0.01 -0.   -0.01
 -0.01 -0.22 -0.12 -0.19 -0.15 -0.24 -0.14  0.22  0.11  0.21  0.13  0.25
  0.15  0.06  0.02 -0.   -0.03 -0.01  0.02  0.05 -0.01  0.02  0.02  0.02
  0.07  0.07  0.07 -0.09 -0.08 -0.08 -0.03 -0.03 -0.29 -0.29 -0.29  0.3
  0.27  0.26]
orbital number 28 energy -4.8780367634374855
[ 0.03  0.02 -0.01 -0.03 -0.03  0.03  0.03  0.04  0.02 -0.02 -0.04 -0.03
 -0.03 -0.03 -0.    0.02  0.03  0.01  0.22  0.12  0.19  0.14  0.24  0.14
 -0.22 -0.12 -0.21 -0.14 -0.25 -0.15 -0.05 -0.02  0.01  0.02  0.01 -0.01
 -0.05  0.06  0.03  0.05  0.04  0.06  0.04 -0.07 -0.04 -0.07 -0.04 -0.08
 -0.05 -0.    0.    0.01  0.01  0.01  0.   -0.02 -0.01  0.01  0.03  0.03
  0.3   0.29  0.3  -0.3  -0.26 -0.26 -0.   -0.    0.1   0.09  0.09 -0.08
 -0.07 -0.07]
orbital number 29 energy -4.848945038052296
[-0.24 -0.11  0.11  0.24  0.22 -0.22 -0.25 -0.3  -0.12  0.15  0.3   0.19
  0.25  0.3   0.12 -0.15 -0.3  -0.19  0.01  0.    0.01  0.01  0.01  0.01
 -0.07 -0.04 -0.07 -0.04 -0.07 -0.05  0.06  0.04  0.04  0.    0.03  0.03
 -0.   -0.01 -0.   -0.   -0.   -0.01 -0.    0.07  0.04  0.07  0.04  0.07
  0.05 -0.06 -0.04 -0.04 -0.   -0.03 -0.03  0.    0.07 -0.07 -0.06 -0.06
  0.09  0.09  0.1  -0.01 -0.01 -0.01  0.06  0.06 -0.09 -0.09 -0.09  0.01
  0.01  0.01]
orbital number 30 energy -4.4895065673296
[ 0.01  0.   -0.   -0.01  0.    0.   -0.    0.16  0.18  0.04 -0.13 -0.17
  0.   -0.01 -0.01 -0.01  0.    0.01 -0.   -0.    0.   -0.   -0.   -0.
 -0.01 -0.   -0.01 -0.    0.   -0.    0.01  0.   -0.   -0.01 -0.    0.
  0.01  0.17  0.05 -0.05  0.06  0.19  0.14  0.21  0.15  0.2   0.07 -0.01
  0.08 -0.47 -0.16  0.09  0.26  0.1  -0.15 -0.28 -0.   -0.   -0.01 -0.01
  0.    0.    0.01  0.01  0.    0.    0.22  0.22 -0.12 -0.12 -0.26 -0.22
 -0.08 -0.08]
orbital number 31 energy -4.484880691617551
[ 0.01  0.01 -0.   -0.01 -0.   -0.   -0.01 -0.    0.    0.01  0.01 -0.
  0.01 -0.16 -0.18 -0.04  0.13  0.17 -0.17 -0.05  0.05 -0.06 -0.19 -0.14
 -0.21 -0.14 -0.2  -0.07  0.02 -0.08  0.47  0.16 -0.09 -0.26 -0.1   0.15
  0.28 -0.01 -0.    0.   -0.   -0.01 -0.   -0.01 -0.   -0.01 -0.    0.
 -0.    0.01  0.   -0.   -0.01 -0.    0.    0.01  0.    0.   -0.22 -0.22
  0.11  0.11  0.26  0.23  0.08  0.08 -0.01 -0.01  0.    0.    0.01  0.01
  0.    0.  ]
orbital number 32 energy -4.253258841616119
[ 0.28  0.13 -0.13 -0.28  0.01 -0.02 -0.34 -0.04  0.27  0.34  0.08 -0.28
  0.34  0.04 -0.27 -0.34 -0.08  0.28  0.03  0.   -0.02  0.    0.03  0.02
  0.03  0.02  0.03  0.01 -0.02  0.01 -0.05 -0.01  0.03  0.03  0.03 -0.01
 -0.05 -0.03 -0.    0.02 -0.   -0.03 -0.02 -0.03 -0.02 -0.03 -0.01  0.02
 -0.01  0.05  0.01 -0.03 -0.03 -0.02  0.01  0.05  0.03 -0.03  0.01  0.01
 -0.01 -0.01 -0.04 -0.03 -0.   -0.   -0.01 -0.01  0.01  0.01  0.03  0.03
  0.    0.  ]
orbital number 33 energy -3.8613803615415043
[-0.03  0.06  0.06 -0.02  0.16  0.15 -0.   -0.29 -0.25  0.08  0.3   0.15
 -0.   -0.3  -0.25  0.08  0.3   0.15  0.11 -0.02 -0.15 -0.02  0.11  0.11
  0.1   0.1   0.1  -0.01 -0.13 -0.01  0.04  0.09  0.1  -0.02  0.02  0.04
 -0.15  0.1  -0.02 -0.14 -0.02  0.1   0.11  0.1   0.1   0.1  -0.01 -0.12
 -0.01  0.04  0.08  0.1  -0.02  0.02  0.03 -0.15 -0.13 -0.13 -0.04 -0.09
  0.01  0.01 -0.12 -0.13  0.02  0.02 -0.03 -0.08  0.01  0.01 -0.12 -0.12
  0.02  0.02]
orbital number 34 energy -3.830741832863219
[-0.   -0.    0.    0.01  0.02  0.01  0.   -0.02 -0.02  0.01  0.02  0.01
 -0.01 -0.03 -0.02  0.01  0.03  0.01  0.01 -0.   -0.02 -0.    0.01  0.01
  0.01  0.01  0.01 -0.   -0.01 -0.    0.01  0.06  0.09 -0.01 -0.09 -0.05
 -0.02 -0.    0.    0.01  0.   -0.   -0.    0.    0.    0.   -0.   -0.
 -0.   -0.   -0.33 -0.51  0.01  0.53  0.32  0.   -0.01 -0.01  0.05 -0.06
  0.    0.   -0.01 -0.01  0.    0.   -0.33  0.32  0.    0.   -0.    0.
 -0.   -0.  ]
orbital number 35 energy -3.8291074825986517
[-0.   -0.    0.    0.   -0.02 -0.02  0.01  0.04  0.02 -0.02 -0.04 -0.01
  0.    0.03  0.02 -0.01 -0.03 -0.01 -0.   -0.   -0.   -0.   -0.   -0.
 -0.   -0.   -0.    0.    0.01  0.   -0.    0.32  0.51 -0.01 -0.53 -0.32
  0.   -0.01  0.    0.01  0.   -0.01 -0.01 -0.01 -0.01 -0.01  0.    0.01
  0.   -0.01  0.05  0.08  0.   -0.09 -0.06  0.01  0.01  0.01  0.33 -0.32
 -0.   -0.    0.01  0.    0.    0.    0.06 -0.05 -0.   -0.    0.01  0.01
 -0.   -0.  ]
orbital number 36 energy -3.670557196189224
[ 0.1   0.06 -0.06 -0.1  -0.06  0.07 -0.   -0.09 -0.07  0.04  0.1   0.03
 -0.    0.08  0.06 -0.03 -0.08 -0.02 -0.16  0.04  0.24  0.06 -0.14 -0.17
 -0.13 -0.14 -0.14  0.03  0.2   0.04 -0.21 -0.12  0.02  0.14 -0.01 -0.14
  0.16  0.16 -0.04 -0.25 -0.06  0.14  0.17  0.13  0.14  0.14 -0.03 -0.2
 -0.04  0.21  0.12 -0.02 -0.14  0.01  0.14 -0.17 -0.05  0.04  0.13  0.11
 -0.03 -0.04  0.16  0.18 -0.05 -0.05 -0.13 -0.11  0.03  0.04 -0.16 -0.18
  0.05  0.06]
orbital number 37 energy -3.5417627776305878
[ 0.05 -0.1  -0.1   0.05  0.23  0.23 -0.12 -0.22 -0.05  0.19  0.2  -0.08
 -0.12 -0.22 -0.05  0.19  0.2  -0.08 -0.12  0.03  0.19  0.06 -0.09 -0.12
 -0.08 -0.1  -0.1   0.02  0.15  0.04 -0.22 -0.09  0.07  0.14  0.05 -0.11
  0.08 -0.12  0.03  0.19  0.06 -0.09 -0.13 -0.08 -0.1  -0.1   0.02  0.15
  0.04 -0.22 -0.1   0.07  0.14  0.05 -0.11  0.09 -0.07 -0.07  0.1   0.08
 -0.03 -0.04  0.1   0.12 -0.03 -0.05  0.1   0.08 -0.03 -0.04  0.11  0.13
 -0.04 -0.06]
orbital number 38 energy -3.423803586554026
[ 0.   -0.02 -0.01  0.01  0.02  0.01 -0.01 -0.01  0.01  0.01  0.   -0.01
 -0.01 -0.01  0.    0.01  0.01 -0.01 -0.   -0.    0.    0.    0.   -0.
 -0.   -0.   -0.    0.    0.    0.   -0.   -0.    0.    0.    0.   -0.
  0.    0.53  0.35  0.01 -0.35 -0.51  0.01 -0.01 -0.01 -0.01  0.    0.01
  0.   -0.01 -0.01 -0.    0.01 -0.   -0.01  0.01  0.   -0.    0.    0.
 -0.   -0.    0.    0.    0.   -0.    0.01  0.01 -0.   -0.    0.01 -0.01
 -0.33  0.31]
orbital number 39 energy -3.4201600209468714
[ 0.01 -0.01 -0.02  0.    0.01  0.02 -0.01 -0.01  0.    0.01  0.01 -0.01
 -0.01 -0.01  0.01  0.01  0.   -0.01  0.53  0.35  0.01 -0.35 -0.51  0.01
 -0.01 -0.01 -0.01  0.    0.01  0.   -0.01 -0.01 -0.    0.01 -0.   -0.01
  0.01  0.    0.    0.   -0.   -0.   -0.   -0.   -0.   -0.    0.    0.
  0.   -0.    0.    0.    0.   -0.   -0.    0.   -0.    0.    0.01  0.01
 -0.   -0.    0.01 -0.01 -0.33  0.31  0.   -0.   -0.   -0.    0.    0.
 -0.    0.  ]
orbital number 40 energy -3.354930267831868
[-0.02  0.03  0.03 -0.02 -0.02 -0.02  0.03  0.01 -0.02 -0.02 -0.    0.02
  0.03  0.01 -0.02 -0.02  0.    0.02  0.    0.   -0.   -0.   -0.    0.
  0.46 -0.01 -0.48 -0.32  0.    0.32 -0.01 -0.    0.01  0.    0.01  0.
 -0.    0.    0.    0.   -0.   -0.   -0.    0.21 -0.01 -0.22 -0.15  0.
  0.15 -0.01 -0.    0.    0.    0.01 -0.   -0.   -0.01 -0.01 -0.    0.
  0.29 -0.28  0.01 -0.   -0.    0.    0.    0.    0.13 -0.13  0.01  0.
 -0.    0.  ]
orbital number 41 energy -3.354590062307278
[-0.    0.01  0.01 -0.01 -0.01 -0.    0.01  0.   -0.01 -0.01  0.    0.01
  0.01  0.01 -0.   -0.01 -0.    0.01 -0.    0.    0.01  0.   -0.   -0.
 -0.22  0.    0.22  0.15  0.   -0.15 -0.01 -0.    0.    0.    0.   -0.
  0.    0.01 -0.   -0.01 -0.    0.    0.    0.47 -0.01 -0.48 -0.32  0.
  0.32  0.    0.    0.   -0.    0.    0.   -0.01 -0.01 -0.    0.    0.
 -0.14  0.13 -0.    0.   -0.   -0.   -0.   -0.    0.29 -0.28  0.01 -0.
  0.    0.  ]
orbital number 42 energy -3.314200996552728
[-0.19  0.32  0.32 -0.19 -0.16 -0.16  0.26  0.06 -0.2  -0.21  0.05  0.25
  0.26  0.06 -0.2  -0.21  0.05  0.25 -0.04  0.05  0.12  0.03 -0.07 -0.08
 -0.06 -0.03  0.01  0.04  0.05 -0.01 -0.16 -0.06  0.08  0.1   0.08 -0.05
  0.01 -0.04  0.05  0.12  0.03 -0.08 -0.08 -0.06 -0.03  0.01  0.04  0.05
 -0.01 -0.15 -0.05  0.08  0.09  0.08 -0.05  0.01 -0.13 -0.13  0.04  0.05
 -0.03  0.01  0.03  0.07 -0.04 -0.02  0.04  0.05 -0.03  0.01  0.03  0.07
 -0.04 -0.02]
orbital number 43 energy -3.222356469629498
[ 0.02 -0.01 -0.02  0.   -0.    0.01 -0.01 -0.01  0.01  0.01  0.   -0.01
 -0.02  0.01  0.02  0.01 -0.01 -0.01  0.03 -0.03 -0.07 -0.02  0.04  0.05
 -0.03 -0.04 -0.03  0.02  0.07  0.02  0.01  0.   -0.01 -0.01 -0.01  0.
  0.   -0.18  0.14  0.4   0.13 -0.2  -0.26  0.24  0.29  0.22 -0.15 -0.46
 -0.14  0.02  0.02  0.   -0.02 -0.01  0.01 -0.03  0.    0.01 -0.   -0.
 -0.02 -0.02  0.04 -0.04  0.02  0.02 -0.01 -0.01  0.13  0.12 -0.28  0.23
 -0.13 -0.11]
orbital number 44 energy -3.217946036009147
[ 0.01 -0.03 -0.02  0.02  0.01  0.   -0.02  0.    0.02  0.01 -0.01 -0.02
 -0.01 -0.    0.01  0.01 -0.   -0.01 -0.18  0.14  0.4   0.13 -0.2  -0.26
  0.24  0.29  0.22 -0.15 -0.46 -0.14  0.03  0.02 -0.   -0.02 -0.01  0.01
 -0.02 -0.03  0.02  0.06  0.02 -0.03 -0.04  0.04  0.05  0.04 -0.03 -0.08
 -0.02  0.02  0.01 -0.01 -0.01 -0.01  0.01 -0.    0.02  0.01 -0.01 -0.01
  0.13  0.12 -0.28  0.23 -0.13 -0.11 -0.   -0.01  0.02  0.02 -0.05  0.03
 -0.02 -0.02]
orbital number 45 energy -2.761704239780326
[-0.22 -0.16  0.16  0.22  0.28 -0.28 -0.16  0.2   0.24 -0.09 -0.27 -0.
  0.16 -0.2  -0.24  0.08  0.27  0.   -0.02  0.03  0.06  0.03 -0.03 -0.04
 -0.03 -0.04 -0.03  0.03  0.07  0.03 -0.16 -0.02  0.13  0.07  0.13 -0.02
 -0.04  0.02 -0.03 -0.06 -0.02  0.03  0.04  0.03  0.04  0.02 -0.03 -0.07
 -0.03  0.16  0.02 -0.13 -0.06 -0.13  0.02  0.04  0.24 -0.24  0.02  0.02
 -0.02 -0.02  0.04  0.03 -0.02 -0.02 -0.02 -0.02  0.02  0.02 -0.04 -0.03
  0.02  0.02]
orbital number 46 energy 0.0
[-0.06  0.04  0.04 -0.05  0.01  0.04  0.03 -0.02 -0.03  0.02  0.03 -0.03
  0.01 -0.01 -0.01  0.01  0.01 -0.01  0.01 -0.11 -0.05 -0.11  0.02  0.1
  0.02  0.1   0.02 -0.11 -0.05 -0.11  0.02 -0.11 -0.03  0.13 -0.03 -0.11
  0.37  0.02 -0.17 -0.07 -0.17  0.03  0.16  0.03  0.16  0.03 -0.17 -0.08
 -0.17  0.02 -0.18 -0.04  0.2  -0.04 -0.18  0.59 -0.03 -0.01  0.06  0.06
  0.06  0.06 -0.06 -0.05  0.06  0.06  0.09  0.09  0.09  0.09 -0.09 -0.08
  0.09  0.09]
orbital number 47 energy 0.01924298847560424
[ 0.01 -0.01 -0.01  0.02 -0.06  0.05  0.04 -0.02 -0.03  0.03  0.03 -0.04
 -0.05  0.03  0.04 -0.03 -0.04  0.05 -0.02  0.17  0.07  0.17 -0.03 -0.16
 -0.03 -0.16 -0.03  0.17  0.08  0.17 -0.02  0.18  0.03 -0.19  0.04  0.18
 -0.59  0.01 -0.11 -0.05 -0.11  0.02  0.1   0.02  0.1   0.02 -0.11 -0.05
 -0.11  0.01 -0.11 -0.02  0.12 -0.02 -0.11  0.37 -0.03  0.04 -0.09 -0.09
 -0.09 -0.09  0.09  0.09 -0.09 -0.09  0.06  0.06  0.06  0.06 -0.06 -0.05
  0.06  0.05]
orbital number 48 energy 2.3420114166600996
[-0.08 -0.36  0.36  0.08 -0.29  0.29  0.16 -0.22 -0.01  0.24 -0.15 -0.15
 -0.16  0.23  0.01 -0.25  0.15  0.15 -0.01 -0.04  0.02 -0.04 -0.01  0.04
 -0.01  0.04 -0.01 -0.04  0.02 -0.03 -0.15  0.03  0.13 -0.14  0.13  0.03
  0.09  0.01  0.03 -0.02  0.03  0.01 -0.04  0.01 -0.04  0.01  0.03 -0.02
  0.03  0.14 -0.02 -0.12  0.14 -0.12 -0.03 -0.09  0.1  -0.1  -0.01 -0.01
  0.02  0.01 -0.02 -0.02  0.02  0.02  0.01  0.01 -0.01 -0.01  0.02  0.02
 -0.01 -0.01]
orbital number 49 energy 2.70621640719738
[ 0.31 -0.14 -0.15  0.31 -0.14 -0.15 -0.04  0.21 -0.11 -0.13  0.21 -0.05
 -0.04  0.21 -0.11 -0.13  0.2  -0.05 -0.02 -0.05  0.04 -0.05 -0.01  0.06
 -0.01  0.06 -0.01 -0.05  0.04 -0.05 -0.24  0.07  0.18 -0.26  0.19  0.07
  0.12 -0.02 -0.05  0.04 -0.05 -0.01  0.06 -0.01  0.06 -0.01 -0.05  0.04
 -0.05 -0.24  0.07  0.18 -0.25  0.19  0.07  0.12 -0.06 -0.06 -0.03 -0.03
  0.02  0.02 -0.03 -0.03  0.02  0.02 -0.03 -0.03  0.02  0.02 -0.03 -0.03
  0.02  0.02]
orbital number 50 energy 2.981141385325314
[-0.12  0.06  0.05 -0.12  0.1   0.09 -0.07 -0.24  0.26  0.02 -0.26  0.24
 -0.07 -0.27  0.28  0.03 -0.29  0.26 -0.02 -0.05  0.05 -0.05 -0.02  0.07
 -0.02  0.06 -0.02 -0.05  0.04 -0.05 -0.23  0.08  0.16 -0.25  0.15  0.09
  0.09 -0.02 -0.04  0.04 -0.04 -0.02  0.06 -0.01  0.05 -0.01 -0.04  0.04
 -0.04 -0.2   0.07  0.14 -0.22  0.13  0.08  0.08  0.01  0.01 -0.03 -0.03
  0.02  0.02 -0.02 -0.03  0.02  0.02 -0.03 -0.03  0.02  0.02 -0.02 -0.02
  0.02  0.02]
orbital number 51 energy 2.9984858039272337
[ 0.01  0.13 -0.13  0.01  0.09 -0.1  -0.    0.24 -0.19 -0.08  0.25 -0.17
  0.01 -0.22  0.17  0.08 -0.22  0.14 -0.02 -0.06  0.06 -0.06 -0.02  0.08
 -0.02  0.07 -0.02 -0.05  0.05 -0.05 -0.25  0.09  0.17 -0.28  0.17  0.1
  0.1   0.02  0.06 -0.06  0.06  0.02 -0.08  0.02 -0.08  0.02  0.06 -0.06
  0.06  0.28 -0.1  -0.19  0.31 -0.19 -0.11 -0.11 -0.02  0.02 -0.04 -0.03
  0.02  0.02 -0.03 -0.03  0.02  0.02  0.04  0.04 -0.02 -0.02  0.03  0.03
 -0.02 -0.02]
orbital number 52 energy 3.423841504504537
[ 0.   -0.01  0.01 -0.   -0.   -0.    0.    0.   -0.    0.   -0.   -0.
  0.01 -0.01  0.    0.01 -0.01  0.    0.    0.   -0.    0.    0.   -0.
  0.   -0.    0.    0.   -0.    0.    0.   -0.02  0.02  0.   -0.02  0.02
 -0.    0.    0.   -0.    0.    0.   -0.   -0.    0.01 -0.   -0.01  0.01
 -0.01 -0.01  0.52 -0.44 -0.    0.44 -0.51  0.    0.   -0.   -0.01  0.01
 -0.   -0.    0.    0.   -0.   -0.    0.19 -0.19  0.    0.   -0.    0.
 -0.   -0.  ]
orbital number 53 energy 3.4260475223737785
[ 0.   -0.01  0.01 -0.    0.    0.   -0.01  0.01 -0.   -0.01  0.01 -0.
 -0.    0.    0.   -0.    0.    0.   -0.   -0.    0.   -0.   -0.    0.
  0.   -0.01  0.    0.01 -0.01  0.01  0.01 -0.53  0.44  0.   -0.44  0.51
 -0.   -0.   -0.    0.   -0.   -0.    0.   -0.    0.   -0.   -0.    0.
 -0.   -0.   -0.02  0.02 -0.   -0.02  0.02  0.    0.   -0.   -0.19  0.19
 -0.   -0.    0.   -0.    0.    0.   -0.01  0.01  0.    0.   -0.   -0.
  0.    0.  ]
orbital number 54 energy 3.591854198103027
[ 0.11 -0.42  0.42 -0.11 -0.1   0.09 -0.12  0.26 -0.16 -0.11  0.26 -0.2
  0.13 -0.27  0.15  0.12 -0.27  0.19  0.03  0.04 -0.06  0.04  0.03 -0.07
  0.01 -0.04  0.01  0.02 -0.03  0.02  0.12 -0.06 -0.06  0.12 -0.04 -0.08
 -0.01 -0.03 -0.04  0.06 -0.04 -0.03  0.07 -0.02  0.04 -0.01 -0.02  0.03
 -0.02 -0.12  0.06  0.06 -0.12  0.04  0.08  0.01  0.09 -0.09  0.03  0.02
 -0.01 -0.01  0.01  0.03 -0.01 -0.01 -0.03 -0.02  0.01  0.01 -0.01 -0.03
  0.01  0.01]
orbital number 55 energy 3.6392028859733463
[-0.1   0.04  0.05 -0.11  0.2   0.2  -0.38  0.15  0.2  -0.39  0.23  0.14
 -0.38  0.14  0.21 -0.39  0.22  0.15  0.02  0.02 -0.04  0.02  0.02 -0.04
  0.01 -0.01  0.01  0.01 -0.01  0.01  0.05 -0.03 -0.03  0.06 -0.01 -0.04
 -0.    0.02  0.02 -0.03  0.02  0.01 -0.04  0.01 -0.01  0.    0.01 -0.01
  0.01  0.05 -0.02 -0.02  0.05 -0.01 -0.03 -0.   -0.04 -0.05  0.01  0.01
 -0.   -0.    0.01  0.01 -0.01 -0.01  0.01  0.01 -0.   -0.    0.01  0.01
 -0.01 -0.01]
orbital number 56 energy 3.7044086705363792
[ 0.01 -0.02  0.01  0.   -0.01 -0.    0.01 -0.   -0.01  0.01 -0.   -0.
  0.02 -0.01 -0.    0.02 -0.02  0.    0.06  0.05 -0.11  0.07  0.04 -0.12
 -0.04  0.1  -0.05 -0.05  0.1  -0.06 -0.   -0.    0.   -0.    0.    0.
  0.01  0.21  0.17 -0.38  0.26  0.13 -0.41 -0.13  0.37 -0.17 -0.19  0.34
 -0.22 -0.01 -0.01  0.02 -0.02  0.01  0.01  0.03  0.   -0.   -0.    0.
  0.02  0.02 -0.04  0.04 -0.02 -0.02 -0.    0.    0.07  0.08 -0.14  0.15
 -0.06 -0.09]
orbital number 57 energy 3.705063694733619
[ 0.   -0.03  0.03 -0.01 -0.    0.01 -0.02  0.02 -0.   -0.02  0.02 -0.
  0.   -0.01  0.    0.   -0.01  0.01 -0.21 -0.18  0.38 -0.25 -0.14  0.41
  0.13 -0.37  0.17  0.19 -0.35  0.23  0.02  0.01 -0.02  0.02 -0.01 -0.01
 -0.03  0.06  0.05 -0.11  0.07  0.04 -0.11 -0.04  0.11 -0.05 -0.05  0.1
 -0.06 -0.01  0.    0.01 -0.01  0.    0.    0.01  0.   -0.    0.   -0.
 -0.07 -0.08  0.14 -0.15  0.06  0.09 -0.    0.    0.02  0.02 -0.04  0.04
 -0.02 -0.02]
orbital number 58 energy 3.7952282427306567
[ 0.   -0.    0.    0.   -0.   -0.   -0.   -0.    0.   -0.   -0.    0.
  0.   -0.   -0.    0.   -0.    0.    0.   -0.   -0.    0.   -0.   -0.
  0.   -0.    0.    0.   -0.    0.    0.   -0.   -0.    0.   -0.   -0.
  0.   -0.43  0.53 -0.03 -0.49  0.47 -0.04 -0.01  0.03 -0.02 -0.01  0.03
 -0.02 -0.    0.    0.   -0.    0.    0.   -0.   -0.   -0.    0.    0.
 -0.   -0.    0.    0.    0.   -0.   -0.   -0.    0.    0.01 -0.01  0.02
 -0.19  0.17]
orbital number 59 energy 3.7987270868382623
[ 0.    0.   -0.    0.   -0.   -0.    0.   -0.   -0.    0.   -0.    0.
 -0.   -0.    0.   -0.   -0.    0.   -0.44  0.53 -0.02 -0.49  0.47 -0.04
 -0.01  0.03 -0.02 -0.01  0.03 -0.02 -0.    0.    0.   -0.    0.    0.
 -0.   -0.    0.   -0.   -0.    0.   -0.    0.   -0.    0.    0.   -0.
  0.    0.   -0.   -0.    0.   -0.   -0.    0.   -0.   -0.   -0.   -0.
  0.    0.01 -0.01  0.01 -0.19  0.17  0.    0.   -0.   -0.    0.    0.
 -0.    0.  ]
orbital number 60 energy 3.8623923114158485
[ 0.    0.   -0.   -0.    0.   -0.   -0.    0.   -0.   -0.    0.    0.
 -0.    0.    0.   -0.    0.    0.    0.    0.   -0.    0.    0.   -0.
 -0.   -0.    0.   -0.   -0.    0.    0.   -0.   -0.    0.   -0.   -0.
  0.   -0.   -0.01  0.02 -0.   -0.01  0.02  0.46 -0.02 -0.45  0.52 -0.01
 -0.5  -0.    0.    0.   -0.    0.    0.   -0.    0.   -0.    0.    0.
  0.   -0.    0.    0.   -0.   -0.   -0.   -0.   -0.18  0.17  0.01 -0.01
  0.    0.  ]
orbital number 61 energy 3.864619943098554
[ 0.    0.   -0.    0.    0.   -0.    0.   -0.   -0.    0.   -0.   -0.
  0.   -0.    0.    0.   -0.   -0.    0.    0.01 -0.02  0.    0.01 -0.02
 -0.46  0.02  0.45 -0.52  0.01  0.5   0.   -0.   -0.    0.    0.   -0.
  0.   -0.    0.    0.   -0.    0.    0.   -0.    0.    0.   -0.    0.
  0.   -0.    0.    0.   -0.    0.    0.   -0.    0.   -0.    0.    0.
  0.18 -0.17 -0.01  0.01 -0.   -0.   -0.   -0.    0.   -0.   -0.   -0.
 -0.    0.  ]
orbital number 62 energy 4.146087127934001
[ 0.06 -0.13  0.13 -0.04 -0.15  0.15 -0.14 -0.05  0.19 -0.2   0.07  0.11
  0.14  0.04 -0.19  0.2  -0.07 -0.1  -0.1  -0.07  0.17 -0.07 -0.09  0.19
 -0.11  0.22 -0.11 -0.08  0.2  -0.08 -0.01  0.06 -0.06  0.03 -0.06  0.06
 -0.16  0.12  0.08 -0.21  0.08  0.12 -0.23  0.13 -0.27  0.13  0.1  -0.25
  0.1   0.01 -0.07  0.07 -0.05  0.08 -0.07  0.2  -0.07  0.06 -0.02 -0.02
  0.03  0.03 -0.08 -0.07  0.02  0.02  0.02  0.02 -0.03 -0.03  0.09  0.08
 -0.03 -0.03]
orbital number 63 energy 4.176367296042888
[-0.08  0.02  0.04 -0.08  0.03  0.06 -0.04  0.04 -0.02 -0.03  0.05 -0.04
 -0.01  0.05 -0.05  0.01  0.03 -0.06 -0.14 -0.09  0.24 -0.09 -0.14  0.27
 -0.15  0.3  -0.15 -0.11  0.28 -0.11  0.02  0.06 -0.09  0.08 -0.1   0.06
 -0.24 -0.12 -0.08  0.21 -0.08 -0.12  0.23 -0.13  0.27 -0.13 -0.1   0.25
 -0.1   0.03  0.05 -0.08  0.08 -0.09  0.05 -0.21  0.03  0.05 -0.02 -0.02
  0.04  0.04 -0.11 -0.09  0.03  0.03 -0.02 -0.02  0.03  0.03 -0.09 -0.08
  0.03  0.02]
orbital number 64 energy 4.346384912354914
[ 0.01 -0.04  0.04 -0.   -0.22  0.22 -0.16 -0.11  0.3  -0.3   0.11  0.14
  0.16  0.11 -0.3   0.3  -0.11 -0.14  0.08  0.04 -0.12  0.04  0.08 -0.14
  0.08 -0.15  0.08  0.05 -0.14  0.04 -0.13  0.04  0.07 -0.14  0.07  0.04
  0.17 -0.07 -0.03  0.12 -0.03 -0.07  0.13 -0.08  0.15 -0.08 -0.04  0.13
 -0.04  0.13 -0.04 -0.07  0.14 -0.07 -0.05 -0.16 -0.12  0.12 -0.01 -0.01
 -0.01 -0.01  0.05  0.05 -0.01 -0.01  0.01  0.01  0.01  0.01 -0.05 -0.04
  0.01  0.01]
orbital number 65 energy 5.035558295008293
[-0.31  0.11  0.11 -0.31  0.16  0.16 -0.13  0.23 -0.24  0.15 -0.   -0.13
 -0.14  0.23 -0.24  0.15 -0.   -0.13  0.04 -0.01 -0.03 -0.01  0.04 -0.06
  0.04 -0.06  0.04 -0.   -0.03 -0.   -0.22  0.16 -0.04 -0.08 -0.04  0.17
  0.11  0.04 -0.01 -0.03 -0.01  0.04 -0.05  0.04 -0.05  0.04 -0.   -0.03
 -0.   -0.22  0.16 -0.04 -0.07 -0.04  0.16  0.1   0.23  0.23 -0.05 -0.05
  0.    0.    0.02  0.02  0.    0.   -0.05 -0.05  0.    0.    0.02  0.02
  0.    0.  ]
orbital number 66 energy 5.626022612310592
[ 0.13 -0.12  0.12 -0.13  0.1  -0.1  -0.02  0.05 -0.08  0.09 -0.09  0.09
  0.02 -0.05  0.08 -0.09  0.09 -0.09  0.05 -0.03  0.   -0.03  0.05 -0.06
  0.05 -0.06  0.05 -0.03 -0.   -0.03 -0.31  0.28 -0.21  0.16 -0.22  0.29
  0.1  -0.05  0.03 -0.    0.03 -0.05  0.06 -0.05  0.06 -0.05  0.03  0.
  0.03  0.31 -0.28  0.22 -0.16  0.22 -0.29 -0.1  -0.05  0.05 -0.08 -0.08
  0.01  0.01  0.02  0.02  0.01  0.01  0.08  0.08 -0.01 -0.01 -0.02 -0.02
 -0.01 -0.01]
orbital number 67 energy 5.734387761235224
[-0.06  0.02  0.02 -0.05  0.07  0.07 -0.17  0.19 -0.2   0.17 -0.14  0.11
 -0.17  0.19 -0.2   0.17 -0.14  0.11 -0.05  0.03 -0.01  0.03 -0.05  0.06
 -0.04  0.05 -0.04  0.03 -0.    0.03  0.25 -0.24  0.2  -0.18  0.2  -0.24
 -0.07 -0.05  0.03 -0.01  0.03 -0.05  0.06 -0.04  0.05 -0.04  0.03 -0.
  0.03  0.25 -0.24  0.2  -0.18  0.2  -0.24 -0.08  0.03  0.03  0.07  0.07
 -0.01 -0.01 -0.01 -0.02 -0.01 -0.01  0.07  0.07 -0.01 -0.01 -0.01 -0.02
 -0.01 -0.01]
orbital number 68 energy 6.180636941398504
[-0.01  0.01 -0.    0.   -0.    0.    0.01 -0.01  0.01 -0.01  0.01 -0.01
  0.01 -0.    0.   -0.    0.   -0.   -0.    0.   -0.    0.   -0.    0.
  0.   -0.    0.   -0.    0.   -0.    0.   -0.    0.   -0.    0.   -0.
  0.   -0.33  0.33 -0.32  0.33 -0.33  0.35  0.23 -0.25  0.23 -0.22  0.19
 -0.22 -0.03  0.02 -0.01  0.   -0.01  0.02  0.04  0.01  0.    0.    0.
  0.    0.    0.   -0.   -0.   -0.   -0.   -0.    0.06  0.06  0.07 -0.1
 -0.09 -0.09]
orbital number 69 energy 6.182515487296788
[ 0.   -0.    0.01 -0.01  0.   -0.    0.   -0.    0.   -0.    0.   -0.
  0.01 -0.01  0.01 -0.01  0.01 -0.01 -0.33  0.33 -0.31  0.32 -0.33  0.35
  0.23 -0.25  0.24 -0.22  0.19 -0.22 -0.02  0.01 -0.01  0.   -0.01  0.02
  0.04  0.   -0.    0.   -0.    0.   -0.   -0.    0.   -0.    0.   -0.
  0.    0.   -0.    0.   -0.    0.   -0.   -0.    0.    0.01 -0.   -0.
  0.06  0.06  0.07 -0.1  -0.09 -0.09  0.    0.   -0.   -0.   -0.    0.
  0.    0.  ]
orbital number 70 energy 6.267794694029549
[ 0.18 -0.13  0.13 -0.18  0.36 -0.36  0.34 -0.26  0.21 -0.17  0.16 -0.19
 -0.34  0.26 -0.21  0.17 -0.16  0.19  0.   -0.    0.   -0.    0.   -0.
  0.   -0.    0.   -0.    0.   -0.   -0.    0.   -0.01  0.01 -0.    0.
 -0.   -0.    0.   -0.    0.   -0.    0.   -0.    0.   -0.    0.   -0.
  0.    0.   -0.    0.   -0.01  0.   -0.    0.    0.01 -0.01 -0.   -0.
  0.    0.    0.    0.    0.    0.    0.    0.   -0.   -0.   -0.   -0.
 -0.   -0.  ]
orbital number 71 energy 6.343501056865527
[-0.06  0.03  0.   -0.03 -0.01  0.01  0.06 -0.05  0.05 -0.05  0.06 -0.09
  0.05 -0.04  0.04 -0.04  0.05 -0.07 -0.08  0.09 -0.1   0.09 -0.08  0.08
 -0.13  0.13 -0.13  0.13 -0.14  0.13 -0.03  0.01  0.01 -0.02  0.01  0.01
  0.07 -0.18  0.2  -0.22  0.19 -0.17  0.18 -0.28  0.29 -0.28  0.3  -0.31
  0.29 -0.07  0.03 -0.   -0.03 -0.    0.03  0.17  0.07  0.05 -0.   -0.
 -0.04 -0.03 -0.04 -0.02 -0.02 -0.02 -0.01 -0.01 -0.08 -0.08 -0.08 -0.05
 -0.05 -0.05]
orbital number 72 energy 6.348910143070997
[ 0.03 -0.03  0.04 -0.06  0.03 -0.03  0.02 -0.01  0.01 -0.    0.    0.
  0.02 -0.02  0.02 -0.03  0.04 -0.06 -0.18  0.2  -0.22  0.2  -0.18  0.18
 -0.28  0.29 -0.28  0.3  -0.31  0.29 -0.08  0.04 -0.01 -0.01 -0.01  0.04
  0.17  0.08 -0.09  0.1  -0.09  0.08 -0.08  0.13 -0.13  0.13 -0.14  0.15
 -0.14  0.04 -0.03  0.01 -0.01  0.01 -0.03 -0.08 -0.01  0.05 -0.01 -0.01
 -0.08 -0.08 -0.08 -0.05 -0.05 -0.05  0.01  0.01  0.04  0.04  0.04  0.02
  0.02  0.02]
orbital number 73 energy 6.4972002418955626
[-0.21  0.06  0.05 -0.19  0.01  0.01  0.2  -0.15  0.14 -0.16  0.21 -0.33
  0.19 -0.15  0.13 -0.15  0.2  -0.31  0.03 -0.03  0.04 -0.03  0.03 -0.03
  0.04 -0.04  0.04 -0.04  0.05 -0.04  0.1  -0.1   0.13 -0.2   0.13 -0.1
 -0.05  0.03 -0.03  0.04 -0.03  0.03 -0.03  0.04 -0.04  0.04 -0.04  0.05
 -0.04  0.1  -0.11  0.14 -0.21  0.14 -0.11 -0.05  0.27  0.26  0.03  0.03
  0.01  0.01  0.01  0.01  0.01  0.01  0.03  0.03  0.01  0.01  0.01  0.01
  0.01  0.01]
orbital number 74 energy 6.646670654617438
[ 0.32 -0.22  0.23 -0.33  0.19 -0.18 -0.07  0.06 -0.06  0.1  -0.16  0.26
  0.08 -0.06  0.07 -0.1   0.17 -0.28  0.01 -0.02  0.02 -0.02  0.01 -0.01
  0.01 -0.01  0.01 -0.02  0.02 -0.02  0.08 -0.09  0.13 -0.21  0.13 -0.09
 -0.03 -0.01  0.01 -0.02  0.01 -0.01  0.01 -0.01  0.01 -0.01  0.02 -0.02
  0.02 -0.07  0.09 -0.12  0.2  -0.12  0.09  0.03 -0.28  0.3   0.02  0.02
  0.    0.    0.    0.    0.    0.   -0.02 -0.02 -0.   -0.   -0.   -0.
 -0.   -0.  ]

Orbital occupation numbers:
1: 2.000000
2: 2.000000
3: 2.000000
4: 2.000000
5: 2.000000
6: 2.000000
7: 2.000000
8: 2.000000
9: 2.000000
10: 2.000000
11: 2.000000
12: 2.000000
13: 2.000000
14: 2.000000
15: 2.000000
16: 2.000000
17: 2.000000
18: 2.000000
19: 2.000000
20: 2.000000
21: 2.000000
22: 2.000000
23: 2.000000
24: 2.000000
25: 2.000000
26: 2.000000
27: 2.000000
28: 2.000000
29: 2.000000
30: 2.000000
31: 2.000000
32: 2.000000
33: 2.000000
34: 2.000000
35: 2.000000
36: 2.000000
37: 2.000000
38: 2.000000
39: 2.000000
40: 2.000000
41: 2.000000
42: 2.000000
43: 2.000000
44: 2.000000
45: 2.000000
46: 1.000000
47: 1.000000
48: -0.000000
49: -0.000000
50: -0.000000
51: -0.000000
52: -0.000000
53: -0.000000
54: -0.000000
55: 0.000000
56: -0.000000
57: -0.000000
58: 0.000000
59: -0.000000
60: -0.000000
61: 0.000000
62: -0.000000
63: -0.000000
64: 0.000000
65: -0.000000
66: -0.000000
67: -0.000000
68: 0.000000
69: 0.000000
70: 0.000000
71: -0.000000
72: -0.000000
73: -0.000000
74: -0.000000

------------------------
Starting ExROPPP calculation for diradical in rotated basis
------------------------

Coulomb Matrix in MO basis, J_ij = (ii|jj):
 [[6.00353446 5.84768359 2.13317047 ... 1.33704051 3.55728194 4.03361826]
 [5.84768359 6.19789512 2.21246152 ... 1.27860031 3.63992971 4.03504389]
 [2.13317047 2.21246152 2.4459986  ... 1.36282667 1.76432851 1.83231228]
 ...
 [1.33704051 1.27860031 1.36282667 ... 2.2120759  1.08598577 1.11617262]
 [3.55728194 3.63992971 1.76432851 ... 1.08598577 2.60566312 2.71225869]
 [4.03361826 4.03504389 1.83231228 ... 1.11617262 2.71225869 3.08917824]]
Coulomb Matrix in MO basis, K_ij = (ij|ji):
 [[6.00353446 3.36106216 0.02562695 ... 0.01232564 0.44702329 0.56081067]
 [3.36106216 6.19789512 0.02354594 ... 0.0088728  0.48145698 0.55346029]
 [0.02562695 0.02354594 2.4459986  ... 0.01069448 0.03468861 0.02948442]
 ...
 [0.01232564 0.0088728  0.01069448 ... 2.2120759  0.06419991 0.03864755]
 [0.44702329 0.48145698 0.03468861 ... 0.06419991 2.60566312 0.97233082]
 [0.56081067 0.55346029 0.02948442 ... 0.03864755 0.97233082 3.08917824]]
Dimensions of CI matrix: (10336, 10336)
Checking that the Hamiltonian is symmetric (a value of zero means matrix is symmetric) ... 
Frobenius norm of matrix - matrix transpose = 0.000000.

Lowest 30 states. WARNING - Some states may not be included in the spectrum.

Diagonalizing Hamiltonian using the sparse matrix method ...

Calculating dipole moments ...

Permanent dipole moment of reference states:
             Open-Shell Singlet (|OS1>) = 2.578 x -2.655 y -0.608 z
             Zwitterion - (|ZW->) = 2.578 x -2.655 y -0.608 z
             Zwitterion + (|ZW+>) = 2.578 x -2.655 y -0.608 z
             Open-Shell Triplet (|OS3>) = 2.578 x -2.655 y -0.608 z

Checking that the Dipole matrix is symmetric (a value of zero means matrix is symmetric) ... 
Frobenius norm of matrix - matrix transpose = 0.00000             0.00000, 0.00000.

Energy of the lowest CI state: -385.76314004251157

State 0 0.000 eV 
Excitation    CI Coef
|1^OS>   -0.40193
|1^ZW->    0.83508
|1^CS(21->0)>   -0.08203
|1^CS(16->0)>    0.06608
|1^CS(10->0)>    0.08504
|1^CS(20->0')>    0.07929
|1^CS(15->0')>   -0.06832
|1^CS(13->0')>    0.07424
|1^SV(0->1')>    0.06896
|1^SV(0->4')>    0.05893
|1^SV(0->15')>   -0.07493
|1^SV(0->17')>    0.05968
|1^SV(0'->2')>   -0.07488
|1^SV(0'->16')>    0.09281
|1T^CV(21->16')>    0.05173
|1T^CV(10->16')>   -0.05942
Ground state is singlet
TDMs with Triplet 'Ground' state
TDMX:-0.000   TDMY:0.000   TDMZ:0.000   Oscillator Strength:-0.00000   <S**2>: 0.000
--------------------------------------------------------------------
TDMs with Singlet 'Ground' state
TDMX:6.585   TDMY:-7.056   TDMZ:-1.450   Oscillator Strength:0.00000   <S**2>: 0.000
--------------------------------------------------------------------


State 1 0.073 eV 
Excitation    CI Coef
|3^OS>   -0.92874
|3^CS(20->0)>   -0.07806
|3^CS(16->0)>   -0.06873
|3^CS(13->0)>   -0.07403
|3^CS(21->0')>    0.07256
|3^CS(15->0')>   -0.06042
|3^CS(10->0')>   -0.08021
|3^SV(0->2')>   -0.08090
|3^SV(0->3')>   -0.05052
|3^SV(0->16')>    0.09790
|3^SV(0'->1')>   -0.07427
|3^SV(0'->4')>   -0.06222
|3^SV(0'->15')>    0.07868
|3^SV(0'->17')>   -0.06775
TDMs with Triplet 'Ground' state
TDMX:6.407   TDMY:-6.644   TDMZ:-1.425   Oscillator Strength:0.00000   <S**2>: 2.000
--------------------------------------------------------------------
TDMs with Singlet 'Ground' state
TDMX:-0.000   TDMY:0.000   TDMZ:0.000   Oscillator Strength:0.00000   <S**2>: 2.000
--------------------------------------------------------------------


State 2 2.299 eV 
Excitation    CI Coef
|1^ZW->    0.08228
|1^CS(15->0)>   -0.10624
|1^CS(10->0)>    0.09464
|1^CS(9->0)>    0.05900
|1^CS(4->0)>    0.05290
|1^CS(1->0)>    0.10268
|1^CS(15->0')>    0.16438
|1^CS(10->0')>   -0.09674
|1^CS(9->0')>   -0.13650
|1^CS(4->0')>   -0.11396
|1^CS(1->0')>   -0.13611
|1^SV(0->1')>   -0.23438
|1^SV(0->2')>   -0.27619
|1^SV(0->3')>   -0.22255
|1^SV(0->4')>   -0.28186
|1^SV(0->7')>    0.09581
|1^SV(0->18')>   -0.06661
|1^SV(0->19')>   -0.06137
|1^SV(0'->1')>    0.25087
|1^SV(0'->2')>    0.33008
|1^SV(0'->3')>    0.26896
|1^SV(0'->4')>    0.26707
|1^SV(0'->7')>   -0.09662
|1^SV(0'->18')>    0.07114
|1^SV(0'->19')>    0.05979
|1T^CV(15->1')>    0.06843
|1T^CV(15->2')>    0.10383
|1T^CV(15->3')>    0.09459
|1T^CV(15->4')>    0.10535
|1T^CV(11->6')>   -0.18843
|1T^CV(10->2')>   -0.05149
|1T^CV(10->3')>   -0.05175
|1T^CV(10->4')>   -0.05004
|1T^CV(9->2')>   -0.05839
|1T^CV(9->4')>   -0.06670
|1T^CV(7->12')>   -0.06930
|1T^CV(6->14')>   -0.05977
|1T^CV(4->1')>   -0.05328
|1T^CV(4->2')>   -0.05732
|1T^CV(4->4')>   -0.05845
|1T^CV(2->10')>    0.10327
|1T^CV(1->1')>   -0.09899
|1T^CV(1->2')>   -0.09327
|1T^CV(1->3')>   -0.06017
TDMs with Triplet 'Ground' state
TDMX:-0.000   TDMY:0.000   TDMZ:0.000   Oscillator Strength:0.00000   <S**2>: 0.000
--------------------------------------------------------------------
TDMs with Singlet 'Ground' state
TDMX:-2.137   TDMY:3.498   TDMZ:0.481   Oscillator Strength:0.95939   <S**2>: 0.000
--------------------------------------------------------------------


State 3 2.392 eV 
Excitation    CI Coef
|3^OS>    0.09206
|3^CS(15->0)>    0.09829
|3^CS(9->0)>   -0.08256
|3^CS(4->0)>   -0.06900
|3^CS(15->0')>   -0.12834
|3^CS(10->0')>    0.06986
|3^CS(1->0')>    0.10359
|3^SV(0->1')>   -0.14805
|3^SV(0->2')>   -0.25392
|3^SV(0->3')>   -0.19635
|3^SV(0->4')>   -0.14951
|3^SV(0->17')>   -0.05573
|3^SV(0->18')>   -0.05844
|3^SV(0'->1')>   -0.37457
|3^SV(0'->2')>   -0.36864
|3^SV(0'->3')>   -0.28230
|3^SV(0'->4')>   -0.35149
|3^SV(0'->7')>    0.11175
|3^SV(0'->16')>    0.05189
|3^SV(0'->17')>   -0.09327
|3^SV(0'->18')>   -0.08956
|3^SV(0'->19')>   -0.07412
|3^SV(0'->20')>    0.05014
|3X^CV(15->1')>   -0.06805
|3X^CV(15->2')>   -0.10056
|3X^CV(15->3')>   -0.09569
|3X^CV(15->4')>   -0.10281
|3X^CV(11->6')>    0.18233
|3X^CV(10->4')>    0.06961
|3X^CV(9->1')>    0.05095
|3X^CV(9->2')>    0.09218
|3X^CV(9->3')>    0.06182
|3X^CV(4->2')>    0.07464
|3X^CV(4->3')>    0.05338
|3X^CV(2->10')>   -0.05299
|3X^CV(1->1')>    0.17451
|3X^CV(1->2')>    0.09050
|3X^CV(1->4')>    0.05673
TDMs with Triplet 'Ground' state
TDMX:2.618   TDMY:-1.610   TDMZ:-0.521   Oscillator Strength:0.55231   <S**2>: 2.000
--------------------------------------------------------------------
TDMs with Singlet 'Ground' state
TDMX:-0.000   TDMY:0.000   TDMZ:0.000   Oscillator Strength:0.00000   <S**2>: 2.000
--------------------------------------------------------------------


State 4 2.444 eV 
Excitation    CI Coef
|3^OS>   -0.05065
|3^CS(21->0)>   -0.06795
|3^CS(16->0)>    0.17337
|3^CS(10->0)>   -0.09751
|3^CS(9->0)>    0.12941
|3^CS(4->0)>    0.10225
|3^CS(1->0)>   -0.17301
|3^CS(20->0')>    0.05534
|3^CS(16->0')>    0.09557
|3^CS(10->0')>   -0.07584
|3^CS(9->0')>    0.08962
|3^CS(4->0')>    0.06820
|3^CS(1->0')>   -0.10693
|3^SV(0->1')>   -0.31514
|3^SV(0->2')>    0.30707
|3^SV(0->3')>    0.20306
|3^SV(0->4')>   -0.36327
|3^SV(0->7')>    0.11268
|3^SV(0->17')>   -0.07851
|3^SV(0->18')>    0.06231
|3^SV(0->19')>   -0.07246
|3^SV(0'->1')>    0.13652
|3^SV(0'->2')>   -0.28342
|3^SV(0'->3')>   -0.19427
|3^SV(0'->4')>    0.12978
|3^SV(0'->18')>   -0.06303
|3X^CV(16->1')>    0.06880
|3X^CV(16->2')>   -0.10819
|3X^CV(16->3')>   -0.09033
|3X^CV(16->4')>    0.12484
|3X^CV(12->5')>   -0.20910
|3X^CV(10->2')>    0.05122
|3X^CV(10->3')>    0.05334
|3X^CV(10->4')>   -0.05721
|3X^CV(9->1')>    0.07155
|3X^CV(9->2')>   -0.07275
|3X^CV(9->4')>    0.07875
|3X^CV(8->11')>   -0.06440
|3X^CV(5->13')>    0.05874
|3X^CV(4->2')>   -0.05871
|3X^CV(4->4')>    0.07106
|3X^CV(3->9')>   -0.09602
|3X^CV(1->1')>   -0.14988
|3X^CV(1->2')>    0.13295
|3X^CV(1->3')>    0.05174
|3X^CV(1->4')>   -0.05020
|3^SVD(1,4)>    0.05143
TDMs with Triplet 'Ground' state
TDMX:-0.768   TDMY:1.727   TDMZ:0.195   Oscillator Strength:0.20969   <S**2>: 2.000
--------------------------------------------------------------------
TDMs with Singlet 'Ground' state
TDMX:-0.000   TDMY:0.000   TDMZ:0.000   Oscillator Strength:0.00000   <S**2>: 2.000
--------------------------------------------------------------------


State 5 2.537 eV 
Excitation    CI Coef
|1^OS>    0.07165
|1^ZW->    0.06387
|1^ZW+>    0.17301
|1^CS(16->0)>   -0.19869
|1^CS(10->0)>    0.13819
|1^CS(9->0)>   -0.18269
|1^CS(4->0)>   -0.12535
|1^CS(1->0)>    0.25359
|1^CS(16->0')>   -0.11822
|1^CS(10->0')>    0.07534
|1^CS(9->0')>   -0.12716
|1^CS(4->0')>   -0.07116
|1^CS(1->0')>    0.17311
|1^SV(0->1')>   -0.15032
|1^SV(0->2')>    0.23420
|1^SV(0->3')>    0.14105
|1^SV(0->4')>   -0.17903
|1^SV(0->7')>    0.07004
|1^SV(0'->1')>   -0.27316
|1^SV(0'->2')>    0.24054
|1^SV(0'->3')>    0.11683
|1^SV(0'->4')>   -0.18180
|1^SV(0'->7')>    0.05110
|1T^CV(24->4')>    0.05015
|1T^CV(16->1')>   -0.05839
|1T^CV(16->2')>    0.09544
|1T^CV(16->3')>    0.09573
|1T^CV(16->4')>   -0.12864
|1T^CV(12->5')>    0.21361
|1T^CV(10->4')>    0.07130
|1T^CV(9->1')>   -0.10363
|1T^CV(9->2')>    0.10763
|1T^CV(8->11')>    0.06506
|1T^CV(5->13')>   -0.07299
|1T^CV(4->2')>    0.06288
|1T^CV(4->4')>   -0.06713
|1T^CV(3->9')>    0.10074
|1T^CV(1->1')>    0.28173
|1T^CV(1->2')>   -0.19862
TDMs with Triplet 'Ground' state
TDMX:0.000   TDMY:-0.000   TDMZ:-0.000   Oscillator Strength:0.00000   <S**2>: 0.000
--------------------------------------------------------------------
TDMs with Singlet 'Ground' state
TDMX:-1.261   TDMY:0.489   TDMZ:0.245   Oscillator Strength:0.11749   <S**2>: 0.000
--------------------------------------------------------------------


State 6 2.555 eV 
Excitation    CI Coef
|1^CS(3->0)>    0.24039
|1^CS(2->0)>    0.25924
|1^CS(3->0')>    0.23314
|1^CS(2->0')>   -0.32251
|1^SV(0->9')>    0.34122
|1^SV(0->10')>   -0.20667
|1^SV(0'->9')>    0.05773
|1^SV(0'->10')>    0.41362
|1T^CV(18->25')>   -0.06354
|1T^CV(16->9')>    0.05016
|1T^CV(15->10')>    0.06803
|1T^CV(15->22')>    0.05507
|1T^CV(13->9')>    0.08659
|1T^CV(13->10')>   -0.07369
|1T^CV(10->9')>    0.06500
|1T^CV(10->10')>    0.17002
|1T^CV(9->9')>   -0.11046
|1T^CV(9->10')>    0.08615
|1T^CV(8->11')>   -0.14498
|1T^CV(7->12')>   -0.19116
|1T^CV(6->13')>   -0.05165
|1T^CV(6->14')>    0.17486
|1T^CV(5->13')>   -0.11255
|1T^CV(5->14')>   -0.08146
|1T^CV(4->9')>   -0.05908
|1T^CV(3->4')>   -0.06429
|1T^CV(3->15')>   -0.13114
|1T^CV(3->16')>    0.07971
|1T^CV(3->17')>    0.07135
|1T^CV(2->2')>    0.07139
|1T^CV(2->3')>    0.06552
|1T^CV(2->4')>    0.05858
|1T^CV(2->15')>    0.11010
|1T^CV(2->16')>    0.19465
|1T^CV(2->17')>   -0.07570
|1T^CV(1->10')>    0.06077
TDMs with Triplet 'Ground' state
TDMX:0.000   TDMY:-0.000   TDMZ:-0.000   Oscillator Strength:0.00000   <S**2>: 0.000
--------------------------------------------------------------------
TDMs with Singlet 'Ground' state
TDMX:-0.806   TDMY:-0.179   TDMZ:0.199   Oscillator Strength:0.04519   <S**2>: 0.000
--------------------------------------------------------------------


State 7 2.632 eV 
Excitation    CI Coef
|1^ZW+>   -0.12392
|1^CS(10->0)>    0.05807
|1^CS(4->0)>   -0.05738
|1^CS(4->0')>   -0.11361
|1^CS(1->0')>    0.07905
|1^SV(0->1')>   -0.09926
|1^SV(0->4')>   -0.08825
|1^SV(0'->1')>   -0.07268
|1^SV(0'->2')>   -0.10251
|1^SV(0'->3')>    0.15361
|1T^CV(27->23')>   -0.07873
|1T^CV(26->27')>   -0.07199
|1T^CV(25->20')>    0.05548
|1T^CV(25->26')>   -0.06151
|1T^CV(22->1')>    0.07977
|1T^CV(22->7')>    0.13801
|1T^CV(22->15')>    0.08970
|1T^CV(22->17')>    0.09761
|1T^CV(17->3')>    0.10258
|1T^CV(17->8')>   -0.12934
|1T^CV(17->18')>   -0.08597
|1T^CV(15->3')>   -0.05241
|1T^CV(14->2')>   -0.08253
|1T^CV(14->8')>   -0.13949
|1T^CV(14->18')>    0.06603
|1T^CV(13->1')>    0.14698
|1T^CV(13->4')>   -0.18549
|1T^CV(13->7')>   -0.19013
|1T^CV(12->5')>    0.05027
|1T^CV(10->2')>   -0.10680
|1T^CV(10->3')>    0.07636
|1T^CV(9->1')>    0.27982
|1T^CV(9->4')>   -0.17042
|1T^CV(9->7')>   -0.07301
|1T^CV(4->1')>   -0.35465
|1T^CV(4->7')>   -0.14740
|1T^CV(1->1')>    0.13096
|1T^CV(1->2')>    0.38568
|1T^CV(1->3')>   -0.37435
TDMs with Triplet 'Ground' state
TDMX:-0.000   TDMY:0.000   TDMZ:0.000   Oscillator Strength:0.00000   <S**2>: 0.000
--------------------------------------------------------------------
TDMs with Singlet 'Ground' state
TDMX:-0.309   TDMY:0.369   TDMZ:0.069   Oscillator Strength:0.01527   <S**2>: 0.000
--------------------------------------------------------------------


State 8 2.640 eV 
Excitation    CI Coef
|3^CS(3->0)>    0.05445
|3^CS(1->0)>   -0.05029
|3^CS(4->0')>   -0.09514
|3^CS(2->0')>    0.06913
|3^SV(0->1')>    0.05590
|3^SV(0->4')>    0.06068
|3^SV(0'->2')>   -0.08368
|3^SV(0'->3')>    0.13024
|3X^CV(27->23')>   -0.08222
|3X^CV(26->7')>   -0.05128
|3X^CV(26->27')>   -0.07525
|3X^CV(25->20')>    0.05922
|3X^CV(25->26')>   -0.06310
|3X^CV(22->1')>    0.08502
|3X^CV(22->7')>    0.14447
|3X^CV(22->15')>    0.09388
|3X^CV(22->17')>    0.10257
|3X^CV(17->3')>    0.10566
|3X^CV(17->8')>   -0.13603
|3X^CV(17->18')>   -0.09089
|3X^CV(14->2')>   -0.08539
|3X^CV(14->8')>   -0.14651
|3X^CV(14->18')>    0.06935
|3X^CV(13->1')>    0.15891
|3X^CV(13->4')>   -0.19382
|3X^CV(13->7')>   -0.19853
|3X^CV(10->2')>   -0.10641
|3X^CV(10->3')>    0.08522
|3X^CV(9->1')>    0.30262
|3X^CV(9->4')>   -0.16896
|3X^CV(9->7')>   -0.07628
|3X^CV(4->1')>   -0.36939
|3X^CV(4->7')>   -0.15496
|3X^CV(1->2')>    0.41344
|3X^CV(1->3')>   -0.37991
TDMs with Triplet 'Ground' state
TDMX:0.013   TDMY:0.004   TDMZ:-0.001   Oscillator Strength:0.00001   <S**2>: 2.000
--------------------------------------------------------------------
TDMs with Singlet 'Ground' state
TDMX:-0.000   TDMY:0.000   TDMZ:0.000   Oscillator Strength:0.00000   <S**2>: 2.000
--------------------------------------------------------------------


State 9 2.647 eV 
Excitation    CI Coef
|1^CS(19->0)>   -0.07967
|1^CS(3->0)>    0.47307
|1^CS(2->0)>   -0.10928
|1^CS(18->0')>    0.06159
|1^CS(3->0')>    0.23616
|1^CS(2->0')>    0.33569
|1^SV(0->9')>    0.23877
|1^SV(0->10')>    0.21234
|1^SV(0'->9')>    0.26241
|1^SV(0'->10')>   -0.19161
|1T^CV(19->24')>    0.07254
|1T^CV(18->25')>    0.06140
|1T^CV(16->9')>    0.06848
|1T^CV(16->21')>   -0.05348
|1T^CV(13->9')>    0.06303
|1T^CV(13->10')>    0.08559
|1T^CV(10->9')>    0.16941
|1T^CV(10->10')>   -0.06358
|1T^CV(9->9')>   -0.08478
|1T^CV(9->10')>   -0.10660
|1T^CV(8->11')>   -0.19544
|1T^CV(7->12')>    0.13848
|1T^CV(6->13')>   -0.07982
|1T^CV(6->14')>   -0.13962
|1T^CV(5->13')>   -0.17346
|1T^CV(5->14')>    0.06516
|1T^CV(4->10')>   -0.05659
|1T^CV(3->2')>    0.07124
|1T^CV(3->3')>    0.05942
|1T^CV(3->4')>   -0.06367
|1T^CV(3->15')>   -0.13664
|1T^CV(3->16')>    0.16976
|1T^CV(3->17')>    0.06931
|1T^CV(2->4')>   -0.06035
|1T^CV(2->15')>   -0.11718
|1T^CV(2->16')>   -0.10588
|1T^CV(2->17')>    0.07414
|1T^CV(1->9')>    0.05571
TDMs with Triplet 'Ground' state
TDMX:0.000   TDMY:-0.000   TDMZ:-0.000   Oscillator Strength:0.00000   <S**2>: 0.000
--------------------------------------------------------------------
TDMs with Singlet 'Ground' state
TDMX:0.842   TDMY:-0.608   TDMZ:-0.236   Oscillator Strength:0.07357   <S**2>: 0.000
--------------------------------------------------------------------


State 10 2.662 eV 
Excitation    CI Coef
|3^CS(19->0)>    0.06731
|3^CS(3->0)>   -0.43551
|3^CS(2->0)>    0.10515
|3^CS(3->0')>   -0.24144
|3^CS(2->0')>   -0.34560
|3^SV(0->9')>    0.26622
|3^SV(0->10')>    0.22332
|3^SV(0'->9')>   -0.25258
|3^SV(0'->10')>    0.17393
|3X^CV(19->24')>   -0.07371
|3X^CV(18->25')>   -0.05677
|3X^CV(16->9')>   -0.07233
|3X^CV(16->21')>    0.05181
|3X^CV(15->10')>    0.05558
|3X^CV(13->9')>   -0.06820
|3X^CV(13->10')>   -0.09112
|3X^CV(10->9')>   -0.17416
|3X^CV(10->10')>    0.06407
|3X^CV(9->9')>    0.08766
|3X^CV(9->10')>    0.10820
|3X^CV(8->11')>    0.19254
|3X^CV(7->12')>   -0.13406
|3X^CV(6->13')>    0.08763
|3X^CV(6->14')>    0.12245
|3X^CV(5->13')>    0.19046
|3X^CV(5->14')>   -0.05718
|3X^CV(4->10')>    0.05493
|3X^CV(3->2')>   -0.07392
|3X^CV(3->3')>   -0.05858
|3X^CV(3->4')>    0.06534
|3X^CV(3->15')>    0.14553
|3X^CV(3->16')>   -0.17851
|3X^CV(3->17')>   -0.07421
|3X^CV(2->4')>    0.05842
|3X^CV(2->15')>    0.12153
|3X^CV(2->16')>    0.10638
|3X^CV(2->17')>   -0.07795
|3X^CV(1->2')>    0.05788
|3X^CV(1->3')>   -0.05058
|3X^CV(1->9')>   -0.05625
TDMs with Triplet 'Ground' state
TDMX:-0.118   TDMY:-0.594   TDMZ:0.004   Oscillator Strength:0.02327   <S**2>: 2.000
--------------------------------------------------------------------
TDMs with Singlet 'Ground' state
TDMX:-0.000   TDMY:0.000   TDMZ:0.000   Oscillator Strength:0.00000   <S**2>: 2.000
--------------------------------------------------------------------


State 11 2.665 eV 
Excitation    CI Coef
|5^CV(27->23')>   -0.08413
|5^CV(26->7')>   -0.05265
|5^CV(26->27')>   -0.07766
|5^CV(25->20')>    0.06212
|5^CV(25->26')>   -0.06327
|5^CV(22->1')>    0.09105
|5^CV(22->7')>    0.15059
|5^CV(22->15')>    0.09646
|5^CV(22->17')>    0.10546
|5^CV(17->2')>   -0.05039
|5^CV(17->3')>    0.10953
|5^CV(17->8')>   -0.14049
|5^CV(17->18')>   -0.09440
|5^CV(16->3')>   -0.05354
|5^CV(15->3')>   -0.05749
|5^CV(14->2')>   -0.08631
|5^CV(14->8')>   -0.14965
|5^CV(14->18')>    0.07177
|5^CV(13->1')>    0.17125
|5^CV(13->4')>   -0.20085
|5^CV(13->7')>   -0.20361
|5^CV(10->2')>   -0.09950
|5^CV(10->3')>    0.09932
|5^CV(9->1')>    0.32664
|5^CV(9->4')>   -0.16088
|5^CV(9->7')>   -0.08331
|5^CV(4->1')>   -0.37181
|5^CV(4->7')>   -0.16513
|5^CV(1->2')>    0.44754
|5^CV(1->3')>   -0.37865
TDMs with Triplet 'Ground' state
TDMX:-0.000   TDMY:-0.000   TDMZ:0.000   Oscillator Strength:0.00000   <S**2>: 6.000
--------------------------------------------------------------------
TDMs with Singlet 'Ground' state
TDMX:-0.000   TDMY:0.000   TDMZ:0.000   Oscillator Strength:0.00000   <S**2>: 6.000
--------------------------------------------------------------------


State 12 2.710 eV 
Excitation    CI Coef
|1^OS>   -0.07788
|1^ZW+>    0.06159
|1^CS(16->0)>   -0.06980
|1^CS(10->0)>    0.07320
|1^CS(9->0)>   -0.08542
|1^CS(4->0)>   -0.10945
|1^CS(1->0)>    0.06194
|1^CS(10->0')>    0.10794
|1^SV(0->2')>    0.07009
|1^SV(0->3')>    0.13752
|1^SV(0->4')>   -0.06564
|1^SV(0'->1')>    0.21140
|1^SV(0'->4')>   -0.21393
|1T^CV(25->23')>   -0.06489
|1T^CV(22->8')>    0.09817
|1T^CV(17->4')>   -0.10454
|1T^CV(17->7')>   -0.15741
|1T^CV(16->2')>    0.07757
|1T^CV(16->7')>    0.06327
|1T^CV(14->1')>    0.10946
|1T^CV(14->15')>   -0.05123
|1T^CV(14->17')>   -0.07851
|1T^CV(13->2')>   -0.19359
|1T^CV(13->3')>    0.23036
|1T^CV(13->8')>   -0.10515
|1T^CV(13->18')>   -0.05439
|1T^CV(12->5')>    0.09472
|1T^CV(10->1')>    0.12915
|1T^CV(10->4')>   -0.05800
|1T^CV(9->2')>   -0.14799
|1T^CV(9->3')>    0.16326
|1T^CV(9->4')>   -0.05219
|1T^CV(9->8')>   -0.12008
|1T^CV(4->1')>   -0.05267
|1T^CV(4->3')>    0.07387
|1T^CV(4->8')>    0.05531
|1T^CV(3->9')>    0.06493
|1T^CV(1->1')>   -0.53786
|1T^CV(1->4')>    0.34076
|1T^CV(1->7')>    0.12316
TDMs with Triplet 'Ground' state
TDMX:0.000   TDMY:-0.000   TDMZ:-0.000   Oscillator Strength:0.00000   <S**2>: 0.000
--------------------------------------------------------------------
TDMs with Singlet 'Ground' state
TDMX:-0.110   TDMY:-0.284   TDMZ:0.014   Oscillator Strength:0.00618   <S**2>: 0.000
--------------------------------------------------------------------


State 13 2.724 eV 
Excitation    CI Coef
|3^CS(10->0)>    0.05856
|3^CS(9->0)>   -0.05454
|3^CS(4->0)>   -0.07228
|3^CS(10->0')>    0.09513
|3^SV(0->1')>   -0.05015
|3^SV(0->3')>   -0.11307
|3^SV(0->16')>   -0.05595
|3^SV(0'->1')>    0.17896
|3^SV(0'->4')>   -0.18688
|3X^CV(25->17')>   -0.05236
|3X^CV(25->23')>   -0.06817
|3X^CV(22->8')>    0.10317
|3X^CV(17->4')>   -0.10880
|3X^CV(17->7')>   -0.16796
|3X^CV(16->2')>    0.05368
|3X^CV(16->7')>    0.05282
|3X^CV(14->1')>    0.11574
|3X^CV(14->15')>   -0.05312
|3X^CV(14->17')>   -0.08284
|3X^CV(13->2')>   -0.20805
|3X^CV(13->3')>    0.24446
|3X^CV(13->8')>   -0.11239
|3X^CV(13->18')>   -0.05441
|3X^CV(10->1')>    0.13173
|3X^CV(10->4')>   -0.07308
|3X^CV(9->2')>   -0.17054
|3X^CV(9->3')>    0.16237
|3X^CV(9->8')>   -0.12480
|3X^CV(8->11')>    0.05258
|3X^CV(4->3')>    0.06865
|3X^CV(4->8')>    0.06046
|3X^CV(3->9')>    0.07313
|3X^CV(1->1')>   -0.58742
|3X^CV(1->4')>    0.33762
|3X^CV(1->7')>    0.13360
TDMs with Triplet 'Ground' state
TDMX:-0.140   TDMY:0.305   TDMZ:0.036   Oscillator Strength:0.00740   <S**2>: 2.000
--------------------------------------------------------------------
TDMs with Singlet 'Ground' state
TDMX:0.000   TDMY:-0.000   TDMZ:-0.000   Oscillator Strength:0.00000   <S**2>: 2.000
--------------------------------------------------------------------


State 14 2.729 eV 
Excitation    CI Coef
|3^CS(3->0)>   -0.23353
|3^CS(2->0)>   -0.26547
|3^CS(3->0')>   -0.18584
|3^CS(2->0')>    0.32036
|3^SV(0->9')>    0.30914
|3^SV(0->10')>   -0.14741
|3^SV(0'->10')>   -0.39862
|3X^CV(18->25')>    0.06653
|3X^CV(16->9')>   -0.05294
|3X^CV(15->10')>   -0.08039
|3X^CV(15->22')>   -0.05758
|3X^CV(13->9')>   -0.09403
|3X^CV(13->10')>    0.08140
|3X^CV(10->9')>   -0.06708
|3X^CV(10->10')>   -0.18981
|3X^CV(9->9')>    0.11890
|3X^CV(9->10')>   -0.09468
|3X^CV(8->11')>    0.16743
|3X^CV(7->12')>    0.21672
|3X^CV(6->13')>    0.06673
|3X^CV(6->14')>   -0.19757
|3X^CV(5->13')>    0.14535
|3X^CV(5->14')>    0.09204
|3X^CV(4->9')>    0.06199
|3X^CV(3->4')>    0.06910
|3X^CV(3->15')>    0.14416
|3X^CV(3->16')>   -0.08993
|3X^CV(3->17')>   -0.07804
|3X^CV(2->2')>   -0.07442
|3X^CV(2->3')>   -0.06999
|3X^CV(2->4')>   -0.06336
|3X^CV(2->15')>   -0.12491
|3X^CV(2->16')>   -0.22041
|3X^CV(2->17')>    0.08610
|3X^CV(1->10')>   -0.06209
TDMs with Triplet 'Ground' state
TDMX:0.203   TDMY:-0.096   TDMZ:-0.056   Oscillator Strength:0.00350   <S**2>: 2.000
--------------------------------------------------------------------
TDMs with Singlet 'Ground' state
TDMX:-0.000   TDMY:0.000   TDMZ:0.000   Oscillator Strength:0.00000   <S**2>: 2.000
--------------------------------------------------------------------


State 15 2.730 eV 
Excitation    CI Coef
|1^ZW->    0.11664
|1^ZW+>   -0.25344
|1^CS(21->0)>    0.06660
|1^CS(20->0)>    0.07592
|1^CS(15->0)>   -0.07775
|1^CS(13->0)>    0.09601
|1^CS(10->0)>   -0.11738
|1^CS(9->0)>   -0.10319
|1^CS(21->0')>   -0.11443
|1^CS(20->0')>   -0.13414
|1^CS(15->0')>    0.14355
|1^CS(13->0')>   -0.17178
|1^CS(10->0')>    0.21099
|1^CS(9->0')>    0.15345
|1^CS(4->0')>    0.06868
|1^CS(1->0')>    0.06111
|1^SV(0->1')>   -0.12556
|1^SV(0->2')>   -0.06699
|1^SV(0->15')>    0.21635
|1^SV(0->16')>    0.26278
|1^SV(0->17')>   -0.16870
|1^SV(0->18')>   -0.05524
|1^SV(0->25')>   -0.07087
|1^SV(0'->15')>   -0.20328
|1^SV(0'->16')>   -0.29393
|1^SV(0'->17')>    0.16194
|1^SV(0'->18')>    0.05845
|1^SV(0'->25')>    0.07707
|1T^CV(18->22')>    0.09397
|1T^CV(15->25')>   -0.05919
|1T^CV(13->4')>    0.05932
|1T^CV(13->16')>    0.05190
|1T^CV(10->3')>   -0.07003
|1T^CV(10->15')>   -0.05178
|1T^CV(10->16')>   -0.09360
|1T^CV(9->1')>   -0.07452
|1T^CV(9->15')>   -0.05629
|1T^CV(9->16')>   -0.06144
|1T^CV(7->12')>    0.22457
|1T^CV(6->14')>    0.18493
|1T^CV(5->14')>   -0.08603
|1T^CV(2->9')>    0.08696
|1T^CV(2->10')>   -0.32988
|1T^CV(1->2')>   -0.08678
TDMs with Triplet 'Ground' state
TDMX:-0.000   TDMY:0.000   TDMZ:0.000   Oscillator Strength:0.00000   <S**2>: 0.000
--------------------------------------------------------------------
TDMs with Singlet 'Ground' state
TDMX:-2.274   TDMY:2.063   TDMZ:0.461   Oscillator Strength:0.64492   <S**2>: 0.000
--------------------------------------------------------------------


State 16 2.753 eV 
Excitation    CI Coef
|5^CV(27->18')>   -0.05249
|5^CV(26->26')>   -0.05108
|5^CV(25->17')>    0.05879
|5^CV(25->23')>    0.06985
|5^CV(22->8')>   -0.10737
|5^CV(17->4')>    0.10901
|5^CV(17->7')>    0.17935
|5^CV(16->3')>    0.06631
|5^CV(16->4')>   -0.07570
|5^CV(15->3')>   -0.08091
|5^CV(15->4')>   -0.06547
|5^CV(14->1')>   -0.11527
|5^CV(14->15')>    0.05491
|5^CV(14->17')>    0.08645
|5^CV(13->2')>    0.22952
|5^CV(13->3')>   -0.24491
|5^CV(13->8')>    0.11787
|5^CV(12->5')>    0.06825
|5^CV(11->6')>    0.07217
|5^CV(10->1')>   -0.11725
|5^CV(10->4')>    0.11384
|5^CV(9->2')>    0.22865
|5^CV(9->3')>   -0.12444
|5^CV(9->8')>    0.12278
|5^CV(4->8')>   -0.06741
|5^CV(1->1')>    0.68920
|5^CV(1->4')>   -0.27879
|5^CV(1->7')>   -0.14771
|5^CV(1->17')>    0.06267
TDMs with Triplet 'Ground' state
TDMX:-0.000   TDMY:0.000   TDMZ:0.000   Oscillator Strength:0.00000   <S**2>: 6.000
--------------------------------------------------------------------
TDMs with Singlet 'Ground' state
TDMX:0.000   TDMY:-0.000   TDMZ:-0.000   Oscillator Strength:0.00000   <S**2>: 6.000
--------------------------------------------------------------------


State 17 2.820 eV 
Excitation    CI Coef
|3^OS>   -0.09935
|3^CS(21->0)>   -0.11847
|3^CS(20->0)>    0.13176
|3^CS(16->0)>    0.12007
|3^CS(13->0)>    0.16965
|3^CS(10->0)>    0.23900
|3^CS(9->0)>   -0.18765
|3^CS(4->0)>   -0.07919
|3^CS(1->0)>    0.06298
|3^CS(21->0')>   -0.09859
|3^CS(20->0')>    0.08545
|3^CS(16->0')>    0.08615
|3^CS(13->0')>    0.09306
|3^CS(10->0')>    0.22238
|3^CS(9->0')>   -0.13257
|3^CS(4->0')>   -0.05552
|3^SV(0->1')>   -0.09149
|3^SV(0->2')>    0.07382
|3^SV(0->9')>    0.05357
|3^SV(0->15')>    0.22584
|3^SV(0->16')>   -0.28265
|3^SV(0->17')>   -0.14267
|3^SV(0->18')>    0.06810
|3^SV(0->24')>    0.07537
|3^SV(0'->4')>    0.05702
|3^SV(0'->15')>   -0.18096
|3^SV(0'->16')>    0.09510
|3^SV(0'->17')>    0.12148
|3X^CV(19->21')>   -0.09812
|3X^CV(16->24')>    0.05633
|3X^CV(13->2')>    0.08049
|3X^CV(13->16')>    0.07356
|3X^CV(10->1')>   -0.06692
|3X^CV(10->4')>   -0.06009
|3X^CV(10->7')>    0.05486
|3X^CV(10->15')>   -0.10644
|3X^CV(10->16')>    0.05601
|3X^CV(9->3')>   -0.09701
|3X^CV(9->15')>    0.05069
|3X^CV(9->16')>   -0.07390
|3X^CV(8->11')>    0.26581
|3X^CV(6->13')>   -0.09377
|3X^CV(6->14')>    0.06761
|3X^CV(5->13')>   -0.20361
|3X^CV(4->3')>   -0.05405
|3X^CV(3->9')>    0.33598
|3X^CV(3->10')>    0.10712
|3X^CV(2->9')>    0.07441
|3X^CV(2->10')>   -0.06258
|3X^CV(1->1')>    0.05510
|3X^CV(1->4')>   -0.12684
TDMs with Triplet 'Ground' state
TDMX:-2.167   TDMY:2.962   TDMZ:0.488   Oscillator Strength:0.92286   <S**2>: 2.000
--------------------------------------------------------------------
TDMs with Singlet 'Ground' state
TDMX:0.000   TDMY:-0.000   TDMZ:-0.000   Oscillator Strength:0.00000   <S**2>: 2.000
--------------------------------------------------------------------


State 18 2.858 eV 
Excitation    CI Coef
|1^ZW->   -0.05290
|1^ZW+>   -0.65735
|1^CS(21->0)>   -0.13263
|1^CS(16->0)>    0.08324
|1^CS(15->0)>    0.08335
|1^CS(13->0)>    0.06871
|1^CS(10->0)>    0.24267
|1^CS(9->0)>   -0.11958
|1^CS(4->0)>   -0.06996
|1^CS(1->0)>   -0.06732
|1^CS(13->0')>    0.06537
|1^CS(10->0')>    0.07448
|1^CS(9->0')>   -0.06469
|1^CS(1->0')>    0.08595
|1^SV(0->1')>   -0.14453
|1^SV(0->4')>   -0.05165
|1^SV(0->15')>   -0.13491
|1^SV(0->16')>    0.08337
|1^SV(0->17')>    0.07056
|1^SV(0'->2')>   -0.09358
|1^SV(0'->3')>   -0.07669
|1^SV(0'->15')>   -0.07042
|1^SV(0'->16')>    0.23809
|1S^CV(4->1')>   -0.05120
|1S^CV(1->2')>   -0.06047
|1T^CV(19->21')>   -0.06028
|1T^CV(13->1')>   -0.07945
|1T^CV(13->7')>    0.06685
|1T^CV(11->6')>    0.05747
|1T^CV(10->2')>    0.05633
|1T^CV(10->16')>    0.08628
|1T^CV(9->4')>    0.09581
|1T^CV(9->15')>    0.05549
|1T^CV(8->11')>    0.14695
|1T^CV(7->12')>   -0.06441
|1T^CV(6->13')>   -0.06230
|1T^CV(6->14')>   -0.05597
|1T^CV(5->13')>   -0.13530
|1T^CV(3->9')>    0.21276
|1T^CV(2->10')>    0.10029
|1T^CV(1->3')>    0.14694
|1^SVD_(16',16')>    0.05075
TDMs with Triplet 'Ground' state
TDMX:0.000   TDMY:-0.000   TDMZ:-0.000   Oscillator Strength:0.00000   <S**2>: 0.000
--------------------------------------------------------------------
TDMs with Singlet 'Ground' state
TDMX:1.198   TDMY:-0.938   TDMZ:-0.235   Oscillator Strength:0.16587   <S**2>: 0.000
--------------------------------------------------------------------


State 19 2.893 eV 
Excitation    CI Coef
|3^CS(21->0)>    0.08054
|3^CS(15->0)>   -0.07887
|3^CS(10->0)>   -0.16620
|3^CS(20->0')>   -0.06443
|3^CS(15->0')>    0.11956
|3^CS(13->0')>   -0.07928
|3^CS(10->0')>    0.08818
|3^CS(9->0')>    0.11038
|3^SV(0->15')>   -0.20207
|3^SV(0->16')>   -0.15881
|3^SV(0->17')>    0.14257
|3^SV(0->25')>    0.05980
|3^SV(0'->7')>    0.06137
|3^SV(0'->10')>   -0.05210
|3^SV(0'->15')>   -0.23548
|3^SV(0'->16')>   -0.39135
|3^SV(0'->17')>    0.17374
|3^SV(0'->18')>    0.06464
|3^SV(0'->25')>    0.08610
|3X^CV(18->22')>    0.11716
|3X^CV(15->16')>   -0.05996
|3X^CV(15->25')>   -0.06771
|3X^CV(13->15')>    0.05791
|3X^CV(13->16')>    0.06657
|3X^CV(10->2')>   -0.05692
|3X^CV(10->3')>   -0.05624
|3X^CV(10->15')>   -0.07007
|3X^CV(10->16')>   -0.13157
|3X^CV(9->15')>   -0.07218
|3X^CV(9->16')>   -0.07507
|3X^CV(8->11')>   -0.05549
|3X^CV(7->12')>    0.31615
|3X^CV(6->14')>    0.25435
|3X^CV(5->14')>   -0.11836
|3X^CV(3->9')>   -0.08058
|3X^CV(3->10')>    0.05036
|3X^CV(2->9')>    0.10435
|3X^CV(2->10')>   -0.40793
TDMs with Triplet 'Ground' state
TDMX:-0.824   TDMY:0.621   TDMZ:0.174   Oscillator Strength:0.07567   <S**2>: 2.000
--------------------------------------------------------------------
TDMs with Singlet 'Ground' state
TDMX:-0.000   TDMY:0.000   TDMZ:0.000   Oscillator Strength:0.00000   <S**2>: 2.000
--------------------------------------------------------------------


State 20 2.940 eV 
Excitation    CI Coef
|5^CV(42->19')>    0.05653
|5^CV(36->6')>    0.05400
|5^CV(24->4')>    0.06799
|5^CV(24->19')>   -0.08093
|5^CV(23->2')>   -0.08168
|5^CV(23->20')>   -0.08314
|5^CV(21->4')>    0.07017
|5^CV(20->2')>    0.06792
|5^CV(17->1')>    0.07501
|5^CV(17->4')>   -0.07590
|5^CV(17->7')>   -0.05008
|5^CV(16->1')>   -0.06728
|5^CV(16->2')>    0.09361
|5^CV(16->4')>   -0.07307
|5^CV(16->17')>   -0.05176
|5^CV(15->1')>   -0.11327
|5^CV(15->2')>   -0.17491
|5^CV(15->3')>   -0.10849
|5^CV(15->4')>   -0.12970
|5^CV(15->7')>    0.07158
|5^CV(15->17')>   -0.08649
|5^CV(15->18')>   -0.08512
|5^CV(15->19')>   -0.05895
|5^CV(14->1')>    0.08178
|5^CV(14->15')>   -0.05136
|5^CV(13->2')>   -0.07670
|5^CV(13->3')>    0.12526
|5^CV(13->16')>   -0.07611
|5^CV(13->18')>   -0.05304
|5^CV(12->5')>    0.23324
|5^CV(12->6')>    0.06430
|5^CV(11->6')>    0.43199
|5^CV(10->1')>    0.10341
|5^CV(10->4')>    0.12126
|5^CV(10->7')>   -0.10064
|5^CV(10->15')>    0.06310
|5^CV(10->19')>    0.05290
|5^CV(9->2')>    0.11945
|5^CV(9->3')>    0.23190
|5^CV(9->8')>   -0.08562
|5^CV(8->11')>   -0.07076
|5^CV(7->12')>   -0.13339
|5^CV(6->14')>   -0.12039
|5^CV(5->13')>    0.06482
|5^CV(5->14')>    0.05598
|5^CV(4->1')>    0.05923
|5^CV(4->2')>    0.17540
|5^CV(4->3')>    0.17885
|5^CV(3->9')>   -0.07024
|5^CV(2->9')>   -0.05252
|5^CV(2->10')>    0.14084
|5^CV(1->1')>    0.20340
|5^CV(1->2')>    0.09001
|5^CV(1->3')>    0.08878
|5^CV(1->4')>    0.35513
|5^CV(1->7')>    0.06851
TDMs with Triplet 'Ground' state
TDMX:-0.000   TDMY:-0.000   TDMZ:0.000   Oscillator Strength:0.00000   <S**2>: 6.000
--------------------------------------------------------------------
TDMs with Singlet 'Ground' state
TDMX:-0.000   TDMY:0.000   TDMZ:0.000   Oscillator Strength:0.00000   <S**2>: 6.000
--------------------------------------------------------------------


State 21 2.947 eV 
Excitation    CI Coef
|1^OS>    0.18145
|1^ZW->    0.13703
|1^ZW+>   -0.33022
|1^CS(21->0)>    0.07080
|1^CS(20->0)>   -0.13022
|1^CS(16->0)>   -0.11040
|1^CS(15->0)>    0.05829
|1^CS(13->0)>   -0.16793
|1^CS(10->0)>   -0.15517
|1^CS(9->0)>    0.13366
|1^CS(3->0)>   -0.05049
|1^CS(1->0)>   -0.06449
|1^CS(21->0')>    0.13003
|1^CS(20->0')>   -0.05012
|1^CS(16->0')>   -0.11790
|1^CS(15->0')>   -0.06793
|1^CS(14->0')>    0.05400
|1^CS(13->0')>   -0.06440
|1^CS(10->0')>   -0.19790
|1^CS(9->0')>    0.09449
|1^CS(1->0')>    0.14379
|1^SV(0->1')>   -0.21141
|1^SV(0->4')>   -0.05979
|1^SV(0->15')>    0.12687
|1^SV(0->16')>   -0.18075
|1^SV(0->17')>   -0.07936
|1^SV(0'->1')>   -0.09571
|1^SV(0'->4')>   -0.07955
|1^SV(0'->7')>   -0.06204
|1^SV(0'->15')>    0.18587
|1^SV(0'->17')>   -0.12515
|1T^CV(19->21')>    0.07264
|1T^CV(17->1')>    0.07841
|1T^CV(17->4')>   -0.05988
|1T^CV(17->7')>   -0.05130
|1T^CV(14->1')>    0.05077
|1T^CV(13->1')>   -0.05497
|1T^CV(13->2')>   -0.10482
|1T^CV(13->3')>    0.10235
|1T^CV(13->4')>    0.05395
|1T^CV(13->16')>   -0.05962
|1T^CV(10->7')>   -0.06604
|1T^CV(10->15')>    0.08080
|1T^CV(9->3')>    0.12911
|1T^CV(9->7')>    0.05134
|1T^CV(9->8')>   -0.06367
|1T^CV(8->11')>   -0.18371
|1T^CV(6->13')>    0.07451
|1T^CV(5->13')>    0.16181
|1T^CV(4->1')>   -0.09472
|1T^CV(4->3')>    0.08658
|1T^CV(4->8')>    0.05086
|1T^CV(3->9')>   -0.24696
|1T^CV(3->10')>   -0.08376
|1T^CV(2->9')>   -0.06127
|1T^CV(2->10')>    0.06807
|1T^CV(1->1')>    0.08965
|1T^CV(1->3')>    0.07190
|1T^CV(1->4')>    0.18453
|1T^CV(1->7')>    0.10997
TDMs with Triplet 'Ground' state
TDMX:0.000   TDMY:-0.000   TDMZ:-0.000   Oscillator Strength:0.00000   <S**2>: 0.000
--------------------------------------------------------------------
TDMs with Singlet 'Ground' state
TDMX:-0.635   TDMY:1.468   TDMZ:0.151   Oscillator Strength:0.18620   <S**2>: 0.000
--------------------------------------------------------------------


State 22 2.951 eV 
Excitation    CI Coef
|5^CV(43->19')>   -0.06140
|5^CV(37->5')>   -0.05608
|5^CV(24->2')>   -0.07629
|5^CV(24->3')>   -0.05928
|5^CV(24->20')>   -0.07779
|5^CV(23->1')>    0.05615
|5^CV(23->4')>    0.05879
|5^CV(23->19')>   -0.08894
|5^CV(21->2')>   -0.06700
|5^CV(21->3')>   -0.05661
|5^CV(20->4')>   -0.06809
|5^CV(16->1')>   -0.10584
|5^CV(16->2')>    0.16998
|5^CV(16->3')>    0.11443
|5^CV(16->4')>   -0.16214
|5^CV(16->7')>    0.06238
|5^CV(16->16')>   -0.05481
|5^CV(16->17')>   -0.08395
|5^CV(16->18')>    0.08021
|5^CV(16->19')>   -0.06222
|5^CV(15->1')>    0.06258
|5^CV(15->2')>    0.08541
|5^CV(15->3')>    0.07941
|5^CV(15->4')>    0.09625
|5^CV(13->15')>    0.06688
|5^CV(12->5')>    0.44685
|5^CV(12->6')>   -0.06374
|5^CV(11->5')>   -0.08584
|5^CV(11->6')>   -0.25318
|5^CV(10->2')>   -0.15056
|5^CV(10->3')>   -0.12496
|5^CV(10->16')>   -0.06942
|5^CV(10->18')>   -0.05828
|5^CV(9->1')>   -0.12481
|5^CV(9->3')>    0.05304
|5^CV(9->4')>   -0.22229
|5^CV(9->7')>    0.07205
|5^CV(8->11')>   -0.15135
|5^CV(7->12')>    0.08714
|5^CV(6->13')>    0.06378
|5^CV(6->14')>    0.07849
|5^CV(5->13')>    0.13840
|5^CV(4->1')>   -0.19255
|5^CV(4->2')>    0.05042
|5^CV(4->4')>   -0.17399
|5^CV(3->9')>   -0.16635
|5^CV(2->10')>   -0.10035
|5^CV(1->1')>    0.05405
|5^CV(1->2')>   -0.29796
|5^CV(1->3')>   -0.21980
|5^CV(1->4')>    0.11078
TDMs with Triplet 'Ground' state
TDMX:0.000   TDMY:0.000   TDMZ:-0.000   Oscillator Strength:0.00000   <S**2>: 6.000
--------------------------------------------------------------------
TDMs with Singlet 'Ground' state
TDMX:0.000   TDMY:-0.000   TDMZ:-0.000   Oscillator Strength:0.00000   <S**2>: 6.000
--------------------------------------------------------------------


State 23 2.986 eV 
Excitation    CI Coef
|3^CS(6->0)>   -0.12313
|3^CS(5->0)>   -0.61331
|3^CS(6->0')>   -0.47465
|3^CS(5->0')>   -0.37597
|3^SV(0->13')>   -0.22080
|3^SV(0->14')>   -0.05460
|3^SV(0'->13')>    0.13697
|3^SV(0'->14')>   -0.08788
|3T^CV(5->9')>   -0.05488
|3T^CV(3->13')>   -0.06035
|3X^CV(19->13')>   -0.08116
|3X^CV(6->9')>   -0.05440
|3X^CV(6->10')>   -0.08164
|3X^CV(6->15')>    0.07908
|3X^CV(5->9')>   -0.16350
|3X^CV(5->15')>    0.08815
|3X^CV(5->16')>   -0.10979
|3X^CV(5->24')>    0.07478
|3X^CV(3->13')>    0.09715
TDMs with Triplet 'Ground' state
TDMX:-0.055   TDMY:0.033   TDMZ:0.142   Oscillator Strength:0.00173   <S**2>: 2.000
--------------------------------------------------------------------
TDMs with Singlet 'Ground' state
TDMX:0.000   TDMY:0.000   TDMZ:0.000   Oscillator Strength:0.00000   <S**2>: 2.000
--------------------------------------------------------------------


State 24 3.010 eV 
Excitation    CI Coef
|1^CS(12->0)>    0.30376
|1^CS(11->0)>    0.05583
|1^CS(12->0')>    0.15423
|1^CS(11->0')>   -0.19494
|1^SV(0->5')>   -0.56527
|1^SV(0->6')>   -0.23158
|1^SV(0'->5')>   -0.33408
|1^SV(0'->6')>    0.40203
|1T^CV(43->5')>   -0.05330
|1T^CV(21->5')>    0.06057
|1T^CV(20->5')>   -0.05051
|1T^CV(16->5')>   -0.17356
|1T^CV(15->6')>    0.11813
|1T^CV(12->2')>   -0.08280
|1T^CV(12->3')>   -0.07397
|1T^CV(12->4')>    0.08609
|1T^CV(12->18')>   -0.06807
|1T^CV(12->19')>    0.07166
|1T^CV(12->20')>    0.07228
|1T^CV(11->4')>   -0.06476
|1T^CV(11->19')>   -0.06820
|1T^CV(10->5')>    0.10449
|1T^CV(10->6')>   -0.07975
|1T^CV(9->5')>   -0.10540
|1T^CV(9->6')>   -0.06330
|1T^CV(4->5')>   -0.06790
|1T^CV(1->5')>    0.05359
TDMs with Triplet 'Ground' state
TDMX:-0.000   TDMY:0.000   TDMZ:0.000   Oscillator Strength:0.00000   <S**2>: 0.000
--------------------------------------------------------------------
TDMs with Singlet 'Ground' state
TDMX:-0.141   TDMY:-0.023   TDMZ:-0.073   Oscillator Strength:0.00189   <S**2>: 0.000
--------------------------------------------------------------------


State 25 3.048 eV 
Excitation    CI Coef
|1^CS(6->0)>    0.28494
|1^CS(5->0)>    0.62013
|1^CS(6->0')>    0.18409
|1^CS(5->0')>    0.39894
|1^SV(0->13')>   -0.30627
|1^SV(0'->13')>   -0.19241
|1T^CV(39->13')>   -0.05424
|1T^CV(21->13')>    0.06730
|1T^CV(20->13')>   -0.06594
|1T^CV(19->13')>    0.10589
|1T^CV(6->9')>    0.08951
|1T^CV(6->15')>   -0.05675
|1T^CV(6->16')>    0.05415
|1T^CV(5->9')>    0.19459
|1T^CV(5->10')>    0.05502
|1T^CV(5->15')>   -0.12230
|1T^CV(5->16')>    0.11816
|1T^CV(5->17')>    0.06284
|1T^CV(5->24')>   -0.08961
|1T^CV(3->13')>   -0.14246
|1^CSD_(21,5)>   -0.05738
|1^CSD_(15,5)>    0.06955
|1^CSD_(10,5)>    0.05973
TDMs with Triplet 'Ground' state
TDMX:0.000   TDMY:0.000   TDMZ:-0.000   Oscillator Strength:0.00000   <S**2>: 0.000
--------------------------------------------------------------------
TDMs with Singlet 'Ground' state
TDMX:-0.049   TDMY:0.044   TDMZ:0.178   Oscillator Strength:0.00268   <S**2>: 0.000
--------------------------------------------------------------------


State 26 3.052 eV 
Excitation    CI Coef
|1^OS>    0.24687
|1^ZW->    0.11190
|1^CS(16->0)>    0.06307
|1^CS(13->0)>    0.06087
|1^CS(12->0)>   -0.13206
|1^CS(11->0)>    0.15229
|1^CS(12->0')>   -0.13600
|1^CS(11->0')>   -0.19050
|1^CS(4->0')>    0.05536
|1^CS(1->0')>    0.14944
|1^SV(0->1')>    0.10387
|1^SV(0->2')>   -0.16225
|1^SV(0->3')>   -0.05712
|1^SV(0->4')>   -0.05727
|1^SV(0->5')>    0.25281
|1^SV(0->6')>   -0.27916
|1^SV(0'->1')>   -0.08441
|1^SV(0'->5')>    0.19184
|1^SV(0'->6')>    0.43695
|1^SV(0'->7')>   -0.07674
|1T^CV(22->1')>   -0.10306
|1T^CV(22->7')>   -0.07735
|1T^CV(17->1')>    0.07068
|1T^CV(16->5')>    0.08692
|1T^CV(15->6')>    0.13845
|1T^CV(13->1')>    0.09178
|1T^CV(13->2')>   -0.05961
|1T^CV(13->3')>    0.07945
|1T^CV(13->4')>   -0.07374
|1T^CV(12->4')>   -0.06828
|1T^CV(12->19')>   -0.05132
|1T^CV(11->2')>   -0.05820
|1T^CV(11->3')>   -0.07295
|1T^CV(11->18')>   -0.05045
|1T^CV(11->19')>   -0.05635
|1T^CV(11->20')>    0.05667
|1T^CV(10->5')>   -0.05885
|1T^CV(10->6')>   -0.08501
|1T^CV(9->6')>   -0.08487
|1T^CV(9->7')>   -0.07968
|1T^CV(4->1')>    0.23587
|1T^CV(4->6')>   -0.05278
|1T^CV(4->7')>    0.09626
|1T^CV(4->8')>    0.05470
|1T^CV(1->1')>    0.10981
|1T^CV(1->2')>    0.09701
|1T^CV(1->3')>   -0.05639
|1T^CV(1->4')>    0.08510
|1T^CV(1->7')>    0.10877
|1T^CV(1->8')>    0.07062
TDMs with Triplet 'Ground' state
TDMX:-0.000   TDMY:-0.000   TDMZ:0.000   Oscillator Strength:0.00000   <S**2>: 0.000
--------------------------------------------------------------------
TDMs with Singlet 'Ground' state
TDMX:-0.515   TDMY:-0.177   TDMZ:-0.066   Oscillator Strength:0.02249   <S**2>: 0.000
--------------------------------------------------------------------


State 27 3.053 eV 
Excitation    CI Coef
|1^OS>   -0.30088
|1^ZW->   -0.13524
|1^ZW+>   -0.05219
|1^CS(20->0)>   -0.06425
|1^CS(16->0)>   -0.08354
|1^CS(12->0)>   -0.12665
|1^CS(11->0)>    0.13142
|1^CS(9->0)>    0.06656
|1^CS(5->0)>   -0.05937
|1^CS(12->0')>   -0.11743
|1^CS(11->0')>   -0.14509
|1^CS(4->0')>   -0.05801
|1^CS(1->0')>   -0.17083
|1^SV(0->1')>   -0.11898
|1^SV(0->2')>    0.20593
|1^SV(0->3')>    0.05534
|1^SV(0->4')>    0.06352
|1^SV(0->5')>    0.23221
|1^SV(0->6')>   -0.22847
|1^SV(0->16')>   -0.06051
|1^SV(0'->1')>    0.10141
|1^SV(0'->5')>    0.17297
|1^SV(0'->6')>    0.35489
|1^SV(0'->7')>    0.07088
|1T^CV(26->7')>   -0.05580
|1T^CV(22->1')>    0.11942
|1T^CV(22->7')>    0.08987
|1T^CV(17->1')>   -0.08276
|1T^CV(17->2')>    0.05037
|1T^CV(17->4')>    0.05216
|1T^CV(16->5')>    0.08060
|1T^CV(15->6')>    0.11086
|1T^CV(13->1')>   -0.10621
|1T^CV(13->2')>    0.05271
|1T^CV(13->3')>   -0.10609
|1T^CV(13->4')>    0.08560
|1T^CV(12->4')>   -0.05184
|1T^CV(12->5')>    0.05178
|1T^CV(11->2')>   -0.05805
|1T^CV(11->4')>   -0.05031
|1T^CV(10->5')>   -0.05169
|1T^CV(10->6')>   -0.06760
|1T^CV(9->2')>    0.05098
|1T^CV(9->6')>   -0.06386
|1T^CV(9->7')>    0.09446
|1T^CV(4->1')>   -0.27483
|1T^CV(4->4')>    0.05501
|1T^CV(4->7')>   -0.10974
|1T^CV(4->8')>   -0.06220
|1T^CV(1->1')>   -0.12733
|1T^CV(1->2')>   -0.11267
|1T^CV(1->3')>    0.06409
|1T^CV(1->4')>   -0.09473
|1T^CV(1->7')>   -0.12549
|1T^CV(1->8')>   -0.08193
TDMs with Triplet 'Ground' state
TDMX:-0.000   TDMY:-0.000   TDMZ:0.000   Oscillator Strength:0.00000   <S**2>: 0.000
--------------------------------------------------------------------
TDMs with Singlet 'Ground' state
TDMX:0.318   TDMY:0.172   TDMZ:-0.192   Oscillator Strength:0.01255   <S**2>: 0.000
--------------------------------------------------------------------


State 28 3.059 eV 
Excitation    CI Coef
|3^CS(16->0)>   -0.05887
|3^CS(1->0)>    0.17169
|3^CS(9->0')>   -0.09817
|3^SV(0->1')>   -0.30693
|3^SV(0->2')>    0.06078
|3^SV(0->15')>   -0.05321
|3^SV(0'->2')>   -0.07784
|3^SV(0'->3')>    0.08222
|3^SV(0'->8')>   -0.05147
|3X^CV(27->7')>    0.05132
|3X^CV(26->1')>    0.07623
|3X^CV(26->7')>    0.10868
|3X^CV(26->23')>    0.05939
|3X^CV(22->1')>   -0.24235
|3X^CV(22->4')>    0.07649
|3X^CV(22->7')>   -0.16767
|3X^CV(22->27')>   -0.05860
|3X^CV(20->1')>    0.05941
|3X^CV(20->7')>    0.05630
|3X^CV(17->2')>   -0.12456
|3X^CV(17->3')>    0.11807
|3X^CV(16->2')>    0.05231
|3X^CV(13->1')>    0.19965
|3X^CV(13->4')>   -0.17161
|3X^CV(13->7')>   -0.11471
|3X^CV(12->5')>    0.09390
|3X^CV(11->6')>   -0.07179
|3X^CV(10->2')>   -0.06040
|3X^CV(9->1')>   -0.07847
|3X^CV(9->4')>   -0.11463
|3X^CV(9->7')>   -0.15862
|3X^CV(9->15')>   -0.05608
|3X^CV(8->11')>   -0.05356
|3X^CV(5->13')>    0.05830
|3X^CV(4->1')>    0.44893
|3X^CV(4->4')>   -0.18799
|3X^CV(4->7')>    0.23630
|3X^CV(4->15')>    0.07572
|3X^CV(4->17')>    0.05312
|3X^CV(3->9')>   -0.06673
|3X^CV(1->2')>    0.06733
|3X^CV(1->3')>   -0.27204
|3X^CV(1->8')>    0.16669
|3X^CV(1->18')>    0.07332
TDMs with Triplet 'Ground' state
TDMX:0.357   TDMY:0.623   TDMZ:-0.046   Oscillator Strength:0.03783   <S**2>: 2.000
--------------------------------------------------------------------
TDMs with Singlet 'Ground' state
TDMX:0.000   TDMY:-0.000   TDMZ:-0.000   Oscillator Strength:0.00000   <S**2>: 2.000
--------------------------------------------------------------------


State 29 3.070 eV 
Excitation    CI Coef
|5^CV(21->25')>    0.07148
|5^CV(20->24')>    0.06565
|5^CV(19->21')>    0.09019
|5^CV(18->22')>   -0.11267
|5^CV(15->2')>    0.05844
|5^CV(15->16')>    0.06215
|5^CV(15->25')>    0.05652
|5^CV(13->3')>   -0.08440
|5^CV(13->16')>   -0.11255
|5^CV(12->5')>   -0.11898
|5^CV(11->6')>   -0.14530
|5^CV(10->15')>    0.16246
|5^CV(10->17')>   -0.11730
|5^CV(9->16')>    0.15756
|5^CV(8->11')>   -0.31968
|5^CV(7->12')>   -0.39923
|5^CV(6->13')>    0.12259
|5^CV(6->14')>   -0.32778
|5^CV(5->13')>    0.26655
|5^CV(5->14')>    0.15240
|5^CV(4->16')>    0.08474
|5^CV(3->9')>   -0.26042
|5^CV(3->10')>   -0.13446
|5^CV(2->9')>   -0.13954
|5^CV(2->10')>    0.33138
|5^CV(1->1')>   -0.11824
|5^CV(1->4')>   -0.09631
|5^CV(1->7')>   -0.05843
|5^CV(1->15')>    0.06467
TDMs with Triplet 'Ground' state
TDMX:0.000   TDMY:0.000   TDMZ:-0.000   Oscillator Strength:0.00000   <S**2>: 6.000
--------------------------------------------------------------------
TDMs with Singlet 'Ground' state
TDMX:0.000   TDMY:-0.000   TDMZ:-0.000   Oscillator Strength:0.00000   <S**2>: 6.000
--------------------------------------------------------------------

Wall clock time: 84.6184 seconds
