                    ---------------------------------
                    | Radical ExROPPP Calculation |
                    ---------------------------------

Molecule: ./DTA.xyz radical

--------------------------------
Cartesian Coordinates / Angstrom
--------------------------------

C 5.077832 -1.82148 -0.44696
C 5.023911 -0.39444 -0.10269
C 6.260832 0.330753 0.216682
C 3.737891 0.305457 -0.0786
C 5.754301 -2.76596 0.35535
C 5.814376 -4.11801 0.039984
C 5.177984 -4.56776 -1.11174
C 4.49316 -3.68651 -1.94135
C 4.454615 -2.33909 -1.6036
C 6.391106 1.117059 1.382403
C 7.552817 1.811553 1.697321
C 8.639762 1.729366 0.833988
C 8.573862 0.969339 -0.32858
C 7.397245 0.289691 -0.62027
C 2.611641 -0.19722 0.611113
C 1.391197 0.45911 0.649652
C 1.227259 1.67238 -0.03118
C 2.316663 2.20648 -0.73066
C 3.529432 1.535964 -0.74134
Cl 7.3379 -0.54646 -2.13716
Cl 5.113651 1.17121 2.553674
Cl 4.782125 2.216227 -1.73131
Cl 2.750553 -1.63148 1.577632
N -0.000034 2.362413 0.000688
Cl 6.469313 -2.28534 1.859395
Cl 3.68277 -1.27658 -2.73539
Cl 5.239386 -6.24862 -1.51865
C -5.07888 -1.82037 0.446881
C -5.02476 -0.39328 0.102852
C -3.73863 0.306415 0.078868
C -6.26158 0.332153 -0.21639
C -4.45574 -2.33825 1.603436
C -4.49447 -3.68573 1.94097
C -5.17942 -4.56674 1.111217
C -5.81575 -4.11672 -0.04043
C -5.75549 -2.76462 -0.35558
C -3.53 1.536893 0.741766
C -2.31724 2.207272 0.731072
C -1.22787 1.673027 0.031624
C -1.39194 0.459947 -0.64933
C -2.61252 -0.19628 -0.6109
C -7.39798 0.291133 0.620575
C -8.57449 0.971028 0.329022
C -8.64027 1.731273 -0.83341
C -7.55333 1.81343 -1.69675
C -6.39173 1.118675 -1.38198
Cl -2.75156 -1.63036 -1.57767
Cl -4.78262 2.217122 1.731858
Cl -5.1143 1.17279 -2.55326
Cl -7.33875 -0.5453 2.137325
Cl -3.68374 -1.27603 2.735394
Cl -6.47043 -2.28366 -1.85954
Cl -5.24106 -6.24766 1.517866
C 0.000833 3.791813 -0.00197
C -0.83088 4.49503 -0.87603
C -0.83131 5.8882 -0.86327
C 0.003262 6.607761 -0.003
C 0.838197 5.8859 0.86056
C 0.835304 4.495905 0.873668
C 0.01187 8.114508 0.001468
Cl 10.09543 2.585835 1.212078
Cl -10.0958 2.588038 -1.21132
H 6.331314 -4.80906 0.696324
H 4.013944 -4.03541 -2.84919
H 7.612431 2.388153 2.613578
H 9.41501 0.921625 -1.01106
H 0.578505 0.040099 1.23406
H 2.209891 3.131895 -1.28677
H -4.0153 -4.03484 2.848752
H -6.33279 -4.80758 -0.69688
H -2.21049 3.132896 1.286813
H -0.57929 0.040872 -1.23376
H -9.41563 0.923342 1.011512
H -7.61285 2.390225 -2.61289
H -1.47727 3.946273 -1.55634
H -1.48524 6.427579 -1.54486
H 1.492208 6.424315 1.543266
H 1.479423 3.945301 1.554705
H -0.71031 8.516558 -0.71418
H 1.000474 8.505766 -0.26191
H -0.23912 8.509285 0.991822

There are 62 heavy atoms.
There are 79 electrons in 62 orbitals.


Carbon 1e params: A = -22.717075 b = 1.705616

Nitrogen 1e params: alphan2 = -17.681338 Acn2 = -24.737202 bcn2 = 1.433639

Chlorine 1e params: alphacl = -10.335674 Accl = -26.021937 bccl=1.451861
C-N2 bond
C-N2 bond
C-N2 bond
C-Cl bond
C-Cl bond
C-Cl bond
C-Cl bond
C-Cl bond
C-Cl bond
C-Cl bond
C-Cl bond
C-Cl bond
C-Cl bond
C-Cl bond
C-Cl bond
C-Cl bond
C-Cl bond
C-Cl bond
C-Cl bond
N2 atom 46
Cl atom 47
Cl atom 48
Cl atom 49
Cl atom 50
Cl atom 51
Cl atom 52
Cl atom 53
Cl atom 54
Cl atom 55
Cl atom 56
Cl atom 57
Cl atom 58
Cl atom 59
Cl atom 60
Cl atom 61
Cl atom 62

Carbon 2e params: U = 8.420838 r0 = 1.173157

Nitrogen 2e params: Un2n2 = 17.979843 r0n2n2 = 1.111791

Chlorine 2e params: Uclcl= 9.642991 r0clcl = 2.253316

Mixed 2e params: Ucn2 = 13.200341 Uccl = 9.031915 Un2cl = 13.811417 r0cn2 =1.142474 r0ccl = 1.713237 r0n2cl = 1.682554
[8.42083845 3.73901998 2.65765556 2.66005158 3.82162198 2.71879964
 2.46941639 2.71884249 3.82121289 2.02630686 1.62905992 1.55251209
 1.74908464 2.28982072 2.29209876 1.75012314 1.54620355 1.62887922
 2.02348639 0.86892926 0.86726018 0.96304948 0.77679634 0.90314449
 0.8809959  0.82980628 0.8022982  0.8199781  0.94183288 1.0209305
 1.17630717 1.22928066 1.09340223 0.71217563 0.65295017 0.64361798
 0.68717415 0.75698383 1.12839125 1.00466042 0.90667363 0.896292
 0.98139082 1.11041312 0.80088259 1.94916708 3.21696271 2.60006655
 2.59601598 3.2211902  3.48000701 3.47866687 2.46747587 1.6074739
 1.22913572 1.23367012 1.07011488 1.40024347 1.15850108 1.18012819
 1.80041092 0.88254962]

-------------------------------------
Restricted Open-shell PPP Calculation
-------------------------------------

Starting SCF cycle...

Iter   Energy        Dens Change      Energy Change
-----------------------------------------------------
0 -219.45319336754983 0.7822246895728154 -219.45319336754983
1 -231.41019366929459 0.8107375924710677 -11.957000301744756
2 -261.2899380470003 0.8590965192782698 -29.87974437770572
3 -241.18236116109702 0.8669095868376575 20.107576885903285
4 -265.5813012218565 0.8712585522021385 -24.398940060759486
5 -242.0507612624107 0.872818706758197 23.530539959445804
6 -266.024324908996 0.87288285310456 -23.97356364658529
7 -242.11705135946133 0.8725183615849668 23.907273549534665
8 -266.1438077727836 0.8702404725078853 -24.02675641332226
9 -242.06203248237483 0.8671374649579343 24.081775290408757
10 -266.2795174073788 0.8664612782395422 -24.217484925003987
11 -241.9768087165357 0.8644606620422397 24.302708690843133
12 -266.3248107533759 0.8643908774508531 -24.348002036840228
13 -241.94656819851332 0.8639203517168506 24.378242554862595
14 -266.3351572212337 0.86390842493999 -24.388589022720396
15 -241.93972067244368 0.8638161063707184 24.39543654879003
16 -266.33735266652377 0.8638121479869122 -24.397631994080086
17 -241.93852806301652 0.8637927266609603 24.39882460350725
18 -266.337733400986 0.8637910375592357 -24.399205337969477
19 -241.9383642914596 0.8637865273657068 24.39936910952639
20 -266.33778531881734 0.8637859235392888 -24.399421027357732
21 -241.9383510415805 0.8637848140047955 24.39943427723685
22 -266.3377893030656 0.8637846279202519 -24.39943826148513
23 -241.93835291307315 0.8637843497578104 24.399436389992474
24 -266.33778862872697 0.8637842976766237 -24.399435715653823
25 -241.93835429488703 0.8637842280357291 24.399434333839935
26 -266.33778817582595 0.8637842143558586 -24.399433880938915
27 -241.93835479278994 0.8637841970769119 24.399433383036012
28 -266.337788018809 0.8637841936373836 -24.399433226019084
29 -241.93835494095046 0.8637841893953735 24.39943307785856
30 -266.3377879738543 0.8637841885573154 -24.39943303290383
31 -241.93835498125966 0.8637841875259631 24.399432992594626
32 -266.33778796215324 0.8637841873264931 -24.39943298089358
33 -241.93835499167463 0.8637841870777501 24.399432970478614
34 -266.3377879592844 0.863784187031128 -24.399432967609783
35 -241.93835499428383 0.8637841869715044 24.399432965000585
36 -266.3377879586098 0.8637841869607616 -24.399432964325968
37 -241.93835499492113 0.8637841869465384 24.399432963688668
38 -266.3377879584562 0.8637841869440918 -24.399432963535077
39 -241.9383549950771 0.8637841869407038 24.3994329633791
40 -266.33778795842426 0.8637841869401544 -24.399432963347152
41 -241.93835499511232 0.8637841869393525 24.399432963311938
42 -266.33778795841397 0.8637841869392285 -24.39943296330165
43 -241.9383549951214 0.8637841869390365 24.399432963292583
44 -266.33778795841437 0.8637841869390085 -24.39943296329298
45 -241.93835499512252 0.8637841869389645 24.399432963291844
46 -266.33778795841437 0.8637841869389592 -24.399432963291844
47 -241.93835499512377 0.8637841869389477 24.399432963290593
48 -266.3377879584135 0.8637841869389464 -24.39943296328974
49 -241.93835499512232 0.8637841869389447 24.39943296329119
50 -266.3377879584142 0.8637841869389459 -24.399432963291872

---Applying damping with alpha=0.1 to aid convergence---

51 -263.76292921618517 0.02668965919762334 2.5748587422290257
52 -261.5446282503313 0.029184937496993912 2.218300965853871
53 -259.6421384755917 0.03441249674676872 1.9024897747395926
54 -258.02683466244724 0.04753469979006267 1.6153038131444646
55 -256.6966709325686 0.16725273836027998 1.3301637298786204
56 -255.99363809041057 0.23074335755001663 0.7030328421580521
57 -256.0198367093703 0.01509067800933761 -0.026198618959710984
58 -256.07652101569687 0.00996717372913462 -0.05668430632658783
59 -256.134892874619 0.008510247800745128 -0.05837185892215757
60 -256.18863806400697 0.007659215130934621 -0.05374518938793926
61 -256.2359978689576 0.006964972244927953 -0.04735980495064496
62 -256.27667102120853 0.006328598859431177 -0.04067315225091761
63 -256.3109421279669 0.005731391228879376 -0.03427110675835365
64 -256.33935740910954 0.005174641324332124 -0.028415281142656568
65 -256.36257514560265 0.004662845444022498 -0.023217736493108987
66 -256.3812848913916 0.0041989061566486685 -0.01870974578895357
67 -256.3961599686843 0.0037832231662394133 -0.014875077292686001
68 -256.4078293023333 0.0034140640385793286 -0.011669333649024338
69 -256.41686188116745 0.0030882541210673214 -0.009032578834137439
70 -256.4237598387953 0.0028018269347997032 -0.00689795762787071
71 -256.4289573747113 0.002550523283210898 -0.005197535915954177
72 -256.4328234669529 0.0023301295150187223 -0.003866092241651131
73 -256.4356668618389 0.002136682538594392 -0.0028433948859856173
74 -256.4377422494552 0.0019665772196840597 -0.0020753876162871165
75 -256.4392568688325 0.001816608073405987 -0.001514619377303461
76 -256.4403770447698 0.0017182502694504387 -0.0011201759372738707
77 -256.4412343496708 0.0016343541592957478 -0.0008573049010465184
78 -256.44193122038826 0.0015559815633807705 -0.0006968707174337396
79 -256.44254595387383 0.0014826459091413502 -0.0006147334855768349
80 -256.44313706702354 0.0014139040942352243 -0.0005911131497100541
81 -256.44374704440895 0.0013493559235162322 -0.0006099773854089108
82 -256.4444055195493 0.0012886418895957097 -0.000658475140369319
83 -256.44513194626586 0.0012314400831971994 -0.0007264267165396632
84 -256.44593782030586 0.001177462739344215 -0.000805874039997434
85 -256.446828510527 0.0011264527330813734 -0.0008906902211265333
86 -256.44780475537397 0.001078180209787949 -0.0009762448469814444
87 -256.44886387541067 0.0010324394508992307 -0.0010591200367002784
88 -256.4500007471343 0.0009890460217759633 -0.001136871723645072
89 -256.45120857766017 0.0009478342151948704 -0.0012078305258569344
90 -256.45247951453376 0.000908654783811913 -0.001270936873595474
91 -256.45380511993545 0.0008713729440213425 -0.001325605401689245
92 -256.45517673412246 0.0008358666278281413 -0.001371614187007708
93 -256.4565857490049 0.0008020249576842775 -0.001409014882426618
94 -256.458023809321 0.0007697469190240669 -0.0014380603161043837
95 -256.4594829559417 0.0007389402066285133 -0.0014591466207320991
96 -256.4609557232929 0.0007095202228988018 -0.0014727673511742978
97 -256.4624352007644 0.0006814092081050549 -0.0014794774714914638
98 -256.4639150661646 0.0006545354850737983 -0.0014798654001992873
99 -256.46538959776933 0.0006288328027224122 -0.001474531604742424
100 -256.4668536702704 0.0006042397649197728 -0.0014640725010508504
101 -256.4683027388684 0.0005806993328909826 -0.001449068597992209
102 -256.46973281491006 0.0005581583909324006 -0.0014300760416858793
103 -256.47114043575175 0.0005365673667007409 -0.0014076208416895497
104 -256.47252263095817 0.0005158798984853941 -0.0013821952064176912
105 -256.47387688646785 0.0004960525429425489 -0.0013542555096819342
106 -256.4752011079826 0.00047704451775237855 -0.0013242215147784009
107 -256.4764935845185 0.0004588174743758444 -0.0012924765358661716
108 -256.4777529528186 0.0004413352968725137 -0.0012593683001114186
109 -256.47897816312803 0.00042456392316270186 -0.0012252103094283484
110 -256.4801684466673 0.0004084711858925172 -0.0011902835392447741
111 -256.48132328503385 0.00039302667010410186 -0.0011548383665740403
112 -256.48244238165154 0.00037820158575319063 -0.0011190966176855
113 -256.4835256353226 0.00036396865295429404 -0.0010832536710836393
114 -256.4845731158805 0.00035030199849109267 -0.0010474805578724045
115 -256.48558504190134 0.00033717706210001364 -0.001011926020851206
116 -256.48656176040043 0.0003245705113923414 -0.000976718499089202
117 -256.48750372842414 0.00031246016432281976 -0.0009419680237101602
118 -256.4884114964263 0.00030082491838323566 -0.000907768002150533
119 -256.4892856933232 0.00028964468570755186 -0.0008741968969161462
120 -256.4901270131032 0.000278900333404164 -0.0008413197799654881
121 -256.49093620287647 0.00026857362865578827 -0.0008091897732924735
122 -256.491714052252 0.0002586471878990304 -0.0007778493755381533
123 -256.49246138392334 0.00024910442987066683 -0.0007473316713344502
124 -256.4931790453654 0.00023992953196211309 -0.0007176614420814076
125 -256.4938679015304 0.00023110738962514588 -0.0006888561649702751
126 -256.49452882845804 0.00022262357859800797 -0.0006609269276509622
127 -256.49516270770744 0.00021446431955146616 -0.0006338792493920664
128 -256.4957704215234 0.00020661644509367694 -0.000607713815952593
129 -256.49635284867185 0.00019906736881850073 -0.0005824271484584642
130 -256.49691086086654 0.00019180505628388356 -0.0005580121946877625
131 -256.49744531972425 0.0001848179977254616 -0.000534458857714526
132 -256.4979570741968 0.0001780951824177368 -0.0005117544725408152
133 -256.4984469584174 0.00017162607448667488 -0.000489884220598924
134 -256.49891578992293 0.00016540059015229813 -0.0004688315055432213
135 -256.49936436820155 0.00015940907619885203 -0.0004485782786218806
136 -256.4997934735324 0.00015364228967829074 -0.00042910533085205316
137 -256.5002038660779 0.00014809137870608335 -0.0004103925455183344
138 -256.50059628519944 0.00014274786426440866 -0.0003924191215105566
139 -256.5009714489669 0.00013760362301673545 -0.00037516376744406443
140 -256.5013300538425 0.0001326508709882379 -0.00035860487560057663
141 -256.5016727745026 0.00012788214812564647 -0.00034272066011453717
142 -256.50200026379525 0.0001232903035911781 -0.00032748929265835613
143 -256.50231315280246 0.00011886848186726251 -0.0003128890072048307
144 -256.5026120509954 0.00011461010954941231 -0.00029889819296613496
145 -256.5028975464702 0.00011050888272318149 -0.00028549547477041415
146 -256.5031702062504 0.00010655875510237611 -0.0002726597801938624
147 -256.5034305766433 0.00010275392660277771 -0.00026037039293669295
148 -256.5036791836442 9.908883256926071e-05 -0.0002486070008558272
149 -256.5039165333774 9.555813351330711e-05 -0.000237349733197334
150 -256.50414311256776 9.215670527107367e-05 -0.00022657919038238106
151 -256.50435938903365 8.887962973772034e-05 -0.00021627646589195137
152 -256.5045658122009 8.572218594052328e-05 -0.00020642316724206466
153 -256.5047628136268 8.267984162424469e-05 -0.0001970014259313757
154 -256.5049508075341 7.974824512591017e-05 -0.0001879939072750858
155 -256.5051301913487 7.692321774854793e-05 -0.00017938381461135577
156 -256.50530134623943 7.420074636182994e-05 -0.00017115489072239143
157 -256.5054646376578 7.157697645340799e-05 -0.00016329141834603433
158 -256.5056204158704 6.904820543668366e-05 -0.0001557782126155871
159 -256.50576901649026 6.661087626491646e-05 -0.00014860061986610162
160 -256.50591076099755 6.426157136235622e-05 -0.00014174450728887678
161 -256.506045957254 6.199700681103204e-05 -0.00013519625645130873
162 -256.5061749000049 5.981402679539061e-05 -0.0001289427509050256
163 -256.5062978713728 5.770959831699618e-05 -0.00012297136788674834
164 -256.50641514133815 5.568080611678683e-05 -0.00011726996535799117
165 -256.50652696820845 5.3724847841135626e-05 -0.00011182687029531735
166 -256.5066335990745 5.183902941252594e-05 -0.00010663086607110017
167 -256.5067352702532 5.002076061622063e-05 -0.0001016711786974156
168 -256.50683220771947 4.826755084849643e-05 -9.693746625316635e-05
169 -256.50692462752147 4.657700511626062e-05 -9.24198020015865e-05
170 -256.5070127361855 4.494682011391138e-05 -8.810866404473927e-05
171 -256.5070967311065 4.3374780554772396e-05 -8.399492099897543e-05
172 -256.50717680092447 4.185875564191588e-05 -8.006981795460888e-05
173 -256.50725312589014 4.039669562586057e-05 -7.632496567566704e-05
174 -256.5073258782141 3.898662862700242e-05 -7.275232394476916e-05
175 -256.50739522240815 3.762665747694682e-05 -6.934419405979497e-05
176 -256.50746131561016 3.631495677225427e-05 -6.609320200823277e-05
177 -256.5075243078974 3.5049770014172754e-05 -6.299228726902584e-05
178 -256.507584342591 3.382940688190228e-05 -6.003469354709523e-05
179 -256.50764155654406 3.265224063772609e-05 -5.7213953084556124e-05
180 -256.5076960804227 3.1516705586875915e-05 -5.4523878645795776e-05
181 -256.5077480389738 3.0421294714644276e-05 -5.195855106876479e-05
182 -256.5077975512831 2.9364557368155575e-05 -4.951230931737882e-05
183 -256.507844731022 2.8345097054710555e-05 -4.717973888546112e-05
184 -256.50788968668525 2.7361569335498936e-05 -4.4955663270229707e-05
185 -256.50793252181904 2.6412679787451987e-05 -4.28351337973254e-05
186 -256.5079733352388 2.5497182083666914e-05 -4.081341973005692e-05
187 -256.5080122212385 2.4613876112966615e-05 -3.888599974288809e-05
188 -256.5080492697929 2.376160618661194e-05 -3.7048554361263086e-05
189 -256.5080845667467 2.2939259358478736e-05 -3.529695379711484e-05
190 -256.508118194002 2.214576374462429e-05 -3.362725533406774e-05
191 -256.50815022969255 2.1380086960204325e-05 -3.2035690537668415e-05
192 -256.5081807483535 2.0641234620089044e-05 -3.051866093528588e-05
193 -256.5082098210822 1.992824885993505e-05 -2.907272869379085e-05
194 -256.5082375156944 1.9240206969806106e-05 -2.7694612242612493e-05
195 -256.50826389687103 1.85762200264894e-05 -2.6381176610357215e-05
196 -256.5082890262995 1.793543164058109e-05 -2.5129428479431226e-05
197 -256.5083129628112 1.731701669971386e-05 -2.3936511695410445e-05
198 -256.5083357625085 1.672018019424626e-05 -2.2799697319442203e-05
199 -256.5083574788904 1.6144156076064453e-05 -2.1716381866099255e-05
200 -256.5083781629704 1.5588206170008556e-05 -2.068408002742217e-05
201 -256.5083978633898 1.5051619125600046e-05 -1.970041938648137e-05
202 -256.50841662652556 1.4533709400132988e-05 -1.8763135756216798e-05
203 -256.5084344965949 1.403381630507572e-05 -1.7870069314085413e-05
204 -256.50845151575317 1.355130305655261e-05 -1.7019158292441716e-05
205 -256.5084677241883 1.3085555912090152e-05 -1.620843511318526e-05
206 -256.50848316021177 1.2635983270475881e-05 -1.5436023488746287e-05
207 -256.508497860344 1.2202014881362855e-05 -1.4700132226153073e-05
208 -256.5085118593979 1.1783101031337395e-05 -1.3999053919633297e-05
209 -256.50852519055553 1.1378711796961039e-05 -1.3331157617813005e-05
210 -256.50853788544566 1.0988336293399348e-05 -1.2694890131115244e-05
211 -256.50854997421396 1.0611481983086035e-05 -1.2088768301055097e-05
212 -256.5085614855923 1.0247673991825579e-05 -1.1511378318118659e-05
213 -256.50857244696266 9.896454464974891e-06 -1.096137037848166e-05
214 -256.5085933222961 1.9115165341809792e-05 -2.0875333461845003e-05
215 -256.50861219849077 1.7805695410461064e-05 -1.887619464469026e-05
216 -256.5086292674787 1.6586708100146952e-05 -1.7068987915536127e-05
217 -256.5086447021131 1.5451877285715954e-05 -1.5434634406119585e-05
218 -256.5086586583767 1.4395324565485978e-05 -1.3956263615000353e-05
219 -256.50867127721534 1.3411587837575123e-05 -1.2618838638900343e-05
220 -256.5086826860937 1.2495591723837851e-05 -1.1408878378915688e-05
221 -256.50869300034225 1.164261994118787e-05 -1.031424852726559e-05
222 -256.5087023243432 1.0848289525883237e-05 -9.324000927790621e-06
223 -256.50871075258215 1.0108526896424053e-05 -8.428238970736857e-06
224 -256.50871837059117 9.419545630912074e-06 -7.618009021825856e-06
225 -256.5087252557962 8.77782581804043e-06 -6.88520503899781e-06
226 -256.5087314782782 8.18009496220129e-06 -6.2224819998846215e-06
227 -256.50873710146783 7.623310231213987e-06 -5.6231896223835065e-06
228 -256.5087421827683 7.104642083560764e-06 -5.081300457732141e-06
229 -256.50874677412594 6.621458982614126e-06 -4.5913576514067245e-06
230 -256.5087509225394 6.171313327196781e-06 -4.148413438542775e-06
231 -256.50875467053163 5.751928359692959e-06 -3.747992252556287e-06
232 -256.5087580565668 5.361186013158603e-06 -3.386035189123504e-06
233 -256.5087611154396 4.9971157284056655e-06 -3.058872778183286e-06
234 -256.508763878618 4.657883935249574e-06 -2.76317842917706e-06
235 -256.5087663745604 4.341784439670926e-06 -2.4959423967629846e-06
236 -256.50876862900077 4.047229429371413e-06 -2.2544403464053175e-06
237 -256.5087706652086 3.7727411232035823e-06 -2.0362078316793486e-06
238 -256.50877250422275 3.5169440527060836e-06 -1.839014146298723e-06
239 -256.50877416506256 3.2785578935878856e-06 -1.660839814121573e-06
240 -256.5087756649211 3.0563907694181047e-06 -1.4998585129433195e-06
241 -256.5087770193424 2.8493330869461264e-06 -1.3544213288696483e-06
242 -256.5087782423731 2.6563517870337172e-06 -1.2230307220306713e-06
243 -256.5087793467116 2.4764849790304133e-06 -1.104338480217848e-06
244 -256.50878034383175 2.308837010883691e-06 -9.971201393454976e-07
245 -256.5087812441041 2.152573842006955e-06 -9.002723686535319e-07
246 -256.50878205689975 2.006918759400733e-06 -8.127956334647024e-07
247 -256.50878279068684 1.8711484101319176e-06 -7.337870897572429e-07
248 -256.50878345311634 1.7445890754808069e-06 -6.624294996981916e-07
249 -256.50878405110103 1.6266132594477956e-06 -5.979846946502221e-07
250 -256.50878459088756 1.516636465026533e-06 -5.397865265877044e-07
251 -256.5087850781175 1.4141142380685867e-06 -4.872299541602843e-07
252 -256.5087855178896 1.3185393967496406e-06 -4.3977206587442197e-07
253 -256.5087859148073 1.2294394484135829e-06 -3.969176987084211e-07
254 -256.5087862730308 1.146374199817446e-06 -3.5822353083858616e-07
255 -256.50878659631775 1.0689335572522385e-06 -3.232869403291261e-07
256 -256.50878688806165 9.967354180351329e-07 -2.9174390192565625e-07
257 -256.50878715132706 9.294237660883997e-07 -2.632654059198103e-07
258 -256.5087873888833 8.666668670775923e-07 -2.3755626443744404e-07
259 -256.5087876032302 8.081556201744444e-07 -2.1434686914290069e-07
260 -256.5087877966258 7.536019798193294e-07 -1.933956355060218e-07
261 -256.5087879711092 7.027375371060351e-07 -1.7448337530368008e-07
262 -256.50878812852125 6.553121381092097e-07 -1.574120460645645e-07
263 -256.50878827052475 6.110926796532024e-07 -1.4200350051396526e-07
264 -256.50878839862145 5.698619120475534e-07 -1.2809670124624972e-07
265 -256.5087885141668 5.314173445181147e-07 -1.1554533330127015e-07
266 -256.5087886183844 4.955702774533943e-07 -1.0421763363410719e-07
267 -256.5087887123792 4.6214481785877837e-07 -9.399479949934175e-08
268 -256.5087887971493 4.309770242627575e-07 -8.477007895635325e-08
269 -256.5087888735953 4.019140945610289e-07 -7.644598554179538e-08
270 -256.5087889425297 3.748135992687196e-07 -6.89344119564339e-08
271 -256.50878900468706 3.495427669808482e-07 -6.215736902959179e-08
272 -256.5087890607292 3.259778413311487e-07 -5.6042154028546065e-08
273 -256.5087891112552 3.040034617651788e-07 -5.0526011818874395e-08
274 -256.508789156804 2.8351208145038775e-07 -4.5548802063422045e-08
275 -256.50878919786334 2.6440345135547716e-07 -4.105930884179543e-08
276 -256.5087892348723 2.4658410802125275e-07 -3.7008987874287413e-08
277 -256.5087892682284 2.2996693344046193e-07 -3.335605924803531e-08
278 -256.5087892982892 2.1447069681324038e-07 -3.0060789413255407e-08
279 -256.50878932537904 2.0001966852256636e-07 -2.7089868126495276e-08
280 -256.50878934978846 1.8654326380818098e-07 -2.4409416710113874e-08
281 -256.50878937178135 1.739756451402119e-07 -2.1992889287503203e-08
282 -256.50878939159446 1.6225546095594012e-07 -1.98131147044478e-08
283 -256.50878940944204 1.5132548691898506e-07 -1.784758296707878e-08
284 -256.5087894255186 1.4113238105961656e-07 -1.6076569409051444e-08
285 -256.5087894399973 1.3162641562813882e-07 -1.4478700904874131e-08
286 -256.508789453036 1.2276120223142506e-07 -1.3038686574873282e-08
287 -256.5087894647764 1.1449351169923183e-07 -1.1740382888092427e-08
288 -256.50878947534704 1.0678302572730836e-07 -1.057065901477472e-08
289 -256.5087894848632 9.959215063748417e-08 -9.51615675148787e-09
290 -256.5087894934289 9.28858365223384e-08 -8.565677944716299e-09
291 -256.5087895011374 8.663140008136061e-08 -7.708536031714175e-09
292 -256.50878950807424 8.079835897567555e-08 -6.936829777259845e-09
293 -256.5087895143159 7.535830648386366e-08 -6.241634764592163e-09
294 -256.5087895199314 7.02847317013422e-08 -5.615504505840363e-09
295 -256.5087895249826 6.555293607934942e-08 -5.051219886809122e-09
296 -256.5087895295246 6.113986597555687e-08 -4.542016540654004e-09
297 -256.5087895336089 5.7024045069242746e-08 -4.084256488567917e-09
298 -256.5087895372813 5.318542961596506e-08 -3.6724259189213626e-09
299 -256.5087895405825 4.960534177866904e-08 -3.3011815503414255e-09
300 -256.50878954354926 4.626635327631412e-08 -2.966771717183292e-09
301 -256.50878954621555 4.3152217910069623e-08 -2.6662974050850607e-09
302 -256.50878954861037 4.024778518796346e-08 -2.3948132366058417e-09
303 -256.5087895507616 3.753892041657991e-08 -2.1512391867872793e-09
304 -256.5087895526934 3.501245021686472e-08 -1.9317667465656996e-09
305 -256.50878955442744 3.2656085613425034e-08 -1.7340653357678093e-09
306 -256.5087895559842 3.045836727277873e-08 -1.556770712340949e-09
307 -256.5087895573809 2.8409774227577955e-08 -1.3966996448289137e-09
308 -256.5087895586348 2.6499533151147503e-08 -1.253908976650564e-09
309 -256.508789559759 2.4717726948564334e-08 -1.1241922948102001e-09
310 -256.5087895607667 2.3055729575505168e-08 -1.0076632861455437e-09
311 -256.50878956166997 2.1505472208582788e-08 -9.032987691171002e-10
312 -256.50878956247976 2.005945312633095e-08 -8.09791345091071e-10
313 -256.50878956320526 1.8710661187082422e-08 -7.254925549204927e-10
314 -256.50878956385475 1.7452558481734215e-08 -6.494929039035924e-10
315 -256.508789564436 1.6279048054013145e-08 -5.81223957851762e-10
316 -256.5087895649563 1.5184445284477377e-08 -5.203446562518366e-10
317 -256.5087895654214 1.4163434952640941e-08 -4.650928531191312e-10
318 -256.5087895658375 1.3211082505737437e-08 -4.1609382606111467e-10
319 -256.508789566209 1.2322760450933501e-08 -3.714717422553804e-10
320 -256.50878956654157 1.1494168616899003e-08 -3.325908437545877e-10
321 -256.5087895668381 1.0721295490290217e-08 -2.965521161968354e-10
322 -256.5087895671028 1.0000383243724542e-08 -2.646629582159221e-10
323 -256.5087895673387 9.327948080617432e-09 -2.3590018827235326e-10
324 -256.50878956754894 8.70072264236299e-09 -2.1026380636612885e-10
325 -256.50878956773664 8.115681571219113e-09 -1.8769696907838807e-10
326 -256.50878956790376 7.56997137196791e-09 -1.6711965145077556e-10
327 -256.50878956805184 7.0609543212363235e-09 -1.4807710613240488e-10
328 -256.5087895681838 6.58616583493199e-09 -1.319335751759354e-10
329 -256.5087895683011 6.1433012010780885e-09 -1.1732481652870774e-10
330 -256.5087895684052 5.7302143863235955e-09 -1.0408029993413948e-10
331 -256.50878956849726 5.3449061010457655e-09 -9.208633855450898e-11
332 -256.5087895685791 4.985504092891446e-09 -8.185452315956354e-11
333 -256.508789568651 4.650269003203533e-09 -7.190692485892214e-11
334 -256.50878956871514 4.337576603452575e-09 -6.411937647499144e-11
335 -256.5087895687716 4.045906887295558e-09 -5.644551492878236e-11
336 -256.5087895688211 3.7738528135822236e-09 -4.951061782776378e-11
337 -256.5087895688647 3.5200907189114616e-09 -4.359890226623975e-11
338 -256.5087895689034 3.2833900043272024e-09 -3.871036824421026e-11
339 -256.50878956893735 3.0626107205833364e-09 -3.3935521059902385e-11
340 -256.50878956896685 2.8566729814993863e-09 -2.950173438875936e-11
341 -256.5087895689934 2.664579584754634e-09 -2.6545876607997343e-11
342 -256.5087895690158 2.485407324392952e-09 -2.2396307031158358e-11
343 -256.50878956903534 2.318284536562132e-09 -1.9554136088117957e-11
344 -256.50878956905245 2.162395346116952e-09 -1.7109869077103212e-11
345 -256.5087895690675 2.0169896586264002e-09 -1.5063505998114124e-11
346 -256.50878956907985 1.881363953515347e-09 -1.233502189279534e-11
347 -256.5087895690912 1.754855510904818e-09 -1.1368683772161603e-11
348 -256.5087895691003 1.6368512378850397e-09 -9.094947017729282e-12
349 -256.5087895691081 1.526789333849976e-09 -7.787548383930698e-12
350 -256.50878956911487 1.4241192392017155e-09 -6.764366844436154e-12
351 -256.5087895691208 1.3283586453027851e-09 -5.9117155615240335e-12
352 -256.50878956912555 1.2390342363222118e-09 -4.774847184307873e-12
353 -256.5087895691296 1.155719714374115e-09 -4.035882739117369e-12
354 -256.50878956913255 1.0780058234960421e-09 -2.9558577807620168e-12
355 -256.50878956913516 1.005515587459982e-09 -2.6147972675971687e-12
356 -256.50878956913715 9.379027277045537e-10 -1.9895196601282805e-12
357 -256.50878956913834 8.748358981680582e-10 -1.1937117960769683e-12
358 -256.5087895691394 8.160064290940738e-10 -1.0800249583553523e-12
359 -256.50878956913976 7.611366814597176e-10 -3.410605131648481e-13
360 -256.5087895691406 7.099562049361907e-10 -8.526512829121202e-13
361 -256.5087895691407 6.622146164758647e-10 -5.684341886080802e-14
362 -256.5087895691406 6.17686651827043e-10 5.684341886080802e-14
363 -256.5087895691405 5.76151321096674e-10 1.1368683772161603e-13
364 -256.5087895691404 5.37406924516759e-10 1.1368683772161603e-13
365 -256.50878956913994 5.012705528439909e-10 4.547473508864641e-13
366 -256.50878956913925 4.675650144836396e-10 6.821210263296962e-13
367 -256.5087895691389 4.3612216615862565e-10 3.410605131648481e-13
368 -256.5087895691379 4.0679923318798217e-10 1.0231815394945443e-12
369 -256.50878956913726 3.79441700282257e-10 6.252776074688882e-13
370 -256.5087895691363 3.5392500041808717e-10 9.663381206337363e-13
371 -256.5087895691354 3.3012612088434423e-10 9.094947017729282e-13
372 -256.5087895691347 3.0793187444366765e-10 6.821210263296962e-13
373 -256.50878956913397 2.872196647185632e-10 7.389644451905042e-13
374 -256.50878956913283 2.6791152629712656e-10 1.1368683772161603e-12
375 -256.50878956913243 2.4989027513910855e-10 3.979039320256561e-13
376 -256.5087895691313 2.3308982521896837e-10 1.1368683772161603e-12
377 -256.50878956913056 2.1741736189184735e-10 7.389644451905042e-13
378 -256.5087895691295 2.027944201454801e-10 1.0800249583553523e-12
379 -256.5087895691286 1.891614365145955e-10 8.526512829121202e-13
380 -256.5087895691279 1.764375867630008e-10 7.389644451905042e-13
381 -256.5087895691271 1.6457529783409086e-10 7.958078640513122e-13
382 -256.5087895691264 1.5350781756851006e-10 6.821210263296962e-13
383 -256.50878956912544 1.4318621288644806e-10 9.663381206337363e-13
384 -256.5087895691248 1.3355666572678615e-10 6.252776074688882e-13
385 -256.5087895691243 1.245768765922861e-10 5.115907697472721e-13
386 -256.50878956912345 1.1619943895979645e-10 8.526512829121202e-13
387 -256.5087895691228 1.0838929753731463e-10 6.252776074688882e-13
388 -256.50878956912214 1.0109479919861997e-10 6.821210263296962e-13
389 -256.50878956912146 9.429676484096206e-11 6.821210263296962e-13
390 -256.50878956912106 8.795930650506989e-11 3.979039320256561e-13
391 -256.5087895691209 8.204367740738405e-11 1.7053025658242404e-13
392 -256.5087895691199 7.652559141924087e-11 9.663381206337363e-13
393 -256.5087895691193 7.138245550208921e-11 6.252776074688882e-13
394 -256.50878956911896 6.658046336482926e-11 3.410605131648481e-13
395 -256.5087895691183 6.210248981730615e-11 6.821210263296962e-13
396 -256.5087895691184 5.792749613320325e-11 -1.1368683772161603e-13
397 -256.50878956911845 5.403380520796475e-11 -5.684341886080802e-14
398 -256.50878956911765 5.039821338037598e-11 7.958078640513122e-13
399 -256.50878956911737 4.700675959590228e-11 2.8421709430404007e-13
400 -256.5087895691172 4.385128371531266e-11 1.7053025658242404e-13
401 -256.508789569117 4.090150440561047e-11 1.7053025658242404e-13
402 -256.50878956911635 3.81485398825987e-11 6.821210263296962e-13
403 -256.5087895691164 3.558575656370522e-11 -5.684341886080802e-14
404 -256.508789569116 3.318911812044689e-11 3.979039320256561e-13
405 -256.50878956911595 3.096201073304883e-11 5.684341886080802e-14
406 -256.508789569116 2.8877150670680862e-11 -5.684341886080802e-14
407 -256.5087895691157 2.6937285735328942e-11 2.8421709430404007e-13
408 -256.508789569115 2.5122126601218042e-11 7.389644451905042e-13
409 -256.50878956911515 2.343664151638336e-11 -1.7053025658242404e-13
410 -256.5087895691151 2.1861040755410954e-11 5.684341886080802e-14
411 -256.50878956911475 2.0390467092568088e-11 3.410605131648481e-13
412 -256.5087895691145 1.90162885438383e-11 2.2737367544323206e-13
413 -256.5087895691148 1.7736312418747957e-11 -2.8421709430404007e-13
414 -256.5087895691146 1.6547901937613574e-11 2.2737367544323206e-13
415 -256.50878956911436 1.5434126199309617e-11 2.2737367544323206e-13
416 -256.50878956911424 1.4396067671285095e-11 1.1368683772161603e-13
417 -256.50878956911413 1.3426731948484871e-11 1.1368683772161603e-13
418 -256.50878956911436 1.252545289709417e-11 -2.2737367544323206e-13
419 -256.5087895691144 1.1681905442983975e-11 -5.684341886080802e-14
420 -256.50878956911436 1.0901085589765103e-11 5.684341886080802e-14
421 -256.5087895691139 1.0164341590623849e-11 4.547473508864641e-13
422 -256.50878956911373 9.480083384971749e-12 1.7053025658242404e-13
423 -256.5087895691141 8.841427590056128e-12 -3.410605131648481e-13
424 -256.5087895691137 8.2492901398723e-12 3.979039320256561e-13
425 -256.5087895691135 7.692319003993475e-12 1.7053025658242404e-13
426 -256.50878956911333 7.178729832801878e-12 1.7053025658242404e-13
427 -256.5087895691131 6.695338727880085e-12 2.2737367544323206e-13
428 -256.50878956911276 6.244643691033502e-12 3.410605131648481e-13
429 -256.5087895691127 5.823064253007715e-12 5.684341886080802e-14
430 -256.508789569113 5.433764549422904e-12 -2.8421709430404007e-13
431 -256.5087895691129 5.063949259920264e-12 1.1368683772161603e-13
432 -256.5087895691127 4.727523927883226e-12 1.7053025658242404e-13
433 -256.5087895691125 4.409722587084275e-12 2.2737367544323206e-13
434 -256.5087895691127 4.112876705875124e-12 -2.2737367544323206e-13
435 -256.5087895691129 3.835126660689525e-12 -1.7053025658242404e-13
436 -256.508789569113 3.574252005478229e-12 -1.1368683772161603e-13
437 -256.50878956911254 3.337885523535533e-12 4.547473508864641e-13
438 -256.5087895691126 3.1142866063760266e-12 -5.684341886080802e-14
439 -256.50878956911225 2.9031499426679375e-12 3.410605131648481e-13
440 -256.5087895691124 2.708333557421838e-12 -1.7053025658242404e-13
441 -256.5087895691122 2.528172116100791e-12 2.2737367544323206e-13
442 -256.50878956911237 2.3516744107610066e-12 -1.7053025658242404e-13
443 -256.50878956911197 2.1992407894799726e-12 3.979039320256561e-13
444 -256.50878956911214 2.050443148604586e-12 -1.7053025658242404e-13
445 -256.50878956911265 1.9119705818582133e-12 -5.115907697472721e-13
446 -256.5087895691124 1.7836010446359296e-12 2.2737367544323206e-13
447 -256.5087895691126 1.6621148901663219e-12 -1.7053025658242404e-13
448 -256.50878956911254 1.5537016118116753e-12 5.684341886080802e-14
449 -256.5087895691125 1.4464818232085008e-12 5.684341886080802e-14
450 -256.50878956911225 1.350808354061428e-12 2.2737367544323206e-13
451 -256.5087895691124 1.2591316878030057e-12 -1.7053025658242404e-13
452 -256.50878956911225 1.1717848913406215e-12 1.7053025658242404e-13
453 -256.5087895691122 1.098676705169055e-12 5.684341886080802e-14
454 -256.5087895691124 1.0204892486598283e-12 -2.2737367544323206e-13
455 -256.5087895691125 9.552636459631003e-13 -5.684341886080802e-14
456 -256.5087895691122 8.873457524316564e-13 2.8421709430404007e-13
457 -256.5087895691124 8.310852006587766e-13 -2.2737367544323206e-13
458 -256.5087895691123 7.718825578706401e-13 1.1368683772161603e-13
459 -256.5087895691129 7.217837438844299e-13 -5.684341886080801e-13
460 -256.50878956911276 6.747380432159389e-13 1.1368683772161603e-13
461 -256.5087895691132 6.265266083715915e-13 -4.547473508864641e-13
462 -256.508789569113 5.880018694170985e-13 2.2737367544323206e-13
463 -256.50878956911265 5.453693052714925e-13 3.410605131648481e-13
464 -256.5087895691124 5.100642130884125e-13 2.2737367544323206e-13
465 -256.5087895691126 4.757305660518796e-13 -1.7053025658242404e-13
466 -256.50878956911293 4.436728762158282e-13 -3.410605131648481e-13
467 -256.50878956911293 4.1194825328716433e-13 0.0
468 -256.5087895691126 3.844702334276917e-13 3.410605131648481e-13
469 -256.5087895691118 3.61710661422876e-13 7.958078640513122e-13
470 -256.50878956911237 3.3237301799715624e-13 -5.684341886080801e-13
471 -256.50878956911185 3.1441516057384433e-13 5.115907697472721e-13
472 -256.5087895691122 2.948752353404416e-13 -3.410605131648481e-13
473 -256.5087895691122 2.6989521728637555e-13 0.0
474 -256.5087895691124 2.533251386438451e-13 -2.2737367544323206e-13
475 -256.50878956911185 2.406685961631183e-13 5.684341886080801e-13
476 -256.5087895691125 2.1707635688983373e-13 -6.252776074688882e-13
477 -256.50878956911254 2.0855539517583566e-13 -5.684341886080802e-14
478 -256.50878956911293 1.946776073680212e-13 -3.979039320256561e-13
479 -256.5087895691126 1.7844059563287828e-13 3.410605131648481e-13
480 -256.50878956911265 1.6661672042062037e-13 -5.684341886080802e-14
481 -256.5087895691124 1.5565326805244695e-13 2.2737367544323206e-13
482 -256.5087895691123 1.441902153231922e-13 1.1368683772161603e-13
483 -256.5087895691123 1.3658518760450988e-13 0.0
484 -256.5087895691125 1.2737033650012108e-13 -1.7053025658242404e-13
485 -256.5087895691125 1.1868284133242923e-13 0.0
486 -256.50878956911237 1.0919043447188415e-13 1.1368683772161603e-13
487 -256.5087895691124 1.0297318553398327e-13 -5.684341886080802e-14
488 -256.50878956911237 9.60898027813073e-14 5.684341886080802e-14
489 -256.5087895691126 9.245382237565991e-14 -2.2737367544323206e-13
490 -256.50878956911225 8.37108160567368e-14 3.410605131648481e-13
491 -256.5087895691129 7.688294445529209e-14 -6.252776074688882e-13
492 -256.5087895691124 7.241429678117584e-14 4.547473508864641e-13
493 -256.50878956911276 6.80566714095221e-14 -3.410605131648481e-13
494 -256.50878956911265 6.566969190657801e-14 1.1368683772161603e-13
495 -256.50878956911254 5.86475312758239e-14 1.1368683772161603e-13
496 -256.5087895691126 5.512257317263902e-14 -5.684341886080802e-14
497 -256.5087895691125 5.2235993308613615e-14 1.1368683772161603e-13
498 -256.50878956911276 4.85722573273506e-14 -2.8421709430404007e-13
499 -256.50878956911265 4.6102011097559625e-14 1.1368683772161603e-13
500 -256.50878956911265 4.005129561335252e-14 0.0
501 -256.5087895691127 3.852473895449293e-14 -5.684341886080802e-14
502 -256.508789569113 3.6665115388245795e-14 -2.8421709430404007e-13
503 -256.50878956911305 3.547162563677375e-14 -5.684341886080802e-14
504 -256.5087895691132 3.066991105526995e-14 -1.7053025658242404e-13
505 -256.5087895691129 3.161360062620133e-14 3.410605131648481e-13
506 -256.50878956911293 2.7644553313166398e-14 -5.684341886080802e-14
507 -256.508789569113 2.4924506902834764e-14 -5.684341886080802e-14
508 -256.50878956911276 2.5202062658991053e-14 2.2737367544323206e-13
509 -256.5087895691127 2.2926105458509483e-14 5.684341886080802e-14
510 -256.5087895691127 1.9761969838327786e-14 0.0
511 -256.50878956911254 2.040034807748725e-14 1.7053025658242404e-13
512 -256.5087895691127 1.5709655798445965e-14 -1.7053025658242404e-13
513 -256.50878956911265 1.865174681370263e-14 5.684341886080802e-14
514 -256.50878956911276 1.8068879725774423e-14 -1.1368683772161603e-13
515 -256.5087895691126 1.2240208846492351e-14 1.7053025658242404e-13
516 -256.50878956911237 1.4488410471358293e-14 2.2737367544323206e-13
517 -256.5087895691122 1.1962653090336062e-14 1.7053025658242404e-13
518 -256.5087895691126 1.1463052729254741e-14 -3.979039320256561e-13
519 -256.50878956911276 1.1074474670635936e-14 -1.7053025658242404e-13
520 -256.5087895691127 9.353628982466944e-15 5.684341886080802e-14
521 -256.5087895691123 9.936496070395151e-15 3.979039320256561e-13
522 -256.5087895691123 1.0269562977782698e-14 0.0
523 -256.508789569112 9.575673587391975e-15 2.8421709430404007e-13
524 -256.50878956911214 8.326672684688674e-15 -1.1368683772161603e-13
525 -256.5087895691121 9.298117831235686e-15 5.684341886080802e-14
526 -256.508789569112 4.9404924595819466e-15 5.684341886080802e-14
527 -256.50878956911254 1.0630385460785874e-14 -5.115907697472721e-13
528 -256.50878956911254 4.218847493575595e-15 0.0
529 -256.5087895691124 7.965850201685498e-15 1.1368683772161603e-13
530 -256.5087895691124 4.6629367034256575e-15 0.0
531 -256.50878956911265 5.329070518200751e-15 -2.2737367544323206e-13
532 -256.5087895691126 4.829470157119431e-15 5.684341886080802e-14
533 -256.5087895691129 4.551914400963142e-15 -2.8421709430404007e-13
534 -256.508789569113 4.3298697960381105e-15 -1.1368683772161603e-13
535 -256.5087895691126 2.886579864025407e-15 3.979039320256561e-13
536 -256.5087895691125 2.886579864025407e-15 1.1368683772161603e-13
537 -256.50878956911265 5.190292640122607e-15 -1.7053025658242404e-13
538 -256.5087895691125 4.884981308350689e-15 1.7053025658242404e-13
539 -256.5087895691124 3.164135620181696e-15 5.684341886080802e-14
540 -256.50878956911276 2.5153490401663703e-15 -3.410605131648481e-13
541 -256.50878956911276 3.6637359812630166e-15 0.0
542 -256.5087895691125 4.135580766728708e-15 2.8421709430404007e-13
543 -256.50878956911237 2.220446049250313e-15 1.1368683772161603e-13
ENERGY0: -256.50878956911237

--------------------------
Converged ROPPP Orbitals
--------------------------

orbital number 1 energy -10.173001572629943
[ 0.    0.01  0.    0.03  0.    0.    0.    0.    0.    0.    0.    0.
  0.    0.    0.05  0.12  0.4   0.12  0.05  0.    0.01  0.03  0.    0.
  0.    0.    0.    0.    0.05  0.12  0.4   0.12  0.05  0.    0.    0.
  0.    0.    0.28  0.08  0.02  0.01  0.02  0.08  0.    0.72  0.    0.
  0.02  0.03  0.    0.   -0.    0.03  0.02  0.    0.    0.    0.   -0.
 -0.   -0.  ]
orbital number 2 energy -8.107092904501325
[-0.19 -0.06 -0.06 -0.04 -0.24 -0.2  -0.27 -0.2  -0.24 -0.07 -0.05 -0.07
 -0.05 -0.07 -0.04 -0.02 -0.02 -0.02 -0.03  0.18  0.06  0.04  0.06  0.23
  0.19  0.26  0.19  0.23  0.03  0.02  0.02  0.02  0.04  0.07  0.05  0.07
  0.05  0.07  0.    0.    0.    0.    0.    0.    0.    0.   -0.06 -0.06
 -0.03 -0.03 -0.22 -0.21 -0.27  0.03  0.03  0.06  0.06  0.2   0.21  0.26
 -0.06  0.06]
orbital number 3 energy -8.105676226833536
[ 0.18  0.06  0.06  0.03  0.24  0.19  0.27  0.19  0.23  0.07  0.05  0.07
  0.05  0.07  0.02  0.01 -0.    0.01  0.02  0.19  0.06  0.03  0.06  0.24
  0.2   0.28  0.2   0.25  0.02  0.01 -0.    0.01  0.02  0.07  0.05  0.07
  0.05  0.07 -0.01 -0.   -0.   -0.   -0.   -0.   -0.   -0.01  0.06  0.06
  0.02  0.02  0.21  0.21  0.26  0.02  0.02  0.06  0.06  0.21  0.22  0.27
  0.06  0.06]
orbital number 4 energy -8.015961634307827
[ 0.04 -0.04 -0.19 -0.03  0.07  0.06  0.09  0.06  0.07 -0.24 -0.2  -0.27
 -0.2  -0.25 -0.03 -0.02 -0.02 -0.02 -0.03 -0.04  0.03  0.03  0.18 -0.06
 -0.06 -0.08 -0.06 -0.06  0.03  0.02  0.02  0.02  0.03  0.24  0.19  0.26
  0.19  0.23  0.    0.    0.    0.    0.    0.    0.    0.   -0.23 -0.21
 -0.03 -0.03  0.06  0.06  0.09  0.03  0.02  0.2   0.22 -0.06 -0.06 -0.09
 -0.26  0.25]
orbital number 5 energy -8.015065213903956
[-0.04  0.03  0.18  0.02 -0.06 -0.06 -0.08 -0.06 -0.06  0.23  0.19  0.26
  0.2   0.24  0.02  0.01 -0.    0.01  0.01 -0.04  0.04  0.02  0.19 -0.06
 -0.06 -0.08 -0.06 -0.06  0.02  0.01 -0.    0.01  0.02  0.25  0.21  0.28
  0.2   0.24 -0.01 -0.   -0.   -0.   -0.   -0.   -0.   -0.01  0.22  0.2
  0.01  0.01 -0.06 -0.05 -0.08  0.02  0.01  0.21  0.23 -0.06 -0.06 -0.09
  0.25  0.27]
orbital number 6 energy -7.81617855546743
[-0.    0.05 -0.01  0.23 -0.02 -0.02 -0.03 -0.02 -0.02 -0.03 -0.03 -0.05
 -0.03 -0.03  0.3   0.2   0.17  0.18  0.28  0.   -0.05 -0.23  0.01  0.02
  0.02  0.03  0.02  0.02 -0.28 -0.18 -0.17 -0.2  -0.31  0.03  0.03  0.05
  0.03  0.03  0.   -0.   -0.    0.    0.    0.    0.    0.   -0.03 -0.03
  0.26  0.3  -0.02 -0.02 -0.04 -0.3  -0.26  0.03  0.03  0.02  0.02  0.04
 -0.05  0.05]
orbital number 7 energy -7.619123670644602
[ 0.01  0.06  0.01  0.24 -0.01 -0.02 -0.03 -0.02 -0.01 -0.01 -0.02 -0.03
 -0.02 -0.01  0.31  0.14  0.01  0.12  0.28  0.01  0.06  0.24  0.01 -0.01
 -0.02 -0.03 -0.02 -0.01  0.28  0.12  0.01  0.14  0.31 -0.01 -0.02 -0.03
 -0.02 -0.01 -0.14 -0.07 -0.04 -0.03 -0.04 -0.07 -0.01 -0.17 -0.01 -0.01
  0.28  0.34 -0.01 -0.01 -0.04  0.34  0.28 -0.01 -0.01 -0.01 -0.01 -0.04
 -0.04 -0.04]
orbital number 8 energy -7.126821975333661
[ 0.15  0.05  0.03  0.    0.19 -0.04 -0.28 -0.05  0.16  0.02 -0.02 -0.06
 -0.01  0.03 -0.02 -0.01 -0.01 -0.01 -0.01 -0.14 -0.04 -0.   -0.03 -0.14
  0.05  0.25  0.03 -0.17  0.01  0.01  0.01  0.01  0.01 -0.03  0.01  0.05
  0.01 -0.02  0.    0.    0.    0.    0.    0.    0.    0.    0.04  0.03
 -0.01 -0.02  0.28  0.23 -0.48  0.02  0.01 -0.02 -0.04 -0.21 -0.26  0.44
 -0.09  0.08]
orbital number 9 energy -7.126289306485789
[-0.14 -0.04 -0.03  0.   -0.17  0.03  0.25  0.05 -0.14 -0.02  0.01  0.05
  0.01 -0.02  0.02  0.01  0.    0.01  0.01 -0.15 -0.04  0.   -0.03 -0.16
  0.05  0.27  0.04 -0.19  0.01  0.01  0.    0.01  0.02 -0.03  0.01  0.05
  0.02 -0.02 -0.01 -0.01 -0.01 -0.   -0.01 -0.01 -0.   -0.01 -0.04 -0.02
  0.02  0.03 -0.26 -0.21  0.44  0.03  0.02 -0.03 -0.04 -0.23 -0.28  0.48
  0.08  0.09]
orbital number 10 energy -7.032984377526972
[ 0.02 -0.03 -0.13 -0.    0.05  0.01 -0.04 -0.01  0.   -0.09  0.07  0.25
  0.02 -0.21  0.01  0.01  0.01  0.    0.   -0.02  0.03  0.    0.14 -0.01
  0.01  0.04 -0.01 -0.06 -0.   -0.   -0.01 -0.01 -0.01  0.23 -0.02 -0.27
 -0.08  0.09  0.    0.    0.    0.    0.    0.   -0.    0.   -0.33 -0.13
  0.    0.02  0.09  0.01 -0.07 -0.02 -0.    0.14  0.35 -0.01 -0.09  0.07
  0.43 -0.46]
orbital number 11 energy -7.0328705840861
[ 0.02 -0.03 -0.14 -0.    0.06  0.01 -0.04 -0.02  0.   -0.09  0.08  0.27
  0.02 -0.23  0.02  0.01  0.    0.    0.    0.02 -0.03 -0.   -0.13  0.
 -0.01 -0.04  0.01  0.05  0.    0.    0.    0.01  0.02 -0.21  0.02  0.25
  0.07 -0.09 -0.01 -0.   -0.   -0.   -0.   -0.   -0.   -0.01 -0.35 -0.14
  0.    0.02  0.09  0.01 -0.07  0.02  0.   -0.13 -0.33  0.01  0.09 -0.07
  0.46  0.43]
orbital number 12 energy -7.025959246379308
[ 0.01  0.   -0.01  0.   -0.22 -0.11 -0.02  0.1   0.25 -0.    0.01  0.02
  0.   -0.02  0.    0.   -0.   -0.   -0.   -0.01 -0.   -0.    0.01 -0.3
 -0.13  0.02  0.13  0.26  0.    0.    0.   -0.   -0.    0.02 -0.   -0.02
 -0.01  0.01 -0.    0.    0.   -0.   -0.   -0.    0.   -0.   -0.03 -0.01
 -0.    0.   -0.35  0.39 -0.03 -0.    0.    0.01  0.04 -0.47  0.42  0.04
  0.03 -0.04]
orbital number 13 energy -7.025873074651148
[ 0.01  0.   -0.01  0.   -0.26 -0.13 -0.02  0.13  0.3  -0.01  0.01  0.03
 -0.   -0.03  0.    0.   -0.   -0.   -0.    0.01  0.   -0.   -0.01  0.25
  0.1  -0.02 -0.11 -0.22 -0.   -0.   -0.    0.    0.   -0.02 -0.    0.02
  0.01 -0.    0.    0.    0.    0.    0.    0.   -0.    0.   -0.04 -0.01
 -0.    0.   -0.42  0.47 -0.04  0.   -0.   -0.01 -0.03  0.39 -0.35 -0.03
  0.04  0.04]
orbital number 14 energy -6.9553878744375
[ 0.   -0.02 -0.06 -0.    0.   -0.   -0.01  0.    0.01 -0.42 -0.15  0.09
  0.17  0.28  0.04  0.02  0.   -0.02 -0.04  0.    0.    0.    0.    0.
  0.    0.   -0.   -0.   -0.   -0.   -0.    0.    0.   -0.01 -0.   -0.
  0.    0.01 -0.   -0.   -0.   -0.   -0.   -0.    0.   -0.    0.47 -0.65
 -0.05  0.06  0.01  0.02 -0.02  0.   -0.    0.01 -0.01  0.   -0.    0.
  0.16 -0.  ]
orbital number 15 energy -6.955295607799744
[ 0.   -0.   -0.   -0.   -0.   -0.   -0.    0.    0.   -0.01 -0.    0.
  0.    0.01  0.    0.   -0.   -0.   -0.    0.   -0.02 -0.   -0.06  0.01
  0.   -0.01 -0.    0.   -0.04 -0.02  0.    0.02  0.04  0.28  0.17  0.09
 -0.15 -0.42 -0.   -0.   -0.   -0.   -0.   -0.    0.   -0.    0.01 -0.01
 -0.    0.   -0.    0.   -0.    0.06 -0.05 -0.65  0.47  0.02  0.01 -0.02
  0.    0.16]
orbital number 16 energy -6.940788538149264
[ 0.   -0.    0.   -0.01  0.    0.   -0.   -0.   -0.    0.02  0.01 -0.01
 -0.01 -0.01  0.19  0.08 -0.02 -0.11 -0.22 -0.    0.    0.02 -0.01  0.
  0.    0.   -0.   -0.    0.32  0.16  0.02 -0.12 -0.28  0.02  0.01  0.01
 -0.01 -0.04 -0.   -0.   -0.   -0.   -0.   -0.   -0.   -0.   -0.02  0.04
 -0.33  0.32  0.   -0.   -0.   -0.47  0.48 -0.06  0.03  0.   -0.01  0.
 -0.01  0.02]
orbital number 17 energy -6.939862789352204
[ 0.   -0.    0.01 -0.02  0.    0.   -0.   -0.   -0.    0.04  0.01 -0.01
 -0.01 -0.02  0.28  0.13 -0.01 -0.16 -0.33  0.   -0.   -0.02  0.01 -0.
 -0.   -0.    0.    0.   -0.23 -0.11 -0.    0.09  0.19 -0.01 -0.01 -0.01
  0.01  0.03  0.02  0.01  0.01  0.01  0.01  0.01  0.    0.01 -0.03  0.06
 -0.49  0.46  0.01 -0.   -0.    0.31 -0.34  0.04 -0.02 -0.    0.   -0.
 -0.03 -0.02]
orbital number 18 energy -6.334004113646655
[-0.   -0.01 -0.   -0.04  0.    0.   -0.    0.    0.    0.    0.   -0.
  0.    0.   -0.03  0.07  0.15  0.06 -0.04 -0.   -0.01 -0.04 -0.    0.
  0.   -0.    0.    0.   -0.04  0.06  0.15  0.07 -0.03  0.    0.   -0.
  0.    0.   -0.38 -0.39 -0.37 -0.37 -0.37 -0.39 -0.13  0.08  0.    0.
 -0.1  -0.09  0.    0.   -0.   -0.09 -0.1   0.    0.    0.    0.   -0.
 -0.   -0.  ]
orbital number 19 energy -5.592979380910407
[ 0.    0.    0.   -0.    0.   -0.   -0.   -0.    0.   -0.   -0.   -0.
 -0.    0.   -0.   -0.28 -0.41 -0.26  0.02 -0.   -0.    0.   -0.   -0.
  0.    0.    0.   -0.   -0.02  0.26  0.41  0.28  0.   -0.    0.    0.
  0.    0.   -0.    0.    0.    0.   -0.   -0.    0.   -0.   -0.   -0.
  0.31  0.3  -0.   -0.    0.   -0.3  -0.31  0.    0.    0.    0.   -0.
  0.   -0.  ]
orbital number 20 energy -4.945527267145801
[ 0.2   0.2   0.15  0.16  0.07  0.12  0.07  0.12  0.07  0.04  0.07  0.03
  0.07  0.05  0.05  0.08  0.04  0.07  0.04  0.19  0.2   0.16  0.15  0.07
  0.12  0.07  0.12  0.07  0.04  0.07  0.04  0.08  0.05  0.05  0.07  0.03
  0.07  0.04 -0.07  0.    0.06  0.1   0.06  0.    0.05 -0.08 -0.17 -0.17
 -0.18 -0.18 -0.24 -0.24 -0.17 -0.18 -0.18 -0.17 -0.17 -0.24 -0.24 -0.17
 -0.1  -0.1 ]
orbital number 21 energy -4.916429088317823
[-0.22 -0.19 -0.16 -0.11 -0.08 -0.16 -0.09 -0.15 -0.08 -0.05 -0.08 -0.04
 -0.08 -0.05 -0.02  0.02  0.05  0.03 -0.01  0.22  0.2   0.11  0.16  0.08
  0.15  0.09  0.16  0.08  0.01 -0.03 -0.05 -0.02  0.02  0.05  0.08  0.04
  0.08  0.05 -0.   -0.   -0.    0.    0.    0.    0.   -0.    0.18  0.18
  0.06  0.06  0.27  0.28  0.22 -0.06 -0.06 -0.18 -0.18 -0.28 -0.28 -0.22
  0.12 -0.12]
orbital number 22 energy -4.777696805841347
[ 0.11 -0.03 -0.05 -0.13  0.08  0.17  0.11  0.17  0.07 -0.02 -0.04 -0.03
 -0.05 -0.02 -0.07 -0.16 -0.1  -0.14 -0.06  0.11 -0.03 -0.12 -0.05  0.07
  0.17  0.1   0.17  0.08 -0.06 -0.14 -0.1  -0.16 -0.07 -0.02 -0.05 -0.03
 -0.04 -0.02  0.18  0.02 -0.14 -0.23 -0.14  0.02 -0.12  0.15  0.07  0.07
  0.21  0.21 -0.2  -0.2  -0.23  0.21  0.2   0.07  0.07 -0.2  -0.2  -0.23
  0.06  0.06]
orbital number 23 energy -4.748605188410149
[ 0.08 -0.06 -0.18 -0.04  0.06  0.15  0.09  0.15  0.06 -0.09 -0.18 -0.11
 -0.19 -0.1  -0.01  0.01  0.02  0.01 -0.   -0.08  0.06  0.04  0.18 -0.06
 -0.15 -0.09 -0.15 -0.06  0.01 -0.01 -0.02 -0.01  0.01  0.1   0.19  0.11
  0.18  0.09 -0.   -0.   -0.    0.    0.    0.    0.   -0.    0.26  0.26
  0.02  0.02 -0.16 -0.16 -0.2  -0.02 -0.02 -0.26 -0.26  0.16  0.16  0.2
  0.26 -0.26]
orbital number 24 energy -4.7336302426565915
[ 0.03 -0.03 -0.17  0.06  0.03  0.07  0.04  0.07  0.03 -0.09 -0.19 -0.11
 -0.2  -0.1   0.05  0.12  0.08  0.11  0.04  0.03 -0.03  0.06 -0.17  0.03
  0.07  0.04  0.07  0.03  0.04  0.11  0.08  0.12  0.05 -0.1  -0.2  -0.11
 -0.19 -0.09 -0.15 -0.02  0.11  0.18  0.11 -0.02  0.09 -0.11  0.26  0.26
 -0.13 -0.13 -0.07 -0.07 -0.09 -0.13 -0.13  0.26  0.26 -0.07 -0.07 -0.09
  0.27  0.27]
orbital number 25 energy -4.26375942254011
[ 0.13  0.28  0.11  0.32 -0.01 -0.14 -0.12 -0.14 -0.01 -0.02 -0.15 -0.12
 -0.15 -0.02  0.09 -0.06 -0.16 -0.07  0.08 -0.13 -0.28 -0.32 -0.11  0.01
  0.14  0.12  0.14  0.01 -0.08  0.07  0.16  0.06 -0.09  0.02  0.15  0.12
  0.15  0.02 -0.    0.    0.    0.   -0.   -0.    0.   -0.    0.03  0.03
 -0.16 -0.17  0.01  0.01  0.18  0.17  0.16 -0.03 -0.03 -0.01 -0.01 -0.18
  0.2  -0.2 ]
orbital number 26 energy -4.234733855206933
[-0.12 -0.23 -0.09 -0.25  0.    0.12  0.1   0.12  0.    0.01  0.12  0.1
  0.12  0.01 -0.06  0.06  0.13  0.07 -0.06 -0.12 -0.22 -0.24 -0.09  0.
  0.12  0.1   0.11  0.   -0.06  0.07  0.13  0.06 -0.06  0.01  0.12  0.1
  0.12  0.01 -0.33 -0.14  0.16  0.36  0.16 -0.13  0.2  -0.02 -0.02 -0.02
  0.12  0.11 -0.   -0.   -0.15  0.11  0.12 -0.02 -0.02 -0.   -0.   -0.15
 -0.16 -0.16]
orbital number 27 energy -3.872485298700835
[-0.   -0.    0.    0.    0.    0.    0.    0.   -0.    0.    0.   -0.
 -0.   -0.    0.    0.    0.   -0.   -0.    0.    0.   -0.    0.    0.
 -0.   -0.   -0.    0.   -0.    0.   -0.   -0.   -0.    0.   -0.   -0.
 -0.   -0.   -0.    0.52  0.48  0.   -0.48 -0.52  0.    0.    0.   -0.
  0.   -0.    0.    0.   -0.    0.    0.   -0.   -0.   -0.   -0.    0.
  0.    0.  ]
orbital number 28 energy -3.746901705044249
[ 0.23  0.17  0.19 -0.12  0.05 -0.12 -0.14 -0.13  0.05  0.03 -0.11 -0.12
 -0.11  0.03 -0.11 -0.11  0.05 -0.07 -0.09  0.23  0.17 -0.12  0.19  0.05
 -0.13 -0.14 -0.12  0.05 -0.09 -0.07  0.05 -0.11 -0.11  0.03 -0.11 -0.12
 -0.11  0.03 -0.25 -0.17  0.09  0.28  0.09 -0.16  0.19  0.14 -0.05 -0.05
  0.12  0.15 -0.06 -0.06  0.16  0.14  0.12 -0.05 -0.05 -0.06 -0.06  0.16
  0.15  0.15]
orbital number 29 energy -3.4760943590941347
[-0.26 -0.07 -0.18  0.3  -0.07  0.13  0.15  0.11 -0.08 -0.05  0.08  0.11
  0.09 -0.04  0.19  0.04 -0.18 -0.13  0.08  0.26  0.07 -0.3   0.18  0.08
 -0.11 -0.15 -0.13  0.07 -0.08  0.13  0.18 -0.04 -0.19  0.04 -0.09 -0.11
 -0.08  0.05  0.   -0.   -0.   -0.    0.    0.   -0.   -0.    0.05  0.06
 -0.1  -0.22  0.08  0.09 -0.16  0.22  0.1  -0.06 -0.05 -0.09 -0.08  0.16
 -0.11  0.11]
orbital number 30 energy -3.4361432497376683
[-0.02 -0.    0.01  0.01 -0.29 -0.47  0.01  0.48  0.28  0.   -0.   -0.
 -0.    0.    0.01  0.   -0.01 -0.    0.    0.01  0.   -0.01  0.   -0.13
 -0.23 -0.01  0.22  0.14 -0.    0.    0.01  0.   -0.01 -0.   -0.   -0.
  0.    0.    0.    0.    0.   -0.   -0.   -0.    0.   -0.   -0.   -0.
 -0.   -0.01  0.32 -0.31 -0.01  0.01  0.   -0.    0.    0.15 -0.15  0.01
  0.    0.  ]
orbital number 31 energy -3.4360276602264497
[-0.    0.    0.01 -0.   -0.14 -0.22  0.    0.22  0.14  0.   -0.   -0.
 -0.    0.   -0.    0.    0.    0.   -0.   -0.01  0.    0.    0.01  0.28
  0.48  0.01 -0.47 -0.29  0.   -0.   -0.    0.    0.    0.   -0.   -0.01
 -0.01  0.    0.    0.   -0.   -0.   -0.    0.    0.   -0.   -0.   -0.
  0.    0.    0.15 -0.15 -0.   -0.   -0.   -0.   -0.   -0.31  0.32 -0.01
  0.    0.01]
orbital number 32 energy -3.4147888716782715
[-0.01 -0.   -0.02  0.02 -0.    0.    0.01  0.01 -0.   -0.    0.01  0.01
  0.01 -0.   -0.21 -0.36  0.    0.37  0.22 -0.01 -0.    0.02 -0.02 -0.
  0.01  0.01  0.   -0.    0.23  0.38  0.   -0.37 -0.22 -0.    0.01  0.01
  0.01 -0.01  0.    0.01 -0.   -0.01 -0.    0.01 -0.   -0.01  0.    0.01
 -0.26  0.23  0.    0.   -0.01  0.24 -0.28  0.01  0.    0.    0.01 -0.01
 -0.01 -0.01]
orbital number 33 energy -3.4049906559467504
[-0.05 -0.01 -0.05  0.08 -0.02  0.03  0.03  0.02 -0.02 -0.02  0.02  0.03
  0.03 -0.01 -0.19 -0.38 -0.04  0.36  0.25  0.05  0.01 -0.08  0.05  0.02
 -0.02 -0.03 -0.03  0.02 -0.24 -0.34  0.04  0.36  0.18  0.01 -0.03 -0.03
 -0.02  0.02  0.    0.    0.   -0.   -0.   -0.   -0.   -0.    0.01  0.02
 -0.3   0.21  0.02  0.02 -0.03 -0.19  0.28 -0.02 -0.01 -0.02 -0.02  0.03
 -0.03  0.03]
orbital number 34 energy -3.3600549767664267
[-0.02  0.    0.03 -0.   -0.01  0.01  0.01  0.01 -0.01 -0.31 -0.54 -0.02
  0.5   0.33 -0.    0.    0.   -0.   -0.   -0.01 -0.    0.01  0.   -0.
  0.    0.    0.   -0.    0.    0.   -0.   -0.    0.    0.04  0.06 -0.
 -0.06 -0.04 -0.   -0.    0.    0.    0.   -0.    0.    0.   -0.35  0.34
  0.    0.    0.01  0.01 -0.01 -0.   -0.    0.04 -0.04  0.    0.   -0.
  0.02  0.  ]
orbital number 35 energy -3.3599793470534465
[-0.   -0.   -0.01  0.01 -0.   -0.    0.    0.   -0.    0.04  0.06  0.
 -0.06 -0.04  0.   -0.   -0.    0.    0.   -0.02  0.   -0.    0.03 -0.01
  0.01  0.01  0.01 -0.01 -0.   -0.    0.    0.   -0.    0.33  0.5  -0.02
 -0.54 -0.31 -0.   -0.   -0.    0.    0.   -0.    0.    0.    0.04 -0.04
 -0.   -0.    0.    0.   -0.    0.    0.01  0.34 -0.35  0.01  0.01 -0.01
 -0.    0.02]
orbital number 36 energy -3.260712883168587
[-0.31  0.02  0.33  0.01 -0.1   0.14  0.18  0.12 -0.11  0.12 -0.12 -0.19
 -0.17  0.09 -0.01 -0.02 -0.   -0.01 -0.   -0.3   0.02  0.01  0.32 -0.11
  0.12  0.18  0.13 -0.1  -0.   -0.01 -0.   -0.02 -0.01  0.09 -0.17 -0.19
 -0.12  0.12 -0.01 -0.01  0.    0.02  0.   -0.01  0.01  0.02 -0.1  -0.13
  0.    0.01  0.1   0.12 -0.17  0.01  0.   -0.13 -0.09  0.12  0.1  -0.17
  0.19  0.19]
orbital number 37 energy -3.257037633389686
[ 0.28 -0.02 -0.34  0.03  0.09 -0.13 -0.16 -0.11  0.1  -0.12  0.13  0.2
  0.17 -0.1   0.02  0.   -0.02 -0.01  0.01 -0.28  0.02 -0.03  0.34 -0.1
  0.11  0.17  0.13 -0.09 -0.01  0.01  0.02 -0.   -0.02  0.1  -0.17 -0.2
 -0.13  0.12 -0.    0.    0.    0.   -0.   -0.    0.    0.    0.1   0.13
 -0.01 -0.02 -0.09 -0.11  0.16  0.02  0.01 -0.13 -0.1   0.11  0.1  -0.16
 -0.2   0.2 ]
orbital number 38 energy -2.6549061060125783
[-0.1   0.12 -0.12  0.32 -0.06  0.04  0.07  0.04 -0.06 -0.06  0.05  0.08
  0.04 -0.06  0.05 -0.25 -0.13 -0.26  0.04 -0.1   0.12  0.32 -0.12 -0.06
  0.04  0.07  0.03 -0.06  0.04 -0.26 -0.13 -0.25  0.05 -0.06  0.04  0.08
  0.05 -0.06 -0.08 -0.2  -0.02  0.22 -0.01 -0.2   0.23  0.35  0.05  0.05
 -0.03 -0.04  0.05  0.05 -0.05 -0.04 -0.03  0.05  0.05  0.05  0.05 -0.05
 -0.06 -0.06]
orbital number 39 energy -0.5597243442990099
[ 0.03 -0.3   0.03 -0.02  0.08 -0.01 -0.08 -0.01  0.08  0.08 -0.01 -0.08
 -0.01  0.08  0.09  0.03 -0.11  0.04  0.09  0.03 -0.3  -0.02  0.03  0.08
 -0.01 -0.08 -0.01  0.08  0.09  0.04 -0.11  0.03  0.09  0.08 -0.01 -0.08
 -0.01  0.08  0.3  -0.06 -0.28  0.1  -0.28 -0.06  0.62 -0.01 -0.04 -0.04
 -0.05 -0.05 -0.04 -0.04  0.04 -0.05 -0.05 -0.04 -0.04 -0.04 -0.04  0.04
  0.04  0.04]
orbital number 40 energy 0.0
[-0.04  0.51 -0.05 -0.   -0.14  0.01  0.13  0.01 -0.14 -0.14  0.01  0.13
  0.02 -0.14 -0.15 -0.03  0.17 -0.04 -0.15  0.04 -0.51  0.    0.05  0.14
 -0.01 -0.13 -0.01  0.14  0.15  0.04 -0.17  0.03  0.15  0.14 -0.02 -0.13
 -0.01  0.14 -0.    0.   -0.   -0.    0.   -0.   -0.    0.    0.08  0.08
  0.09  0.09  0.08  0.08 -0.07 -0.09 -0.09 -0.08 -0.08 -0.08 -0.08  0.07
 -0.07  0.07]
orbital number 41 energy 0.3958761339556123
[ 0.01 -0.41  0.02  0.12  0.11 -0.   -0.11 -0.    0.11  0.11 -0.   -0.11
 -0.01  0.11  0.11 -0.11 -0.06 -0.11  0.1   0.01 -0.41  0.12  0.02  0.11
 -0.   -0.11 -0.    0.11  0.1  -0.11 -0.06 -0.11  0.11  0.11 -0.01 -0.11
 -0.    0.11 -0.19 -0.05  0.19 -0.    0.19 -0.05 -0.42  0.18 -0.06 -0.06
 -0.06 -0.06 -0.06 -0.06  0.05 -0.06 -0.06 -0.06 -0.06 -0.06 -0.06  0.05
  0.06  0.06]
orbital number 42 energy 3.1336724011385284
[-0.1  -0.11 -0.08  0.34  0.08  0.04 -0.12  0.04  0.07  0.07  0.04 -0.1
  0.03  0.07 -0.13 -0.23  0.38 -0.24 -0.13  0.1   0.11 -0.34  0.08 -0.07
 -0.05  0.12 -0.04 -0.08  0.13  0.24 -0.38  0.24  0.13 -0.07 -0.03  0.1
 -0.04 -0.07 -0.    0.01 -0.01 -0.    0.01 -0.01  0.   -0.   -0.03 -0.03
  0.05  0.05 -0.03 -0.03  0.05 -0.05 -0.05  0.03  0.03  0.03  0.03 -0.05
  0.04 -0.04]
orbital number 43 energy 3.6287608220499026
[-0.3   0.02  0.22  0.04  0.16  0.15 -0.33  0.14  0.17 -0.13 -0.1   0.24
 -0.11 -0.12 -0.01 -0.03  0.04  0.   -0.04 -0.3   0.02  0.04  0.21  0.17
  0.14 -0.33  0.15  0.15 -0.04  0.    0.04 -0.03 -0.01 -0.12 -0.11  0.24
 -0.1  -0.13 -0.05  0.05 -0.01 -0.04 -0.    0.04  0.05 -0.03  0.05  0.05
  0.02  0.   -0.06 -0.06  0.12  0.01  0.02  0.05  0.05 -0.06 -0.06  0.12
 -0.09 -0.09]
orbital number 44 energy 3.633948006496202
[ 0.27 -0.02 -0.25  0.02 -0.13 -0.15  0.3  -0.12 -0.16  0.15  0.12 -0.28
  0.12  0.14 -0.01 -0.    0.02 -0.02  0.01 -0.28  0.02 -0.02  0.25  0.16
  0.13 -0.31  0.15  0.14 -0.01  0.02 -0.02  0.    0.01 -0.14 -0.12  0.28
 -0.12 -0.15 -0.    0.   -0.   -0.    0.    0.    0.   -0.   -0.05 -0.06
 -0.    0.    0.05  0.06 -0.11 -0.    0.    0.06  0.06 -0.06 -0.05  0.11
  0.1  -0.11]
orbital number 45 energy 3.7011598499262357
[ 0.02 -0.    0.03 -0.03 -0.38  0.31  0.02 -0.32  0.36 -0.01 -0.02  0.03
 -0.01 -0.02  0.02  0.02 -0.04  0.01  0.03  0.02 -0.   -0.03  0.03  0.34
 -0.31  0.02  0.29 -0.36  0.03  0.01 -0.04  0.02  0.02 -0.02 -0.01  0.03
 -0.02 -0.01  0.04 -0.04  0.    0.04  0.   -0.04 -0.05  0.02  0.01  0.
 -0.01 -0.01  0.14 -0.14 -0.01 -0.01 -0.01  0.    0.01 -0.13  0.14 -0.01
 -0.01 -0.01]
orbital number 46 energy 3.7018934462818622
[ 0.01 -0.   -0.01  0.   -0.36  0.3   0.01 -0.31  0.35  0.    0.   -0.01
  0.    0.01 -0.   -0.    0.01 -0.   -0.   -0.01  0.   -0.    0.01 -0.37
  0.32 -0.01 -0.31  0.38 -0.    0.   -0.    0.    0.   -0.01 -0.    0.01
 -0.   -0.   -0.    0.   -0.   -0.    0.    0.    0.   -0.   -0.   -0.
  0.    0.    0.14 -0.14 -0.   -0.    0.    0.    0.    0.14 -0.14  0.
  0.   -0.  ]
orbital number 47 energy 3.7312255695199843
[ 0.08 -0.02  0.19 -0.2   0.02 -0.09  0.08  0.01 -0.1  -0.07 -0.12  0.21
 -0.06 -0.14  0.06  0.13 -0.23  0.03  0.18  0.08 -0.02 -0.2   0.19 -0.1
  0.01  0.08 -0.09  0.02  0.18  0.03 -0.23  0.13  0.06 -0.14 -0.06  0.21
 -0.12 -0.07  0.28 -0.26  0.02  0.26  0.01 -0.24 -0.29  0.12  0.05  0.03
 -0.07 -0.02 -0.01  0.04 -0.03 -0.02 -0.07  0.03  0.05  0.04 -0.01 -0.03
 -0.08 -0.08]
orbital number 48 energy 3.7713523147457186
[-0.03  0.01 -0.03  0.04  0.01  0.02 -0.03  0.01  0.02 -0.04  0.06 -0.03
 -0.04  0.07 -0.35  0.27  0.03 -0.29  0.3  -0.03  0.01  0.04 -0.03  0.02
  0.01 -0.04  0.02  0.01  0.36 -0.34  0.03  0.32 -0.41  0.07 -0.04 -0.03
  0.06 -0.04 -0.03  0.03 -0.   -0.03  0.    0.03  0.03 -0.02 -0.03  0.02
 -0.12  0.13 -0.   -0.01  0.01  0.15 -0.14  0.02 -0.03 -0.01 -0.    0.01
  0.01  0.01]
orbital number 49 energy 3.774121158540816
[-0.01  0.    0.    0.01  0.01  0.01 -0.02  0.01  0.01 -0.02  0.01  0.
 -0.01  0.01 -0.4   0.34 -0.01 -0.33  0.39  0.01 -0.   -0.   -0.01 -0.
 -0.01  0.01 -0.   -0.01 -0.33  0.28  0.01 -0.29  0.34  0.01 -0.   -0.01
  0.01 -0.   -0.    0.   -0.   -0.    0.    0.    0.   -0.   -0.    0.01
 -0.15  0.15 -0.   -0.    0.01 -0.13  0.13  0.   -0.    0.    0.   -0.
 -0.    0.  ]
orbital number 50 energy 3.7755376046394593
[-0.   -0.    0.    0.    0.    0.   -0.    0.    0.    0.38 -0.33 -0.
  0.33 -0.38 -0.01  0.    0.01 -0.01  0.01  0.    0.   -0.   -0.   -0.
 -0.    0.   -0.   -0.   -0.    0.   -0.    0.    0.    0.35 -0.3  -0.
  0.3  -0.35 -0.   -0.    0.   -0.   -0.    0.    0.   -0.    0.14 -0.15
 -0.    0.   -0.   -0.    0.   -0.    0.    0.13 -0.13  0.    0.   -0.
  0.    0.  ]
orbital number 51 energy 3.776104349060865
[-0.02  0.   -0.02  0.03  0.01  0.01 -0.02  0.01  0.01  0.35 -0.28 -0.02
  0.3  -0.33 -0.07  0.04  0.03 -0.06  0.04 -0.02  0.    0.03 -0.02  0.01
  0.01 -0.02  0.01  0.01  0.03 -0.05  0.03  0.03 -0.06 -0.36  0.33 -0.02
 -0.31  0.38 -0.03  0.03 -0.   -0.03  0.    0.03  0.03 -0.01  0.12 -0.13
 -0.02  0.03 -0.   -0.    0.01  0.02 -0.01 -0.15  0.14 -0.   -0.    0.01
  0.01  0.01]
orbital number 52 energy 3.877870466252305
[-0.01  0.   -0.01  0.01  0.    0.   -0.01  0.    0.    0.    0.01 -0.01
  0.    0.   -0.01 -0.    0.01 -0.   -0.    0.   -0.   -0.    0.   -0.
 -0.    0.   -0.   -0.   -0.    0.   -0.    0.    0.   -0.    0.   -0.
 -0.    0.   -0.   -0.48  0.52 -0.   -0.52  0.49  0.   -0.   -0.   -0.
  0.    0.   -0.   -0.    0.   -0.   -0.   -0.    0.    0.   -0.   -0.
  0.    0.  ]
orbital number 53 energy 4.128246168505055
[ 0.19 -0.22  0.22  0.07 -0.06 -0.12  0.22 -0.12 -0.06 -0.08 -0.13  0.25
 -0.13 -0.08  0.01 -0.07  0.1  -0.1   0.03  0.19 -0.22  0.07  0.22 -0.06
 -0.12  0.22 -0.12 -0.06  0.03 -0.1   0.1  -0.07  0.01 -0.08 -0.13  0.25
 -0.13 -0.08 -0.28  0.2   0.02 -0.24  0.02  0.2   0.23  0.    0.03  0.03
 -0.01 -0.    0.02  0.02 -0.08 -0.   -0.01  0.03  0.03  0.02  0.02 -0.08
 -0.09 -0.09]
orbital number 54 energy 4.139857580029088
[-0.21  0.25 -0.25 -0.09  0.07  0.14 -0.25  0.14  0.07  0.09  0.15 -0.29
  0.15  0.09 -0.01  0.1  -0.13  0.11 -0.02  0.22 -0.26  0.09  0.25 -0.07
 -0.14  0.25 -0.14 -0.07  0.02 -0.11  0.14 -0.1   0.01 -0.09 -0.15  0.29
 -0.15 -0.09 -0.    0.01 -0.01 -0.    0.01 -0.01  0.    0.   -0.03 -0.03
  0.01  0.   -0.02 -0.02  0.09 -0.   -0.01  0.03  0.03  0.02  0.02 -0.09
  0.1  -0.1 ]
orbital number 55 energy 5.049996752912157
[ 0.03 -0.15  0.03  0.33  0.02 -0.05  0.07 -0.05  0.02  0.01 -0.05  0.07
 -0.05  0.01 -0.22  0.01  0.2   0.01 -0.23  0.03 -0.15  0.33  0.03  0.02
 -0.05  0.07 -0.05  0.02 -0.23  0.01  0.2   0.01 -0.22  0.01 -0.05  0.07
 -0.05  0.01  0.31 -0.13 -0.11  0.31 -0.11 -0.13 -0.22 -0.28 -0.   -0.01
  0.08  0.07 -0.01 -0.01 -0.02  0.07  0.08 -0.01 -0.   -0.01 -0.01 -0.02
 -0.02 -0.02]
orbital number 56 energy 5.966346361479721
[ 0.09  0.05  0.04 -0.29 -0.11  0.11 -0.12  0.11 -0.11 -0.06  0.07 -0.07
  0.06 -0.06  0.27 -0.23  0.2  -0.24  0.28 -0.09 -0.05  0.29 -0.04  0.11
 -0.11  0.12 -0.11  0.11 -0.28  0.24 -0.2   0.23 -0.27  0.06 -0.06  0.07
 -0.07  0.06 -0.   -0.    0.   -0.   -0.    0.    0.    0.    0.02  0.02
 -0.08 -0.08  0.03  0.03  0.03  0.08  0.09 -0.02 -0.02 -0.03 -0.03 -0.03
  0.02 -0.02]
orbital number 57 energy 6.087363275023377
[-0.24  0.03  0.14 -0.01  0.25 -0.23  0.24 -0.23  0.24 -0.15  0.15 -0.16
  0.15 -0.15 -0.    0.01 -0.02  0.01 -0.   -0.24  0.03 -0.    0.13  0.24
 -0.23  0.24 -0.23  0.24 -0.    0.01 -0.02  0.01 -0.   -0.15  0.15 -0.16
  0.15 -0.15 -0.   -0.01  0.02 -0.02  0.02 -0.01  0.01  0.02  0.04  0.05
  0.    0.   -0.07 -0.07 -0.07  0.    0.    0.04  0.04 -0.07 -0.07 -0.07
  0.05  0.05]
orbital number 58 energy 6.0926232658331925
[ 0.21 -0.03 -0.16  0.06 -0.22  0.2  -0.21  0.2  -0.21  0.18 -0.18  0.19
 -0.18  0.18 -0.05  0.04 -0.04  0.04 -0.06 -0.22  0.03 -0.06  0.16  0.22
 -0.21  0.22 -0.21  0.22  0.06 -0.04  0.04 -0.04  0.05 -0.18  0.18 -0.19
  0.18 -0.18 -0.    0.   -0.   -0.    0.   -0.    0.    0.   -0.05 -0.05
  0.02  0.02  0.06  0.06  0.06 -0.02 -0.02  0.05  0.05 -0.06 -0.06 -0.06
 -0.05  0.06]
orbital number 59 energy 6.235346694176381
[-0.15  0.11 -0.24  0.01  0.14 -0.12  0.12 -0.12  0.14  0.23 -0.21  0.22
 -0.21  0.23 -0.05  0.08 -0.12  0.08 -0.05 -0.15  0.11  0.02 -0.24  0.14
 -0.12  0.12 -0.12  0.14 -0.05  0.08 -0.12  0.08 -0.05  0.23 -0.21  0.21
 -0.21  0.23  0.   -0.06  0.11 -0.16  0.11 -0.06  0.09  0.1  -0.07 -0.07
  0.02  0.01 -0.04 -0.04 -0.03  0.01  0.02 -0.07 -0.07 -0.04 -0.04 -0.03
 -0.06 -0.06]
orbital number 60 energy 6.2997214346157735
[ 0.18 -0.16  0.24  0.15 -0.15  0.13 -0.13  0.13 -0.15 -0.21  0.19 -0.19
  0.19 -0.21 -0.12  0.09 -0.07  0.09 -0.12 -0.18  0.16 -0.15 -0.24  0.15
 -0.13  0.13 -0.13  0.15  0.12 -0.09  0.07 -0.09  0.12  0.21 -0.19  0.19
 -0.19  0.22  0.    0.   -0.   -0.    0.   -0.    0.    0.    0.06  0.06
  0.03  0.03  0.04  0.04  0.04 -0.03 -0.03 -0.06 -0.06 -0.04 -0.04 -0.04
  0.05 -0.05]
orbital number 61 energy 6.413195191305475
[-0.08  0.1  -0.1  -0.17  0.06 -0.05  0.05 -0.05  0.06  0.08 -0.07  0.06
 -0.07  0.08  0.16 -0.16  0.2  -0.17  0.17 -0.08  0.1  -0.17 -0.1   0.06
 -0.05  0.05 -0.05  0.06  0.17 -0.17  0.2  -0.16  0.16  0.08 -0.06  0.06
 -0.07  0.08 -0.11  0.2  -0.3   0.4  -0.3   0.2  -0.21 -0.12 -0.02 -0.02
 -0.05 -0.05 -0.02 -0.02 -0.01 -0.05 -0.05 -0.02 -0.02 -0.02 -0.02 -0.01
 -0.02 -0.02]
orbital number 62 energy 6.937868057390957
[ 0.02 -0.04  0.02  0.11 -0.01  0.01 -0.01  0.01 -0.01 -0.01  0.01 -0.01
  0.01 -0.01 -0.13  0.18 -0.3   0.18 -0.13  0.02 -0.04  0.11  0.02 -0.01
  0.01 -0.01  0.01 -0.01 -0.13  0.18 -0.3   0.18 -0.13 -0.01  0.01 -0.01
  0.01 -0.01 -0.35  0.27 -0.25  0.28 -0.25  0.27 -0.13  0.32  0.    0.
  0.04  0.03  0.    0.    0.    0.03  0.03  0.    0.    0.    0.    0.
  0.    0.  ]

Orbital occupation numbers:
1: 2.000000
2: 2.000000
3: 2.000000
4: 2.000000
5: 2.000000
6: 2.000000
7: 2.000000
8: 2.000000
9: 2.000000
10: 2.000000
11: 2.000000
12: 2.000000
13: 2.000000
14: 2.000000
15: 2.000000
16: 2.000000
17: 2.000000
18: 2.000000
19: 2.000000
20: 2.000000
21: 2.000000
22: 2.000000
23: 2.000000
24: 2.000000
25: 2.000000
26: 2.000000
27: 2.000000
28: 2.000000
29: 2.000000
30: 2.000000
31: 2.000000
32: 2.000000
33: 2.000000
34: 2.000000
35: 2.000000
36: 2.000000
37: 2.000000
38: 2.000000
39: 2.000000
40: 1.000000
41: 1.000000
42: 0.000000
43: 0.000000
44: 0.000000
45: 0.000000
46: 0.000000
47: -0.000000
48: -0.000000
49: 0.000000
50: -0.000000
51: -0.000000
52: -0.000000
53: -0.000000
54: -0.000000
55: 0.000000
56: -0.000000
57: 0.000000
58: 0.000000
59: -0.000000
60: -0.000000
61: -0.000000
62: -0.000000

------------------------
Starting ExROPPP calculation for diradical in rotated basis
------------------------

Coulomb Matrix in MO basis, J_ij = (ii|jj):
 [[8.62747873 1.66434813 1.65421405 ... 1.73618547 2.93224226 4.50539367]
 [1.66434813 2.31164811 2.31796928 ... 1.66166668 1.28527978 1.29726715]
 [1.65421405 2.31796928 2.33270883 ... 1.65997782 1.27894011 1.28945855]
 ...
 [1.73618547 1.66166668 1.65997782 ... 1.7605902  1.34359134 1.35643405]
 [2.93224226 1.28527978 1.27894011 ... 1.34359134 2.30361352 2.50888853]
 [4.50539367 1.29726715 1.28945855 ... 1.35643405 2.50888853 3.21123411]]
Coulomb Matrix in MO basis, K_ij = (ij|ji):
 [[8.62747873e+00 1.56074685e-03 1.58096838e-03 ... 8.73462041e-03
  1.37593000e-01 6.17997955e-01]
 [1.56074685e-03 2.31164811e+00 1.23318221e+00 ... 5.63176597e-02
  1.03395555e-02 1.08639460e-03]
 [1.58096838e-03 1.23318221e+00 2.33270883e+00 ... 5.60798566e-02
  9.68050799e-03 6.59989352e-04]
 ...
 [8.73462041e-03 5.63176597e-02 5.60798566e-02 ... 1.76059020e+00
  2.56913358e-01 6.11100927e-02]
 [1.37593000e-01 1.03395555e-02 9.68050799e-03 ... 2.56913358e-01
  2.30361352e+00 6.96851465e-01]
 [6.17997955e-01 1.08639460e-03 6.59989352e-04 ... 6.11100927e-02
  6.96851465e-01 3.21123411e+00]]
Dimensions of CI matrix: (7120, 7120)
Checking that the Hamiltonian is symmetric (a value of zero means matrix is symmetric) ... 
Frobenius norm of matrix - matrix transpose = 0.000000.

Lowest 30 states. WARNING - Some states may not be included in the spectrum.

Diagonalizing Hamiltonian using the sparse matrix method ...

Calculating dipole moments ...

Permanent dipole moment of reference states:
             Open-Shell Singlet (|OS1>) = -0.003 x -7.537 y 0.004 z
             Zwitterion - (|ZW->) = -0.003 x -7.537 y 0.004 z
             Zwitterion + (|ZW+>) = -0.003 x -7.537 y 0.004 z
             Open-Shell Triplet (|OS3>) = -0.003 x -7.537 y 0.004 z

Checking that the Dipole matrix is symmetric (a value of zero means matrix is symmetric) ... 
Frobenius norm of matrix - matrix transpose = 0.00000             0.00000, 0.00000.

Energy of the lowest CI state: -258.9619127813904

State 0 0.000 eV 
Excitation    CI Coef
|1^ZW->   -0.86870
|1^CS(20->0)>   -0.05484
|1^CS(14->0)>    0.07303
|1^CS(12->0)>   -0.07414
|1^CS(2->0)>   -0.05170
|1^CS(1->0)>    0.34745
|1^CS(19->0')>   -0.05886
|1^CS(15->0')>    0.10849
|1^SV(0->12')>    0.11937
|1^SV(0->14')>    0.05098
|1^SV(0'->13')>    0.08319
|1T^CV(15->12')>    0.06257
|1T^CV(15->14')>    0.05012
|1T^CV(14->13')>    0.05938
|1T^CV(12->13')>   -0.05935
|1T^CV(2->1')>    0.06993
|1T^CV(1->1')>   -0.05836
|1T^CV(1->13')>    0.07628
|1^CSD_(1,1)>   -0.05715
Ground state is singlet
TDMs with Triplet 'Ground' state
TDMX:0.000   TDMY:0.000   TDMZ:-0.000   Oscillator Strength:-0.00000   <S**2>: 0.000
--------------------------------------------------------------------
TDMs with Singlet 'Ground' state
TDMX:0.144   TDMY:-14.384   TDMZ:0.006   Oscillator Strength:0.00000   <S**2>: 0.000
--------------------------------------------------------------------


State 1 0.087 eV 
Excitation    CI Coef
|3^OS>   -0.87878
|3^CS(19->0)>   -0.05592
|3^CS(15->0)>    0.10255
|3^CS(20->0')>   -0.05237
|3^CS(14->0')>    0.06667
|3^CS(12->0')>   -0.07200
|3^CS(2->0')>   -0.07621
|3^CS(1->0')>    0.31284
|3^SV(0->1')>    0.08800
|3^SV(0->13')>   -0.12825
|3^SV(0->19')>    0.05147
|3^SV(0'->12')>    0.08936
|3X^CV(15->13')>    0.06610
|3X^CV(14->12')>    0.05329
|3X^CV(1->6')>   -0.05482
|3X^CV(1->12')>    0.10939
TDMs with Triplet 'Ground' state
TDMX:-0.024   TDMY:-13.768   TDMZ:0.003   Oscillator Strength:0.00000   <S**2>: 2.000
--------------------------------------------------------------------
TDMs with Singlet 'Ground' state
TDMX:0.000   TDMY:0.000   TDMZ:-0.000   Oscillator Strength:0.00000   <S**2>: 2.000
--------------------------------------------------------------------


State 2 0.792 eV 
Excitation    CI Coef
|1^OS>    0.57683
|1^CS(14->0')>    0.05254
|1^CS(1->0')>    0.67640
|1^SV(0'->6')>   -0.15786
|1^SV(0'->12')>    0.18024
|1^SV(0'->20')>   -0.05662
|1T^CV(14->14')>    0.05263
|1T^CV(13->11')>   -0.07036
|1T^CV(12->12')>   -0.05326
|1T^CV(2->6')>    0.06456
|1T^CV(2->12')>   -0.06556
|1T^CV(1->6')>    0.21957
|1T^CV(1->12')>   -0.14740
|1T^CV(1->14')>    0.08838
|1T^CV(1->20')>    0.05815
TDMs with Triplet 'Ground' state
TDMX:0.000   TDMY:0.000   TDMZ:-0.000   Oscillator Strength:0.00000   <S**2>: 0.000
--------------------------------------------------------------------
TDMs with Singlet 'Ground' state
TDMX:-2.491   TDMY:-0.164   TDMZ:0.062   Oscillator Strength:0.12095   <S**2>: 0.000
--------------------------------------------------------------------


State 3 0.808 eV 
Excitation    CI Coef
|3^OS>    0.24325
|3^CS(1->0')>    0.76469
|3^SV(0'->2')>    0.05598
|3^SV(0'->6')>   -0.24450
|3^SV(0'->12')>    0.19712
|3^SV(0'->14')>   -0.10505
|3^SV(0'->20')>   -0.06785
|3S^CV(1->6')>    0.07104
|3S^CV(1->12')>   -0.13297
|3X^CV(2->6')>    0.05306
|3X^CV(2->14')>    0.05201
|3X^CV(1->6')>    0.26465
|3X^CV(1->12')>   -0.24531
|3X^CV(1->14')>    0.11272
|3X^CV(1->20')>    0.08886
TDMs with Triplet 'Ground' state
TDMX:-0.060   TDMY:-5.755   TDMZ:-0.001   Oscillator Strength:0.58529   <S**2>: 2.000
--------------------------------------------------------------------
TDMs with Singlet 'Ground' state
TDMX:0.000   TDMY:-0.000   TDMZ:-0.000   Oscillator Strength:0.00000   <S**2>: 2.000
--------------------------------------------------------------------


State 4 0.851 eV 
Excitation    CI Coef
|3^CS(14->0)>   -0.05955
|3^CS(12->0)>    0.05995
|3^CS(1->0)>   -0.93538
|3^SV(0->12')>    0.05711
|3^SV(0'->1')>    0.07678
|3^SV(0'->13')>   -0.05900
|3T^CV(1->1')>   -0.15836
|3T^CV(1->13')>    0.11360
|3X^CV(1->1')>   -0.11805
|3X^CV(1->13')>    0.05303
|3^CSD(14,1)>   -0.05864
|3^CSD(12,1)>    0.06332
|3^CSD(2,1)>    0.13810
TDMs with Triplet 'Ground' state
TDMX:2.378   TDMY:-0.088   TDMZ:-0.056   Oscillator Strength:0.10592   <S**2>: 2.000
--------------------------------------------------------------------
TDMs with Singlet 'Ground' state
TDMX:0.000   TDMY:-0.000   TDMZ:-0.000   Oscillator Strength:0.00000   <S**2>: 2.000
--------------------------------------------------------------------


State 5 0.898 eV 
Excitation    CI Coef
|1^ZW->    0.18625
|1^ZW+>    0.59458
|1^CS(1->0)>    0.40612
|1^SV(0'->1')>   -0.18092
|1^SV(0'->13')>    0.09428
|1S^CV(1->1')>    0.12697
|1S^CV(1->13')>   -0.11657
|1T^CV(2->1')>   -0.05166
|1T^CV(1->1')>    0.07854
|1T^CV(1->13')>   -0.05187
|1^CSD_(14,1)>   -0.08391
|1^CSD_(12,1)>    0.08000
|1^CSD_(2,1)>    0.06237
|1^CSD_(1,1)>   -0.56801
TDMs with Triplet 'Ground' state
TDMX:-0.000   TDMY:0.000   TDMZ:0.000   Oscillator Strength:0.00000   <S**2>: 0.000
--------------------------------------------------------------------
TDMs with Singlet 'Ground' state
TDMX:0.092   TDMY:-5.575   TDMZ:-0.003   Oscillator Strength:0.68427   <S**2>: 0.000
--------------------------------------------------------------------


State 6 1.545 eV 
Excitation    CI Coef
|5^CV(2->6')>   -0.06722
|5^CV(2->12')>    0.06245
|5^CV(2->14')>   -0.06911
|5^CV(1->2')>    0.13641
|5^CV(1->4')>   -0.12222
|5^CV(1->6')>   -0.73956
|5^CV(1->7')>    0.07618
|5^CV(1->10')>    0.08620
|5^CV(1->12')>    0.51358
|5^CV(1->14')>   -0.28952
|5^CV(1->18')>    0.05877
|5^CV(1->20')>   -0.14036
TDMs with Triplet 'Ground' state
TDMX:0.000   TDMY:0.000   TDMZ:0.000   Oscillator Strength:0.00000   <S**2>: 6.000
--------------------------------------------------------------------
TDMs with Singlet 'Ground' state
TDMX:-0.000   TDMY:-0.000   TDMZ:0.000   Oscillator Strength:0.00000   <S**2>: 6.000
--------------------------------------------------------------------


State 7 1.680 eV 
Excitation    CI Coef
|3^OS>    0.18194
|3^CS(2->0')>   -0.09584
|3^CS(1->0')>    0.46716
|3^SV(0'->2')>   -0.08257
|3^SV(0'->4')>    0.07414
|3^SV(0'->6')>    0.28834
|3^SV(0'->7')>   -0.05282
|3^SV(0'->10')>   -0.05641
|3^SV(0'->12')>   -0.27154
|3^SV(0'->14')>    0.22493
|3^SV(0'->18')>   -0.05858
|3^SV(0'->20')>    0.09967
|3T^CV(1->6')>   -0.12878
|3T^CV(1->14')>   -0.07043
|3S^CV(1->2')>    0.08170
|3S^CV(1->4')>   -0.06757
|3S^CV(1->6')>   -0.29614
|3S^CV(1->12')>    0.21206
|3S^CV(1->14')>   -0.21209
|3S^CV(1->18')>    0.06671
|3S^CV(1->20')>   -0.09756
|3X^CV(13->11')>   -0.09155
|3X^CV(1->2')>    0.05849
|3X^CV(1->6')>   -0.31680
|3X^CV(1->12')>    0.18872
|3X^CV(1->14')>   -0.24701
|3X^CV(1->18')>    0.06657
|3X^CV(1->20')>   -0.09748
TDMs with Triplet 'Ground' state
TDMX:-0.014   TDMY:-4.366   TDMZ:-0.001   Oscillator Strength:0.74362   <S**2>: 2.000
--------------------------------------------------------------------
TDMs with Singlet 'Ground' state
TDMX:-0.000   TDMY:-0.000   TDMZ:-0.000   Oscillator Strength:0.00000   <S**2>: 2.000
--------------------------------------------------------------------


State 8 1.826 eV 
Excitation    CI Coef
|5^CV(22->11')>   -0.09777
|5^CV(13->20')>   -0.07265
|5^CV(13->21')>   -0.06928
|5^CV(2->11')>   -0.07801
|5^CV(1->1')>    0.24622
|5^CV(1->11')>   -0.94871
TDMs with Triplet 'Ground' state
TDMX:0.000   TDMY:0.000   TDMZ:-0.000   Oscillator Strength:0.00000   <S**2>: 6.000
--------------------------------------------------------------------
TDMs with Singlet 'Ground' state
TDMX:-0.000   TDMY:0.000   TDMZ:0.000   Oscillator Strength:0.00000   <S**2>: 6.000
--------------------------------------------------------------------


State 9 1.881 eV 
Excitation    CI Coef
|5^CV(12->1')>   -0.08921
|5^CV(2->1')>   -0.12794
|5^CV(1->1')>    0.92752
|5^CV(1->11')>    0.24866
|5^CV(1->13')>   -0.19288
TDMs with Triplet 'Ground' state
TDMX:0.000   TDMY:-0.000   TDMZ:-0.000   Oscillator Strength:0.00000   <S**2>: 6.000
--------------------------------------------------------------------
TDMs with Singlet 'Ground' state
TDMX:0.000   TDMY:0.000   TDMZ:-0.000   Oscillator Strength:0.00000   <S**2>: 6.000
--------------------------------------------------------------------


State 10 2.098 eV 
Excitation    CI Coef
|1^ZW->    0.08475
|1^ZW+>   -0.23771
|1^CS(14->0)>   -0.11348
|1^CS(2->0)>    0.46365
|1^CS(1->0)>    0.28344
|1^CS(11->0')>   -0.08132
|1^SV(0->6')>    0.11842
|1^SV(0->14')>   -0.09903
|1^SV(0'->1')>    0.51514
|1^SV(0'->13')>   -0.06962
|1S^CV(1->1')>   -0.06860
|1T^CV(15->6')>   -0.05407
|1T^CV(14->1')>   -0.09066
|1T^CV(11->14')>    0.06834
|1T^CV(8->8')>   -0.10698
|1T^CV(7->7')>   -0.09940
|1T^CV(2->1')>    0.29297
|1T^CV(2->13')>   -0.09153
|1T^CV(1->1')>    0.10892
|1^CSD_(2,2)>    0.06949
|1^CSD_(2,1)>   -0.13994
|1^CSD_(1,1)>   -0.29609
|1^SVD_(1',1')>    0.05603
|1^SVD_(1',13')>   -0.06256
TDMs with Triplet 'Ground' state
TDMX:0.000   TDMY:0.000   TDMZ:0.000   Oscillator Strength:0.00000   <S**2>: 0.000
--------------------------------------------------------------------
TDMs with Singlet 'Ground' state
TDMX:-0.100   TDMY:-2.176   TDMZ:0.003   Oscillator Strength:0.24384   <S**2>: 0.000
--------------------------------------------------------------------


State 11 2.164 eV 
Excitation    CI Coef
|3^CS(13->0')>    0.08159
|3^SV(0'->1')>   -0.12299
|3^SV(0'->11')>    0.35163
|3T^CV(1->11')>   -0.47775
|3S^CV(1->11')>   -0.12122
|3X^CV(22->11')>   -0.10321
|3X^CV(18->11')>   -0.05624
|3X^CV(14->11')>    0.05766
|3X^CV(13->20')>   -0.07689
|3X^CV(13->21')>   -0.06992
|3X^CV(2->1')>   -0.05122
|3X^CV(1->11')>   -0.74551
TDMs with Triplet 'Ground' state
TDMX:0.063   TDMY:-0.006   TDMZ:-0.183   Oscillator Strength:0.00190   <S**2>: 2.000
--------------------------------------------------------------------
TDMs with Singlet 'Ground' state
TDMX:0.000   TDMY:-0.000   TDMZ:-0.000   Oscillator Strength:0.00000   <S**2>: 2.000
--------------------------------------------------------------------


State 12 2.209 eV 
Excitation    CI Coef
|3^CS(14->0)>   -0.08774
|3^CS(2->0)>    0.32965
|3^CS(15->0')>   -0.05062
|3^SV(0->6')>   -0.11860
|3^SV(0->12')>    0.05564
|3^SV(0->14')>    0.11576
|3^SV(0'->1')>    0.69658
|3^SV(0'->11')>    0.05432
|3^SV(0'->13')>   -0.16641
|3T^CV(1->1')>    0.15115
|3T^CV(1->11')>   -0.08624
|3S^CV(1->1')>   -0.23339
|3S^CV(1->13')>    0.05746
|3X^CV(15->6')>   -0.05621
|3X^CV(14->1')>   -0.08538
|3X^CV(11->6')>   -0.05974
|3X^CV(11->14')>    0.07589
|3X^CV(8->8')>   -0.13288
|3X^CV(7->7')>   -0.12361
|3X^CV(2->1')>    0.32626
|3X^CV(2->13')>   -0.09175
|3X^CV(1->1')>    0.07459
|3X^CV(1->11')>   -0.11895
|3^CSD(2,1)>   -0.05099
TDMs with Triplet 'Ground' state
TDMX:-1.173   TDMY:-0.002   TDMZ:-0.019   Oscillator Strength:0.07156   <S**2>: 2.000
--------------------------------------------------------------------
TDMs with Singlet 'Ground' state
TDMX:-0.000   TDMY:-0.000   TDMZ:-0.000   Oscillator Strength:0.00000   <S**2>: 2.000
--------------------------------------------------------------------


State 13 2.392 eV 
Excitation    CI Coef
|1^OS>    0.50994
|1^CS(12->0')>   -0.14940
|1^CS(2->0')>   -0.46070
|1^CS(1->0')>   -0.17980
|1^SV(0->1')>    0.24423
|1^SV(0'->2')>   -0.07947
|1^SV(0'->6')>    0.37536
|1^SV(0'->12')>   -0.11636
|1^SV(0'->14')>    0.16612
|1^SV(0'->18')>   -0.05630
|1^SV(0'->20')>    0.05090
|1S^CV(1->6')>   -0.05592
|1T^CV(15->1')>   -0.08732
|1T^CV(12->14')>    0.05874
|1T^CV(11->1')>   -0.08900
|1T^CV(8->7')>    0.10362
|1T^CV(7->8')>    0.10412
|1T^CV(2->21')>   -0.05030
|1T^CV(1->6')>   -0.17925
|1T^CV(1->12')>    0.20733
|1T^CV(1->14')>   -0.17424
|1T^CV(1->20')>   -0.07479
|1^CSD_(11,1)>   -0.05177
TDMs with Triplet 'Ground' state
TDMX:0.000   TDMY:-0.000   TDMZ:-0.000   Oscillator Strength:0.00000   <S**2>: 0.000
--------------------------------------------------------------------
TDMs with Singlet 'Ground' state
TDMX:-1.589   TDMY:-0.100   TDMZ:0.043   Oscillator Strength:0.14861   <S**2>: 0.000
--------------------------------------------------------------------


State 14 2.444 eV 
Excitation    CI Coef
|3^CS(2->0)>   -0.22094
|3^CS(1->0)>   -0.15752
|3T^CV(12->1')>   -0.07161
|3T^CV(2->1')>   -0.09383
|3T^CV(1->1')>    0.77993
|3X^CV(12->1')>   -0.05877
|3X^CV(2->1')>   -0.15442
|3X^CV(1->1')>    0.47349
|3^CSD(2,1)>    0.15195
TDMs with Triplet 'Ground' state
TDMX:-0.606   TDMY:-0.003   TDMZ:0.017   Oscillator Strength:0.02126   <S**2>: 2.000
--------------------------------------------------------------------
TDMs with Singlet 'Ground' state
TDMX:-0.000   TDMY:-0.000   TDMZ:0.000   Oscillator Strength:0.00000   <S**2>: 2.000
--------------------------------------------------------------------


State 15 2.469 eV 
Excitation    CI Coef
|1^CS(13->0')>   -0.14635
|1^SV(0'->11')>   -0.69393
|1S^CV(1->11')>    0.18663
|1T^CV(22->11')>    0.12802
|1T^CV(18->11')>    0.08105
|1T^CV(16->11')>   -0.06360
|1T^CV(14->11')>   -0.12031
|1T^CV(13->20')>    0.09400
|1T^CV(13->21')>    0.08227
|1T^CV(12->11')>   -0.07674
|1T^CV(1->11')>    0.61939
|1^SVD_(11',13')>    0.06398
TDMs with Triplet 'Ground' state
TDMX:0.000   TDMY:0.000   TDMZ:-0.000   Oscillator Strength:0.00000   <S**2>: 0.000
--------------------------------------------------------------------
TDMs with Singlet 'Ground' state
TDMX:0.009   TDMY:-0.031   TDMZ:0.012   Oscillator Strength:0.00007   <S**2>: 0.000
--------------------------------------------------------------------


State 16 2.610 eV 
Excitation    CI Coef
|5^CV(12->7')>    0.11105
|5^CV(2->7')>    0.12040
|5^CV(1->2')>    0.08225
|5^CV(1->6')>   -0.14370
|5^CV(1->7')>   -0.95263
|5^CV(1->10')>   -0.13434
|5^CV(1->12')>   -0.05255
TDMs with Triplet 'Ground' state
TDMX:-0.000   TDMY:-0.000   TDMZ:0.000   Oscillator Strength:0.00000   <S**2>: 6.000
--------------------------------------------------------------------
TDMs with Singlet 'Ground' state
TDMX:-0.000   TDMY:-0.000   TDMZ:-0.000   Oscillator Strength:0.00000   <S**2>: 6.000
--------------------------------------------------------------------


State 17 2.615 eV 
Excitation    CI Coef
|5^CV(12->8')>    0.11431
|5^CV(2->8')>    0.12349
|5^CV(1->3')>   -0.06810
|5^CV(1->8')>   -0.97469
TDMs with Triplet 'Ground' state
TDMX:-0.000   TDMY:0.000   TDMZ:0.000   Oscillator Strength:0.00000   <S**2>: 6.000
--------------------------------------------------------------------
TDMs with Singlet 'Ground' state
TDMX:0.000   TDMY:-0.000   TDMZ:0.000   Oscillator Strength:0.00000   <S**2>: 6.000
--------------------------------------------------------------------


State 18 2.636 eV 
Excitation    CI Coef
|3^CS(11->0)>    0.23704
|3^CS(7->0)>    0.05704
|3^CS(3->0)>   -0.14966
|3^CS(12->0')>    0.08620
|3^CS(4->0')>   -0.15619
|3^CS(2->0')>   -0.28274
|3^SV(0->1')>    0.31478
|3^SV(0->3')>   -0.30401
|3^SV(0->13')>    0.07186
|3^SV(0->15')>   -0.05244
|3^SV(0'->2')>    0.40039
|3^SV(0'->4')>   -0.06648
|3^SV(0'->6')>   -0.15824
|3^SV(0'->7')>    0.06075
|3^SV(0'->12')>   -0.05693
|3^SV(0'->14')>    0.13440
|3T^CV(1->2')>    0.07439
|3S^CV(2->2')>    0.05429
|3S^CV(1->2')>   -0.16569
|3X^CV(15->1')>    0.09345
|3X^CV(15->3')>   -0.07296
|3X^CV(14->2')>   -0.07155
|3X^CV(12->2')>    0.11993
|3X^CV(11->3')>    0.13709
|3X^CV(11->13')>   -0.07840
|3X^CV(10->4')>    0.05959
|3X^CV(10->5')>    0.16467
|3X^CV(9->4')>    0.16449
|3X^CV(9->5')>   -0.06613
|3X^CV(8->7')>   -0.07525
|3X^CV(7->8')>   -0.07590
|3X^CV(4->2')>   -0.12745
|3X^CV(4->6')>    0.06271
|3X^CV(4->12')>    0.10650
|3X^CV(3->1')>    0.08356
|3X^CV(3->3')>   -0.09718
|3X^CV(3->13')>    0.11994
|3X^CV(2->2')>   -0.07070
|3X^CV(2->6')>   -0.09106
|3X^CV(2->12')>    0.05981
|3X^CV(2->14')>    0.08910
|3X^CV(1->2')>    0.18636
|3X^CV(1->6')>   -0.10603
TDMs with Triplet 'Ground' state
TDMX:-0.000   TDMY:0.406   TDMZ:-0.008   Oscillator Strength:0.01029   <S**2>: 2.000
--------------------------------------------------------------------
TDMs with Singlet 'Ground' state
TDMX:-0.000   TDMY:0.000   TDMZ:0.000   Oscillator Strength:0.00000   <S**2>: 2.000
--------------------------------------------------------------------


State 19 2.653 eV 
Excitation    CI Coef
|3^CS(4->0)>    0.26428
|3^CS(3->0')>    0.22995
|3^SV(0->2')>    0.42558
|3^SV(0->6')>    0.08307
|3^SV(0->16')>    0.06403
|3^SV(0'->3')>   -0.48367
|3^SV(0'->17')>   -0.05288
|3T^CV(1->3')>   -0.09052
|3S^CV(2->3')>   -0.06385
|3S^CV(1->3')>    0.20202
|3X^CV(20->17')>   -0.05056
|3X^CV(19->16')>   -0.06118
|3X^CV(17->18')>    0.06192
|3X^CV(15->2')>    0.10337
|3X^CV(14->3')>    0.08808
|3X^CV(12->3')>   -0.15161
|3X^CV(11->2')>   -0.17066
|3X^CV(10->4')>    0.15595
|3X^CV(10->5')>    0.05651
|3X^CV(9->5')>    0.15463
|3X^CV(6->9')>    0.12898
|3X^CV(6->10')>    0.09077
|3X^CV(5->9')>    0.09128
|3X^CV(5->10')>   -0.12463
|3X^CV(4->1')>   -0.11102
|3X^CV(4->13')>   -0.19574
|3X^CV(3->6')>   -0.13190
|3X^CV(3->12')>   -0.16127
|3X^CV(2->3')>    0.12591
|3X^CV(1->3')>   -0.22612
TDMs with Triplet 'Ground' state
TDMX:0.179   TDMY:0.007   TDMZ:0.105   Oscillator Strength:0.00272   <S**2>: 2.000
--------------------------------------------------------------------
TDMs with Singlet 'Ground' state
TDMX:0.000   TDMY:0.000   TDMZ:0.000   Oscillator Strength:0.00000   <S**2>: 2.000
--------------------------------------------------------------------


State 20 2.674 eV 
Excitation    CI Coef
|1^CS(4->0)>   -0.07207
|1^CS(3->0)>    0.33277
|1^CS(4->0')>    0.30258
|1^CS(3->0')>   -0.06166
|1^CS(2->0')>   -0.07550
|1^SV(0->2')>    0.08885
|1^SV(0->3')>   -0.40078
|1^SV(0'->2')>   -0.39125
|1^SV(0'->3')>    0.08394
|1^SV(0'->6')>   -0.15034
|1S^CV(1->2')>    0.07383
|1T^CV(20->16')>   -0.05241
|1T^CV(19->17')>   -0.05990
|1T^CV(17->19')>    0.06435
|1T^CV(16->18')>   -0.05753
|1T^CV(15->3')>    0.10743
|1T^CV(14->2')>    0.09552
|1T^CV(12->2')>   -0.15675
|1T^CV(11->3')>   -0.16928
|1T^CV(10->4')>   -0.08950
|1T^CV(10->5')>   -0.15543
|1T^CV(9->4')>   -0.13007
|1T^CV(6->9')>   -0.14440
|1T^CV(6->10')>   -0.15093
|1T^CV(5->9')>    0.11653
|1T^CV(5->10')>   -0.08921
|1T^CV(4->6')>   -0.14142
|1T^CV(4->12')>   -0.15911
|1T^CV(3->1')>   -0.11424
|1T^CV(3->13')>   -0.19830
|1T^CV(2->2')>    0.11752
|1T^CV(1->2')>   -0.15890
|1^CSD_(3,1)>   -0.07953
TDMs with Triplet 'Ground' state
TDMX:0.000   TDMY:0.000   TDMZ:0.000   Oscillator Strength:0.00000   <S**2>: 0.000
--------------------------------------------------------------------
TDMs with Singlet 'Ground' state
TDMX:-0.742   TDMY:-0.749   TDMZ:-0.313   Oscillator Strength:0.07922   <S**2>: 0.000
--------------------------------------------------------------------


State 21 2.674 eV 
Excitation    CI Coef
|1^CS(4->0)>    0.33214
|1^CS(3->0)>    0.07305
|1^CS(4->0')>    0.06156
|1^CS(3->0')>    0.30490
|1^SV(0->2')>   -0.40019
|1^SV(0->3')>   -0.08852
|1^SV(0->6')>   -0.05158
|1^SV(0->16')>   -0.05080
|1^SV(0'->1')>    0.05258
|1^SV(0'->2')>   -0.07708
|1^SV(0'->3')>   -0.41664
|1S^CV(1->3')>    0.08094
|1T^CV(20->17')>   -0.05415
|1T^CV(19->16')>   -0.06534
|1T^CV(17->18')>    0.06388
|1T^CV(15->2')>    0.10834
|1T^CV(14->3')>    0.09964
|1T^CV(12->3')>   -0.16453
|1T^CV(11->2')>   -0.17684
|1T^CV(10->4')>    0.15611
|1T^CV(9->4')>   -0.08603
|1T^CV(9->5')>    0.18066
|1T^CV(6->9')>    0.10169
|1T^CV(6->10')>    0.06077
|1T^CV(5->9')>    0.11980
|1T^CV(5->10')>   -0.14827
|1T^CV(4->1')>   -0.11710
|1T^CV(4->13')>   -0.19511
|1T^CV(3->6')>   -0.13518
|1T^CV(3->12')>   -0.15624
|1T^CV(2->3')>    0.11742
|1T^CV(1->3')>   -0.16413
|1^CSD_(4,1)>   -0.07784
TDMs with Triplet 'Ground' state
TDMX:0.000   TDMY:0.000   TDMZ:0.000   Oscillator Strength:0.00000   <S**2>: 0.000
--------------------------------------------------------------------
TDMs with Singlet 'Ground' state
TDMX:0.140   TDMY:1.040   TDMZ:0.115   Oscillator Strength:0.07306   <S**2>: 0.000
--------------------------------------------------------------------


State 22 2.679 eV 
Excitation    CI Coef
|3^CS(15->0)>    0.05617
|3^CS(11->0)>    0.22608
|3^CS(3->0)>    0.23220
|3^CS(12->0')>    0.07504
|3^CS(4->0')>    0.17573
|3^CS(2->0')>   -0.38643
|3^SV(0->1')>    0.27564
|3^SV(0->3')>    0.29924
|3^SV(0->13')>    0.08653
|3^SV(0'->2')>   -0.26294
|3^SV(0'->4')>   -0.08515
|3^SV(0'->6')>   -0.23137
|3^SV(0'->7')>    0.09880
|3^SV(0'->10')>    0.05726
|3^SV(0'->12')>   -0.07175
|3^SV(0'->14')>    0.11865
|3T^CV(1->2')>   -0.07803
|3T^CV(1->6')>    0.06430
|3S^CV(1->2')>    0.10620
|3S^CV(1->6')>    0.06388
|3X^CV(17->19')>    0.05114
|3X^CV(15->1')>    0.08059
|3X^CV(15->3')>    0.07336
|3X^CV(12->2')>   -0.08861
|3X^CV(12->6')>   -0.06193
|3X^CV(11->1')>    0.05407
|3X^CV(11->3')>   -0.10150
|3X^CV(11->13')>   -0.05862
|3X^CV(8->7')>   -0.06653
|3X^CV(7->8')>   -0.06430
|3X^CV(6->9')>   -0.12070
|3X^CV(6->10')>   -0.13538
|3X^CV(5->9')>    0.13712
|3X^CV(5->10')>   -0.11637
|3X^CV(4->2')>   -0.08312
|3X^CV(4->6')>   -0.11968
|3X^CV(4->12')>   -0.12090
|3X^CV(3->1')>   -0.07145
|3X^CV(3->3')>   -0.11760
|3X^CV(3->13')>   -0.15496
|3X^CV(2->2')>    0.09909
|3X^CV(2->12')>    0.06784
|3X^CV(2->14')>    0.09987
|3X^CV(1->2')>   -0.14370
|3X^CV(1->6')>   -0.08571
TDMs with Triplet 'Ground' state
TDMX:-0.007   TDMY:-0.515   TDMZ:-0.008   Oscillator Strength:0.01686   <S**2>: 2.000
--------------------------------------------------------------------
TDMs with Singlet 'Ground' state
TDMX:-0.000   TDMY:-0.000   TDMZ:-0.000   Oscillator Strength:0.00000   <S**2>: 2.000
--------------------------------------------------------------------


State 23 2.712 eV 
Excitation    CI Coef
|1^OS>   -0.15886
|1^CS(19->0)>   -0.05045
|1^CS(11->0)>   -0.30183
|1^CS(7->0)>   -0.06237
|1^CS(12->0')>   -0.11356
|1^CS(2->0')>    0.42945
|1^CS(1->0')>    0.25437
|1^SV(0->1')>    0.14933
|1^SV(0->3')>   -0.07561
|1^SV(0->13')>    0.19068
|1^SV(0'->2')>   -0.15761
|1^SV(0'->4')>    0.06836
|1^SV(0'->6')>    0.43292
|1^SV(0'->7')>   -0.09176
|1^SV(0'->10')>   -0.05299
|1^SV(0'->14')>   -0.08091
|1S^CV(1->6')>   -0.14560
|1T^CV(15->1')>   -0.07823
|1T^CV(14->12')>   -0.05493
|1T^CV(13->11')>   -0.08974
|1T^CV(12->2')>   -0.05389
|1T^CV(12->6')>    0.08076
|1T^CV(11->3')>   -0.05434
|1T^CV(11->13')>    0.08525
|1T^CV(10->5')>   -0.11872
|1T^CV(9->4')>   -0.11735
|1T^CV(8->7')>    0.07443
|1T^CV(7->8')>    0.07388
|1T^CV(6->10')>    0.05465
|1T^CV(5->9')>   -0.05521
|1T^CV(4->2')>    0.15946
|1T^CV(3->3')>    0.15561
|1T^CV(2->6')>    0.09151
|1T^CV(2->12')>   -0.07497
|1T^CV(2->14')>   -0.14597
|1T^CV(1->6')>   -0.05004
|1T^CV(1->12')>    0.12458
|1T^CV(1->14')>   -0.07823
|1^CSD_(11,1)>    0.09891
TDMs with Triplet 'Ground' state
TDMX:-0.000   TDMY:0.000   TDMZ:0.000   Oscillator Strength:0.00000   <S**2>: 0.000
--------------------------------------------------------------------
TDMs with Singlet 'Ground' state
TDMX:1.181   TDMY:-0.265   TDMZ:-0.088   Oscillator Strength:0.09778   <S**2>: 0.000
--------------------------------------------------------------------


State 24 2.747 eV 
Excitation    CI Coef
|3^CS(20->0)>   -0.08530
|3^CS(14->0)>    0.11641
|3^CS(12->0)>   -0.22291
|3^CS(2->0)>    0.14433
|3^CS(19->0')>   -0.06350
|3^CS(15->0')>    0.16368
|3^CS(11->0')>   -0.22941
|3^CS(7->0')>   -0.06839
|3^SV(0->2')>    0.05960
|3^SV(0->6')>   -0.21513
|3^SV(0->12')>   -0.33823
|3^SV(0->14')>   -0.07226
|3^SV(0->18')>    0.08382
|3^SV(0'->1')>    0.06162
|3^SV(0'->13')>    0.42983
|3^SV(0'->19')>   -0.07501
|3T^CV(1->13')>    0.06963
|3S^CV(2->13')>    0.06370
|3S^CV(1->13')>   -0.18640
|3X^CV(17->16')>    0.06528
|3X^CV(16->17')>   -0.05163
|3X^CV(15->6')>   -0.05811
|3X^CV(15->12')>   -0.05592
|3X^CV(14->1')>   -0.05132
|3X^CV(14->13')>   -0.05566
|3X^CV(12->1')>    0.07069
|3X^CV(12->13')>    0.10187
|3X^CV(11->6')>    0.07812
|3X^CV(11->12')>    0.09844
|3X^CV(10->4')>    0.14368
|3X^CV(9->5')>    0.14538
|3X^CV(6->9')>   -0.13069
|3X^CV(6->10')>   -0.09153
|3X^CV(5->9')>   -0.09492
|3X^CV(5->10')>    0.12901
|3X^CV(4->3')>    0.25424
|3X^CV(3->2')>    0.24400
|3X^CV(3->6')>    0.06599
|3X^CV(2->13')>   -0.10938
|3X^CV(1->1')>    0.07631
|3X^CV(1->13')>    0.20355
TDMs with Triplet 'Ground' state
TDMX:0.323   TDMY:0.019   TDMZ:-0.016   Oscillator Strength:0.00684   <S**2>: 2.000
--------------------------------------------------------------------
TDMs with Singlet 'Ground' state
TDMX:-0.000   TDMY:0.000   TDMZ:0.000   Oscillator Strength:0.00000   <S**2>: 2.000
--------------------------------------------------------------------


State 25 2.807 eV 
Excitation    CI Coef
|3^CS(11->0)>   -0.08490
|3^CS(7->0)>   -0.06820
|3^CS(2->0')>    0.37258
|3^SV(0->1')>    0.13669
|3^SV(0->3')>    0.07042
|3^SV(0->8')>    0.07393
|3^SV(0'->4')>   -0.09455
|3^SV(0'->6')>   -0.18934
|3^SV(0'->7')>    0.16047
|3^SV(0'->10')>    0.07965
|3^SV(0'->12')>    0.09444
|3T^CV(2->14')>   -0.05138
|3T^CV(1->2')>    0.12381
|3T^CV(1->4')>   -0.14312
|3T^CV(1->6')>   -0.50595
|3T^CV(1->7')>    0.32311
|3T^CV(1->10')>    0.13856
|3T^CV(1->12')>    0.27271
|3T^CV(1->14')>   -0.09680
|3S^CV(1->6')>    0.07573
|3S^CV(1->7')>   -0.07063
|3S^CV(1->12')>   -0.05426
|3X^CV(11->1')>    0.08282
|3X^CV(8->7')>   -0.08277
|3X^CV(7->8')>   -0.07577
|3X^CV(1->4')>   -0.08218
|3X^CV(1->6')>   -0.24943
|3X^CV(1->7')>    0.20414
|3X^CV(1->10')>    0.08397
|3X^CV(1->12')>    0.07135
TDMs with Triplet 'Ground' state
TDMX:-0.011   TDMY:1.813   TDMZ:-0.010   Oscillator Strength:0.21892   <S**2>: 2.000
--------------------------------------------------------------------
TDMs with Singlet 'Ground' state
TDMX:0.000   TDMY:-0.000   TDMZ:-0.000   Oscillator Strength:0.00000   <S**2>: 2.000
--------------------------------------------------------------------


State 26 2.810 eV 
Excitation    CI Coef
|1^OS>    0.16856
|1^CS(15->0)>   -0.14071
|1^CS(11->0)>   -0.14779
|1^CS(18->0')>   -0.06539
|1^CS(16->0')>    0.05696
|1^CS(14->0')>    0.09721
|1^CS(2->0')>    0.06431
|1^CS(1->0')>   -0.42668
|1^SV(0->1')>    0.39897
|1^SV(0'->6')>   -0.13732
|1^SV(0'->12')>    0.24976
|1^SV(0'->14')>   -0.29151
|1S^CV(1->6')>    0.11635
|1S^CV(1->12')>   -0.11140
|1T^CV(15->1')>   -0.10277
|1T^CV(14->6')>   -0.08148
|1T^CV(13->11')>    0.15966
|1T^CV(12->12')>    0.07347
|1T^CV(11->1')>   -0.06690
|1T^CV(11->13')>    0.07730
|1T^CV(10->5')>   -0.07367
|1T^CV(9->4')>   -0.07300
|1T^CV(8->7')>    0.07644
|1T^CV(7->8')>    0.07676
|1T^CV(6->9')>    0.05094
|1T^CV(6->10')>    0.05810
|1T^CV(5->9')>   -0.06089
|1T^CV(5->10')>    0.05251
|1T^CV(4->2')>    0.10897
|1T^CV(3->3')>    0.10952
|1T^CV(1->2')>   -0.06251
|1T^CV(1->4')>    0.05493
|1T^CV(1->6')>    0.33979
|1T^CV(1->7')>   -0.05185
|1T^CV(1->12')>   -0.16374
|1T^CV(1->14')>    0.15421
|1T^CV(1->18')>   -0.05837
|1T^CV(1->20')>    0.09312
TDMs with Triplet 'Ground' state
TDMX:0.000   TDMY:-0.000   TDMZ:-0.000   Oscillator Strength:0.00000   <S**2>: 0.000
--------------------------------------------------------------------
TDMs with Singlet 'Ground' state
TDMX:0.591   TDMY:-0.449   TDMZ:-0.004   Oscillator Strength:0.03796   <S**2>: 0.000
--------------------------------------------------------------------


State 27 2.813 eV 
Excitation    CI Coef
|3^CS(14->0)>   -0.11774
|3^CS(2->0)>    0.72188
|3^CS(1->0)>   -0.06027
|3^CS(15->0')>   -0.06559
|3^CS(11->0')>   -0.09425
|3^SV(0->6')>    0.08359
|3^SV(0->12')>    0.09360
|3^SV(0'->1')>   -0.39579
|3T^CV(2->1')>    0.13862
|3T^CV(2->13')>   -0.07848
|3T^CV(1->1')>    0.15026
|3T^CV(1->8')>   -0.06467
|3T^CV(1->13')>    0.06945
|3S^CV(1->1')>    0.24653
|3X^CV(2->1')>    0.10223
|3X^CV(1->1')>    0.23561
|3^CSD(12,1)>   -0.06280
|3^CSD(2,1)>   -0.21271
TDMs with Triplet 'Ground' state
TDMX:3.160   TDMY:0.023   TDMZ:-0.098   Oscillator Strength:0.66739   <S**2>: 2.000
--------------------------------------------------------------------
TDMs with Singlet 'Ground' state
TDMX:-0.000   TDMY:0.000   TDMZ:-0.000   Oscillator Strength:0.00000   <S**2>: 2.000
--------------------------------------------------------------------


State 28 2.831 eV 
Excitation    CI Coef
|5^CV(11->3')>   -0.10795
|5^CV(10->5')>   -0.10673
|5^CV(9->4')>   -0.12746
|5^CV(9->5')>    0.07785
|5^CV(6->10')>   -0.06217
|5^CV(5->9')>    0.10147
|5^CV(5->10')>   -0.09589
|5^CV(4->6')>   -0.07370
|5^CV(4->12')>   -0.10917
|5^CV(3->1')>   -0.06265
|5^CV(3->13')>   -0.12389
|5^CV(2->2')>    0.13664
|5^CV(1->2')>   -0.86374
|5^CV(1->3')>   -0.25742
|5^CV(1->4')>   -0.06121
|5^CV(1->6')>   -0.13223
|5^CV(1->7')>   -0.06590
TDMs with Triplet 'Ground' state
TDMX:-0.000   TDMY:0.000   TDMZ:0.000   Oscillator Strength:0.00000   <S**2>: 6.000
--------------------------------------------------------------------
TDMs with Singlet 'Ground' state
TDMX:-0.000   TDMY:-0.000   TDMZ:0.000   Oscillator Strength:0.00000   <S**2>: 6.000
--------------------------------------------------------------------


State 29 2.832 eV 
Excitation    CI Coef
|5^CV(11->2')>    0.10773
|5^CV(10->4')>   -0.12756
|5^CV(10->5')>   -0.07260
|5^CV(9->5')>   -0.10361
|5^CV(6->9')>   -0.11299
|5^CV(6->10')>   -0.08782
|5^CV(5->10')>    0.07091
|5^CV(4->1')>    0.06465
|5^CV(4->13')>    0.12663
|5^CV(3->6')>    0.07752
|5^CV(3->12')>    0.10891
|5^CV(2->3')>   -0.13816
|5^CV(1->2')>   -0.25435
|5^CV(1->3')>    0.87479
|5^CV(1->8')>   -0.06601
TDMs with Triplet 'Ground' state
TDMX:0.000   TDMY:-0.000   TDMZ:0.000   Oscillator Strength:0.00000   <S**2>: 6.000
--------------------------------------------------------------------
TDMs with Singlet 'Ground' state
TDMX:-0.000   TDMY:-0.000   TDMZ:0.000   Oscillator Strength:0.00000   <S**2>: 6.000
--------------------------------------------------------------------

Wall clock time: 33.5578 seconds
