                    ---------------------------------
                    | Radical ExROPPP Calculation |
                    ---------------------------------

Molecule: ./PCzPyBTM2.xyz radical

--------------------------------
Cartesian Coordinates / Angstrom
--------------------------------

Cl    3.2703  14.5615  11.9170 
Cl   -0.4257  14.9742  16.7978 
Cl   -0.9482  14.1695  13.3071 
Cl    4.8208  14.7803  15.4081 
Cl    2.7287  17.9021  14.9304 
Cl    9.8092   9.0654   4.1467 
Cl    6.3328   7.0143   2.5027 
Cl    6.7649  12.8743   1.6879 
Cl    9.5380   9.5570   0.3629 
Cl   11.5645  14.0776   3.7018 
Cl    4.2822  10.2475   1.6970 
Cl    5.7543   9.6215  -3.3812 
Cl   -2.0015  19.3543  12.9404 
Cl    3.3890  15.4466  20.5083 
N      5.1756   7.7934   4.6841
N      2.3384  12.1683  12.2032
N      1.9534   6.3477   9.9059
C      4.8254   8.6553   5.6572
C      4.0229   8.0644   6.7510
C      2.2165  15.0239  16.1436
C      5.2529   9.9851   5.6048
H      4.9861  10.6011   6.2770
C      3.5891   8.8008   7.8572
H      3.7631   9.7331   7.9107
C      2.8987   8.1539   8.8809
C      1.7326  11.1372  12.8343
C      1.6832   9.8663  12.0771
C      2.6524   6.7695   8.7860
C      1.8760  13.6290  14.0692
C      2.3244   8.5832  10.1421
C      6.4500   9.5062   3.5605
C      1.0469   8.7245  12.6056
H      0.5873   8.7948  13.4339
C      1.7322   7.4410  10.7315
C      2.4010  13.3248  12.8161
C      0.8708  16.0421  14.1967
C      1.6017  15.1843  18.5093
H      0.9267  15.2286  19.1761
C      2.3090   9.7872  10.8327
H      2.7236  10.5558  10.4586
C      1.9399  15.0328  14.6395
H      2.7835  15.4031  14.2508
C      1.0720   7.5058  11.9540
H      0.6531   6.7396  12.3280
C     -0.3760  15.7794  13.6087
C      1.6847   4.9791  10.2160
C      3.7460   6.6773   6.6927
H      4.0351   6.1838   5.9342
C      1.2707  15.0762  17.1643
C      8.3583  10.9816   2.8401
C      1.2484  11.2986  14.1313
H      0.8665  10.5623  14.5946
C      6.9154   9.8918   1.0082
C      1.3277  12.5369  14.7385
H      1.0033  12.6454  15.6249
C      3.0735   6.0195   7.6950
H      2.9031   5.0863   7.6437
C      6.0675  10.3961   4.5659
H      6.3709  11.2958   4.5359
C      0.3769   4.5299  10.2771
H     -0.3442   5.1358  10.1527
C      0.1286   3.1880  10.5214
H     -0.7659   2.8700  10.5537
C      0.3194  18.4358  13.9597
H      0.5653  19.3453  14.0802
C      3.5530  14.9804  16.5731
C     -1.2611  16.7830  13.2338
H     -2.1019  16.5639  12.8505
C     10.4892  11.6236   3.8698
H     11.2636  11.3827   4.3644
C      5.9416   8.2225   3.7091
C      1.1792   2.3120  10.7184
H      1.0053   1.3945  10.8937
C      7.4310   9.8388   2.4517
H      8.0407   9.0462   2.4446
C      3.9312  15.0925  17.9007
H      4.8474  15.0781  18.1504
C      9.5155  10.6869   3.5818
C      9.1651  13.2911   2.7570
H      9.0352  14.1930   2.4881
C      1.1797  17.4087  14.3171
C      8.2062  12.3239   2.4878
C      2.4841   2.7697  10.6603
H      3.2045   2.1656  10.7989
C      2.7453   4.1077  10.4002
H      3.6401   4.4220  10.3492
C     -0.9039  18.0966  13.4245
C     10.3124  12.9109   3.4245
C      7.8457   9.7216  -0.0204
C      2.9385  15.2255  18.8506
C      7.5226   9.6591  -1.3624
H      8.1970   9.5576  -2.0239
C      5.2170   9.9164  -0.7580
H      4.3032   9.9798  -1.0093
C      6.1898   9.7487  -1.7125
C      5.5858   9.9924   0.5827

There are 71 heavy atoms.
There are 86 electrons in 71 orbitals.


Carbon 1e params: A = -22.717075 b = 1.705616

Nitrogen 1e params: alphan2 = -17.681338 Acn2 = -24.737202 bcn2 = 1.433639

Chlorine 1e params: alphacl = -10.335674 Accl = -26.021937 bccl=1.451861
C-N1 bond
C-N1 bond
C-N2 bond
C-N2 bond
C-N1 bond
C-N2 bond
C-N1 bond
C-Cl bond
C-Cl bond
C-Cl bond
C-Cl bond
C-Cl bond
C-Cl bond
C-Cl bond
C-Cl bond
C-Cl bond
C-Cl bond
C-Cl bond
C-Cl bond
C-Cl bond
C-Cl bond
N1 atom 55
N1 atom 56
N2 atom 57
Cl atom 58
Cl atom 59
Cl atom 60
Cl atom 61
Cl atom 62
Cl atom 63
Cl atom 64
Cl atom 65
Cl atom 66
Cl atom 67
Cl atom 68
Cl atom 69
Cl atom 70
Cl atom 71

Carbon 2e params: U = 8.420838 r0 = 1.173157

Nitrogen 2e params: Un2n2 = 17.979843 r0n2n2 = 1.111791

Chlorine 2e params: Uclcl= 9.642991 r0clcl = 2.253316

Mixed 2e params: Ucn2 = 13.200341 Uccl = 9.031915 Un2cl = 13.811417 r0cn2 =1.142474 r0ccl = 1.713237 r0n2cl = 1.682554
[8.42083845 3.72387031 0.7202363  3.84251098 2.66932367 1.99089833
 1.05399085 1.17290547 1.82142629 0.86802878 1.56590967 2.49547829
 1.0876589  1.36474112 0.98224722 0.75201178 0.61957925 1.40361181
 0.78648643 1.1496077  0.75707154 1.26353083 2.70430909 0.66652947
 1.57927207 0.91952559 1.53921669 0.84795726 2.00085978 2.76410626
 1.12275336 1.00104439 0.6688208  0.71311937 0.713674   1.26446657
 2.85543384 0.98106126 1.80594221 0.65708068 1.4767531  1.21152034
 0.70489671 1.39462166 1.06858575 1.22485171 0.67319313 1.16674107
 1.28432917 0.6161919  1.12776033 1.27918597 1.12935646 1.52555211
 4.9727731  1.39638052 2.22892185 1.47948697 0.99473148 1.21168902
 1.16975399 1.03326419 2.23060857 2.7753909  1.97824224 1.74682352
 1.46238969 2.57212976 1.42609523 0.94663702 0.85459797]

-------------------------------------
Restricted Open-shell PPP Calculation
-------------------------------------

Starting SCF cycle...

Iter   Energy        Dens Change      Energy Change
-----------------------------------------------------
0 -266.7084277029283 0.32917369208011293 -266.7084277029283
1 -301.1736552100871 0.07068372476101947 -34.46522750715877
2 -308.15361800507475 0.015479581286195865 -6.979962794987671
3 -310.1305013032424 0.005258368183425954 -1.9768832981676496
4 -310.73273884854325 0.0023064740276289575 -0.6022375453008522
5 -310.9137592284073 0.001208725283376344 -0.1810203798640373
6 -310.9751196795827 0.0006515277399079533 -0.06136045117540334
7 -310.99533304432583 0.00034855599626981704 -0.020213364743142392
8 -311.00264856267427 0.0001856015076932005 -0.00731551834843458
9 -311.0053066447293 9.859749248908312e-05 -0.0026580820550066164
10 -311.006353985619 5.230228433905637e-05 -0.001047340889726911
11 -311.0067810180846 2.7724744445567495e-05 -0.0004270324656090452
12 -311.0069675012202 1.4690415183538086e-05 -0.00018648313556468565
13 -311.0070523800695 7.782529133470995e-06 -8.487884934993417e-05
14 -311.00709287295854 4.122562131225749e-06 -4.049288901342152e-05
15 -311.00711277033486 2.1837514050382367e-06 -1.9897376319022442e-05
16 -311.0071227998253 1.1567507092191676e-06 -1.0029490454144252e-05
17 -311.00712793616225 6.127518989984537e-07 -5.1363369379942014e-06
18 -311.0071305981321 3.245936813778272e-07 -2.6619698587637686e-06
19 -311.00713198801805 1.7195197687946973e-07 -1.3898859378969064e-06
20 -311.0071327175127 9.109314480504338e-08 -7.294946726688067e-07
21 -311.0071331016608 4.825864363677823e-08 -3.8414810887843487e-07
22 -311.0071333044042 2.556669398412481e-08 -2.0274336520742509e-07
23 -311.00713341156336 1.3545133348280558e-08 -1.0715916687331628e-07
24 -311.0071334682526 7.176297223132622e-09 -5.6689259508857504e-08
25 -311.0071334982677 3.802115178253018e-09 -3.001508730449132e-08
26 -311.0071335141629 2.0144516055253803e-09 -1.5895182059466606e-08
27 -311.00713352258174 1.067321231396079e-09 -8.418851393798832e-09
28 -311.0071335270451 5.65508306848983e-10 -4.463345248950645e-09
29 -311.0071335294085 2.9963165282254067e-10 -2.3634356693946756e-09
30 -311.0071335306627 1.5876044923146537e-10 -1.254193193744868e-09
31 -311.0071335313255 8.412059937512595e-11 -6.627942639170215e-10
32 -311.0071335316786 4.457134661350892e-11 -3.531113179633394e-10
33 -311.00713353186626 2.3617219291338643e-11 -1.8764012565952726e-10
34 -311.0071335319636 1.2514878022784615e-11 -9.731593308970332e-11
35 -311.0071335320158 6.629696791549122e-12 -5.2239101933082566e-11
36 -311.007133532042 3.514633029055858e-12 -2.6204816094832495e-11
37 -311.0071335320587 1.86106685617915e-12 -1.6655121726216748e-11
38 -311.0071335320657 9.875433804040767e-13 -7.048583938740194e-12
39 -311.00713353207163 5.224709553885987e-13 -5.9117155615240335e-12
40 -311.0071335320747 2.7622348852673895e-13 -3.069544618483633e-12
41 -311.007133532074 1.4632739464559563e-13 6.821210263296962e-13
42 -311.0071335320739 7.771561172376096e-14 1.1368683772161603e-13
43 -311.00713353207516 4.207745263329343e-14 -1.2505552149377763e-12
44 -311.007133532077 2.2093438190040615e-14 -1.8189894035458565e-12
45 -311.0071335320762 1.199040866595169e-14 7.958078640513122e-13
46 -311.00713353207493 6.661338147750939e-15 1.2505552149377763e-12
47 -311.0071335320743 4.884981308350689e-15 6.252776074688882e-13
48 -311.00713353207664 3.1086244689504383e-15 -2.3305801732931286e-12
49 -311.00713353207567 2.4598378889351125e-15 9.663381206337363e-13
ENERGY0: -311.00713353207567

--------------------------
Converged ROPPP Orbitals
--------------------------

orbital number 1 energy -11.912855454525054
[ 0.    0.02 -0.    0.    0.04  0.12  0.    0.02  0.41  0.    0.12  0.
  0.03  0.41  0.   -0.    0.    0.04  0.    0.1  -0.    0.16  0.03 -0.
 -0.    0.   -0.    0.    0.1   0.    0.04  0.01  0.   -0.    0.    0.
  0.    0.01  0.    0.   -0.    0.   -0.   -0.    0.01  0.04  0.    0.
 -0.    0.    0.    0.    0.   -0.    0.    0.    0.76  0.    0.    0.
  0.    0.    0.    0.    0.    0.   -0.    0.   -0.   -0.   -0.  ]
orbital number 2 energy -8.275408408336556
[-0.35 -0.17 -0.   -0.2  -0.08 -0.05 -0.   -0.   -0.02 -0.   -0.01 -0.27
  0.    0.02 -0.01 -0.   -0.   -0.01 -0.    0.01 -0.    0.02 -0.08 -0.
 -0.02 -0.   -0.05 -0.   -0.04 -0.18  0.01  0.01 -0.   -0.   -0.   -0.01
 -0.51  0.01 -0.07 -0.   -0.02 -0.01 -0.   -0.02  0.01  0.01 -0.   -0.01
 -0.04 -0.   -0.03 -0.03 -0.03 -0.04 -0.48 -0.01  0.02 -0.01 -0.   -0.
 -0.   -0.   -0.02 -0.43 -0.02 -0.04 -0.01 -0.04 -0.03 -0.   -0.  ]
orbital number 3 energy -8.239128834209412
[ 0.    0.   -0.02  0.   -0.   -0.01 -0.35 -0.17  0.02 -0.26 -0.05  0.
 -0.08 -0.02 -0.51 -0.03 -0.01 -0.08 -0.05 -0.05 -0.03  0.02  0.   -0.01
  0.   -0.2   0.   -0.18  0.01  0.    0.01  0.01 -0.02 -0.01 -0.02  0.
  0.01  0.01  0.   -0.01  0.    0.   -0.03  0.    0.01  0.01 -0.02  0.
  0.   -0.01  0.    0.    0.    0.    0.01 -0.49  0.02 -0.42 -0.01 -0.03
 -0.01 -0.02  0.    0.01  0.    0.    0.    0.    0.   -0.02 -0.01]
orbital number 4 energy -8.069403064629828
[-0.05 -0.03  0.   -0.02 -0.01 -0.01  0.   -0.   -0.    0.   -0.   -0.01
  0.    0.    0.    0.    0.   -0.    0.    0.    0.    0.   -0.01  0.
  0.05  0.    0.27  0.   -0.01 -0.02  0.    0.    0.    0.    0.    0.04
 -0.06  0.    0.06  0.    0.05  0.04  0.    0.05  0.    0.    0.    0.05
  0.34  0.    0.27  0.28  0.37  0.36 -0.06  0.    0.    0.    0.    0.
  0.    0.    0.05 -0.05  0.05  0.32  0.05  0.35  0.36  0.    0.  ]
orbital number 5 energy -8.020731946442995
[-0.    0.   -0.05 -0.    0.    0.    0.03  0.02 -0.    0.01  0.01 -0.
  0.01  0.    0.04 -0.27 -0.04  0.01 -0.06  0.01 -0.36 -0.   -0.   -0.05
 -0.    0.02  0.    0.01 -0.   -0.   -0.   -0.   -0.28 -0.05 -0.28 -0.
 -0.   -0.   -0.   -0.04 -0.   -0.   -0.35 -0.   -0.   -0.   -0.37 -0.
  0.   -0.05  0.    0.    0.    0.   -0.    0.04 -0.    0.04 -0.05 -0.34
 -0.05 -0.34 -0.   -0.   -0.    0.   -0.    0.    0.   -0.36 -0.04]
orbital number 6 energy -7.967529977295523
[ 0.01  0.01 -0.    0.01  0.    0.   -0.    0.    0.   -0.    0.    0.
 -0.   -0.   -0.    0.   -0.    0.   -0.   -0.    0.   -0.    0.   -0.
 -0.26 -0.    0.03 -0.    0.    0.   -0.   -0.    0.   -0.    0.   -0.28
  0.02 -0.   -0.03 -0.   -0.35 -0.28  0.   -0.35 -0.   -0.    0.   -0.38
  0.05 -0.    0.04  0.04  0.06  0.05  0.02 -0.   -0.   -0.   -0.    0.
 -0.    0.   -0.35  0.02 -0.33  0.05 -0.37  0.05  0.06  0.   -0.  ]
orbital number 7 energy -7.922889963882053
[ 0.   -0.    0.26  0.   -0.   -0.   -0.01 -0.01  0.   -0.   -0.    0.
 -0.   -0.   -0.01 -0.03  0.27 -0.    0.03 -0.   -0.05  0.    0.    0.34
 -0.   -0.   -0.   -0.    0.    0.    0.    0.   -0.04  0.36 -0.04 -0.
  0.    0.    0.    0.28 -0.   -0.   -0.05 -0.    0.    0.   -0.06 -0.
 -0.    0.37 -0.   -0.   -0.   -0.    0.   -0.01  0.   -0.01  0.33 -0.05
  0.37 -0.05 -0.    0.   -0.   -0.   -0.   -0.   -0.   -0.06  0.36]
orbital number 8 energy -7.71269785168522
[-0.   -0.05 -0.    0.   -0.07 -0.11 -0.   -0.05 -0.09  0.02 -0.11  0.02
 -0.05 -0.08  0.04 -0.   -0.   -0.07  0.   -0.06 -0.    0.45 -0.05 -0.
 -0.    0.    0.    0.01 -0.06  0.01  0.41  0.37 -0.   -0.   -0.   -0.
  0.04  0.35  0.   -0.   -0.   -0.   -0.   -0.    0.36  0.41 -0.   -0.
 -0.   -0.   -0.   -0.   -0.   -0.    0.02  0.02 -0.    0.04 -0.   -0.
 -0.   -0.   -0.    0.04 -0.   -0.   -0.   -0.   -0.   -0.   -0.  ]
orbital number 9 energy -7.1233556478460365
[-0.02 -0.03 -0.   -0.01 -0.03 -0.02  0.    0.01 -0.02 -0.    0.    0.02
  0.01  0.02 -0.   -0.    0.    0.   -0.    0.01 -0.   -0.   -0.03 -0.
  0.02  0.    0.17 -0.   -0.02  0.01 -0.   -0.    0.   -0.    0.   -0.01
  0.01 -0.01  0.05  0.    0.01 -0.01 -0.    0.02 -0.   -0.    0.   -0.04
  0.06  0.   -0.13 -0.03 -0.37  0.32 -0.01 -0.    0.01 -0.01 -0.   -0.
 -0.   -0.    0.02  0.01  0.02  0.09 -0.07  0.54 -0.63  0.    0.  ]
orbital number 10 energy -7.07195912543397
[-0.02 -0.03 -0.   -0.01 -0.02 -0.02  0.01  0.02 -0.02 -0.    0.01  0.01
  0.02  0.02 -0.01 -0.01  0.    0.01 -0.    0.02 -0.01 -0.   -0.03 -0.
  0.02  0.    0.08 -0.   -0.03  0.   -0.   -0.    0.   -0.    0.   -0.01
  0.01 -0.    0.03  0.    0.01 -0.01 -0.    0.02 -0.   -0.    0.01 -0.04
  0.4   0.    0.12 -0.16 -0.14 -0.24 -0.01  0.    0.   -0.01 -0.   -0.01
 -0.   -0.    0.02  0.02  0.04  0.68 -0.07 -0.42 -0.24  0.02  0.  ]
orbital number 11 energy -7.065560730548086
[-0.02 -0.04 -0.02 -0.01 -0.03 -0.02  0.04  0.07 -0.05 -0.02  0.04  0.01
  0.06  0.05 -0.02 -0.17  0.01  0.05 -0.05  0.06 -0.31  0.   -0.04 -0.01
  0.    0.02 -0.01 -0.   -0.05 -0.    0.    0.    0.13 -0.02  0.03 -0.
  0.02  0.01  0.    0.01  0.   -0.   -0.06  0.    0.    0.    0.36 -0.
 -0.02  0.04 -0.    0.01  0.01  0.01 -0.    0.01 -0.01 -0.04 -0.02 -0.53
 -0.04 -0.1   0.    0.03  0.   -0.03 -0.    0.01  0.02  0.62  0.07]
orbital number 12 energy -7.051779898744694
[ 0.02  0.05  0.01  0.01  0.04  0.03 -0.03 -0.05  0.05  0.01 -0.03 -0.01
 -0.05 -0.05  0.02  0.06 -0.01 -0.04  0.02 -0.05 -0.25 -0.    0.05  0.01
 -0.   -0.01  0.    0.    0.05  0.   -0.   -0.    0.11  0.01 -0.17  0.
 -0.02 -0.   -0.   -0.01 -0.    0.    0.39 -0.   -0.   -0.   -0.13  0.
  0.01 -0.02  0.   -0.   -0.01  0.    0.   -0.    0.    0.04  0.01 -0.44
  0.01  0.67 -0.   -0.04 -0.    0.01  0.01  0.   -0.01 -0.22 -0.03]
orbital number 13 energy -7.045919669650457
[ 0.14  0.28 -0.    0.07  0.22  0.17 -0.13 -0.27  0.25  0.06 -0.15 -0.06
 -0.27 -0.25  0.13 -0.04  0.   -0.21  0.   -0.27 -0.01  0.    0.28 -0.
 -0.02 -0.06  0.01 -0.    0.28  0.01  0.    0.    0.    0.    0.03  0.01
 -0.13  0.   -0.01  0.   -0.02  0.01 -0.08 -0.01  0.    0.    0.09  0.03
  0.04  0.    0.   -0.01 -0.03  0.01  0.01  0.   -0.01  0.22 -0.   -0.02
  0.   -0.14 -0.03 -0.23 -0.02  0.07  0.05  0.01 -0.06  0.15  0.  ]
orbital number 14 energy -7.022283769670537
[ 0.    0.01  0.    0.    0.01  0.   -0.02 -0.04  0.02  0.01 -0.03  0.
 -0.04 -0.02  0.02 -0.   -0.   -0.03  0.   -0.03 -0.   -0.    0.02  0.
  0.17 -0.01 -0.01 -0.    0.02  0.   -0.   -0.01  0.    0.    0.   -0.03
 -0.01 -0.01  0.02 -0.    0.3  -0.12 -0.    0.09 -0.01 -0.    0.   -0.37
 -0.04 -0.   -0.    0.01  0.04 -0.01 -0.01 -0.    0.01  0.03  0.   -0.
  0.   -0.01  0.52 -0.02  0.16 -0.07 -0.64 -0.02  0.07  0.01 -0.  ]
orbital number 15 energy -7.008394757268133
[ 0.    0.   -0.    0.    0.    0.    0.01  0.01 -0.01 -0.    0.01 -0.
  0.01  0.01 -0.01  0.    0.    0.01 -0.    0.01  0.    0.   -0.    0.
 -0.06  0.    0.01  0.   -0.   -0.    0.    0.   -0.   -0.01 -0.    0.17
  0.    0.   -0.01 -0.    0.26 -0.12  0.   -0.4   0.    0.   -0.    0.11
  0.02  0.    0.   -0.01 -0.01  0.    0.    0.   -0.01 -0.01  0.    0.
 -0.01  0.    0.46  0.   -0.68  0.03  0.2   0.   -0.03 -0.    0.01]
orbital number 16 energy -7.0056170156548525
[ 0.01  0.01 -0.11  0.    0.01  0.01  0.    0.    0.01 -0.    0.   -0.
  0.   -0.    0.    0.01  0.17  0.   -0.01 -0.    0.02  0.    0.01  0.12
  0.    0.    0.   -0.    0.01  0.    0.    0.   -0.   -0.38 -0.01 -0.
 -0.01  0.   -0.   -0.04 -0.    0.    0.02  0.01  0.    0.   -0.03 -0.
  0.    0.28 -0.   -0.   -0.    0.    0.    0.   -0.01  0.    0.19  0.03
 -0.67  0.03 -0.   -0.01  0.01  0.   -0.01  0.   -0.   -0.05  0.47]
orbital number 17 energy -6.977107250507714
[-0.16 -0.3   0.01 -0.08 -0.29 -0.29 -0.16 -0.3  -0.01  0.06 -0.3   0.06
 -0.21 -0.02  0.14 -0.01  0.01 -0.3   0.01 -0.13 -0.01 -0.02 -0.21  0.03
 -0.01 -0.08 -0.   -0.01 -0.13 -0.01 -0.08 -0.12  0.   -0.02  0.    0.01
  0.13 -0.13  0.01 -0.01 -0.01  0.   -0.01 -0.02 -0.12 -0.08  0.02  0.02
 -0.01 -0.01  0.    0.    0.01 -0.01 -0.02 -0.01  0.22  0.26  0.04 -0.02
 -0.03 -0.02 -0.02  0.26 -0.03 -0.02  0.04 -0.01  0.02  0.03 -0.01]
orbital number 18 energy -6.953329209346332
[-0.01 -0.01 -0.14 -0.   -0.01 -0.01 -0.01 -0.02  0.   -0.   -0.02  0.
 -0.02 -0.01  0.01  0.01 -0.05 -0.02 -0.02 -0.01  0.01 -0.   -0.01 -0.4
 -0.   -0.01 -0.   -0.   -0.   -0.   -0.   -0.01 -0.    0.08 -0.    0.
  0.01 -0.01  0.    0.16 -0.    0.    0.02 -0.   -0.01 -0.   -0.02  0.
 -0.    0.28  0.    0.    0.   -0.   -0.    0.    0.01  0.02 -0.67  0.02
  0.15  0.04 -0.    0.01 -0.   -0.    0.   -0.    0.   -0.04  0.48]
orbital number 19 energy -6.232426355146453
[ 0.28  0.03 -0.    0.26 -0.06 -0.14 -0.22 -0.03 -0.23 -0.05  0.06  0.07
  0.1   0.22  0.07 -0.    0.    0.02 -0.01  0.2   0.    0.01 -0.12  0.
  0.   -0.2   0.   -0.14 -0.21  0.19 -0.   -0.01  0.    0.    0.   -0.
 -0.09 -0.01  0.02  0.   -0.   -0.    0.   -0.   -0.01 -0.   -0.    0.
 -0.   -0.   -0.   -0.    0.   -0.    0.19 -0.14  0.02  0.38  0.    0.
  0.    0.   -0.   -0.5  -0.   -0.01  0.   -0.01  0.   -0.   -0.  ]
orbital number 20 energy -6.179614903540445
[-0.2   0.01 -0.   -0.2   0.16  0.26 -0.27  0.    0.01 -0.08  0.28 -0.07
  0.05  0.07  0.08 -0.    0.    0.17 -0.02  0.08  0.   -0.06  0.02  0.
 -0.   -0.26 -0.   -0.19  0.03 -0.15  0.01  0.07  0.    0.    0.    0.
  0.06  0.1  -0.02  0.    0.    0.    0.    0.    0.07  0.01 -0.   -0.
  0.   -0.    0.    0.   -0.    0.   -0.14 -0.19 -0.15  0.5   0.    0.01
  0.    0.01  0.    0.37  0.    0.01 -0.    0.01 -0.   -0.   -0.  ]
orbital number 21 energy -5.304961506698098
[ 0.11  0.21 -0.02 -0.13 -0.08 -0.33  0.05  0.15 -0.07 -0.16 -0.31 -0.28
  0.31 -0.   -0.02 -0.03 -0.   -0.12 -0.06  0.25 -0.01  0.13  0.3  -0.
 -0.05 -0.09 -0.09 -0.18  0.2  -0.3   0.05 -0.08 -0.01 -0.   -0.01 -0.01
 -0.02 -0.13 -0.15 -0.   -0.01 -0.01 -0.01 -0.01 -0.08  0.05 -0.   -0.
 -0.02 -0.   -0.02 -0.02 -0.01 -0.02  0.11  0.04  0.03  0.09  0.02  0.03
  0.02  0.03  0.05  0.12  0.05  0.09  0.02  0.08  0.03  0.01  0.  ]
orbital number 22 energy -5.194284939212148
[-0.16 -0.12 -0.04  0.14 -0.16 -0.08  0.12  0.21  0.19 -0.28 -0.15  0.32
  0.14 -0.16 -0.02 -0.07 -0.01  0.05 -0.12 -0.01 -0.02 -0.06  0.13 -0.01
  0.07 -0.15  0.13 -0.32  0.26  0.34 -0.03  0.04 -0.02 -0.01 -0.02  0.02
 -0.    0.06  0.2  -0.01  0.02  0.02 -0.02  0.02  0.04 -0.02 -0.01  0.01
  0.03 -0.    0.04  0.04  0.02  0.03 -0.22  0.13 -0.    0.09  0.04  0.07
  0.04  0.07 -0.07 -0.03 -0.07 -0.13 -0.03 -0.13 -0.06  0.03  0.01]
orbital number 23 energy -5.146871247049532
[-0.01 -0.01 -0.02  0.01  0.1   0.14  0.06  0.08 -0.03 -0.13  0.12  0.02
 -0.1  -0.13 -0.01 -0.04 -0.    0.16 -0.06 -0.2  -0.01  0.5  -0.11 -0.
  0.01 -0.06  0.01 -0.14 -0.12  0.02  0.21 -0.29 -0.01 -0.   -0.01  0.
  0.   -0.52  0.02 -0.01  0.    0.   -0.01  0.   -0.28  0.21 -0.01  0.
  0.   -0.    0.    0.    0.    0.   -0.02  0.07 -0.03  0.03  0.02  0.04
  0.02  0.04 -0.01 -0.   -0.01 -0.01 -0.   -0.01 -0.01  0.02  0.01]
orbital number 24 energy -5.022228564617946
[-0.   -0.    0.    0.   -0.   -0.   -0.   -0.   -0.    0.   -0.    0.
  0.    0.   -0.    0.    0.   -0.    0.    0.    0.   -0.    0.    0.
  0.    0.    0.    0.    0.    0.   -0.51 -0.49  0.    0.    0.    0.
 -0.    0.    0.    0.    0.    0.    0.    0.    0.49  0.51  0.    0.
  0.    0.    0.    0.    0.    0.   -0.   -0.   -0.    0.   -0.   -0.
 -0.   -0.   -0.    0.   -0.   -0.   -0.   -0.   -0.   -0.   -0.  ]
orbital number 25 energy -4.99135517781363
[-0.09  0.11  0.08  0.04  0.02 -0.09 -0.15  0.01 -0.07  0.26 -0.07  0.12
  0.18  0.04 -0.04  0.16  0.03 -0.05  0.16  0.21  0.05  0.16  0.2   0.02
  0.08  0.14  0.16  0.32  0.13  0.13  0.08 -0.09  0.08  0.03  0.08  0.04
 -0.04 -0.17  0.14  0.03  0.03  0.04  0.06  0.03 -0.09  0.08  0.04  0.02
  0.06  0.01  0.09  0.09  0.05  0.06 -0.2  -0.28 -0.06  0.07 -0.08 -0.17
 -0.08 -0.17 -0.09  0.1  -0.09 -0.18 -0.06 -0.18 -0.13 -0.12 -0.05]
orbital number 26 energy -4.8618171426550525
[ 0.06  0.08 -0.06 -0.13  0.07  0.    0.01 -0.09 -0.08  0.01  0.01 -0.14
 -0.05  0.08  0.02 -0.18 -0.04 -0.07 -0.09  0.03 -0.08 -0.03 -0.02 -0.02
  0.07  0.02  0.25  0.02 -0.1  -0.22 -0.02  0.01 -0.14 -0.03 -0.14  0.05
  0.01  0.03  0.08 -0.04  0.03  0.05 -0.08  0.03  0.01 -0.01 -0.08  0.03
  0.13 -0.02  0.23  0.23  0.13  0.13  0.12  0.05  0.02 -0.05  0.07  0.22
  0.07  0.22 -0.09 -0.01 -0.09 -0.33 -0.08 -0.32 -0.32  0.2   0.05]
orbital number 27 energy -4.822476501483451
[ 0.06 -0.04  0.06 -0.11 -0.01  0.02  0.08  0.02  0.03 -0.16  0.01 -0.11
 -0.07 -0.03  0.04  0.24  0.04  0.03  0.07 -0.09  0.13 -0.05 -0.08  0.02
  0.   -0.15  0.11 -0.27 -0.05 -0.19 -0.03  0.03  0.23  0.03  0.23  0.
  0.04  0.05  0.01  0.04  0.    0.    0.13  0.    0.02 -0.03  0.13  0.
  0.07  0.02  0.12  0.12  0.07  0.07  0.17  0.2   0.03 -0.07 -0.07 -0.32
 -0.07 -0.32 -0.   -0.07 -0.   -0.16 -0.   -0.16 -0.17 -0.32 -0.06]
orbital number 28 energy -4.770046883342462
[ 0.02  0.02 -0.   -0.05  0.02  0.    0.01 -0.02 -0.02 -0.02  0.   -0.04
 -0.02  0.02  0.01  0.01 -0.   -0.01 -0.   -0.    0.01 -0.01 -0.01 -0.
  0.29 -0.02 -0.07 -0.04 -0.03 -0.08 -0.01  0.    0.02 -0.    0.02  0.32
  0.01  0.01  0.04 -0.    0.18  0.3   0.01  0.17  0.   -0.    0.01  0.18
 -0.05 -0.   -0.1  -0.1  -0.06 -0.05  0.05  0.04  0.01 -0.02  0.   -0.02
  0.   -0.02 -0.41 -0.01 -0.41  0.12 -0.43  0.12  0.14 -0.02  0.  ]
orbital number 29 energy -4.717461304006772
[ 0.01 -0.02  0.31 -0.01 -0.02  0.    0.01  0.02  0.02 -0.02  0.   -0.01
 -0.   -0.02  0.01 -0.06  0.3   0.02  0.05 -0.02 -0.05 -0.   -0.01  0.17
  0.   -0.04  0.   -0.05  0.01 -0.02 -0.    0.   -0.1   0.19 -0.1   0.01
  0.01  0.   -0.    0.32  0.    0.01 -0.05  0.    0.   -0.   -0.06  0.
  0.    0.18  0.    0.    0.    0.    0.03  0.03  0.   -0.01 -0.42  0.11
 -0.41  0.11 -0.01 -0.02 -0.01 -0.   -0.01 -0.   -0.01  0.14 -0.43]
orbital number 30 energy -4.615913229027502
[ 0.02 -0.27 -0.01 -0.16 -0.26 -0.02 -0.02  0.27  0.24  0.04  0.01 -0.05
  0.05 -0.24 -0.14 -0.   -0.01  0.26  0.01 -0.19 -0.01 -0.   -0.05 -0.01
  0.01  0.17  0.    0.2   0.19 -0.2  -0.    0.   -0.01 -0.01 -0.01  0.02
  0.14  0.   -0.02 -0.01  0.01  0.01 -0.    0.01  0.   -0.   -0.01  0.01
  0.01 -0.01  0.02  0.02  0.01  0.01  0.33 -0.33  0.    0.25  0.01  0.01
  0.01  0.01 -0.01 -0.24 -0.01 -0.01 -0.02 -0.01 -0.03  0.02  0.02]
orbital number 31 energy -4.094443587406108
[-0.19 -0.09  0.03 -0.35 -0.01  0.09 -0.14 -0.13  0.04  0.18  0.04  0.24
  0.1   0.05  0.17  0.06 -0.04 -0.1   0.12  0.2  -0.    0.05  0.07 -0.
  0.08 -0.22  0.14 -0.06  0.15 -0.14  0.05 -0.02 -0.06 -0.   -0.06 -0.08
  0.23 -0.07  0.23 -0.04 -0.   -0.08 -0.   -0.   -0.02  0.05 -0.06 -0.07
  0.   -0.03 -0.13 -0.13 -0.12 -0.    0.19  0.15 -0.13 -0.23  0.    0.
  0.01 -0.    0.01 -0.3   0.   -0.    0.11 -0.    0.17  0.08  0.05]
orbital number 32 energy -3.9373380874890325
[ 0.07 -0.08  0.08  0.16 -0.32 -0.19 -0.16 -0.01 -0.05  0.21  0.25 -0.1
 -0.17  0.09  0.17  0.15 -0.07  0.27  0.2  -0.13  0.01  0.02  0.21  0.
 -0.08 -0.26 -0.13 -0.07  0.24  0.07  0.02 -0.01 -0.12  0.   -0.12  0.06
 -0.06 -0.02 -0.17 -0.07 -0.    0.06  0.01 -0.01 -0.01  0.02 -0.12  0.06
 -0.01 -0.07  0.1   0.11  0.1  -0.01 -0.02  0.1  -0.04 -0.21 -0.   -0.02
 -0.   -0.02  0.01  0.08  0.01  0.02 -0.08  0.02 -0.13  0.15  0.09]
orbital number 33 energy -3.8176140095228215
[ 0.02 -0.14  0.08  0.1   0.17  0.28 -0.07  0.09  0.26  0.1  -0.25 -0.04
  0.34 -0.24  0.06  0.17 -0.06 -0.2   0.18  0.18  0.02  0.01 -0.31  0.01
 -0.1  -0.14 -0.18 -0.04 -0.12  0.07  0.01 -0.   -0.11  0.01 -0.11  0.08
 -0.01 -0.01 -0.18 -0.07 -0.01  0.07  0.02 -0.02 -0.    0.01 -0.12  0.08
 -0.03 -0.06  0.12  0.13  0.13 -0.03  0.02  0.01 -0.03 -0.07 -0.01 -0.03
 -0.01 -0.03  0.01  0.01  0.02  0.04 -0.09  0.03 -0.15  0.14  0.08]
orbital number 34 energy -3.647655180804716
[ 0.1   0.15  0.16  0.04  0.08 -0.09  0.08  0.16 -0.05 -0.08 -0.1  -0.1
 -0.03 -0.07 -0.08  0.34 -0.11  0.09  0.25 -0.17  0.07 -0.04 -0.04  0.03
  0.14  0.01  0.26 -0.07 -0.17 -0.06 -0.05  0.02 -0.19  0.03 -0.2  -0.09
 -0.1   0.05  0.17 -0.11  0.03 -0.08  0.07  0.03  0.02 -0.05 -0.22 -0.09
  0.06 -0.12 -0.14 -0.16 -0.17  0.05 -0.06 -0.06  0.14  0.09 -0.04 -0.08
 -0.03 -0.08 -0.03  0.11 -0.03 -0.07  0.11 -0.06  0.19  0.25  0.13]
orbital number 35 energy -3.3786917432212342
[-0.21  0.1   0.1  -0.24  0.08 -0.04  0.21 -0.11 -0.15 -0.27  0.05  0.27
 -0.15  0.16 -0.18  0.23 -0.05 -0.09  0.07  0.01  0.07  0.    0.15  0.03
 -0.11  0.24 -0.26 -0.04  0.01  0.04  0.   -0.   -0.12  0.03 -0.1   0.06
  0.18 -0.   -0.05 -0.05 -0.03  0.05  0.06 -0.03 -0.    0.   -0.14  0.07
 -0.1  -0.06  0.09  0.17  0.16 -0.05  0.01 -0.   -0.01  0.17 -0.03 -0.07
 -0.03 -0.06  0.03 -0.18  0.03  0.1  -0.07  0.05 -0.16  0.14  0.06]
orbital number 36 energy -3.353172856989551
[ 0.02 -0.01 -0.01  0.02 -0.01  0.   -0.02  0.01  0.01  0.02 -0.   -0.02
  0.01 -0.01  0.01 -0.02  0.    0.01 -0.   -0.   -0.01 -0.   -0.01 -0.
  0.05 -0.02  0.01  0.   -0.   -0.   -0.    0.    0.01 -0.    0.01 -0.02
 -0.02  0.    0.01  0.    0.01 -0.02 -0.    0.01  0.   -0.    0.01 -0.03
 -0.34  0.   -0.53  0.51 -0.    0.34 -0.   -0.    0.   -0.01  0.    0.01
  0.    0.   -0.01  0.01 -0.02  0.33  0.03 -0.33  0.   -0.01 -0.  ]
orbital number 37 energy -3.3160064869314163
[ 0.01 -0.    0.01  0.01 -0.    0.   -0.    0.    0.    0.01 -0.   -0.01
  0.   -0.    0.   -0.01 -0.01  0.    0.    0.    0.34  0.   -0.    0.
  0.   -0.    0.01  0.    0.   -0.    0.   -0.   -0.52  0.    0.53 -0.
 -0.   -0.    0.   -0.    0.   -0.   -0.34  0.   -0.    0.    0.01 -0.
  0.   -0.01 -0.   -0.   -0.    0.    0.    0.   -0.   -0.   -0.   -0.33
 -0.    0.34 -0.    0.   -0.   -0.    0.   -0.    0.   -0.01  0.01]
orbital number 38 energy -3.2820102127907194
[ 0.    0.   -0.    0.   -0.   -0.   -0.    0.    0.    0.   -0.   -0.
  0.   -0.    0.   -0.    0.    0.   -0.   -0.   -0.   -0.   -0.   -0.
  0.08 -0.   -0.05  0.   -0.   -0.   -0.    0.    0.   -0.    0.   -0.55
 -0.    0.    0.    0.   -0.31  0.49 -0.    0.37  0.   -0.    0.   -0.04
 -0.01  0.    0.03  0.02  0.03 -0.02 -0.   -0.    0.   -0.    0.    0.
  0.    0.    0.3   0.   -0.36  0.01  0.04  0.02 -0.03 -0.   -0.  ]
orbital number 39 energy -3.2205090914597223
[ 0.   -0.   -0.07  0.   -0.    0.   -0.   -0.    0.    0.    0.   -0.
  0.   -0.    0.    0.04 -0.49 -0.   -0.    0.    0.01  0.   -0.   -0.36
 -0.   -0.    0.    0.    0.   -0.    0.   -0.   -0.02  0.32 -0.02  0.
 -0.   -0.   -0.    0.55 -0.    0.    0.01 -0.   -0.    0.   -0.02  0.
  0.    0.03 -0.   -0.   -0.    0.    0.    0.   -0.   -0.    0.35 -0.01
 -0.3  -0.01  0.    0.    0.   -0.   -0.   -0.    0.    0.02 -0.03]
orbital number 40 energy -3.2106055963014546
[ 0.01  0.01 -0.    0.01  0.   -0.01 -0.01  0.02  0.    0.02 -0.01 -0.01
  0.01 -0.01  0.01 -0.01 -0.    0.01 -0.   -0.01 -0.   -0.   -0.01 -0.
  0.53 -0.02 -0.3   0.   -0.01 -0.01 -0.    0.    0.01  0.    0.01 -0.17
 -0.01  0.    0.02  0.01  0.23 -0.33 -0.01  0.13  0.   -0.    0.01 -0.33
 -0.08  0.    0.17  0.11  0.19 -0.12 -0.   -0.    0.01 -0.01  0.    0.
 -0.    0.01 -0.21  0.01 -0.12  0.08  0.32  0.12 -0.18 -0.01 -0.  ]
orbital number 41 energy -3.1613719742571935
[ 0.01 -0.01 -0.54  0.01 -0.01  0.01 -0.01 -0.01  0.01  0.01  0.01 -0.02
  0.   -0.    0.01  0.29  0.32 -0.   -0.02  0.01  0.11  0.   -0.01 -0.14
  0.01 -0.    0.01  0.01  0.01 -0.    0.   -0.   -0.14 -0.22 -0.12 -0.
 -0.01 -0.   -0.    0.19  0.   -0.01  0.09  0.   -0.    0.   -0.18 -0.01
  0.    0.34 -0.   -0.   -0.    0.    0.    0.   -0.01 -0.01  0.13 -0.1
  0.2  -0.09 -0.    0.01 -0.   -0.    0.01 -0.    0.    0.16 -0.33]
orbital number 42 energy -2.968919746851807
[-0.13  0.3  -0.07 -0.22  0.22 -0.2  -0.14  0.3  -0.13  0.24 -0.19  0.23
  0.04 -0.13  0.12 -0.09  0.03  0.23  0.03 -0.26 -0.04 -0.03  0.04 -0.03
 -0.09 -0.23 -0.11  0.01 -0.25  0.   -0.07  0.01  0.03 -0.03  0.04  0.04
  0.11  0.08  0.04  0.03 -0.03  0.04 -0.04 -0.03  0.01 -0.07  0.06  0.05
 -0.04  0.05  0.04  0.05  0.07 -0.05 -0.07 -0.07  0.25 -0.1   0.03  0.03
  0.02  0.03  0.03 -0.09  0.03  0.04 -0.05  0.04 -0.06 -0.05 -0.04]
orbital number 43 energy 0.0
[ 0.21  0.02  0.02  0.02 -0.1  -0.   -0.06 -0.03  0.07 -0.01  0.03  0.01
  0.03 -0.04  0.05  0.04 -0.01  0.03 -0.27  0.02  0.08 -0.   -0.07  0.04
 -0.07  0.   -0.1   0.06 -0.   -0.21  0.01  0.   -0.01  0.04 -0.01  0.02
 -0.18 -0.01  0.71 -0.01 -0.12  0.02  0.08 -0.12  0.    0.01 -0.07  0.12
 -0.19 -0.04  0.03  0.03  0.19 -0.2  -0.05  0.02 -0.02 -0.03 -0.03 -0.04
 -0.02 -0.04  0.07  0.09  0.07  0.11 -0.06  0.11 -0.1   0.04  0.02]
orbital number 44 energy 0.04516110961801445
[-0.08  0.02  0.06 -0.02  0.04 -0.03 -0.17  0.   -0.01 -0.01 -0.02  0.
  0.05 -0.04  0.14  0.1  -0.02  0.07 -0.74 -0.01  0.21  0.01  0.02  0.12
  0.02 -0.02  0.03  0.17 -0.02  0.08 -0.01 -0.   -0.03  0.12 -0.03 -0.01
  0.07  0.01 -0.27 -0.02  0.05 -0.01  0.21  0.05 -0.   -0.01 -0.2  -0.04
  0.07 -0.11 -0.01 -0.01 -0.07  0.08  0.01  0.03  0.03 -0.07 -0.07 -0.12
 -0.07 -0.12 -0.03 -0.04 -0.03 -0.04  0.02 -0.04  0.04  0.1   0.06]
orbital number 45 energy 2.4188409146802243
[-0.   -0.01  0.    0.01 -0.15  0.12 -0.07 -0.12 -0.09 -0.08  0.16 -0.
  0.2  -0.19  0.01  0.01 -0.   -0.06  0.04 -0.04 -0.01  0.5   0.17 -0.01
  0.    0.06  0.    0.02 -0.11 -0.   -0.31 -0.2  -0.   -0.01 -0.   -0.
  0.    0.48  0.   -0.   -0.   -0.   -0.01 -0.   -0.21 -0.3   0.02  0.
 -0.    0.01 -0.   -0.    0.   -0.    0.    0.06  0.06 -0.01  0.    0.01
  0.    0.01  0.   -0.    0.    0.   -0.    0.   -0.   -0.01 -0.  ]
orbital number 46 energy 2.4456923491038234
[ 0.17  0.33  0.01 -0.18 -0.26 -0.14 -0.18 -0.3   0.31 -0.2   0.1   0.21
  0.06 -0.27  0.05  0.02 -0.    0.3   0.1   0.23 -0.04 -0.09 -0.11 -0.02
 -0.01  0.17 -0.03  0.05 -0.21 -0.04  0.06  0.03 -0.01 -0.02 -0.01  0.
 -0.03 -0.09 -0.13 -0.    0.03  0.01 -0.04  0.03  0.04  0.05  0.04 -0.03
  0.05  0.02  0.01  0.01 -0.05  0.05 -0.15  0.14 -0.01 -0.02  0.01  0.02
  0.01  0.02 -0.01  0.01 -0.01 -0.02  0.01 -0.02  0.02 -0.02 -0.01]
orbital number 47 energy 2.6571506958033657
[ 0.    0.    0.   -0.    0.   -0.01 -0.   -0.    0.01 -0.   -0.    0.
 -0.   -0.    0.    0.   -0.    0.01  0.    0.01 -0.   -0.   -0.01 -0.
 -0.    0.   -0.    0.    0.   -0.   -0.49  0.51 -0.   -0.   -0.    0.
 -0.   -0.   -0.   -0.    0.    0.   -0.    0.   -0.51  0.49  0.   -0.
  0.    0.    0.    0.   -0.    0.   -0.    0.   -0.   -0.    0.    0.
  0.    0.   -0.    0.   -0.   -0.    0.   -0.    0.   -0.   -0.  ]
orbital number 48 energy 2.714794333902102
[-0.07 -0.09  0.    0.06  0.4  -0.24 -0.07 -0.09  0.02 -0.08 -0.24 -0.08
 -0.3   0.01  0.03  0.01 -0.    0.41  0.03  0.33 -0.01  0.2  -0.29 -0.01
  0.01  0.06  0.01  0.02  0.32  0.02 -0.1  -0.09 -0.   -0.01 -0.   -0.
  0.01  0.19  0.04 -0.   -0.01 -0.   -0.01 -0.01 -0.08 -0.11  0.02  0.01
 -0.02  0.01 -0.   -0.    0.02 -0.02  0.05  0.05 -0.07 -0.01  0.    0.01
  0.    0.01  0.   -0.    0.    0.01 -0.    0.01 -0.01 -0.01 -0.  ]
orbital number 49 energy 3.2011355842905553
[ 0.3   0.15 -0.03 -0.18 -0.16  0.01  0.32  0.14  0.13  0.32 -0.01  0.29
 -0.26  0.11 -0.11 -0.06  0.01 -0.13 -0.1   0.12  0.06  0.15 -0.22  0.03
 -0.04 -0.18 -0.08 -0.15  0.08 -0.12 -0.06 -0.09  0.02  0.03  0.03  0.01
 -0.1   0.15 -0.11  0.01  0.04  0.02  0.06  0.04 -0.09 -0.06 -0.08 -0.05
  0.07 -0.04  0.03  0.03 -0.1   0.07 -0.17 -0.18 -0.16  0.04 -0.01 -0.02
 -0.01 -0.02 -0.02  0.04 -0.02 -0.03  0.02 -0.03  0.04  0.03  0.01]
orbital number 50 energy 3.555671758735298
[-0.21  0.02 -0.02  0.07 -0.18  0.18  0.19 -0.03  0.12  0.19 -0.18 -0.21
 -0.32 -0.14 -0.04 -0.06  0.01  0.19 -0.04  0.38  0.04 -0.01  0.35  0.02
  0.04 -0.03  0.09 -0.15 -0.39  0.12  0.    0.    0.03  0.02  0.03 -0.01
  0.08 -0.01  0.05  0.01 -0.03 -0.02  0.05 -0.03  0.    0.   -0.07  0.04
 -0.06 -0.03 -0.04 -0.04  0.1  -0.07  0.11 -0.12  0.01  0.01 -0.01 -0.02
 -0.01 -0.02  0.01 -0.03  0.01  0.02 -0.02  0.03 -0.04  0.03  0.01]
orbital number 51 energy 3.756066460774605
[ 0.02  0.05 -0.   -0.51 -0.   -0.05  0.01 -0.01  0.02  0.02  0.06 -0.1
  0.05  0.01  0.02 -0.01  0.   -0.04 -0.   -0.04  0.01  0.01 -0.08  0.
  0.    0.03  0.09 -0.04  0.05  0.56 -0.   -0.01  0.01  0.    0.01 -0.
 -0.44  0.01  0.01  0.   -0.   -0.    0.01 -0.   -0.01 -0.   -0.01  0.
 -0.05 -0.   -0.05 -0.04  0.1  -0.07  0.37 -0.03 -0.02 -0.01 -0.   -0.
 -0.   -0.    0.    0.16  0.    0.02 -0.    0.02 -0.04  0.    0.  ]
orbital number 52 energy 3.769592507626599
[ 0.    0.01  0.   -0.04 -0.04  0.05  0.03  0.05  0.02 -0.1  -0.05 -0.01
 -0.09  0.01 -0.45  0.07  0.    0.01  0.01  0.06 -0.04  0.01  0.04 -0.
 -0.   -0.52  0.01  0.55 -0.05  0.05 -0.   -0.01 -0.03 -0.   -0.03 -0.
 -0.04  0.01  0.   -0.    0.    0.   -0.04 -0.   -0.01 -0.    0.07 -0.
 -0.    0.   -0.   -0.    0.01 -0.01  0.03  0.37 -0.02  0.16  0.    0.01
  0.    0.01 -0.    0.01  0.    0.    0.    0.   -0.   -0.03 -0.  ]
orbital number 53 energy 3.8489439626768904
[ 0.    0.01  0.    0.03  0.   -0.01  0.   -0.    0.01  0.    0.02  0.01
  0.01  0.   -0.   -0.   -0.   -0.01  0.   -0.01  0.    0.   -0.02 -0.
 -0.2  -0.    0.19  0.    0.01 -0.04 -0.   -0.    0.   -0.    0.    0.05
  0.04  0.   -0.04 -0.    0.17  0.14  0.    0.07 -0.   -0.   -0.   -0.22
  0.34  0.   -0.47  0.3   0.19 -0.53 -0.04  0.   -0.01  0.    0.   -0.
  0.   -0.   -0.06 -0.02 -0.03 -0.12  0.08  0.19 -0.07  0.   -0.  ]
orbital number 54 energy 3.871017733046747
[ 0.    0.02  0.    0.03 -0.   -0.02  0.01 -0.    0.01  0.01  0.02  0.01
  0.01  0.   -0.01 -0.01 -0.   -0.01  0.   -0.01  0.    0.   -0.03 -0.
 -0.34 -0.01  0.27  0.    0.02 -0.04 -0.   -0.    0.   -0.    0.    0.05
  0.05  0.   -0.03 -0.    0.31  0.26  0.    0.08 -0.   -0.   -0.01 -0.37
 -0.42  0.    0.11 -0.37  0.3   0.12 -0.04  0.   -0.01  0.    0.   -0.
  0.   -0.   -0.11 -0.02 -0.03  0.15  0.13 -0.04 -0.11  0.   -0.  ]
orbital number 55 energy 3.886863587934224
[ 0.   -0.   -0.04 -0.   -0.    0.   -0.    0.    0.   -0.   -0.    0.
 -0.    0.    0.01  0.04  0.02 -0.   -0.01  0.   -0.53  0.    0.    0.02
 -0.    0.    0.   -0.   -0.    0.   -0.   -0.   -0.47  0.03  0.43  0.
 -0.    0.   -0.    0.02  0.    0.    0.49  0.   -0.   -0.    0.04 -0.
 -0.   -0.05  0.   -0.    0.    0.    0.   -0.   -0.   -0.   -0.01  0.19
 -0.01 -0.18 -0.    0.   -0.    0.    0.   -0.   -0.   -0.01  0.02]
orbital number 56 energy 3.9062738232564698
[ 0.01 -0.01 -0.37 -0.01 -0.02  0.04  0.    0.04  0.    0.01 -0.03  0.01
 -0.04  0.02  0.06  0.36  0.25 -0.   -0.08  0.02 -0.14  0.    0.02  0.13
 -0.01  0.04 -0.   -0.04 -0.02  0.   -0.   -0.   -0.12  0.31 -0.22 -0.
 -0.02  0.01  0.    0.09  0.02  0.02 -0.25 -0.   -0.   -0.    0.39 -0.02
  0.   -0.41  0.    0.   -0.    0.    0.   -0.05 -0.01 -0.02 -0.05  0.05
 -0.11  0.09 -0.01  0.01  0.   -0.    0.01 -0.    0.   -0.14  0.15]
orbital number 57 energy 3.9443222831191838
[ 0.   -0.02  0.01 -0.01  0.    0.02 -0.01  0.01 -0.01 -0.01 -0.02 -0.
 -0.01 -0.    0.01 -0.   -0.01  0.01  0.    0.01  0.   -0.    0.03 -0.
  0.08  0.01 -0.11  0.   -0.01  0.01  0.    0.    0.   -0.01  0.   -0.47
 -0.03 -0.    0.03 -0.    0.45  0.4   0.   -0.54  0.   -0.   -0.    0.08
  0.08  0.01  0.04  0.07 -0.12  0.04  0.02  0.    0.01 -0.    0.   -0.
  0.   -0.   -0.16  0.01  0.19 -0.03 -0.03 -0.01  0.04  0.   -0.  ]
orbital number 58 energy 3.9856022393480615
[ 0.01 -0.01 -0.04 -0.01 -0.01  0.02 -0.01  0.02 -0.   -0.   -0.02  0.01
 -0.02  0.01  0.02  0.09 -0.42  0.   -0.03  0.01 -0.04  0.    0.01  0.52
 -0.01  0.01 -0.01 -0.01 -0.01 -0.    0.   -0.   -0.04 -0.48 -0.05  0.01
 -0.01  0.    0.    0.46  0.    0.   -0.05  0.01 -0.    0.    0.1  -0.01
  0.   -0.04  0.    0.   -0.01  0.    0.   -0.01 -0.   -0.01 -0.19  0.01
  0.17  0.02 -0.    0.   -0.   -0.    0.   -0.    0.   -0.03  0.01]
orbital number 59 energy 4.0691097034784285
[-0.12  0.19 -0.19  0.08  0.03 -0.24  0.13 -0.15  0.1   0.13  0.24 -0.11
  0.17 -0.07 -0.15 -0.13  0.07 -0.06  0.07 -0.08  0.07  0.   -0.21  0.14
  0.24 -0.08  0.22 -0.03  0.08  0.01  0.   -0.01  0.07  0.06  0.06 -0.15
  0.2   0.01 -0.12  0.13 -0.08 -0.09  0.06 -0.16 -0.01  0.   -0.14  0.26
 -0.11 -0.21 -0.11 -0.12  0.24 -0.09 -0.07  0.02 -0.02  0.05 -0.05 -0.02
 -0.02 -0.02  0.03 -0.07  0.06  0.04 -0.09  0.03 -0.08  0.05  0.08]
orbital number 60 energy 4.162459080665959
[-0.03 -0.09 -0.29  0.01  0.08 -0.01 -0.01 -0.11 -0.06 -0.    0.01 -0.02
  0.08 -0.08 -0.09 -0.29  0.13  0.08  0.21  0.    0.12 -0.02  0.07  0.17
 -0.19 -0.   -0.21  0.01 -0.    0.02 -0.01  0.03  0.15  0.12  0.15  0.12
 -0.08 -0.04  0.16  0.17  0.07  0.09  0.12  0.11  0.03 -0.01 -0.31 -0.21
  0.1  -0.32  0.11  0.12 -0.23  0.08  0.08  0.08  0.07  0.03 -0.06 -0.04
 -0.04 -0.04 -0.02  0.03 -0.04 -0.03  0.07 -0.03  0.08  0.11  0.11]
orbital number 61 energy 4.3579977127869505
[ 0.23 -0.15 -0.13 -0.1  -0.07  0.26 -0.25  0.22 -0.11 -0.25 -0.26  0.23
 -0.15  0.16  0.16 -0.16  0.07  0.02  0.18  0.01  0.05  0.    0.11  0.05
  0.14  0.1   0.18  0.11 -0.01 -0.1   0.   -0.01  0.09  0.04  0.09 -0.09
 -0.1   0.02 -0.22  0.07 -0.05 -0.08  0.05 -0.06 -0.01  0.   -0.17  0.16
 -0.06 -0.14 -0.11 -0.11  0.21 -0.06 -0.08  0.06 -0.03 -0.05 -0.02 -0.02
 -0.01 -0.02  0.01  0.03  0.02  0.02 -0.05  0.02 -0.07  0.06  0.05]
orbital number 62 energy 4.717983939602247
[-0.22  0.33 -0.03  0.05 -0.19 -0.04 -0.18  0.31  0.26 -0.22 -0.01 -0.26
 -0.14  0.25  0.18 -0.05  0.02 -0.19  0.09 -0.07  0.01 -0.02 -0.15  0.01
 -0.05  0.04 -0.07  0.12 -0.06  0.13  0.09 -0.16  0.03  0.01  0.03  0.04
  0.19  0.19  0.14  0.02  0.01  0.03  0.01  0.01 -0.16  0.09 -0.06 -0.06
  0.01 -0.04  0.05  0.05 -0.09  0.01  0.01 -0.01 -0.24 -0.06 -0.   -0.
 -0.   -0.   -0.   -0.06 -0.   -0.    0.02 -0.    0.03  0.02  0.01]
orbital number 63 energy 5.225726187190851
[ 0.04 -0.14  0.    0.01  0.1  -0.04  0.04 -0.14  0.01  0.09 -0.04  0.09
  0.11  0.01 -0.08  0.01 -0.01  0.1  -0.03 -0.07  0.   -0.33  0.12  0.
  0.01  0.01  0.01 -0.06 -0.07 -0.06  0.36 -0.4  -0.01  0.   -0.01 -0.01
 -0.08  0.41 -0.03 -0.01  0.   -0.01  0.    0.   -0.4   0.36  0.01  0.01
  0.    0.01 -0.01 -0.01  0.02  0.    0.02  0.03  0.05  0.02 -0.   -0.
 -0.   -0.   -0.    0.02 -0.   -0.   -0.   -0.   -0.01 -0.   -0.  ]
orbital number 64 energy 5.95029914979451
[-0.07 -0.19  0.    0.11  0.26 -0.36  0.07  0.19  0.2  -0.19  0.37  0.18
 -0.18 -0.22  0.22  0.01  0.01 -0.28  0.04  0.18 -0.02 -0.    0.17 -0.01
 -0.   -0.11 -0.01  0.15 -0.17 -0.14  0.   -0.    0.03 -0.01  0.03 -0.02
 -0.2   0.   -0.05  0.01  0.01 -0.02 -0.02  0.01 -0.    0.   -0.03  0.02
  0.03 -0.02 -0.04 -0.04  0.04  0.03  0.14 -0.15  0.01 -0.06  0.    0.01
  0.    0.01 -0.    0.06 -0.   -0.01 -0.01 -0.01 -0.01  0.01  0.  ]
orbital number 65 energy 6.164716009583785
[ 0.11  0.08  0.01 -0.11 -0.11  0.17  0.11  0.07 -0.39 -0.15  0.15 -0.15
 -0.15 -0.38  0.17  0.03  0.01 -0.11  0.02  0.24 -0.03 -0.16 -0.16 -0.01
  0.01 -0.11  0.04  0.12  0.25  0.12  0.1  -0.07  0.04 -0.01  0.04  0.02
  0.18  0.05  0.03  0.01 -0.02  0.02 -0.03 -0.02 -0.06  0.1  -0.04 -0.02
 -0.05 -0.01  0.06  0.06 -0.06 -0.05 -0.15 -0.14  0.35 -0.05  0.    0.01
  0.    0.01  0.   -0.05  0.    0.01  0.01  0.01  0.02  0.01  0.  ]
orbital number 66 energy 6.323058124561612
[-0.03  0.05 -0.    0.01 -0.04  0.04  0.01 -0.   -0.06 -0.01 -0.   -0.02
 -0.01 -0.03  0.01  0.01 -0.    0.   -0.    0.02 -0.01 -0.02 -0.04  0.
  0.16 -0.01 -0.34  0.    0.04  0.01  0.01 -0.01  0.01  0.    0.01  0.19
  0.    0.    0.07 -0.   -0.19  0.19 -0.01 -0.19 -0.01  0.01 -0.01 -0.21
  0.35  0.   -0.35 -0.34  0.36  0.35  0.01 -0.01  0.04 -0.   -0.    0.
 -0.    0.    0.05 -0.    0.05 -0.1   0.06 -0.1  -0.1   0.   -0.  ]
orbital number 67 energy 6.342041196122885
[-0.   -0.   -0.12  0.   -0.    0.    0.03 -0.04  0.02  0.02 -0.04  0.
  0.03  0.05  0.    0.37 -0.14  0.04 -0.09 -0.04 -0.37  0.01  0.01  0.14
 -0.01 -0.01  0.01 -0.   -0.01 -0.   -0.01  0.    0.37  0.14  0.36 -0.01
 -0.   -0.   -0.   -0.14  0.01 -0.01 -0.37  0.01  0.   -0.01 -0.39  0.01
 -0.01  0.15  0.01  0.01 -0.01 -0.01  0.   -0.02 -0.03 -0.   -0.04  0.1
 -0.04  0.1  -0.    0.   -0.    0.   -0.    0.    0.    0.11 -0.04]
orbital number 68 energy 6.422690927408283
[ 0.08 -0.08 -0.   -0.04  0.07 -0.06 -0.    0.    0.07  0.    0.01  0.01
  0.01  0.03 -0.   -0.   -0.   -0.01  0.   -0.02  0.    0.02  0.06  0.
  0.35  0.    0.19 -0.   -0.06  0.02 -0.01  0.01 -0.    0.   -0.    0.34
  0.03 -0.   -0.12 -0.   -0.35  0.34  0.   -0.35  0.01 -0.01  0.   -0.36
 -0.18  0.    0.16  0.16 -0.17 -0.17 -0.05  0.   -0.05  0.   -0.   -0.
 -0.   -0.    0.09 -0.01  0.1   0.05  0.1   0.05  0.05 -0.   -0.  ]
orbital number 69 energy 6.455268015905553
[ 0.   -0.   -0.37 -0.    0.   -0.01 -0.06  0.06 -0.02  0.    0.04 -0.
 -0.04 -0.05 -0.03 -0.14 -0.37 -0.05  0.1   0.04  0.13 -0.01 -0.01  0.38
 -0.    0.04 -0.   -0.02  0.01  0.    0.01 -0.   -0.12  0.37 -0.12 -0.
  0.    0.    0.   -0.36  0.   -0.    0.13  0.   -0.    0.01  0.12  0.
  0.    0.38 -0.   -0.    0.    0.   -0.    0.04  0.03  0.01 -0.1  -0.04
 -0.1  -0.04 -0.   -0.   -0.   -0.   -0.   -0.   -0.   -0.03 -0.11]
orbital number 70 energy 6.663046211169759
[-0.18  0.12  0.04  0.13 -0.06  0.03 -0.4   0.28 -0.11  0.25  0.13  0.12
 -0.18 -0.17 -0.32  0.05  0.03 -0.18 -0.07  0.15 -0.04 -0.04 -0.09 -0.04
  0.03  0.28  0.03 -0.23  0.09 -0.11  0.02 -0.01  0.03 -0.04  0.03  0.02
 -0.15  0.01 -0.04  0.03 -0.02  0.02 -0.04 -0.02 -0.01  0.02 -0.03 -0.02
 -0.03 -0.03  0.02  0.02 -0.02 -0.03  0.15  0.33  0.12  0.09  0.01  0.01
  0.01  0.01  0.01  0.04  0.01  0.01  0.    0.01  0.01  0.01  0.01]
orbital number 71 energy 6.681537118600852
[ 0.4  -0.29  0.02 -0.27  0.19 -0.17 -0.19  0.14  0.13  0.12  0.12 -0.26
 -0.08 -0.03 -0.15  0.02  0.01 -0.11 -0.03  0.04 -0.02  0.01  0.17 -0.02
 -0.05  0.13 -0.07 -0.11 -0.12  0.23 -0.01  0.    0.01 -0.02  0.01 -0.04
  0.33 -0.    0.09  0.01  0.04 -0.04 -0.02  0.04  0.   -0.01 -0.01  0.03
  0.05 -0.01 -0.04 -0.04  0.04  0.05 -0.33  0.16 -0.04  0.04  0.    0.
  0.    0.   -0.01 -0.09 -0.01 -0.01 -0.01 -0.01 -0.01  0.    0.  ]

Orbital occupation numbers:
1: 2.000000
2: 2.000000
3: 2.000000
4: 2.000000
5: 2.000000
6: 2.000000
7: 2.000000
8: 2.000000
9: 2.000000
10: 2.000000
11: 2.000000
12: 2.000000
13: 2.000000
14: 2.000000
15: 2.000000
16: 2.000000
17: 2.000000
18: 2.000000
19: 2.000000
20: 2.000000
21: 2.000000
22: 2.000000
23: 2.000000
24: 2.000000
25: 2.000000
26: 2.000000
27: 2.000000
28: 2.000000
29: 2.000000
30: 2.000000
31: 2.000000
32: 2.000000
33: 2.000000
34: 2.000000
35: 2.000000
36: 2.000000
37: 2.000000
38: 2.000000
39: 2.000000
40: 2.000000
41: 2.000000
42: 2.000000
43: 1.000000
44: 1.000000
45: 0.000000
46: -0.000000
47: -0.000000
48: 0.000000
49: 0.000000
50: -0.000000
51: 0.000000
52: -0.000000
53: -0.000000
54: -0.000000
55: 0.000000
56: -0.000000
57: 0.000000
58: -0.000000
59: -0.000000
60: 0.000000
61: 0.000000
62: 0.000000
63: 0.000000
64: 0.000000
65: 0.000000
66: -0.000000
67: 0.000000
68: 0.000000
69: -0.000000
70: 0.000000
71: 0.000000

------------------------
Starting ExROPPP calculation for diradical in rotated basis
------------------------

Coulomb Matrix in MO basis, J_ij = (ii|jj):
 [[9.57702037 1.84193677 1.87109516 ... 1.09106422 2.31549923 2.11102652]
 [1.84193677 4.80877652 1.14836547 ... 0.72193324 1.56858258 3.30508362]
 [1.87109516 1.14836547 4.84378198 ... 1.77784591 3.32825003 1.67245876]
 ...
 [1.09106422 0.72193324 1.77784591 ... 3.41043531 1.39742002 0.86374626]
 [2.31549923 1.56858258 3.32825003 ... 1.39742002 2.81445632 1.84775934]
 [2.11102652 3.30508362 1.67245876 ... 0.86374626 1.84775934 2.81771659]]
Coulomb Matrix in MO basis, K_ij = (ij|ji):
 [[9.57702037e+00 6.30010977e-03 6.68142588e-03 ... 6.35749145e-03
  1.03663006e-01 2.41691703e-02]
 [6.30010977e-03 4.80877652e+00 1.45896547e-03 ... 1.62420162e-05
  7.82954137e-02 3.61250936e-01]
 [6.68142588e-03 1.45896547e-03 4.84378198e+00 ... 6.40907911e-03
  3.64631435e-01 8.25672092e-02]
 ...
 [6.35749145e-03 1.62420162e-05 6.40907911e-03 ... 3.41043531e+00
  5.63161242e-02 1.11938178e-02]
 [1.03663006e-01 7.82954137e-02 3.64631435e-01 ... 5.63161242e-02
  2.81445632e+00 7.07142479e-01]
 [2.41691703e-02 3.61250936e-01 8.25672092e-02 ... 1.11938178e-02
  7.07142479e-01 2.81771659e+00]]
Dimensions of CI matrix: (9577, 9577)
Checking that the Hamiltonian is symmetric (a value of zero means matrix is symmetric) ... 
Frobenius norm of matrix - matrix transpose = 0.000000.

Lowest 30 states. WARNING - Some states may not be included in the spectrum.

Diagonalizing Hamiltonian using the sparse matrix method ...

Calculating dipole moments ...

Permanent dipole moment of reference states:
             Open-Shell Singlet (|OS1>) = -0.043 x -0.611 y -0.742 z
             Zwitterion - (|ZW->) = -0.043 x -0.611 y -0.742 z
             Zwitterion + (|ZW+>) = -0.043 x -0.611 y -0.742 z
             Open-Shell Triplet (|OS3>) = -0.043 x -0.611 y -0.742 z

Checking that the Dipole matrix is symmetric (a value of zero means matrix is symmetric) ... 
Frobenius norm of matrix - matrix transpose = 0.00000             0.00000, 0.00000.

Energy of the lowest CI state: -313.9950904291355

State 0 0.000 eV 
Excitation    CI Coef
|1^OS>    0.70522
|1^ZW->    0.60825
|1^CS(18->0)>    0.05383
|1^CS(12->0)>    0.08829
|1^CS(9->0)>    0.09712
|1^CS(21->0')>   -0.05211
|1^CS(11->0')>    0.09642
|1^CS(10->0')>    0.09108
|1^CS(9->0')>    0.07030
|1^SV(0->5')>   -0.05441
|1^SV(0->16')>    0.06657
|1^SV(0'->2')>    0.07693
|1^SV(0'->17')>    0.07709
Ground state is singlet
TDMs with Triplet 'Ground' state
TDMX:-0.000   TDMY:0.000   TDMZ:0.000   Oscillator Strength:-0.00000   <S**2>: 0.000
--------------------------------------------------------------------
TDMs with Singlet 'Ground' state
TDMX:2.363   TDMY:4.170   TDMZ:-2.320   Oscillator Strength:0.00000   <S**2>: 0.000
--------------------------------------------------------------------


State 1 0.039 eV 
Excitation    CI Coef
|3^OS>   -0.93110
|3^CS(21->0)>    0.06216
|3^CS(12->0)>    0.06664
|3^CS(11->0)>   -0.08534
|3^CS(10->0)>   -0.08998
|3^CS(12->0')>   -0.05682
|3^CS(9->0')>   -0.10159
|3^SV(0->2')>    0.09263
|3^SV(0->15')>    0.05446
|3^SV(0->17')>    0.09138
|3^SV(0'->5')>    0.06543
|3^SV(0'->16')>   -0.09746
|3X^CV(9->16')>    0.05491
TDMs with Triplet 'Ground' state
TDMX:2.010   TDMY:4.291   TDMZ:-2.016   Oscillator Strength:0.00000   <S**2>: 2.000
--------------------------------------------------------------------
TDMs with Singlet 'Ground' state
TDMX:-0.000   TDMY:0.000   TDMZ:0.000   Oscillator Strength:0.00000   <S**2>: 2.000
--------------------------------------------------------------------


State 2 2.464 eV 
Excitation    CI Coef
|3^CS(22->0)>   -0.05366
|3^CS(21->0)>    0.05908
|3^CS(18->0)>    0.05184
|3^CS(12->0)>    0.09794
|3^CS(11->0)>   -0.05935
|3^CS(8->0)>    0.14890
|3^CS(1->0)>    0.26347
|3^CS(11->0')>    0.05613
|3^CS(8->0')>   -0.10254
|3^SV(0->2')>    0.28881
|3^SV(0->4')>   -0.11536
|3^SV(0->5')>    0.26185
|3^SV(0->6')>   -0.09709
|3^SV(0->17')>    0.06882
|3^SV(0->18')>   -0.06723
|3^SV(0'->1')>    0.05195
|3^SV(0'->2')>    0.27236
|3^SV(0'->6')>   -0.06728
|3^SV(0'->17')>    0.07585
|3X^CV(41->27')>    0.05151
|3X^CV(26->20')>    0.05431
|3X^CV(22->7')>    0.05656
|3X^CV(22->15')>    0.05919
|3X^CV(22->17')>   -0.05727
|3X^CV(21->6')>   -0.06519
|3X^CV(21->7')>   -0.05137
|3X^CV(21->18')>   -0.06661
|3X^CV(18->6')>   -0.07713
|3X^CV(13->4')>    0.12067
|3X^CV(13->5')>   -0.07565
|3X^CV(13->7')>    0.05547
|3X^CV(13->18')>   -0.07699
|3X^CV(12->6')>   -0.09820
|3X^CV(12->7')>    0.07096
|3X^CV(12->15')>   -0.05161
|3X^CV(11->1')>   -0.06337
|3X^CV(11->2')>   -0.05369
|3X^CV(11->4')>    0.20396
|3X^CV(11->5')>   -0.07793
|3X^CV(10->1')>    0.08840
|3X^CV(10->4')>   -0.12830
|3X^CV(10->5')>   -0.07907
|3X^CV(9->2')>    0.11760
|3X^CV(9->6')>    0.07556
|3X^CV(9->17')>   -0.05764
|3X^CV(8->2')>    0.06215
|3X^CV(8->4')>   -0.06250
|3X^CV(8->5')>    0.18838
|3X^CV(1->1')>    0.07533
|3X^CV(1->2')>    0.48723
|3X^CV(1->4')>   -0.05226
|3X^CV(1->5')>    0.06900
TDMs with Triplet 'Ground' state
TDMX:0.276   TDMY:1.191   TDMZ:0.031   Oscillator Strength:0.08886   <S**2>: 2.000
--------------------------------------------------------------------
TDMs with Singlet 'Ground' state
TDMX:0.000   TDMY:0.000   TDMZ:-0.000   Oscillator Strength:0.00000   <S**2>: 2.000
--------------------------------------------------------------------


State 3 2.495 eV 
Excitation    CI Coef
|1^ZW+>    0.08867
|1^CS(12->0)>   -0.05994
|1^CS(8->0)>   -0.07525
|1^CS(1->0)>   -0.28428
|1^CS(11->0')>   -0.07187
|1^CS(8->0')>    0.15260
|1^CS(1->0')>   -0.09229
|1^SV(0->2')>    0.07075
|1^SV(0->4')>   -0.07354
|1^SV(0->5')>    0.17035
|1^SV(0'->1')>   -0.07611
|1^SV(0'->2')>   -0.32089
|1^SV(0'->5')>    0.10250
|1^SV(0'->6')>    0.06744
|1^SV(0'->17')>   -0.05094
|1T^CV(26->20')>   -0.06333
|1T^CV(24->21')>    0.05015
|1T^CV(23->20')>    0.05653
|1T^CV(22->6')>    0.05812
|1T^CV(22->15')>   -0.06290
|1T^CV(22->17')>    0.05897
|1T^CV(21->8')>    0.05413
|1T^CV(21->18')>    0.07027
|1T^CV(20->6')>   -0.06629
|1T^CV(18->6')>    0.09244
|1T^CV(13->4')>   -0.13746
|1T^CV(13->5')>    0.08505
|1T^CV(13->8')>   -0.05453
|1T^CV(13->18')>    0.08866
|1T^CV(12->6')>    0.09939
|1T^CV(12->17')>   -0.05224
|1T^CV(11->1')>    0.05927
|1T^CV(11->4')>   -0.22888
|1T^CV(11->5')>    0.09203
|1T^CV(10->1')>   -0.10928
|1T^CV(10->4')>    0.15113
|1T^CV(10->5')>    0.09645
|1T^CV(9->2')>   -0.14840
|1T^CV(9->6')>   -0.08088
|1T^CV(9->17')>    0.05973
|1T^CV(8->1')>    0.05885
|1T^CV(8->4')>    0.06448
|1T^CV(8->5')>   -0.19475
|1T^CV(1->1')>   -0.09586
|1T^CV(1->2')>   -0.54079
|1T^CV(1->6')>   -0.05838
TDMs with Triplet 'Ground' state
TDMX:0.000   TDMY:0.000   TDMZ:-0.000   Oscillator Strength:0.00000   <S**2>: 0.000
--------------------------------------------------------------------
TDMs with Singlet 'Ground' state
TDMX:-0.817   TDMY:-1.431   TDMZ:0.891   Oscillator Strength:0.21452   <S**2>: 0.000
--------------------------------------------------------------------


State 4 2.640 eV 
Excitation    CI Coef
|5^CV(30->21')>    0.06157
|5^CV(26->20')>    0.07798
|5^CV(24->21')>   -0.05734
|5^CV(23->20')>   -0.06283
|5^CV(22->6')>   -0.08507
|5^CV(22->7')>    0.05220
|5^CV(22->15')>    0.07299
|5^CV(22->17')>   -0.07638
|5^CV(21->4')>    0.05289
|5^CV(21->6')>   -0.05882
|5^CV(21->8')>   -0.05420
|5^CV(21->18')>   -0.08261
|5^CV(20->2')>    0.05544
|5^CV(20->6')>    0.08234
|5^CV(18->6')>   -0.11061
|5^CV(16->6')>    0.05816
|5^CV(13->4')>    0.17562
|5^CV(13->5')>   -0.10166
|5^CV(13->8')>    0.05313
|5^CV(13->16')>    0.05548
|5^CV(13->18')>   -0.10445
|5^CV(12->2')>   -0.05333
|5^CV(12->6')>   -0.11855
|5^CV(12->7')>    0.06694
|5^CV(12->17')>    0.06688
|5^CV(11->1')>   -0.09122
|5^CV(11->4')>    0.29273
|5^CV(11->5')>   -0.08292
|5^CV(10->1')>    0.13957
|5^CV(10->4')>   -0.21213
|5^CV(10->5')>   -0.11136
|5^CV(9->2')>    0.18728
|5^CV(9->6')>    0.10512
|5^CV(8->1')>   -0.06804
|5^CV(8->4')>   -0.06608
|5^CV(8->5')>    0.21116
|5^CV(1->1')>    0.11615
|5^CV(1->2')>    0.67568
|5^CV(1->6')>    0.09118
TDMs with Triplet 'Ground' state
TDMX:-0.000   TDMY:-0.000   TDMZ:0.000   Oscillator Strength:0.00000   <S**2>: 6.000
--------------------------------------------------------------------
TDMs with Singlet 'Ground' state
TDMX:0.000   TDMY:-0.000   TDMZ:-0.000   Oscillator Strength:0.00000   <S**2>: 6.000
--------------------------------------------------------------------


State 5 2.643 eV 
Excitation    CI Coef
|3^OS>    0.07362
|3^CS(21->0)>    0.05624
|3^CS(12->0)>    0.05258
|3^CS(11->0)>   -0.06185
|3^CS(9->0)>   -0.07803
|3^CS(8->0)>    0.19118
|3^CS(1->0)>    0.06268
|3^CS(1->0')>   -0.15792
|3^SV(0->2')>    0.26998
|3^SV(0->4')>   -0.05840
|3^SV(0->5')>    0.10355
|3^SV(0->6')>   -0.13749
|3^SV(0->15')>   -0.06941
|3^SV(0->17')>    0.09216
|3^SV(0'->1')>   -0.10414
|3^SV(0'->2')>   -0.24579
|3^SV(0'->4')>   -0.15679
|3^SV(0'->5')>    0.32083
|3^SV(0'->6')>    0.06345
|3^SV(0'->17')>   -0.09770
|3^SV(0'->18')>   -0.07797
|3X^CV(40->26')>   -0.05741
|3X^CV(22->4')>    0.06114
|3X^CV(21->6')>   -0.06605
|3X^CV(21->7')>   -0.05431
|3X^CV(21->8')>    0.05685
|3X^CV(21->17')>    0.06321
|3X^CV(18->5')>    0.10099
|3X^CV(18->6')>    0.05595
|3X^CV(18->8')>   -0.07256
|3X^CV(16->8')>    0.06484
|3X^CV(13->2')>   -0.13108
|3X^CV(13->4')>   -0.05754
|3X^CV(13->7')>    0.06395
|3X^CV(13->8')>   -0.07884
|3X^CV(12->2')>    0.06118
|3X^CV(12->5')>    0.11686
|3X^CV(12->8')>    0.06505
|3X^CV(12->18')>   -0.06825
|3X^CV(11->2')>   -0.16419
|3X^CV(11->4')>   -0.08679
|3X^CV(11->15')>    0.06232
|3X^CV(11->17')>   -0.06010
|3X^CV(10->1')>   -0.06212
|3X^CV(10->2')>   -0.05217
|3X^CV(10->4')>    0.08091
|3X^CV(10->6')>    0.08116
|3X^CV(9->2')>   -0.07626
|3X^CV(9->4')>   -0.06712
|3X^CV(9->18')>    0.06507
|3X^CV(8->1')>    0.06247
|3X^CV(8->2')>    0.23583
|3X^CV(8->5')>   -0.06995
|3X^CV(8->6')>   -0.08324
|3X^CV(8->17')>    0.09810
|3X^CV(1->1')>   -0.06446
|3X^CV(1->2')>   -0.22816
|3X^CV(1->4')>   -0.24222
|3X^CV(1->5')>    0.24318
|3X^CV(1->16')>   -0.05222
TDMs with Triplet 'Ground' state
TDMX:1.058   TDMY:2.300   TDMZ:-0.923   Oscillator Strength:0.46339   <S**2>: 2.000
--------------------------------------------------------------------
TDMs with Singlet 'Ground' state
TDMX:0.000   TDMY:0.000   TDMZ:0.000   Oscillator Strength:0.00000   <S**2>: 2.000
--------------------------------------------------------------------


State 6 2.670 eV 
Excitation    CI Coef
|1^ZW->    0.05029
|1^ZW+>   -0.06769
|1^CS(21->0)>    0.06734
|1^CS(13->0)>   -0.05068
|1^CS(12->0)>    0.06679
|1^CS(11->0)>   -0.09933
|1^CS(8->0)>    0.24925
|1^CS(1->0)>    0.17692
|1^CS(18->0')>   -0.05894
|1^CS(12->0')>   -0.07497
|1^CS(11->0')>   -0.05424
|1^CS(9->0')>    0.06443
|1^CS(8->0')>    0.07088
|1^CS(1->0')>   -0.19537
|1^SV(0->1')>   -0.08346
|1^SV(0->2')>   -0.35603
|1^SV(0->5')>    0.08335
|1^SV(0->6')>    0.13183
|1^SV(0->15')>    0.08494
|1^SV(0->17')>   -0.08443
|1^SV(0'->1')>   -0.06730
|1^SV(0'->2')>   -0.09825
|1^SV(0'->4')>   -0.14752
|1^SV(0'->5')>    0.29338
|1^SV(0'->6')>    0.07911
|1^SV(0'->15')>    0.06541
|1^SV(0'->18')>   -0.05425
|1T^CV(40->26')>   -0.05023
|1T^CV(23->5')>    0.05073
|1T^CV(22->4')>    0.05311
|1T^CV(21->6')>   -0.09489
|1T^CV(18->5')>    0.09835
|1T^CV(18->8')>   -0.07378
|1T^CV(16->8')>    0.06206
|1T^CV(13->2')>   -0.13910
|1T^CV(13->7')>    0.05668
|1T^CV(13->8')>   -0.07873
|1T^CV(12->5')>    0.10619
|1T^CV(12->8')>    0.05486
|1T^CV(12->18')>   -0.05844
|1T^CV(11->1')>   -0.06427
|1T^CV(11->2')>   -0.18950
|1T^CV(11->4')>    0.05016
|1T^CV(11->5')>    0.05055
|1T^CV(11->15')>    0.07047
|1T^CV(10->2')>   -0.08492
|1T^CV(10->6')>    0.08180
|1T^CV(9->4')>   -0.07022
|1T^CV(9->18')>    0.07112
|1T^CV(8->2')>    0.22744
|1T^CV(8->6')>   -0.07629
|1T^CV(8->17')>    0.11051
|1T^CV(7->9')>   -0.06007
|1T^CV(6->11')>   -0.07950
|1T^CV(1->2')>    0.09711
|1T^CV(1->4')>   -0.24327
|1T^CV(1->5')>    0.23492
|1T^CV(1->16')>   -0.05990
TDMs with Triplet 'Ground' state
TDMX:0.000   TDMY:0.000   TDMZ:-0.000   Oscillator Strength:0.00000   <S**2>: 0.000
--------------------------------------------------------------------
TDMs with Singlet 'Ground' state
TDMX:0.021   TDMY:-0.631   TDMZ:-0.394   Oscillator Strength:0.03624   <S**2>: 0.000
--------------------------------------------------------------------


State 7 2.802 eV 
Excitation    CI Coef
|3^OS>    0.08925
|3^CS(21->0)>    0.06372
|3^CS(18->0)>    0.07053
|3^CS(17->0)>    0.08925
|3^CS(12->0)>    0.11405
|3^CS(11->0)>   -0.13452
|3^CS(10->0)>   -0.16573
|3^CS(9->0)>    0.22996
|3^CS(8->0)>   -0.21949
|3^CS(3->0)>   -0.27805
|3^CS(1->0)>   -0.08054
|3^CS(12->0')>   -0.06656
|3^CS(11->0')>    0.08393
|3^CS(10->0')>    0.08526
|3^CS(9->0')>   -0.18333
|3^CS(8->0')>    0.16861
|3^CS(3->0')>    0.09933
|3^SV(0->2')>    0.07145
|3^SV(0->6')>    0.05100
|3^SV(0->7')>    0.07323
|3^SV(0->9')>    0.16753
|3^SV(0->10')>    0.21893
|3^SV(0->13')>   -0.08952
|3^SV(0->15')>    0.16322
|3^SV(0->16')>   -0.16451
|3^SV(0->17')>    0.16618
|3^SV(0->18')>   -0.05943
|3^SV(0->22')>   -0.05876
|3^SV(0'->9')>    0.05891
|3^SV(0'->10')>    0.07532
|3^SV(0'->15')>    0.05813
|3^SV(0'->16')>   -0.07145
|3X^CV(39->22')>   -0.06891
|3X^CV(17->22')>   -0.09334
|3X^CV(12->10')>    0.06188
|3X^CV(11->10')>   -0.05622
|3X^CV(10->9')>   -0.05051
|3X^CV(10->10')>   -0.07684
|3X^CV(10->15')>   -0.06077
|3X^CV(9->9')>    0.06900
|3X^CV(9->10')>    0.10447
|3X^CV(9->15')>    0.06239
|3X^CV(9->16')>   -0.09020
|3X^CV(8->2')>    0.09273
|3X^CV(8->6')>   -0.05698
|3X^CV(8->9')>   -0.05115
|3X^CV(8->10')>   -0.12112
|3X^CV(8->15')>   -0.08456
|3X^CV(8->16')>    0.06523
|3X^CV(7->9')>    0.31754
|3X^CV(7->10')>   -0.18300
|3X^CV(3->5')>    0.05411
|3X^CV(3->9')>   -0.08827
|3X^CV(3->10')>   -0.07841
|3X^CV(3->15')>   -0.11117
|3X^CV(3->16')>    0.10412
|3X^CV(3->17')>   -0.08517
|3X^CV(1->2')>    0.05478
|3X^CV(1->4')>   -0.08487
|3X^CV(1->5')>    0.07556
TDMs with Triplet 'Ground' state
TDMX:1.279   TDMY:3.147   TDMZ:-0.452   Oscillator Strength:0.79514   <S**2>: 2.000
--------------------------------------------------------------------
TDMs with Singlet 'Ground' state
TDMX:-0.000   TDMY:-0.000   TDMZ:-0.000   Oscillator Strength:0.00000   <S**2>: 2.000
--------------------------------------------------------------------


State 8 2.811 eV 
Excitation    CI Coef
|1^CS(17->0)>    0.05381
|1^CS(15->0)>   -0.07937
|1^CS(11->0)>   -0.06381
|1^CS(10->0)>   -0.07824
|1^CS(9->0)>    0.12038
|1^CS(8->0)>   -0.11595
|1^CS(5->0)>   -0.06762
|1^CS(3->0)>   -0.50496
|1^CS(8->0')>    0.06939
|1^CS(3->0')>    0.19914
|1^SV(0->7')>   -0.06110
|1^SV(0->9')>   -0.22713
|1^SV(0->10')>   -0.29738
|1^SV(0->13')>    0.07772
|1^SV(0'->9')>    0.08298
|1^SV(0'->10')>    0.10960
|1T^CV(39->22')>   -0.05484
|1T^CV(37->24')>    0.05745
|1T^CV(17->22')>   -0.07736
|1T^CV(15->24')>   -0.10824
|1T^CV(12->10')>    0.07537
|1T^CV(11->10')>   -0.06715
|1T^CV(10->9')>   -0.06081
|1T^CV(10->10')>   -0.08999
|1T^CV(9->9')>    0.08486
|1T^CV(9->10')>    0.12479
|1T^CV(8->9')>   -0.06589
|1T^CV(8->10')>   -0.12561
|1T^CV(7->9')>    0.23855
|1T^CV(7->10')>   -0.10981
|1T^CV(5->10')>   -0.05393
|1T^CV(5->13')>   -0.27240
|1T^CV(3->2')>    0.05444
|1T^CV(3->5')>    0.06977
|1T^CV(3->6')>   -0.06148
|1T^CV(3->9')>    0.06100
|1T^CV(3->10')>    0.15181
|1T^CV(3->15')>   -0.20844
|1T^CV(3->16')>    0.18055
|1T^CV(3->17')>   -0.13416
|1T^CV(1->10')>   -0.07055
|1^CSD_(9,3)>   -0.07049
TDMs with Triplet 'Ground' state
TDMX:0.000   TDMY:0.000   TDMZ:-0.000   Oscillator Strength:0.00000   <S**2>: 0.000
--------------------------------------------------------------------
TDMs with Singlet 'Ground' state
TDMX:0.565   TDMY:0.679   TDMZ:0.677   Oscillator Strength:0.08529   <S**2>: 0.000
--------------------------------------------------------------------


State 9 2.834 eV 
Excitation    CI Coef
|1^ZW+>   -0.05834
|1^CS(11->0)>   -0.07868
|1^CS(10->0)>   -0.07011
|1^CS(9->0)>   -0.09192
|1^CS(2->0)>   -0.10470
|1^CS(18->0')>   -0.07720
|1^CS(17->0')>    0.06359
|1^CS(16->0')>   -0.06629
|1^CS(12->0')>   -0.07511
|1^CS(11->0')>   -0.13813
|1^CS(10->0')>   -0.13746
|1^CS(9->0')>   -0.25883
|1^CS(8->0')>   -0.16137
|1^CS(2->0')>   -0.29526
|1^SV(0->2')>   -0.05362
|1^SV(0->12')>    0.14508
|1^SV(0->15')>   -0.06678
|1^SV(0->16')>   -0.13201
|1^SV(0->17')>   -0.11431
|1^SV(0'->6')>   -0.05785
|1^SV(0'->8')>    0.06156
|1^SV(0'->12')>    0.36457
|1^SV(0'->14')>    0.07579
|1^SV(0'->15')>   -0.07788
|1^SV(0'->16')>   -0.21759
|1^SV(0'->17')>   -0.10647
|1^SV(0'->23')>    0.06769
|1T^CV(38->23')>   -0.07868
|1T^CV(17->23')>   -0.06710
|1T^CV(16->23')>    0.10385
|1T^CV(11->12')>    0.08840
|1T^CV(11->16')>   -0.05165
|1T^CV(10->12')>    0.09796
|1T^CV(10->16')>   -0.05728
|1T^CV(9->5')>   -0.05147
|1T^CV(9->12')>    0.19106
|1T^CV(9->16')>   -0.10144
|1T^CV(8->2')>    0.07824
|1T^CV(8->12')>    0.13293
|1T^CV(8->16')>   -0.07587
|1T^CV(6->11')>    0.36571
|1T^CV(4->14')>   -0.09030
|1T^CV(2->12')>    0.07851
|1T^CV(2->15')>   -0.09099
|1T^CV(2->16')>   -0.16943
|1T^CV(2->17')>   -0.08565
|1T^CV(1->2')>   -0.08340
|1T^CV(1->4')>   -0.09249
|1T^CV(1->5')>    0.06369
|1T^CV(1->12')>   -0.06286
TDMs with Triplet 'Ground' state
TDMX:-0.000   TDMY:-0.000   TDMZ:0.000   Oscillator Strength:0.00000   <S**2>: 0.000
--------------------------------------------------------------------
TDMs with Singlet 'Ground' state
TDMX:-0.766   TDMY:-1.050   TDMZ:0.306   Oscillator Strength:0.12377   <S**2>: 0.000
--------------------------------------------------------------------


State 10 2.898 eV 
Excitation    CI Coef
|5^CV(41->27')>   -0.05525
|5^CV(40->26')>    0.05843
|5^CV(30->20')>    0.05756
|5^CV(26->18')>    0.05661
|5^CV(24->6')>   -0.06479
|5^CV(24->20')>   -0.05131
|5^CV(23->5')>   -0.06060
|5^CV(22->4')>   -0.10044
|5^CV(22->7')>   -0.05125
|5^CV(22->18')>   -0.05999
|5^CV(21->4')>   -0.05030
|5^CV(21->6')>    0.12461
|5^CV(21->7')>    0.07451
|5^CV(21->8')>   -0.05151
|5^CV(21->17')>   -0.07583
|5^CV(20->1')>   -0.05134
|5^CV(20->4')>    0.07409
|5^CV(18->5')>   -0.13086
|5^CV(18->8')>    0.08597
|5^CV(17->7')>   -0.05214
|5^CV(16->5')>    0.07391
|5^CV(16->8')>   -0.07857
|5^CV(13->2')>    0.23550
|5^CV(13->6')>    0.06341
|5^CV(13->7')>   -0.10448
|5^CV(13->8')>    0.10270
|5^CV(13->20')>   -0.05083
|5^CV(12->4')>   -0.06811
|5^CV(12->5')>   -0.13914
|5^CV(12->7')>   -0.10178
|5^CV(12->8')>   -0.08363
|5^CV(12->18')>    0.10132
|5^CV(11->1')>    0.06295
|5^CV(11->2')>    0.26076
|5^CV(11->6')>    0.07770
|5^CV(11->8')>   -0.05032
|5^CV(11->15')>   -0.06502
|5^CV(11->17')>    0.10529
|5^CV(10->2')>    0.06796
|5^CV(10->6')>   -0.12906
|5^CV(9->4')>    0.14815
|5^CV(9->18')>   -0.07325
|5^CV(8->1')>   -0.06014
|5^CV(8->2')>   -0.35042
|5^CV(8->6')>    0.11367
|5^CV(8->15')>    0.05808
|5^CV(8->17')>   -0.09904
|5^CV(1->4')>    0.46966
|5^CV(1->5')>   -0.34587
|5^CV(1->16')>    0.06887
TDMs with Triplet 'Ground' state
TDMX:-0.000   TDMY:-0.000   TDMZ:0.000   Oscillator Strength:0.00000   <S**2>: 6.000
--------------------------------------------------------------------
TDMs with Singlet 'Ground' state
TDMX:0.000   TDMY:0.000   TDMZ:-0.000   Oscillator Strength:0.00000   <S**2>: 6.000
--------------------------------------------------------------------


State 11 2.911 eV 
Excitation    CI Coef
|3^CS(3->0)>    0.09082
|3^CS(2->0)>   -0.10109
|3^CS(9->0')>   -0.09049
|3^CS(2->0')>   -0.30127
|3^SV(0->10')>   -0.05050
|3^SV(0->12')>   -0.13525
|3^SV(0->16')>    0.06979
|3^SV(0'->6')>   -0.05372
|3^SV(0'->8')>    0.06694
|3^SV(0'->12')>    0.40361
|3^SV(0'->14')>    0.09121
|3^SV(0'->15')>   -0.09852
|3^SV(0'->16')>   -0.23591
|3^SV(0'->17')>   -0.14971
|3^SV(0'->23')>    0.07909
|3S^CV(6->11')>    0.06043
|3X^CV(38->23')>   -0.08565
|3X^CV(31->11')>   -0.05031
|3X^CV(17->23')>   -0.07376
|3X^CV(16->23')>    0.11210
|3X^CV(14->25')>    0.06661
|3X^CV(12->12')>    0.05014
|3X^CV(11->12')>    0.10943
|3X^CV(10->12')>    0.11509
|3X^CV(9->12')>    0.22954
|3X^CV(9->16')>   -0.10998
|3X^CV(9->17')>   -0.06057
|3X^CV(8->12')>    0.15424
|3X^CV(8->16')>   -0.07963
|3X^CV(6->11')>    0.41869
|3X^CV(5->13')>    0.08046
|3X^CV(4->14')>   -0.14430
|3X^CV(3->10')>   -0.05155
|3X^CV(2->5')>   -0.05344
|3X^CV(2->14')>    0.05096
|3X^CV(2->15')>   -0.12464
|3X^CV(2->16')>   -0.22608
|3X^CV(2->17')>   -0.10899
|3X^CV(1->12')>   -0.07494
TDMs with Triplet 'Ground' state
TDMX:0.201   TDMY:0.812   TDMZ:-0.142   Oscillator Strength:0.05061   <S**2>: 2.000
--------------------------------------------------------------------
TDMs with Singlet 'Ground' state
TDMX:-0.000   TDMY:-0.000   TDMZ:0.000   Oscillator Strength:0.00000   <S**2>: 2.000
--------------------------------------------------------------------


State 12 2.939 eV 
Excitation    CI Coef
|1^ZW+>    0.06057
|1^CS(11->0)>    0.06102
|1^CS(10->0)>    0.06391
|1^CS(2->0)>   -0.09895
|1^CS(14->0')>    0.07740
|1^CS(11->0')>    0.07198
|1^CS(10->0')>    0.07102
|1^CS(9->0')>    0.16273
|1^CS(8->0')>    0.07511
|1^CS(2->0')>   -0.28875
|1^SV(0->12')>    0.06122
|1^SV(0->15')>    0.12400
|1^SV(0->16')>    0.12129
|1^SV(0->17')>    0.09795
|1^SV(0'->12')>    0.18980
|1^SV(0'->15')>    0.12351
|1^SV(0'->16')>    0.24668
|1^SV(0'->17')>    0.08065
|1^SV(0'->25')>    0.05940
|1T^CV(36->25')>    0.09046
|1T^CV(14->23')>    0.06872
|1T^CV(14->25')>    0.16170
|1T^CV(9->12')>    0.08528
|1T^CV(9->15')>    0.05113
|1T^CV(9->16')>    0.10320
|1T^CV(8->16')>    0.05131
|1T^CV(6->11')>   -0.05253
|1T^CV(4->14')>   -0.48115
|1T^CV(2->11')>   -0.05066
|1T^CV(2->12')>   -0.41456
|1T^CV(2->15')>   -0.17567
|1T^CV(2->16')>   -0.25545
|1T^CV(2->17')>   -0.10375
|1T^CV(1->4')>    0.06110
TDMs with Triplet 'Ground' state
TDMX:0.000   TDMY:0.000   TDMZ:-0.000   Oscillator Strength:0.00000   <S**2>: 0.000
--------------------------------------------------------------------
TDMs with Singlet 'Ground' state
TDMX:0.396   TDMY:0.883   TDMZ:-0.519   Oscillator Strength:0.08681   <S**2>: 0.000
--------------------------------------------------------------------


State 13 2.941 eV 
Excitation    CI Coef
|3^CS(15->0)>   -0.08420
|3^CS(11->0)>    0.05277
|3^CS(10->0)>    0.06737
|3^CS(9->0)>   -0.13187
|3^CS(8->0)>    0.10226
|3^CS(3->0)>   -0.34643
|3^CS(1->0)>    0.07339
|3^CS(9->0')>    0.06160
|3^CS(8->0')>   -0.10008
|3^CS(3->0')>    0.11919
|3^SV(0->5')>    0.06486
|3^SV(0->9')>    0.12905
|3^SV(0->10')>    0.18745
|3^SV(0->15')>   -0.13963
|3^SV(0->16')>    0.12801
|3^SV(0->17')>   -0.07264
|3^SV(0'->5')>   -0.05519
|3^SV(0'->6')>   -0.06186
|3^SV(0'->10')>    0.06418
|3^SV(0'->12')>    0.07803
|3^SV(0'->15')>   -0.08774
|3X^CV(37->24')>    0.08091
|3X^CV(28->13')>    0.05539
|3X^CV(15->22')>   -0.08003
|3X^CV(15->24')>   -0.14361
|3X^CV(12->2')>    0.05561
|3X^CV(11->4')>   -0.05618
|3X^CV(10->4')>    0.05816
|3X^CV(10->10')>   -0.05689
|3X^CV(9->10')>    0.07655
|3X^CV(9->15')>   -0.06119
|3X^CV(8->10')>   -0.06129
|3X^CV(8->16')>   -0.05028
|3X^CV(6->11')>    0.07929
|3X^CV(5->10')>   -0.07344
|3X^CV(5->13')>   -0.45704
|3X^CV(5->15')>   -0.05736
|3X^CV(3->9')>    0.21031
|3X^CV(3->10')>    0.34593
|3X^CV(3->15')>   -0.20646
|3X^CV(3->16')>    0.16613
|3X^CV(3->17')>   -0.11673
|3X^CV(1->2')>   -0.07934
|3X^CV(1->4')>    0.05534
|3X^CV(1->6')>   -0.05219
|3X^CV(1->10')>   -0.05415
|3X^CV(1->17')>    0.05677
TDMs with Triplet 'Ground' state
TDMX:-0.468   TDMY:-1.138   TDMZ:0.401   Oscillator Strength:0.11922   <S**2>: 2.000
--------------------------------------------------------------------
TDMs with Singlet 'Ground' state
TDMX:0.000   TDMY:0.000   TDMZ:-0.000   Oscillator Strength:0.00000   <S**2>: 2.000
--------------------------------------------------------------------


State 14 2.960 eV 
Excitation    CI Coef
|3^CS(22->0)>   -0.08481
|3^CS(21->0)>    0.07008
|3^CS(18->0)>    0.06755
|3^CS(12->0)>    0.17432
|3^CS(10->0)>   -0.05344
|3^CS(3->0)>    0.06547
|3^CS(21->0')>   -0.06821
|3^CS(11->0')>    0.09266
|3^CS(10->0')>    0.07515
|3^SV(0->2')>    0.08231
|3^SV(0->4')>   -0.08136
|3^SV(0->5')>    0.25227
|3^SV(0->6')>   -0.08500
|3^SV(0->7')>   -0.05504
|3^SV(0->16')>   -0.08778
|3^SV(0->17')>    0.09378
|3^SV(0->18')>   -0.13810
|3^SV(0'->1')>    0.08555
|3^SV(0'->2')>    0.26915
|3^SV(0'->4')>    0.06633
|3^SV(0'->5')>   -0.18734
|3^SV(0'->6')>   -0.18141
|3^SV(0'->8')>    0.05830
|3^SV(0'->16')>    0.05006
|3^SV(0'->17')>    0.20178
|3^SV(0'->18')>    0.05496
|3T^CV(1->2')>   -0.06297
|3X^CV(30->5')>   -0.06048
|3X^CV(30->21')>   -0.05090
|3X^CV(26->20')>   -0.05926
|3X^CV(22->6')>    0.12757
|3X^CV(21->4')>   -0.07773
|3X^CV(21->5')>    0.08691
|3X^CV(21->6')>    0.05885
|3X^CV(20->2')>   -0.05847
|3X^CV(20->6')>   -0.05405
|3X^CV(18->2')>    0.05187
|3X^CV(18->8')>    0.06356
|3X^CV(13->4')>   -0.13294
|3X^CV(13->8')>    0.06325
|3X^CV(13->18')>    0.06994
|3X^CV(12->2')>    0.18174
|3X^CV(11->1')>    0.11960
|3X^CV(11->2')>    0.08006
|3X^CV(11->4')>   -0.20552
|3X^CV(11->5')>   -0.07597
|3X^CV(11->18')>    0.05183
|3X^CV(10->1')>   -0.09869
|3X^CV(10->2')>    0.06933
|3X^CV(10->4')>    0.21241
|3X^CV(9->2')>   -0.18830
|3X^CV(9->6')>   -0.05116
|3X^CV(8->5')>    0.09637
|3X^CV(8->18')>   -0.09804
|3X^CV(5->13')>    0.10187
|3X^CV(3->9')>   -0.05128
|3X^CV(3->10')>   -0.08060
|3X^CV(1->2')>   -0.27710
|3X^CV(1->6')>   -0.21533
|3X^CV(1->15')>   -0.07992
|3X^CV(1->17')>    0.09793
TDMs with Triplet 'Ground' state
TDMX:0.061   TDMY:1.221   TDMZ:0.550   Oscillator Strength:0.12857   <S**2>: 2.000
--------------------------------------------------------------------
TDMs with Singlet 'Ground' state
TDMX:0.000   TDMY:0.000   TDMZ:-0.000   Oscillator Strength:0.00000   <S**2>: 2.000
--------------------------------------------------------------------


State 15 2.961 eV 
Excitation    CI Coef
|1^OS>   -0.06029
|1^ZW->    0.09979
|1^ZW+>   -0.08475
|1^CS(17->0)>    0.08838
|1^CS(15->0)>    0.05129
|1^CS(12->0)>   -0.05714
|1^CS(11->0)>   -0.06496
|1^CS(10->0)>   -0.11654
|1^CS(9->0)>    0.21490
|1^CS(8->0)>   -0.28721
|1^CS(7->0)>    0.05969
|1^CS(3->0)>    0.10829
|1^CS(1->0)>   -0.17129
|1^CS(21->0')>    0.06144
|1^CS(18->0')>   -0.05215
|1^CS(11->0')>   -0.05640
|1^CS(9->0')>   -0.07783
|1^CS(8->0')>    0.12393
|1^CS(1->0')>    0.10559
|1^SV(0->1')>   -0.07165
|1^SV(0->2')>   -0.18203
|1^SV(0->4')>   -0.12051
|1^SV(0->5')>    0.25249
|1^SV(0->15')>   -0.07991
|1^SV(0->17')>   -0.10560
|1^SV(0->18')>   -0.07429
|1^SV(0'->2')>   -0.08500
|1^SV(0'->5')>    0.08065
|1^SV(0'->6')>    0.12901
|1^SV(0'->15')>    0.08240
|1^SV(0'->16')>   -0.05014
|1^SV(0'->17')>   -0.08419
|1^SV(0'->18')>   -0.05733
|1T^CV(22->6')>   -0.09858
|1T^CV(21->5')>   -0.09037
|1T^CV(20->2')>    0.05280
|1T^CV(18->2')>   -0.05361
|1T^CV(15->24')>    0.05596
|1T^CV(13->2')>    0.07129
|1T^CV(13->4')>    0.08811
|1T^CV(13->7')>   -0.06705
|1T^CV(12->2')>   -0.15246
|1T^CV(12->4')>   -0.05379
|1T^CV(12->7')>   -0.05288
|1T^CV(12->15')>    0.06837
|1T^CV(11->1')>   -0.07109
|1T^CV(11->4')>    0.10714
|1T^CV(11->5')>    0.08891
|1T^CV(10->1')>    0.05976
|1T^CV(10->2')>   -0.05496
|1T^CV(10->4')>   -0.16370
|1T^CV(9->2')>    0.13405
|1T^CV(9->4')>    0.07517
|1T^CV(8->5')>   -0.08517
|1T^CV(8->18')>    0.09991
|1T^CV(7->9')>    0.09594
|1T^CV(7->10')>   -0.06563
|1T^CV(5->13')>    0.19514
|1T^CV(3->9')>   -0.12350
|1T^CV(3->10')>   -0.17409
|1T^CV(3->15')>    0.06040
|1T^CV(1->2')>    0.19643
|1T^CV(1->4')>    0.17280
|1T^CV(1->6')>    0.16224
|1T^CV(1->16')>    0.05352
|1T^CV(1->17')>   -0.11684
TDMs with Triplet 'Ground' state
TDMX:0.000   TDMY:0.000   TDMZ:0.000   Oscillator Strength:0.00000   <S**2>: 0.000
--------------------------------------------------------------------
TDMs with Singlet 'Ground' state
TDMX:-0.654   TDMY:-0.925   TDMZ:0.801   Oscillator Strength:0.13975   <S**2>: 0.000
--------------------------------------------------------------------


State 16 3.008 eV 
Excitation    CI Coef
|3^CS(2->0)>    0.07988
|3^CS(9->0')>   -0.07691
|3^CS(2->0')>    0.23441
|3^SV(0->15')>    0.05795
|3^SV(0->16')>    0.08831
|3^SV(0'->5')>   -0.05297
|3^SV(0'->12')>   -0.06169
|3^SV(0'->15')>   -0.17153
|3^SV(0'->16')>   -0.27819
|3^SV(0'->17')>   -0.13157
|3^SV(0'->25')>   -0.06395
|3X^CV(36->25')>   -0.09168
|3X^CV(14->23')>   -0.08155
|3X^CV(14->25')>   -0.16168
|3X^CV(11->16')>   -0.06277
|3X^CV(10->16')>   -0.06404
|3X^CV(9->15')>   -0.07817
|3X^CV(9->16')>   -0.13415
|3X^CV(9->17')>   -0.06061
|3X^CV(8->15')>   -0.05056
|3X^CV(8->16')>   -0.08119
|3X^CV(6->11')>    0.17335
|3X^CV(4->12')>   -0.05301
|3X^CV(4->14')>    0.51407
|3X^CV(2->11')>    0.05685
|3X^CV(2->12')>    0.46516
|3X^CV(2->15')>    0.16943
|3X^CV(2->16')>    0.24037
|3X^CV(2->17')>    0.09513
|3X^CV(1->16')>    0.05531
TDMs with Triplet 'Ground' state
TDMX:0.141   TDMY:0.941   TDMZ:-0.327   Oscillator Strength:0.07366   <S**2>: 2.000
--------------------------------------------------------------------
TDMs with Singlet 'Ground' state
TDMX:-0.000   TDMY:-0.000   TDMZ:-0.000   Oscillator Strength:0.00000   <S**2>: 2.000
--------------------------------------------------------------------


State 17 3.053 eV 
Excitation    CI Coef
|1^ZW->    0.10462
|1^CS(18->0)>   -0.07618
|1^CS(17->0)>   -0.06904
|1^CS(12->0)>   -0.11131
|1^CS(11->0)>    0.09828
|1^CS(10->0)>    0.09692
|1^CS(9->0)>   -0.20038
|1^CS(8->0)>    0.14030
|1^CS(7->0)>   -0.11401
|1^CS(3->0)>   -0.05945
|1^CS(1->0)>    0.07628
|1^CS(21->0')>    0.05344
|1^CS(11->0')>   -0.08297
|1^CS(10->0')>   -0.09807
|1^CS(8->0')>   -0.08786
|1^SV(0->2')>   -0.12554
|1^SV(0->4')>   -0.14530
|1^SV(0->5')>    0.10743
|1^SV(0->6')>    0.09028
|1^SV(0->7')>    0.09927
|1^SV(0->15')>    0.12007
|1^SV(0->16')>   -0.11030
|1^SV(0->18')>   -0.06153
|1^SV(0'->1')>   -0.08038
|1^SV(0'->2')>   -0.06056
|1^SV(0'->4')>    0.11590
|1^SV(0'->5')>    0.08082
|1^SV(0'->15')>   -0.05278
|1^SV(0'->17')>   -0.11401
|1T^CV(22->4')>   -0.06259
|1T^CV(21->2')>    0.08312
|1T^CV(20->4')>    0.07796
|1T^CV(15->22')>   -0.06293
|1T^CV(15->24')>   -0.06750
|1T^CV(13->2')>    0.14600
|1T^CV(13->6')>    0.09563
|1T^CV(12->4')>   -0.11270
|1T^CV(11->2')>    0.07592
|1T^CV(11->6')>    0.13105
|1T^CV(10->2')>   -0.08092
|1T^CV(10->4')>   -0.06109
|1T^CV(10->6')>   -0.06229
|1T^CV(10->15')>    0.07010
|1T^CV(9->2')>    0.06649
|1T^CV(9->4')>    0.16480
|1T^CV(9->15')>   -0.08388
|1T^CV(9->17')>   -0.05012
|1T^CV(8->2')>   -0.07169
|1T^CV(8->5')>   -0.06336
|1T^CV(8->16')>   -0.07199
|1T^CV(8->17')>    0.05113
|1T^CV(7->9')>   -0.18210
|1T^CV(7->10')>    0.09955
|1T^CV(5->13')>   -0.25742
|1T^CV(4->14')>    0.07300
|1T^CV(3->9')>    0.17623
|1T^CV(3->10')>    0.22594
|1T^CV(3->15')>   -0.05945
|1T^CV(2->12')>    0.07055
|1T^CV(1->1')>   -0.11570
|1T^CV(1->4')>    0.39763
|1T^CV(1->6')>    0.05472
|1T^CV(1->15')>    0.05052
|1T^CV(1->18')>   -0.09185
TDMs with Triplet 'Ground' state
TDMX:0.000   TDMY:0.000   TDMZ:-0.000   Oscillator Strength:0.00000   <S**2>: 0.000
--------------------------------------------------------------------
TDMs with Singlet 'Ground' state
TDMX:-0.856   TDMY:-1.637   TDMZ:0.382   Oscillator Strength:0.26607   <S**2>: 0.000
--------------------------------------------------------------------


State 18 3.086 eV 
Excitation    CI Coef
|5^CV(36->25')>   -0.09713
|5^CV(25->14')>    0.05112
|5^CV(14->23')>   -0.09090
|5^CV(14->25')>   -0.17490
|5^CV(11->16')>   -0.08489
|5^CV(10->16')>   -0.08874
|5^CV(9->15')>   -0.10289
|5^CV(9->16')>   -0.15571
|5^CV(9->17')>   -0.08041
|5^CV(8->15')>   -0.05285
|5^CV(8->16')>   -0.10399
|5^CV(6->11')>    0.28678
|5^CV(4->12')>   -0.06746
|5^CV(4->14')>    0.62528
|5^CV(4->15')>    0.05645
|5^CV(2->11')>    0.06180
|5^CV(2->12')>    0.48622
|5^CV(2->15')>    0.16397
|5^CV(2->16')>    0.23047
|5^CV(2->17')>    0.08923
|5^CV(1->16')>    0.05802
TDMs with Triplet 'Ground' state
TDMX:0.000   TDMY:0.000   TDMZ:-0.000   Oscillator Strength:0.00000   <S**2>: 6.000
--------------------------------------------------------------------
TDMs with Singlet 'Ground' state
TDMX:-0.000   TDMY:-0.000   TDMZ:0.000   Oscillator Strength:0.00000   <S**2>: 6.000
--------------------------------------------------------------------


State 19 3.102 eV 
Excitation    CI Coef
|5^CV(37->22')>   -0.05602
|5^CV(37->24')>   -0.09292
|5^CV(28->13')>   -0.07040
|5^CV(17->24')>    0.05396
|5^CV(15->22')>    0.11150
|5^CV(15->24')>    0.16304
|5^CV(12->16')>   -0.05327
|5^CV(12->17')>    0.05577
|5^CV(11->15')>   -0.06162
|5^CV(10->15')>   -0.06798
|5^CV(10->16')>    0.06115
|5^CV(9->15')>    0.09698
|5^CV(9->16')>   -0.07963
|5^CV(9->17')>    0.05974
|5^CV(8->5')>    0.05934
|5^CV(8->15')>   -0.08412
|5^CV(8->16')>    0.07116
|5^CV(8->17')>   -0.05068
|5^CV(7->9')>    0.18133
|5^CV(7->10')>   -0.14964
|5^CV(5->10')>    0.10622
|5^CV(5->13')>    0.62958
|5^CV(5->15')>    0.06541
|5^CV(4->14')>    0.05573
|5^CV(3->9')>   -0.27962
|5^CV(3->10')>   -0.42693
|5^CV(3->15')>    0.19329
|5^CV(3->16')>   -0.15100
|5^CV(3->17')>    0.10443
|5^CV(1->6')>   -0.05385
|5^CV(1->15')>   -0.06428
TDMs with Triplet 'Ground' state
TDMX:-0.000   TDMY:-0.000   TDMZ:0.000   Oscillator Strength:0.00000   <S**2>: 6.000
--------------------------------------------------------------------
TDMs with Singlet 'Ground' state
TDMX:0.000   TDMY:0.000   TDMZ:-0.000   Oscillator Strength:0.00000   <S**2>: 6.000
--------------------------------------------------------------------


State 20 3.104 eV 
Excitation    CI Coef
|3^OS>    0.05888
|3^CS(21->0)>    0.06847
|3^CS(12->0)>    0.05125
|3^SV(0->1')>   -0.06411
|3^SV(0->2')>    0.13125
|3^SV(0->4')>    0.10995
|3^SV(0->5')>    0.05631
|3^SV(0->6')>   -0.10807
|3^SV(0->17')>    0.08644
|3^SV(0->18')>   -0.05163
|3^SV(0'->1')>   -0.14857
|3^SV(0'->2')>   -0.08431
|3^SV(0'->4')>    0.11556
|3^SV(0'->5')>    0.17415
|3^SV(0'->6')>    0.05496
|3^SV(0'->18')>   -0.08199
|3X^CV(30->6')>    0.05501
|3X^CV(30->20')>    0.05475
|3X^CV(26->5')>    0.06692
|3X^CV(24->6')>   -0.05442
|3X^CV(22->1')>    0.05880
|3X^CV(22->4')>   -0.07649
|3X^CV(22->5')>   -0.06197
|3X^CV(21->2')>    0.11571
|3X^CV(21->4')>   -0.06129
|3X^CV(20->1')>    0.05601
|3X^CV(20->4')>    0.13997
|3X^CV(19->3')>   -0.10089
|3X^CV(18->2')>   -0.05190
|3X^CV(18->4')>   -0.06182
|3X^CV(17->2')>   -0.05354
|3X^CV(13->2')>    0.19217
|3X^CV(13->6')>    0.14660
|3X^CV(12->1')>    0.05732
|3X^CV(12->4')>   -0.16871
|3X^CV(11->2')>    0.12737
|3X^CV(11->4')>   -0.06187
|3X^CV(11->6')>    0.18738
|3X^CV(10->2')>   -0.09329
|3X^CV(10->4')>   -0.05910
|3X^CV(10->6')>   -0.11003
|3X^CV(9->1')>   -0.10938
|3X^CV(9->4')>    0.24589
|3X^CV(8->6')>   -0.08049
|3X^CV(1->1')>   -0.26712
|3X^CV(1->4')>    0.55471
|3X^CV(1->5')>    0.05810
|3X^CV(1->18')>   -0.11586
TDMs with Triplet 'Ground' state
TDMX:0.838   TDMY:1.810   TDMZ:-0.625   Oscillator Strength:0.32804   <S**2>: 2.000
--------------------------------------------------------------------
TDMs with Singlet 'Ground' state
TDMX:0.000   TDMY:0.000   TDMZ:-0.000   Oscillator Strength:0.00000   <S**2>: 2.000
--------------------------------------------------------------------


State 21 3.114 eV 
Excitation    CI Coef
|5^CV(38->23')>   -0.09896
|5^CV(31->11')>   -0.06681
|5^CV(18->23')>    0.06423
|5^CV(17->23')>   -0.09313
|5^CV(16->23')>    0.13861
|5^CV(14->25')>    0.09638
|5^CV(12->12')>    0.05482
|5^CV(11->12')>    0.12577
|5^CV(11->16')>   -0.05833
|5^CV(10->12')>    0.13082
|5^CV(10->16')>   -0.06061
|5^CV(9->12')>    0.25892
|5^CV(9->14')>    0.05538
|5^CV(9->16')>   -0.12594
|5^CV(9->17')>   -0.06808
|5^CV(8->5')>   -0.05884
|5^CV(8->12')>    0.16900
|5^CV(8->16')>   -0.08555
|5^CV(6->11')>    0.69324
|5^CV(6->12')>   -0.07491
|5^CV(5->13')>    0.06246
|5^CV(4->12')>    0.05882
|5^CV(4->14')>   -0.27000
|5^CV(2->5')>   -0.05742
|5^CV(2->14')>    0.06643
|5^CV(2->15')>   -0.14667
|5^CV(2->16')>   -0.26153
|5^CV(2->17')>   -0.12415
|5^CV(1->4')>    0.05697
|5^CV(1->12')>   -0.08067
TDMs with Triplet 'Ground' state
TDMX:-0.000   TDMY:-0.000   TDMZ:0.000   Oscillator Strength:0.00000   <S**2>: 6.000
--------------------------------------------------------------------
TDMs with Singlet 'Ground' state
TDMX:-0.000   TDMY:-0.000   TDMZ:0.000   Oscillator Strength:0.00000   <S**2>: 6.000
--------------------------------------------------------------------


State 22 3.124 eV 
Excitation    CI Coef
|1^CS(8->0)>   -0.11087
|1^CS(7->0)>   -0.70121
|1^CS(7->0')>    0.27856
|1^SV(0->9')>    0.28240
|1^SV(0->10')>   -0.18259
|1^SV(0'->9')>   -0.10573
|1^SV(0'->10')>    0.06869
|1T^CV(20->1')>   -0.06084
|1T^CV(19->3')>    0.08392
|1T^CV(18->9')>   -0.05354
|1T^CV(17->9')>   -0.09744
|1T^CV(17->10')>    0.05506
|1T^CV(9->4')>   -0.05169
|1T^CV(9->9')>   -0.05567
|1T^CV(8->9')>    0.05982
|1T^CV(8->10')>   -0.06234
|1T^CV(7->5')>    0.05900
|1T^CV(7->6')>   -0.06235
|1T^CV(7->7')>   -0.06320
|1T^CV(7->9')>   -0.09871
|1T^CV(7->10')>   -0.16203
|1T^CV(7->13')>    0.05928
|1T^CV(7->15')>   -0.12946
|1T^CV(7->16')>    0.12749
|1T^CV(7->17')>   -0.09986
|1T^CV(7->22')>    0.09781
|1T^CV(7->24')>   -0.06045
|1T^CV(3->9')>    0.09627
|1T^CV(1->1')>    0.09676
|1T^CV(1->4')>   -0.11836
|1^CSD_(18,7)>   -0.05300
|1^CSD_(12,7)>   -0.05367
|1^CSD_(11,7)>   -0.05529
|1^CSD_(9,7)>   -0.10202
TDMs with Triplet 'Ground' state
TDMX:-0.000   TDMY:-0.000   TDMZ:0.000   Oscillator Strength:0.00000   <S**2>: 0.000
--------------------------------------------------------------------
TDMs with Singlet 'Ground' state
TDMX:-0.593   TDMY:-0.159   TDMZ:0.390   Oscillator Strength:0.04053   <S**2>: 0.000
--------------------------------------------------------------------


State 23 3.137 eV 
Excitation    CI Coef
|5^CV(39->22')>   -0.09384
|5^CV(33->9')>   -0.05051
|5^CV(33->10')>    0.05197
|5^CV(18->22')>   -0.06674
|5^CV(17->22')>   -0.13390
|5^CV(17->24')>    0.05075
|5^CV(16->22')>   -0.06582
|5^CV(15->24')>   -0.08677
|5^CV(12->7')>    0.05532
|5^CV(12->9')>    0.05604
|5^CV(12->10')>    0.08635
|5^CV(12->17')>    0.06011
|5^CV(11->9')>   -0.05479
|5^CV(11->10')>   -0.08360
|5^CV(10->9')>   -0.07064
|5^CV(10->10')>   -0.10883
|5^CV(10->15')>   -0.05024
|5^CV(10->17')>   -0.05317
|5^CV(9->9')>    0.09672
|5^CV(9->10')>    0.15059
|5^CV(9->13')>   -0.05490
|5^CV(9->15')>    0.07375
|5^CV(9->16')>   -0.08328
|5^CV(9->17')>    0.05061
|5^CV(8->5')>    0.08837
|5^CV(8->6')>   -0.05491
|5^CV(8->9')>   -0.05272
|5^CV(8->10')>   -0.17263
|5^CV(8->13')>    0.05558
|5^CV(8->15')>   -0.08839
|5^CV(8->16')>    0.07018
|5^CV(8->17')>   -0.06381
|5^CV(7->9')>    0.61838
|5^CV(7->10')>   -0.35542
|5^CV(6->11')>    0.05118
|5^CV(5->10')>   -0.06080
|5^CV(5->13')>   -0.22175
|5^CV(3->5')>    0.07039
|5^CV(3->6')>   -0.07113
|5^CV(3->7')>   -0.05572
|5^CV(3->9')>   -0.05918
|5^CV(3->13')>    0.06918
|5^CV(3->15')>   -0.19273
|5^CV(3->16')>    0.17202
|5^CV(3->17')>   -0.13344
|5^CV(1->4')>    0.06128
|5^CV(1->6')>   -0.07447
|5^CV(1->10')>   -0.07252
TDMs with Triplet 'Ground' state
TDMX:0.000   TDMY:-0.000   TDMZ:-0.000   Oscillator Strength:0.00000   <S**2>: 6.000
--------------------------------------------------------------------
TDMs with Singlet 'Ground' state
TDMX:-0.000   TDMY:-0.000   TDMZ:0.000   Oscillator Strength:0.00000   <S**2>: 6.000
--------------------------------------------------------------------


State 24 3.140 eV 
Excitation    CI Coef
|1^CS(12->0)>    0.07523
|1^CS(10->0)>   -0.05506
|1^CS(7->0)>   -0.15346
|1^CS(7->0')>    0.05936
|1^SV(0->1')>    0.09264
|1^SV(0->9')>    0.05250
|1^SV(0'->1')>   -0.11192
|1T^CV(35->18')>   -0.05872
|1T^CV(35->19')>   -0.18708
|1T^CV(26->19')>    0.05174
|1T^CV(22->1')>    0.10851
|1T^CV(21->1')>   -0.05235
|1T^CV(20->1')>    0.44844
|1T^CV(20->2')>   -0.08369
|1T^CV(20->4')>    0.17975
|1T^CV(20->5')>    0.11709
|1T^CV(19->3')>   -0.56968
|1T^CV(18->1')>    0.16517
|1T^CV(18->4')>    0.05155
|1T^CV(16->1')>   -0.05921
|1T^CV(12->1')>    0.12193
|1T^CV(11->1')>    0.06331
|1T^CV(9->1')>   -0.16164
|1T^CV(7->10')>   -0.07373
|1T^CV(5->13')>    0.07168
|1T^CV(3->10')>   -0.07453
|1T^CV(1->1')>   -0.32840
|1T^CV(1->4')>    0.08410
TDMs with Triplet 'Ground' state
TDMX:-0.000   TDMY:-0.000   TDMZ:0.000   Oscillator Strength:0.00000   <S**2>: 0.000
--------------------------------------------------------------------
TDMs with Singlet 'Ground' state
TDMX:0.207   TDMY:0.506   TDMZ:-0.159   Oscillator Strength:0.02490   <S**2>: 0.000
--------------------------------------------------------------------


State 25 3.149 eV 
Excitation    CI Coef
|3^SV(0'->5')>   -0.05757
|3X^CV(35->1')>    0.05347
|3X^CV(35->18')>   -0.06635
|3X^CV(35->19')>   -0.20406
|3X^CV(26->19')>    0.06512
|3X^CV(22->1')>    0.10527
|3X^CV(22->4')>    0.06927
|3X^CV(22->5')>    0.05210
|3X^CV(21->1')>   -0.07266
|3X^CV(20->1')>    0.50475
|3X^CV(20->2')>   -0.09848
|3X^CV(20->4')>    0.15513
|3X^CV(20->5')>    0.12755
|3X^CV(20->18')>    0.06030
|3X^CV(19->3')>   -0.62927
|3X^CV(18->1')>    0.17724
|3X^CV(18->4')>    0.08349
|3X^CV(16->1')>   -0.05979
|3X^CV(13->2')>   -0.05470
|3X^CV(12->1')>    0.11596
|3X^CV(12->4')>    0.06878
|3X^CV(9->1')>   -0.12712
|3X^CV(9->4')>   -0.07647
|3X^CV(1->1')>   -0.23588
|3X^CV(1->4')>   -0.14221
TDMs with Triplet 'Ground' state
TDMX:-0.255   TDMY:-0.568   TDMZ:0.185   Oscillator Strength:0.03216   <S**2>: 2.000
--------------------------------------------------------------------
TDMs with Singlet 'Ground' state
TDMX:0.000   TDMY:0.000   TDMZ:-0.000   Oscillator Strength:0.00000   <S**2>: 2.000
--------------------------------------------------------------------


State 26 3.150 eV 
Excitation    CI Coef
|5^CV(35->1')>   -0.05209
|5^CV(35->18')>    0.06422
|5^CV(35->19')>    0.20417
|5^CV(26->19')>   -0.05542
|5^CV(22->1')>   -0.12191
|5^CV(21->1')>    0.05214
|5^CV(20->1')>   -0.49026
|5^CV(20->2')>    0.07747
|5^CV(20->4')>   -0.20022
|5^CV(20->5')>   -0.12197
|5^CV(20->18')>   -0.05495
|5^CV(19->3')>    0.62468
|5^CV(18->1')>   -0.18194
|5^CV(18->5')>   -0.05136
|5^CV(16->1')>    0.06154
|5^CV(12->1')>   -0.13047
|5^CV(9->1')>    0.15195
|5^CV(1->1')>    0.31766
|5^CV(1->4')>   -0.06848
TDMs with Triplet 'Ground' state
TDMX:0.000   TDMY:0.000   TDMZ:-0.000   Oscillator Strength:0.00000   <S**2>: 6.000
--------------------------------------------------------------------
TDMs with Singlet 'Ground' state
TDMX:0.000   TDMY:0.000   TDMZ:-0.000   Oscillator Strength:0.00000   <S**2>: 6.000
--------------------------------------------------------------------


State 27 3.173 eV 
Excitation    CI Coef
|1^ZW+>    0.12706
|1^CS(22->0)>    0.10747
|1^CS(21->0)>   -0.12876
|1^CS(18->0)>   -0.07619
|1^CS(12->0)>   -0.26085
|1^CS(11->0)>    0.09360
|1^CS(10->0)>    0.12671
|1^CS(9->0)>   -0.06124
|1^CS(8->0)>   -0.06573
|1^CS(7->0)>    0.11873
|1^CS(1->0)>   -0.09481
|1^CS(12->0')>    0.07483
|1^CS(11->0')>   -0.05266
|1^SV(0->2')>    0.11870
|1^SV(0->4')>    0.07975
|1^SV(0->6')>   -0.07809
|1^SV(0->7')>    0.07693
|1^SV(0->16')>   -0.05226
|1^SV(0->17')>    0.11886
|1^SV(0->18')>   -0.07679
|1^SV(0'->2')>   -0.07252
|1^SV(0'->4')>   -0.09761
|1^SV(0'->5')>   -0.07862
|1^SV(0'->17')>   -0.09100
|1^SV(0'->18')>    0.05053
|1T^CV(35->19')>   -0.07845
|1T^CV(22->4')>    0.05273
|1T^CV(22->5')>    0.05023
|1T^CV(22->6')>   -0.07296
|1T^CV(21->2')>   -0.06697
|1T^CV(21->4')>    0.06119
|1T^CV(21->7')>    0.05014
|1T^CV(20->1')>    0.21464
|1T^CV(19->3')>   -0.25015
|1T^CV(18->1')>    0.05771
|1T^CV(13->2')>   -0.09128
|1T^CV(13->4')>    0.06925
|1T^CV(13->6')>   -0.07638
|1T^CV(13->7')>   -0.06761
|1T^CV(12->2')>   -0.10451
|1T^CV(12->4')>    0.09378
|1T^CV(12->7')>   -0.10047
|1T^CV(12->17')>   -0.05727
|1T^CV(11->1')>   -0.07180
|1T^CV(11->2')>   -0.09275
|1T^CV(11->4')>    0.16387
|1T^CV(11->6')>   -0.11152
|1T^CV(10->1')>    0.07250
|1T^CV(10->4')>   -0.09566
|1T^CV(10->6')>    0.05843
|1T^CV(9->2')>    0.10294
|1T^CV(9->4')>   -0.15964
|1T^CV(9->15')>   -0.06691
|1T^CV(8->2')>   -0.05211
|1T^CV(8->5')>   -0.11577
|1T^CV(8->6')>    0.08537
|1T^CV(8->15')>    0.06587
|1T^CV(8->16')>   -0.05207
|1T^CV(8->18')>    0.06452
|1T^CV(7->9')>   -0.10351
|1T^CV(7->10')>    0.11028
|1T^CV(5->13')>   -0.15876
|1T^CV(3->9')>    0.08549
|1T^CV(3->10')>    0.14695
|1T^CV(1->1')>    0.05920
|1T^CV(1->2')>    0.05102
|1T^CV(1->4')>   -0.31918
|1T^CV(1->5')>   -0.10046
|1T^CV(1->6')>    0.15738
|1T^CV(1->15')>    0.06795
|1T^CV(1->17')>   -0.05048
|1T^CV(1->18')>    0.07173
TDMs with Triplet 'Ground' state
TDMX:-0.000   TDMY:-0.000   TDMZ:-0.000   Oscillator Strength:0.00000   <S**2>: 0.000
--------------------------------------------------------------------
TDMs with Singlet 'Ground' state
TDMX:-0.761   TDMY:-1.391   TDMZ:0.565   Oscillator Strength:0.22014   <S**2>: 0.000
--------------------------------------------------------------------


State 28 3.194 eV 
Excitation    CI Coef
|5^CV(40->20')>   -0.05129
|5^CV(40->26')>    0.07490
|5^CV(30->5')>   -0.05292
|5^CV(24->26')>    0.06541
|5^CV(23->2')>    0.05107
|5^CV(23->26')>    0.05977
|5^CV(23->27')>    0.05225
|5^CV(22->4')>    0.06295
|5^CV(22->6')>    0.13192
|5^CV(21->5')>    0.12694
|5^CV(21->8')>   -0.10623
|5^CV(20->1')>    0.09407
|5^CV(20->2')>   -0.08471
|5^CV(20->5')>    0.05693
|5^CV(20->8')>   -0.05710
|5^CV(19->3')>   -0.11962
|5^CV(18->2')>    0.11427
|5^CV(18->4')>    0.08330
|5^CV(18->5')>   -0.05511
|5^CV(18->7')>   -0.05168
|5^CV(18->8')>    0.15717
|5^CV(18->17')>    0.07429
|5^CV(16->2')>   -0.06632
|5^CV(16->7')>    0.05030
|5^CV(16->8')>   -0.13096
|5^CV(13->2')>   -0.07067
|5^CV(13->4')>   -0.08026
|5^CV(13->6')>   -0.09079
|5^CV(13->7')>    0.05975
|5^CV(13->8')>    0.16928
|5^CV(12->2')>    0.21019
|5^CV(12->4')>    0.13348
|5^CV(12->7')>    0.06600
|5^CV(12->8')>   -0.11208
|5^CV(12->15')>   -0.08725
|5^CV(12->17')>    0.07947
|5^CV(11->1')>    0.10540
|5^CV(11->4')>   -0.09108
|5^CV(11->5')>   -0.17796
|5^CV(11->6')>   -0.10533
|5^CV(11->8')>   -0.14263
|5^CV(11->17')>    0.05026
|5^CV(11->18')>    0.07103
|5^CV(10->1')>   -0.06318
|5^CV(10->2')>    0.12217
|5^CV(10->4')>    0.22741
|5^CV(10->6')>    0.05277
|5^CV(9->2')>   -0.12474
|5^CV(9->4')>   -0.13417
|5^CV(9->17')>   -0.05532
|5^CV(8->2')>   -0.08456
|5^CV(8->4')>   -0.08907
|5^CV(8->5')>    0.23051
|5^CV(8->6')>    0.06755
|5^CV(8->8')>    0.09668
|5^CV(8->17')>   -0.07508
|5^CV(8->18')>   -0.13023
|5^CV(7->9')>   -0.09044
|5^CV(7->10')>    0.05529
|5^CV(6->11')>    0.13601
|5^CV(1->1')>    0.11490
|5^CV(1->2')>    0.05235
|5^CV(1->4')>   -0.25848
|5^CV(1->5')>   -0.17119
|5^CV(1->6')>   -0.23428
|5^CV(1->8')>   -0.08256
|5^CV(1->15')>   -0.06120
|5^CV(1->17')>    0.16399
|5^CV(1->18')>    0.06670
TDMs with Triplet 'Ground' state
TDMX:-0.000   TDMY:-0.000   TDMZ:-0.000   Oscillator Strength:0.00000   <S**2>: 6.000
--------------------------------------------------------------------
TDMs with Singlet 'Ground' state
TDMX:-0.000   TDMY:-0.000   TDMZ:0.000   Oscillator Strength:0.00000   <S**2>: 6.000
--------------------------------------------------------------------


State 29 3.217 eV 
Excitation    CI Coef
|3^CS(8->0)>   -0.11653
|3^CS(7->0)>   -0.72171
|3^CS(1->0)>   -0.05749
|3^CS(8->0')>    0.09915
|3^CS(7->0')>    0.25698
|3^SV(0->2')>    0.05693
|3^SV(0->9')>   -0.30894
|3^SV(0->10')>    0.18502
|3^SV(0'->9')>   -0.11100
|3^SV(0'->10')>    0.06864
|3T^CV(7->10')>   -0.06204
|3T^CV(7->15')>   -0.05675
|3T^CV(7->16')>    0.05698
|3T^CV(7->17')>   -0.05169
|3X^CV(17->9')>   -0.09087
|3X^CV(9->9')>   -0.06169
|3X^CV(8->9')>    0.06444
|3X^CV(8->10')>   -0.05432
|3X^CV(7->5')>    0.06243
|3X^CV(7->6')>   -0.06042
|3X^CV(7->7')>   -0.06336
|3X^CV(7->9')>   -0.13815
|3X^CV(7->10')>   -0.12998
|3X^CV(7->13')>    0.05580
|3X^CV(7->15')>   -0.12592
|3X^CV(7->16')>    0.11946
|3X^CV(7->17')>   -0.09800
|3X^CV(7->22')>    0.08628
|3X^CV(7->24')>   -0.05350
|3X^CV(3->9')>    0.11864
|3^CSD(9,7)>    0.07989
TDMs with Triplet 'Ground' state
TDMX:-0.158   TDMY:0.459   TDMZ:0.342   Oscillator Strength:0.02740   <S**2>: 2.000
--------------------------------------------------------------------
TDMs with Singlet 'Ground' state
TDMX:-0.000   TDMY:0.000   TDMZ:-0.000   Oscillator Strength:0.00000   <S**2>: 2.000
--------------------------------------------------------------------

Wall clock time: 60.8244 seconds
