                    ---------------------------------
                    | Radical ExROPPP Calculation |
                    ---------------------------------

Molecule: ./pseudo-p-PCP-TTM2.xyz radical

--------------------------------
Cartesian Coordinates / Angstrom
--------------------------------

C   -2.12722902325167      0.55872936659253     -0.19199355489529
C   -1.49532885059882      1.78912627746494     -0.06118274131149
C   -0.21685619116572      2.00106954643827     -0.56639616587392
C   0.28379894211181      1.03984464283954     -1.47110865804712
C   -0.36206664898869     -0.19767970074461     -1.59441104995003
C   -1.48766247446318     -0.50086116342194     -0.83788174737729
C   1.38221275733254     -1.30884582783126      0.69598149893418
C   2.01355551357820     -0.07840018571327      0.82899992140861
C   1.37253645571068      0.98010687905432      1.47517213408488
C   0.24752162999730      0.67495419439631      2.23202477507786
C   -0.39649401158691     -0.56346375293832      2.10842374833033
C   0.10412714332004     -1.52244082698961      1.20120527976765
C   -1.81487925887963     -1.93059257193414     -0.48845394383193
C   -0.80379111899460     -2.55287889533084      0.58490860726845
C   0.69158313035795      3.03136168759195      0.04946511443978
C   1.69918072190664      2.41024965199411      1.12695294620016
C   -1.64691956057487     -0.76596335129450      2.73968762777452
C   -2.73438810795772     -0.93836434144315      3.23987015084619
C   1.53993592168335      1.23451604175514     -2.09327246644414
C   2.63473496862864      1.39826663836398     -2.58005678306184
C   -4.01522316229965     -1.14285453627742      3.80092978400788
C   -4.60007419703302     -0.17920665220914      4.63255195987976
C   -5.85646373069088     -0.38721461714915      5.16207327790897
C   -6.61562756960346     -1.55363314840440      4.90910577457969
C   -5.98903097225229     -2.50257705685851      4.06799747860342
C   -4.73426861964330     -2.31403261321328      3.52809620404211
C   -7.94178831071048     -1.76151777914822      5.47042232275136
C   -9.03355926711897     -2.23292733515609      4.62053874670488
C   -8.18898419296307     -1.49902545210191      6.88715678794965
C   -9.88017316645806     -3.29697237920427      4.99622953837283
C   -10.92758726910238     -3.74072564083909      4.20719802958469
C   -11.15829692840192     -3.12220040822548      2.98862280437916
C   -10.35822661666717     -2.07537716559433      2.55848709878256
C   -9.32110229615012     -1.64741565226674      3.36940550311157
C   -9.28620270383445     -0.73467684673790      7.33611643107198
C   -9.53388552852274     -0.48731963941818      8.67553882678204
C   -8.66725572275823     -1.00576945253554      9.62479864340472
C   -7.56917853750806     -1.76318516680677      9.24871247266180
C   -7.34760525370984     -2.00015719481622      7.90289454669689
Cl  -6.74239849788620     -4.04151760536557      3.74738925308128
Cl  -6.52843794349825      0.92693214582805      6.08953448008032
Cl  -8.42833976243773     -0.26225923935018      2.80795355682912
Cl  -12.46875149815619     -3.66651418076029      1.98626679044345
Cl  -9.58648216295887     -4.19301890780552      6.45923750884015
Cl  -6.01039855465311     -3.04471751550797      7.51581777510293
Cl  -8.96160019430176     -0.70196521150121     11.30985588076738
Cl  -10.35590377496739      0.03822401912723      6.20099138244537
C   3.92869355442600      1.58685819652909     -3.11568598900992
C   4.54349857478878      0.58814917835311     -3.88178259468568
C   5.81754533342852      0.77531623117662     -4.37510739003174
C   6.56824284816642      1.95208250270844     -4.14421953492014
C   5.90865133767618      2.93929136510172     -3.37535805489712
C   4.63417657639109      2.77320781051673     -2.87542859855447
C   7.92051657301390      2.12845159333838     -4.65089434523821
C   8.90337016046123      1.05669772693009     -4.50142857597243
C   8.30403573563019      3.37663321024366     -5.30793411957817
C   9.70803102988939      0.61198022576915     -5.57139231196100
C   10.64596772495951     -0.39772550647137     -5.43912232753580
C   10.80465515692227     -1.00858894972429     -4.20527255165611
C   10.04369264417727     -0.61888807170134     -3.11441449218444
C   9.11682582226308      0.39702649160136     -3.27247124004424
C   7.52454825329208      3.95924512873537     -6.32933628160653
C   7.87636262775030      5.13779016437121     -6.96477123419014
C   9.04741091145777      5.77793084653140     -6.59072922145372
C   9.85816039070499      5.25592985066230     -5.59515847909914
C   9.48022962372490      4.07883687791679     -4.97212029683507
Cl  6.73024879536987      4.40611242763149     -2.91443079391634
Cl  6.43926117347776     -0.48876980727872     -5.40192827987903
Cl  8.27496460515800      0.89897017047561     -1.83347634701295
Cl  11.97350622436757     -2.28082882709413     -4.02310917091243
Cl  9.49069255646926      1.25393587265822     -7.17461093957280
Cl  10.49001443317718      3.54448575692407     -3.65878268987144
Cl  9.50539022600936      7.25608050111480     -7.38055107621813
Cl  6.09634982817343      3.16091467701945     -6.92248936480016
H   -3.04951030368896      0.37779733305979      0.34514236185401
H   -1.94012203545289      2.54265343249515      0.57769567917411
H   0.12318235254564     -0.97127149676985     -2.17615076517627
H   1.82758164500249     -2.06116874781249      0.05609091830172
H   2.93634743731290      0.10348652819109      0.29318722918040
H   -0.23771867921418      1.44715613558376      2.81561593327820
H   -1.78947601088412     -2.56749196277614     -1.37397900594148
H   -2.82407055895197     -1.98096054508636     -0.08065838372566
H   -0.19450589229052     -3.30765418151383      0.08786020133287
H   -1.39756956856447     -3.06132942645181      1.34448628697352
H   0.08253331163708      3.78851294997878      0.54317355137252
H   1.28795496048503      3.53676471818550     -0.71011286701411
H   1.66949824626949      3.04707106839134      2.01238755865666
H   2.70989004338329      2.46201582045752      0.72310085263394
H   -4.07624274017557      0.74101423332296      4.84307213638199
H   -4.29648460359879     -3.08475279581074      2.91170343645490
H   -11.53799678265267     -4.56972107148269      4.53088068540002
H   -10.55034326056325     -1.58326374948713      1.61747440806053
H   -10.37724199020129      0.11866891889546      8.96900355034955
H   -6.90636896557964     -2.18217089932951      9.99013932360708
H   4.01205327767486     -0.32486975457667     -4.10426622106351
H   4.18977840035662      3.55320492902553     -2.27568373789290
H   11.22558694932710     -0.71557530862305     -6.29213086021278
H   10.18263381830622     -1.08203963577680     -2.14965309376752
H   7.25605124719474      5.53596846510274     -7.75297117288109
H   10.75899147711889      5.76652032221682     -5.29115925590496

There are 74 heavy atoms.
There are 90 electrons in 74 orbitals.


Carbon 1e params: A = -22.717075 b = 1.705616

Nitrogen 1e params: alphan2 = -17.681338 Acn2 = -24.737202 bcn2 = 1.433639

Chlorine 1e params: alphacl = -10.335674 Accl = -26.021937 bccl=1.451861
C-Cl bond
C-Cl bond
C-Cl bond
C-Cl bond
C-Cl bond
C-Cl bond
C-Cl bond
C-Cl bond
C-Cl bond
C-Cl bond
C-Cl bond
C-Cl bond
C-Cl bond
C-Cl bond
C-Cl bond
C-Cl bond
Cl atom 59
Cl atom 60
Cl atom 61
Cl atom 62
Cl atom 63
Cl atom 64
Cl atom 65
Cl atom 66
Cl atom 67
Cl atom 68
Cl atom 69
Cl atom 70
Cl atom 71
Cl atom 72
Cl atom 73
Cl atom 74

Carbon 2e params: U = 8.420838 r0 = 1.173157

Nitrogen 2e params: Un2n2 = 17.979843 r0n2n2 = 1.111791

Chlorine 2e params: Uclcl= 9.642991 r0clcl = 2.253316

Mixed 2e params: Ucn2 = 13.200341 Uccl = 9.031915 Un2cl = 13.811417 r0cn2 =1.142474 r0ccl = 1.713237 r0n2cl = 1.682554
[8.42083845 3.85519948 2.74722855 2.50445428 2.78192614 3.8451453
 1.88294551 1.80099353 1.94752969 2.16237685 2.31741341 2.18201949
 2.67038486 2.12788594 2.00362805 1.75660236 2.23208626 1.98921677
 1.84350154 1.50453786 1.67259378 1.48678508 1.27204844 1.191879
 1.28512032 1.5087093  1.02751113 0.9837932  0.92176417 0.87677993
 0.82945282 0.8642169  0.96450719 1.04011369 0.84856402 0.77334846
 0.75571886 0.80221191 0.88684316 1.23858008 1.12306757 0.97286428
 0.91254235 0.97440702 1.12552685 0.80464987 0.75839513 0.75249559
 0.69699261 0.65793164 0.66732282 0.71871609 0.76982922 0.75378736
 0.70100726 0.65564146 0.65276272 0.69518479 1.6589004  1.64754723
 1.77042529 1.18165742 1.21084637 1.39831971 1.02126322 1.27393489
 1.31729778 1.31198658 1.26320468 0.93224086 1.01229483 1.02242471
 0.91345957 1.22284847]

-------------------------------------
Restricted Open-shell PPP Calculation
-------------------------------------

Starting SCF cycle...

Iter   Energy        Dens Change      Energy Change
-----------------------------------------------------
0 -277.19989644853956 0.12387655961102562 -277.19989644853956
1 -290.6918794393829 0.04185905514399574 -13.491982990843326
2 -297.13608618728927 0.013474328320581652 -6.444206747906378
3 -299.1877077577721 0.004521019296886142 -2.051621570482837
4 -299.9034289066985 0.001920602610513411 -0.7157211489263773
5 -300.1102926135059 0.0008670997789674284 -0.20686370680743948
6 -300.18307059258007 0.0003717972753097265 -0.07277797907414651
7 -300.20356508115503 0.0001660119792791792 -0.020494488574968273
8 -300.2108989433567 0.00010160870063802285 -0.007333862201676311
9 -300.2128512167732 0.00010125555969864308 -0.0019522734164638678
10 -300.21353746483396 0.00010470752578739528 -0.0006862480607878751
11 -300.21369105218923 0.00010880510894151207 -0.0001535873552711564
12 -300.21373488427093 0.00011421619690854534 -4.383208170111175e-05
13 -300.21373745130694 0.00012012061026189791 -2.5670360059848463e-06
14 -300.2137319449651 0.00012674938659862356 5.506341835825879e-06
15 -300.2137298875507 0.0001337288348233212 2.0574144059537502e-06
16 -300.2137246686714 0.00014131570459774423 5.2188793233654e-06
17 -300.2137255803354 0.0001492208115916327 -9.116640171669133e-07
18 -300.21372181207335 0.0001577478504639629 3.7682620472878625e-06
19 -300.21372423384094 0.000166666157811024 -2.4217675900217728e-06
20 -300.2137208061878 0.0001761457216991058 3.4276531550858635e-06
21 -300.2137239607146 0.00018613401970091203 -3.1545268370791746e-06
22 -300.2137203752496 0.00019670495829027246 3.585465037758695e-06
23 -300.21372403089254 0.00020786752004076092 -3.655642956346128e-06
24 -300.2137200977311 0.0002196682512760617 3.933161451641354e-06
25 -300.2137242183511 0.0002321363148707345 -4.12062001942104e-06
26 -300.21371984639416 0.0002453135333393419 4.371956947579747e-06
27 -300.21372445906655 0.0002592378548125218 -4.612672398707218e-06
28 -300.2137195826351 0.00027395314703793083 4.876431432876416e-06
29 -300.21372473710915 0.0002895032705700906 -5.154474024493538e-06
30 -300.2137192932465 0.00030593645636289857 5.443862619358697e-06
31 -300.2137250506435 0.00032330205569408577 -5.757396991157293e-06
32 -300.21371897200515 0.00034165377079964365 6.078638364215294e-06
33 -300.2137254021689 0.00036104675829284893 -6.430163750792417e-06
34 -300.2137186143988 0.0003815410132526065 6.787770132632431e-06
35 -300.21372579578485 0.00040319806809963055 -7.181386081356322e-06
36 -300.21371821609864 0.0004260850140178629 7.579686212011438e-06
37 -300.2137262364813 0.00045027045451684344 -8.020382665563375e-06
38 -300.21371777251994 0.0004758294458233614 8.463961364668648e-06
39 -300.2137267299691 0.0005028384508309891 -8.9574491539679e-06
40 -300.2137172786493 0.0005313814585146126 9.45131978369318e-06
41 -300.21372728273235 0.0005615436690569187 -1.0004083037529199e-05
42 -300.21371672897084 0.0005934190905942938 1.055376151271048e-05
43 -300.2137279021016 0.0006271026331670093 -1.1173130758379557e-05
44 -300.213716117426 0.0006626995470992991 1.1784675621129281e-05
45 -300.2137285963606 0.0007003155272313766 -1.2478934650062001e-05
46 -300.2137154373641 0.0007400684448304329 1.3158996523543465e-05
47 -300.2137293748863 0.0007820759656764764 -1.3937522226115107e-05
48 -300.21371468149744 0.0008264701380586992 1.4693388891373615e-05
49 -300.21373024831655 0.0008733819054251857 -1.5566819115520047e-05
50 -300.21371384185915 0.0009229592513031459 1.640645740508262e-05
51 -300.21373122872274 0.000975347833728657 -1.738686358976338e-05
52 -300.213712909779 0.001030713560563612 1.8318943716622016e-05
53 -300.2137323298292 0.0010892183813089318 -1.9420050193730276e-05
54 -300.21371187583924 0.0011510483814241024 2.0453989975521836e-05
55 -300.2137335672738 0.0012163835281717716 -2.169143454011646e-05
56 -300.2137107298739 0.0012854326409168504 2.283739985387001e-05
57 -300.2137349588901 0.0013583955893865518 -2.422901616228046e-05
58 -300.2137094609427 0.0014355068314912955 2.5497947376607044e-05
59 -300.2137365250904 0.0015169881904637528 -2.7064147673172556e-05
60 -300.213708057365 0.0016031030689052095 2.8467725371683628e-05
61 -300.21373828924146 0.0016940974672210452 -3.0231876451125572e-05
62 -300.21370650675823 0.001790267502812748 3.178248323365551e-05
63 -300.21374027819246 0.0018918857534202527 -3.377143423222151e-05
64 -300.21370479611454 0.001999285359029823 3.548207791936875e-05
65 -300.2137425228504 0.002112768051679703 -3.7726735854448634e-05
66 -300.2137029119336 0.0022327089266755973 3.9610916815036035e-05
67 -300.21374505887957 0.0023594416196173196 -4.2146945986587525e-05
68 -300.2137008404212 0.002493388842371713 4.421845835622662e-05
69 -300.2137479275538 0.002634919044586237 -4.708713260015429e-05
70 -300.21369856777454 0.002784509068004315 4.935977926834312e-05
71 -300.2137511767509 0.002942565228058358 -5.260897637526796e-05
72 -300.2136960805626 0.0031096260094634065 5.509618830501495e-05
73 -300.213754862189 0.0032861387549205645 -5.8781626364634576e-05
74 -300.2136933662722 0.0034727122822879597 6.149591678195065e-05
75 -300.21375904889254 0.003669838186088681 -6.5682620345342e-05
76 -300.2136904140343 0.003878205698145676 6.863485822350412e-05
77 -300.2137638129593 0.004098353886120121 -7.339892499658163e-05
78 -300.2136872155657 0.004331064125395079 7.659739361542961e-05
79 -300.2137692437434 0.004576926083317945 -8.202817770097681e-05
80 -300.21368376643835 0.004836826970306518 8.547730504915307e-05
81 -300.2137754464816 0.005111409961537694 -9.168004322646084e-05
82 -300.2136800677222 0.005401684136889573 9.537875939713558e-05
83 -300.21378254549546 0.005708348704522859 -0.00010247777328231678
84 -300.2136761281063 0.006032553456680523 0.00010641738919048294
85 -300.21379068813286 0.0063750555604074055 -0.00011456002658860598
86 -300.2136719666671 0.006737167742308037 0.00011872146575342413
87 -300.21380004959394 0.007119706173683182 -0.00012808292683530453
88 -300.2136676163819 0.0075241728185015955 0.00013243321205891334
89 -300.21381083883307 0.007951442654361873 -0.00014322245118592036
90 -300.21366312868105 0.008403238133263935 0.00014771015202086346
91 -300.21382330586493 0.00888049113310796 -0.00016017718388638968
92 -300.21365857923524 0.009385181866234937 0.00016472662969135854
93 -300.2138377507616 0.009918294905386649 -0.00017917152638347034
94 -300.2136540753413 0.010482112853132941 0.00018367542031683115

---Applying damping with alpha=0.1 to aid convergence---

95 -300.21364072337127 0.0011082062537488557 1.3351970039821026e-05
96 -300.213638086209 0.0008801922019481268 2.6371622539045347e-06
97 -300.2136412695676 0.0006991018245001701 -3.1833585580898216e-06
98 -300.2136473517738 0.0005552753818223177 -6.082206198243512e-06
99 -300.21365462442134 0.0004410426534264822 -7.272647565059742e-06
100 -300.2136621193904 0.00035031292756260157 -7.4949690542780445e-06
101 -300.2136693153353 0.0002782495288933262 -7.19594493148179e-06
102 -300.2136759564283 0.0002210114636964633 -6.6410929662197304e-06
103 -300.2136819411471 0.00017554833569755068 -5.984718825402524e-06
104 -300.21368725463356 0.00013943753853884466 -5.31348644017271e-06
105 -300.2136919280439 0.00011075500024149143 -4.673410330724437e-06
106 -300.2136960145304 8.797255764037004e-05 -4.086486512733245e-06
107 -300.2136995753971 6.987646863398922e-05 -3.5608666735242878e-06
108 -300.21370267242065 5.5502704637833133e-05 -3.0970235798122303e-06
109 -300.2137053638585 4.408556501034333e-05 -2.6914378281617246e-06
110 -300.2137077026156 3.501686901463685e-05 -2.338757099096256e-06
111 -300.21370973564586 2.7813546658261856e-05 -2.0330302845650294e-06
112 -300.21371150402655 2.209258757202015e-05 -1.7683806845525396e-06
113 -300.2137130433718 1.7549439610409223e-05 -1.5393452486023307e-06
114 -300.2137143843906 1.3940677932255952e-05 -1.341018787570647e-06
115 -300.2137155534859 1.1074122923115937e-05 -1.1690952987919445e-06
116 -300.2137165733285 8.797121394010787e-06 -1.0198426139140793e-06
117 -300.2137183537409 1.3976825356643019e-05 -1.7804123899622937e-06
118 -300.2137196814782 8.229941136583818e-06 -1.3277373227538192e-06
119 -300.2137206722575 4.846841127559287e-06 -9.907793128149933e-07
120 -300.21372140959176 2.8551938737741978e-06 -7.373342327809951e-07
121 -300.2137219546994 1.682639086508786e-06 -5.451076390272647e-07
122 -300.21372235312725 9.922573114273803e-07 -3.9842785781729617e-07
123 -300.2137226392107 5.857202354242474e-07 -2.86083434275497e-07
124 -300.21372283911336 3.4628078493526004e-07 -1.9990267219327507e-07
125 -300.21372297295017 2.0521454491273516e-07 -1.3383680652623298e-07
126 -300.2137230562857 1.4551288768371862e-07 -8.333552159456303e-08
127 -300.21372310121893 1.284651500177425e-07 -4.4933244680578355e-08
128 -300.2137231171844 1.1363789620411069e-07 -1.5965440525178565e-08
129 -300.21372311155017 1.0065586952823224e-07 5.634205990645569e-09
130 -300.2137230900686 8.923747951694594e-08 2.1481582734850235e-08
131 -300.21372305722844 7.91631434293727e-08 3.2840148378454614e-08
132 -300.2137230165197 7.025590015308225e-08 4.0708755477680825e-08
133 -300.21372297064727 6.236926736180592e-08 4.5872411646996625e-08
134 -300.21372292169406 5.537949249179164e-08 4.89532112624147e-08
135 -300.2137228712522 4.918523216490556e-08 5.04418835589604e-08
136 -300.2137228205258 4.3697517326801716e-08 5.072638487035874e-08
137 -300.21372277041405 3.882158522428014e-08 5.0111736982216826e-08
138 -300.21372272157333 3.448977126119246e-08 4.884071813648916e-08
139 -300.2137226744721 3.0641623682825525e-08 4.710125267592957e-08
140 -300.21372262943055 2.7223246712448912e-08 4.5041531393508194e-08
141 -300.2137225866549 2.418666106285272e-08 4.2775639030878665e-08
142 -300.2137225462612 2.1489205304092707e-08 4.0393729250354227e-08
143 -300.21372250829813 1.909295821445056e-08 3.7963047816447215e-08
144 -300.2137224727639 1.6964242344208458e-08 3.553424221536261e-08
145 -300.2137224396171 1.507313862614268e-08 3.3146818623208674e-08
146 -300.2137224087889 1.3393077646917106e-08 3.0828175567876315e-08
147 -300.2137223801913 1.190046466925665e-08 2.8597582968359347e-08
148 -300.21372235372223 1.0574358888515434e-08 2.646908114911639e-08
149 -300.2137223292719 9.396146971596409e-09 2.4450343971693655e-08
150 -300.21372230672534 8.349315239186694e-09 2.2546544187207473e-08
151 -300.21372228596744 7.4191867094342e-09 2.075790916933329e-08
152 -300.21372226688175 6.5927405201726685e-09 1.9085689473286038e-08
153 -300.2137222493555 5.8584004869466355e-09 1.752624712025863e-08
154 -300.2137222332789 5.205888831127936e-09 1.6076626252470305e-08
155 -300.21372221854654 4.626081018255235e-09 1.4732336239831056e-08
156 -300.2137222050584 4.110865536866015e-09 1.348814748780569e-08
157 -300.2137221927194 3.6530409808221975e-09 1.2339000932115596e-08
158 -300.2137221814402 3.246209856477833e-09 1.1279212230874691e-08
159 -300.21372217113657 2.8846896538148314e-09 1.0303608632966643e-08
160 -300.21372216173 2.5634263045581918e-09 9.406562639924232e-09
161 -300.21372215314676 2.2779412800488785e-09 8.583242561144289e-09
162 -300.21372214531914 2.0242453269148086e-09 7.827622994227568e-09
163 -300.213722138184 1.7987930034379929e-09 7.1351564656652045e-09
164 -300.21372213168274 1.5984475965069578e-09 6.5012386585294735e-09
165 -300.2137221257619 1.4204040721388367e-09 5.920867351960624e-09
166 -300.2137221203714 1.262184357031515e-09 5.390461410570424e-09
167 -300.2137221154652 1.1215828266131211e-09 4.9062123252952006e-09
168 -300.2137221110013 9.966344416412198e-10 4.463913683139253e-09
169 -300.21372210694165 8.855944311214614e-10 4.059643288201187e-09
170 -300.21372210325006 7.86918641360046e-10 3.691582151077455e-09
171 -300.21372209989397 6.992313394960092e-10 3.356092292960966e-09
172 -300.2137220968438 6.213058956205941e-10 3.0501610126520973e-09
173 -300.2137220940722 5.520581214391029e-10 2.771628260234138e-09
174 -300.21372209155476 4.905187367398867e-10 2.5174244910886046e-09
175 -300.21372208926783 4.358374217083849e-10 2.286924427608028e-09
176 -300.2137220871906 3.872429599205418e-10 2.0772290554305073e-09
177 -300.2137220853052 3.440612794669562e-10 1.8853825167752802e-09
178 -300.21372208359327 3.056882524887783e-10 1.711953245830955e-09
179 -300.2137220820392 2.715910829564905e-10 1.5540422282356303e-09
180 -300.21372208062894 2.4129165332453795e-10 1.4102852219366468e-09
181 -300.21372207934877 2.143685784439242e-10 1.2801706361642573e-09
182 -300.21372207818814 1.904470470215358e-10 1.160628926299978e-09
183 -300.2137220771348 1.6918694223377884e-10 1.0533653949096333e-09
184 -300.2137220761794 1.5030043876151922e-10 9.553673407936003e-10
185 -300.2137220753132 1.3351969530006613e-10 8.661800166009925e-10
186 -300.2137220745269 1.1860329385271484e-10 7.863150131015573e-10
187 -300.21372207381364 1.0535827765778549e-10 7.13271219865419e-10
188 -300.2137220731677 9.358619434962634e-11 6.459686119342223e-10
189 -300.21372207258116 8.31261726119692e-11 5.865103958058171e-10
190 -300.21372207205013 7.383538225269604e-11 5.310312189976685e-10
191 -300.21372207156816 6.558015241964199e-11 4.819753485207912e-10
192 -300.21372207113154 5.824418725097757e-11 4.3661430026986636e-10
193 -300.2137220707357 5.204037201167466e-11 3.95857568946667e-10
194 -300.21372207037706 4.65413263484038e-11 3.5862512959283777e-10
195 -300.21372207005203 4.181290730320697e-11 3.2503066904610023e-10
196 -300.21372206975747 3.770913442613377e-11 2.9456259653670713e-10
197 -300.21372206949025 3.4010003147066925e-11 2.672209120646585e-10
198 -300.21372206924775 3.067490705888076e-11 2.42494024860207e-10
199 -300.2137220690286 2.7669005975283767e-11 2.191313797084149e-10
200 -300.21372206883046 2.4957771960210096e-11 1.9815615814877674e-10
201 -300.21372206865027 2.251383801610274e-11 1.801936377887614e-10
202 -300.21372206848713 2.0308907333621562e-11 1.63140612130519e-10
203 -300.21372206833894 1.8322399153447577e-11 1.481907929701265e-10
204 -300.2137220682054 1.652954856323774e-11 1.3352519090403803e-10
205 -300.2137220680837 1.4913563439744593e-11 1.2170175978098996e-10
206 -300.2137220679736 1.3458900660623385e-11 1.1010570233338512e-10
207 -300.213722067874 1.2245870983917939e-11 9.958966984413564e-11
208 -300.2137220677843 1.114042191829867e-11 8.969891496235505e-11
209 -300.2137220677023 1.0136280703676448e-11 8.202505341614597e-11
210 -300.21372206762834 9.219791596848381e-12 7.395328793791123e-11
211 -300.2137220675614 8.387790462194289e-12 6.696154741803184e-11
212 -300.2137220675012 7.628619957955607e-12 6.019718057359569e-11
213 -300.21372206744593 6.938727370453535e-12 5.525180313270539e-11
214 -300.2137220673961 6.3104521608181585e-12 4.985167834092863e-11
215 -300.21372206735117 5.738631791984972e-12 4.490630090003833e-11
216 -300.2137220673105 5.218547816099317e-12 4.064304448547773e-11
217 -300.2137220672733 4.745870363365157e-12 3.723243935382925e-11
218 -300.21372206724027 4.313882584483508e-12 3.3026026358129457e-11
219 -300.21372206721 3.9235836801765345e-12 3.0240698833949864e-11
220 -300.21372206718223 3.567146578120628e-12 2.779643182293512e-11
221 -300.2137220671574 3.242073276510382e-12 2.4840574042173102e-11
222 -300.2137220671345 2.947919686135947e-12 2.290789780090563e-11
223 -300.2137220671137 2.680078381445128e-12 2.0804691303055733e-11
224 -300.2137220670954 2.435329715666512e-12 1.830358087318018e-11
225 -300.2137220670786 2.2134516441951746e-12 1.6768808563938364e-11
226 -300.21372206706377 2.0126122990404838e-12 1.4836132322670892e-11
227 -300.21372206705036 1.828537321557633e-12 1.3415046851150692e-11
228 -300.2137220670379 1.6622259124687844e-12 1.2448708730516955e-11
229 -300.2137220670269 1.5099588246414442e-12 1.1027623258996755e-11
230 -300.21372206701653 1.3729573034026998e-12 1.0345502232667059e-11
231 -300.2137220670068 1.2474465904688259e-12 9.72022462519817e-12
232 -300.21372206699857 1.1319833959078096e-12 8.242295734817162e-12
233 -300.2137220669908 1.0307310560619953e-12 7.787548383930698e-12
234 -300.2137220669845 9.352518759442319e-13 6.30961949354969e-12
235 -300.21372206697833 8.493206138382448e-13 6.139089236967266e-12
236 -300.2137220669725 7.721046024755651e-13 5.8548721426632255e-12
237 -300.2137220669672 7.017719738655614e-13 5.286437954055145e-12
238 -300.21372206696253 6.373790384373024e-13 4.661160346586257e-12
239 -300.2137220669582 5.79591930005563e-13 4.320099833421409e-12
240 -300.2137220669546 5.255795798575491e-13 3.637978807091713e-12
241 -300.21372206695145 4.775069228912798e-13 3.126388037344441e-12
242 -300.2137220669477 4.3393066917474243e-13 3.751665644813329e-12
243 -300.21372206694514 3.938516179857743e-13 2.5579538487363607e-12
244 -300.21372206694303 3.574918139293004e-13 2.1032064978498966e-12
245 -300.2137220669405 3.253508573664021e-13 2.5579538487363607e-12
246 -300.2137220669382 2.954858580039854e-13 2.2737367544323206e-12
247 -300.21372206693627 2.6767477123712524e-13 1.9326762412674725e-12
248 -300.21372206693445 2.438049762076844e-13 1.8189894035458565e-12
249 -300.21372206693314 2.2043478153932483e-13 1.3073986337985843e-12
250 -300.2137220669316 2.0106138975961585e-13 1.5347723092418164e-12
251 -300.2137220669305 1.8185453143360064e-13 1.1368683772161603e-12
252 -300.21372206692956 1.6570078642530461e-13 9.094947017729282e-13
253 -300.21372206692865 1.5026868638301494e-13 9.094947017729282e-13
254 -300.2137220669274 1.3633538742396922e-13 1.2505552149377763e-12
255 -300.21372206692706 1.2417844530432376e-13 3.410605131648481e-13
256 -300.2137220669259 1.1224354778960333e-13 1.1368683772161603e-12
257 -300.21372206692484 1.0230705171920818e-13 1.0800249583553523e-12
258 -300.21372206692456 9.242606680004428e-14 2.8421709430404007e-13
259 -300.2137220669241 8.404388296412435e-14 4.547473508864641e-13
260 -300.21372206692337 7.704947790898586e-14 7.389644451905042e-13
261 -300.213722066923 6.84452494681409e-14 3.410605131648481e-13
262 -300.21372206692246 6.356026815979021e-14 5.684341886080801e-13
263 -300.2137220669222 5.667688540711424e-14 2.8421709430404007e-13
264 -300.21372206692195 5.1958437552457326e-14 2.2737367544323206e-13
265 -300.2137220669213 4.696243394164412e-14 6.252776074688882e-13
266 -300.21372206692087 4.340972026284362e-14 4.547473508864641e-13
267 -300.2137220669208 3.808064974464287e-14 5.684341886080802e-14
268 -300.2137220669202 3.5138558729386205e-14 6.252776074688882e-13
269 -300.21372206692024 3.1807889655510735e-14 -5.684341886080802e-14
270 -300.21372206692 2.942091015256665e-14 2.2737367544323206e-13
271 -300.2137220669197 2.6145752229922437e-14 3.410605131648481e-13
272 -300.21372206691933 2.453592884421596e-14 3.410605131648481e-13
273 -300.2137220669195 2.1760371282653068e-14 -1.7053025658242404e-13
274 -300.21372206692 1.9595436384634013e-14 -5.115907697472721e-13
275 -300.2137220669196 1.8318679906315083e-14 3.979039320256561e-13
276 -300.2137220669194 1.6153745008296028e-14 2.2737367544323206e-13
277 -300.21372206691973 1.509903313490213e-14 -3.410605131648481e-13
278 -300.2137220669198 1.3711254354120683e-14 -5.684341886080802e-14
279 -300.21372206691956 1.1823875212257917e-14 2.2737367544323206e-13
280 -300.21372206691956 1.1435297153639112e-14 0.0
281 -300.2137220669195 1.0103029524088925e-14 5.684341886080802e-14
282 -300.21372206691933 9.492406860545088e-15 1.7053025658242404e-13
283 -300.2137220669194 7.771561172376096e-15 -5.684341886080802e-14
284 -300.2137220669192 8.271161533457416e-15 1.7053025658242404e-13
285 -300.21372206691893 6.2727600891321345e-15 2.8421709430404007e-13
286 -300.2137220669188 6.5503158452884236e-15 1.1368683772161603e-13
287 -300.21372206691865 5.88418203051333e-15 1.7053025658242404e-13
288 -300.2137220669187 5.495603971894525e-15 -5.684341886080802e-14
289 -300.2137220669191 5.162537064506978e-15 -3.979039320256561e-13
290 -300.2137220669189 4.6074255521944e-15 2.2737367544323206e-13
291 -300.2137220669186 4.718447854656915e-15 2.8421709430404007e-13
292 -300.21372206691893 3.497202527569243e-15 -3.410605131648481e-13
293 -300.21372206691865 3.7192471324942744e-15 2.8421709430404007e-13
294 -300.21372206691893 2.6645352591003757e-15 -2.8421709430404007e-13
295 -300.2137220669184 2.7755575615628914e-15 5.115907697472721e-13
296 -300.2137220669182 2.9976021664879227e-15 2.2737367544323206e-13
297 -300.2137220669184 2.886579864025407e-15 -2.2737367544323206e-13
298 -300.2137220669181 3.164135620181696e-15 3.410605131648481e-13
299 -300.2137220669183 4.440892098500626e-15 -2.2737367544323206e-13
300 -300.2137220669181 4.218847493575595e-15 2.2737367544323206e-13
301 -300.21372206691814 2.6645352591003757e-15 -5.684341886080802e-14
302 -300.2137220669181 2.6645352591003757e-15 5.684341886080802e-14
303 -300.21372206691797 2.581268532253489e-15 1.1368683772161603e-13
304 -300.21372206691814 2.7755575615628914e-15 -1.7053025658242404e-13
305 -300.21372206691814 2.220446049250313e-15 0.0
ENERGY0: -300.21372206691814

--------------------------
Converged ROPPP Orbitals
--------------------------

orbital number 1 energy -8.199455320971712
[ 0.    0.    0.    0.    0.    0.   -0.   -0.   -0.01 -0.01 -0.02 -0.01
  0.   -0.    0.   -0.   -0.03 -0.04  0.    0.   -0.06 -0.06 -0.11 -0.11
 -0.11 -0.06 -0.12 -0.21 -0.21 -0.25 -0.19 -0.24 -0.19 -0.25 -0.25 -0.19
 -0.24 -0.19 -0.25  0.    0.    0.    0.    0.    0.    0.    0.    0.
  0.    0.    0.    0.    0.    0.    0.    0.    0.    0.   -0.1  -0.1
 -0.23 -0.23 -0.24 -0.23 -0.23 -0.23  0.    0.    0.    0.    0.    0.
  0.    0.  ]
orbital number 2 energy -8.1988767646902
[-0.   -0.   -0.01 -0.02 -0.01 -0.01 -0.   -0.    0.   -0.   -0.   -0.
 -0.   -0.   -0.   -0.   -0.   -0.   -0.03 -0.04 -0.   -0.   -0.   -0.
 -0.   -0.   -0.   -0.   -0.   -0.   -0.   -0.   -0.   -0.   -0.   -0.
 -0.   -0.   -0.   -0.06 -0.06 -0.11 -0.11 -0.11 -0.06 -0.12 -0.21 -0.21
 -0.25 -0.19 -0.24 -0.19 -0.25 -0.25 -0.19 -0.24 -0.19 -0.25 -0.   -0.
 -0.   -0.   -0.   -0.   -0.   -0.   -0.1  -0.1  -0.23 -0.23 -0.24 -0.23
 -0.23 -0.23]
orbital number 3 energy -8.132544183825312
[-0.   -0.   -0.   -0.   -0.   -0.   -0.   -0.   -0.   -0.   -0.   -0.
 -0.   -0.   -0.   -0.   -0.   -0.   -0.   -0.   -0.   -0.   -0.   -0.
 -0.   -0.   -0.    0.18 -0.18  0.25  0.2   0.27  0.2   0.25 -0.25 -0.2
 -0.27 -0.2  -0.25 -0.   -0.   -0.   -0.   -0.   -0.   -0.    0.   -0.
  0.    0.    0.    0.    0.   -0.   -0.   -0.   -0.   -0.    0.   -0.
  0.24  0.26  0.24 -0.24 -0.27 -0.25 -0.    0.    0.    0.    0.   -0.
 -0.   -0.  ]
orbital number 4 energy -8.132175296723991
[ 0.    0.    0.    0.    0.    0.   -0.   -0.   -0.   -0.   -0.   -0.
  0.   -0.    0.   -0.   -0.    0.    0.    0.   -0.   -0.   -0.   -0.
 -0.   -0.   -0.    0.   -0.    0.    0.    0.    0.    0.   -0.   -0.
 -0.   -0.   -0.    0.    0.    0.    0.    0.    0.    0.   -0.18  0.18
 -0.25 -0.2  -0.27 -0.2  -0.25  0.25  0.2   0.27  0.2   0.25  0.   -0.
  0.    0.    0.   -0.   -0.   -0.    0.    0.   -0.24 -0.26 -0.24  0.25
  0.27  0.25]
orbital number 5 energy -8.01760078570474
[ 0.    0.    0.    0.    0.    0.    0.03  0.03  0.03  0.05  0.09  0.05
  0.    0.02  0.    0.01  0.13  0.17  0.    0.    0.26  0.25  0.38  0.29
  0.38  0.25  0.06 -0.03 -0.03 -0.06 -0.06 -0.08 -0.06 -0.06 -0.06 -0.06
 -0.08 -0.06 -0.06  0.    0.    0.    0.    0.    0.    0.   -0.   -0.
 -0.   -0.   -0.   -0.   -0.   -0.   -0.   -0.   -0.   -0.    0.38  0.38
 -0.06 -0.08 -0.07 -0.06 -0.08 -0.07  0.    0.   -0.   -0.   -0.   -0.
 -0.   -0.  ]
orbital number 6 energy -8.016369006959758
[-0.03 -0.03 -0.05 -0.09 -0.05 -0.03  0.    0.    0.    0.    0.    0.
 -0.01  0.   -0.02  0.    0.    0.   -0.13 -0.17  0.    0.    0.    0.
  0.    0.    0.   -0.   -0.   -0.   -0.   -0.   -0.   -0.   -0.   -0.
 -0.   -0.   -0.   -0.26 -0.25 -0.38 -0.29 -0.38 -0.25 -0.06  0.03  0.03
  0.06  0.06  0.08  0.06  0.06  0.06  0.06  0.08  0.06  0.06  0.    0.
 -0.   -0.   -0.   -0.   -0.   -0.   -0.38 -0.38  0.06  0.08  0.07  0.07
  0.08  0.06]
orbital number 7 energy -7.437022714892654
[-0.   -0.   -0.   -0.   -0.   -0.    0.28  0.27  0.3   0.34  0.44  0.36
 -0.    0.14 -0.    0.12  0.35  0.27 -0.   -0.    0.11  0.   -0.1  -0.09
 -0.1   0.   -0.03 -0.01 -0.01 -0.    0.01  0.02  0.01 -0.   -0.    0.01
  0.02  0.01 -0.   -0.   -0.    0.    0.    0.   -0.    0.    0.    0.
  0.   -0.   -0.   -0.   -0.    0.   -0.   -0.   -0.    0.   -0.14 -0.14
 -0.    0.03 -0.   -0.    0.03 -0.    0.    0.   -0.   -0.    0.    0.
 -0.    0.  ]
orbital number 8 energy -7.434940762895986
[-0.27 -0.28 -0.36 -0.44 -0.34 -0.3  -0.   -0.   -0.   -0.   -0.   -0.
 -0.12 -0.   -0.14 -0.   -0.   -0.   -0.35 -0.27 -0.   -0.    0.    0.
  0.   -0.    0.    0.    0.    0.   -0.   -0.   -0.    0.    0.   -0.
 -0.   -0.    0.   -0.11 -0.    0.1   0.09  0.1  -0.    0.03  0.01  0.01
  0.   -0.01 -0.02 -0.01  0.    0.   -0.01 -0.02 -0.01  0.    0.    0.
  0.   -0.    0.    0.   -0.    0.    0.14  0.14  0.   -0.03  0.    0.
 -0.03  0.  ]
orbital number 9 energy -7.215267155646298
[ 0.    0.    0.    0.    0.    0.    0.02  0.02  0.02  0.02  0.02  0.02
  0.    0.01  0.    0.01  0.01 -0.    0.   -0.   -0.02 -0.02 -0.02  0.01
 -0.02 -0.02  0.07  0.14  0.13  0.2  -0.04 -0.29 -0.09  0.08  0.18 -0.04
 -0.27 -0.08  0.09 -0.   -0.   -0.    0.    0.   -0.    0.    0.    0.
  0.   -0.   -0.   -0.    0.   -0.   -0.   -0.    0.    0.   -0.03 -0.03
  0.13 -0.49  0.34  0.15 -0.47  0.3   0.   -0.    0.   -0.    0.    0.
 -0.   -0.  ]
orbital number 10 energy -7.214865903938099
[ 0.02  0.02  0.02  0.02  0.02  0.02 -0.   -0.   -0.   -0.   -0.   -0.
  0.01 -0.    0.01 -0.   -0.   -0.    0.01 -0.    0.    0.    0.   -0.
  0.    0.   -0.   -0.   -0.   -0.    0.    0.    0.   -0.   -0.    0.
  0.    0.   -0.   -0.02 -0.02 -0.02  0.01 -0.02 -0.02  0.07  0.14  0.13
  0.2  -0.04 -0.29 -0.09  0.08  0.09 -0.08 -0.27 -0.04  0.17  0.    0.
 -0.    0.   -0.   -0.    0.   -0.   -0.03 -0.03  0.13 -0.49  0.35  0.29
 -0.46  0.15]
orbital number 11 energy -7.198254855577735
[-0.   -0.   -0.   -0.   -0.   -0.   -0.   -0.   -0.   -0.   -0.   -0.
 -0.   -0.   -0.   -0.   -0.    0.   -0.    0.    0.   -0.   -0.01 -0.
  0.02  0.01 -0.01 -0.03 -0.01  0.02  0.04  0.06 -0.01 -0.08  0.33  0.16
  0.03 -0.14 -0.35  0.    0.    0.   -0.   -0.   -0.   -0.   -0.   -0.
 -0.    0.    0.    0.   -0.   -0.   -0.    0.    0.    0.    0.03 -0.02
 -0.14  0.1   0.04 -0.6   0.04  0.56 -0.    0.   -0.    0.   -0.    0.
  0.   -0.  ]
orbital number 12 energy -7.197920811077923
[-0.   -0.   -0.   -0.   -0.   -0.    0.    0.    0.    0.    0.    0.
 -0.    0.   -0.    0.    0.   -0.   -0.    0.   -0.   -0.   -0.    0.
  0.    0.    0.    0.    0.   -0.   -0.   -0.    0.    0.   -0.   -0.
 -0.    0.    0.    0.    0.01  0.02 -0.   -0.01 -0.   -0.01 -0.03 -0.01
 -0.    0.03  0.06 -0.   -0.06 -0.35 -0.15  0.02  0.16  0.33  0.   -0.
  0.   -0.   -0.    0.   -0.   -0.   -0.02  0.03 -0.1   0.1  -0.    0.57
  0.03 -0.6 ]
orbital number 13 energy -7.197045617591501
[-0.   -0.   -0.   -0.   -0.   -0.   -0.   -0.   -0.   -0.   -0.   -0.
 -0.   -0.   -0.   -0.   -0.    0.   -0.    0.    0.    0.01  0.03 -0.
 -0.02 -0.01 -0.01 -0.   -0.04  0.34  0.15 -0.01 -0.15 -0.33 -0.1  -0.01
  0.09  0.04  0.01  0.    0.    0.   -0.   -0.   -0.   -0.   -0.   -0.
  0.    0.    0.   -0.   -0.   -0.   -0.    0.    0.    0.   -0.03  0.04
 -0.56 -0.01  0.58  0.01  0.16 -0.18 -0.    0.   -0.    0.    0.    0.
  0.   -0.  ]
orbital number 14 energy -7.196021109718572
[ 0.    0.    0.    0.    0.    0.    0.    0.    0.    0.    0.    0.
  0.    0.    0.    0.    0.   -0.    0.   -0.   -0.    0.    0.    0.
 -0.   -0.    0.    0.    0.   -0.   -0.   -0.    0.    0.   -0.   -0.
 -0.    0.    0.   -0.    0.01  0.02  0.   -0.02 -0.01  0.01  0.    0.05
 -0.34 -0.15  0.    0.15  0.33  0.02 -0.04 -0.1  -0.01  0.08 -0.    0.
  0.   -0.   -0.    0.   -0.   -0.   -0.04  0.03  0.56  0.01 -0.58  0.14
 -0.18  0.04]
orbital number 15 energy -7.185894297108714
[-0.    0.    0.    0.   -0.   -0.    0.    0.    0.   -0.    0.    0.
  0.    0.    0.    0.    0.    0.    0.    0.    0.   -0.14 -0.31  0.
  0.31  0.14 -0.    0.06 -0.06  0.06 -0.03 -0.13 -0.02  0.08 -0.07  0.03
  0.13  0.03 -0.07  0.   -0.   -0.    0.    0.    0.    0.   -0.    0.
 -0.    0.    0.    0.   -0.    0.   -0.   -0.   -0.    0.    0.52 -0.52
  0.14 -0.23  0.1  -0.12  0.23 -0.13  0.   -0.   -0.    0.   -0.    0.
 -0.    0.  ]
orbital number 16 energy -7.184851863644749
[-0.   -0.   -0.   -0.   -0.   -0.   -0.   -0.   -0.   -0.   -0.   -0.
  0.   -0.    0.   -0.   -0.   -0.    0.    0.   -0.    0.    0.    0.
 -0.   -0.    0.   -0.    0.   -0.    0.    0.    0.   -0.    0.   -0.
 -0.   -0.    0.    0.   -0.12 -0.28  0.    0.28  0.12  0.   -0.07  0.08
 -0.06  0.04  0.16  0.02 -0.12  0.1  -0.03 -0.17 -0.04  0.09 -0.    0.
 -0.    0.   -0.    0.   -0.    0.    0.47 -0.47 -0.2   0.28 -0.11  0.15
 -0.29  0.16]
orbital number 17 energy -7.183136147250988
[-0.    0.   -0.   -0.    0.   -0.   -0.   -0.   -0.   -0.   -0.    0.
 -0.    0.   -0.    0.    0.    0.   -0.   -0.    0.   -0.07 -0.17 -0.
  0.17  0.08 -0.   -0.1   0.1  -0.07  0.07  0.23  0.02 -0.19  0.09 -0.06
 -0.23 -0.03  0.16 -0.    0.    0.   -0.   -0.   -0.   -0.    0.   -0.
  0.   -0.   -0.   -0.    0.   -0.    0.    0.    0.   -0.    0.28 -0.28
 -0.32  0.41 -0.12  0.28 -0.41  0.16 -0.    0.    0.   -0.    0.   -0.
  0.   -0.  ]
orbital number 18 energy -7.182405827759047
[ 0.    0.    0.    0.    0.    0.   -0.    0.    0.   -0.   -0.   -0.
  0.   -0.   -0.    0.   -0.   -0.    0.   -0.   -0.    0.    0.    0.
 -0.   -0.    0.   -0.    0.   -0.    0.    0.    0.   -0.    0.   -0.
 -0.   -0.    0.   -0.    0.09  0.21 -0.   -0.21 -0.1   0.   -0.09  0.1
 -0.05  0.07  0.21  0.01 -0.18  0.15 -0.03 -0.21 -0.06  0.08 -0.    0.
 -0.    0.   -0.    0.   -0.    0.   -0.36  0.36 -0.3   0.36 -0.09  0.14
 -0.37  0.26]
orbital number 19 energy -6.5195924754812715
[ 0.    0.    0.   -0.    0.    0.    0.26  0.3   0.29  0.15 -0.    0.17
  0.    0.08  0.    0.14 -0.35 -0.45 -0.   -0.   -0.39 -0.17  0.07  0.07
  0.07 -0.17  0.03  0.01  0.01 -0.   -0.    0.   -0.   -0.   -0.   -0.
  0.   -0.   -0.   -0.   -0.    0.    0.    0.   -0.    0.    0.    0.
 -0.   -0.    0.   -0.   -0.   -0.   -0.    0.   -0.   -0.    0.25  0.25
 -0.01  0.   -0.01 -0.01  0.   -0.01  0.    0.   -0.    0.   -0.   -0.
  0.   -0.  ]
orbital number 20 energy -6.51788347434441
[-0.3  -0.26 -0.17  0.   -0.15 -0.29  0.    0.    0.    0.    0.    0.
 -0.14  0.   -0.08  0.   -0.   -0.    0.35  0.45 -0.   -0.    0.    0.
  0.   -0.    0.    0.    0.   -0.   -0.    0.   -0.   -0.   -0.   -0.
  0.   -0.   -0.    0.39  0.17 -0.07 -0.07 -0.07  0.17 -0.03 -0.01 -0.01
  0.    0.   -0.    0.    0.    0.    0.   -0.    0.    0.    0.    0.
 -0.    0.   -0.   -0.    0.   -0.   -0.25 -0.25  0.01 -0.    0.01  0.01
 -0.    0.01]
orbital number 21 energy -5.3899027559190085
[-0.   -0.    0.    0.   -0.   -0.   -0.08 -0.29 -0.34 -0.02  0.27  0.2
 -0.    0.13  0.   -0.21  0.26  0.1   0.    0.   -0.27 -0.25 -0.07 -0.18
 -0.07 -0.25 -0.14 -0.08 -0.08 -0.02 -0.02 -0.01 -0.02 -0.02 -0.02 -0.02
 -0.01 -0.02 -0.02 -0.   -0.   -0.   -0.   -0.   -0.   -0.   -0.   -0.
 -0.   -0.   -0.   -0.   -0.   -0.   -0.   -0.   -0.   -0.    0.34  0.34
  0.08  0.03  0.08  0.08  0.03  0.08  0.    0.    0.    0.    0.    0.
  0.    0.  ]
orbital number 22 energy -5.388313059785998
[ 0.29  0.08 -0.2  -0.27  0.02  0.33 -0.   -0.   -0.   -0.    0.    0.
  0.21  0.   -0.13 -0.    0.    0.   -0.26 -0.1  -0.   -0.   -0.   -0.
 -0.   -0.   -0.   -0.   -0.   -0.   -0.   -0.   -0.   -0.   -0.   -0.
 -0.   -0.   -0.    0.27  0.25  0.07  0.18  0.07  0.25  0.15  0.08  0.08
  0.02  0.02  0.01  0.02  0.02  0.02  0.02  0.01  0.02  0.02  0.    0.
  0.    0.    0.    0.    0.    0.   -0.34 -0.34 -0.08 -0.03 -0.08 -0.08
 -0.03 -0.08]
orbital number 23 energy -5.183640263962924
[ 0.   -0.   -0.   -0.    0.    0.   -0.09  0.1   0.25  0.09 -0.11 -0.24
  0.   -0.17 -0.    0.17 -0.02  0.04 -0.    0.    0.11  0.05 -0.02 -0.18
 -0.02  0.05 -0.31 -0.27 -0.27 -0.09 -0.12 -0.06 -0.12 -0.09 -0.09 -0.12
 -0.06 -0.12 -0.09  0.    0.   -0.   -0.   -0.    0.   -0.   -0.   -0.
 -0.   -0.   -0.   -0.   -0.   -0.   -0.   -0.   -0.   -0.    0.09  0.09
  0.28  0.18  0.28  0.28  0.18  0.28  0.    0.    0.    0.    0.    0.
  0.    0.  ]
orbital number 24 energy -5.182438063510955
[-0.11  0.09  0.24  0.11 -0.09 -0.25 -0.    0.    0.    0.   -0.   -0.
 -0.17 -0.    0.17  0.   -0.    0.    0.03 -0.04  0.    0.   -0.   -0.
 -0.    0.   -0.   -0.   -0.   -0.   -0.   -0.   -0.   -0.   -0.   -0.
 -0.   -0.   -0.   -0.11 -0.06  0.02  0.18  0.02 -0.06  0.31  0.27  0.27
  0.09  0.12  0.06  0.12  0.09  0.09  0.12  0.06  0.12  0.09  0.    0.
  0.    0.    0.    0.    0.    0.   -0.09 -0.09 -0.28 -0.18 -0.28 -0.28
 -0.18 -0.28]
orbital number 25 energy -5.043332643062209
[-0.   -0.   -0.    0.    0.    0.   -0.38 -0.09  0.32  0.31  0.09 -0.42
  0.   -0.3  -0.    0.23  0.2   0.12  0.    0.   -0.13 -0.14 -0.05 -0.06
 -0.05 -0.14  0.07  0.11  0.11  0.05  0.08  0.04  0.08  0.05  0.05  0.08
  0.04  0.08  0.05 -0.   -0.   -0.   -0.   -0.   -0.    0.    0.    0.
  0.    0.    0.    0.    0.    0.    0.    0.    0.    0.    0.15  0.15
 -0.13 -0.11 -0.13 -0.13 -0.11 -0.13  0.    0.   -0.   -0.   -0.   -0.
 -0.   -0.  ]
orbital number 26 energy -5.041241025688115
[ 0.09  0.38  0.42 -0.09 -0.31 -0.32 -0.   -0.    0.    0.    0.   -0.
 -0.23 -0.    0.3   0.    0.    0.   -0.2  -0.12 -0.   -0.   -0.   -0.
 -0.   -0.    0.    0.    0.    0.    0.    0.    0.    0.    0.    0.
  0.    0.    0.    0.13  0.14  0.05  0.06  0.05  0.14 -0.07 -0.11 -0.11
 -0.05 -0.08 -0.04 -0.08 -0.05 -0.05 -0.08 -0.04 -0.08 -0.05  0.    0.
 -0.   -0.   -0.   -0.   -0.   -0.   -0.15 -0.15  0.13  0.11  0.13  0.13
  0.11  0.13]
orbital number 27 energy -4.932047928493964
[ 0.    0.    0.   -0.   -0.   -0.    0.    0.   -0.   -0.   -0.    0.
 -0.    0.    0.   -0.   -0.   -0.   -0.   -0.    0.    0.    0.   -0.
 -0.   -0.   -0.    0.21 -0.21  0.13  0.24  0.14  0.23  0.13 -0.13 -0.24
 -0.14 -0.23 -0.13  0.    0.   -0.   -0.    0.    0.   -0.    0.   -0.
  0.    0.    0.    0.    0.   -0.   -0.   -0.   -0.   -0.    0.   -0.
 -0.3  -0.32 -0.3   0.31  0.33  0.31 -0.    0.   -0.   -0.   -0.    0.
  0.    0.  ]
orbital number 28 energy -4.9316567670363645
[-0.   -0.   -0.    0.    0.    0.   -0.   -0.    0.    0.    0.   -0.
  0.    0.   -0.    0.    0.   -0.    0.    0.   -0.    0.    0.   -0.
 -0.   -0.   -0.    0.   -0.    0.    0.    0.    0.    0.   -0.   -0.
 -0.   -0.   -0.   -0.    0.    0.    0.   -0.   -0.    0.   -0.21  0.21
 -0.13 -0.24 -0.14 -0.23 -0.13  0.13  0.23  0.14  0.24  0.13  0.    0.
 -0.   -0.   -0.    0.    0.    0.    0.   -0.    0.3   0.32  0.3  -0.31
 -0.33 -0.31]
orbital number 29 energy -4.519493584616593
[-0.   -0.   -0.    0.    0.   -0.   -0.23 -0.23 -0.    0.23  0.24  0.
 -0.    0.   -0.   -0.01  0.03 -0.12  0.   -0.   -0.2  -0.06  0.12  0.4
  0.12 -0.06  0.3   0.08  0.08 -0.05 -0.19 -0.15 -0.19 -0.05 -0.05 -0.19
 -0.15 -0.19 -0.05 -0.   -0.    0.    0.    0.   -0.    0.    0.    0.
 -0.   -0.   -0.   -0.   -0.   -0.   -0.   -0.   -0.   -0.   -0.21 -0.21
  0.08  0.25  0.07  0.08  0.25  0.07 -0.   -0.    0.    0.    0.    0.
  0.    0.  ]
orbital number 30 energy -4.519435337904566
[ 0.23  0.23 -0.   -0.24 -0.22  0.   -0.   -0.   -0.    0.    0.    0.
  0.01  0.   -0.   -0.    0.   -0.   -0.03  0.12 -0.   -0.    0.    0.
  0.   -0.    0.    0.    0.   -0.   -0.   -0.   -0.   -0.   -0.   -0.
 -0.   -0.   -0.    0.2   0.06 -0.12 -0.4  -0.12  0.06 -0.3  -0.08 -0.08
  0.05  0.19  0.15  0.19  0.05  0.05  0.19  0.15  0.19  0.05 -0.   -0.
  0.    0.    0.    0.    0.    0.    0.21  0.21 -0.08 -0.25 -0.07 -0.08
 -0.25 -0.08]
orbital number 31 energy -3.9855726216117056
[-0.   -0.    0.    0.    0.   -0.    0.25  0.31  0.   -0.3  -0.27 -0.12
 -0.   -0.12  0.    0.    0.21  0.29 -0.   -0.   -0.03 -0.15 -0.1  -0.06
 -0.1  -0.14  0.25  0.23  0.23  0.03 -0.16 -0.17 -0.16  0.03  0.03 -0.16
 -0.17 -0.16  0.03  0.    0.    0.    0.    0.    0.   -0.   -0.   -0.
 -0.    0.    0.    0.   -0.   -0.    0.    0.    0.   -0.    0.12  0.13
 -0.04  0.2  -0.04 -0.04  0.2  -0.04 -0.   -0.    0.   -0.    0.    0.
 -0.    0.  ]
orbital number 32 energy -3.9833535856049185
[-0.31 -0.25  0.12  0.27  0.3  -0.   -0.   -0.   -0.    0.    0.    0.
 -0.    0.    0.12 -0.   -0.   -0.   -0.21 -0.29  0.    0.    0.    0.
  0.    0.   -0.   -0.   -0.   -0.    0.    0.    0.   -0.   -0.    0.
  0.    0.   -0.    0.03  0.15  0.1   0.06  0.1   0.14 -0.25 -0.23 -0.23
 -0.03  0.16  0.17  0.16 -0.03 -0.03  0.16  0.17  0.16 -0.03 -0.   -0.
  0.   -0.    0.    0.   -0.    0.   -0.12 -0.13  0.04 -0.2   0.04  0.04
 -0.2   0.04]
orbital number 33 energy -3.515730762260212
[ 0.    0.   -0.   -0.   -0.    0.    0.    0.   -0.   -0.    0.   -0.
  0.   -0.   -0.    0.    0.    0.    0.    0.   -0.   -0.52 -0.34  0.
  0.34  0.52 -0.   -0.02  0.02 -0.01 -0.    0.01  0.02  0.    0.01  0.01
 -0.01 -0.02 -0.   -0.   -0.   -0.    0.    0.    0.   -0.    0.   -0.
  0.    0.   -0.   -0.   -0.    0.    0.    0.   -0.   -0.   -0.34  0.34
 -0.   -0.01  0.01  0.    0.01 -0.01 -0.    0.    0.    0.   -0.    0.
 -0.   -0.  ]
orbital number 34 energy -3.5148624262848136
[ 0.    0.    0.   -0.    0.    0.   -0.   -0.    0.    0.   -0.    0.
 -0.    0.    0.    0.   -0.   -0.   -0.   -0.    0.   -0.   -0.   -0.
  0.    0.   -0.    0.   -0.    0.    0.   -0.   -0.   -0.   -0.   -0.
  0.    0.    0.    0.    0.52  0.34 -0.   -0.34 -0.52  0.   -0.02  0.02
 -0.01 -0.01  0.01  0.02  0.01 -0.   -0.02 -0.01  0.    0.01 -0.    0.
  0.    0.   -0.   -0.   -0.    0.    0.34 -0.34 -0.01 -0.01  0.01 -0.01
  0.01  0.  ]
orbital number 35 energy -3.4994362662233756
[ 0.    0.   -0.   -0.   -0.   -0.    0.01  0.01 -0.   -0.01 -0.01 -0.01
 -0.   -0.01 -0.   -0.    0.01  0.01  0.    0.   -0.01 -0.02 -0.    0.02
  0.01 -0.   -0.   -0.   -0.02  0.32  0.49  0.   -0.49 -0.32  0.11  0.18
  0.01 -0.17 -0.12 -0.   -0.   -0.    0.    0.    0.   -0.    0.   -0.
  0.    0.   -0.   -0.   -0.   -0.   -0.    0.    0.    0.   -0.01  0.
  0.32 -0.   -0.31  0.12 -0.01 -0.11 -0.    0.    0.    0.   -0.   -0.
 -0.    0.  ]
orbital number 36 energy -3.4992604090501294
[-0.01 -0.01  0.    0.01  0.01  0.    0.    0.   -0.   -0.   -0.   -0.
  0.   -0.    0.01 -0.    0.    0.   -0.01 -0.01 -0.   -0.   -0.    0.
  0.    0.    0.   -0.   -0.    0.    0.    0.   -0.   -0.    0.    0.
  0.   -0.   -0.    0.01 -0.   -0.01 -0.02  0.    0.02  0.    0.    0.02
 -0.33 -0.51  0.    0.51  0.33  0.09  0.12 -0.01 -0.13 -0.08 -0.    0.
  0.   -0.   -0.    0.   -0.   -0.   -0.    0.01 -0.33 -0.    0.32  0.07
  0.01 -0.09]
orbital number 37 energy -3.497854853114722
[-0.    0.   -0.   -0.    0.   -0.    0.    0.   -0.   -0.   -0.   -0.
 -0.   -0.    0.   -0.    0.01  0.   -0.   -0.   -0.01  0.01  0.01  0.01
 -0.01 -0.02 -0.   -0.02  0.01 -0.12 -0.16  0.01  0.18  0.11  0.32  0.49
 -0.01 -0.5  -0.32  0.    0.    0.   -0.   -0.   -0.    0.   -0.    0.
 -0.   -0.    0.    0.    0.   -0.   -0.   -0.    0.    0.    0.01 -0.01
 -0.11 -0.01  0.12  0.31  0.01 -0.32  0.   -0.   -0.   -0.    0.   -0.
  0.    0.  ]
orbital number 38 energy -3.4971302325471783
[ 0.01  0.   -0.   -0.   -0.01 -0.    0.    0.   -0.   -0.   -0.   -0.
 -0.   -0.   -0.    0.    0.    0.    0.01  0.01 -0.   -0.   -0.    0.
  0.    0.    0.   -0.   -0.    0.    0.    0.   -0.   -0.    0.    0.
  0.   -0.   -0.   -0.01 -0.02 -0.01  0.01  0.01  0.01 -0.   -0.02  0.01
 -0.09 -0.11  0.01  0.13  0.07 -0.33 -0.51 -0.01  0.5   0.33 -0.    0.
  0.   -0.   -0.    0.   -0.   -0.   -0.01  0.01 -0.07 -0.01  0.09 -0.33
  0.01  0.32]
orbital number 39 energy -3.3536709252914334
[ 0.    0.   -0.   -0.   -0.   -0.    0.16  0.21 -0.03 -0.18 -0.09 -0.13
 -0.   -0.17 -0.   -0.05  0.28  0.19  0.    0.   -0.3  -0.19  0.15  0.44
  0.15 -0.19 -0.   -0.26 -0.21 -0.09  0.1   0.16  0.13 -0.08 -0.08  0.08
  0.13  0.12 -0.06 -0.    0.    0.    0.   -0.   -0.   -0.    0.   -0.
  0.   -0.   -0.   -0.    0.   -0.    0.    0.    0.   -0.   -0.14 -0.14
  0.07 -0.15  0.09  0.06 -0.13  0.08  0.   -0.   -0.    0.   -0.    0.
 -0.    0.  ]
orbital number 40 energy -3.3527913635780404
[-0.08 -0.06  0.05  0.04  0.07  0.01 -0.   -0.    0.    0.    0.    0.
  0.02  0.    0.07  0.   -0.   -0.   -0.11 -0.08  0.    0.    0.   -0.
 -0.   -0.    0.   -0.    0.   -0.    0.    0.    0.   -0.    0.   -0.
 -0.   -0.    0.    0.12  0.09 -0.05 -0.17 -0.07  0.06  0.    0.5  -0.31
  0.16 -0.23 -0.31 -0.22  0.17 -0.11  0.12  0.19  0.16 -0.09  0.   -0.
  0.   -0.    0.   -0.    0.   -0.    0.07  0.04 -0.16  0.29 -0.15  0.08
 -0.18  0.11]
orbital number 41 energy -3.3527686195095594
[-0.   -0.    0.    0.    0.    0.    0.01  0.01 -0.   -0.01 -0.   -0.01
  0.   -0.01  0.   -0.    0.01  0.01 -0.   -0.   -0.01 -0.03 -0.    0.02
  0.02  0.01 -0.    0.43 -0.45  0.13 -0.21 -0.27 -0.18  0.15 -0.14  0.22
  0.28  0.19 -0.16  0.    0.   -0.   -0.   -0.    0.    0.    0.   -0.
  0.   -0.   -0.   -0.    0.   -0.    0.    0.    0.   -0.   -0.02  0.01
 -0.14  0.25 -0.12  0.15 -0.27  0.13  0.    0.   -0.    0.   -0.    0.
 -0.    0.  ]
orbital number 42 energy -3.352017399580065
[ 0.19  0.14 -0.12 -0.08 -0.17 -0.03 -0.   -0.    0.    0.    0.    0.
 -0.04  0.   -0.16  0.   -0.   -0.    0.25  0.18  0.    0.   -0.   -0.
 -0.    0.    0.    0.   -0.    0.   -0.   -0.   -0.    0.   -0.    0.
  0.    0.   -0.   -0.28 -0.17  0.14  0.4   0.13 -0.18 -0.   -0.04 -0.39
 -0.03 -0.    0.03  0.04 -0.   -0.12  0.19  0.24  0.17 -0.14  0.    0.
 -0.    0.   -0.    0.   -0.    0.   -0.12 -0.13 -0.   -0.03  0.03  0.13
 -0.23  0.12]
orbital number 43 energy -2.229407268666647
[ 0.    0.   -0.    0.    0.   -0.    0.22  0.22 -0.2   0.27  0.25 -0.18
 -0.   -0.54 -0.   -0.58 -0.05 -0.17 -0.   -0.    0.03  0.08  0.   -0.08
  0.    0.08 -0.05  0.03  0.03  0.02 -0.01 -0.02 -0.01  0.02  0.02 -0.01
 -0.02 -0.01  0.02  0.    0.    0.   -0.    0.    0.   -0.    0.    0.
  0.   -0.   -0.   -0.    0.    0.   -0.   -0.   -0.    0.   -0.   -0.
 -0.01  0.01 -0.01 -0.01  0.02 -0.01 -0.   -0.   -0.    0.   -0.   -0.
  0.   -0.  ]
orbital number 44 energy -2.2270818666711945
[-0.22 -0.22  0.18 -0.25 -0.27  0.2   0.    0.   -0.    0.    0.   -0.
  0.58 -0.    0.54 -0.   -0.   -0.    0.05  0.17  0.    0.    0.   -0.
  0.    0.   -0.    0.    0.    0.   -0.   -0.   -0.    0.    0.   -0.
 -0.   -0.    0.   -0.03 -0.08 -0.    0.08 -0.   -0.08  0.05 -0.03 -0.03
 -0.02  0.01  0.02  0.01 -0.02 -0.02  0.01  0.02  0.01 -0.02 -0.   -0.
 -0.    0.   -0.   -0.    0.   -0.    0.    0.    0.01 -0.02  0.01  0.01
 -0.01  0.01]
orbital number 45 energy 0.0
[-0.    0.    0.    0.   -0.   -0.   -0.02  0.01  0.02  0.12 -0.04 -0.
  0.    0.05 -0.   -0.13 -0.15  0.04  0.   -0.    0.24 -0.04 -0.22 -0.02
 -0.22 -0.04  0.68 -0.08 -0.08 -0.19  0.02  0.18  0.02 -0.19 -0.19  0.02
  0.18  0.02 -0.19 -0.    0.    0.    0.    0.    0.   -0.    0.    0.
  0.   -0.   -0.   -0.    0.    0.   -0.   -0.   -0.    0.    0.12  0.12
  0.11 -0.1   0.11  0.1  -0.1   0.1  -0.   -0.   -0.    0.   -0.   -0.
  0.   -0.  ]
orbital number 46 energy 1.340362693280639e-05
[ 0.01 -0.02 -0.   -0.04  0.12  0.02 -0.    0.    0.    0.   -0.   -0.
 -0.14  0.    0.05 -0.   -0.    0.   -0.15  0.04  0.   -0.   -0.   -0.
 -0.   -0.    0.   -0.   -0.   -0.    0.    0.    0.   -0.   -0.    0.
  0.    0.   -0.    0.24 -0.04 -0.22 -0.02 -0.22 -0.04  0.68 -0.08 -0.08
 -0.19  0.02  0.18  0.02 -0.19 -0.19  0.02  0.18  0.02 -0.19  0.    0.
  0.   -0.    0.    0.   -0.    0.    0.12  0.12  0.11 -0.1   0.11  0.1
 -0.1   0.1 ]
orbital number 47 energy 1.14096303617798
[-0.    0.    0.    0.   -0.   -0.   -0.23  0.23  0.2   0.25 -0.25 -0.19
  0.    0.55 -0.   -0.57 -0.03  0.16  0.   -0.   -0.01 -0.07  0.03  0.07
  0.03 -0.07 -0.14  0.    0.    0.04 -0.   -0.04  0.    0.04  0.04 -0.
 -0.04  0.    0.04  0.    0.   -0.   -0.   -0.    0.    0.   -0.   -0.
 -0.    0.    0.   -0.   -0.   -0.   -0.    0.    0.   -0.   -0.02 -0.02
 -0.02  0.02 -0.02 -0.02  0.02 -0.02  0.    0.    0.   -0.    0.    0.
 -0.    0.  ]
orbital number 48 energy 1.143216228529183
[ 0.23 -0.23 -0.19 -0.25  0.25  0.2  -0.    0.    0.    0.   -0.   -0.
 -0.57  0.    0.55 -0.   -0.    0.   -0.03  0.16 -0.   -0.    0.    0.
  0.   -0.   -0.    0.    0.    0.   -0.   -0.    0.    0.    0.   -0.
 -0.    0.    0.   -0.01 -0.07  0.03  0.07  0.03 -0.07 -0.14  0.    0.
  0.04 -0.   -0.04  0.    0.04  0.04  0.   -0.04 -0.    0.04 -0.   -0.
 -0.    0.   -0.   -0.    0.   -0.   -0.02 -0.02 -0.02  0.02 -0.02 -0.02
  0.02 -0.02]
orbital number 49 energy 2.5808953022825953
[-0.    0.    0.   -0.    0.   -0.    0.26 -0.33 -0.02  0.32 -0.23  0.17
  0.   -0.19 -0.    0.03 -0.35  0.33 -0.    0.    0.27 -0.25 -0.07  0.3
 -0.07 -0.25 -0.16 -0.05 -0.05  0.07  0.02 -0.08  0.02  0.07  0.07  0.02
 -0.08  0.02  0.07  0.   -0.   -0.    0.   -0.   -0.   -0.   -0.   -0.
  0.    0.   -0.    0.    0.    0.    0.   -0.    0.    0.    0.03  0.03
 -0.03  0.03 -0.03 -0.03  0.03 -0.03  0.    0.   -0.    0.   -0.   -0.
  0.   -0.  ]
orbital number 50 energy 2.583226897154267
[ 0.33 -0.26 -0.17  0.23 -0.32  0.02  0.   -0.   -0.    0.   -0.    0.
 -0.02 -0.    0.19  0.   -0.    0.    0.35 -0.33  0.   -0.   -0.    0.
 -0.   -0.   -0.   -0.   -0.    0.    0.   -0.    0.    0.    0.    0.
 -0.    0.    0.   -0.27  0.25  0.07 -0.3   0.07  0.25  0.16  0.05  0.05
 -0.07 -0.02  0.09 -0.02 -0.07 -0.07 -0.02  0.08 -0.02 -0.07  0.    0.
 -0.    0.   -0.   -0.    0.   -0.   -0.03 -0.03  0.03 -0.04  0.03  0.03
 -0.03  0.03]
orbital number 51 energy 3.5610012721661644
[ 0.   -0.    0.    0.   -0.    0.    0.36 -0.33 -0.01  0.33 -0.35 -0.06
 -0.    0.05 -0.    0.    0.12  0.11 -0.   -0.   -0.34  0.14  0.18 -0.31
  0.18  0.14  0.02  0.16  0.15 -0.11 -0.06  0.18 -0.08 -0.09 -0.1  -0.06
  0.17 -0.08 -0.08  0.   -0.   -0.    0.   -0.   -0.   -0.   -0.   -0.
  0.    0.   -0.    0.    0.    0.    0.   -0.    0.    0.   -0.06 -0.06
  0.03 -0.06  0.04  0.03 -0.06  0.04  0.    0.   -0.    0.   -0.   -0.
  0.   -0.  ]
orbital number 52 energy 3.5623896445762906
[-0.33  0.36 -0.06 -0.35  0.33 -0.01  0.   -0.   -0.    0.   -0.   -0.
  0.    0.    0.04  0.    0.    0.    0.12  0.12 -0.    0.    0.   -0.
  0.    0.    0.    0.    0.   -0.   -0.    0.   -0.   -0.   -0.   -0.
  0.   -0.   -0.   -0.34  0.14  0.17 -0.31  0.18  0.14  0.02  0.17  0.15
 -0.11 -0.07  0.18 -0.08 -0.09 -0.08 -0.08  0.16 -0.06 -0.1  -0.   -0.
  0.   -0.    0.    0.   -0.    0.   -0.06 -0.06  0.03 -0.07  0.04  0.04
 -0.06  0.03]
orbital number 53 energy 3.5972177703336126
[-0.    0.   -0.   -0.    0.   -0.   -0.    0.   -0.   -0.    0.    0.
  0.   -0.    0.    0.   -0.   -0.    0.    0.    0.   -0.01  0.01  0.
 -0.01  0.01 -0.    0.37 -0.38 -0.21 -0.18  0.41 -0.16 -0.22  0.21  0.18
 -0.41  0.17  0.23 -0.   -0.    0.   -0.   -0.    0.    0.   -0.    0.
  0.    0.   -0.    0.    0.   -0.   -0.    0.   -0.   -0.    0.01 -0.
  0.08 -0.15  0.08 -0.08  0.15 -0.08  0.   -0.   -0.    0.   -0.    0.
 -0.    0.  ]
orbital number 54 energy 3.5980030470690743
[ 0.01 -0.01  0.    0.01 -0.01  0.    0.   -0.   -0.    0.   -0.   -0.
 -0.    0.   -0.    0.    0.    0.   -0.   -0.   -0.   -0.    0.   -0.
 -0.    0.   -0.    0.   -0.   -0.   -0.    0.   -0.   -0.    0.    0.
 -0.    0.    0.    0.01  0.01 -0.02  0.01  0.01 -0.02 -0.    0.37 -0.38
 -0.21 -0.18  0.41 -0.16 -0.22  0.23  0.17 -0.41  0.18  0.21  0.   -0.
  0.   -0.    0.   -0.    0.   -0.   -0.    0.01  0.08 -0.15  0.08 -0.08
  0.15 -0.08]
orbital number 55 energy 3.7223308064109233
[ 0.   -0.    0.    0.   -0.    0.   -0.01  0.01  0.   -0.01  0.01  0.
 -0.   -0.   -0.   -0.   -0.   -0.   -0.   -0.    0.01 -0.   -0.01  0.01
 -0.   -0.01 -0.    0.   -0.01 -0.49  0.43  0.   -0.43  0.49 -0.14  0.13
 -0.01 -0.12  0.15  0.   -0.    0.    0.   -0.    0.   -0.    0.   -0.
 -0.    0.    0.   -0.    0.    0.   -0.   -0.    0.   -0.    0.    0.
 -0.18 -0.    0.18 -0.05  0.    0.05  0.   -0.   -0.   -0.    0.    0.
  0.   -0.  ]
orbital number 56 energy 3.7224423410127203
[-0.01  0.01 -0.   -0.01  0.01 -0.   -0.    0.    0.   -0.    0.    0.
  0.   -0.    0.   -0.   -0.   -0.    0.    0.    0.   -0.   -0.    0.
  0.   -0.   -0.    0.   -0.   -0.    0.    0.   -0.    0.   -0.    0.
 -0.   -0.    0.   -0.01  0.01 -0.   -0.01  0.01  0.    0.   -0.    0.01
  0.5  -0.44 -0.    0.44 -0.5  -0.11  0.09  0.01 -0.1   0.1  -0.    0.
 -0.   -0.    0.   -0.    0.    0.   -0.    0.    0.18  0.   -0.18 -0.04
 -0.    0.04]
orbital number 57 energy 3.72370399180215
[-0.    0.   -0.   -0.    0.   -0.    0.   -0.   -0.    0.   -0.   -0.
  0.    0.    0.    0.    0.    0.    0.    0.   -0.    0.01 -0.   -0.
  0.01 -0.    0.    0.01 -0.01 -0.15  0.12  0.01 -0.13  0.14  0.49 -0.43
 -0.01  0.44 -0.49 -0.   -0.    0.   -0.   -0.    0.    0.    0.    0.
  0.   -0.    0.    0.   -0.   -0.    0.    0.   -0.    0.   -0.    0.
 -0.05 -0.    0.05  0.18  0.   -0.18  0.   -0.    0.   -0.   -0.   -0.
  0.    0.  ]
orbital number 58 energy 3.7242480036235888
[ 0.   -0.    0.    0.   -0.    0.   -0.    0.   -0.   -0.    0.   -0.
 -0.    0.   -0.    0.   -0.    0.   -0.   -0.    0.   -0.    0.    0.
 -0.    0.   -0.    0.   -0.   -0.    0.    0.   -0.    0.   -0.    0.
 -0.   -0.    0.    0.    0.   -0.01  0.    0.   -0.01 -0.   -0.01  0.01
  0.11 -0.09 -0.01  0.1  -0.1   0.5  -0.44  0.01  0.44 -0.5   0.   -0.
 -0.   -0.    0.   -0.    0.    0.   -0.    0.    0.04  0.   -0.04  0.18
 -0.   -0.18]
orbital number 59 energy 3.7538095765949375
[ 0.    0.   -0.    0.    0.   -0.   -0.    0.   -0.   -0.    0.    0.
  0.    0.    0.    0.    0.   -0.    0.   -0.    0.    0.45 -0.51  0.
  0.51 -0.45  0.    0.01 -0.01 -0.   -0.01  0.01 -0.   -0.01  0.    0.01
 -0.01  0.    0.01  0.   -0.    0.    0.   -0.    0.    0.   -0.   -0.
 -0.    0.   -0.   -0.    0.    0.   -0.    0.    0.   -0.   -0.18  0.18
  0.   -0.   -0.   -0.    0.   -0.    0.   -0.   -0.    0.    0.    0.
 -0.   -0.  ]
orbital number 60 energy 3.755233502977478
[-0.    0.   -0.   -0.    0.    0.   -0.    0.   -0.   -0.    0.    0.
 -0.   -0.   -0.    0.   -0.   -0.   -0.    0.    0.   -0.    0.    0.
 -0.    0.   -0.   -0.    0.    0.   -0.   -0.    0.   -0.   -0.    0.
  0.   -0.    0.   -0.   -0.45  0.51 -0.   -0.51  0.45 -0.    0.01 -0.01
 -0.   -0.01  0.01 -0.   -0.01  0.01  0.   -0.01  0.01  0.    0.   -0.
  0.    0.   -0.   -0.   -0.    0.    0.18 -0.18  0.   -0.    0.    0.
  0.   -0.  ]
orbital number 61 energy 4.013803269445724
[-0.   -0.    0.   -0.   -0.    0.   -0.3  -0.03  0.4  -0.26 -0.04  0.46
 -0.   -0.32 -0.   -0.28 -0.11  0.12 -0.    0.   -0.01 -0.05  0.07 -0.02
  0.07 -0.05 -0.15  0.18  0.18 -0.07 -0.1   0.2  -0.1  -0.07 -0.07 -0.1
  0.2  -0.1  -0.07 -0.   -0.    0.   -0.    0.   -0.   -0.    0.    0.
 -0.   -0.    0.   -0.   -0.   -0.   -0.    0.   -0.   -0.   -0.02 -0.02
  0.03 -0.07  0.02  0.03 -0.07  0.02 -0.   -0.    0.   -0.    0.    0.
 -0.    0.  ]
orbital number 62 energy 4.015237606512915
[ 0.03  0.3  -0.46  0.04  0.26 -0.39 -0.   -0.    0.   -0.   -0.    0.
  0.27 -0.    0.32 -0.   -0.    0.    0.11 -0.12 -0.   -0.    0.   -0.
  0.   -0.   -0.    0.    0.   -0.   -0.    0.   -0.   -0.   -0.   -0.
  0.   -0.   -0.    0.01  0.05 -0.07  0.02 -0.07  0.05  0.16 -0.18 -0.19
  0.07  0.1  -0.2   0.1   0.07  0.08  0.1  -0.2   0.1   0.07 -0.   -0.
  0.   -0.    0.    0.   -0.    0.    0.02  0.02 -0.03  0.07 -0.02 -0.02
  0.07 -0.03]
orbital number 63 energy 4.177884480657706
[ 0.    0.   -0.    0.    0.   -0.   -0.02 -0.2   0.31 -0.06 -0.2   0.25
  0.   -0.17  0.   -0.21  0.13 -0.   -0.   -0.   -0.21  0.14  0.02 -0.17
  0.02  0.14  0.31 -0.26 -0.26  0.08  0.16 -0.29  0.16  0.08  0.09  0.16
 -0.29  0.16  0.08  0.   -0.   -0.    0.   -0.   -0.   -0.    0.    0.
 -0.   -0.    0.   -0.   -0.   -0.   -0.    0.   -0.   -0.   -0.   -0.01
 -0.03  0.1  -0.03 -0.03  0.1  -0.03  0.    0.    0.   -0.    0.    0.
 -0.    0.  ]
orbital number 64 energy 4.178835413631813
[-0.2  -0.02  0.25 -0.2  -0.07  0.31 -0.   -0.    0.   -0.   -0.    0.
 -0.21 -0.   -0.17 -0.    0.   -0.    0.13 -0.   -0.    0.    0.   -0.
  0.    0.    0.   -0.   -0.    0.    0.   -0.    0.    0.    0.    0.
 -0.    0.    0.   -0.21  0.14  0.02 -0.17  0.02  0.14  0.31 -0.26 -0.26
  0.08  0.16 -0.29  0.16  0.08  0.08  0.16 -0.29  0.16  0.08 -0.   -0.
 -0.    0.   -0.   -0.    0.   -0.   -0.01 -0.01 -0.03  0.1  -0.03 -0.03
  0.1  -0.03]
orbital number 65 energy 5.112480882935502
[-0.   -0.    0.   -0.   -0.    0.    0.24 -0.3   0.29 -0.09 -0.11 -0.09
 -0.    0.05 -0.   -0.15  0.42 -0.44  0.   -0.    0.17  0.06 -0.25  0.34
 -0.25  0.06 -0.15  0.03  0.03  0.02 -0.06  0.08 -0.06  0.02  0.02 -0.06
  0.08 -0.06  0.02 -0.    0.    0.    0.   -0.    0.   -0.   -0.   -0.
  0.   -0.    0.    0.    0.    0.   -0.   -0.    0.    0.    0.08  0.08
 -0.01 -0.02 -0.01 -0.01 -0.02 -0.01  0.    0.   -0.   -0.   -0.   -0.
 -0.   -0.  ]
orbital number 66 energy 5.114658406066859
[ 0.3  -0.24  0.09  0.11  0.09 -0.29  0.   -0.    0.   -0.    0.   -0.
  0.15  0.   -0.05 -0.   -0.    0.   -0.42  0.44 -0.    0.   -0.    0.
 -0.    0.   -0.    0.    0.   -0.    0.   -0.    0.   -0.   -0.    0.
 -0.    0.   -0.   -0.17 -0.06  0.25 -0.34  0.25 -0.06  0.15 -0.03 -0.03
 -0.02  0.06 -0.08  0.06 -0.02 -0.02  0.06 -0.08  0.06 -0.02  0.    0.
  0.    0.    0.    0.    0.    0.   -0.08 -0.08  0.01  0.02  0.01  0.01
  0.02  0.01]
orbital number 67 energy 6.083963651476145
[ 0.   -0.    0.   -0.    0.   -0.   -0.24  0.24 -0.26  0.25 -0.27  0.27
  0.   -0.11 -0.    0.11  0.06  0.07  0.    0.   -0.27  0.25 -0.25  0.23
 -0.25  0.25 -0.01 -0.13 -0.1   0.14 -0.14  0.15 -0.14  0.14  0.11 -0.11
  0.12 -0.11  0.11 -0.    0.   -0.    0.   -0.    0.   -0.   -0.   -0.
  0.   -0.    0.   -0.    0.    0.   -0.    0.   -0.    0.    0.07  0.07
 -0.04 -0.04 -0.04 -0.03 -0.03 -0.03  0.    0.   -0.   -0.   -0.   -0.
 -0.   -0.  ]
orbital number 68 energy 6.0854359269405975
[-0.24  0.24 -0.27  0.26 -0.25  0.26 -0.    0.   -0.    0.   -0.    0.
 -0.11 -0.    0.11  0.    0.    0.   -0.06 -0.07 -0.    0.   -0.    0.
 -0.    0.   -0.   -0.   -0.    0.   -0.    0.   -0.    0.    0.   -0.
  0.   -0.    0.    0.27 -0.25  0.25 -0.23  0.25 -0.25  0.    0.14  0.09
 -0.15  0.15 -0.16  0.15 -0.15 -0.1   0.1  -0.11  0.1  -0.1   0.    0.
 -0.   -0.   -0.   -0.   -0.   -0.   -0.07 -0.07  0.04  0.04  0.04  0.03
  0.03  0.03]
orbital number 69 energy 6.091868874549707
[-0.    0.   -0.    0.   -0.    0.   -0.01  0.01 -0.01  0.01 -0.01  0.01
 -0.   -0.01  0.    0.01  0.    0.   -0.   -0.   -0.01  0.01 -0.01  0.01
 -0.01  0.01 -0.    0.26 -0.27 -0.28  0.28 -0.29  0.28 -0.28  0.29 -0.29
  0.31 -0.29  0.29  0.   -0.    0.   -0.    0.   -0.    0.   -0.    0.
  0.   -0.    0.   -0.    0.   -0.    0.   -0.    0.   -0.    0.    0.
  0.08  0.08  0.08 -0.08 -0.09 -0.08 -0.   -0.   -0.   -0.   -0.    0.
  0.    0.  ]
orbital number 70 energy 6.092475995854587
[ 0.02 -0.02  0.02 -0.02  0.02 -0.02 -0.    0.   -0.    0.   -0.    0.
  0.01 -0.   -0.01  0.    0.    0.    0.01  0.01 -0.    0.   -0.    0.
 -0.    0.   -0.    0.   -0.   -0.    0.   -0.    0.   -0.    0.   -0.
  0.   -0.    0.   -0.02  0.02 -0.02  0.02 -0.02  0.02 -0.    0.25 -0.27
 -0.27  0.27 -0.29  0.27 -0.27  0.29 -0.29  0.31 -0.29  0.29  0.    0.
  0.    0.    0.   -0.   -0.   -0.    0.01  0.01  0.08  0.08  0.08 -0.08
 -0.09 -0.08]
orbital number 71 energy 6.2683860584002655
[ 0.   -0.    0.   -0.    0.   -0.   -0.13  0.12 -0.14  0.15 -0.18  0.16
  0.   -0.06 -0.    0.06  0.12 -0.06  0.   -0.   -0.03  0.06 -0.1   0.15
 -0.1   0.06 -0.2   0.28  0.28 -0.25  0.23 -0.23  0.23 -0.25 -0.25  0.23
 -0.23  0.23 -0.25 -0.    0.   -0.    0.   -0.    0.   -0.    0.    0.
 -0.    0.   -0.    0.   -0.   -0.    0.   -0.    0.   -0.    0.03  0.03
  0.07  0.06  0.07  0.07  0.06  0.07  0.    0.    0.    0.    0.    0.
  0.    0.  ]
orbital number 72 energy 6.26896398277276
[ 0.12 -0.13  0.16 -0.18  0.15 -0.14  0.   -0.    0.   -0.    0.   -0.
  0.06 -0.   -0.06 -0.    0.   -0.    0.12 -0.06  0.   -0.    0.   -0.
  0.   -0.    0.   -0.   -0.    0.   -0.    0.   -0.    0.    0.   -0.
  0.   -0.    0.   -0.03  0.07 -0.11  0.15 -0.11  0.07 -0.2   0.28  0.28
 -0.25  0.23 -0.23  0.23 -0.25 -0.25  0.23 -0.23  0.23 -0.25 -0.   -0.
 -0.   -0.   -0.   -0.   -0.   -0.    0.03  0.03  0.07  0.06  0.07  0.07
  0.06  0.07]
orbital number 73 energy 6.568544050646345
[ 0.   -0.    0.   -0.    0.   -0.    0.16 -0.14  0.17 -0.22  0.33 -0.23
  0.    0.09 -0.   -0.07 -0.35  0.37  0.   -0.   -0.37  0.26 -0.22  0.2
 -0.22  0.26 -0.09  0.06  0.06 -0.04  0.03 -0.03  0.03 -0.04 -0.04  0.03
 -0.03  0.03 -0.04  0.   -0.    0.   -0.    0.   -0.    0.    0.   -0.
 -0.    0.   -0.    0.   -0.    0.    0.   -0.   -0.    0.    0.06  0.06
  0.01  0.01  0.01  0.01  0.01  0.01 -0.   -0.    0.    0.    0.    0.
 -0.    0.  ]
orbital number 74 energy 6.570731614987704
[-0.14  0.16 -0.23  0.33 -0.22  0.18  0.   -0.    0.   -0.    0.   -0.
 -0.07  0.    0.09 -0.   -0.    0.   -0.35  0.37 -0.    0.   -0.    0.
 -0.    0.   -0.    0.    0.   -0.    0.   -0.    0.   -0.   -0.    0.
 -0.    0.   -0.   -0.37  0.26 -0.22  0.2  -0.22  0.26 -0.09  0.06  0.06
 -0.04  0.03 -0.03  0.03 -0.04 -0.04  0.03 -0.03  0.03 -0.04  0.    0.
  0.    0.    0.    0.    0.    0.    0.06  0.06  0.01  0.01  0.01  0.01
  0.01  0.01]

Orbital occupation numbers:
1: 2.000000
2: 2.000000
3: 2.000000
4: 2.000000
5: 2.000000
6: 2.000000
7: 2.000000
8: 2.000000
9: 2.000000
10: 2.000000
11: 2.000000
12: 2.000000
13: 2.000000
14: 2.000000
15: 2.000000
16: 2.000000
17: 2.000000
18: 2.000000
19: 2.000000
20: 2.000000
21: 2.000000
22: 2.000000
23: 2.000000
24: 2.000000
25: 2.000000
26: 2.000000
27: 2.000000
28: 2.000000
29: 2.000000
30: 2.000000
31: 2.000000
32: 2.000000
33: 2.000000
34: 2.000000
35: 2.000000
36: 2.000000
37: 2.000000
38: 2.000000
39: 2.000000
40: 2.000000
41: 2.000000
42: 2.000000
43: 2.000000
44: 2.000000
45: 1.000000
46: 1.000000
47: 0.000000
48: -0.000000
49: -0.000000
50: 0.000000
51: -0.000000
52: 0.000000
53: -0.000000
54: -0.000000
55: 0.000000
56: -0.000000
57: 0.000000
58: 0.000000
59: -0.000000
60: -0.000000
61: -0.000000
62: -0.000000
63: -0.000000
64: -0.000000
65: -0.000000
66: 0.000000
67: -0.000000
68: -0.000000
69: 0.000000
70: 0.000000
71: 0.000000
72: -0.000000
73: -0.000000
74: -0.000000

------------------------
Starting ExROPPP calculation for diradical in rotated basis
------------------------

Coulomb Matrix in MO basis, J_ij = (ii|jj):
 [[2.81939426 0.5924642  2.85291139 ... 0.58334587 1.49504264 0.74555422]
 [0.5924642  2.81948878 0.58908994 ... 2.44129948 0.74859513 1.49359408]
 [2.85291139 0.58908994 2.91399303 ... 0.5781629  1.40436952 0.73410151]
 ...
 [0.58334587 2.44129948 0.5781629  ... 2.26711467 0.79433112 1.55054629]
 [1.49504264 0.74859513 1.40436952 ... 0.79433112 2.87178099 1.1658703 ]
 [0.74555422 1.49359408 0.73410151 ... 1.55054629 1.1658703  2.87323689]]
Coulomb Matrix in MO basis, K_ij = (ij|ji):
 [[2.81939426e+00 5.03016846e-27 8.30544343e-01 ... 1.62565785e-28
  1.50573077e-02 2.02892847e-29]
 [5.03016846e-27 2.81948878e+00 2.66226758e-25 ... 1.39775604e-01
  1.75207798e-29 1.49260815e-02]
 [8.30544343e-01 2.66226758e-25 2.91399303e+00 ... 4.58239826e-26
  3.79484784e-03 1.19462364e-27]
 ...
 [1.62565785e-28 1.39775604e-01 4.58239826e-26 ... 2.26711467e+00
  1.04227974e-28 2.83443034e-01]
 [1.50573077e-02 1.75207798e-29 3.79484784e-03 ... 1.04227974e-28
  2.87178099e+00 9.76248758e-28]
 [2.02892847e-29 1.49260815e-02 1.19462364e-27 ... 2.83443034e-01
  9.76248758e-28 2.87323689e+00]]
Dimensions of CI matrix: (10404, 10404)
Checking that the Hamiltonian is symmetric (a value of zero means matrix is symmetric) ... 
Frobenius norm of matrix - matrix transpose = 0.000000.

Lowest 30 states. WARNING - Some states may not be included in the spectrum.

Diagonalizing Hamiltonian using the sparse matrix method ...

Calculating dipole moments ...

Permanent dipole moment of reference states:
             Open-Shell Singlet (|OS1>) = 0.016 x -0.029 y 0.042 z
             Zwitterion - (|ZW->) = 0.016 x -0.029 y 0.042 z
             Zwitterion + (|ZW+>) = 0.016 x -0.029 y 0.042 z
             Open-Shell Triplet (|OS3>) = 0.016 x -0.029 y 0.042 z

Checking that the Dipole matrix is symmetric (a value of zero means matrix is symmetric) ... 
Frobenius norm of matrix - matrix transpose = 0.00000             0.00000, 0.00000.

Energy of the lowest CI state: -302.7610737600438

State 0 0.000 eV 
Excitation    CI Coef
|3^OS>    0.89180
|3^CS(22->0)>    0.06865
|3^CS(16->0)>   -0.07992
|3^CS(14->0)>   -0.07727
|3^CS(15->0')>    0.06206
|3^CS(13->0')>    0.05918
|3^SV(0->1')>   -0.08434
|3^SV(0->3')>   -0.06601
|3^SV(0->17')>    0.08753
|3^SV(0'->2')>    0.09500
|3^SV(0'->4')>   -0.07681
|3^SV(0'->16')>   -0.05271
|3^SV(0'->18')>   -0.09549
|3S^CV(2->1')>   -0.12944
|3S^CV(1->2')>   -0.13984
|3X^CV(2->1')>   -0.10984
|3X^CV(1->2')>    0.11231
Ground state is triplet
TDMs with Triplet 'Ground' state
TDMX:0.005   TDMY:-0.111   TDMZ:0.178   Oscillator Strength:0.00000   <S**2>: 2.000
--------------------------------------------------------------------
TDMs with Singlet 'Ground' state
TDMX:0.000   TDMY:0.000   TDMZ:-0.000   Oscillator Strength:-0.00000   <S**2>: 2.000
--------------------------------------------------------------------


State 1 0.015 eV 
Excitation    CI Coef
|1^OS>    0.90020
|1^CS(22->0)>   -0.06645
|1^CS(16->0)>    0.07674
|1^CS(14->0)>    0.07439
|1^CS(21->0')>   -0.06825
|1^CS(15->0')>    0.07923
|1^CS(13->0')>    0.07615
|1^SV(0->1')>   -0.07237
|1^SV(0->3')>   -0.05102
|1^SV(0->17')>    0.06779
|1^SV(0'->2')>    0.07863
|1^SV(0'->4')>   -0.05983
|1^SV(0'->18')>   -0.07880
|1T^CV(16->17')>    0.05460
|1T^CV(15->18')>    0.05446
|1T^CV(6->3')>   -0.05061
|1T^CV(2->1')>    0.17558
|1T^CV(1->2')>    0.16827
TDMs with Triplet 'Ground' state
TDMX:0.000   TDMY:0.000   TDMZ:-0.000   Oscillator Strength:0.00000   <S**2>: 0.000
--------------------------------------------------------------------
TDMs with Singlet 'Ground' state
TDMX:0.025   TDMY:-0.092   TDMZ:0.156   Oscillator Strength:0.00000   <S**2>: 0.000
--------------------------------------------------------------------


State 2 0.094 eV 
Excitation    CI Coef
|3S^CV(20->15')>   -0.06518
|3S^CV(19->16')>   -0.08412
|3S^CV(6->1')>    0.06971
|3S^CV(3->2')>    0.08341
|3S^CV(2->1')>    0.54329
|3S^CV(2->3')>   -0.08851
|3S^CV(1->2')>   -0.70374
|3S^CV(1->4')>   -0.11530
|3S^CV(1->20')>    0.05537
|3X^CV(2->1')>   -0.19266
|3X^CV(1->2')>   -0.25356
TDMs with Triplet 'Ground' state
TDMX:0.031   TDMY:0.006   TDMZ:0.002   Oscillator Strength:0.00000   <S**2>: 2.000
--------------------------------------------------------------------
TDMs with Singlet 'Ground' state
TDMX:0.000   TDMY:-0.000   TDMZ:0.000   Oscillator Strength:0.00000   <S**2>: 2.000
--------------------------------------------------------------------


State 3 0.095 eV 
Excitation    CI Coef
|3^OS>   -0.11087
|3S^CV(20->15')>    0.08206
|3S^CV(19->16')>   -0.06258
|3S^CV(6->1')>   -0.09001
|3S^CV(3->2')>    0.06343
|3S^CV(2->1')>   -0.68924
|3S^CV(2->3')>    0.11399
|3S^CV(2->19')>   -0.05415
|3S^CV(1->2')>   -0.52723
|3S^CV(1->4')>   -0.08755
|3X^CV(2->1')>    0.28180
|3X^CV(1->2')>   -0.21608
TDMs with Triplet 'Ground' state
TDMX:0.042   TDMY:-0.031   TDMZ:0.053   Oscillator Strength:0.00001   <S**2>: 2.000
--------------------------------------------------------------------
TDMs with Singlet 'Ground' state
TDMX:-0.000   TDMY:-0.000   TDMZ:0.000   Oscillator Strength:0.00000   <S**2>: 2.000
--------------------------------------------------------------------


State 4 0.173 eV 
Excitation    CI Coef
|5^CV(23->16')>    0.05756
|5^CV(21->16')>   -0.06233
|5^CV(19->16')>   -0.10950
|5^CV(19->18')>    0.05532
|5^CV(13->4')>   -0.06585
|5^CV(3->2')>    0.10983
|5^CV(3->4')>    0.05726
|5^CV(1->2')>   -0.95801
|5^CV(1->4')>   -0.09546
TDMs with Triplet 'Ground' state
TDMX:-0.000   TDMY:-0.000   TDMZ:0.000   Oscillator Strength:0.00000   <S**2>: 6.000
--------------------------------------------------------------------
TDMs with Singlet 'Ground' state
TDMX:0.000   TDMY:0.000   TDMZ:-0.000   Oscillator Strength:0.00000   <S**2>: 6.000
--------------------------------------------------------------------


State 5 0.173 eV 
Excitation    CI Coef
|5^CV(24->15')>   -0.05816
|5^CV(22->15')>    0.06275
|5^CV(20->15')>    0.10969
|5^CV(20->17')>    0.05448
|5^CV(14->3')>    0.06579
|5^CV(6->1')>   -0.11989
|5^CV(6->3')>    0.06245
|5^CV(2->1')>   -0.95798
|5^CV(2->3')>    0.09551
TDMs with Triplet 'Ground' state
TDMX:0.000   TDMY:-0.000   TDMZ:0.000   Oscillator Strength:0.00000   <S**2>: 6.000
--------------------------------------------------------------------
TDMs with Singlet 'Ground' state
TDMX:-0.000   TDMY:0.000   TDMZ:-0.000   Oscillator Strength:0.00000   <S**2>: 6.000
--------------------------------------------------------------------


State 6 0.231 eV 
Excitation    CI Coef
|3^OS>   -0.06586
|3^CS(2->0)>    0.08587
|3^CS(1->0')>    0.20188
|3^SV(0'->2')>   -0.13331
|3S^CV(2->1')>    0.11740
|3S^CV(1->2')>   -0.25847
|3X^CV(21->16')>    0.05606
|3X^CV(19->16')>    0.09408
|3X^CV(13->4')>    0.05476
|3X^CV(3->2')>   -0.09099
|3X^CV(2->1')>    0.35713
|3X^CV(1->2')>    0.79364
|3X^CV(1->4')>    0.08630
TDMs with Triplet 'Ground' state
TDMX:0.184   TDMY:0.026   TDMZ:-0.036   Oscillator Strength:0.00020   <S**2>: 2.000
--------------------------------------------------------------------
TDMs with Singlet 'Ground' state
TDMX:-0.000   TDMY:-0.000   TDMZ:0.000   Oscillator Strength:0.00000   <S**2>: 2.000
--------------------------------------------------------------------


State 7 0.242 eV 
Excitation    CI Coef
|3^OS>    0.16044
|3^CS(2->0)>    0.20194
|3^CS(1->0')>   -0.08948
|3^SV(0->1')>   -0.14497
|3^SV(0'->2')>    0.08076
|3S^CV(2->1')>    0.27040
|3S^CV(2->3')>   -0.05248
|3S^CV(1->2')>    0.11487
|3X^CV(22->15')>   -0.05743
|3X^CV(20->15')>   -0.09233
|3X^CV(14->3')>   -0.05360
|3X^CV(6->1')>    0.09776
|3X^CV(2->1')>    0.78084
|3X^CV(2->3')>   -0.08653
|3X^CV(1->2')>   -0.33111
TDMs with Triplet 'Ground' state
TDMX:-0.029   TDMY:0.057   TDMZ:-0.094   Oscillator Strength:0.00008   <S**2>: 2.000
--------------------------------------------------------------------
TDMs with Singlet 'Ground' state
TDMX:0.000   TDMY:0.000   TDMZ:-0.000   Oscillator Strength:0.00000   <S**2>: 2.000
--------------------------------------------------------------------


State 8 0.244 eV 
Excitation    CI Coef
|1^CS(2->0)>    0.17463
|1^CS(1->0')>   -0.14604
|1^SV(0->1')>    0.11075
|1^SV(0'->2')>    0.08665
|1T^CV(20->15')>   -0.08414
|1T^CV(19->16')>   -0.07122
|1T^CV(14->3')>   -0.05067
|1T^CV(6->1')>    0.08633
|1T^CV(3->2')>    0.06605
|1T^CV(2->1')>    0.70066
|1T^CV(2->3')>   -0.07794
|1T^CV(1->2')>   -0.59125
|1T^CV(1->4')>   -0.06443
TDMs with Triplet 'Ground' state
TDMX:-0.000   TDMY:0.000   TDMZ:-0.000   Oscillator Strength:0.00000   <S**2>: 0.000
--------------------------------------------------------------------
TDMs with Singlet 'Ground' state
TDMX:-0.127   TDMY:-0.049   TDMZ:0.076   Oscillator Strength:0.00014   <S**2>: 0.000
--------------------------------------------------------------------


State 9 0.256 eV 
Excitation    CI Coef
|1^OS>    0.20555
|1^CS(2->0)>   -0.14753
|1^CS(1->0')>   -0.17702
|1^SV(0->1')>   -0.11547
|1^SV(0'->2')>    0.13412
|1T^CV(21->16')>   -0.05202
|1T^CV(20->15')>    0.06660
|1T^CV(19->16')>   -0.08051
|1T^CV(6->1')>   -0.07267
|1T^CV(3->2')>    0.07952
|1T^CV(2->1')>   -0.56455
|1T^CV(2->3')>    0.06731
|1T^CV(1->2')>   -0.68071
|1T^CV(1->4')>   -0.07974
TDMs with Triplet 'Ground' state
TDMX:-0.000   TDMY:0.000   TDMZ:-0.000   Oscillator Strength:0.00000   <S**2>: 0.000
--------------------------------------------------------------------
TDMs with Singlet 'Ground' state
TDMX:-0.082   TDMY:0.054   TDMZ:-0.098   Oscillator Strength:0.00011   <S**2>: 0.000
--------------------------------------------------------------------


State 10 1.793 eV 
Excitation    CI Coef
|3^OS>    0.12608
|3^CS(13->0')>   -0.15502
|3^CS(5->0')>   -0.10835
|3^CS(3->0')>    0.20305
|3^CS(1->0')>    0.05208
|3^SV(0->1')>    0.11862
|3^SV(0'->2')>   -0.61270
|3^SV(0'->4')>    0.35009
|3^SV(0'->6')>    0.11662
|3^SV(0'->18')>    0.13973
|3^SV(0'->20')>    0.07891
|3S^CV(13->2')>    0.15292
|3S^CV(13->4')>   -0.05598
|3S^CV(5->2')>    0.05241
|3S^CV(3->2')>   -0.12275
|3S^CV(3->4')>    0.06962
|3S^CV(1->4')>    0.12938
|3X^CV(23->2')>    0.07729
|3X^CV(19->2')>   -0.05590
|3X^CV(15->2')>    0.05232
|3X^CV(13->2')>   -0.21177
|3X^CV(5->2')>   -0.08277
|3X^CV(3->2')>    0.19277
|3X^CV(3->4')>   -0.08240
|3X^CV(1->2')>   -0.05002
|3X^CV(1->4')>   -0.20092
|3X^CV(1->6')>    0.07554
|3X^CV(1->16')>   -0.08977
|3X^CV(1->18')>    0.07915
|3^SVD(1,2)>   -0.08510
|3^SVD(1,4)>    0.05241
|3^SVD(2,17)>    0.05055
TDMs with Triplet 'Ground' state
TDMX:0.719   TDMY:0.181   TDMZ:-0.429   Oscillator Strength:0.03224   <S**2>: 2.000
--------------------------------------------------------------------
TDMs with Singlet 'Ground' state
TDMX:-0.000   TDMY:-0.000   TDMZ:0.000   Oscillator Strength:0.00000   <S**2>: 2.000
--------------------------------------------------------------------


State 11 1.808 eV 
Excitation    CI Coef
|3T^CV(1->1')>    0.71065
|3S^CV(1->1')>   -0.69484
TDMs with Triplet 'Ground' state
TDMX:-0.001   TDMY:-0.000   TDMZ:0.000   Oscillator Strength:0.00000   <S**2>: 2.000
--------------------------------------------------------------------
TDMs with Singlet 'Ground' state
TDMX:-0.000   TDMY:-0.000   TDMZ:0.000   Oscillator Strength:0.00000   <S**2>: 2.000
--------------------------------------------------------------------


State 12 1.809 eV 
Excitation    CI Coef
|1S^CV(1->1')>   -0.57167
|1T^CV(1->1')>   -0.33005
|5^CV(3->1')>   -0.05092
|5^CV(1->1')>    0.74385
TDMs with Triplet 'Ground' state
TDMX:0.000   TDMY:-0.000   TDMZ:-0.000   Oscillator Strength:0.00000   <S**2>: 3.357
--------------------------------------------------------------------
TDMs with Singlet 'Ground' state
TDMX:-0.000   TDMY:-0.000   TDMZ:0.000   Oscillator Strength:0.00000   <S**2>: 3.357
--------------------------------------------------------------------


State 13 1.809 eV 
Excitation    CI Coef
|1S^CV(1->1')>    0.64420
|1T^CV(1->1')>    0.37193
|5^CV(1->1')>    0.66011
TDMs with Triplet 'Ground' state
TDMX:0.000   TDMY:0.000   TDMZ:-0.000   Oscillator Strength:0.00000   <S**2>: 2.643
--------------------------------------------------------------------
TDMs with Singlet 'Ground' state
TDMX:0.000   TDMY:0.000   TDMZ:-0.000   Oscillator Strength:0.00000   <S**2>: 2.643
--------------------------------------------------------------------


State 14 1.812 eV 
Excitation    CI Coef
|3T^CV(6->2')>    0.05285
|3T^CV(2->2')>    0.70733
|3S^CV(6->2')>    0.05254
|3S^CV(2->2')>    0.69861
TDMs with Triplet 'Ground' state
TDMX:-0.000   TDMY:-0.000   TDMZ:0.000   Oscillator Strength:0.00000   <S**2>: 2.000
--------------------------------------------------------------------
TDMs with Singlet 'Ground' state
TDMX:-0.000   TDMY:-0.000   TDMZ:0.000   Oscillator Strength:0.00000   <S**2>: 2.000
--------------------------------------------------------------------


State 15 1.813 eV 
Excitation    CI Coef
|1S^CV(2->2')>   -0.11085
|1T^CV(2->2')>    0.06400
|5^CV(6->2')>    0.07390
|5^CV(2->2')>    0.98623
TDMs with Triplet 'Ground' state
TDMX:-0.000   TDMY:-0.000   TDMZ:0.000   Oscillator Strength:0.00000   <S**2>: 5.901
--------------------------------------------------------------------
TDMs with Singlet 'Ground' state
TDMX:0.000   TDMY:0.000   TDMZ:-0.000   Oscillator Strength:0.00000   <S**2>: 5.901
--------------------------------------------------------------------


State 16 1.813 eV 
Excitation    CI Coef
|1S^CV(6->2')>   -0.06400
|1S^CV(2->2')>   -0.85410
|1T^CV(2->2')>    0.49311
|5^CV(2->2')>   -0.12800
TDMs with Triplet 'Ground' state
TDMX:0.000   TDMY:0.000   TDMZ:-0.000   Oscillator Strength:0.00000   <S**2>: 0.099
--------------------------------------------------------------------
TDMs with Singlet 'Ground' state
TDMX:0.000   TDMY:0.000   TDMZ:-0.000   Oscillator Strength:0.00000   <S**2>: 0.099
--------------------------------------------------------------------


State 17 1.857 eV 
Excitation    CI Coef
|3^SV(0->2')>    0.13747
|3^SV(0'->1')>    0.39080
|3T^CV(2->2')>    0.13745
|3T^CV(1->1')>    0.40190
|3S^CV(2->2')>   -0.14526
|3S^CV(1->1')>    0.44106
|3X^CV(2->2')>   -0.20242
|3X^CV(1->1')>   -0.61575
TDMs with Triplet 'Ground' state
TDMX:0.000   TDMY:0.000   TDMZ:0.000   Oscillator Strength:0.00000   <S**2>: 2.000
--------------------------------------------------------------------
TDMs with Singlet 'Ground' state
TDMX:0.000   TDMY:0.000   TDMZ:-0.000   Oscillator Strength:0.00000   <S**2>: 2.000
--------------------------------------------------------------------


State 18 1.867 eV 
Excitation    CI Coef
|3^SV(0->2')>   -0.37506
|3^SV(0'->1')>    0.11914
|3T^CV(2->2')>   -0.41788
|3T^CV(1->1')>    0.13773
|3S^CV(2->2')>    0.43939
|3S^CV(1->1')>    0.14906
|3X^CV(2->2')>    0.61714
|3X^CV(1->1')>   -0.21067
TDMs with Triplet 'Ground' state
TDMX:-0.000   TDMY:0.000   TDMZ:0.000   Oscillator Strength:0.00000   <S**2>: 2.000
--------------------------------------------------------------------
TDMs with Singlet 'Ground' state
TDMX:-0.000   TDMY:-0.000   TDMZ:-0.000   Oscillator Strength:0.00000   <S**2>: 2.000
--------------------------------------------------------------------


State 19 1.928 eV 
Excitation    CI Coef
|3^CS(1->0)>    0.31788
|3T^CV(2->2')>   -0.07110
|3T^CV(1->1')>    0.47854
|3S^CV(2->2')>    0.06969
|3S^CV(1->1')>    0.46473
|3X^CV(2->2')>   -0.09680
|3X^CV(1->1')>    0.64467
|3X^CV(1->3')>   -0.05219
TDMs with Triplet 'Ground' state
TDMX:-0.001   TDMY:-0.000   TDMZ:0.001   Oscillator Strength:0.00000   <S**2>: 2.000
--------------------------------------------------------------------
TDMs with Singlet 'Ground' state
TDMX:-0.000   TDMY:-0.000   TDMZ:0.000   Oscillator Strength:0.00000   <S**2>: 2.000
--------------------------------------------------------------------


State 20 1.932 eV 
Excitation    CI Coef
|3^OS>    0.06974
|3^CS(16->0)>    0.05138
|3^CS(14->0)>    0.10461
|3^CS(6->0)>    0.16609
|3^CS(2->0)>   -0.12681
|3^SV(0->1')>    0.64821
|3^SV(0->3')>    0.26524
|3^SV(0->5')>   -0.09115
|3^SV(0->17')>   -0.06455
|3^SV(0'->2')>    0.12870
|3^SV(0'->4')>   -0.07144
|3T^CV(14->1')>   -0.05940
|3T^CV(6->1')>   -0.05785
|3S^CV(14->1')>    0.15094
|3S^CV(6->1')>    0.13909
|3S^CV(6->3')>    0.06633
|3S^CV(2->3')>   -0.14540
|3X^CV(24->1')>   -0.09952
|3X^CV(24->3')>    0.05305
|3X^CV(22->1')>    0.05426
|3X^CV(20->1')>    0.08445
|3X^CV(16->1')>   -0.05560
|3X^CV(14->1')>    0.23604
|3X^CV(6->1')>    0.23214
|3X^CV(6->3')>    0.05727
|3X^CV(6->17')>   -0.05636
|3X^CV(2->1')>    0.05464
|3X^CV(2->3')>   -0.24690
|3X^CV(2->5')>   -0.09151
|3X^CV(2->15')>   -0.12687
|3X^CV(2->17')>   -0.10058
|3^SVD(1,2)>   -0.06220
|3^SVD(1,4)>    0.05019
|3^SVD(1,18)>    0.05484
TDMs with Triplet 'Ground' state
TDMX:-0.959   TDMY:-0.119   TDMZ:0.454   Oscillator Strength:0.05390   <S**2>: 2.000
--------------------------------------------------------------------
TDMs with Singlet 'Ground' state
TDMX:0.000   TDMY:0.000   TDMZ:-0.000   Oscillator Strength:0.00000   <S**2>: 2.000
--------------------------------------------------------------------


State 21 1.934 eV 
Excitation    CI Coef
|3^CS(2->0')>   -0.31803
|3T^CV(2->2')>   -0.47198
|3T^CV(1->1')>   -0.07155
|3S^CV(2->2')>    0.46296
|3S^CV(1->1')>   -0.06962
|3X^CV(2->2')>   -0.65124
|3X^CV(2->4')>   -0.05266
|3X^CV(1->1')>   -0.09773
TDMs with Triplet 'Ground' state
TDMX:0.011   TDMY:0.001   TDMZ:-0.005   Oscillator Strength:0.00001   <S**2>: 2.000
--------------------------------------------------------------------
TDMs with Singlet 'Ground' state
TDMX:0.000   TDMY:0.000   TDMZ:-0.000   Oscillator Strength:0.00000   <S**2>: 2.000
--------------------------------------------------------------------


State 22 1.960 eV 
Excitation    CI Coef
|1^ZW->   -0.16801
|1^ZW+>   -0.05993
|1^CS(1->0)>   -0.25725
|1^CS(2->0')>    0.10935
|1^SV(0->2')>    0.18476
|1^SV(0'->1')>    0.40011
|1S^CV(2->2')>    0.16138
|1S^CV(1->1')>    0.37610
|1T^CV(2->2')>    0.27952
|1T^CV(1->1')>   -0.65142
|1T^CV(1->3')>    0.05388
|1^SVD_(1',1')>    0.08456
TDMs with Triplet 'Ground' state
TDMX:-0.000   TDMY:-0.000   TDMZ:0.000   Oscillator Strength:0.00000   <S**2>: 0.000
--------------------------------------------------------------------
TDMs with Singlet 'Ground' state
TDMX:-0.005   TDMY:-0.007   TDMZ:0.011   Oscillator Strength:0.00001   <S**2>: 0.000
--------------------------------------------------------------------


State 23 1.960 eV 
Excitation    CI Coef
|1^OS>   -0.09313
|1^CS(6->0)>    0.06482
|1^CS(2->0)>   -0.05393
|1^CS(13->0')>    0.07178
|1^CS(5->0')>    0.05348
|1^CS(3->0')>   -0.12399
|1^CS(1->0')>   -0.11090
|1^SV(0->1')>   -0.34551
|1^SV(0'->2')>    0.57179
|1^SV(0'->4')>   -0.12501
|1T^CV(24->1')>   -0.07339
|1T^CV(23->2')>   -0.11776
|1T^CV(23->4')>   -0.05237
|1T^CV(21->2')>    0.05612
|1T^CV(20->1')>    0.06296
|1T^CV(19->2')>    0.09691
|1T^CV(15->2')>   -0.05491
|1T^CV(14->1')>    0.16176
|1T^CV(13->2')>    0.27446
|1T^CV(6->1')>    0.15117
|1T^CV(5->2')>    0.10286
|1T^CV(3->2')>   -0.23742
|1T^CV(2->3')>   -0.15414
|1T^CV(2->5')>   -0.05528
|1T^CV(2->15')>   -0.09200
|1T^CV(2->17')>   -0.07007
|1T^CV(1->2')>    0.05323
|1T^CV(1->4')>    0.27655
|1T^CV(1->6')>   -0.10291
|1T^CV(1->16')>    0.14284
|1T^CV(1->18')>   -0.11250
|1^SVD_(1',2')>    0.11140
|1^SVD_(2',3')>    0.05009
TDMs with Triplet 'Ground' state
TDMX:-0.000   TDMY:-0.000   TDMZ:0.000   Oscillator Strength:0.00000   <S**2>: 0.000
--------------------------------------------------------------------
TDMs with Singlet 'Ground' state
TDMX:-0.322   TDMY:-0.083   TDMZ:0.212   Oscillator Strength:0.00742   <S**2>: 0.000
--------------------------------------------------------------------


State 24 1.968 eV 
Excitation    CI Coef
|1^ZW->   -0.06920
|1^ZW+>    0.16180
|1^CS(1->0)>    0.11687
|1^CS(2->0')>    0.26041
|1^SV(0->2')>    0.39043
|1^SV(0'->1')>   -0.16019
|1S^CV(2->2')>    0.37808
|1S^CV(1->1')>   -0.16811
|1T^CV(2->2')>    0.65485
|1T^CV(2->4')>    0.05131
|1T^CV(1->1')>    0.29118
|1^SVD_(2',2')>   -0.08190
TDMs with Triplet 'Ground' state
TDMX:0.000   TDMY:0.000   TDMZ:-0.000   Oscillator Strength:0.00000   <S**2>: 0.000
--------------------------------------------------------------------
TDMs with Singlet 'Ground' state
TDMX:0.023   TDMY:0.007   TDMZ:-0.016   Oscillator Strength:0.00004   <S**2>: 0.000
--------------------------------------------------------------------


State 25 1.996 eV 
Excitation    CI Coef
|1^CS(14->0)>   -0.08213
|1^CS(6->0)>   -0.08783
|1^CS(2->0)>    0.10958
|1^CS(13->0')>    0.05699
|1^CS(3->0')>   -0.06091
|1^CS(1->0')>   -0.07608
|1^SV(0->1')>    0.59681
|1^SV(0'->2')>    0.33608
|1^SV(0'->4')>   -0.06787
|1S^CV(14->1')>   -0.05561
|1S^CV(6->1')>   -0.05110
|1T^CV(24->1')>    0.13133
|1T^CV(23->2')>   -0.07264
|1T^CV(22->1')>   -0.06723
|1T^CV(20->1')>   -0.11107
|1T^CV(19->2')>    0.05858
|1T^CV(16->1')>    0.05663
|1T^CV(14->1')>   -0.27815
|1T^CV(13->2')>    0.16334
|1T^CV(6->1')>   -0.26227
|1T^CV(5->2')>    0.06159
|1T^CV(3->2')>   -0.14244
|1T^CV(2->3')>    0.26565
|1T^CV(2->5')>    0.09969
|1T^CV(2->15')>    0.16327
|1T^CV(2->17')>    0.12775
|1T^CV(1->4')>    0.16540
|1T^CV(1->6')>   -0.06403
|1T^CV(1->16')>    0.08683
|1T^CV(1->18')>   -0.07058
|1^SVD_(1',18')>    0.05169
TDMs with Triplet 'Ground' state
TDMX:-0.000   TDMY:-0.000   TDMZ:0.000   Oscillator Strength:0.00000   <S**2>: 0.000
--------------------------------------------------------------------
TDMs with Singlet 'Ground' state
TDMX:-0.960   TDMY:-0.144   TDMZ:0.511   Oscillator Strength:0.05840   <S**2>: 0.000
--------------------------------------------------------------------


State 26 2.167 eV 
Excitation    CI Coef
|3^SV(0'->2')>   -0.07862
|3S^CV(37->6')>    0.06374
|3S^CV(37->16')>    0.05296
|3S^CV(25->4')>   -0.05352
|3S^CV(24->1')>   -0.10223
|3S^CV(23->2')>    0.14378
|3S^CV(22->1')>    0.07029
|3S^CV(21->2')>   -0.10074
|3S^CV(20->1')>    0.05443
|3S^CV(19->2')>   -0.07402
|3S^CV(19->22')>   -0.05655
|3S^CV(16->1')>   -0.09351
|3S^CV(15->2')>    0.13558
|3S^CV(14->1')>    0.21526
|3S^CV(13->2')>   -0.30093
|3S^CV(13->4')>    0.05256
|3S^CV(13->20')>   -0.05121
|3S^CV(6->1')>    0.20209
|3S^CV(5->2')>   -0.11048
|3S^CV(3->2')>    0.25623
|3S^CV(3->4')>   -0.05137
|3S^CV(2->1')>   -0.07221
|3S^CV(2->3')>   -0.29398
|3S^CV(2->5')>   -0.12956
|3S^CV(2->15')>   -0.11898
|3S^CV(2->17')>   -0.11023
|3S^CV(1->2')>    0.10260
|3S^CV(1->4')>   -0.40472
|3S^CV(1->6')>    0.18334
|3S^CV(1->16')>   -0.16413
|3S^CV(1->18')>    0.15706
|3X^CV(23->2')>    0.05482
|3X^CV(14->1')>   -0.11043
|3X^CV(13->2')>   -0.14159
|3X^CV(6->1')>   -0.10916
|3X^CV(5->2')>   -0.05725
|3X^CV(3->2')>    0.13170
|3X^CV(2->3')>    0.13135
|3X^CV(2->5')>    0.05766
|3X^CV(1->4')>   -0.17586
|3X^CV(1->6')>    0.07391
|3X^CV(1->16')>   -0.05480
|3X^CV(1->18')>    0.05076
TDMs with Triplet 'Ground' state
TDMX:0.218   TDMY:0.010   TDMZ:-0.125   Oscillator Strength:0.00336   <S**2>: 2.000
--------------------------------------------------------------------
TDMs with Singlet 'Ground' state
TDMX:-0.000   TDMY:-0.000   TDMZ:0.000   Oscillator Strength:0.00000   <S**2>: 2.000
--------------------------------------------------------------------


State 27 2.167 eV 
Excitation    CI Coef
|3^CS(2->0)>   -0.05442
|3^SV(0->1')>   -0.05425
|3^SV(0'->2')>    0.05179
|3S^CV(38->5')>   -0.06190
|3S^CV(38->15')>    0.05173
|3S^CV(26->3')>   -0.05193
|3S^CV(24->1')>   -0.14042
|3S^CV(23->2')>   -0.10358
|3S^CV(22->1')>    0.09684
|3S^CV(21->2')>    0.07239
|3S^CV(20->1')>    0.07464
|3S^CV(20->21')>   -0.05592
|3S^CV(19->2')>    0.05365
|3S^CV(16->1')>   -0.12886
|3S^CV(15->2')>   -0.09709
|3S^CV(14->1')>    0.29580
|3S^CV(14->3')>    0.05182
|3S^CV(13->2')>    0.21685
|3S^CV(6->1')>    0.27772
|3S^CV(6->3')>    0.06065
|3S^CV(6->17')>   -0.05364
|3S^CV(5->2')>    0.07970
|3S^CV(3->2')>   -0.18485
|3S^CV(2->1')>   -0.09965
|3S^CV(2->3')>   -0.40304
|3S^CV(2->5')>   -0.17798
|3S^CV(2->15')>   -0.16315
|3S^CV(2->17')>   -0.15114
|3S^CV(1->2')>   -0.07383
|3S^CV(1->4')>    0.29123
|3S^CV(1->6')>   -0.13187
|3S^CV(1->16')>    0.11811
|3S^CV(1->18')>   -0.11284
|3X^CV(24->1')>    0.06211
|3X^CV(16->1')>    0.05345
|3X^CV(14->1')>   -0.15818
|3X^CV(13->2')>    0.10631
|3X^CV(6->1')>   -0.15507
|3X^CV(3->2')>   -0.09800
|3X^CV(2->3')>    0.18900
|3X^CV(2->5')>    0.08223
|3X^CV(2->15')>    0.05556
|3X^CV(2->17')>    0.05264
|3X^CV(1->4')>    0.13234
|3X^CV(1->6')>   -0.05572
TDMs with Triplet 'Ground' state
TDMX:-0.033   TDMY:-0.009   TDMZ:0.020   Oscillator Strength:0.00008   <S**2>: 2.000
--------------------------------------------------------------------
TDMs with Singlet 'Ground' state
TDMX:0.000   TDMY:0.000   TDMZ:-0.000   Oscillator Strength:0.00000   <S**2>: 2.000
--------------------------------------------------------------------


State 28 2.235 eV 
Excitation    CI Coef
|5^CV(37->6')>    0.08407
|5^CV(37->16')>    0.06476
|5^CV(25->4')>   -0.07430
|5^CV(25->6')>    0.06744
|5^CV(23->2')>    0.17139
|5^CV(23->4')>    0.06575
|5^CV(21->2')>   -0.10375
|5^CV(19->2')>   -0.05404
|5^CV(19->22')>   -0.07024
|5^CV(19->28')>   -0.05004
|5^CV(15->2')>    0.18481
|5^CV(13->2')>   -0.43958
|5^CV(13->4')>    0.06825
|5^CV(13->20')>   -0.07069
|5^CV(11->14')>   -0.07553
|5^CV(5->2')>   -0.17076
|5^CV(3->2')>    0.39203
|5^CV(3->4')>   -0.08463
|5^CV(3->18')>   -0.06443
|5^CV(1->2')>    0.11362
|5^CV(1->4')>   -0.57234
|5^CV(1->6')>    0.24851
|5^CV(1->16')>   -0.13617
|5^CV(1->18')>    0.14004
TDMs with Triplet 'Ground' state
TDMX:0.000   TDMY:0.000   TDMZ:-0.000   Oscillator Strength:0.00000   <S**2>: 6.000
--------------------------------------------------------------------
TDMs with Singlet 'Ground' state
TDMX:-0.000   TDMY:-0.000   TDMZ:0.000   Oscillator Strength:0.00000   <S**2>: 6.000
--------------------------------------------------------------------


State 29 2.235 eV 
Excitation    CI Coef
|5^CV(38->5')>    0.08423
|5^CV(38->15')>   -0.06464
|5^CV(26->3')>    0.07437
|5^CV(26->5')>    0.06745
|5^CV(24->1')>    0.17177
|5^CV(24->3')>   -0.06592
|5^CV(22->1')>   -0.10337
|5^CV(20->1')>   -0.05349
|5^CV(20->21')>    0.07064
|5^CV(16->1')>    0.18567
|5^CV(14->1')>   -0.43898
|5^CV(14->3')>   -0.06831
|5^CV(14->19')>    0.07065
|5^CV(12->13')>    0.07553
|5^CV(6->1')>   -0.42736
|5^CV(6->3')>   -0.09247
|5^CV(6->17')>    0.06998
|5^CV(2->1')>    0.11369
|5^CV(2->3')>    0.57231
|5^CV(2->5')>    0.24848
|5^CV(2->15')>    0.13734
|5^CV(2->17')>    0.13876
TDMs with Triplet 'Ground' state
TDMX:-0.000   TDMY:-0.000   TDMZ:0.000   Oscillator Strength:0.00000   <S**2>: 6.000
--------------------------------------------------------------------
TDMs with Singlet 'Ground' state
TDMX:-0.000   TDMY:-0.000   TDMZ:0.000   Oscillator Strength:0.00000   <S**2>: 6.000
--------------------------------------------------------------------

Wall clock time: 80.7394 seconds
