                    ---------------------------------
                    | Radical ExROPPP Calculation |
                    ---------------------------------

Molecule: ./PyBTM-Ph.xyz radical

--------------------------------
Cartesian Coordinates / Angstrom
--------------------------------

Cl -5.632327 2.553283 -1.615089
Cl -6.578622 -1.176195 -2.513571
Cl -5.916825 -1.818039 1.769349
Cl -9.523249 -0.269720 2.082757
N -9.174927 4.250113 0.911928
C -3.553700 1.209327 -0.609792
H -2.989832 1.923848 -1.196880
C -5.066463 -0.651931 0.768440
C -9.146064 -1.128535 0.601727
C -8.193244 3.785874 1.686101
H -7.904391 4.390440 2.541257
C -7.897381 1.750173 0.356020
C -9.928982 -2.247292 0.337973
C -9.637462 -3.024618 -0.777901
C -4.939151 1.290892 -0.610062
C -7.546498 2.573314 1.453880
C -7.819257 -1.567406 -1.337957
C -8.583230 -2.694237 -1.622795
C -3.681579 -0.745705 0.775258
C -8.058105 -0.730532 -0.217374
C -5.770862 0.368366 0.077185
C -8.941139 2.281691 -0.439983
C -9.537939 3.502871 -0.131300
C -7.239490 0.461462 0.071841
H -10.331644 3.885558 -0.766746
C -2.894728 0.185721 0.084466
H -10.737881 -2.514633 1.005402
C -1.416923 0.090978 0.086651
C -0.770697 -1.156651 0.087737
C -0.616494 1.245753 0.086474
H -3.215539 -1.525628 1.364933
H -8.368318 -3.288800 -2.501167
Cl -6.348904 2.087693 2.636509
Cl -9.488376 1.493127 -1.905220
Cl -10.609346 -4.436838 -1.123209
H -1.084753 2.224845 0.105166
C 0.770702 1.156648 0.087702
C 0.616499 -1.245756 0.086509
C 1.416928 -0.090981 0.086651
C 2.894732 -0.185724 0.084468
C 3.553703 -1.209323 -0.609802
C 3.681581 0.745693 0.775273
H 2.989835 -1.923837 -1.196897
C 4.939155 -1.290889 -0.610070
C 5.066465 0.651918 0.768456
H 3.215539 1.525610 1.364955
Cl 5.632334 -2.553272 -1.615105
C 5.770864 -0.368370 0.077188
Cl 5.916828 1.818014 1.769377
C 7.239493 -0.461464 0.071840
C 7.897386 -1.750173 0.356017
C 8.058104 0.730532 -0.217376
C 7.546500 -2.573320 1.453873
C 8.941147 -2.281688 -0.439985
C 9.146063 1.128538 0.601723
C 7.819248 1.567411 -1.337955
C 8.193248 -3.785880 1.686090
Cl 6.348902 -2.087707 2.636500
C 9.537947 -3.502869 -0.131306
Cl 9.488387 -1.493118 -1.905219
Cl 9.523260 0.269717 2.082747
C 9.928973 2.247302 0.337971
Cl 6.578614 1.176196 -2.513569
C 8.583213 2.694247 -1.622790
N 9.174933 -4.250116 0.911918
H 7.904392 -4.390451 2.541243
H 10.331654 -3.885552 -0.766751
C 9.637445 3.024632 -0.777898
H 10.737873 2.514644 1.005400
H 8.368295 3.288812 -2.501159
Cl 10.609319 4.436859 -1.123201
H 1.360333 2.067815 0.069044
H 1.084759 -2.224847 0.105226
H -1.360327 -2.067819 0.069102

There are 58 heavy atoms.
There are 72 electrons in 58 orbitals.


Carbon 1e params: A = -22.717075 b = 1.705616

Nitrogen 1e params: alphan2 = -17.681338 Acn2 = -24.737202 bcn2 = 1.433639

Chlorine 1e params: alphacl = -10.335674 Accl = -26.021937 bccl=1.451861
C-N1 bond
C-N1 bond
C-N1 bond
C-N1 bond
C-Cl bond
C-Cl bond
C-Cl bond
C-Cl bond
C-Cl bond
C-Cl bond
C-Cl bond
C-Cl bond
C-Cl bond
C-Cl bond
C-Cl bond
C-Cl bond
C-Cl bond
C-Cl bond
N1 atom 43
N1 atom 44
Cl atom 45
Cl atom 46
Cl atom 47
Cl atom 48
Cl atom 49
Cl atom 50
Cl atom 51
Cl atom 52
Cl atom 53
Cl atom 54
Cl atom 55
Cl atom 56
Cl atom 57
Cl atom 58

Carbon 2e params: U = 8.420838 r0 = 1.173157

Nitrogen 2e params: Un2n2 = 17.979843 r0n2n2 = 1.111791

Chlorine 2e params: Uclcl= 9.642991 r0clcl = 2.253316

Mixed 2e params: Ucn2 = 13.200341 Uccl = 9.031915 Un2cl = 13.811417 r0cn2 =1.142474 r0ccl = 1.713237 r0n2cl = 1.682554
[8.42083845 2.50771543 1.34327055 1.42031693 1.74673821 1.16402647
 1.15044107 3.85745352 1.68291845 1.56443974 1.29647354 2.76527744
 1.62131289 2.71254503 1.48134632 1.29991565 1.97764182 3.83710597
 2.68198957 2.01942834 2.35663458 1.77878703 1.62959827 1.55377604
 1.265367   1.13802173 1.15484106 0.98529667 0.99580456 0.92715229
 0.81535486 0.75759708 0.77170664 0.75525154 0.6982765  0.70914392
 0.78560256 0.69851108 0.6544415  0.67071989 0.73490749 0.68179297
 1.62405271 0.8331241  3.52892319 2.57452375 2.48338358 1.83624534
 2.54242447 1.98527792 1.43748826 1.32359256 1.34590057 1.22385593
 1.02508016 1.02492252 1.28702732 0.95232663]

-------------------------------------
Restricted Open-shell PPP Calculation
-------------------------------------

Starting SCF cycle...

Iter   Energy        Dens Change      Energy Change
-----------------------------------------------------
0 -232.04774913010954 0.3827517531177844 -232.04774913010954
1 -247.4643505894498 0.045780342206012514 -15.416601459340256
2 -253.45370727457401 0.014688992942809398 -5.989356685124221
3 -255.08314104824598 0.0047201443594973025 -1.6294337736719626
4 -255.6894733410606 0.0015385925084077656 -0.6063322928146135
5 -255.86015475319533 0.0004993218252332676 -0.17068141213474064
6 -255.92110480808537 0.00018961406506950995 -0.06095005489004279
7 -255.93936030874363 8.589057692615087e-05 -0.018255500658256096
8 -255.94572822762657 3.938140579728966e-05 -0.006367918882943968
9 -255.94771866245935 1.7784874817683427e-05 -0.001990434832777055
10 -255.94840223029667 8.144325269965336e-06 -0.0006835678373136034
11 -255.94862176595532 3.760568511868012e-06 -0.0002195356586582875
12 -255.94869641367285 1.729973528319384e-06 -7.464771752552224e-05
13 -255.94872078689087 7.956665956654341e-07 -2.4373218025175447e-05
14 -255.94872901906874 3.654264185137812e-07 -8.232177862055323e-06
15 -255.94873173075172 1.6779974387759466e-07 -2.711682981271224e-06
16 -255.94873264100468 7.701887294597753e-08 -9.10252964558822e-07
17 -255.94873294135456 3.535379899943791e-08 -3.0034988185434486e-07
18 -255.94873304123723 1.6229799448819193e-08 -9.988266924665368e-08
19 -255.9487330739349 7.452972516919232e-09 -3.269767034908e-08
20 -255.94873308459978 3.4238425983268428e-09 -1.0664876981536509e-08
21 -255.9487330879981 1.5736950631506375e-09 -3.3983269531745464e-09
22 -255.9487330890537 7.237346277833012e-10 -1.0555822882452048e-09
23 -255.94873308936616 3.3305924684867705e-10 -3.1246827347786166e-10
24 -255.94873308945031 1.5338130765485403e-10 -8.415668162342627e-11
25 -255.94873308946973 7.069056451314282e-11 -1.9412027540965937e-11
26 -255.94873308946916 3.260547387640145e-11 5.684341886080801e-13
27 -255.94873308946785 1.505190416750679e-11 1.3073986337985843e-12
28 -255.94873308946433 6.955325204671681e-12 3.524291969370097e-12
29 -255.9487330894626 3.215594457373072e-12 1.7337242752546445e-12
30 -255.9487330894636 1.4893086763834162e-12 -9.947598300641403e-13
31 -255.94873308946208 6.900036098045348e-13 1.5063505998114124e-12
32 -255.94873308946254 3.199662756969701e-13 -4.547473508864641e-13
33 -255.94873308946322 1.48991929904696e-13 -6.821210263296962e-13
34 -255.94873308946293 6.94999613415348e-14 2.8421709430404007e-13
35 -255.94873308946202 3.22519788653608e-14 9.094947017729282e-13
36 -255.94873308946183 1.4710455076283324e-14 1.9895196601282805e-13
37 -255.94873308946222 7.271960811294775e-15 -3.979039320256561e-13
38 -255.9487330894617 3.552713678800501e-15 5.115907697472721e-13
39 -255.94873308946353 3.1086244689504383e-15 -1.8189894035458565e-12
40 -255.94873308946154 1.9984014443252818e-15 1.9895196601282805e-12
ENERGY0: -255.94873308946154

--------------------------
Converged ROPPP Orbitals
--------------------------

orbital number 1 energy -8.024426596686801
[0.04 0.06 0.11 0.2  0.19 0.08 0.1  0.06 0.24 0.11 0.08 0.04 0.1  0.06
 0.24 0.2  0.08 0.03 0.02 0.01 0.01 0.01 0.01 0.02 0.03 0.04 0.04 0.06
 0.06 0.06 0.08 0.19 0.1  0.24 0.24 0.11 0.11 0.2  0.2  0.08 0.08 0.1
 0.23 0.23 0.06 0.1  0.06 0.1  0.22 0.22 0.1  0.06 0.06 0.22 0.22 0.1
 0.1  0.1 ]
orbital number 2 energy -8.023866826346275
[-0.03 -0.06 -0.11 -0.2  -0.19 -0.08 -0.1  -0.06 -0.24 -0.11 -0.08 -0.03
 -0.1  -0.06 -0.24 -0.2  -0.08 -0.03 -0.01 -0.   -0.    0.    0.    0.01
  0.03  0.03  0.03  0.06  0.06  0.06  0.08  0.19  0.1   0.24  0.24  0.11
  0.11  0.2   0.2   0.08  0.08  0.1  -0.23  0.23 -0.05 -0.1  -0.05 -0.1
 -0.22 -0.22 -0.1   0.05  0.05  0.22  0.22  0.1   0.1   0.1 ]
orbital number 3 energy -7.941196472384297
[ 0.02  0.03  0.22 -0.11 -0.08  0.18  0.24  0.03 -0.12  0.23  0.18  0.02
  0.17  0.03 -0.12 -0.11  0.02  0.02  0.01  0.01  0.01  0.01  0.01  0.01
  0.02  0.02  0.02  0.03  0.03  0.03  0.02 -0.08  0.17 -0.12 -0.12  0.22
  0.22 -0.11 -0.11  0.18  0.18  0.23 -0.13 -0.13  0.03  0.22  0.03  0.21
 -0.12 -0.12  0.23  0.03  0.03 -0.12 -0.11  0.21  0.22  0.23]
orbital number 4 energy -7.941042678783739
[ 0.01  0.03  0.22 -0.11 -0.08  0.18  0.24  0.03 -0.12  0.22  0.18  0.02
  0.17  0.02 -0.12 -0.11  0.02  0.01  0.    0.    0.   -0.   -0.   -0.
 -0.01 -0.02 -0.02 -0.03 -0.03 -0.02 -0.02  0.08 -0.17  0.12  0.12 -0.22
 -0.23  0.11  0.11 -0.18 -0.18 -0.24 -0.12  0.13  0.02  0.22  0.03  0.21
 -0.11 -0.11  0.23 -0.02 -0.03  0.12  0.11 -0.21 -0.22 -0.23]
orbital number 5 energy -7.814018003604267
[-0.18 -0.28  0.04  0.04  0.02  0.04  0.06 -0.27  0.04  0.04  0.04 -0.18
  0.02 -0.21  0.04  0.04 -0.04 -0.17 -0.11 -0.08 -0.08 -0.08 -0.08 -0.11
 -0.17 -0.18 -0.18 -0.27 -0.28 -0.21 -0.04  0.02  0.02  0.04  0.04  0.04
  0.04  0.04  0.04  0.04  0.04  0.06  0.05  0.05 -0.28  0.04 -0.29  0.04
  0.04  0.04  0.06 -0.28 -0.29  0.04  0.04  0.04  0.04  0.06]
orbital number 6 energy -7.79011344271065
[ 0.18  0.28 -0.04 -0.04 -0.02 -0.04 -0.05  0.28 -0.04 -0.04 -0.04  0.18
 -0.02  0.22 -0.04 -0.04  0.04  0.16  0.06  0.02  0.02 -0.02 -0.02 -0.06
 -0.16 -0.18 -0.18 -0.28 -0.28 -0.22 -0.04  0.02  0.02  0.04  0.04  0.04
  0.04  0.04  0.04  0.04  0.04  0.05 -0.04  0.04  0.29 -0.04  0.3  -0.04
 -0.04 -0.04 -0.06 -0.29 -0.3   0.04  0.04  0.04  0.04  0.06]
orbital number 7 energy -7.015768552252387
[-0.04  0.08 -0.02 -0.01  0.01 -0.1  -0.21 -0.05 -0.    0.24  0.01  0.01
  0.1   0.02 -0.   -0.01  0.03 -0.04 -0.09 -0.09 -0.09 -0.09 -0.09 -0.09
 -0.04 -0.04  0.01 -0.05  0.08  0.02  0.03  0.01  0.1  -0.   -0.   -0.02
  0.24 -0.01 -0.01 -0.1   0.01 -0.21 -0.01 -0.01 -0.09  0.41  0.13 -0.04
 -0.01 -0.   -0.37 -0.09  0.13 -0.01 -0.   -0.04  0.41 -0.37]
orbital number 8 energy -7.0140470943852105
[-0.03  0.04 -0.05 -0.01  0.01 -0.11 -0.21 -0.06 -0.    0.26  0.02  0.02
  0.1   0.   -0.   -0.01  0.03 -0.01 -0.   -0.   -0.    0.    0.    0.
  0.01  0.03 -0.02  0.06 -0.04 -0.   -0.03 -0.01 -0.1   0.    0.    0.05
 -0.26  0.01  0.01  0.11 -0.02  0.21 -0.01  0.01 -0.1   0.45  0.08 -0.08
 -0.01 -0.   -0.36  0.1  -0.08  0.01  0.    0.08 -0.45  0.36]
orbital number 9 energy -7.010269312243902
[-0.11  0.24  0.01 -0.   -0.    0.03  0.06 -0.24 -0.01 -0.07 -0.    0.1
 -0.03 -0.    0.01  0.01 -0.01 -0.01 -0.02 -0.02 -0.02 -0.02 -0.02 -0.02
 -0.01 -0.11  0.1  -0.23  0.24 -0.   -0.01 -0.   -0.03 -0.01  0.01  0.01
 -0.07 -0.    0.01  0.03 -0.    0.06  0.    0.   -0.4  -0.13  0.41  0.01
 -0.01  0.01  0.11 -0.39  0.41 -0.01  0.01  0.01 -0.13  0.11]
orbital number 10 energy -7.010198976873243
[ 0.11 -0.24  0.    0.    0.   -0.02 -0.05  0.24  0.01  0.05  0.   -0.11
  0.02  0.   -0.01 -0.    0.01  0.    0.    0.   -0.   -0.    0.   -0.
 -0.   -0.11  0.11 -0.24  0.24 -0.   -0.01 -0.   -0.02 -0.01  0.01 -0.
 -0.05 -0.    0.01  0.02 -0.    0.05 -0.    0.    0.41  0.09 -0.41  0.
  0.01 -0.01 -0.09 -0.41  0.41 -0.01  0.01 -0.   -0.09  0.09]
orbital number 11 energy -7.000525026708006
[ 0.01 -0.01 -0.28  0.01 -0.01 -0.06  0.14 -0.02  0.01  0.13  0.12  0.02
 -0.07 -0.02 -0.01  0.   -0.02  0.04  0.1   0.09  0.09  0.09  0.09  0.1
  0.04  0.01  0.02 -0.02 -0.01 -0.02 -0.02 -0.01 -0.07  0.01 -0.01 -0.28
  0.13  0.01  0.   -0.06  0.12  0.14  0.01  0.01 -0.04  0.22 -0.01 -0.47
  0.02 -0.02  0.25 -0.04 -0.01  0.02 -0.02 -0.47  0.22  0.25]
orbital number 12 energy -6.999146874088858
[ 0.01 -0.   -0.28  0.01 -0.01 -0.05  0.17  0.01  0.02  0.1   0.12  0.
 -0.08 -0.   -0.01  0.   -0.02  0.01  0.    0.    0.   -0.   -0.   -0.
 -0.01 -0.01 -0.   -0.01  0.    0.    0.02  0.01  0.08 -0.02  0.01  0.28
 -0.1  -0.01 -0.    0.05 -0.12 -0.17  0.01 -0.01  0.02  0.17 -0.01 -0.48
  0.03 -0.02  0.3  -0.02  0.01 -0.03  0.02  0.48 -0.17 -0.3 ]
orbital number 13 energy -6.982190022694314
[ 0.02 -0.04  0.03 -0.08 -0.   -0.01 -0.05 -0.06 -0.19  0.02 -0.01  0.03
  0.02 -0.04  0.19  0.08 -0.01  0.09  0.23  0.22  0.22  0.22  0.22  0.23
  0.09  0.02  0.03 -0.06 -0.04 -0.04 -0.01 -0.    0.02 -0.19  0.19  0.03
  0.02 -0.08  0.08 -0.01 -0.01 -0.05  0.    0.   -0.1   0.04 -0.06  0.06
 -0.33  0.33 -0.09 -0.1  -0.06 -0.33  0.33  0.06  0.04 -0.09]
orbital number 14 energy -6.981619747867441
[ 0.   -0.01 -0.02 -0.1  -0.   -0.    0.01  0.01 -0.24  0.01  0.01 -0.
 -0.   -0.    0.24  0.11 -0.    0.   -0.   -0.   -0.   -0.   -0.   -0.
 -0.   -0.    0.   -0.01  0.01  0.    0.    0.    0.    0.24 -0.25  0.02
 -0.01  0.11 -0.11  0.   -0.01 -0.01  0.   -0.    0.01  0.01 -0.01 -0.03
 -0.42  0.42  0.02 -0.01  0.01  0.42 -0.42  0.03 -0.01 -0.02]
orbital number 15 energy -6.98078693709458
[ 0.01 -0.03  0.06  0.07 -0.   -0.   -0.07 -0.08  0.15  0.02 -0.02  0.04
  0.03 -0.05 -0.15 -0.06 -0.01  0.11  0.28  0.26  0.26  0.26  0.26  0.28
  0.11  0.01  0.04 -0.08 -0.03 -0.05 -0.01 -0.    0.03  0.15 -0.15  0.06
  0.02  0.07 -0.06 -0.   -0.02 -0.07  0.    0.   -0.14  0.03 -0.06  0.11
  0.27 -0.26 -0.12 -0.14 -0.06  0.27 -0.26  0.11  0.03 -0.12]
orbital number 16 energy -6.29467898108141
[-0.   -0.   -0.   -0.24  0.09 -0.    0.   -0.    0.08 -0.   -0.   -0.
  0.01  0.01  0.08 -0.24  0.03 -0.01 -0.   -0.   -0.    0.    0.    0.
  0.01  0.    0.    0.    0.   -0.01 -0.03 -0.08 -0.01 -0.08 -0.08  0.
  0.    0.23  0.23  0.    0.   -0.   -0.42  0.4  -0.01 -0.01 -0.01 -0.01
  0.32  0.32  0.    0.01  0.01 -0.31 -0.31  0.01  0.01 -0.  ]
orbital number 17 energy -6.294629456386825
[-0.   -0.   -0.   -0.23  0.08 -0.    0.   -0.    0.08 -0.   -0.   -0.
  0.01  0.01  0.08 -0.23  0.03 -0.    0.    0.    0.    0.    0.    0.
 -0.   -0.   -0.   -0.   -0.    0.01  0.03  0.09  0.01  0.08  0.08 -0.
 -0.   -0.24 -0.24 -0.   -0.    0.   -0.4  -0.42 -0.01 -0.01 -0.01 -0.01
  0.31  0.31  0.   -0.01 -0.01  0.32  0.32 -0.01 -0.01  0.  ]
orbital number 18 energy -5.824589623906412
[ 0.23 -0.01 -0.    0.   -0.    0.    0.   -0.01 -0.   -0.    0.    0.23
 -0.   -0.   -0.   -0.   -0.    0.38  0.29  0.11  0.11 -0.11 -0.11 -0.29
 -0.38 -0.23 -0.23  0.01  0.01  0.    0.    0.    0.    0.    0.    0.
  0.   -0.    0.   -0.   -0.   -0.    0.   -0.   -0.27  0.   -0.26  0.
  0.    0.   -0.    0.27  0.26 -0.   -0.   -0.   -0.    0.  ]
orbital number 19 energy -5.353654477541749
[-0.25 -0.06 -0.    0.   -0.03 -0.01 -0.   -0.05 -0.   -0.   -0.01 -0.26
 -0.03 -0.11 -0.    0.   -0.07 -0.31  0.06  0.15  0.15  0.15  0.15  0.06
 -0.31 -0.25 -0.26 -0.05 -0.06 -0.11 -0.07 -0.03 -0.03 -0.   -0.   -0.
 -0.    0.    0.   -0.01 -0.01 -0.    0.01  0.01  0.31  0.03  0.31  0.03
  0.02  0.02  0.01  0.31  0.31  0.02  0.02  0.03  0.03  0.01]
orbital number 20 energy -4.974698890486789
[ 0.01 -0.04 -0.09  0.02 -0.16 -0.13 -0.07 -0.04 -0.03 -0.09 -0.14  0.01
 -0.25 -0.17 -0.03  0.02 -0.25  0.06  0.08  0.04  0.04 -0.04 -0.04 -0.08
 -0.06 -0.01 -0.01  0.04  0.04  0.17  0.25  0.16  0.25  0.03  0.03  0.09
  0.09 -0.02 -0.02  0.13  0.14  0.07  0.05 -0.05  0.11  0.27  0.11  0.28
  0.1   0.1   0.2  -0.11 -0.11 -0.1  -0.1  -0.28 -0.27 -0.2 ]
orbital number 21 energy -4.94043576382144
[ 0.07 -0.01 -0.1   0.01 -0.15 -0.15 -0.08 -0.01 -0.03 -0.11 -0.16  0.07
 -0.26 -0.11 -0.03  0.01 -0.23  0.11 -0.01 -0.04 -0.04 -0.04 -0.04 -0.01
  0.11  0.07  0.07 -0.01 -0.01 -0.11 -0.23 -0.15 -0.26 -0.03 -0.03 -0.1
 -0.11  0.01  0.01 -0.15 -0.16 -0.08  0.04  0.04  0.02  0.29  0.02  0.29
  0.1   0.1   0.22  0.02  0.02  0.1   0.1   0.29  0.29  0.22]
orbital number 22 energy -4.601659343629996
[ 0.02  0.09 -0.08 -0.02  0.19 -0.19 -0.13  0.08  0.05 -0.08 -0.19  0.02
 -0.05  0.25  0.05 -0.02  0.19 -0.07 -0.19 -0.09 -0.09  0.09  0.09  0.19
  0.07 -0.02 -0.02 -0.08 -0.09 -0.25 -0.19 -0.19  0.05 -0.05 -0.05  0.08
  0.08  0.02  0.02  0.19  0.19  0.13 -0.06  0.06 -0.17  0.15 -0.17  0.15
 -0.11 -0.11  0.25  0.17  0.17  0.11  0.11 -0.15 -0.15 -0.25]
orbital number 23 energy -4.498550543913505
[-0.08  0.04 -0.06 -0.03  0.29 -0.18 -0.13  0.04  0.09 -0.06 -0.19 -0.08
  0.01  0.2   0.09 -0.03  0.25 -0.14  0.01  0.05  0.05  0.05  0.05  0.01
 -0.14 -0.08 -0.08  0.04  0.04  0.2   0.25  0.29  0.01  0.09  0.09 -0.06
 -0.06 -0.03 -0.03 -0.18 -0.19 -0.13 -0.1  -0.1  -0.07  0.11 -0.07  0.11
 -0.17 -0.17  0.24 -0.07 -0.07 -0.17 -0.17  0.11  0.11  0.24]
orbital number 24 energy -4.301714588777889
[-0.01  0.    0.    0.   -0.    0.    0.   -0.   -0.    0.    0.    0.01
 -0.   -0.   -0.    0.   -0.    0.   -0.   -0.5   0.5   0.5  -0.5   0.
 -0.    0.01 -0.01  0.   -0.    0.    0.    0.    0.    0.    0.   -0.
 -0.   -0.   -0.   -0.   -0.   -0.    0.   -0.    0.   -0.   -0.   -0.
  0.    0.   -0.   -0.    0.   -0.   -0.    0.    0.    0.  ]
orbital number 25 energy -4.16211276896269
[ 0.1   0.1   0.01  0.03 -0.31  0.07  0.06  0.1  -0.12  0.    0.07  0.1
 -0.06  0.14 -0.12  0.03 -0.12 -0.   -0.32 -0.16 -0.16  0.16  0.16  0.32
  0.   -0.1  -0.1  -0.1  -0.1  -0.14  0.12  0.31  0.06  0.12  0.12 -0.01
 -0.   -0.03 -0.03 -0.07 -0.07 -0.06  0.12 -0.12 -0.15 -0.01 -0.15 -0.01
  0.17  0.17 -0.09  0.15  0.15 -0.17 -0.17  0.01  0.01  0.09]
orbital number 26 energy -3.735626312768642
[ 0.09 -0.12 -0.01 -0.02  0.32  0.04  0.04 -0.13  0.15 -0.01  0.05  0.09
 -0.07 -0.34  0.15 -0.02 -0.06  0.21  0.01 -0.06 -0.06 -0.06 -0.06  0.01
  0.21  0.09  0.09 -0.13 -0.12 -0.34 -0.06  0.32 -0.07  0.15  0.15 -0.01
 -0.01 -0.02 -0.02  0.04  0.05  0.04 -0.14 -0.14  0.15  0.01  0.14  0.02
 -0.18 -0.17 -0.05  0.15  0.14 -0.18 -0.17  0.02  0.01 -0.05]
orbital number 27 energy -3.5039916257316106
[-0.1   0.02  0.07  0.02 -0.25 -0.14 -0.17  0.04 -0.13  0.06 -0.15 -0.13
  0.27  0.16 -0.13  0.01  0.13 -0.12  0.21  0.12  0.12 -0.12 -0.12 -0.21
  0.12  0.1   0.13 -0.04 -0.02 -0.16 -0.13  0.25 -0.27  0.13  0.13 -0.07
 -0.06 -0.02 -0.01  0.14  0.15  0.17  0.12 -0.12 -0.03 -0.07 -0.02 -0.07
  0.14  0.14  0.18  0.03  0.02 -0.14 -0.14  0.07  0.07 -0.18]
orbital number 28 energy -3.3898035831396713
[ 0.37 -0.25  0.01  0.   -0.01 -0.02 -0.02  0.23 -0.    0.01 -0.02 -0.36
  0.04 -0.02 -0.01 -0.    0.01  0.01  0.   -0.   -0.   -0.   -0.    0.
  0.01  0.37 -0.36  0.23 -0.25 -0.02  0.01 -0.01  0.04 -0.   -0.01  0.01
  0.01  0.   -0.   -0.02 -0.02 -0.02  0.    0.   -0.23 -0.01  0.24 -0.01
  0.    0.01  0.02 -0.23  0.24  0.    0.01 -0.01 -0.01  0.02]
orbital number 29 energy -3.3888215833077706
[ 0.37 -0.24  0.    0.    0.01  0.    0.    0.24  0.01 -0.    0.   -0.36
 -0.   -0.01  0.   -0.   -0.    0.01 -0.01 -0.01 -0.    0.01  0.    0.01
 -0.01 -0.37  0.36 -0.24  0.25  0.01  0.   -0.01  0.   -0.01 -0.   -0.
  0.   -0.    0.   -0.   -0.   -0.   -0.    0.   -0.24  0.    0.24 -0.
 -0.01 -0.   -0.    0.24 -0.24  0.01  0.    0.   -0.    0.  ]
orbital number 30 energy -3.354513100926388
[ 0.   -0.   -0.23  0.   -0.01 -0.39 -0.02 -0.01 -0.    0.25  0.35  0.
  0.04 -0.01 -0.01 -0.    0.01  0.01  0.   -0.   -0.   -0.   -0.    0.
  0.01  0.    0.   -0.01 -0.   -0.01  0.01 -0.01  0.04 -0.   -0.01 -0.23
  0.25  0.   -0.   -0.39  0.35 -0.02  0.01  0.01  0.01 -0.24  0.    0.23
  0.    0.01  0.02  0.01  0.    0.    0.01  0.23 -0.24  0.02]
orbital number 31 energy -3.3544072081922662
[ 0.   -0.   -0.24  0.   -0.   -0.37 -0.01  0.   -0.    0.25  0.36 -0.
  0.01 -0.   -0.   -0.    0.    0.   -0.   -0.   -0.    0.    0.    0.
 -0.   -0.    0.   -0.    0.    0.   -0.    0.   -0.01  0.    0.    0.24
 -0.25 -0.    0.    0.38 -0.36  0.01  0.   -0.   -0.   -0.24  0.    0.23
  0.    0.    0.01  0.   -0.   -0.   -0.   -0.23  0.24 -0.01]
orbital number 32 energy -3.3274874973298996
[ 0.01 -0.06  0.14  0.04 -0.09 -0.15 -0.24 -0.11 -0.03  0.09 -0.22  0.08
  0.38 -0.18 -0.08 -0.03  0.07  0.12  0.01 -0.03 -0.03 -0.03 -0.03  0.01
  0.12  0.01  0.08 -0.11 -0.06 -0.18  0.08 -0.09  0.38 -0.03 -0.08  0.14
  0.09  0.04 -0.03 -0.15 -0.22 -0.24  0.05  0.05  0.11 -0.09  0.06 -0.13
  0.03  0.07  0.23  0.11  0.06  0.03  0.07 -0.13 -0.09  0.23]
orbital number 33 energy -3.26152525092421
[ 0.01 -0.01  0.01  0.36  0.   -0.01 -0.01 -0.01  0.25  0.01 -0.01  0.01
  0.02 -0.03 -0.25 -0.36 -0.    0.02 -0.02 -0.01 -0.01  0.01  0.01  0.02
 -0.02 -0.01 -0.01  0.01  0.01  0.03  0.   -0.   -0.02 -0.25  0.25 -0.01
 -0.01 -0.36  0.36  0.01  0.01  0.01 -0.    0.    0.01 -0.01  0.01 -0.01
 -0.23  0.23  0.01 -0.01 -0.01  0.23 -0.23  0.01  0.01 -0.01]
orbital number 34 energy -3.260430588710717
[ 0.   -0.01  0.01 -0.36 -0.01 -0.02 -0.02 -0.01 -0.25  0.01 -0.01  0.
  0.03 -0.02  0.24  0.36  0.01  0.01  0.   -0.   -0.   -0.   -0.    0.
  0.01  0.    0.   -0.01 -0.01 -0.02  0.01 -0.01  0.03 -0.25  0.24  0.01
  0.01 -0.36  0.36 -0.02 -0.01 -0.02  0.    0.    0.01 -0.01  0.01 -0.01
  0.24 -0.23  0.02  0.01  0.01  0.24 -0.23 -0.01 -0.01  0.02]
orbital number 35 energy -3.18678858237735
[-0.13  0.09 -0.1   0.03 -0.01  0.12  0.18  0.1   0.02 -0.09  0.14 -0.15
 -0.28  0.29 -0.03 -0.03  0.01 -0.2   0.23  0.14  0.14 -0.14 -0.14 -0.23
  0.2   0.13  0.15 -0.1  -0.09 -0.29 -0.01  0.01  0.28 -0.02  0.03  0.1
  0.09 -0.03  0.03 -0.12 -0.14 -0.18  0.   -0.   -0.09  0.08 -0.08  0.1
 -0.02  0.03 -0.16  0.09  0.08  0.02 -0.03 -0.1  -0.08  0.16]
orbital number 36 energy 0.0
[ 0.03  0.15  0.14  0.02  0.02 -0.02 -0.14  0.15  0.14  0.14 -0.02  0.03
  0.07  0.01  0.14  0.02 -0.51 -0.16 -0.06  0.05  0.05  0.05  0.05 -0.06
 -0.16  0.03  0.03  0.15  0.15  0.01 -0.51  0.02  0.07  0.14  0.14  0.14
  0.14  0.02  0.02 -0.02 -0.02 -0.14 -0.11 -0.11 -0.08 -0.08 -0.08 -0.08
 -0.08 -0.08  0.07 -0.08 -0.08 -0.08 -0.08 -0.08 -0.08  0.07]
orbital number 37 energy 0.06425929993845347
[-0.   -0.15 -0.14 -0.02 -0.02  0.02  0.14 -0.15 -0.15 -0.14  0.02 -0.
 -0.06 -0.04 -0.15 -0.02  0.51  0.15 -0.04 -0.04 -0.04  0.04  0.04  0.04
 -0.15  0.    0.    0.15  0.15  0.04 -0.51  0.02  0.06  0.15  0.15  0.14
  0.14  0.02  0.02 -0.02 -0.02 -0.14  0.12 -0.12  0.08  0.08  0.08  0.08
  0.08  0.08 -0.07 -0.08 -0.08 -0.08 -0.08 -0.08 -0.08  0.07]
orbital number 38 energy 2.6232472426141893
[-0.21 -0.06  0.05  0.02 -0.05  0.01 -0.06 -0.06  0.05  0.05  0.01 -0.21
 -0.04  0.24  0.06  0.02 -0.12  0.22  0.4  -0.22 -0.22 -0.22 -0.22  0.4
  0.22 -0.21 -0.21 -0.06 -0.06  0.24 -0.12 -0.05 -0.04  0.05  0.06  0.05
  0.05  0.02  0.02  0.01  0.01 -0.06 -0.06 -0.06  0.02 -0.02  0.02 -0.02
 -0.02 -0.02  0.02  0.02  0.02 -0.02 -0.02 -0.02 -0.02  0.02]
orbital number 39 energy 3.3633586968378886
[ 0.01  0.01  0.   -0.    0.    0.   -0.   -0.01 -0.    0.    0.   -0.01
 -0.    0.   -0.   -0.   -0.    0.    0.    0.5  -0.5   0.5  -0.5   0.
  0.    0.01 -0.01 -0.01  0.01  0.   -0.    0.   -0.   -0.   -0.    0.
  0.   -0.   -0.    0.    0.   -0.    0.    0.    0.   -0.   -0.   -0.
  0.    0.    0.    0.   -0.    0.    0.   -0.   -0.    0.  ]
orbital number 40 energy 3.4430653665770024
[-0.19 -0.16  0.08  0.06 -0.13  0.04 -0.12 -0.16  0.08  0.07  0.05 -0.19
 -0.11  0.33  0.09  0.06 -0.06  0.36  0.01 -0.12 -0.12  0.12  0.12 -0.01
 -0.36  0.19  0.19  0.16  0.16 -0.33  0.06  0.13  0.11 -0.08 -0.09 -0.08
 -0.07 -0.06 -0.06 -0.04 -0.05  0.12 -0.11  0.11  0.06 -0.03  0.06 -0.03
 -0.03 -0.03  0.04 -0.06 -0.06  0.03  0.03  0.03  0.03 -0.04]
orbital number 41 energy 3.6958249498248863
[ 0.01  0.01  0.15 -0.13  0.27  0.13 -0.3  -0.01 -0.16  0.17  0.12 -0.01
 -0.28  0.   -0.15 -0.14 -0.    0.   -0.   -0.    0.   -0.    0.   -0.
  0.    0.01 -0.01 -0.01  0.01 -0.   -0.    0.28 -0.29 -0.16 -0.15  0.16
  0.17 -0.13 -0.14  0.14  0.12 -0.31  0.23  0.24  0.   -0.06 -0.   -0.06
  0.06  0.05  0.11  0.   -0.    0.06  0.06 -0.06 -0.06  0.11]
orbital number 42 energy 3.695872825989161
[ 0.01  0.01  0.16 -0.13  0.28  0.14 -0.31 -0.01 -0.16  0.17  0.12 -0.01
 -0.28 -0.   -0.15 -0.14 -0.   -0.   -0.    0.    0.   -0.   -0.    0.
  0.   -0.01  0.01  0.01 -0.01  0.    0.   -0.28  0.28  0.16  0.15 -0.15
 -0.17  0.13  0.14 -0.13 -0.12  0.3   0.24 -0.23  0.   -0.06 -0.   -0.06
  0.06  0.06  0.11 -0.    0.   -0.06 -0.05  0.05  0.06 -0.11]
orbital number 43 energy 3.8023977633764217
[ 0.32  0.36 -0.01  0.01 -0.01  0.    0.01 -0.36  0.    0.   -0.01 -0.32
  0.01  0.    0.01  0.   -0.    0.    0.   -0.    0.    0.   -0.   -0.
 -0.   -0.32  0.32  0.36 -0.36 -0.    0.    0.01 -0.01 -0.   -0.01  0.01
 -0.   -0.01 -0.   -0.    0.01 -0.01 -0.01  0.01  0.13 -0.   -0.13  0.
 -0.   -0.   -0.   -0.13  0.13  0.    0.   -0.    0.    0.  ]
orbital number 44 energy 3.8025074809588935
[ 0.32  0.36 -0.01  0.01 -0.01 -0.    0.01 -0.36  0.   -0.   -0.01 -0.32
  0.01 -0.    0.01  0.   -0.   -0.    0.   -0.01  0.01 -0.01  0.01  0.
 -0.    0.32 -0.32 -0.36  0.36 -0.   -0.   -0.01  0.01  0.    0.01 -0.01
 -0.    0.01  0.   -0.   -0.01  0.01 -0.01 -0.01  0.13  0.   -0.13  0.
 -0.   -0.   -0.    0.13 -0.13 -0.   -0.    0.    0.   -0.  ]
orbital number 45 energy 3.8225483988781415
[-0.01 -0.   -0.37 -0.   -0.    0.32  0.01  0.01  0.01  0.36 -0.33  0.01
  0.01 -0.   -0.    0.01 -0.   -0.    0.   -0.   -0.   -0.   -0.    0.
 -0.   -0.01  0.01  0.01 -0.   -0.   -0.   -0.    0.01  0.01 -0.   -0.36
  0.35 -0.    0.01  0.31 -0.32  0.01 -0.   -0.   -0.   -0.13  0.    0.13
 -0.    0.   -0.   -0.    0.   -0.    0.    0.13 -0.12 -0.  ]
orbital number 46 energy 3.8225838287479723
[-0.01 -0.01 -0.36  0.   -0.01  0.31  0.01  0.    0.01  0.35 -0.32  0.
  0.    0.    0.    0.01 -0.    0.    0.   -0.   -0.    0.    0.   -0.
 -0.    0.01 -0.   -0.    0.01 -0.    0.    0.01 -0.   -0.01 -0.    0.37
 -0.36 -0.   -0.01 -0.32  0.33 -0.01 -0.01  0.01 -0.   -0.13  0.    0.13
 -0.   -0.   -0.    0.   -0.    0.    0.   -0.13  0.13  0.  ]
orbital number 47 energy 3.857847236956145
[-0.   -0.   -0.    0.33 -0.01  0.    0.   -0.   -0.36  0.   -0.    0.
  0.    0.    0.37 -0.32  0.    0.   -0.01  0.    0.    0.    0.   -0.01
  0.   -0.    0.   -0.   -0.    0.    0.   -0.01  0.   -0.35  0.36 -0.
  0.    0.33 -0.32  0.   -0.    0.   -0.01 -0.01  0.   -0.    0.    0.
  0.13 -0.13 -0.    0.    0.    0.12 -0.13  0.   -0.   -0.  ]
orbital number 48 energy 3.857904122258021
[-0.    0.    0.01 -0.32  0.   -0.   -0.01 -0.    0.35 -0.    0.01 -0.
 -0.01  0.   -0.36  0.32 -0.    0.    0.   -0.   -0.    0.    0.   -0.
 -0.    0.    0.    0.   -0.   -0.    0.   -0.    0.01 -0.36  0.36 -0.01
  0.    0.33 -0.33  0.   -0.01  0.01  0.   -0.    0.    0.   -0.   -0.
 -0.13  0.13  0.   -0.    0.    0.13 -0.13  0.   -0.   -0.  ]
orbital number 49 energy 3.9865376015358818
[-0.01 -0.14  0.08  0.12 -0.24  0.1  -0.21 -0.15  0.12  0.09  0.09 -0.02
 -0.19  0.17  0.11  0.13  0.12  0.17 -0.28  0.12  0.12  0.12  0.12 -0.28
  0.17 -0.01 -0.02 -0.15 -0.14  0.17  0.12 -0.24 -0.19  0.12  0.11  0.08
  0.09  0.12  0.13  0.1   0.09 -0.21 -0.2  -0.2   0.05 -0.03  0.05 -0.03
 -0.04 -0.04  0.07  0.05  0.05 -0.04 -0.04 -0.03 -0.03  0.07]
orbital number 50 energy 4.270399925244619
[ 0.11  0.01  0.07  0.15 -0.27  0.13 -0.24  0.01  0.1   0.07  0.13  0.11
 -0.22 -0.13  0.1   0.15  0.27 -0.16 -0.03  0.07  0.07 -0.07 -0.07  0.03
  0.16 -0.11 -0.11 -0.01 -0.01  0.13 -0.27  0.27  0.22 -0.1  -0.1  -0.07
 -0.07 -0.15 -0.15 -0.13 -0.13  0.24 -0.23  0.23 -0.   -0.02 -0.   -0.02
 -0.03 -0.03  0.08  0.    0.    0.03  0.03  0.02  0.02 -0.08]
orbital number 51 energy 4.482402702427913
[-0.1  -0.12 -0.03 -0.11  0.18 -0.1   0.17 -0.12 -0.05 -0.03 -0.1  -0.1
  0.14  0.26 -0.05 -0.11 -0.24  0.27 -0.27  0.11  0.11  0.11  0.11 -0.27
  0.27 -0.1  -0.1  -0.12 -0.12  0.26 -0.24  0.18  0.14 -0.05 -0.05 -0.03
 -0.03 -0.11 -0.11 -0.1  -0.1   0.17  0.15  0.15  0.04  0.01  0.04  0.01
  0.02  0.02 -0.06  0.04  0.04  0.02  0.02  0.01  0.01 -0.06]
orbital number 52 energy 5.734643693806896
[ 0.15 -0.22  0.03 -0.03  0.01 -0.05  0.05 -0.22  0.01  0.03 -0.05  0.15
 -0.01  0.25  0.01 -0.03 -0.08 -0.06 -0.28  0.3   0.3  -0.3  -0.3   0.28
  0.06 -0.15 -0.15  0.22  0.22 -0.25  0.08 -0.01  0.01 -0.01 -0.01 -0.03
 -0.03  0.03  0.03  0.05  0.05 -0.05  0.04 -0.04  0.06 -0.01  0.06 -0.01
 -0.   -0.   -0.02 -0.06 -0.06  0.    0.    0.01  0.01  0.02]
orbital number 53 energy 6.170700008762812
[ 0.2  -0.2   0.2  -0.   -0.   -0.2   0.21 -0.2   0.    0.2  -0.2   0.2
 -0.18  0.18  0.   -0.   -0.   -0.22  0.1  -0.03 -0.03 -0.03 -0.03  0.1
 -0.22  0.2   0.2  -0.2  -0.2   0.18 -0.   -0.   -0.18  0.    0.    0.2
  0.2  -0.   -0.   -0.2  -0.2   0.21  0.    0.    0.05 -0.05  0.05 -0.05
 -0.    0.   -0.06  0.05  0.05 -0.    0.   -0.05 -0.05 -0.06]
orbital number 54 energy 6.222910755699609
[-0.02  0.01 -0.27 -0.08 -0.03  0.27 -0.28  0.01  0.06 -0.27  0.26 -0.02
  0.27  0.01  0.06 -0.08 -0.07  0.05 -0.07  0.06  0.06 -0.06 -0.06  0.07
 -0.05  0.02  0.02 -0.01 -0.01 -0.01  0.07  0.03 -0.27 -0.06 -0.06  0.27
  0.27  0.08  0.08 -0.27 -0.26  0.28  0.08 -0.08 -0.    0.07 -0.    0.07
 -0.02 -0.02  0.08  0.    0.    0.02  0.02 -0.07 -0.07 -0.08]
orbital number 55 energy 6.266696080431534
[ 0.17 -0.18 -0.19 -0.13 -0.07  0.18 -0.19 -0.18  0.1  -0.19  0.18  0.17
  0.19  0.18  0.1  -0.13 -0.09 -0.18  0.08 -0.02 -0.02 -0.02 -0.02  0.08
 -0.18  0.17  0.17 -0.18 -0.18  0.18 -0.09 -0.07  0.19  0.1   0.1  -0.19
 -0.19 -0.13 -0.13  0.18  0.18 -0.19  0.13  0.13  0.05  0.05  0.05  0.05
 -0.03 -0.03  0.05  0.05  0.05 -0.03 -0.03  0.05  0.05  0.05]
orbital number 56 energy 6.417931001486456
[-0.17  0.14 -0.01  0.19  0.14  0.01 -0.01  0.14 -0.16 -0.01  0.01 -0.17
  0.01 -0.12 -0.16  0.19 -0.01  0.23 -0.25  0.2   0.2  -0.2  -0.2   0.25
 -0.23  0.17  0.17 -0.14 -0.14  0.12  0.01 -0.14 -0.01  0.16  0.16  0.01
  0.01 -0.19 -0.19 -0.01 -0.01  0.01 -0.19  0.19 -0.04  0.   -0.04  0.
  0.04  0.04  0.    0.04  0.04 -0.04 -0.04 -0.   -0.   -0.  ]
orbital number 57 energy 6.495116860121391
[ 0.06 -0.08 -0.08  0.28  0.24  0.07 -0.06 -0.08 -0.25 -0.08  0.07  0.06
  0.1   0.1  -0.25  0.28 -0.12 -0.06  0.03 -0.01 -0.01 -0.01 -0.01  0.03
 -0.06  0.06  0.06 -0.08 -0.08  0.1  -0.12  0.24  0.1  -0.25 -0.25 -0.08
 -0.08  0.28  0.28  0.07  0.07 -0.06 -0.27 -0.27  0.02  0.02  0.02  0.02
  0.07  0.07  0.02  0.02  0.02  0.07  0.07  0.02  0.02  0.02]
orbital number 58 energy 6.515385368892873
[-0.13  0.13  0.08 -0.22 -0.2  -0.06  0.06  0.13  0.2   0.07 -0.06 -0.13
 -0.1  -0.14  0.21 -0.22  0.12  0.17 -0.15  0.12  0.12 -0.12 -0.12  0.15
 -0.17  0.13  0.13 -0.13 -0.13  0.14 -0.12  0.2   0.1  -0.2  -0.21 -0.08
 -0.07  0.22  0.22  0.06  0.06 -0.06  0.22 -0.22 -0.03 -0.02 -0.03 -0.02
 -0.05 -0.05 -0.02  0.03  0.03  0.05  0.05  0.02  0.02  0.02]

Orbital occupation numbers:
1: 2.000000
2: 2.000000
3: 2.000000
4: 2.000000
5: 2.000000
6: 2.000000
7: 2.000000
8: 2.000000
9: 2.000000
10: 2.000000
11: 2.000000
12: 2.000000
13: 2.000000
14: 2.000000
15: 2.000000
16: 2.000000
17: 2.000000
18: 2.000000
19: 2.000000
20: 2.000000
21: 2.000000
22: 2.000000
23: 2.000000
24: 2.000000
25: 2.000000
26: 2.000000
27: 2.000000
28: 2.000000
29: 2.000000
30: 2.000000
31: 2.000000
32: 2.000000
33: 2.000000
34: 2.000000
35: 2.000000
36: 1.000000
37: 1.000000
38: -0.000000
39: 0.000000
40: 0.000000
41: -0.000000
42: 0.000000
43: 0.000000
44: 0.000000
45: -0.000000
46: 0.000000
47: -0.000000
48: -0.000000
49: 0.000000
50: 0.000000
51: 0.000000
52: 0.000000
53: 0.000000
54: 0.000000
55: 0.000000
56: 0.000000
57: -0.000000
58: 0.000000

------------------------
Starting ExROPPP calculation for diradical in rotated basis
------------------------

Coulomb Matrix in MO basis, J_ij = (ii|jj):
 [[2.05900468 2.06388482 1.68407748 ... 1.5978835  2.03163242 1.79825844]
 [2.06388482 2.06897566 1.68500794 ... 1.5966131  2.03743494 1.80012291]
 [1.68407748 1.68500794 1.97860543 ... 1.32653905 1.52304971 1.45175829]
 ...
 [1.5978835  1.5966131  1.32653905 ... 1.8934006  1.58904472 1.70243888]
 [2.03163242 2.03743494 1.52304971 ... 1.58904472 2.11765726 1.82182421]
 [1.79825844 1.80012291 1.45175829 ... 1.70243888 1.82182421 1.73906934]]
Coulomb Matrix in MO basis, K_ij = (ij|ji):
 [[2.05900468 1.3355919  0.28363278 ... 0.07568868 0.16325272 0.11188008]
 [1.3355919  2.06897566 0.29064487 ... 0.07552973 0.16551482 0.1118467 ]
 [0.28363278 0.29064487 1.97860543 ... 0.02051614 0.05437405 0.03917604]
 ...
 [0.07568868 0.07552973 0.02051614 ... 1.8934006  0.55533516 0.57663779]
 [0.16325272 0.16551482 0.05437405 ... 0.55533516 2.11765726 1.11619656]
 [0.11188008 0.1118467  0.03917604 ... 0.57663779 1.11619656 1.73906934]]
Dimensions of CI matrix: (6304, 6304)
Checking that the Hamiltonian is symmetric (a value of zero means matrix is symmetric) ... 
Frobenius norm of matrix - matrix transpose = 0.000000.

Lowest 30 states. WARNING - Some states may not be included in the spectrum.

Diagonalizing Hamiltonian using the sparse matrix method ...

Calculating dipole moments ...

Permanent dipole moment of reference states:
             Open-Shell Singlet (|OS1>) = -0.000 x 0.000 y -0.448 z
             Zwitterion - (|ZW->) = -0.000 x 0.000 y -0.448 z
             Zwitterion + (|ZW+>) = -0.000 x 0.000 y -0.448 z
             Open-Shell Triplet (|OS3>) = -0.000 x 0.000 y -0.448 z

Checking that the Dipole matrix is symmetric (a value of zero means matrix is symmetric) ... 
Frobenius norm of matrix - matrix transpose = 0.00000             0.00000, 0.00000.

Energy of the lowest CI state: -258.6877416256875

State 0 0.000 eV 
Excitation    CI Coef
|1^ZW->   -0.92950
|1^CS(16->0)>   -0.08928
|1^CS(14->0)>    0.07170
|1^CS(11->0)>   -0.05467
|1^CS(9->0)>    0.07383
|1^CS(15->0')>    0.08356
|1^CS(13->0')>   -0.10367
|1^SV(0->13')>    0.11179
|1^SV(0'->1')>    0.08454
|1^SV(0'->12')>   -0.05389
|1^SV(0'->14')>    0.09171
|1T^CV(16->14')>   -0.05808
|1T^CV(15->13')>    0.05869
|1T^CV(14->14')>    0.05548
|1T^CV(13->13')>   -0.08033
Ground state is singlet
TDMs with Triplet 'Ground' state
TDMX:0.000   TDMY:0.000   TDMZ:-0.000   Oscillator Strength:-0.00000   <S**2>: 0.000
--------------------------------------------------------------------
TDMs with Singlet 'Ground' state
TDMX:-0.049   TDMY:-0.075   TDMZ:-0.586   Oscillator Strength:0.00000   <S**2>: 0.000
--------------------------------------------------------------------


State 1 0.087 eV 
Excitation    CI Coef
|3^OS>   -0.93253
|3^CS(15->0)>    0.08119
|3^CS(13->0)>   -0.10302
|3^CS(16->0')>   -0.08269
|3^CS(14->0')>    0.06934
|3^CS(11->0')>   -0.05839
|3^CS(9->0')>    0.07737
|3^SV(0->1')>   -0.09434
|3^SV(0->12')>    0.05787
|3^SV(0->14')>   -0.09978
|3^SV(0'->13')>    0.11877
|3X^CV(16->13')>   -0.05940
|3X^CV(14->13')>    0.05296
|3X^CV(13->14')>   -0.06546
TDMs with Triplet 'Ground' state
TDMX:-0.002   TDMY:-0.001   TDMZ:-0.596   Oscillator Strength:0.00000   <S**2>: 2.000
--------------------------------------------------------------------
TDMs with Singlet 'Ground' state
TDMX:0.000   TDMY:0.000   TDMZ:-0.000   Oscillator Strength:0.00000   <S**2>: 2.000
--------------------------------------------------------------------


State 2 2.357 eV 
Excitation    CI Coef
|1^ZW->    0.05478
|1^ZW+>    0.20149
|1^CS(16->0)>   -0.05200
|1^CS(14->0)>    0.07221
|1^CS(9->0)>    0.18207
|1^CS(1->0)>    0.31466
|1^CS(13->0')>   -0.06031
|1^CS(10->0')>    0.19842
|1^CS(4->0')>    0.13321
|1^SV(0->3')>   -0.31438
|1^SV(0'->1')>    0.47878
|1^SV(0'->12')>    0.11193
|1^SV(0'->14')>    0.10499
|1T^CV(18->14')>    0.06791
|1T^CV(18->16')>   -0.05076
|1T^CV(17->3')>   -0.06431
|1T^CV(17->15')>    0.06623
|1T^CV(15->3')>    0.06294
|1T^CV(14->12')>   -0.07628
|1T^CV(13->3')>   -0.10076
|1T^CV(12->2')>   -0.16868
|1T^CV(11->1')>    0.13839
|1T^CV(11->12')>   -0.06029
|1T^CV(11->14')>   -0.07820
|1T^CV(10->3')>    0.15841
|1T^CV(10->13')>   -0.06587
|1T^CV(9->1')>   -0.21508
|1T^CV(8->6')>   -0.16209
|1T^CV(7->7')>   -0.16269
|1T^CV(4->3')>    0.09652
|1T^CV(1->1')>   -0.31013
|1T^CV(1->14')>   -0.05993
|1^SVD_(1',1')>   -0.06666
|1^SVD_(1',14')>   -0.05527
TDMs with Triplet 'Ground' state
TDMX:0.000   TDMY:0.000   TDMZ:0.000   Oscillator Strength:0.00000   <S**2>: 0.000
--------------------------------------------------------------------
TDMs with Singlet 'Ground' state
TDMX:-0.503   TDMY:-0.011   TDMZ:-0.104   Oscillator Strength:0.01523   <S**2>: 0.000
--------------------------------------------------------------------


State 3 2.496 eV 
Excitation    CI Coef
|3^CS(14->0)>    0.06263
|3^CS(9->0)>    0.17558
|3^CS(1->0)>    0.27651
|3^CS(13->0')>   -0.06492
|3^CS(10->0')>    0.19685
|3^CS(4->0')>    0.09646
|3^SV(0->3')>    0.30686
|3^SV(0->13')>   -0.05443
|3^SV(0'->1')>    0.47747
|3^SV(0'->12')>    0.10552
|3^SV(0'->14')>    0.12051
|3X^CV(18->12')>    0.05146
|3X^CV(18->14')>    0.07156
|3X^CV(18->16')>   -0.05270
|3X^CV(17->3')>   -0.06744
|3X^CV(17->15')>    0.07112
|3X^CV(16->12')>    0.05011
|3X^CV(15->3')>    0.06712
|3X^CV(14->12')>   -0.08487
|3X^CV(14->14')>   -0.05097
|3X^CV(13->3')>   -0.10955
|3X^CV(12->2')>   -0.19760
|3X^CV(11->1')>    0.15192
|3X^CV(11->12')>   -0.06136
|3X^CV(11->14')>   -0.08895
|3X^CV(10->3')>    0.16840
|3X^CV(10->13')>   -0.07748
|3X^CV(9->1')>   -0.23460
|3X^CV(8->6')>   -0.18296
|3X^CV(7->7')>   -0.18363
|3X^CV(4->3')>    0.10605
|3X^CV(4->13')>   -0.05080
|3X^CV(3->10')>    0.05826
|3X^CV(2->11')>    0.05834
|3X^CV(1->1')>   -0.34741
|3X^CV(1->14')>   -0.06412
TDMs with Triplet 'Ground' state
TDMX:-0.424   TDMY:0.009   TDMZ:0.001   Oscillator Strength:0.01061   <S**2>: 2.000
--------------------------------------------------------------------
TDMs with Singlet 'Ground' state
TDMX:-0.000   TDMY:0.000   TDMZ:0.000   Oscillator Strength:0.00000   <S**2>: 2.000
--------------------------------------------------------------------


State 4 2.533 eV 
Excitation    CI Coef
|1^OS>   -0.06053
|1^CS(13->0)>   -0.06385
|1^CS(10->0)>    0.30263
|1^CS(4->0)>    0.17933
|1^CS(14->0')>    0.07028
|1^CS(11->0')>    0.13096
|1^CS(9->0')>    0.13159
|1^CS(1->0')>    0.26421
|1^SV(0->1')>    0.40199
|1^SV(0->12')>    0.22183
|1^SV(0->14')>    0.09146
|1^SV(0'->3')>   -0.42095
|1^SV(0'->15')>   -0.06101
|1T^CV(18->3')>   -0.07925
|1T^CV(17->1')>    0.06461
|1T^CV(17->16')>   -0.06020
|1T^CV(16->3')>   -0.07305
|1T^CV(15->1')>   -0.07126
|1T^CV(14->3')>    0.09664
|1T^CV(13->1')>    0.11019
|1T^CV(13->12')>    0.08105
|1T^CV(10->1')>   -0.14844
|1T^CV(10->4')>   -0.07465
|1T^CV(10->14')>   -0.12038
|1T^CV(9->3')>    0.09718
|1T^CV(9->5')>    0.09807
|1T^CV(8->7')>    0.19412
|1T^CV(7->6')>    0.19514
|1T^CV(6->8')>    0.06753
|1T^CV(5->9')>    0.06782
|1T^CV(4->1')>   -0.09164
|1T^CV(4->4')>    0.08481
|1T^CV(4->14')>   -0.07902
|1T^CV(3->11')>    0.10769
|1T^CV(2->10')>    0.10755
|1T^CV(1->3')>    0.17778
|1T^CV(1->13')>   -0.09650
TDMs with Triplet 'Ground' state
TDMX:-0.000   TDMY:0.000   TDMZ:0.000   Oscillator Strength:0.00000   <S**2>: 0.000
--------------------------------------------------------------------
TDMs with Singlet 'Ground' state
TDMX:1.661   TDMY:-0.137   TDMZ:-0.007   Oscillator Strength:0.17248   <S**2>: 0.000
--------------------------------------------------------------------


State 5 2.611 eV 
Excitation    CI Coef
|3^OS>   -0.05937
|3^CS(13->0)>    0.07519
|3^CS(10->0)>   -0.24774
|3^CS(4->0)>   -0.18031
|3^CS(14->0')>   -0.05005
|3^CS(11->0')>   -0.06124
|3^CS(9->0')>   -0.10312
|3^CS(1->0')>   -0.25018
|3^SV(0->1')>    0.44329
|3^SV(0->12')>    0.18024
|3^SV(0->14')>    0.12033
|3^SV(0'->3')>    0.41414
|3^SV(0'->15')>    0.06603
|3X^CV(18->3')>    0.08586
|3X^CV(17->1')>   -0.07009
|3X^CV(17->16')>    0.06520
|3X^CV(17->18')>    0.05331
|3X^CV(16->3')>    0.07622
|3X^CV(15->1')>    0.07817
|3X^CV(14->3')>   -0.10172
|3X^CV(13->1')>   -0.12218
|3X^CV(13->12')>   -0.06989
|3X^CV(11->15')>   -0.05001
|3X^CV(10->1')>    0.18641
|3X^CV(10->12')>    0.05774
|3X^CV(10->14')>    0.12475
|3X^CV(9->3')>   -0.12451
|3X^CV(9->5')>   -0.07198
|3X^CV(8->7')>   -0.22304
|3X^CV(7->6')>   -0.22409
|3X^CV(6->8')>   -0.05985
|3X^CV(5->9')>   -0.06012
|3X^CV(4->1')>    0.10664
|3X^CV(4->4')>   -0.07053
|3X^CV(4->14')>    0.08886
|3X^CV(3->11')>   -0.06783
|3X^CV(2->10')>   -0.06776
|3X^CV(1->3')>   -0.20861
|3X^CV(1->13')>    0.10563
TDMs with Triplet 'Ground' state
TDMX:-0.008   TDMY:0.001   TDMZ:0.106   Oscillator Strength:0.00070   <S**2>: 2.000
--------------------------------------------------------------------
TDMs with Singlet 'Ground' state
TDMX:-0.000   TDMY:-0.000   TDMZ:-0.000   Oscillator Strength:0.00000   <S**2>: 2.000
--------------------------------------------------------------------


State 6 2.614 eV 
Excitation    CI Coef
|1^CS(13->0)>   -0.09001
|1^CS(10->0)>   -0.17741
|1^CS(4->0)>    0.31700
|1^CS(14->0')>    0.07045
|1^CS(11->0')>   -0.09065
|1^CS(9->0')>   -0.29379
|1^CS(1->0')>    0.20604
|1^SV(0->4')>    0.38349
|1^SV(0'->5')>   -0.38468
|1T^CV(20->5')>    0.06790
|1T^CV(20->13')>   -0.06252
|1T^CV(19->4')>    0.06757
|1T^CV(19->12')>   -0.05557
|1T^CV(19->20')>   -0.05339
|1T^CV(16->5')>   -0.06073
|1T^CV(16->17')>    0.05383
|1T^CV(15->4')>   -0.05424
|1T^CV(14->5')>    0.08164
|1T^CV(14->17')>    0.05365
|1T^CV(13->4')>    0.12335
|1T^CV(11->5')>   -0.12545
|1T^CV(10->1')>   -0.05956
|1T^CV(10->4')>    0.08476
|1T^CV(10->12')>   -0.10981
|1T^CV(10->14')>    0.05578
|1T^CV(9->3')>    0.11330
|1T^CV(9->13')>    0.14951
|1T^CV(6->8')>    0.18365
|1T^CV(5->9')>    0.18482
|1T^CV(4->1')>    0.05523
|1T^CV(4->4')>    0.13983
|1T^CV(4->12')>    0.13618
|1T^CV(4->14')>   -0.09548
|1T^CV(3->11')>   -0.19508
|1T^CV(2->10')>   -0.19501
|1T^CV(1->5')>   -0.14135
|1T^CV(1->13')>   -0.09156
TDMs with Triplet 'Ground' state
TDMX:-0.000   TDMY:-0.000   TDMZ:0.000   Oscillator Strength:0.00000   <S**2>: 0.000
--------------------------------------------------------------------
TDMs with Singlet 'Ground' state
TDMX:0.346   TDMY:1.230   TDMZ:0.149   Oscillator Strength:0.10595   <S**2>: 0.000
--------------------------------------------------------------------


State 7 2.617 eV 
Excitation    CI Coef
|1^CS(14->0)>   -0.06985
|1^CS(11->0)>    0.10345
|1^CS(9->0)>    0.29691
|1^CS(1->0)>   -0.18656
|1^CS(13->0')>    0.09332
|1^CS(10->0')>    0.19694
|1^CS(4->0')>   -0.29803
|1^SV(0->5')>    0.38524
|1^SV(0'->4')>   -0.38648
|1T^CV(20->4')>    0.06931
|1T^CV(20->12')>   -0.05689
|1T^CV(20->20')>   -0.05491
|1T^CV(19->5')>    0.06956
|1T^CV(19->13')>   -0.06378
|1T^CV(16->4')>   -0.06163
|1T^CV(15->5')>   -0.05532
|1T^CV(15->17')>    0.05982
|1T^CV(14->4')>    0.08216
|1T^CV(13->5')>    0.12480
|1T^CV(11->4')>   -0.12714
|1T^CV(11->12')>    0.05220
|1T^CV(10->3')>   -0.07302
|1T^CV(10->5')>    0.08884
|1T^CV(10->13')>   -0.10753
|1T^CV(9->1')>    0.06714
|1T^CV(9->12')>    0.15015
|1T^CV(9->14')>   -0.09586
|1T^CV(6->9')>    0.18299
|1T^CV(5->8')>    0.18382
|1T^CV(4->3')>    0.09838
|1T^CV(4->5')>    0.13563
|1T^CV(4->13')>    0.14562
|1T^CV(3->10')>    0.19924
|1T^CV(2->11')>    0.19935
|1T^CV(1->4')>   -0.14008
|1T^CV(1->12')>   -0.08203
|1T^CV(1->14')>    0.05272
TDMs with Triplet 'Ground' state
TDMX:0.000   TDMY:-0.000   TDMZ:-0.000   Oscillator Strength:0.00000   <S**2>: 0.000
--------------------------------------------------------------------
TDMs with Singlet 'Ground' state
TDMX:0.059   TDMY:0.576   TDMZ:0.230   Oscillator Strength:0.02489   <S**2>: 0.000
--------------------------------------------------------------------


State 8 2.716 eV 
Excitation    CI Coef
|3^CS(11->0)>    0.08462
|3^CS(9->0)>    0.28576
|3^CS(1->0)>   -0.19743
|3^CS(10->0')>    0.18514
|3^CS(4->0')>   -0.30026
|3^SV(0->5')>   -0.36221
|3^SV(0'->4')>   -0.36469
|3X^CV(20->4')>    0.06839
|3X^CV(20->12')>   -0.05562
|3X^CV(20->20')>   -0.05360
|3X^CV(19->5')>    0.06865
|3X^CV(19->13')>   -0.06371
|3X^CV(16->4')>   -0.06313
|3X^CV(15->5')>   -0.05666
|3X^CV(15->17')>    0.06354
|3X^CV(14->4')>    0.08729
|3X^CV(13->5')>    0.13200
|3X^CV(11->4')>   -0.13170
|3X^CV(11->12')>    0.05669
|3X^CV(10->3')>   -0.08266
|3X^CV(10->5')>    0.08479
|3X^CV(10->13')>   -0.10853
|3X^CV(9->1')>    0.08108
|3X^CV(9->12')>    0.15685
|3X^CV(9->14')>   -0.10112
|3X^CV(6->9')>    0.20235
|3X^CV(5->8')>    0.20315
|3X^CV(4->3')>    0.09927
|3X^CV(4->5')>    0.15244
|3X^CV(4->13')>    0.16043
|3X^CV(3->10')>    0.21782
|3X^CV(2->11')>    0.21800
|3X^CV(1->4')>   -0.15164
|3X^CV(1->12')>   -0.09104
|3X^CV(1->14')>    0.06130
TDMs with Triplet 'Ground' state
TDMX:-0.157   TDMY:-0.081   TDMZ:0.002   Oscillator Strength:0.00200   <S**2>: 2.000
--------------------------------------------------------------------
TDMs with Singlet 'Ground' state
TDMX:-0.000   TDMY:0.000   TDMZ:0.000   Oscillator Strength:0.00000   <S**2>: 2.000
--------------------------------------------------------------------


State 9 2.733 eV 
Excitation    CI Coef
|3^CS(13->0)>    0.06710
|3^CS(10->0)>    0.18121
|3^CS(4->0)>   -0.28345
|3^CS(11->0')>    0.07200
|3^CS(9->0')>    0.26903
|3^CS(1->0')>   -0.17102
|3^SV(0->4')>    0.37166
|3^SV(0'->5')>    0.37384
|3X^CV(20->5')>   -0.06932
|3X^CV(20->13')>    0.06393
|3X^CV(19->4')>   -0.06890
|3X^CV(19->12')>    0.05605
|3X^CV(19->20')>    0.05415
|3X^CV(16->5')>    0.06481
|3X^CV(16->17')>   -0.05956
|3X^CV(15->4')>    0.05822
|3X^CV(14->5')>   -0.08778
|3X^CV(14->17')>   -0.05601
|3X^CV(13->4')>   -0.13267
|3X^CV(11->5')>    0.13311
|3X^CV(10->4')>   -0.08407
|3X^CV(10->12')>    0.10702
|3X^CV(10->14')>   -0.07296
|3X^CV(9->3')>   -0.10577
|3X^CV(9->13')>   -0.16861
|3X^CV(6->8')>   -0.21035
|3X^CV(5->9')>   -0.21152
|3X^CV(4->1')>   -0.06792
|3X^CV(4->4')>   -0.15745
|3X^CV(4->12')>   -0.15604
|3X^CV(4->14')>    0.09901
|3X^CV(3->11')>    0.21889
|3X^CV(2->10')>    0.21901
|3X^CV(1->3')>    0.07058
|3X^CV(1->5')>    0.15403
|3X^CV(1->13')>    0.09415
TDMs with Triplet 'Ground' state
TDMX:0.009   TDMY:0.000   TDMZ:-0.047   Oscillator Strength:0.00015   <S**2>: 2.000
--------------------------------------------------------------------
TDMs with Singlet 'Ground' state
TDMX:-0.000   TDMY:0.000   TDMZ:0.000   Oscillator Strength:0.00000   <S**2>: 2.000
--------------------------------------------------------------------


State 10 2.764 eV 
Excitation    CI Coef
|1^ZW->   -0.06826
|1^ZW+>   -0.09390
|1^CS(16->0)>    0.15490
|1^CS(14->0)>   -0.09880
|1^CS(11->0)>    0.24290
|1^CS(9->0)>   -0.08867
|1^CS(1->0)>    0.12190
|1^CS(15->0')>   -0.14797
|1^CS(13->0')>    0.18643
|1^CS(10->0')>    0.11733
|1^CS(4->0')>    0.18240
|1^SV(0->3')>   -0.13728
|1^SV(0->13')>   -0.32735
|1^SV(0->21')>   -0.05390
|1^SV(0'->1')>   -0.05741
|1^SV(0'->12')>    0.31063
|1^SV(0'->14')>   -0.20826
|1^SV(0'->20')>   -0.06038
|1T^CV(34->20')>   -0.05417
|1T^CV(20->4')>    0.07147
|1T^CV(20->12')>   -0.05905
|1T^CV(20->20')>   -0.05900
|1T^CV(19->5')>    0.07182
|1T^CV(19->13')>   -0.06560
|1T^CV(15->17')>   -0.05108
|1T^CV(14->1')>   -0.05969
|1T^CV(13->3')>   -0.05390
|1T^CV(13->13')>   -0.08521
|1T^CV(12->2')>    0.11834
|1T^CV(11->4')>   -0.06918
|1T^CV(11->12')>    0.12603
|1T^CV(10->3')>   -0.06826
|1T^CV(10->5')>    0.14629
|1T^CV(10->13')>   -0.07132
|1T^CV(9->1')>    0.09315
|1T^CV(9->4')>   -0.21466
|1T^CV(6->9')>   -0.17148
|1T^CV(5->8')>   -0.17244
|1T^CV(4->3')>   -0.06311
|1T^CV(4->5')>   -0.20536
|1T^CV(4->13')>   -0.06551
|1T^CV(3->10')>    0.21286
|1T^CV(2->11')>    0.21260
|1T^CV(1->1')>    0.15919
|1T^CV(1->4')>    0.12311
|1T^CV(1->14')>   -0.07503
TDMs with Triplet 'Ground' state
TDMX:0.000   TDMY:-0.000   TDMZ:-0.000   Oscillator Strength:0.00000   <S**2>: 0.000
--------------------------------------------------------------------
TDMs with Singlet 'Ground' state
TDMX:-0.291   TDMY:0.069   TDMZ:0.059   Oscillator Strength:0.00629   <S**2>: 0.000
--------------------------------------------------------------------


State 11 2.803 eV 
Excitation    CI Coef
|5^CV(23->15')>    0.06321
|5^CV(21->15')>    0.07591
|5^CV(21->19')>    0.05238
|5^CV(18->12')>    0.06698
|5^CV(18->14')>    0.08735
|5^CV(18->16')>   -0.06167
|5^CV(18->18')>   -0.05037
|5^CV(17->3')>   -0.07653
|5^CV(17->15')>    0.10057
|5^CV(16->14')>    0.06169
|5^CV(15->3')>    0.06397
|5^CV(14->12')>   -0.07994
|5^CV(14->14')>   -0.10663
|5^CV(13->3')>   -0.10914
|5^CV(13->13')>    0.06734
|5^CV(12->2')>   -0.35431
|5^CV(11->1')>    0.23642
|5^CV(11->12')>   -0.14716
|5^CV(11->14')>   -0.08838
|5^CV(10->3')>    0.22541
|5^CV(10->13')>   -0.06836
|5^CV(9->1')>   -0.35913
|5^CV(9->12')>    0.05218
|5^CV(8->6')>   -0.28845
|5^CV(7->7')>   -0.28914
|5^CV(4->3')>    0.14075
|5^CV(1->1')>   -0.52647
TDMs with Triplet 'Ground' state
TDMX:-0.000   TDMY:-0.000   TDMZ:0.000   Oscillator Strength:0.00000   <S**2>: 6.000
--------------------------------------------------------------------
TDMs with Singlet 'Ground' state
TDMX:0.000   TDMY:0.000   TDMZ:-0.000   Oscillator Strength:0.00000   <S**2>: 6.000
--------------------------------------------------------------------


State 12 2.854 eV 
Excitation    CI Coef
|1^OS>    0.06433
|1^CS(15->0)>   -0.19446
|1^CS(13->0)>    0.26405
|1^CS(4->0)>    0.12808
|1^CS(16->0')>    0.19723
|1^CS(14->0')>   -0.16684
|1^CS(11->0')>    0.17754
|1^CS(9->0')>   -0.10352
|1^CS(1->0')>    0.07787
|1^SV(0->1')>   -0.16880
|1^SV(0->12')>    0.23160
|1^SV(0->14')>   -0.30174
|1^SV(0->20')>   -0.07234
|1^SV(0'->13')>   -0.38390
|1^SV(0'->15')>    0.05272
|1^SV(0'->21')>   -0.06816
|1T^CV(20->5')>   -0.06680
|1T^CV(20->13')>    0.05995
|1T^CV(19->4')>   -0.06647
|1T^CV(19->12')>    0.05452
|1T^CV(19->20')>    0.05616
|1T^CV(14->13')>    0.05063
|1T^CV(13->12')>    0.05771
|1T^CV(13->14')>   -0.05502
|1T^CV(11->3')>   -0.07573
|1T^CV(11->5')>    0.06483
|1T^CV(11->13')>   -0.07474
|1T^CV(10->1')>    0.11779
|1T^CV(10->4')>   -0.13433
|1T^CV(10->12')>    0.10532
|1T^CV(9->3')>   -0.05449
|1T^CV(9->5')>    0.19751
|1T^CV(8->7')>   -0.08872
|1T^CV(7->6')>   -0.08836
|1T^CV(6->8')>    0.15530
|1T^CV(5->9')>    0.15627
|1T^CV(4->1')>    0.08776
|1T^CV(4->4')>    0.18928
|1T^CV(4->12')>    0.08314
|1T^CV(3->11')>    0.20052
|1T^CV(2->10')>    0.20040
|1T^CV(1->3')>   -0.15348
|1T^CV(1->5')>   -0.11208
TDMs with Triplet 'Ground' state
TDMX:-0.000   TDMY:-0.000   TDMZ:-0.000   Oscillator Strength:0.00000   <S**2>: 0.000
--------------------------------------------------------------------
TDMs with Singlet 'Ground' state
TDMX:0.028   TDMY:0.189   TDMZ:-0.010   Oscillator Strength:0.00257   <S**2>: 0.000
--------------------------------------------------------------------


State 13 2.855 eV 
Excitation    CI Coef
|3^CS(16->0)>    0.12678
|3^CS(14->0)>   -0.08653
|3^CS(11->0)>    0.22904
|3^CS(9->0)>   -0.06650
|3^CS(1->0)>    0.12772
|3^CS(19->0')>    0.05148
|3^CS(15->0')>   -0.10030
|3^CS(13->0')>    0.17670
|3^CS(10->0')>    0.12388
|3^CS(4->0')>    0.17826
|3^SV(0->3')>    0.13333
|3^SV(0->13')>    0.31877
|3^SV(0->21')>    0.05500
|3^SV(0'->1')>   -0.07883
|3^SV(0'->12')>    0.30155
|3^SV(0'->14')>   -0.19931
|3^SV(0'->20')>   -0.06118
|3X^CV(34->20')>   -0.05658
|3X^CV(20->4')>    0.07286
|3X^CV(20->12')>   -0.06114
|3X^CV(20->20')>   -0.06078
|3X^CV(19->5')>    0.07319
|3X^CV(19->13')>   -0.06874
|3X^CV(14->1')>   -0.07052
|3X^CV(14->14')>    0.05108
|3X^CV(13->3')>   -0.06101
|3X^CV(13->13')>   -0.08950
|3X^CV(12->2')>    0.14622
|3X^CV(11->1')>   -0.06124
|3X^CV(11->4')>   -0.07359
|3X^CV(11->12')>    0.13665
|3X^CV(10->3')>   -0.06339
|3X^CV(10->5')>    0.15258
|3X^CV(10->13')>   -0.07914
|3X^CV(9->1')>    0.10269
|3X^CV(9->4')>   -0.22076
|3X^CV(6->9')>   -0.17748
|3X^CV(5->8')>   -0.17842
|3X^CV(4->3')>   -0.05754
|3X^CV(4->5')>   -0.20819
|3X^CV(4->13')>   -0.06633
|3X^CV(3->10')>    0.24535
|3X^CV(2->11')>    0.24506
|3X^CV(1->1')>    0.16795
|3X^CV(1->4')>    0.12295
|3X^CV(1->14')>   -0.08546
TDMs with Triplet 'Ground' state
TDMX:0.269   TDMY:0.185   TDMZ:0.001   Oscillator Strength:0.00722   <S**2>: 2.000
--------------------------------------------------------------------
TDMs with Singlet 'Ground' state
TDMX:0.000   TDMY:0.000   TDMZ:-0.000   Oscillator Strength:0.00000   <S**2>: 2.000
--------------------------------------------------------------------


State 14 2.877 eV 
Excitation    CI Coef
|3^OS>    0.06982
|3^CS(15->0)>    0.14513
|3^CS(13->0)>   -0.20857
|3^CS(4->0)>   -0.11726
|3^CS(20->0')>    0.05267
|3^CS(16->0')>   -0.12623
|3^CS(14->0')>    0.12709
|3^CS(11->0')>   -0.15603
|3^CS(9->0')>    0.07060
|3^CS(1->0')>   -0.08004
|3^SV(0->1')>   -0.09332
|3^SV(0->12')>    0.24532
|3^SV(0->14')>   -0.25943
|3^SV(0->20')>   -0.06620
|3^SV(0'->13')>    0.35695
|3^SV(0'->21')>    0.06250
|3X^CV(35->20')>    0.06040
|3X^CV(34->21')>    0.05057
|3X^CV(20->5')>    0.07641
|3X^CV(20->13')>   -0.07233
|3X^CV(20->21')>    0.05124
|3X^CV(19->4')>    0.07599
|3X^CV(19->12')>   -0.06397
|3X^CV(19->20')>   -0.06349
|3X^CV(14->13')>   -0.06985
|3X^CV(14->17')>   -0.05176
|3X^CV(13->12')>   -0.08120
|3X^CV(13->14')>    0.07439
|3X^CV(11->3')>    0.08093
|3X^CV(11->5')>   -0.07785
|3X^CV(11->13')>    0.09915
|3X^CV(10->1')>   -0.10705
|3X^CV(10->4')>    0.15781
|3X^CV(10->12')>   -0.11169
|3X^CV(9->3')>    0.05120
|3X^CV(9->5')>   -0.22889
|3X^CV(8->7')>    0.08124
|3X^CV(7->6')>    0.08064
|3X^CV(6->8')>   -0.19084
|3X^CV(5->9')>   -0.19188
|3X^CV(4->1')>   -0.07759
|3X^CV(4->4')>   -0.21660
|3X^CV(4->12')>   -0.08868
|3X^CV(3->11')>   -0.26024
|3X^CV(2->10')>   -0.26009
|3X^CV(1->3')>    0.14386
|3X^CV(1->5')>    0.12680
|3X^CV(1->13')>    0.06209
TDMs with Triplet 'Ground' state
TDMX:-0.011   TDMY:-0.003   TDMZ:-0.057   Oscillator Strength:0.00023   <S**2>: 2.000
--------------------------------------------------------------------
TDMs with Singlet 'Ground' state
TDMX:-0.000   TDMY:-0.000   TDMZ:-0.000   Oscillator Strength:0.00000   <S**2>: 2.000
--------------------------------------------------------------------


State 15 2.979 eV 
Excitation    CI Coef
|1^CS(3->0)>   -0.56662
|1^CS(4->0')>    0.05272
|1^CS(2->0')>   -0.55502
|1^SV(0->11')>   -0.20904
|1^SV(0'->10')>   -0.21162
|1T^CV(14->10')>    0.05058
|1T^CV(13->11')>   -0.08038
|1T^CV(11->10')>   -0.09476
|1T^CV(10->11')>   -0.11343
|1T^CV(9->10')>   -0.09669
|1T^CV(3->1')>   -0.06836
|1T^CV(3->4')>    0.22697
|1T^CV(3->12')>   -0.18217
|1T^CV(3->14')>    0.12404
|1T^CV(2->3')>    0.11498
|1T^CV(2->5')>   -0.22850
|1T^CV(2->13')>    0.19379
|1^CSD_(13,2)>    0.05636
TDMs with Triplet 'Ground' state
TDMX:0.000   TDMY:0.000   TDMZ:-0.000   Oscillator Strength:0.00000   <S**2>: 0.000
--------------------------------------------------------------------
TDMs with Singlet 'Ground' state
TDMX:0.075   TDMY:0.015   TDMZ:0.618   Oscillator Strength:0.02833   <S**2>: 0.000
--------------------------------------------------------------------


State 16 2.979 eV 
Excitation    CI Coef
|1^CS(4->0)>   -0.05403
|1^CS(2->0)>    0.56568
|1^CS(3->0')>    0.55612
|1^SV(0->10')>    0.20885
|1^SV(0'->11')>    0.21130
|1T^CV(14->11')>   -0.05058
|1T^CV(13->10')>    0.08042
|1T^CV(11->11')>    0.09469
|1T^CV(10->10')>    0.11351
|1T^CV(9->11')>    0.09672
|1T^CV(3->3')>   -0.11527
|1T^CV(3->5')>    0.22833
|1T^CV(3->13')>   -0.19418
|1T^CV(2->1')>    0.06912
|1T^CV(2->4')>   -0.22736
|1T^CV(2->12')>    0.18182
|1T^CV(2->14')>   -0.12419
|1^CSD_(13,3)>   -0.05634
TDMs with Triplet 'Ground' state
TDMX:-0.000   TDMY:-0.000   TDMZ:-0.000   Oscillator Strength:0.00000   <S**2>: 0.000
--------------------------------------------------------------------
TDMs with Singlet 'Ground' state
TDMX:0.429   TDMY:0.083   TDMZ:0.099   Oscillator Strength:0.01462   <S**2>: 0.000
--------------------------------------------------------------------


State 17 2.982 eV 
Excitation    CI Coef
|5^CV(31->16')>    0.05441
|5^CV(30->15')>   -0.05233
|5^CV(18->3')>    0.08760
|5^CV(18->19')>    0.05419
|5^CV(17->1')>   -0.08529
|5^CV(17->16')>    0.07921
|5^CV(17->18')>    0.07221
|5^CV(16->3')>    0.05611
|5^CV(16->13')>   -0.05958
|5^CV(15->1')>    0.06849
|5^CV(15->14')>    0.06081
|5^CV(14->3')>   -0.09208
|5^CV(14->13')>    0.08355
|5^CV(14->15')>   -0.06569
|5^CV(13->1')>   -0.11938
|5^CV(13->14')>   -0.12767
|5^CV(11->3')>   -0.07312
|5^CV(11->13')>   -0.07111
|5^CV(11->15')>   -0.05777
|5^CV(10->1')>    0.27257
|5^CV(10->4')>   -0.09285
|5^CV(10->12')>    0.13427
|5^CV(10->14')>    0.12372
|5^CV(9->3')>   -0.15695
|5^CV(9->5')>    0.15112
|5^CV(9->13')>    0.08250
|5^CV(8->7')>   -0.39960
|5^CV(7->6')>   -0.40046
|5^CV(6->8')>    0.18932
|5^CV(5->9')>    0.19053
|5^CV(4->1')>    0.17705
|5^CV(4->4')>    0.15572
|5^CV(4->12')>    0.12568
|5^CV(3->11')>    0.18500
|5^CV(2->10')>    0.18465
|5^CV(1->3')>   -0.33462
|5^CV(1->5')>   -0.09526
TDMs with Triplet 'Ground' state
TDMX:0.000   TDMY:0.000   TDMZ:-0.000   Oscillator Strength:0.00000   <S**2>: 6.000
--------------------------------------------------------------------
TDMs with Singlet 'Ground' state
TDMX:0.000   TDMY:0.000   TDMZ:-0.000   Oscillator Strength:0.00000   <S**2>: 6.000
--------------------------------------------------------------------


State 18 3.037 eV 
Excitation    CI Coef
|1^ZW+>    0.20732
|1^CS(16->0)>    0.11317
|1^CS(14->0)>   -0.17861
|1^CS(11->0)>   -0.14201
|1^CS(17->0')>   -0.06265
|1^CS(15->0')>   -0.08671
|1^CS(13->0')>    0.14950
|1^CS(10->0')>   -0.15276
|1^CS(4->0')>   -0.06055
|1^SV(0->3')>    0.18681
|1^SV(0->13')>   -0.16898
|1^SV(0->15')>    0.09351
|1^SV(0'->12')>   -0.10346
|1^SV(0'->14')>   -0.23014
|1T^CV(31->15')>   -0.05079
|1T^CV(23->15')>    0.06681
|1T^CV(21->3')>   -0.05109
|1T^CV(21->15')>    0.07986
|1T^CV(21->19')>    0.05137
|1T^CV(18->1')>   -0.16725
|1T^CV(17->19')>    0.06675
|1T^CV(16->1')>   -0.06029
|1T^CV(14->1')>    0.15423
|1T^CV(12->2')>   -0.40772
|1T^CV(11->1')>    0.30421
|1T^CV(11->12')>   -0.06585
|1T^CV(11->14')>   -0.07534
|1T^CV(10->3')>   -0.12912
|1T^CV(10->15')>   -0.05734
|1T^CV(9->1')>   -0.18632
|1T^CV(9->4')>   -0.05155
|1T^CV(9->12')>    0.12398
|1T^CV(9->14')>    0.10354
|1T^CV(8->6')>    0.20017
|1T^CV(7->7')>    0.20102
|1T^CV(4->3')>   -0.08948
|1T^CV(4->5')>   -0.05350
|1T^CV(3->10')>    0.05468
|1T^CV(2->11')>    0.05483
|1T^CV(1->1')>   -0.18376
|1T^CV(1->12')>    0.19650
|1T^CV(1->14')>    0.14848
TDMs with Triplet 'Ground' state
TDMX:-0.000   TDMY:0.000   TDMZ:-0.000   Oscillator Strength:0.00000   <S**2>: 0.000
--------------------------------------------------------------------
TDMs with Singlet 'Ground' state
TDMX:0.211   TDMY:0.054   TDMZ:0.018   Oscillator Strength:0.00355   <S**2>: 0.000
--------------------------------------------------------------------


State 19 3.042 eV 
Excitation    CI Coef
|5^CV(35->21')>    0.05381
|5^CV(34->20')>    0.06516
|5^CV(33->17')>   -0.06119
|5^CV(20->4')>   -0.06308
|5^CV(20->12')>    0.05924
|5^CV(20->20')>    0.05966
|5^CV(19->5')>   -0.06338
|5^CV(19->13')>    0.06855
|5^CV(16->12')>   -0.05581
|5^CV(16->16')>   -0.05760
|5^CV(16->18')>    0.05841
|5^CV(15->17')>    0.09192
|5^CV(14->12')>    0.08328
|5^CV(14->14')>   -0.05172
|5^CV(14->16')>   -0.05996
|5^CV(13->3')>    0.05949
|5^CV(13->13')>    0.12795
|5^CV(13->17')>    0.06387
|5^CV(12->2')>    0.12014
|5^CV(11->1')>   -0.11415
|5^CV(11->4')>    0.06039
|5^CV(11->12')>   -0.08403
|5^CV(11->14')>    0.09615
|5^CV(10->3')>    0.05654
|5^CV(10->5')>   -0.16216
|5^CV(10->13')>    0.06747
|5^CV(9->1')>    0.06152
|5^CV(9->4')>    0.26843
|5^CV(6->9')>    0.37416
|5^CV(5->8')>    0.37596
|5^CV(4->3')>    0.08162
|5^CV(4->5')>    0.27914
|5^CV(4->13')>    0.13108
|5^CV(3->10')>   -0.35854
|5^CV(2->11')>   -0.35830
|5^CV(1->4')>   -0.17879
|5^CV(1->12')>   -0.15281
TDMs with Triplet 'Ground' state
TDMX:0.000   TDMY:0.000   TDMZ:-0.000   Oscillator Strength:0.00000   <S**2>: 6.000
--------------------------------------------------------------------
TDMs with Singlet 'Ground' state
TDMX:0.000   TDMY:0.000   TDMZ:-0.000   Oscillator Strength:0.00000   <S**2>: 6.000
--------------------------------------------------------------------


State 20 3.048 eV 
Excitation    CI Coef
|3^CS(3->0)>    0.35602
|3^CS(2->0)>    0.43825
|3^CS(3->0')>    0.43314
|3^CS(2->0')>    0.34866
|3^SV(0->10')>   -0.15788
|3^SV(0->11')>   -0.12922
|3^SV(0'->10')>    0.12762
|3^SV(0'->11')>    0.16200
|3X^CV(13->10')>    0.05707
|3X^CV(11->10')>    0.05429
|3X^CV(11->11')>    0.06865
|3X^CV(10->10')>    0.08140
|3X^CV(10->11')>    0.06687
|3X^CV(9->10')>    0.05586
|3X^CV(9->11')>    0.07053
|3X^CV(3->3')>   -0.08979
|3X^CV(3->4')>   -0.14466
|3X^CV(3->5')>    0.17531
|3X^CV(3->12')>    0.11412
|3X^CV(3->13')>   -0.15070
|3X^CV(3->14')>   -0.07717
|3X^CV(2->1')>    0.05412
|3X^CV(2->3')>   -0.07269
|3X^CV(2->4')>   -0.17912
|3X^CV(2->5')>    0.14125
|3X^CV(2->12')>    0.14128
|3X^CV(2->13')>   -0.12158
|3X^CV(2->14')>   -0.09536
TDMs with Triplet 'Ground' state
TDMX:0.207   TDMY:0.026   TDMZ:-0.345   Oscillator Strength:0.01180   <S**2>: 2.000
--------------------------------------------------------------------
TDMs with Singlet 'Ground' state
TDMX:0.000   TDMY:-0.000   TDMZ:-0.000   Oscillator Strength:0.00000   <S**2>: 2.000
--------------------------------------------------------------------


State 21 3.052 eV 
Excitation    CI Coef
|3^CS(3->0)>   -0.43870
|3^CS(2->0)>    0.35456
|3^CS(3->0')>    0.34827
|3^CS(2->0')>   -0.43219
|3^SV(0->10')>   -0.13085
|3^SV(0->11')>    0.15811
|3^SV(0'->10')>   -0.16217
|3^SV(0'->11')>    0.12924
|3X^CV(13->11')>   -0.05721
|3X^CV(11->10')>   -0.06887
|3X^CV(11->11')>    0.05469
|3X^CV(10->10')>    0.06735
|3X^CV(10->11')>   -0.08170
|3X^CV(9->10')>   -0.07091
|3X^CV(9->11')>    0.05625
|3X^CV(3->1')>   -0.05402
|3X^CV(3->3')>   -0.07286
|3X^CV(3->4')>    0.17545
|3X^CV(3->5')>    0.14607
|3X^CV(3->12')>   -0.14159
|3X^CV(3->13')>   -0.12193
|3X^CV(3->14')>    0.09570
|3X^CV(2->3')>    0.09019
|3X^CV(2->4')>   -0.14082
|3X^CV(2->5')>   -0.17936
|3X^CV(2->12')>    0.11437
|3X^CV(2->13')>    0.15102
|3X^CV(2->14')>   -0.07726
TDMs with Triplet 'Ground' state
TDMX:-0.229   TDMY:-0.019   TDMZ:-0.277   Oscillator Strength:0.00940   <S**2>: 2.000
--------------------------------------------------------------------
TDMs with Singlet 'Ground' state
TDMX:0.000   TDMY:0.000   TDMZ:-0.000   Oscillator Strength:0.00000   <S**2>: 2.000
--------------------------------------------------------------------


State 22 3.052 eV 
Excitation    CI Coef
|1^CS(8->0)>   -0.57097
|1^CS(4->0)>    0.05112
|1^CS(7->0')>    0.51152
|1^SV(0->7')>    0.27156
|1^SV(0'->6')>   -0.28291
|1T^CV(17->7')>   -0.05158
|1T^CV(16->6')>   -0.05271
|1T^CV(14->6')>    0.08182
|1T^CV(13->7')>    0.05673
|1T^CV(11->6')>    0.06559
|1T^CV(10->7')>   -0.12284
|1T^CV(8->1')>    0.23987
|1T^CV(8->12')>    0.10113
|1T^CV(8->14')>    0.14757
|1T^CV(7->3')>    0.25771
|1T^CV(7->13')>   -0.08226
|1T^CV(7->15')>    0.07383
|1T^CV(4->7')>   -0.07927
|1T^CV(1->6')>    0.11050
|1^CSD_(13,7)>   -0.05348
TDMs with Triplet 'Ground' state
TDMX:0.000   TDMY:0.000   TDMZ:0.000   Oscillator Strength:0.00000   <S**2>: 0.000
--------------------------------------------------------------------
TDMs with Singlet 'Ground' state
TDMX:0.032   TDMY:0.572   TDMZ:-0.096   Oscillator Strength:0.02525   <S**2>: 0.000
--------------------------------------------------------------------


State 23 3.053 eV 
Excitation    CI Coef
|1^CS(7->0)>   -0.57197
|1^CS(8->0')>    0.50956
|1^SV(0->6')>    0.27091
|1^SV(0'->7')>   -0.28207
|1T^CV(17->6')>   -0.05155
|1T^CV(16->7')>   -0.05260
|1T^CV(14->7')>    0.08165
|1T^CV(13->6')>    0.05665
|1T^CV(11->7')>    0.06544
|1T^CV(10->6')>   -0.12261
|1T^CV(8->3')>    0.25696
|1T^CV(8->13')>   -0.08203
|1T^CV(8->15')>    0.07354
|1T^CV(7->1')>    0.23989
|1T^CV(7->12')>    0.10196
|1T^CV(7->14')>    0.14822
|1T^CV(4->6')>   -0.07843
|1T^CV(1->7')>    0.11022
|1^CSD_(13,8)>   -0.05325
TDMs with Triplet 'Ground' state
TDMX:-0.000   TDMY:-0.000   TDMZ:-0.000   Oscillator Strength:0.00000   <S**2>: 0.000
--------------------------------------------------------------------
TDMs with Singlet 'Ground' state
TDMX:-0.004   TDMY:0.121   TDMZ:-0.431   Oscillator Strength:0.01496   <S**2>: 0.000
--------------------------------------------------------------------


State 24 3.065 eV 
Excitation    CI Coef
|5^CV(35->20')>    0.05277
|5^CV(32->17')>    0.05338
|5^CV(20->5')>    0.05412
|5^CV(20->13')>   -0.05705
|5^CV(19->4')>    0.05382
|5^CV(19->12')>   -0.05174
|5^CV(19->20')>   -0.05210
|5^CV(18->3')>    0.05691
|5^CV(17->1')>   -0.05545
|5^CV(17->16')>    0.05568
|5^CV(16->3')>    0.07296
|5^CV(16->17')>   -0.06992
|5^CV(15->1')>    0.06201
|5^CV(15->12')>    0.05143
|5^CV(15->16')>    0.05125
|5^CV(15->18')>   -0.05749
|5^CV(14->3')>   -0.09781
|5^CV(14->13')>   -0.05286
|5^CV(14->17')>   -0.06671
|5^CV(13->1')>   -0.10507
|5^CV(13->12')>   -0.12026
|5^CV(11->13')>    0.09863
|5^CV(10->1')>    0.12869
|5^CV(10->4')>    0.13575
|5^CV(10->14')>    0.12055
|5^CV(9->3')>   -0.11073
|5^CV(9->5')>   -0.22820
|5^CV(8->7')>   -0.27086
|5^CV(7->6')>   -0.27303
|5^CV(6->8')>   -0.33353
|5^CV(5->9')>   -0.33525
|5^CV(4->1')>    0.06217
|5^CV(4->4')>   -0.23927
|5^CV(4->12')>   -0.06870
|5^CV(4->14')>    0.12386
|5^CV(3->11')>   -0.31514
|5^CV(2->10')>   -0.31490
|5^CV(1->3')>   -0.11036
|5^CV(1->5')>    0.15453
|5^CV(1->13')>    0.16910
TDMs with Triplet 'Ground' state
TDMX:0.000   TDMY:0.000   TDMZ:-0.000   Oscillator Strength:0.00000   <S**2>: 6.000
--------------------------------------------------------------------
TDMs with Singlet 'Ground' state
TDMX:0.000   TDMY:-0.000   TDMZ:0.000   Oscillator Strength:0.00000   <S**2>: 6.000
--------------------------------------------------------------------


State 25 3.079 eV 
Excitation    CI Coef
|3^CS(16->0)>    0.11874
|3^CS(14->0)>   -0.16695
|3^CS(11->0)>   -0.09066
|3^CS(15->0')>   -0.06576
|3^CS(13->0')>    0.11896
|3^CS(10->0')>   -0.10166
|3^SV(0->3')>   -0.19447
|3^SV(0->13')>    0.16590
|3^SV(0->15')>   -0.08431
|3^SV(0'->1')>   -0.09110
|3^SV(0'->12')>   -0.06845
|3^SV(0'->14')>   -0.24455
|3X^CV(23->15')>    0.07482
|3X^CV(21->3')>   -0.05336
|3X^CV(21->15')>    0.08960
|3X^CV(21->19')>    0.05786
|3X^CV(18->1')>   -0.17476
|3X^CV(18->12')>    0.05656
|3X^CV(17->19')>    0.06488
|3X^CV(16->1')>   -0.07335
|3X^CV(14->1')>    0.17274
|3X^CV(12->2')>   -0.47467
|3X^CV(11->1')>    0.32775
|3X^CV(11->12')>   -0.07787
|3X^CV(11->14')>   -0.08626
|3X^CV(10->3')>   -0.12048
|3X^CV(10->15')>   -0.05386
|3X^CV(9->1')>   -0.20117
|3X^CV(9->4')>   -0.05174
|3X^CV(9->12')>    0.13436
|3X^CV(9->14')>    0.10211
|3X^CV(8->6')>    0.17194
|3X^CV(7->7')>    0.17249
|3X^CV(4->3')>   -0.07744
|3X^CV(3->10')>    0.07110
|3X^CV(2->11')>    0.07132
|3X^CV(1->1')>   -0.20947
|3X^CV(1->12')>    0.19579
|3X^CV(1->14')>    0.15131
TDMs with Triplet 'Ground' state
TDMX:0.344   TDMY:0.110   TDMZ:-0.001   Oscillator Strength:0.00955   <S**2>: 2.000
--------------------------------------------------------------------
TDMs with Singlet 'Ground' state
TDMX:0.000   TDMY:0.000   TDMZ:0.000   Oscillator Strength:0.00000   <S**2>: 2.000
--------------------------------------------------------------------


State 26 3.082 eV 
Excitation    CI Coef
|5^CV(34->20')>    0.05933
|5^CV(20->4')>   -0.07784
|5^CV(20->12')>    0.06246
|5^CV(20->20')>    0.07025
|5^CV(19->5')>   -0.07841
|5^CV(19->13')>    0.07329
|5^CV(19->19')>    0.05030
|5^CV(19->21')>   -0.05696
|5^CV(16->4')>    0.07178
|5^CV(16->16')>    0.05205
|5^CV(16->18')>   -0.05167
|5^CV(15->5')>    0.06734
|5^CV(15->17')>   -0.07986
|5^CV(14->4')>   -0.09004
|5^CV(13->5')>   -0.14293
|5^CV(13->17')>   -0.05461
|5^CV(11->4')>    0.15037
|5^CV(11->12')>   -0.06471
|5^CV(10->3')>    0.08284
|5^CV(10->5')>   -0.10128
|5^CV(10->13')>    0.13263
|5^CV(9->1')>   -0.06390
|5^CV(9->12')>   -0.17888
|5^CV(9->14')>    0.11685
|5^CV(6->8')>    0.06272
|5^CV(6->9')>   -0.34061
|5^CV(5->8')>   -0.33982
|5^CV(5->9')>    0.07527
|5^CV(4->3')>   -0.10826
|5^CV(4->5')>   -0.15323
|5^CV(4->13')>   -0.17575
|5^CV(3->10')>   -0.42678
|5^CV(3->11')>   -0.09086
|5^CV(2->10')>   -0.08365
|5^CV(2->11')>   -0.42915
|5^CV(1->4')>    0.15424
|5^CV(1->12')>    0.09532
|5^CV(1->14')>   -0.06352
TDMs with Triplet 'Ground' state
TDMX:0.000   TDMY:0.000   TDMZ:0.000   Oscillator Strength:0.00000   <S**2>: 6.000
--------------------------------------------------------------------
TDMs with Singlet 'Ground' state
TDMX:-0.000   TDMY:-0.000   TDMZ:0.000   Oscillator Strength:0.00000   <S**2>: 6.000
--------------------------------------------------------------------


State 27 3.082 eV 
Excitation    CI Coef
|5^CV(35->20')>    0.05921
|5^CV(20->5')>    0.07905
|5^CV(20->13')>   -0.07349
|5^CV(20->19')>   -0.05043
|5^CV(20->21')>    0.05711
|5^CV(19->4')>    0.07765
|5^CV(19->12')>   -0.06264
|5^CV(19->20')>   -0.07043
|5^CV(16->5')>   -0.07190
|5^CV(16->17')>    0.07219
|5^CV(15->4')>   -0.06726
|5^CV(15->16')>   -0.05751
|5^CV(15->18')>    0.05636
|5^CV(14->5')>    0.09023
|5^CV(14->17')>    0.06296
|5^CV(13->4')>    0.14276
|5^CV(11->5')>   -0.15092
|5^CV(11->13')>    0.06521
|5^CV(10->4')>    0.10101
|5^CV(10->12')>   -0.12694
|5^CV(10->14')>    0.08195
|5^CV(9->3')>    0.11571
|5^CV(9->13')>    0.18906
|5^CV(6->8')>    0.33927
|5^CV(6->9')>    0.06364
|5^CV(5->8')>    0.07484
|5^CV(5->9')>    0.33862
|5^CV(4->1')>    0.05919
|5^CV(4->4')>    0.15337
|5^CV(4->12')>    0.16404
|5^CV(4->14')>   -0.10889
|5^CV(3->10')>    0.09130
|5^CV(3->11')>   -0.42792
|5^CV(2->10')>   -0.42980
|5^CV(2->11')>    0.08288
|5^CV(1->3')>   -0.06261
|5^CV(1->5')>   -0.15316
|5^CV(1->13')>   -0.10085
TDMs with Triplet 'Ground' state
TDMX:0.000   TDMY:0.000   TDMZ:0.000   Oscillator Strength:0.00000   <S**2>: 6.000
--------------------------------------------------------------------
TDMs with Singlet 'Ground' state
TDMX:-0.000   TDMY:0.000   TDMZ:-0.000   Oscillator Strength:0.00000   <S**2>: 6.000
--------------------------------------------------------------------


State 28 3.114 eV 
Excitation    CI Coef
|3^CS(8->0)>    0.06121
|3^CS(7->0)>    0.57090
|3^CS(8->0')>   -0.50285
|3^CS(7->0')>   -0.05301
|3^CS(4->0')>    0.05216
|3^SV(0->6')>    0.25328
|3^SV(0'->7')>    0.27088
|3T^CV(8->3')>   -0.06153
|3T^CV(7->1')>   -0.07087
|3T^CV(1->7')>    0.05123
|3X^CV(14->7')>   -0.07143
|3X^CV(13->6')>   -0.05190
|3X^CV(11->7')>   -0.05553
|3X^CV(10->6')>    0.11320
|3X^CV(8->3')>   -0.25715
|3X^CV(8->13')>    0.08393
|3X^CV(8->15')>   -0.06152
|3X^CV(7->1')>   -0.25482
|3X^CV(7->12')>   -0.09538
|3X^CV(7->14')>   -0.14369
|3X^CV(4->6')>    0.07462
|3X^CV(1->7')>   -0.10569
|3^CSD(7,3)>   -0.05028
TDMs with Triplet 'Ground' state
TDMX:0.052   TDMY:0.321   TDMZ:-0.027   Oscillator Strength:0.00792   <S**2>: 2.000
--------------------------------------------------------------------
TDMs with Singlet 'Ground' state
TDMX:0.000   TDMY:0.000   TDMZ:-0.000   Oscillator Strength:0.00000   <S**2>: 2.000
--------------------------------------------------------------------


State 29 3.118 eV 
Excitation    CI Coef
|3^CS(8->0)>   -0.57036
|3^CS(7->0)>    0.06305
|3^CS(4->0)>    0.05639
|3^CS(8->0')>   -0.05304
|3^CS(7->0')>    0.50496
|3^SV(0->7')>   -0.25514
|3^SV(0'->6')>   -0.27288
|3T^CV(8->1')>    0.07110
|3T^CV(7->3')>    0.06232
|3T^CV(1->6')>   -0.05131
|3X^CV(14->6')>    0.07194
|3X^CV(13->7')>    0.05235
|3X^CV(11->6')>    0.05570
|3X^CV(10->7')>   -0.11373
|3X^CV(8->1')>    0.25482
|3X^CV(8->12')>    0.09541
|3X^CV(8->14')>    0.14431
|3X^CV(7->3')>    0.26024
|3X^CV(7->13')>   -0.08418
|3X^CV(7->15')>    0.06220
|3X^CV(4->7')>   -0.07370
|3X^CV(1->6')>    0.10630
TDMs with Triplet 'Ground' state
TDMX:0.011   TDMY:0.026   TDMZ:0.242   Oscillator Strength:0.00442   <S**2>: 2.000
--------------------------------------------------------------------
TDMs with Singlet 'Ground' state
TDMX:0.000   TDMY:-0.000   TDMZ:0.000   Oscillator Strength:0.00000   <S**2>: 2.000
--------------------------------------------------------------------

Wall clock time: 20.2713 seconds
