                    ---------------------------------
                    | Radical ExROPPP Calculation |
                    ---------------------------------

Molecule: ./PyBTM-Hex.xyz radical

--------------------------------
Cartesian Coordinates / Angstrom
--------------------------------

Cl -5.739452 -1.387046 2.918862
Cl -6.480121 2.395707 2.120103
Cl -5.820563 1.122163 -2.015395
Cl -9.505972 -0.235568 -1.692691
N -9.380645 -3.836420 1.298057
C -3.599080 -0.738615 1.453613
H -3.063983 -1.165078 2.293616
C -5.024316 0.438384 -0.606861
C -9.072770 1.152968 -0.713815
C -8.381512 -3.796967 0.415589
H -8.130222 -4.722602 -0.094606
C -7.971708 -1.405055 0.752187
C -9.794772 2.315009 -0.963737
C -9.454248 3.478308 -0.281730
C -4.987558 -0.727312 1.474885
C -7.671538 -2.635305 0.117753
C -7.709003 2.309949 0.872477
C -8.411428 3.487415 0.638488
C -3.634511 0.438084 -0.637173
C -8.000131 1.088174 0.212581
C -5.773801 -0.146376 0.445583
C -9.035855 -1.493199 1.682704
C -9.697073 -2.697825 1.916013
C -7.246413 -0.152713 0.469922
H -10.504950 -2.732065 2.641527
C -2.895787 -0.160357 0.389664
H -10.594289 2.312320 -1.693124
C -1.404960 -0.125199 0.365965
C -0.777929 1.128282 0.352494
C -0.610675 -1.292119 0.351086
H -3.124807 0.881746 -1.484226
H -8.158754 4.388281 1.182389
Cl -6.458810 -2.763285 -1.140679
Cl -9.531597 -0.128416 2.662332
Cl -10.349150 4.949803 -0.585666
C 0.777928 -1.128283 0.352493
C 0.610674 1.292117 0.351088
C 1.404960 0.125197 0.365965
C 2.895786 0.160355 0.389664
C 3.599079 0.738616 1.453612
C 3.634510 -0.438088 -0.637171
H 3.063983 1.165080 2.293615
C 4.987557 0.727313 1.474884
C 5.024315 -0.438388 -0.606859
H 3.124806 -0.881752 -1.484223
Cl 5.739451 1.387051 2.918859
C 5.773800 0.146374 0.445583
Cl 5.820562 -1.122170 -2.015391
C 7.246412 0.152712 0.469921
C 7.971705 1.405056 0.752185
C 8.000133 -1.088173 0.212581
C 7.671530 2.635306 0.117752
C 9.035856 1.493203 1.682698
C 9.072768 -1.152968 -0.713818
C 7.709009 -2.309947 0.872483
C 8.381503 3.796970 0.415585
Cl 6.458797 2.763283 -1.140676
C 9.697071 2.697831 1.916005
Cl 9.531604 0.128420 2.662324
Cl 9.505963 0.235565 -1.692701
C 9.794773 -2.315009 -0.963738
Cl 6.480132 -2.395704 2.120114
C 8.411437 -3.487413 0.638496
N 9.380638 3.836425 1.298050
H 8.130208 4.722605 -0.094609
H 10.504950 2.732073 2.641516
C 9.454254 -3.478306 -0.281726
H 10.594286 -2.312320 -1.693128
H 8.158767 -4.388277 1.182401
Cl 10.349158 -4.949800 -0.585660
H 1.403790 -2.017248 0.356708
H -1.403791 2.017247 0.356710
C -1.184832 -2.690971 0.242680
H -0.471461 -3.401779 0.676545
H -2.105557 -2.784254 0.825503
C -1.479933 -3.102731 -1.214673
H -2.182768 -2.384125 -1.655825
H -0.555409 -3.026271 -1.802387
C 1.184830 2.690970 0.242682
H 0.471458 3.401777 0.676546
H 2.105555 2.784253 0.825506
C 1.479933 3.102729 -1.214672
H 2.182769 2.384123 -1.655822
H 0.555410 3.026269 -1.802386
C 2.054093 4.519296 -1.331948
H 1.356074 5.234295 -0.873287
H 2.982530 4.582724 -0.747149
C 2.336675 4.943464 -2.778305
H 3.033089 4.227339 -3.237406
H 1.408476 4.880395 -3.364230
C 2.915448 6.358590 -2.899508
H 2.219934 7.074067 -2.439993
H 3.843234 6.420164 -2.314831
C 3.194903 6.775366 -4.346475
H 3.914522 6.099138 -4.821712
H 2.279127 6.757339 -4.948284
H 3.606696 7.788373 -4.399050
C -2.054093 -4.519299 -1.331950
H -1.356074 -5.234297 -0.873288
H -2.982531 -4.582726 -0.747152
C -2.336673 -4.943467 -2.778307
H -3.033086 -4.227342 -3.237409
H -1.408473 -4.880397 -3.364231
C -2.915445 -6.358592 -2.899511
H -2.219932 -7.074069 -2.439995
H -3.843232 -6.420167 -2.314835
C -3.194899 -6.775369 -4.346478
H -3.914517 -6.099141 -4.821716
H -2.279122 -6.757342 -4.948285
H -3.606691 -7.788376 -4.399054

There are 70 heavy atoms.
There are 84 electrons in 70 orbitals.


Carbon 1e params: A = -22.717075 b = 1.705616

Nitrogen 1e params: alphan2 = -17.681338 Acn2 = -24.737202 bcn2 = 1.433639

Chlorine 1e params: alphacl = -10.335674 Accl = -26.021937 bccl=1.451861
C-N1 bond
C-N1 bond
C-N1 bond
C-N1 bond
C-Cl bond
C-Cl bond
C-Cl bond
C-Cl bond
C-Cl bond
C-Cl bond
C-Cl bond
C-Cl bond
C-Cl bond
C-Cl bond
C-Cl bond
C-Cl bond
C-Cl bond
C-Cl bond
N1 atom 55
N1 atom 56
Cl atom 57
Cl atom 58
Cl atom 59
Cl atom 60
Cl atom 61
Cl atom 62
Cl atom 63
Cl atom 64
Cl atom 65
Cl atom 66
Cl atom 67
Cl atom 68
Cl atom 69
Cl atom 70

Carbon 2e params: U = 8.420838 r0 = 1.173157

Nitrogen 2e params: Un2n2 = 17.979843 r0n2n2 = 1.111791

Chlorine 2e params: Uclcl= 9.642991 r0clcl = 2.253316

Mixed 2e params: Ucn2 = 13.200341 Uccl = 9.031915 Un2cl = 13.811417 r0cn2 =1.142474 r0ccl = 1.713237 r0n2cl = 1.682554
[8.42083845 2.50657485 1.34283936 1.42266133 1.7480094  1.16342587
 1.14944732 3.8561932  1.68581879 1.56233665 1.29486294 2.76521367
 1.62023622 2.71234552 1.48180927 1.3007493  1.97738326 3.83871133
 2.67163663 2.08823305 2.24206557 1.73213854 1.65327475 1.55173974
 1.26398928 1.15932141 1.13436059 0.99948509 0.98353144 0.92834009
 0.81647144 0.76216422 0.76916168 0.75913009 0.70535133 0.70384522
 0.78375385 0.70435608 0.66239566 0.66415914 0.73063075 0.67556246
 2.19248969 1.85681062 1.37538966 1.22299968 1.05311883 0.94845023
 0.84113718 0.7690205  1.61504612 1.35868175 1.18813695 1.03395999
 1.62585843 0.84260265 3.5272558  2.56939071 2.48241901 1.83672034
 2.54795987 1.9842516  1.43634418 1.35710459 1.31594855 1.22083836
 1.03656884 1.01628585 1.29493553 0.94206903]

-------------------------------------
Restricted Open-shell PPP Calculation
-------------------------------------

Starting SCF cycle...

Iter   Energy        Dens Change      Energy Change
-----------------------------------------------------
0 -239.4205906584538 0.3831929890316337 -239.4205906584538
1 -257.44215590722035 0.04563317823146468 -18.021565248766564
2 -264.3296050148647 0.014658687668263892 -6.887449107644329
3 -266.29678433570496 0.004696216132003883 -1.9671793208402732
4 -266.9868119928941 0.001969614490663435 -0.6900276571891482
5 -267.19443869371224 0.000877423562953894 -0.20762670081813894
6 -267.26441380837775 0.0003919414518029074 -0.06997511466551032
7 -267.2866443627762 0.00017572525902659342 -0.022230554398447566
8 -267.2940915386512 7.878325841886857e-05 -0.007447175874972345
9 -267.2965289760503 3.531620501423527e-05 -0.00243743739912361
10 -267.2973482623942 1.5828765705938608e-05 -0.000819286343926251
11 -267.2976214737856 7.093958188764127e-06 -0.00027321139140212836
12 -267.2977140320745 3.1790382605811907e-06 -9.255828888399265e-05
13 -267.29774538465773 1.4245621696162836e-06 -3.1352583221178065e-05
14 -267.2977561339769 6.383307787904968e-07 -1.0749319187652873e-05
15 -267.29775983799345 2.8601875262657117e-07 -3.704016535266419e-06
16 -267.2977611297989 1.2815301730917383e-07 -1.2918054608235252e-06
17 -267.29776158461215 5.7418482302118434e-08 -4.548132324089238e-07
18 -267.2977617469986 2.5725537866616577e-08 -1.6238647049249266e-07
19 -267.29776180576187 1.1525743803808552e-08 -5.8763248489412945e-08
20 -267.29776182738647 5.163761529480837e-09 -2.1624600776704028e-08
21 -267.29776183547074 2.313437275081043e-09 -8.084271030384116e-09
22 -267.29776183855574 1.0364379909866273e-09 -3.0850060284137726e-09
23 -267.2977618397481 4.643294637673989e-10 -1.192347554024309e-09
24 -267.29776184021796 2.0801954603300032e-10 -4.69867700303439e-10
25 -267.2977618404079 9.319345295466519e-11 -1.8991386241395958e-10
26 -267.2977618404873 4.174904866260931e-11 -7.94102561485488e-11
27 -267.2977618405165 1.870470445197725e-11 -2.921751729445532e-11
28 -267.2977618405326 8.378686633392363e-12 -1.6086687537608668e-11
29 -267.2977618405355 3.7537195574088855e-12 -2.8990143619012088e-12
30 -267.29776184054026 1.681099703887412e-12 -4.774847184307873e-12
31 -267.29776184054026 7.541745006278688e-13 0.0
32 -267.2977618405404 3.3795188869589765e-13 -1.1368683772161603e-13
33 -267.29776184053986 1.513789094076401e-13 5.115907697472721e-13
34 -267.2977618405407 6.84452494681409e-14 -8.526512829121202e-13
35 -267.29776184054253 3.1030733538273125e-14 -1.8189894035458565e-12
36 -267.2977618405396 1.4432899320127035e-14 2.9558577807620168e-12
37 -267.2977618405395 6.328271240363392e-15 5.684341886080802e-14
38 -267.2977618405409 3.552713678800501e-15 -1.3642420526593924e-12
39 -267.29776184054145 3.1086244689504383e-15 -5.684341886080801e-13
40 -267.2977618405407 3.202299536653186e-15 7.389644451905042e-13
41 -267.2977618405409 2.4424906541753444e-15 -1.7053025658242404e-13
ENERGY0: -267.2977618405409

--------------------------
Converged ROPPP Orbitals
--------------------------

orbital number 1 energy -8.047076329848352
[0.03 0.06 0.11 0.2  0.19 0.08 0.11 0.06 0.24 0.11 0.08 0.03 0.1  0.06
 0.24 0.2  0.08 0.03 0.01 0.01 0.01 0.01 0.01 0.01 0.03 0.03 0.03 0.06
 0.06 0.06 0.08 0.19 0.1  0.24 0.24 0.11 0.11 0.2  0.2  0.08 0.08 0.11
 0.   0.   0.   0.   0.   0.   0.   0.   0.   0.   0.   0.   0.23 0.23
 0.05 0.11 0.05 0.1  0.22 0.22 0.1  0.05 0.05 0.22 0.22 0.1  0.11 0.1 ]
orbital number 2 energy -8.046934499144108
[-0.03 -0.06 -0.11 -0.2  -0.19 -0.08 -0.11 -0.05 -0.24 -0.11 -0.08 -0.03
 -0.1  -0.06 -0.24 -0.2  -0.08 -0.02 -0.01 -0.   -0.    0.    0.    0.01
  0.02  0.03  0.03  0.06  0.06  0.06  0.08  0.19  0.1   0.24  0.24  0.11
  0.11  0.2   0.2   0.08  0.08  0.11 -0.   -0.    0.    0.    0.   -0.
 -0.    0.   -0.    0.    0.   -0.   -0.23  0.23 -0.05 -0.11 -0.05 -0.1
 -0.22 -0.22 -0.1   0.05  0.05  0.22  0.22  0.1   0.11  0.1 ]
orbital number 3 energy -7.966098518374188
[-0.01 -0.02 -0.23  0.11  0.09 -0.18 -0.24 -0.02  0.13 -0.23 -0.18 -0.01
 -0.17 -0.02  0.13  0.11 -0.02 -0.01 -0.   -0.   -0.   -0.   -0.   -0.
 -0.01 -0.01 -0.01 -0.02 -0.02 -0.02 -0.02  0.08 -0.16  0.12  0.12 -0.21
 -0.22  0.11  0.11 -0.17 -0.17 -0.23 -0.   -0.   -0.   -0.   -0.   -0.
 -0.   -0.   -0.   -0.   -0.   -0.    0.13  0.12 -0.02 -0.23 -0.02 -0.22
  0.12  0.12 -0.24 -0.02 -0.02  0.11  0.11 -0.21 -0.21 -0.23]
orbital number 4 energy -7.966067218886693
[ 0.01  0.02  0.21 -0.11 -0.08  0.17  0.23  0.02 -0.12  0.22  0.17  0.01
  0.16  0.02 -0.12 -0.11  0.02  0.01  0.    0.    0.   -0.   -0.   -0.
 -0.01 -0.01 -0.01 -0.02 -0.02 -0.02 -0.02  0.08 -0.17  0.13  0.13 -0.23
 -0.23  0.11  0.11 -0.18 -0.18 -0.24  0.    0.   -0.   -0.   -0.   -0.
 -0.   -0.    0.    0.    0.    0.   -0.12  0.13  0.02  0.21  0.02  0.21
 -0.11 -0.11  0.23 -0.02 -0.02  0.12  0.12 -0.22 -0.23 -0.24]
orbital number 5 energy -7.810560149648296
[-0.17 -0.28  0.04  0.04  0.02  0.03  0.05 -0.28  0.04  0.04  0.03 -0.17
  0.02 -0.22  0.04  0.04 -0.04 -0.15 -0.06 -0.04 -0.04 -0.04 -0.04 -0.06
 -0.15 -0.17 -0.17 -0.28 -0.29 -0.22 -0.04  0.02  0.02  0.04  0.04  0.04
  0.04  0.04  0.04  0.03  0.03  0.05 -0.   -0.   -0.   -0.   -0.   -0.
 -0.   -0.   -0.   -0.   -0.   -0.    0.04  0.04 -0.29  0.04 -0.3   0.04
  0.04  0.04  0.05 -0.29 -0.3   0.04  0.04  0.04  0.04  0.05]
orbital number 6 energy -7.803466164833913
[ 0.17  0.29 -0.04 -0.04 -0.01 -0.03 -0.05  0.28 -0.04 -0.04 -0.03  0.17
 -0.02  0.23 -0.04 -0.04  0.05  0.15  0.03  0.01  0.01 -0.01 -0.01 -0.03
 -0.15 -0.17 -0.17 -0.28 -0.29 -0.23 -0.05  0.01  0.02  0.04  0.04  0.03
  0.04  0.04  0.04  0.03  0.03  0.05  0.    0.   -0.   -0.   -0.   -0.
 -0.   -0.    0.    0.    0.    0.   -0.04  0.04  0.29 -0.04  0.3  -0.04
 -0.04 -0.04 -0.05 -0.29 -0.3   0.04  0.04  0.04  0.04  0.05]
orbital number 7 energy -7.040411183236952
[-0.04  0.07 -0.04 -0.01  0.01 -0.11 -0.21 -0.08 -0.    0.25  0.02  0.03
  0.09  0.   -0.   -0.01  0.03 -0.01 -0.01 -0.01 -0.01 -0.01 -0.01 -0.01
 -0.01 -0.04  0.03 -0.08  0.07  0.    0.03  0.01  0.09 -0.   -0.   -0.04
  0.25 -0.01 -0.01 -0.11  0.02 -0.21 -0.   -0.   -0.   -0.   -0.   -0.
 -0.   -0.   -0.   -0.   -0.   -0.   -0.01 -0.01 -0.14  0.44  0.12 -0.07
 -0.01 -0.   -0.36 -0.14  0.12 -0.01 -0.   -0.07  0.44 -0.36]
orbital number 8 energy -7.0402988444147985
[-0.04  0.07 -0.04 -0.01  0.01 -0.11 -0.21 -0.08 -0.    0.25  0.02  0.03
  0.09  0.   -0.   -0.01  0.03 -0.01 -0.   -0.   -0.    0.    0.    0.
  0.01  0.04 -0.03  0.08 -0.07 -0.   -0.03 -0.01 -0.09  0.    0.    0.04
 -0.25  0.01  0.01  0.11 -0.02  0.21 -0.   -0.    0.    0.    0.    0.
  0.    0.   -0.   -0.   -0.   -0.   -0.01  0.01 -0.14  0.44  0.11 -0.07
 -0.01 -0.   -0.36  0.14 -0.11  0.01  0.    0.07 -0.44  0.36]
orbital number 9 energy -7.037732791658653
[ 0.02 -0.05 -0.   -0.    0.   -0.01 -0.01  0.05  0.    0.02  0.   -0.02
  0.01  0.   -0.   -0.    0.    0.   -0.   -0.   -0.   -0.   -0.   -0.
 -0.   -0.15  0.14 -0.33  0.33 -0.01 -0.01 -0.   -0.05 -0.01  0.01  0.01
 -0.11  0.    0.01  0.05 -0.    0.1  -0.   -0.   -0.   -0.   -0.   -0.
 -0.   -0.   -0.   -0.   -0.   -0.   -0.    0.01  0.09  0.03 -0.09 -0.
  0.   -0.   -0.03 -0.56  0.56 -0.01  0.02  0.01 -0.18  0.17]
orbital number 10 energy -7.037731478990123
[ 0.15 -0.33 -0.01 -0.    0.   -0.05 -0.1   0.33  0.01  0.11  0.   -0.14
  0.05  0.01 -0.01 -0.01  0.01  0.    0.    0.    0.    0.    0.    0.
  0.    0.02 -0.02  0.05 -0.05  0.    0.    0.    0.01  0.   -0.   -0.
  0.02 -0.   -0.   -0.01  0.   -0.02  0.    0.    0.    0.    0.    0.
  0.    0.    0.    0.    0.    0.   -0.01 -0.    0.56  0.19 -0.56 -0.01
  0.01 -0.02 -0.17  0.09 -0.09  0.   -0.   -0.    0.03 -0.03]
orbital number 11 energy -7.024536065780204
[ 0.01 -0.   -0.28  0.01 -0.01 -0.05  0.17  0.01  0.02  0.1   0.12  0.
 -0.08 -0.   -0.01  0.   -0.02  0.01  0.01  0.01  0.01  0.01  0.01  0.01
  0.01  0.01  0.    0.01 -0.   -0.   -0.02 -0.01 -0.08  0.02 -0.01 -0.29
  0.1   0.01  0.   -0.05  0.12  0.17  0.    0.    0.    0.    0.    0.
  0.    0.    0.    0.    0.    0.    0.01  0.01  0.02  0.17 -0.01 -0.48
  0.03 -0.02  0.3   0.02 -0.01  0.03 -0.02 -0.49  0.18  0.3 ]
orbital number 12 energy -7.024474756613611
[ 0.01 -0.   -0.29  0.01 -0.01 -0.05  0.17  0.01  0.02  0.1   0.12  0.
 -0.08 -0.   -0.01  0.   -0.02  0.    0.    0.    0.   -0.   -0.   -0.
 -0.   -0.01 -0.   -0.01  0.    0.    0.02  0.01  0.08 -0.02  0.01  0.28
 -0.1  -0.01 -0.    0.05 -0.12 -0.17  0.    0.   -0.   -0.   -0.   -0.
 -0.    0.    0.    0.    0.   -0.    0.01 -0.01  0.02  0.17 -0.01 -0.48
  0.03 -0.02  0.3  -0.02  0.01 -0.03  0.02  0.48 -0.17 -0.3 ]
orbital number 13 energy -7.004540499931381
[ 0.   -0.01 -0.02 -0.15 -0.   -0.    0.01  0.01 -0.35  0.01  0.01 -0.
 -0.01 -0.    0.35  0.15 -0.    0.    0.    0.    0.    0.    0.    0.
  0.    0.   -0.    0.   -0.   -0.   -0.   -0.   -0.   -0.03  0.03 -0.
  0.   -0.01  0.01 -0.    0.    0.    0.    0.    0.    0.    0.    0.
  0.    0.    0.    0.    0.   -0.    0.    0.    0.02  0.01 -0.01 -0.04
 -0.59  0.6   0.02  0.   -0.   -0.04  0.04 -0.    0.    0.  ]
orbital number 14 energy -7.004539097745378
[ 0.   -0.   -0.   -0.01 -0.   -0.    0.    0.   -0.03  0.    0.   -0.
 -0.    0.    0.03  0.01 -0.   -0.   -0.   -0.   -0.   -0.   -0.   -0.
 -0.   -0.    0.   -0.01  0.01  0.    0.    0.    0.01  0.35 -0.35  0.02
 -0.01  0.15 -0.15  0.   -0.01 -0.01 -0.   -0.   -0.   -0.   -0.   -0.
 -0.    0.   -0.   -0.   -0.   -0.    0.   -0.    0.    0.   -0.   -0.
 -0.04  0.04  0.   -0.02  0.01  0.59 -0.6   0.04 -0.01 -0.02]
orbital number 15 energy -6.87928162246204
[-0.03  0.04 -0.01 -0.    0.    0.    0.01  0.05 -0.   -0.01  0.   -0.03
 -0.    0.04 -0.   -0.    0.01 -0.1  -0.4  -0.39 -0.39 -0.39 -0.39 -0.4
 -0.1  -0.03 -0.03  0.05  0.04  0.04  0.01  0.   -0.   -0.   -0.   -0.01
 -0.01 -0.   -0.    0.    0.    0.01 -0.02 -0.01 -0.02 -0.01 -0.   -0.
 -0.   -0.   -0.   -0.   -0.   -0.   -0.   -0.    0.09 -0.01  0.08 -0.01
 -0.   -0.    0.01  0.09  0.08 -0.   -0.   -0.01 -0.01  0.01]
orbital number 16 energy -6.317982661649188
[ 0.    0.    0.    0.23 -0.08  0.   -0.    0.   -0.08  0.    0.    0.
 -0.01 -0.01 -0.08  0.23 -0.03  0.    0.    0.    0.   -0.   -0.   -0.
 -0.   -0.   -0.   -0.   -0.    0.01  0.03  0.09  0.01  0.08  0.08 -0.
 -0.   -0.24 -0.24 -0.   -0.    0.    0.    0.   -0.   -0.   -0.   -0.
 -0.   -0.    0.    0.    0.    0.    0.4  -0.42  0.01  0.01  0.01  0.01
 -0.3  -0.3  -0.   -0.01 -0.01  0.32  0.32 -0.01 -0.01  0.  ]
orbital number 17 energy -6.317966348856405
[ 0.    0.    0.    0.24 -0.09  0.   -0.    0.   -0.08  0.    0.    0.
 -0.01 -0.01 -0.08  0.24 -0.03  0.   -0.   -0.   -0.   -0.   -0.   -0.
  0.    0.    0.    0.    0.   -0.01 -0.03 -0.08 -0.01 -0.08 -0.08  0.
  0.    0.23  0.23  0.    0.   -0.   -0.   -0.   -0.   -0.   -0.   -0.
 -0.   -0.   -0.   -0.   -0.   -0.    0.42  0.4   0.01  0.01  0.01  0.01
 -0.32 -0.32 -0.    0.01  0.01 -0.3  -0.3   0.01  0.01 -0.  ]
orbital number 18 energy -5.622205917025682
[-0.26 -0.02  0.    0.   -0.01 -0.   -0.   -0.02  0.    0.   -0.   -0.26
 -0.01 -0.05  0.    0.   -0.02 -0.37 -0.19 -0.08 -0.07  0.08  0.07  0.19
  0.37  0.26  0.26  0.02  0.02  0.05  0.02  0.01  0.01 -0.   -0.   -0.
 -0.   -0.   -0.    0.    0.    0.   -0.01 -0.01  0.01  0.01  0.01  0.01
  0.01  0.01 -0.01 -0.01 -0.01 -0.01  0.   -0.    0.3   0.01  0.29  0.01
  0.01  0.01  0.   -0.3  -0.29 -0.01 -0.01 -0.01 -0.01 -0.  ]
orbital number 19 energy -5.524551518569309
[-0.01 -0.   -0.    0.   -0.   -0.   -0.   -0.   -0.   -0.   -0.   -0.01
 -0.   -0.   -0.    0.   -0.   -0.02 -0.   -0.01  0.01  0.01 -0.01  0.
  0.02  0.01  0.01  0.    0.    0.    0.    0.    0.    0.    0.    0.
  0.   -0.   -0.    0.    0.    0.    0.17  0.29 -0.17 -0.29 -0.37 -0.37
 -0.29 -0.18  0.37  0.37  0.29  0.18  0.   -0.    0.01  0.    0.01  0.
  0.    0.    0.   -0.01 -0.01 -0.   -0.   -0.   -0.   -0.  ]
orbital number 20 energy -5.524090981684749
[-0.02 -0.   -0.    0.   -0.   -0.   -0.   -0.   -0.   -0.   -0.   -0.02
 -0.   -0.   -0.    0.   -0.   -0.02 -0.   -0.    0.   -0.    0.   -0.
 -0.02 -0.02 -0.02 -0.   -0.   -0.   -0.   -0.   -0.   -0.   -0.   -0.
 -0.    0.    0.   -0.   -0.   -0.    0.17  0.29  0.17  0.29  0.37  0.37
  0.29  0.18  0.37  0.37  0.29  0.18  0.    0.    0.02  0.    0.02  0.
  0.    0.    0.    0.02  0.02  0.    0.    0.    0.    0.  ]
orbital number 21 energy -5.443358111472955
[ 0.26  0.05  0.   -0.    0.02  0.    0.    0.04  0.    0.    0.    0.27
  0.02  0.1   0.   -0.    0.06  0.34 -0.05 -0.1  -0.1  -0.1  -0.1  -0.05
  0.34  0.26  0.27  0.04  0.05  0.1   0.06  0.02  0.02  0.    0.    0.
  0.   -0.   -0.    0.    0.    0.    0.01  0.02  0.01  0.02  0.02  0.03
  0.02  0.01  0.02  0.03  0.02  0.01 -0.   -0.   -0.32 -0.02 -0.31 -0.02
 -0.02 -0.02 -0.01 -0.32 -0.31 -0.02 -0.02 -0.02 -0.02 -0.01]
orbital number 22 energy -4.984946555187236
[-0.04  0.03  0.1  -0.02  0.16  0.14  0.07  0.02  0.03  0.1   0.15 -0.04
  0.26  0.15  0.03 -0.02  0.24 -0.08 -0.07 -0.03 -0.03  0.03  0.03  0.07
  0.08  0.04  0.04 -0.02 -0.03 -0.15 -0.24 -0.16 -0.26 -0.03 -0.03 -0.1
 -0.1   0.02  0.02 -0.14 -0.15 -0.07 -0.   -0.    0.    0.   -0.   -0.
 -0.   -0.    0.    0.    0.    0.   -0.05  0.05 -0.08 -0.28 -0.08 -0.29
 -0.1  -0.1  -0.21  0.08  0.08  0.1   0.1   0.29  0.28  0.21]
orbital number 23 energy -4.968845250706628
[-0.07  0.01  0.1  -0.01  0.15  0.15  0.08  0.01  0.03  0.11  0.16 -0.07
  0.26  0.12  0.03 -0.02  0.23 -0.1   0.01  0.02  0.02  0.02  0.02  0.01
 -0.1  -0.07 -0.07  0.01  0.01  0.12  0.23  0.15  0.26  0.03  0.03  0.1
  0.11 -0.01 -0.02  0.15  0.16  0.08  0.    0.    0.    0.   -0.   -0.
 -0.   -0.   -0.   -0.   -0.   -0.   -0.05 -0.05 -0.03 -0.29 -0.03 -0.29
 -0.1  -0.1  -0.22 -0.03 -0.03 -0.1  -0.1  -0.29 -0.29 -0.22]
orbital number 24 energy -4.585826557285943
[ 0.02 -0.07  0.07  0.02 -0.22  0.18  0.13 -0.07 -0.07  0.07  0.18  0.02
  0.02 -0.23 -0.07  0.02 -0.21  0.1   0.2   0.1   0.08 -0.1  -0.08 -0.2
 -0.1  -0.02 -0.02  0.07  0.07  0.23  0.21  0.22 -0.02  0.07  0.07 -0.07
 -0.07 -0.02 -0.02 -0.18 -0.18 -0.13  0.02  0.01 -0.02 -0.01 -0.    0.01
  0.02  0.01  0.   -0.01 -0.02 -0.01  0.08 -0.08  0.14 -0.13  0.14 -0.13
  0.13  0.13 -0.24 -0.14 -0.14 -0.13 -0.13  0.13  0.13  0.24]
orbital number 25 energy -4.525694856551947
[ 0.08 -0.04  0.06  0.03 -0.29  0.18  0.13 -0.04 -0.09  0.06  0.19  0.08
 -0.01 -0.2  -0.09  0.03 -0.25  0.13 -0.   -0.03 -0.03 -0.03 -0.03 -0.
  0.13  0.08  0.08 -0.04 -0.04 -0.2  -0.25 -0.29 -0.01 -0.09 -0.09  0.06
  0.06  0.03  0.03  0.18  0.19  0.13 -0.01 -0.01 -0.01 -0.01 -0.    0.
  0.01  0.01 -0.    0.    0.01  0.01  0.1   0.1   0.08 -0.11  0.08 -0.11
  0.17  0.17 -0.24  0.08  0.08  0.17  0.17 -0.11 -0.11 -0.24]
orbital number 26 energy -4.426639290667329
[-0.01 -0.   -0.   -0.    0.02 -0.01 -0.01 -0.    0.01 -0.   -0.01 -0.01
  0.    0.01  0.01 -0.    0.01 -0.01  0.02 -0.19  0.22  0.19 -0.22 -0.02
  0.01  0.01  0.01  0.    0.   -0.01 -0.01 -0.02 -0.   -0.01 -0.01  0.
  0.    0.    0.    0.01  0.01  0.01  0.29  0.33 -0.29 -0.33 -0.12  0.13
  0.33  0.29  0.12 -0.13 -0.33 -0.29 -0.01  0.01  0.    0.    0.    0.
 -0.01 -0.01  0.01 -0.   -0.    0.01  0.01 -0.   -0.   -0.01]
orbital number 27 energy -4.402816853387565
[-0.   -0.   -0.   -0.    0.01 -0.   -0.   -0.    0.   -0.   -0.   -0.
  0.    0.    0.   -0.    0.01 -0.    0.01  0.01  0.    0.01  0.    0.01
 -0.   -0.   -0.   -0.   -0.    0.    0.01  0.01  0.    0.    0.   -0.
 -0.   -0.   -0.   -0.   -0.   -0.   -0.31 -0.36 -0.31 -0.36 -0.14  0.14
  0.36  0.32 -0.14  0.14  0.36  0.32 -0.   -0.    0.    0.    0.    0.
 -0.   -0.    0.    0.    0.   -0.   -0.    0.    0.    0.  ]
orbital number 28 energy -4.300583930025489
[-0.03 -0.02 -0.   -0.01  0.08 -0.02 -0.02 -0.02  0.03 -0.   -0.02 -0.03
  0.02 -0.01  0.03 -0.01  0.04 -0.02  0.12  0.5  -0.38 -0.5   0.38 -0.12
  0.02  0.03  0.03  0.02  0.02  0.01 -0.04 -0.08 -0.02 -0.03 -0.03  0.
  0.    0.01  0.01  0.02  0.02  0.02  0.1   0.14 -0.1  -0.14 -0.07  0.04
  0.14  0.12  0.07 -0.04 -0.14 -0.12 -0.03  0.03  0.03  0.01  0.03  0.01
 -0.04 -0.04  0.03 -0.03 -0.03  0.04  0.04 -0.01 -0.01 -0.03]
orbital number 29 energy -4.205274648003516
[-0.08 -0.08 -0.01 -0.02  0.23 -0.06 -0.05 -0.07  0.09 -0.   -0.06 -0.08
  0.05 -0.1   0.09 -0.02  0.1  -0.01  0.41  0.08  0.33 -0.08 -0.33 -0.41
  0.01  0.08  0.08  0.07  0.08  0.1  -0.1  -0.23 -0.05 -0.09 -0.09  0.01
  0.    0.02  0.02  0.06  0.06  0.05 -0.04 -0.06  0.04  0.06  0.04 -0.01
 -0.06 -0.06 -0.04  0.01  0.06  0.06 -0.09  0.09  0.11  0.01  0.11  0.01
 -0.13 -0.13  0.07 -0.11 -0.11  0.13  0.13 -0.01 -0.01 -0.07]
orbital number 30 energy -3.761913158874494
[ 0.09 -0.13 -0.01 -0.02  0.32  0.04  0.04 -0.13  0.15 -0.01  0.04  0.09
 -0.06 -0.34  0.15 -0.03 -0.06  0.21  0.   -0.04 -0.04 -0.04 -0.04  0.
  0.21  0.09  0.09 -0.13 -0.13 -0.34 -0.06  0.32 -0.06  0.15  0.15 -0.01
 -0.01 -0.02 -0.03  0.04  0.04  0.04 -0.    0.   -0.    0.    0.    0.
 -0.   -0.    0.    0.   -0.   -0.   -0.14 -0.14  0.15  0.01  0.15  0.02
 -0.18 -0.17 -0.05  0.15  0.15 -0.18 -0.17  0.02  0.01 -0.05]
orbital number 31 energy -3.646464347949469
[-0.12  0.08  0.03  0.02 -0.28 -0.08 -0.09  0.09 -0.14  0.03 -0.09 -0.12
  0.14  0.28 -0.14  0.02  0.1  -0.19  0.22  0.11  0.13 -0.11 -0.13 -0.22
  0.19  0.12  0.12 -0.09 -0.08 -0.28 -0.1   0.28 -0.14  0.14  0.14 -0.03
 -0.03 -0.02 -0.02  0.08  0.09  0.09  0.   -0.01 -0.    0.01  0.01  0.
 -0.01 -0.01 -0.01 -0.    0.01  0.01  0.13 -0.13 -0.1  -0.03 -0.09 -0.04
  0.16  0.15  0.1   0.1   0.09 -0.16 -0.15  0.04  0.03 -0.1 ]
orbital number 32 energy -3.413715270142374
[ 0.37 -0.25  0.01  0.   -0.01 -0.02 -0.02  0.23 -0.    0.01 -0.02 -0.36
  0.04 -0.02 -0.01 -0.    0.01  0.01  0.   -0.   -0.   -0.   -0.    0.
  0.01  0.37 -0.36  0.23 -0.25 -0.02  0.01 -0.01  0.04 -0.   -0.01  0.01
  0.01  0.   -0.   -0.02 -0.02 -0.02 -0.    0.   -0.    0.    0.    0.
 -0.   -0.    0.    0.   -0.   -0.    0.    0.   -0.23 -0.01  0.24 -0.01
  0.    0.01  0.02 -0.23  0.24  0.    0.01 -0.01 -0.01  0.02]
orbital number 33 energy -3.4134999037460947
[ 0.37 -0.25  0.01  0.   -0.   -0.01 -0.01  0.24  0.    0.   -0.01 -0.36
  0.02 -0.02 -0.   -0.    0.    0.01 -0.01 -0.01 -0.    0.01  0.    0.01
 -0.01 -0.37  0.36 -0.24  0.25  0.02 -0.    0.   -0.02 -0.    0.   -0.01
 -0.   -0.    0.    0.01  0.01  0.01 -0.    0.    0.   -0.   -0.   -0.
  0.    0.    0.    0.   -0.   -0.    0.   -0.   -0.23 -0.    0.24 -0.01
 -0.    0.    0.01  0.23 -0.24  0.   -0.    0.01  0.   -0.01]
orbital number 34 energy -3.3808575037818427
[ 0.   -0.   -0.24  0.   -0.01 -0.4  -0.02 -0.01 -0.    0.26  0.36  0.
  0.04 -0.01 -0.01 -0.    0.01  0.01  0.   -0.   -0.   -0.   -0.    0.
  0.01  0.    0.   -0.01 -0.   -0.01  0.01 -0.01  0.04 -0.   -0.01 -0.22
  0.24  0.   -0.   -0.37  0.34 -0.02 -0.    0.   -0.    0.    0.    0.
 -0.   -0.    0.    0.   -0.   -0.    0.01  0.01  0.01 -0.25  0.    0.23
  0.01  0.01  0.02  0.01  0.    0.    0.01  0.22 -0.24  0.02]
orbital number 35 energy -3.3807900265671664
[ 0.   -0.   -0.23  0.   -0.01 -0.37 -0.01 -0.   -0.    0.24  0.34  0.
  0.02 -0.01 -0.01 -0.    0.    0.   -0.   -0.   -0.    0.    0.    0.
 -0.01 -0.   -0.    0.    0.    0.01 -0.    0.01 -0.02  0.    0.01  0.24
 -0.26 -0.    0.    0.39 -0.37  0.02 -0.    0.    0.   -0.   -0.   -0.
  0.    0.    0.    0.   -0.   -0.    0.   -0.    0.   -0.23  0.    0.22
  0.    0.01  0.01 -0.   -0.   -0.   -0.01 -0.24  0.25 -0.02]
orbital number 36 energy -3.3540477454958464
[-0.01  0.06 -0.14 -0.03  0.1   0.15  0.24  0.11  0.03 -0.09  0.22 -0.08
 -0.38  0.18  0.08  0.02 -0.08 -0.12 -0.01  0.02  0.02  0.02  0.02 -0.01
 -0.12 -0.01 -0.08  0.11  0.06  0.18 -0.08  0.1  -0.38  0.03  0.08 -0.14
 -0.09 -0.03  0.02  0.15  0.22  0.24  0.   -0.    0.   -0.   -0.   -0.
  0.    0.   -0.   -0.    0.    0.   -0.05 -0.05 -0.11  0.09 -0.06  0.13
 -0.04 -0.07 -0.23 -0.11 -0.06 -0.04 -0.07  0.13  0.09 -0.23]
orbital number 37 energy -3.322559925438458
[-0.05  0.08 -0.12 -0.06  0.06  0.15  0.22  0.11 -0.   -0.1   0.19 -0.1
 -0.36  0.22  0.08  0.06 -0.05 -0.15  0.11  0.06  0.07 -0.06 -0.07 -0.11
  0.15  0.05  0.1  -0.11 -0.08 -0.22  0.05 -0.06  0.36  0.   -0.08  0.12
  0.1   0.06 -0.06 -0.15 -0.19 -0.22  0.   -0.   -0.    0.    0.01  0.
 -0.   -0.01 -0.01 -0.    0.    0.01 -0.03  0.03 -0.1   0.09 -0.07  0.12
  0.   -0.07 -0.22  0.1   0.07 -0.    0.07 -0.12 -0.09  0.22]
orbital number 38 energy -3.285159412347318
[-0.    0.01 -0.01  0.36  0.01  0.02  0.02  0.01  0.25 -0.01  0.01 -0.
 -0.03  0.02 -0.24 -0.36 -0.01 -0.01 -0.    0.    0.    0.    0.   -0.
 -0.01 -0.   -0.    0.01  0.01  0.02 -0.01  0.01 -0.03  0.25 -0.24 -0.01
 -0.01  0.36 -0.36  0.02  0.01  0.02  0.   -0.    0.   -0.   -0.   -0.
  0.    0.   -0.   -0.    0.    0.   -0.   -0.   -0.01  0.01 -0.01  0.01
 -0.24  0.23 -0.02 -0.01 -0.01 -0.24  0.23  0.01  0.01 -0.02]
orbital number 39 energy -3.284640425256382
[-0.01  0.02 -0.02  0.36  0.01  0.03  0.04  0.02  0.25 -0.02  0.03 -0.01
 -0.06  0.04 -0.24 -0.36 -0.01 -0.03  0.02  0.01  0.01 -0.01 -0.01 -0.02
  0.03  0.01  0.01 -0.02 -0.02 -0.04  0.01 -0.01  0.06 -0.25  0.24  0.02
  0.02 -0.36  0.36 -0.03 -0.03 -0.04  0.   -0.   -0.    0.    0.    0.
 -0.   -0.   -0.   -0.    0.    0.   -0.    0.   -0.02  0.02 -0.01  0.02
 -0.24  0.23 -0.03  0.02  0.01  0.24 -0.23 -0.02 -0.02  0.03]
orbital number 40 energy -2.74353409922268
[-0.    0.   -0.    0.   -0.    0.    0.    0.   -0.   -0.    0.   -0.
 -0.    0.   -0.   -0.    0.   -0.    0.01  0.01 -0.    0.01 -0.    0.01
 -0.   -0.   -0.    0.    0.    0.    0.   -0.   -0.   -0.   -0.   -0.
 -0.    0.   -0.    0.    0.    0.   -0.35 -0.19 -0.35 -0.19  0.31  0.31
 -0.18 -0.34  0.31  0.31 -0.18 -0.34  0.    0.   -0.    0.   -0.    0.
  0.    0.   -0.   -0.   -0.    0.    0.    0.    0.   -0.  ]
orbital number 41 energy -2.7399678486317924
[ 0.   -0.    0.   -0.    0.   -0.   -0.   -0.    0.    0.   -0.    0.
  0.   -0.01  0.    0.   -0.    0.   -0.02  0.01 -0.02 -0.01  0.02  0.02
 -0.   -0.   -0.    0.    0.    0.01  0.   -0.   -0.   -0.   -0.   -0.
 -0.    0.   -0.    0.    0.    0.    0.35  0.19 -0.35 -0.19  0.31  0.31
 -0.18 -0.34 -0.31 -0.31  0.18  0.34 -0.    0.    0.   -0.    0.   -0.
 -0.   -0.    0.   -0.   -0.    0.    0.    0.    0.   -0.  ]
orbital number 42 energy 0.0
[ 0.02  0.15  0.14  0.02  0.02 -0.02 -0.14  0.15  0.15  0.14 -0.02  0.02
  0.07  0.02  0.15  0.02 -0.51 -0.15 -0.03  0.03  0.03  0.03  0.03 -0.03
 -0.15  0.02  0.02  0.15  0.15  0.02 -0.51  0.02  0.07  0.15  0.15  0.14
  0.14  0.02  0.02 -0.02 -0.02 -0.14  0.   -0.    0.   -0.   -0.    0.
  0.   -0.   -0.    0.    0.   -0.   -0.12 -0.12 -0.08 -0.08 -0.08 -0.08
 -0.08 -0.08  0.07 -0.08 -0.08 -0.08 -0.08 -0.08 -0.08  0.07]
orbital number 43 energy 0.020663472619260048
[-0.01 -0.15 -0.14 -0.02 -0.02  0.02  0.14 -0.15 -0.15 -0.14  0.02 -0.01
 -0.06 -0.03 -0.15 -0.02  0.51  0.15 -0.02 -0.03 -0.03  0.03  0.03  0.02
 -0.15  0.01  0.01  0.15  0.15  0.03 -0.51  0.02  0.06  0.15  0.15  0.14
  0.14  0.02  0.02 -0.02 -0.02 -0.14 -0.    0.    0.   -0.   -0.    0.
  0.   -0.    0.   -0.   -0.    0.    0.12 -0.12  0.08  0.08  0.08  0.08
  0.08  0.08 -0.07 -0.08 -0.08 -0.08 -0.08 -0.08 -0.08  0.07]
orbital number 44 energy 1.6086017826453798
[ 0.   -0.   -0.   -0.    0.   -0.    0.   -0.   -0.   -0.   -0.    0.
  0.   -0.   -0.   -0.    0.   -0.   -0.02 -0.01  0.02 -0.01  0.02 -0.02
 -0.    0.    0.   -0.   -0.   -0.    0.    0.    0.   -0.   -0.   -0.
 -0.   -0.   -0.   -0.   -0.    0.    0.35 -0.19  0.35 -0.19 -0.31  0.31
  0.18 -0.34 -0.31  0.31  0.17 -0.34  0.    0.    0.    0.    0.    0.
  0.    0.   -0.    0.    0.    0.    0.    0.    0.   -0.  ]
orbital number 45 energy 1.6119804188043059
[-0.    0.    0.    0.   -0.    0.   -0.    0.    0.    0.    0.   -0.
 -0.    0.    0.    0.   -0.    0.    0.01 -0.01  0.    0.01 -0.   -0.01
 -0.    0.    0.   -0.   -0.   -0.    0.    0.    0.   -0.   -0.   -0.
 -0.   -0.   -0.   -0.   -0.    0.   -0.35  0.18  0.35 -0.18 -0.31  0.31
  0.18 -0.34  0.31 -0.31 -0.18  0.34 -0.    0.   -0.   -0.   -0.   -0.
 -0.   -0.    0.    0.    0.    0.    0.    0.    0.   -0.  ]
orbital number 46 energy 2.878565521993411
[ 0.17  0.07 -0.04 -0.03  0.05 -0.01  0.06  0.07 -0.05 -0.04 -0.02  0.17
  0.04 -0.22 -0.05 -0.02  0.09 -0.22 -0.44  0.2   0.26  0.2   0.26 -0.44
 -0.22  0.17  0.17  0.07  0.07 -0.22  0.09  0.05  0.04 -0.05 -0.05 -0.04
 -0.04 -0.03 -0.02 -0.01 -0.02  0.06  0.01 -0.03  0.01 -0.03  0.02 -0.
 -0.03  0.03  0.02 -0.   -0.03  0.03  0.05  0.05 -0.03  0.02 -0.03  0.02
  0.02  0.02 -0.02 -0.03 -0.03  0.02  0.02  0.02  0.02 -0.02]
orbital number 47 energy 3.226384411075248
[-0.02 -0.02  0.01  0.   -0.01  0.   -0.01 -0.01  0.01  0.01  0.   -0.02
 -0.01  0.03  0.01  0.   -0.01  0.03  0.02 -0.38  0.35 -0.38  0.35  0.02
  0.03 -0.02 -0.02 -0.01 -0.02  0.03 -0.01 -0.01 -0.01  0.01  0.01  0.01
  0.01  0.    0.    0.    0.   -0.01  0.2  -0.25  0.2  -0.25  0.11  0.08
 -0.25  0.22  0.11  0.08 -0.25  0.22 -0.01 -0.01  0.   -0.    0.01 -0.
 -0.   -0.    0.    0.    0.01 -0.   -0.   -0.   -0.    0.  ]
orbital number 48 energy 3.2777953006871714
[-0.01 -0.01  0.    0.   -0.01  0.   -0.01 -0.01  0.    0.    0.   -0.01
 -0.    0.02  0.    0.   -0.    0.02  0.01 -0.01 -0.    0.01  0.   -0.01
 -0.02  0.01  0.01  0.01  0.01 -0.02  0.    0.01  0.   -0.   -0.   -0.
 -0.   -0.   -0.   -0.   -0.    0.01 -0.31  0.36  0.31 -0.36  0.15  0.13
 -0.36  0.32 -0.15 -0.13  0.36 -0.32 -0.    0.    0.   -0.    0.   -0.
 -0.   -0.    0.   -0.   -0.    0.    0.    0.    0.   -0.  ]
orbital number 49 energy 3.325916347749126
[-0.   -0.   -0.   -0.    0.   -0.    0.    0.   -0.   -0.   -0.    0.
  0.   -0.   -0.   -0.    0.   -0.   -0.   -0.34  0.34 -0.34  0.34 -0.
 -0.   -0.    0.    0.   -0.   -0.    0.    0.    0.   -0.   -0.   -0.
 -0.   -0.   -0.   -0.   -0.    0.   -0.24  0.26 -0.24  0.26 -0.09 -0.11
  0.26 -0.23 -0.09 -0.11  0.26 -0.23  0.    0.   -0.    0.    0.    0.
  0.    0.   -0.   -0.    0.    0.    0.    0.    0.   -0.  ]
orbital number 50 energy 3.436109583268304
[ 0.19  0.17 -0.08 -0.06  0.13 -0.04  0.12  0.17 -0.08 -0.07 -0.05  0.19
  0.11 -0.34 -0.09 -0.06  0.06 -0.37 -0.01  0.07  0.07 -0.07 -0.07  0.01
  0.37 -0.19 -0.19 -0.17 -0.17  0.34 -0.06 -0.13 -0.11  0.08  0.09  0.08
  0.07  0.06  0.06  0.04  0.05 -0.12 -0.02  0.02  0.02 -0.02  0.    0.01
 -0.02  0.01 -0.   -0.01  0.02 -0.01  0.11 -0.11 -0.06  0.03 -0.06  0.03
  0.03  0.03 -0.05  0.06  0.06 -0.03 -0.03 -0.03 -0.03  0.05]
orbital number 51 energy 3.6699644600398065
[-0.01 -0.01 -0.16  0.13 -0.28 -0.14  0.31  0.02  0.16 -0.17 -0.12  0.02
  0.29 -0.    0.15  0.14  0.   -0.    0.01 -0.   -0.   -0.   -0.    0.01
 -0.   -0.01  0.01  0.02 -0.01 -0.    0.   -0.27  0.28  0.16  0.15 -0.15
 -0.17  0.13  0.14 -0.13 -0.12  0.3   0.   -0.    0.   -0.   -0.    0.
 -0.    0.   -0.    0.   -0.    0.   -0.23 -0.23 -0.01  0.06  0.    0.06
 -0.06 -0.06 -0.11 -0.01  0.   -0.06 -0.05  0.06  0.06 -0.11]
orbital number 52 energy 3.6700059233392484
[-0.02 -0.02 -0.15  0.13 -0.28 -0.13  0.3   0.01  0.16 -0.17 -0.12  0.01
  0.28  0.    0.15  0.14  0.    0.    0.   -0.   -0.    0.    0.   -0.
 -0.    0.02 -0.01 -0.01  0.02 -0.   -0.    0.28 -0.28 -0.16 -0.15  0.16
  0.17 -0.13 -0.14  0.14  0.12 -0.31  0.   -0.   -0.    0.   -0.   -0.
  0.   -0.    0.    0.   -0.    0.   -0.23  0.24 -0.    0.06  0.01  0.06
 -0.06 -0.05 -0.11  0.01 -0.01  0.06  0.06 -0.06 -0.06  0.11]
orbital number 53 energy 3.7608821138022526
[-0.32 -0.36  0.01 -0.01  0.01  0.   -0.01  0.36 -0.01  0.    0.01  0.32
 -0.01  0.   -0.01 -0.01  0.   -0.    0.    0.    0.   -0.   -0.    0.
  0.    0.32 -0.32 -0.36  0.36 -0.   -0.   -0.01  0.01  0.01  0.01 -0.01
 -0.    0.01  0.01 -0.   -0.01  0.01 -0.    0.    0.   -0.   -0.    0.
 -0.    0.    0.   -0.    0.   -0.    0.01 -0.01 -0.13 -0.    0.13 -0.
  0.    0.    0.    0.13 -0.13 -0.   -0.    0.    0.   -0.  ]
orbital number 54 energy 3.7609086323342176
[-0.33 -0.37  0.02  0.   -0.    0.01 -0.02  0.35 -0.    0.01  0.01  0.31
 -0.02  0.02  0.    0.    0.    0.02 -0.02  0.02  0.01  0.02  0.01 -0.02
  0.02 -0.33  0.31  0.35 -0.37  0.02  0.   -0.   -0.02 -0.    0.    0.02
  0.01  0.    0.    0.01  0.01 -0.02 -0.    0.   -0.    0.    0.   -0.
  0.   -0.    0.   -0.    0.   -0.   -0.   -0.   -0.12 -0.    0.13 -0.01
  0.   -0.    0.01 -0.12  0.13  0.   -0.   -0.01 -0.    0.01]
orbital number 55 energy 3.77327704384287
[ 0.06  0.13 -0.11 -0.1   0.17 -0.03  0.14  0.18 -0.08 -0.04 -0.09  0.11
  0.13 -0.24 -0.11 -0.07 -0.03 -0.25  0.33 -0.16 -0.14 -0.16 -0.14  0.33
 -0.25  0.06  0.11  0.18  0.13 -0.24 -0.03  0.17  0.13 -0.08 -0.11 -0.11
 -0.04 -0.1  -0.07 -0.03 -0.09  0.14  0.01 -0.01  0.01 -0.01 -0.    0.01
 -0.01  0.01 -0.    0.01 -0.01  0.01  0.14  0.14 -0.06  0.01 -0.05  0.04
  0.03  0.04 -0.05 -0.06 -0.05  0.03  0.04  0.04  0.01 -0.05]
orbital number 56 energy 3.796580754166924
[ 0.    0.    0.36 -0.    0.01 -0.31 -0.01 -0.   -0.01 -0.35  0.32 -0.
 -0.   -0.   -0.   -0.01  0.   -0.   -0.    0.    0.   -0.   -0.   -0.
  0.   -0.    0.    0.   -0.    0.   -0.   -0.01  0.    0.01  0.   -0.37
  0.36  0.    0.01  0.32 -0.33  0.01 -0.    0.    0.   -0.   -0.    0.
 -0.    0.    0.   -0.    0.   -0.    0.01 -0.01  0.    0.13 -0.   -0.13
  0.    0.    0.   -0.    0.   -0.   -0.    0.13 -0.13 -0.  ]
orbital number 57 energy 3.7967860034878145
[ 0.01  0.02  0.36 -0.01  0.02 -0.33  0.01  0.01 -0.01 -0.37  0.32  0.01
  0.01 -0.02 -0.01 -0.01 -0.   -0.03  0.03 -0.02 -0.01 -0.02 -0.01  0.03
 -0.03  0.01  0.01  0.01  0.02 -0.02 -0.    0.02  0.01 -0.01 -0.01  0.35
 -0.36 -0.01 -0.01 -0.32  0.31  0.01  0.   -0.    0.   -0.   -0.    0.
 -0.    0.   -0.    0.   -0.    0.    0.02  0.02 -0.    0.13 -0.01 -0.13
  0.    0.   -0.   -0.   -0.01  0.    0.   -0.13  0.13 -0.  ]
orbital number 58 energy 3.83425457196811
[ 0.    0.   -0.01  0.32 -0.    0.    0.01  0.   -0.35  0.   -0.01  0.
  0.01 -0.    0.36 -0.32  0.   -0.   -0.    0.    0.   -0.   -0.    0.
  0.   -0.   -0.   -0.   -0.    0.   -0.    0.   -0.01  0.36 -0.36  0.01
 -0.   -0.33  0.33 -0.    0.01 -0.01 -0.    0.    0.   -0.   -0.    0.
 -0.    0.    0.   -0.    0.   -0.   -0.    0.   -0.   -0.   -0.    0.
  0.13 -0.13 -0.    0.    0.   -0.13  0.13 -0.    0.    0.  ]
orbital number 59 energy 3.834342937640395
[ 0.    0.01 -0.01  0.33  0.   -0.    0.01  0.01 -0.36 -0.   -0.01  0.01
  0.01 -0.01  0.36 -0.33 -0.   -0.01  0.01 -0.01 -0.01 -0.01 -0.01  0.01
 -0.01  0.    0.01  0.01  0.01 -0.01 -0.    0.    0.01 -0.36  0.35 -0.01
 -0.    0.32 -0.32 -0.   -0.01  0.01  0.   -0.    0.   -0.   -0.    0.
 -0.    0.   -0.    0.   -0.    0.    0.    0.   -0.    0.   -0.    0.
  0.13 -0.13 -0.   -0.   -0.    0.13 -0.13  0.    0.   -0.  ]
orbital number 60 energy 4.256224802386535
[ 0.12  0.01  0.07  0.15 -0.27  0.13 -0.24  0.01  0.1   0.07  0.13  0.11
 -0.22 -0.14  0.1   0.15  0.27 -0.17 -0.02  0.04  0.04 -0.04 -0.04  0.02
  0.17 -0.12 -0.11 -0.01 -0.01  0.14 -0.27  0.27  0.22 -0.1  -0.1  -0.07
 -0.07 -0.15 -0.15 -0.13 -0.13  0.24  0.   -0.   -0.    0.   -0.01  0.01
 -0.01  0.    0.01 -0.01  0.01 -0.   -0.23  0.23 -0.   -0.02 -0.   -0.02
 -0.03 -0.03  0.08  0.    0.    0.03  0.03  0.02  0.02 -0.08]
orbital number 61 energy 4.31514674893857
[-0.12 -0.05 -0.06 -0.14  0.24 -0.12  0.22 -0.05 -0.09 -0.06 -0.12 -0.12
  0.19  0.19 -0.09 -0.14 -0.27  0.22 -0.14  0.06  0.06  0.06  0.06 -0.14
  0.22 -0.12 -0.12 -0.05 -0.05  0.19 -0.27  0.24  0.19 -0.09 -0.09 -0.06
 -0.06 -0.14 -0.14 -0.12 -0.12  0.22  0.   -0.01  0.   -0.01  0.02 -0.02
  0.02 -0.01  0.02 -0.02  0.02 -0.01  0.21  0.21  0.02  0.02  0.02  0.02
  0.03  0.03 -0.07  0.02  0.02  0.03  0.03  0.02  0.02 -0.07]
orbital number 62 energy 4.377991157410328
[ 0.    0.    0.    0.   -0.    0.   -0.    0.    0.    0.    0.    0.
 -0.   -0.01  0.    0.    0.01 -0.01  0.01 -0.01 -0.    0.01  0.   -0.01
  0.01 -0.   -0.   -0.   -0.    0.01 -0.01  0.    0.   -0.   -0.   -0.
 -0.   -0.   -0.   -0.   -0.    0.   -0.17  0.29  0.17 -0.29  0.36 -0.37
  0.3  -0.18 -0.36  0.37 -0.3   0.18 -0.    0.   -0.   -0.   -0.   -0.
 -0.   -0.    0.    0.    0.    0.    0.    0.    0.   -0.  ]
orbital number 63 energy 4.37911931693451
[ 0.01  0.    0.    0.01 -0.01  0.   -0.01  0.    0.    0.    0.    0.01
 -0.01 -0.01  0.    0.01  0.01 -0.01  0.01  0.   -0.02  0.   -0.02  0.01
 -0.01  0.01  0.01  0.    0.   -0.01  0.01 -0.01 -0.01  0.    0.    0.
  0.    0.01  0.01  0.    0.   -0.01  0.17 -0.29  0.17 -0.29  0.36 -0.37
  0.3  -0.18  0.36 -0.37  0.3  -0.18 -0.01 -0.01 -0.   -0.   -0.   -0.
 -0.   -0.    0.   -0.   -0.   -0.   -0.   -0.   -0.    0.  ]
orbital number 64 energy 5.726028306887338
[-0.12  0.17 -0.02  0.03 -0.01  0.03 -0.04  0.17 -0.01 -0.02  0.03 -0.12
  0.01 -0.18 -0.01  0.03  0.06  0.05  0.34 -0.35 -0.35  0.35  0.35 -0.34
 -0.05  0.12  0.12 -0.17 -0.17  0.18 -0.06  0.01 -0.01  0.01  0.01  0.02
  0.02 -0.03 -0.03 -0.03 -0.03  0.04  0.01 -0.01 -0.01  0.01 -0.    0.
 -0.    0.    0.   -0.    0.   -0.   -0.03  0.03 -0.05  0.01 -0.05  0.01
  0.    0.    0.01  0.05  0.05 -0.   -0.   -0.01 -0.01 -0.01]
orbital number 65 energy 6.089666381201084
[ 0.25 -0.25  0.13 -0.03 -0.01 -0.14  0.15 -0.25  0.02  0.13 -0.14  0.25
 -0.11  0.24  0.02 -0.03 -0.04 -0.25  0.07 -0.02 -0.02 -0.02 -0.02  0.07
 -0.25  0.25  0.25 -0.25 -0.25  0.24 -0.04 -0.01 -0.11  0.02  0.02  0.13
  0.13 -0.03 -0.03 -0.14 -0.14  0.15  0.   -0.    0.   -0.    0.   -0.
  0.   -0.    0.   -0.    0.   -0.    0.03  0.03  0.07 -0.04  0.07 -0.04
 -0.01 -0.01 -0.04  0.07  0.07 -0.01 -0.01 -0.04 -0.04 -0.04]
orbital number 66 energy 6.159243225609972
[-0.17  0.15 -0.21 -0.01 -0.01  0.21 -0.22  0.15  0.01 -0.21  0.21 -0.17
  0.19 -0.14  0.01 -0.01 -0.01  0.19 -0.17  0.15  0.15 -0.15 -0.15  0.17
 -0.19  0.17  0.17 -0.15 -0.15  0.14  0.01  0.01 -0.19 -0.01 -0.01  0.21
  0.21  0.01  0.01 -0.21 -0.21  0.22 -0.01  0.    0.01 -0.    0.   -0.
  0.   -0.   -0.    0.   -0.    0.    0.01 -0.01 -0.04  0.06 -0.04  0.06
 -0.   -0.    0.06  0.04  0.04  0.    0.   -0.06 -0.06 -0.06]
orbital number 67 energy 6.222009201890819
[ 0.11 -0.12 -0.24 -0.12 -0.06  0.23 -0.24 -0.12  0.09 -0.24  0.23  0.11
  0.24  0.13  0.09 -0.12 -0.09 -0.11  0.03 -0.01 -0.01 -0.01 -0.01  0.03
 -0.11  0.11  0.11 -0.12 -0.12  0.13 -0.09 -0.06  0.24  0.09  0.09 -0.24
 -0.24 -0.12 -0.12  0.23  0.23 -0.24  0.   -0.    0.   -0.    0.   -0.
  0.   -0.    0.   -0.    0.   -0.    0.12  0.12  0.03  0.06  0.03  0.06
 -0.02 -0.02  0.07  0.03  0.03 -0.02 -0.02  0.06  0.06  0.07]
orbital number 68 energy 6.242734445924704
[-0.17  0.17  0.18  0.13  0.06 -0.17  0.17  0.17 -0.1   0.17 -0.17 -0.17
 -0.18 -0.18 -0.1   0.13  0.08  0.18 -0.14  0.12  0.12 -0.12 -0.12  0.14
 -0.18  0.17  0.17 -0.17 -0.17  0.18 -0.08 -0.06  0.18  0.1   0.1  -0.18
 -0.17 -0.13 -0.13  0.17  0.17 -0.17 -0.    0.    0.   -0.    0.   -0.
  0.   -0.   -0.    0.   -0.    0.   -0.13  0.13 -0.05 -0.05 -0.05 -0.05
  0.03  0.03 -0.05  0.05  0.05 -0.03 -0.03  0.05  0.05  0.05]
orbital number 69 energy 6.468713679016206
[ 0.05 -0.06 -0.08  0.28  0.25  0.07 -0.06 -0.06 -0.25 -0.08  0.06  0.05
  0.1   0.09 -0.25  0.28 -0.11 -0.05  0.01 -0.   -0.   -0.   -0.    0.01
 -0.05  0.05  0.05 -0.06 -0.06  0.09 -0.11  0.25  0.1  -0.25 -0.25 -0.08
 -0.08  0.28  0.28  0.07  0.06 -0.06  0.   -0.    0.   -0.    0.   -0.
  0.   -0.    0.   -0.    0.   -0.   -0.27 -0.27  0.02  0.02  0.02  0.02
  0.07  0.07  0.02  0.02  0.02  0.07  0.07  0.02  0.02  0.02]
orbital number 70 energy 6.470273826405512
[-0.06  0.07  0.08 -0.28 -0.24 -0.07  0.06  0.07  0.25  0.08 -0.07 -0.06
 -0.1  -0.09  0.25 -0.28  0.12  0.06 -0.03  0.02  0.02 -0.02 -0.02  0.03
 -0.06  0.06  0.06 -0.07 -0.07  0.09 -0.12  0.24  0.1  -0.25 -0.25 -0.08
 -0.08  0.28  0.28  0.07  0.07 -0.06 -0.    0.    0.   -0.    0.   -0.
  0.   -0.   -0.    0.   -0.    0.    0.27 -0.27 -0.02 -0.02 -0.02 -0.02
 -0.07 -0.07 -0.02  0.02  0.02  0.07  0.07  0.02  0.02  0.02]

Orbital occupation numbers:
1: 2.000000
2: 2.000000
3: 2.000000
4: 2.000000
5: 2.000000
6: 2.000000
7: 2.000000
8: 2.000000
9: 2.000000
10: 2.000000
11: 2.000000
12: 2.000000
13: 2.000000
14: 2.000000
15: 2.000000
16: 2.000000
17: 2.000000
18: 2.000000
19: 2.000000
20: 2.000000
21: 2.000000
22: 2.000000
23: 2.000000
24: 2.000000
25: 2.000000
26: 2.000000
27: 2.000000
28: 2.000000
29: 2.000000
30: 2.000000
31: 2.000000
32: 2.000000
33: 2.000000
34: 2.000000
35: 2.000000
36: 2.000000
37: 2.000000
38: 2.000000
39: 2.000000
40: 2.000000
41: 2.000000
42: 1.000000
43: 1.000000
44: 0.000000
45: 0.000000
46: 0.000000
47: 0.000000
48: 0.000000
49: 0.000000
50: -0.000000
51: 0.000000
52: -0.000000
53: 0.000000
54: 0.000000
55: 0.000000
56: 0.000000
57: 0.000000
58: -0.000000
59: -0.000000
60: -0.000000
61: -0.000000
62: 0.000000
63: 0.000000
64: 0.000000
65: -0.000000
66: 0.000000
67: 0.000000
68: -0.000000
69: -0.000000
70: -0.000000

------------------------
Starting ExROPPP calculation for diradical in rotated basis
------------------------

Coulomb Matrix in MO basis, J_ij = (ii|jj):
 [[2.05704512 2.05802444 1.69388131 ... 1.5016595  2.04769844 2.03530387]
 [2.05802444 2.05941615 1.69320764 ... 1.50116519 2.04918408 2.03669848]
 [1.69388131 1.69320764 1.98286159 ... 1.58044175 1.52947769 1.52680511]
 ...
 [1.5016595  1.50116519 1.58044175 ... 1.6004763  1.39469934 1.40005818]
 [2.04769844 2.04918408 1.52947769 ... 1.39469934 2.16781719 2.15088023]
 [2.03530387 2.03669848 1.52680511 ... 1.40005818 2.15088023 2.1345359 ]]
Coulomb Matrix in MO basis, K_ij = (ij|ji):
 [[2.05704512 1.3324681  0.292957   ... 0.04684494 0.16755556 0.16552697]
 [1.3324681  2.05941615 0.30018548 ... 0.04688817 0.16881028 0.16496202]
 [0.292957   0.30018548 1.98286159 ... 0.06579764 0.05622055 0.05551451]
 ...
 [0.04684494 0.04688817 0.06579764 ... 1.6004763  0.22670019 0.23280329]
 [0.16755556 0.16881028 0.05622055 ... 0.22670019 2.16781719 1.56476523]
 [0.16552697 0.16496202 0.05551451 ... 0.23280329 1.56476523 2.1345359 ]]
Dimensions of CI matrix: (9328, 9328)
Checking that the Hamiltonian is symmetric (a value of zero means matrix is symmetric) ... 
Frobenius norm of matrix - matrix transpose = 0.000000.

Lowest 30 states. WARNING - Some states may not be included in the spectrum.

Diagonalizing Hamiltonian using the sparse matrix method ...

Calculating dipole moments ...

Permanent dipole moment of reference states:
             Open-Shell Singlet (|OS1>) = -0.000 x 0.000 y -0.413 z
             Zwitterion - (|ZW->) = -0.000 x 0.000 y -0.413 z
             Zwitterion + (|ZW+>) = -0.000 x 0.000 y -0.413 z
             Open-Shell Triplet (|OS3>) = -0.000 x 0.000 y -0.413 z

Checking that the Dipole matrix is symmetric (a value of zero means matrix is symmetric) ... 
Frobenius norm of matrix - matrix transpose = 0.00000             0.00000, 0.00000.

Energy of the lowest CI state: -270.0625520907921

State 0 0.000 eV 
Excitation    CI Coef
|1^ZW->   -0.93205
|1^CS(20->0)>    0.08790
|1^CS(18->0)>   -0.08409
|1^CS(11->0)>    0.05464
|1^CS(19->0')>   -0.08445
|1^CS(17->0')>    0.10305
|1^SV(0->17')>    0.11287
|1^SV(0'->3')>   -0.05680
|1^SV(0'->18')>    0.10888
|1T^CV(20->18')>    0.06249
|1T^CV(19->17')>   -0.06018
|1T^CV(18->18')>   -0.06756
|1T^CV(17->17')>    0.08150
Ground state is singlet
TDMs with Triplet 'Ground' state
TDMX:0.000   TDMY:0.000   TDMZ:-0.000   Oscillator Strength:-0.00000   <S**2>: 0.000
--------------------------------------------------------------------
TDMs with Singlet 'Ground' state
TDMX:-0.017   TDMY:-0.048   TDMZ:-0.448   Oscillator Strength:0.00000   <S**2>: 0.000
--------------------------------------------------------------------


State 1 0.087 eV 
Excitation    CI Coef
|3^OS>    0.93589
|3^CS(19->0)>    0.08322
|3^CS(17->0)>   -0.10398
|3^CS(20->0')>   -0.08008
|3^CS(18->0')>    0.08125
|3^CS(11->0')>   -0.05534
|3^SV(0->3')>   -0.06081
|3^SV(0->18')>    0.11703
|3^SV(0'->17')>   -0.12033
|3X^CV(20->17')>   -0.05855
|3X^CV(19->18')>    0.05465
|3X^CV(18->17')>    0.06222
|3X^CV(17->18')>   -0.07402
TDMs with Triplet 'Ground' state
TDMX:-0.001   TDMY:-0.002   TDMZ:-0.455   Oscillator Strength:0.00000   <S**2>: 2.000
--------------------------------------------------------------------
TDMs with Singlet 'Ground' state
TDMX:0.000   TDMY:0.000   TDMZ:-0.000   Oscillator Strength:0.00000   <S**2>: 2.000
--------------------------------------------------------------------


State 2 0.775 eV 
Excitation    CI Coef
|5^CV(23->19')>   -0.05240
|5^CV(23->20')>   -0.14551
|5^CV(22->19')>    0.14577
|5^CV(22->20')>    0.05237
|5^CV(16->4')>   -0.13366
|5^CV(16->5')>   -0.07030
|5^CV(16->6')>    0.14219
|5^CV(15->4')>   -0.05299
|5^CV(15->5')>   -0.21500
|5^CV(15->6')>    0.05615
|5^CV(14->4')>   -0.05606
|5^CV(14->6')>    0.05834
|5^CV(2->1')>   -0.22010
|5^CV(2->2')>   -0.61143
|5^CV(1->1')>   -0.61190
|5^CV(1->2')>   -0.21991
TDMs with Triplet 'Ground' state
TDMX:-0.000   TDMY:0.000   TDMZ:0.000   Oscillator Strength:0.00000   <S**2>: 6.000
--------------------------------------------------------------------
TDMs with Singlet 'Ground' state
TDMX:0.000   TDMY:-0.000   TDMZ:-0.000   Oscillator Strength:0.00000   <S**2>: 6.000
--------------------------------------------------------------------


State 3 0.775 eV 
Excitation    CI Coef
|5^CV(23->19')>   -0.14583
|5^CV(23->20')>    0.05268
|5^CV(22->19')>   -0.05208
|5^CV(22->20')>    0.14545
|5^CV(16->5')>   -0.19545
|5^CV(16->6')>   -0.05114
|5^CV(15->4')>   -0.14732
|5^CV(15->5')>    0.07733
|5^CV(15->6')>    0.15612
|5^CV(14->5')>   -0.08103
|5^CV(2->1')>   -0.61168
|5^CV(2->2')>    0.22022
|5^CV(1->1')>    0.21979
|5^CV(1->2')>   -0.61166
TDMs with Triplet 'Ground' state
TDMX:0.000   TDMY:-0.000   TDMZ:-0.000   Oscillator Strength:0.00000   <S**2>: 6.000
--------------------------------------------------------------------
TDMs with Singlet 'Ground' state
TDMX:0.000   TDMY:-0.000   TDMZ:-0.000   Oscillator Strength:0.00000   <S**2>: 6.000
--------------------------------------------------------------------


State 4 0.775 eV 
Excitation    CI Coef
|3X^CV(23->19')>    0.05294
|3X^CV(23->20')>    0.14531
|3X^CV(22->19')>   -0.14558
|3X^CV(22->20')>   -0.05291
|3X^CV(16->4')>    0.13348
|3X^CV(16->5')>    0.07102
|3X^CV(16->6')>   -0.14200
|3X^CV(15->4')>    0.05354
|3X^CV(15->5')>    0.21471
|3X^CV(15->6')>   -0.05673
|3X^CV(14->4')>    0.05599
|3X^CV(14->6')>   -0.05826
|3X^CV(2->1')>    0.22235
|3X^CV(2->2')>    0.61061
|3X^CV(1->1')>    0.61107
|3X^CV(1->2')>    0.22216
TDMs with Triplet 'Ground' state
TDMX:-0.000   TDMY:0.000   TDMZ:0.000   Oscillator Strength:0.00000   <S**2>: 2.000
--------------------------------------------------------------------
TDMs with Singlet 'Ground' state
TDMX:0.000   TDMY:-0.000   TDMZ:-0.000   Oscillator Strength:0.00000   <S**2>: 2.000
--------------------------------------------------------------------


State 5 0.775 eV 
Excitation    CI Coef
|3X^CV(23->19')>    0.14563
|3X^CV(23->20')>   -0.05322
|3X^CV(22->19')>    0.05262
|3X^CV(22->20')>   -0.14526
|3X^CV(16->5')>    0.19519
|3X^CV(16->6')>    0.05167
|3X^CV(15->4')>    0.14712
|3X^CV(15->5')>   -0.07813
|3X^CV(15->6')>   -0.15591
|3X^CV(14->5')>    0.08093
|3X^CV(2->1')>    0.61085
|3X^CV(2->2')>   -0.22247
|3X^CV(1->1')>   -0.22204
|3X^CV(1->2')>    0.61083
TDMs with Triplet 'Ground' state
TDMX:0.000   TDMY:-0.000   TDMZ:0.000   Oscillator Strength:0.00000   <S**2>: 2.000
--------------------------------------------------------------------
TDMs with Singlet 'Ground' state
TDMX:-0.000   TDMY:0.000   TDMZ:-0.000   Oscillator Strength:0.00000   <S**2>: 2.000
--------------------------------------------------------------------


State 6 0.775 eV 
Excitation    CI Coef
|1T^CV(23->19')>    0.05232
|1T^CV(23->20')>    0.14553
|1T^CV(22->19')>   -0.14580
|1T^CV(22->20')>   -0.05230
|1T^CV(16->4')>    0.13368
|1T^CV(16->5')>    0.07020
|1T^CV(16->6')>   -0.14221
|1T^CV(15->4')>    0.05292
|1T^CV(15->5')>    0.21504
|1T^CV(15->6')>   -0.05607
|1T^CV(14->4')>    0.05607
|1T^CV(14->6')>   -0.05835
|1T^CV(2->1')>    0.21979
|1T^CV(2->2')>    0.61153
|1T^CV(1->1')>    0.61199
|1T^CV(1->2')>    0.21960
TDMs with Triplet 'Ground' state
TDMX:-0.000   TDMY:0.000   TDMZ:-0.000   Oscillator Strength:0.00000   <S**2>: 0.000
--------------------------------------------------------------------
TDMs with Singlet 'Ground' state
TDMX:0.000   TDMY:-0.000   TDMZ:-0.000   Oscillator Strength:0.00000   <S**2>: 0.000
--------------------------------------------------------------------


State 7 0.775 eV 
Excitation    CI Coef
|1T^CV(23->19')>    0.14585
|1T^CV(23->20')>   -0.05261
|1T^CV(22->19')>    0.05201
|1T^CV(22->20')>   -0.14548
|1T^CV(16->5')>    0.19549
|1T^CV(16->6')>    0.05107
|1T^CV(15->4')>    0.14734
|1T^CV(15->5')>   -0.07722
|1T^CV(15->6')>   -0.15615
|1T^CV(14->5')>    0.08105
|1T^CV(2->1')>    0.61176
|1T^CV(2->2')>   -0.21991
|1T^CV(1->1')>   -0.21948
|1T^CV(1->2')>    0.61175
TDMs with Triplet 'Ground' state
TDMX:-0.000   TDMY:0.000   TDMZ:-0.000   Oscillator Strength:0.00000   <S**2>: 0.000
--------------------------------------------------------------------
TDMs with Singlet 'Ground' state
TDMX:-0.000   TDMY:0.000   TDMZ:0.000   Oscillator Strength:0.00000   <S**2>: 0.000
--------------------------------------------------------------------


State 8 1.737 eV 
Excitation    CI Coef
|5^CV(23->4')>   -0.11809
|5^CV(23->6')>    0.12554
|5^CV(22->5')>    0.17245
|5^CV(16->1')>   -0.41283
|5^CV(16->2')>   -0.08823
|5^CV(16->20')>   -0.15932
|5^CV(15->1')>   -0.09767
|5^CV(15->2')>   -0.45518
|5^CV(15->19')>   -0.17521
|5^CV(14->1')>   -0.17399
|5^CV(14->20')>   -0.06577
|5^CV(13->1')>    0.08107
|5^CV(2->4')>   -0.06750
|5^CV(2->5')>   -0.45701
|5^CV(2->6')>    0.07056
|5^CV(1->4')>   -0.31556
|5^CV(1->5')>   -0.09798
|5^CV(1->6')>    0.32984
TDMs with Triplet 'Ground' state
TDMX:-0.000   TDMY:-0.000   TDMZ:-0.000   Oscillator Strength:0.00000   <S**2>: 6.000
--------------------------------------------------------------------
TDMs with Singlet 'Ground' state
TDMX:-0.000   TDMY:0.000   TDMZ:-0.000   Oscillator Strength:0.00000   <S**2>: 6.000
--------------------------------------------------------------------


State 9 1.737 eV 
Excitation    CI Coef
|5^CV(23->5')>   -0.17270
|5^CV(22->4')>    0.11793
|5^CV(22->6')>   -0.12535
|5^CV(16->1')>    0.08829
|5^CV(16->2')>   -0.41262
|5^CV(16->19')>   -0.15935
|5^CV(15->1')>   -0.45543
|5^CV(15->2')>    0.09761
|5^CV(15->20')>   -0.17516
|5^CV(14->2')>   -0.17385
|5^CV(14->19')>   -0.06581
|5^CV(13->2')>    0.08099
|5^CV(2->4')>   -0.31539
|5^CV(2->5')>    0.09794
|5^CV(2->6')>    0.32974
|5^CV(1->4')>    0.06752
|5^CV(1->5')>   -0.45720
|5^CV(1->6')>   -0.07058
TDMs with Triplet 'Ground' state
TDMX:-0.000   TDMY:0.000   TDMZ:0.000   Oscillator Strength:0.00000   <S**2>: 6.000
--------------------------------------------------------------------
TDMs with Singlet 'Ground' state
TDMX:0.000   TDMY:-0.000   TDMZ:-0.000   Oscillator Strength:0.00000   <S**2>: 6.000
--------------------------------------------------------------------


State 10 1.737 eV 
Excitation    CI Coef
|3X^CV(23->4')>    0.11700
|3X^CV(23->6')>   -0.12438
|3X^CV(22->5')>   -0.17088
|3X^CV(16->1')>    0.40905
|3X^CV(16->2')>    0.10435
|3X^CV(16->20')>    0.15785
|3X^CV(15->1')>    0.11545
|3X^CV(15->2')>    0.45100
|3X^CV(15->19')>    0.17361
|3X^CV(14->1')>    0.17239
|3X^CV(14->20')>    0.06516
|3X^CV(13->1')>   -0.08029
|3X^CV(2->4')>    0.07981
|3X^CV(2->5')>    0.45281
|3X^CV(2->6')>   -0.08343
|3X^CV(1->4')>    0.31266
|3X^CV(1->5')>    0.11583
|3X^CV(1->6')>   -0.32683
TDMs with Triplet 'Ground' state
TDMX:-0.000   TDMY:0.000   TDMZ:0.000   Oscillator Strength:0.00000   <S**2>: 2.000
--------------------------------------------------------------------
TDMs with Singlet 'Ground' state
TDMX:0.000   TDMY:0.000   TDMZ:0.000   Oscillator Strength:0.00000   <S**2>: 2.000
--------------------------------------------------------------------


State 11 1.737 eV 
Excitation    CI Coef
|3X^CV(23->5')>    0.17113
|3X^CV(22->4')>   -0.11684
|3X^CV(22->6')>    0.12419
|3X^CV(16->1')>   -0.10441
|3X^CV(16->2')>    0.40885
|3X^CV(16->19')>    0.15789
|3X^CV(15->1')>    0.45125
|3X^CV(15->2')>   -0.11538
|3X^CV(15->20')>    0.17356
|3X^CV(14->2')>    0.17226
|3X^CV(14->19')>    0.06520
|3X^CV(13->2')>   -0.08021
|3X^CV(2->4')>    0.31249
|3X^CV(2->5')>   -0.11579
|3X^CV(2->6')>   -0.32673
|3X^CV(1->4')>   -0.07984
|3X^CV(1->5')>    0.45300
|3X^CV(1->6')>    0.08346
TDMs with Triplet 'Ground' state
TDMX:-0.000   TDMY:-0.000   TDMZ:-0.000   Oscillator Strength:0.00000   <S**2>: 2.000
--------------------------------------------------------------------
TDMs with Singlet 'Ground' state
TDMX:-0.000   TDMY:0.000   TDMZ:-0.000   Oscillator Strength:0.00000   <S**2>: 2.000
--------------------------------------------------------------------


State 12 1.737 eV 
Excitation    CI Coef
|1T^CV(23->4')>    0.11812
|1T^CV(23->6')>   -0.12558
|1T^CV(22->5')>   -0.17250
|1T^CV(16->1')>    0.41295
|1T^CV(16->2')>    0.08768
|1T^CV(16->20')>    0.15936
|1T^CV(15->1')>    0.09705
|1T^CV(15->2')>    0.45531
|1T^CV(15->19')>    0.17526
|1T^CV(14->1')>    0.17403
|1T^CV(14->20')>    0.06579
|1T^CV(13->1')>   -0.08103
|1T^CV(2->4')>    0.06707
|1T^CV(2->5')>    0.45713
|1T^CV(2->6')>   -0.07011
|1T^CV(1->4')>    0.31564
|1T^CV(1->5')>    0.09735
|1T^CV(1->6')>   -0.32995
TDMs with Triplet 'Ground' state
TDMX:0.000   TDMY:-0.000   TDMZ:-0.000   Oscillator Strength:0.00000   <S**2>: 0.000
--------------------------------------------------------------------
TDMs with Singlet 'Ground' state
TDMX:0.000   TDMY:0.000   TDMZ:0.000   Oscillator Strength:0.00000   <S**2>: 0.000
--------------------------------------------------------------------


State 13 1.737 eV 
Excitation    CI Coef
|1T^CV(23->5')>   -0.17275
|1T^CV(22->4')>    0.11796
|1T^CV(22->6')>   -0.12539
|1T^CV(16->1')>    0.08773
|1T^CV(16->2')>   -0.41275
|1T^CV(16->19')>   -0.15940
|1T^CV(15->1')>   -0.45555
|1T^CV(15->2')>    0.09699
|1T^CV(15->20')>   -0.17521
|1T^CV(14->2')>   -0.17390
|1T^CV(14->19')>   -0.06583
|1T^CV(13->2')>    0.08095
|1T^CV(2->4')>   -0.31547
|1T^CV(2->5')>    0.09732
|1T^CV(2->6')>    0.32985
|1T^CV(1->4')>    0.06709
|1T^CV(1->5')>   -0.45733
|1T^CV(1->6')>   -0.07014
TDMs with Triplet 'Ground' state
TDMX:-0.000   TDMY:-0.000   TDMZ:-0.000   Oscillator Strength:0.00000   <S**2>: 0.000
--------------------------------------------------------------------
TDMs with Singlet 'Ground' state
TDMX:0.000   TDMY:-0.000   TDMZ:0.000   Oscillator Strength:0.00000   <S**2>: 0.000
--------------------------------------------------------------------


State 14 2.519 eV 
Excitation    CI Coef
|1^ZW+>    0.06689
|1^CS(18->0)>   -0.07096
|1^CS(13->0)>   -0.06738
|1^CS(11->0)>    0.24965
|1^CS(5->0)>    0.23456
|1^CS(12->0')>    0.26841
|1^CS(6->0')>   -0.18351
|1^SV(0->7')>    0.39138
|1^SV(0'->3')>   -0.35754
|1^SV(0'->12')>   -0.25850
|1T^CV(24->12')>    0.05031
|1T^CV(24->18')>   -0.05098
|1T^CV(24->22')>    0.07296
|1T^CV(21->7')>   -0.06546
|1T^CV(21->25')>    0.05008
|1T^CV(20->12')>    0.05762
|1T^CV(19->7')>    0.07536
|1T^CV(18->3')>   -0.05044
|1T^CV(18->12')>   -0.10068
|1T^CV(17->7')>   -0.12684
|1T^CV(14->4')>   -0.06100
|1T^CV(14->6')>   -0.05240
|1T^CV(13->3')>    0.08671
|1T^CV(12->7')>   -0.17484
|1T^CV(12->9')>   -0.06085
|1T^CV(12->17')>   -0.09324
|1T^CV(11->3')>    0.18387
|1T^CV(11->8')>    0.07046
|1T^CV(11->12')>    0.06204
|1T^CV(11->18')>   -0.08332
|1T^CV(10->10')>    0.21191
|1T^CV(9->11')>    0.21243
|1T^CV(8->13')>    0.06353
|1T^CV(7->14')>    0.06333
|1T^CV(6->7')>    0.10393
|1T^CV(6->9')>   -0.07991
|1T^CV(6->17')>    0.06416
|1T^CV(5->3')>    0.13527
|1T^CV(5->8')>   -0.06939
|1T^CV(5->12')>    0.06143
|1T^CV(5->18')>   -0.08422
|1T^CV(4->15')>    0.08719
|1T^CV(3->16')>    0.08656
TDMs with Triplet 'Ground' state
TDMX:0.000   TDMY:0.000   TDMZ:-0.000   Oscillator Strength:0.00000   <S**2>: 0.000
--------------------------------------------------------------------
TDMs with Singlet 'Ground' state
TDMX:-0.669   TDMY:-0.101   TDMZ:0.026   Oscillator Strength:0.02834   <S**2>: 0.000
--------------------------------------------------------------------


State 15 2.556 eV 
Excitation    CI Coef
|5^CV(23->1')>   -0.43339
|5^CV(23->2')>   -0.09628
|5^CV(23->20')>    0.06784
|5^CV(22->1')>    0.09750
|5^CV(22->2')>    0.43315
|5^CV(22->19')>   -0.06817
|5^CV(16->4')>   -0.18426
|5^CV(16->5')>   -0.05993
|5^CV(16->6')>    0.19403
|5^CV(15->5')>   -0.29533
|5^CV(14->4')>   -0.07806
|5^CV(14->6')>    0.08043
|5^CV(2->2')>    0.06871
|5^CV(2->19')>   -0.43635
|5^CV(2->20')>   -0.09695
|5^CV(1->1')>    0.06760
|5^CV(1->19')>   -0.09801
|5^CV(1->20')>   -0.43548
TDMs with Triplet 'Ground' state
TDMX:0.000   TDMY:0.000   TDMZ:0.000   Oscillator Strength:0.00000   <S**2>: 6.000
--------------------------------------------------------------------
TDMs with Singlet 'Ground' state
TDMX:-0.000   TDMY:-0.000   TDMZ:0.000   Oscillator Strength:0.00000   <S**2>: 6.000
--------------------------------------------------------------------


State 16 2.556 eV 
Excitation    CI Coef
|5^CV(23->1')>    0.09734
|5^CV(23->2')>   -0.43362
|5^CV(23->19')>    0.06815
|5^CV(22->1')>    0.43293
|5^CV(22->2')>   -0.09644
|5^CV(22->20')>   -0.06787
|5^CV(16->5')>   -0.26803
|5^CV(15->4')>   -0.20339
|5^CV(15->5')>    0.06604
|5^CV(15->6')>    0.21350
|5^CV(14->5')>   -0.11220
|5^CV(13->5')>    0.05203
|5^CV(2->1')>    0.06817
|5^CV(2->19')>    0.09724
|5^CV(2->20')>   -0.43571
|5^CV(1->2')>    0.06815
|5^CV(1->19')>   -0.43613
|5^CV(1->20')>    0.09773
TDMs with Triplet 'Ground' state
TDMX:0.000   TDMY:0.000   TDMZ:0.000   Oscillator Strength:0.00000   <S**2>: 6.000
--------------------------------------------------------------------
TDMs with Singlet 'Ground' state
TDMX:0.000   TDMY:0.000   TDMZ:-0.000   Oscillator Strength:0.00000   <S**2>: 6.000
--------------------------------------------------------------------


State 17 2.556 eV 
Excitation    CI Coef
|3X^CV(23->1')>    0.43580
|3X^CV(23->2')>    0.08483
|3X^CV(23->20')>   -0.06822
|3X^CV(22->1')>   -0.08606
|3X^CV(22->2')>   -0.43553
|3X^CV(22->19')>    0.06855
|3X^CV(16->4')>    0.18520
|3X^CV(16->5')>    0.05285
|3X^CV(16->6')>   -0.19518
|3X^CV(15->5')>    0.29696
|3X^CV(14->4')>    0.07867
|3X^CV(14->6')>   -0.08072
|3X^CV(2->2')>   -0.06909
|3X^CV(2->19')>    0.43875
|3X^CV(2->20')>    0.08544
|3X^CV(1->1')>   -0.06798
|3X^CV(1->19')>    0.08649
|3X^CV(1->20')>    0.43790
TDMs with Triplet 'Ground' state
TDMX:-0.001   TDMY:-0.000   TDMZ:-0.000   Oscillator Strength:0.00000   <S**2>: 2.000
--------------------------------------------------------------------
TDMs with Singlet 'Ground' state
TDMX:0.000   TDMY:0.000   TDMZ:-0.000   Oscillator Strength:0.00000   <S**2>: 2.000
--------------------------------------------------------------------


State 18 2.556 eV 
Excitation    CI Coef
|3X^CV(23->1')>    0.08589
|3X^CV(23->2')>   -0.43600
|3X^CV(23->19')>    0.06852
|3X^CV(22->1')>    0.43534
|3X^CV(22->2')>   -0.08499
|3X^CV(22->20')>   -0.06825
|3X^CV(16->5')>   -0.26951
|3X^CV(15->4')>   -0.20451
|3X^CV(15->5')>    0.05824
|3X^CV(15->6')>    0.21468
|3X^CV(14->5')>   -0.11282
|3X^CV(13->5')>    0.05230
|3X^CV(2->1')>    0.06855
|3X^CV(2->19')>    0.08571
|3X^CV(2->20')>   -0.43811
|3X^CV(1->2')>    0.06853
|3X^CV(1->19')>   -0.43856
|3X^CV(1->20')>    0.08622
TDMs with Triplet 'Ground' state
TDMX:-0.000   TDMY:-0.000   TDMZ:0.000   Oscillator Strength:0.00000   <S**2>: 2.000
--------------------------------------------------------------------
TDMs with Singlet 'Ground' state
TDMX:-0.000   TDMY:-0.000   TDMZ:0.000   Oscillator Strength:0.00000   <S**2>: 2.000
--------------------------------------------------------------------


State 19 2.556 eV 
Excitation    CI Coef
|1T^CV(23->1')>   -0.40376
|1T^CV(23->2')>   -0.18403
|1T^CV(23->20')>    0.06319
|1T^CV(22->1')>    0.18507
|1T^CV(22->2')>    0.40372
|1T^CV(22->19')>   -0.06356
|1T^CV(16->4')>   -0.17186
|1T^CV(16->5')>   -0.11416
|1T^CV(16->6')>    0.18066
|1T^CV(15->4')>   -0.08663
|1T^CV(15->5')>   -0.27520
|1T^CV(15->6')>    0.09094
|1T^CV(14->4')>   -0.07235
|1T^CV(14->6')>    0.07529
|1T^CV(2->2')>    0.06402
|1T^CV(2->19')>   -0.40668
|1T^CV(2->20')>   -0.18512
|1T^CV(1->1')>    0.06301
|1T^CV(1->19')>   -0.18624
|1T^CV(1->20')>   -0.40573
TDMs with Triplet 'Ground' state
TDMX:0.000   TDMY:-0.000   TDMZ:0.000   Oscillator Strength:0.00000   <S**2>: 0.000
--------------------------------------------------------------------
TDMs with Singlet 'Ground' state
TDMX:0.022   TDMY:0.002   TDMZ:-0.001   Oscillator Strength:0.00003   <S**2>: 0.000
--------------------------------------------------------------------


State 20 2.556 eV 
Excitation    CI Coef
|1T^CV(23->1')>   -0.18511
|1T^CV(23->2')>    0.40400
|1T^CV(23->19')>   -0.06347
|1T^CV(22->1')>   -0.40307
|1T^CV(22->2')>    0.18418
|1T^CV(22->20')>    0.06321
|1T^CV(16->4')>   -0.07860
|1T^CV(16->5')>    0.24962
|1T^CV(16->6')>    0.08263
|1T^CV(15->4')>    0.18941
|1T^CV(15->5')>   -0.12586
|1T^CV(15->6')>   -0.19885
|1T^CV(14->5')>    0.10448
|1T^CV(2->1')>   -0.06349
|1T^CV(2->19')>   -0.18562
|1T^CV(2->20')>    0.40591
|1T^CV(1->2')>   -0.06348
|1T^CV(1->19')>    0.40609
|1T^CV(1->20')>   -0.18592
TDMs with Triplet 'Ground' state
TDMX:0.000   TDMY:0.000   TDMZ:-0.000   Oscillator Strength:0.00000   <S**2>: 0.000
--------------------------------------------------------------------
TDMs with Singlet 'Ground' state
TDMX:-0.037   TDMY:-0.001   TDMZ:0.001   Oscillator Strength:0.00009   <S**2>: 0.000
--------------------------------------------------------------------


State 21 2.557 eV 
Excitation    CI Coef
|1^CS(12->0)>    0.30282
|1^CS(6->0)>   -0.17644
|1^CS(18->0')>   -0.05201
|1^CS(13->0')>   -0.10814
|1^CS(11->0')>    0.24254
|1^CS(5->0')>    0.21031
|1^SV(0->3')>   -0.31656
|1^SV(0->12')>   -0.28247
|1^SV(0->22')>    0.05077
|1^SV(0'->7')>    0.41062
|1T^CV(24->7')>   -0.07509
|1T^CV(21->3')>    0.05779
|1T^CV(21->22')>    0.07681
|1T^CV(20->7')>   -0.07799
|1T^CV(19->3')>   -0.06018
|1T^CV(19->12')>   -0.05253
|1T^CV(18->7')>    0.11624
|1T^CV(17->3')>    0.09683
|1T^CV(17->12')>    0.09789
|1T^CV(12->3')>    0.12746
|1T^CV(12->8')>    0.08434
|1T^CV(12->12')>    0.08417
|1T^CV(12->18')>   -0.12078
|1T^CV(11->7')>   -0.14800
|1T^CV(11->9')>   -0.08915
|1T^CV(11->17')>   -0.09047
|1T^CV(10->11')>   -0.21083
|1T^CV(9->10')>   -0.21178
|1T^CV(8->14')>   -0.06838
|1T^CV(7->13')>   -0.06933
|1T^CV(6->3')>   -0.07991
|1T^CV(6->8')>    0.08975
|1T^CV(6->12')>   -0.06199
|1T^CV(6->18')>    0.07020
|1T^CV(5->7')>   -0.13077
|1T^CV(5->9')>    0.07943
|1T^CV(5->17')>   -0.07500
|1T^CV(4->16')>   -0.12387
|1T^CV(3->15')>   -0.12259
TDMs with Triplet 'Ground' state
TDMX:-0.000   TDMY:-0.000   TDMZ:0.000   Oscillator Strength:0.00000   <S**2>: 0.000
--------------------------------------------------------------------
TDMs with Singlet 'Ground' state
TDMX:1.302   TDMY:0.055   TDMZ:-0.049   Oscillator Strength:0.10652   <S**2>: 0.000
--------------------------------------------------------------------


State 22 2.603 eV 
Excitation    CI Coef
|1^CS(17->0)>   -0.09138
|1^CS(12->0)>    0.16860
|1^CS(6->0)>    0.32031
|1^CS(18->0')>    0.07831
|1^CS(13->0')>   -0.06522
|1^CS(11->0')>    0.20812
|1^CS(5->0')>   -0.29187
|1^SV(0->8')>    0.38450
|1^SV(0'->9')>   -0.38451
|1T^CV(26->9')>   -0.06694
|1T^CV(26->17')>   -0.06161
|1T^CV(26->27')>    0.05314
|1T^CV(25->8')>   -0.06624
|1T^CV(25->18')>    0.05553
|1T^CV(25->26')>   -0.05371
|1T^CV(20->9')>    0.05841
|1T^CV(19->8')>    0.05508
|1T^CV(19->24')>    0.05339
|1T^CV(18->9')>   -0.09666
|1T^CV(17->8')>   -0.12307
|1T^CV(13->9')>    0.09484
|1T^CV(12->3')>   -0.05573
|1T^CV(12->8')>    0.08171
|1T^CV(12->12')>   -0.09248
|1T^CV(12->18')>   -0.08156
|1T^CV(11->7')>    0.10140
|1T^CV(11->17')>   -0.11198
|1T^CV(8->14')>    0.18660
|1T^CV(7->13')>    0.18697
|1T^CV(6->8')>   -0.14313
|1T^CV(6->12')>   -0.09986
|1T^CV(6->18')>   -0.13511
|1T^CV(5->7')>   -0.07318
|1T^CV(5->9')>   -0.14578
|1T^CV(5->17')>    0.13520
|1T^CV(4->16')>   -0.19266
|1T^CV(3->15')>   -0.19073
TDMs with Triplet 'Ground' state
TDMX:0.000   TDMY:-0.000   TDMZ:0.000   Oscillator Strength:0.00000   <S**2>: 0.000
--------------------------------------------------------------------
TDMs with Singlet 'Ground' state
TDMX:-0.300   TDMY:1.271   TDMZ:-0.111   Oscillator Strength:0.10963   <S**2>: 0.000
--------------------------------------------------------------------


State 23 2.606 eV 
Excitation    CI Coef
|1^CS(18->0)>    0.07932
|1^CS(13->0)>   -0.07676
|1^CS(11->0)>    0.22179
|1^CS(5->0)>   -0.27157
|1^CS(17->0')>   -0.09500
|1^CS(12->0')>    0.19039
|1^CS(6->0')>    0.30176
|1^SV(0->9')>   -0.38675
|1^SV(0'->8')>    0.38707
|1T^CV(26->8')>    0.06863
|1T^CV(26->18')>   -0.05723
|1T^CV(26->26')>    0.05580
|1T^CV(25->9')>    0.06934
|1T^CV(25->17')>    0.06351
|1T^CV(25->27')>   -0.05521
|1T^CV(20->8')>   -0.05950
|1T^CV(20->24')>   -0.05048
|1T^CV(19->9')>   -0.05651
|1T^CV(18->8')>    0.09769
|1T^CV(17->9')>    0.12525
|1T^CV(13->8')>   -0.09632
|1T^CV(12->7')>    0.07707
|1T^CV(12->9')>   -0.08797
|1T^CV(12->17')>   -0.10465
|1T^CV(11->3')>   -0.05028
|1T^CV(11->12')>   -0.09279
|1T^CV(11->18')>   -0.10609
|1T^CV(8->13')>   -0.18448
|1T^CV(7->14')>   -0.18496
|1T^CV(6->7')>    0.09764
|1T^CV(6->9')>    0.13664
|1T^CV(6->17')>   -0.14703
|1T^CV(5->8')>    0.14343
|1T^CV(5->12')>    0.09404
|1T^CV(5->18')>    0.11589
|1T^CV(4->15')>    0.19852
|1T^CV(3->16')>    0.19705
TDMs with Triplet 'Ground' state
TDMX:-0.000   TDMY:0.000   TDMZ:-0.000   Oscillator Strength:0.00000   <S**2>: 0.000
--------------------------------------------------------------------
TDMs with Singlet 'Ground' state
TDMX:0.020   TDMY:-0.603   TDMZ:0.201   Oscillator Strength:0.02579   <S**2>: 0.000
--------------------------------------------------------------------


State 24 2.636 eV 
Excitation    CI Coef
|3^CS(18->0)>   -0.05330
|3^CS(13->0)>   -0.06977
|3^CS(11->0)>    0.25024
|3^CS(5->0)>    0.18747
|3^CS(12->0')>    0.26889
|3^CS(6->0')>   -0.12962
|3^SV(0->7')>   -0.37545
|3^SV(0'->3')>   -0.34387
|3^SV(0'->12')>   -0.24675
|3X^CV(24->12')>    0.05281
|3X^CV(24->18')>   -0.05230
|3X^CV(24->22')>    0.07417
|3X^CV(21->7')>   -0.06739
|3X^CV(21->21')>    0.05006
|3X^CV(21->25')>    0.05028
|3X^CV(20->12')>    0.06342
|3X^CV(19->7')>    0.07966
|3X^CV(18->12')>   -0.11093
|3X^CV(17->7')>   -0.13680
|3X^CV(14->4')>   -0.07411
|3X^CV(14->6')>   -0.06546
|3X^CV(13->3')>    0.10235
|3X^CV(13->18')>    0.05777
|3X^CV(12->7')>   -0.17596
|3X^CV(12->9')>   -0.07360
|3X^CV(12->17')>   -0.11265
|3X^CV(11->3')>    0.19694
|3X^CV(11->8')>    0.07975
|3X^CV(11->12')>    0.05193
|3X^CV(11->18')>   -0.09879
|3X^CV(10->10')>    0.23199
|3X^CV(9->11')>    0.23253
|3X^CV(8->13')>    0.05572
|3X^CV(7->14')>    0.05543
|3X^CV(6->7')>    0.11670
|3X^CV(6->9')>   -0.07445
|3X^CV(6->17')>    0.05726
|3X^CV(5->3')>    0.15260
|3X^CV(5->8')>   -0.06256
|3X^CV(5->12')>    0.06839
|3X^CV(5->18')>   -0.08109
|3X^CV(4->15')>    0.12299
|3X^CV(3->16')>    0.12204
TDMs with Triplet 'Ground' state
TDMX:0.226   TDMY:0.017   TDMZ:0.003   Oscillator Strength:0.00321   <S**2>: 2.000
--------------------------------------------------------------------
TDMs with Singlet 'Ground' state
TDMX:-0.000   TDMY:-0.000   TDMZ:0.000   Oscillator Strength:0.00000   <S**2>: 2.000
--------------------------------------------------------------------


State 25 2.656 eV 
Excitation    CI Coef
|3^CS(17->0)>    0.05494
|3^CS(12->0)>    0.24643
|3^CS(6->0)>   -0.19835
|3^CS(11->0')>    0.18956
|3^CS(5->0')>    0.22239
|3^SV(0->3')>    0.33472
|3^SV(0->12')>    0.26344
|3^SV(0->22')>   -0.05262
|3^SV(0'->7')>    0.40563
|3X^CV(37->22')>   -0.05146
|3X^CV(24->7')>   -0.08273
|3X^CV(24->23')>    0.05206
|3X^CV(24->25')>    0.05194
|3X^CV(21->3')>    0.06403
|3X^CV(21->22')>    0.08416
|3X^CV(20->7')>   -0.08200
|3X^CV(19->3')>   -0.06508
|3X^CV(19->12')>   -0.05259
|3X^CV(18->7')>    0.12234
|3X^CV(17->3')>    0.10524
|3X^CV(17->12')>    0.09779
|3X^CV(12->3')>    0.15839
|3X^CV(12->8')>    0.06185
|3X^CV(12->12')>    0.11284
|3X^CV(12->18')>   -0.11718
|3X^CV(11->7')>   -0.18664
|3X^CV(11->9')>   -0.07120
|3X^CV(11->17')>   -0.08089
|3X^CV(10->11')>   -0.24571
|3X^CV(9->10')>   -0.24688
|3X^CV(8->14')>   -0.08415
|3X^CV(7->13')>   -0.08517
|3X^CV(6->3')>   -0.08714
|3X^CV(6->8')>    0.09616
|3X^CV(6->12')>   -0.05698
|3X^CV(6->18')>    0.09304
|3X^CV(5->7')>   -0.14054
|3X^CV(5->9')>    0.08806
|3X^CV(5->17')>   -0.09773
|3X^CV(4->16')>   -0.08765
|3X^CV(3->15')>   -0.08672
TDMs with Triplet 'Ground' state
TDMX:0.006   TDMY:-0.002   TDMZ:0.098   Oscillator Strength:0.00060   <S**2>: 2.000
--------------------------------------------------------------------
TDMs with Singlet 'Ground' state
TDMX:-0.000   TDMY:0.000   TDMZ:0.000   Oscillator Strength:0.00000   <S**2>: 2.000
--------------------------------------------------------------------


State 26 2.707 eV 
Excitation    CI Coef
|3^CS(18->0)>    0.05829
|3^CS(13->0)>   -0.05628
|3^CS(11->0)>    0.19277
|3^CS(5->0)>   -0.28842
|3^CS(12->0')>    0.16242
|3^CS(6->0')>    0.31140
|3^SV(0->9')>    0.36230
|3^SV(0'->8')>    0.36263
|3X^CV(26->8')>    0.06511
|3X^CV(26->18')>   -0.05449
|3X^CV(26->26')>    0.05233
|3X^CV(25->9')>    0.06567
|3X^CV(25->17')>    0.06082
|3X^CV(25->27')>   -0.05156
|3X^CV(20->8')>   -0.06012
|3X^CV(20->24')>   -0.05492
|3X^CV(19->9')>   -0.05698
|3X^CV(19->23')>   -0.05033
|3X^CV(18->8')>    0.10228
|3X^CV(17->9')>    0.13048
|3X^CV(13->8')>   -0.09772
|3X^CV(12->7')>    0.09726
|3X^CV(12->9')>   -0.07881
|3X^CV(12->17')>   -0.09846
|3X^CV(11->3')>   -0.07264
|3X^CV(11->12')>   -0.10213
|3X^CV(11->18')>   -0.10195
|3X^CV(8->13')>   -0.20966
|3X^CV(7->14')>   -0.21023
|3X^CV(6->7')>    0.09233
|3X^CV(6->9')>    0.16047
|3X^CV(6->17')>   -0.16646
|3X^CV(5->8')>    0.16488
|3X^CV(5->12')>    0.09527
|3X^CV(5->18')>    0.13576
|3X^CV(4->15')>    0.20874
|3X^CV(3->16')>    0.20708
TDMs with Triplet 'Ground' state
TDMX:0.099   TDMY:-0.086   TDMZ:-0.001   Oscillator Strength:0.00110   <S**2>: 2.000
--------------------------------------------------------------------
TDMs with Singlet 'Ground' state
TDMX:-0.000   TDMY:-0.000   TDMZ:0.000   Oscillator Strength:0.00000   <S**2>: 2.000
--------------------------------------------------------------------


State 27 2.720 eV 
Excitation    CI Coef
|3^CS(17->0)>    0.06451
|3^CS(12->0)>   -0.18729
|3^CS(6->0)>   -0.27971
|3^CS(11->0')>   -0.21485
|3^CS(5->0')>    0.24773
|3^SV(0->8')>    0.37015
|3^SV(0'->9')>    0.37037
|3X^CV(26->9')>    0.06994
|3X^CV(26->17')>    0.06453
|3X^CV(26->27')>   -0.05502
|3X^CV(25->8')>    0.06934
|3X^CV(25->18')>   -0.05774
|3X^CV(25->26')>    0.05582
|3X^CV(20->9')>   -0.06254
|3X^CV(19->8')>   -0.05905
|3X^CV(19->24')>   -0.05720
|3X^CV(18->9')>    0.10500
|3X^CV(17->8')>    0.13351
|3X^CV(13->9')>   -0.10210
|3X^CV(12->8')>   -0.08476
|3X^CV(12->12')>    0.07528
|3X^CV(12->18')>    0.10527
|3X^CV(11->7')>   -0.07301
|3X^CV(11->17')>    0.13421
|3X^CV(8->14')>   -0.20849
|3X^CV(7->13')>   -0.20864
|3X^CV(6->3')>    0.06334
|3X^CV(6->8')>    0.15608
|3X^CV(6->12')>    0.12308
|3X^CV(6->18')>    0.13960
|3X^CV(5->7')>    0.10703
|3X^CV(5->9')>    0.15730
|3X^CV(5->17')>   -0.13971
|3X^CV(4->16')>    0.22182
|3X^CV(3->15')>    0.21960
TDMs with Triplet 'Ground' state
TDMX:0.013   TDMY:-0.000   TDMZ:-0.030   Oscillator Strength:0.00007   <S**2>: 2.000
--------------------------------------------------------------------
TDMs with Singlet 'Ground' state
TDMX:-0.000   TDMY:0.000   TDMZ:-0.000   Oscillator Strength:0.00000   <S**2>: 2.000
--------------------------------------------------------------------


State 28 2.786 eV 
Excitation    CI Coef
|1^ZW->    0.08118
|1^CS(20->0)>    0.17915
|1^CS(18->0)>   -0.17951
|1^CS(14->0)>    0.05582
|1^CS(13->0)>    0.15785
|1^CS(11->0)>    0.05059
|1^CS(5->0)>   -0.10644
|1^CS(19->0')>   -0.16917
|1^CS(17->0')>    0.22689
|1^CS(6->0')>    0.12919
|1^SV(0->17')>    0.35950
|1^SV(0->27')>    0.06602
|1^SV(0'->3')>   -0.10129
|1^SV(0'->12')>    0.13343
|1^SV(0'->18')>    0.34235
|1^SV(0'->26')>    0.06654
|1T^CV(41->27')>    0.05233
|1T^CV(40->26')>    0.05273
|1T^CV(26->8')>   -0.06769
|1T^CV(26->18')>    0.05617
|1T^CV(26->26')>   -0.05774
|1T^CV(25->9')>   -0.06844
|1T^CV(25->17')>   -0.06235
|1T^CV(25->27')>    0.05716
|1T^CV(18->18')>    0.07431
|1T^CV(17->17')>   -0.08920
|1T^CV(14->4')>   -0.07296
|1T^CV(14->6')>   -0.06614
|1T^CV(13->3')>    0.06385
|1T^CV(13->12')>   -0.10746
|1T^CV(12->7')>   -0.13296
|1T^CV(12->9')>    0.13840
|1T^CV(11->3')>    0.13986
|1T^CV(11->8')>   -0.15906
|1T^CV(10->10')>    0.08890
|1T^CV(9->11')>    0.08895
|1T^CV(8->13')>   -0.16686
|1T^CV(7->14')>   -0.16683
|1T^CV(6->7')>    0.10333
|1T^CV(6->9')>    0.19989
|1T^CV(5->3')>    0.11684
|1T^CV(5->8')>    0.17912
|1T^CV(5->12')>    0.07509
|1T^CV(4->15')>   -0.20381
|1T^CV(3->16')>   -0.20098
|1^SVD_(17',17')>    0.05029
TDMs with Triplet 'Ground' state
TDMX:0.000   TDMY:-0.000   TDMZ:0.000   Oscillator Strength:0.00000   <S**2>: 0.000
--------------------------------------------------------------------
TDMs with Singlet 'Ground' state
TDMX:0.139   TDMY:-0.033   TDMZ:-0.105   Oscillator Strength:0.00215   <S**2>: 0.000
--------------------------------------------------------------------


State 29 2.859 eV 
Excitation    CI Coef
|1^CS(19->0)>    0.18881
|1^CS(17->0)>   -0.25810
|1^CS(6->0)>   -0.10815
|1^CS(20->0')>   -0.19374
|1^CS(18->0')>    0.20601
|1^CS(13->0')>   -0.12776
|1^CS(11->0')>   -0.06557
|1^CS(5->0')>    0.09231
|1^SV(0->1')>    0.10644
|1^SV(0->3')>    0.11952
|1^SV(0->12')>   -0.08310
|1^SV(0->18')>   -0.36469
|1^SV(0->24')>   -0.05252
|1^SV(0->26')>   -0.07067
|1^SV(0'->2')>    0.11002
|1^SV(0'->17')>   -0.38067
|1^SV(0'->27')>   -0.07075
|1T^CV(26->9')>   -0.06397
|1T^CV(26->17')>   -0.05743
|1T^CV(26->27')>    0.05440
|1T^CV(25->8')>   -0.06327
|1T^CV(25->18')>    0.05150
|1T^CV(25->26')>   -0.05490
|1T^CV(18->17')>   -0.06138
|1T^CV(17->18')>    0.07420
|1T^CV(13->7')>   -0.05547
|1T^CV(13->17')>    0.05456
|1T^CV(12->3')>   -0.11188
|1T^CV(12->8')>    0.12652
|1T^CV(12->12')>   -0.12059
|1T^CV(11->7')>    0.12681
|1T^CV(11->9')>   -0.14939
|1T^CV(10->11')>    0.12260
|1T^CV(9->10')>    0.12231
|1T^CV(8->14')>   -0.15436
|1T^CV(7->13')>   -0.15526
|1T^CV(6->3')>    0.08139
|1T^CV(6->8')>    0.18824
|1T^CV(6->12')>    0.08976
|1T^CV(5->7')>    0.13777
|1T^CV(5->9')>    0.16542
|1T^CV(4->16')>   -0.19185
|1T^CV(3->15')>   -0.19031
TDMs with Triplet 'Ground' state
TDMX:0.000   TDMY:0.000   TDMZ:0.000   Oscillator Strength:0.00000   <S**2>: 0.000
--------------------------------------------------------------------
TDMs with Singlet 'Ground' state
TDMX:-0.576   TDMY:-0.140   TDMZ:0.039   Oscillator Strength:0.02471   <S**2>: 0.000
--------------------------------------------------------------------

Wall clock time: 55.1888 seconds
