                    ---------------------------------
                    | Radical ExROPPP Calculation |
                    ---------------------------------

Molecule: ./THDBA-PyBTM.xyz radical

--------------------------------
Cartesian Coordinates / Angstrom
--------------------------------

Cl  -2.866086 -5.376278 0.390651
Cl  0.516808 1.042482 1.116301
Cl  -5.041337 0.163974 -0.252261
Cl  -1.231027 -2.140977 3.004752
Cl  -2.540198 4.235529 0.134327
Cl  1.538583 1.599092 -2.525916
Cl  -4.992414 -2.661793 3.039675
Cl  0.097616 5.213452 -3.231218
Cl  -3.588204 0.498640 -3.577360
Cl  0.437825 5.126591 2.249690
Cl  -3.906884 -2.921734 -2.352835
Cl  -2.649075 2.994757 3.641693
Cl  -0.369261 9.757920 -0.378516
Cl  -8.647535 -4.560416 -0.418355
N  -0.503205 -4.663689 -0.397176
N  3.075324 1.463167 0.878126
N  5.559024 -2.674442 -0.082616
C  -1.661642 -4.163420 -0.048317
C  4.203159 2.168197 0.642879
C  0.536590 -3.845037 -0.660620
C  -1.945873 -2.774826 0.069802
C  1.824477 -4.509071 -0.939131
C  5.491448 0.057681 0.620075
H  4.559849 -0.471257 0.469183
C  5.481706 1.448208 0.773313
C  3.041579 -3.904677 -0.604331
H  3.070055 -2.920631 -0.151167
C  4.250772 -4.585819 -0.775781
C  4.254725 -5.878811 -1.336450
C  6.687873 -0.659203 0.616683
C  -4.489930 -2.794390 0.335345
C  6.702267 2.114633 0.971670
H  6.721215 3.187637 1.131960
C  -3.073282 -0.941310 1.333413
C  7.895963 1.400583 0.988154
H  8.834194 1.925911 1.143739
C  0.371078 -2.450326 -0.630777
H  1.188301 -1.785914 -0.886084
C  -0.860945 -1.934779 -0.277761
H  -1.010539 -0.862134 -0.262787
C  -3.869757 0.193496 1.052446
C  -0.508210 2.913732 -1.186996
C  3.038566 -6.469770 -1.685094
H  3.036678 -7.468699 -2.112548
C  1.911895 1.995341 0.611654
C  1.712528 3.269865 0.015971
C  1.835197 -5.808058 -1.473887
H  0.889757 -6.284747 -1.704636
C  6.685565 -2.119481 0.383044
C  4.125972 3.506092 0.219524
H  5.026032 4.086484 0.058666
C  7.911975 0.017194 0.795028
C  7.807294 -4.234245 0.378194
C  5.527164 -3.991120 -0.322032
C  -1.906704 3.091517 -1.032784
C  6.647774 -4.823822 -0.118602
C  -2.854332 2.364791 -1.742662
H  -3.908650 2.544427 -1.587854
C  2.891655 4.041512 -0.092133
H  2.820738 5.042882 -0.501498
C  -1.065560 1.139791 -2.814540
H  -0.730075 0.391781 -3.520417
C  -2.422552 1.392333 -2.638125
C  -0.139384 1.898658 -2.110137
C  -2.170519 -0.785950 2.417936
C  6.533682 -6.303966 -0.388368
H  7.521677 -6.730784 -0.589243
H  6.149910 -6.803392 0.513037
C  5.576009 -6.576782 -1.553705
H  5.422109 -7.652232 -1.682591
H  6.031613 -6.206583 -2.483483
C  -2.033086 0.402473 3.124723
H  -1.328522 0.470987 3.942446
C  0.260344 5.229320 -0.487155
C  7.848059 -2.868812 0.648865
C  -5.424231 -3.000588 1.375365
C  -3.758594 1.393906 1.746510
H  -4.374750 2.240045 1.477013
C  0.053660 5.986932 -1.658838
C  9.204988 -0.758621 0.703527
H  10.004908 -0.229094 1.230265
C  -0.143063 7.364935 -1.643770
H  -0.290341 7.907313 -2.568231
C  -2.825238 1.490681 2.772200
C  -4.928395 -3.177104 -0.954905
C  -0.125490 8.026430 -0.420709
C  -6.184957 -3.714752 -1.198953
H  -6.479352 -3.980635 -2.205375
C  0.273224 5.962195 0.721963
C  9.048763 -2.181637 1.251212
C  0.084397 7.338196 0.771419
H  0.081070 7.856966 1.720859
C  -6.690555 -3.534843 1.164146
H  -7.365081 -3.687447 1.996012
C  -7.058504 -3.887057 -0.129323
H  8.686675 -4.847627 0.563551
H  9.955464 -2.767043 1.068458
H  8.919188 -2.131936 2.342000
H  9.506806 -0.814525 -0.352653
C  -3.171556 -2.198212 0.573741
C  0.465891 3.768449 -0.507527

There are 74 heavy atoms.
There are 88 electrons in 74 orbitals.


Carbon 1e params: A = -22.717075 b = 1.705616

Nitrogen 1e params: alphan2 = -17.681338 Acn2 = -24.737202 bcn2 = 1.433639

Chlorine 1e params: alphacl = -10.335674 Accl = -26.021937 bccl=1.451861
C-N1 bond
C-N1 bond
C-N1 bond
C-N1 bond
C-N1 bond
C-N1 bond
C-Cl bond
C-Cl bond
C-Cl bond
C-Cl bond
C-Cl bond
C-Cl bond
C-Cl bond
C-Cl bond
C-Cl bond
C-Cl bond
C-Cl bond
C-Cl bond
C-Cl bond
C-Cl bond
N1 atom 58
N1 atom 59
N1 atom 60
Cl atom 61
Cl atom 62
Cl atom 63
Cl atom 64
Cl atom 65
Cl atom 66
Cl atom 67
Cl atom 68
Cl atom 69
Cl atom 70
Cl atom 71
Cl atom 72
Cl atom 73
Cl atom 74

Carbon 2e params: U = 8.420838 r0 = 1.173157

Nitrogen 2e params: Un2n2 = 17.979843 r0n2n2 = 1.111791

Chlorine 2e params: Uclcl= 9.642991 r0clcl = 2.253316

Mixed 2e params: Ucn2 = 13.200341 Uccl = 9.031915 Un2cl = 13.811417 r0cn2 =1.142474 r0ccl = 1.713237 r0n2cl = 1.682554
[8.42083845 1.00485078 2.84108805 3.80625507 2.06333789 1.03926837
 0.95966606 1.66981799 1.38261834 1.32311807 0.96355767 2.27694207
 0.84574822 1.9947183  0.80442214 2.53662211 2.78095929 1.59849433
 1.17139088 1.48363671 1.18678996 1.0580827  1.86676918 1.01034793
 0.91598189 0.84770668 0.92743179 1.18039043 1.16241118 1.03889904
 1.23143694 0.9357794  1.37511654 1.34409031 1.27392693 1.83416833
 1.02370165 1.10383609 1.46447751 0.91721911 0.91506943 1.84282484
 1.3389408  0.85217539 0.78494814 0.76521542 1.30021233 2.10014895
 0.73367403 1.68524288 0.85824073 0.81357802 0.76966584 1.54740443
 1.501888   2.64971218 1.05115171 5.04666121 1.46475426 1.47169111
 4.44904843 2.06994283 2.14681291 2.86518078 1.52301465 1.76742436
 2.38167612 1.31460928 1.96628061 1.34428203 2.99766059 1.5746459
 0.98569728 1.77448277]

-------------------------------------
Restricted Open-shell PPP Calculation
-------------------------------------

Starting SCF cycle...

Iter   Energy        Dens Change      Energy Change
-----------------------------------------------------
0 -238.87196600703666 0.38642398747737206 -238.87196600703666
1 -276.0443888691989 0.04956951002656784 -37.17242286216222
2 -281.80840542310585 0.015935101121126616 -5.76401655390697
3 -284.28561225901916 0.004824901244573576 -2.4772068359133073
4 -284.9588602527313 0.0018774003829726826 -0.6732479937121525
5 -285.18670376416884 0.0008613239466981892 -0.227843511437527
6 -285.26260584081183 0.0004268726720125793 -0.07590207664298987
7 -285.28696521853686 0.00021006384975874592 -0.024359377725033937
8 -285.2956033032384 0.0001042141422558096 -0.008638084701544813
9 -285.29837536496706 5.1680589532532295e-05 -0.002772061728649078
10 -285.29937666445034 2.5775883257639354e-05 -0.0010012994832777622
11 -285.29970194736046 1.2887151010998465e-05 -0.00032528291012567934
12 -285.29982002106 6.506372841330599e-06 -0.00011807369952521185
13 -285.2998589163952 3.2956821655605317e-06 -3.889533519441102e-05
14 -285.2998730480199 1.6763552868059861e-06 -1.4131624709534663e-05
15 -285.2998777692489 8.554157064910584e-07 -4.721229004189809e-06
16 -285.2998794873687 4.3799410681666373e-07 -1.718119790439232e-06
17 -285.29988007127764 2.2490975315481165e-07 -5.839089567416522e-07
18 -285.29988028553316 1.1581787628944795e-07 -2.1425552176879137e-07
19 -285.29988036045347 5.978982470233873e-08 -7.492030817957129e-08
20 -285.2998803886808 3.093909461959754e-08 -2.8227304937900044e-08
21 -285.29988039911785 1.6044219564026463e-08 -1.043707698045182e-08
22 -285.29988040330005 8.336830004118667e-09 -4.182197699265089e-09
23 -285.29988040500444 4.3399385196707385e-09 -1.7043930711224675e-09
24 -285.2998804057557 2.2691200030067193e-09 -7.512426236644387e-10
25 -285.29988040610425 1.1988767756321295e-09 -3.4856384445447475e-10
26 -285.29988040627154 6.333363833377348e-10 -1.67290181707358e-10
27 -285.29988040635834 3.345578258873161e-10 -8.679990060045384e-11
28 -285.29988040640325 1.7673251750949248e-10 -4.490630090003833e-11
29 -285.29988040642786 9.33678689918338e-11 -2.461320036672987e-11
30 -285.2998804064405 4.9334758500663156e-11 -1.261923898709938e-11
31 -285.2998804064458 2.6073809777926726e-11 -5.343281372915953e-12
32 -285.2998804064502 1.3783751917628706e-11 -4.376943252282217e-12
33 -285.2998804064534 7.288836201269078e-12 -3.183231456205249e-12
34 -285.29988040645367 3.856581720640406e-12 -2.8421709430404007e-13
35 -285.29988040645327 2.0413670753782753e-12 3.979039320256561e-13
36 -285.29988040645736 1.081468248287365e-12 -4.092726157978177e-12
37 -285.29988040645526 5.722089468918057e-13 2.1032064978498966e-12
38 -285.29988040645605 3.042011087472929e-13 -7.958078640513122e-13
39 -285.2998804064545 1.6009416015094757e-13 1.5347723092418164e-12
40 -285.2998804064552 8.58202398035246e-14 -6.821210263296962e-13
41 -285.29988040645475 4.5075054799781356e-14 4.547473508864641e-13
42 -285.2998804064549 2.55351295663786e-14 -1.7053025658242404e-13
43 -285.29988040645554 1.3322676295501878e-14 -6.252776074688882e-13
44 -285.29988040645526 7.271960811294775e-15 2.8421709430404007e-13
45 -285.2998804064541 4.107825191113079e-15 1.1368683772161603e-12
46 -285.2998804064565 3.552713678800501e-15 -2.3874235921539366e-12
47 -285.2998804064555 2.886579864025407e-15 1.0231815394945443e-12
48 -285.2998804064545 3.3306690738754696e-15 9.663381206337363e-13
49 -285.29988040645384 2.55351295663786e-15 6.821210263296962e-13
50 -285.29988040645264 2.886579864025407e-15 1.1937117960769683e-12
51 -285.29988040645594 2.220446049250313e-15 -3.296918293926865e-12
ENERGY0: -285.29988040645594

--------------------------
Converged ROPPP Orbitals
--------------------------

orbital number 1 energy -8.167510891770988
[0.49 0.01 0.32 0.27 0.14 0.01 0.01 0.07 0.05 0.04 0.01 0.09 0.   0.08
 0.   0.19 0.17 0.08 0.   0.04 0.01 0.   0.06 0.03 0.   0.01 0.02 0.04
 0.   0.02 0.   0.   0.   0.   0.   0.08 0.01 0.01 0.06 0.   0.02 0.09
 0.06 0.   0.   0.   0.07 0.09 0.   0.06 0.   0.01 0.   0.06 0.07 0.11
 0.   0.46 0.01 0.04 0.4  0.01 0.07 0.07 0.   0.   0.08 0.   0.   0.
 0.08 0.07 0.   0.07]
orbital number 2 energy -8.06958157609856
[-0.01  0.32 -0.01 -0.01  0.    0.08  0.15  0.01  0.02  0.01  0.07 -0.01
  0.07 -0.01  0.05 -0.   -0.   -0.01  0.11  0.01  0.48  0.26  0.    0.06
  0.18  0.05  0.02  0.05  0.12  0.03  0.09  0.17  0.08  0.11  0.11 -0.01
  0.01  0.   -0.01  0.06  0.04 -0.01 -0.01  0.05  0.01  0.04 -0.01 -0.01
  0.04 -0.01  0.06  0.01  0.04 -0.01 -0.01 -0.01  0.11 -0.01  0.46  0.06
 -0.01  0.38 -0.01 -0.01  0.11  0.09 -0.01  0.05  0.11  0.05 -0.01 -0.01
  0.04 -0.01]
orbital number 3 energy -8.020566169793145
[ 0.17 -0.01  0.12  0.06  0.06  0.   -0.    0.03  0.03  0.02  0.01 -0.19
  0.   -0.18  0.    0.07  0.05 -0.23 -0.01  0.02 -0.02 -0.01  0.03  0.02
 -0.01  0.01  0.01  0.03 -0.01  0.02 -0.01 -0.01 -0.01 -0.01 -0.01 -0.23
  0.01  0.01 -0.19 -0.    0.01 -0.24 -0.19 -0.    0.   -0.   -0.26 -0.24
 -0.   -0.19 -0.    0.   -0.   -0.19 -0.24 -0.07 -0.    0.17 -0.01  0.03
  0.14 -0.01 -0.22 -0.21 -0.01 -0.01 -0.23 -0.   -0.01 -0.   -0.23 -0.26
 -0.   -0.23]
orbital number 4 energy -7.985341658772608
[-0.    0.   -0.   -0.   -0.   -0.   -0.   -0.   -0.   -0.   -0.    0.18
 -0.   -0.18 -0.   -0.   -0.   -0.25  0.   -0.    0.    0.   -0.   -0.
  0.   -0.   -0.   -0.    0.   -0.    0.    0.    0.    0.    0.   -0.24
 -0.   -0.   -0.2   0.   -0.    0.25 -0.21  0.   -0.    0.   -0.28  0.25
  0.    0.2   0.   -0.    0.    0.2   0.27  0.    0.   -0.    0.   -0.
 -0.    0.   -0.23 -0.23  0.    0.    0.24  0.    0.    0.    0.25 -0.29
  0.    0.26]
orbital number 5 energy -7.945399807994573
[-0.01  0.12 -0.   -0.01  0.    0.04  0.06  0.01  0.02  0.01  0.04  0.
  0.03  0.    0.02 -0.   -0.    0.   -0.24  0.01  0.16  0.06  0.    0.05
  0.06  0.03  0.02  0.05 -0.33  0.03 -0.27  0.05 -0.26 -0.37 -0.31  0.
  0.01  0.    0.   -0.04  0.03  0.    0.   -0.05  0.01 -0.03  0.    0.
 -0.04  0.   -0.05  0.01 -0.03  0.    0.   -0.   -0.05 -0.01  0.17  0.06
 -0.01  0.14  0.    0.   -0.32 -0.27  0.   -0.04 -0.38 -0.04  0.    0.
 -0.04  0.  ]
orbital number 6 energy -7.837118875494108
[ 0.07  0.02  0.02  0.04 -0.05 -0.1  -0.05 -0.1  -0.2  -0.11 -0.2  -0.
 -0.05 -0.   -0.06  0.02  0.02 -0.01 -0.02 -0.07  0.08  0.05 -0.05 -0.37
  0.02 -0.11 -0.19 -0.37 -0.04 -0.24 -0.04  0.03 -0.04 -0.06 -0.04 -0.01
 -0.08 -0.05 -0.01  0.11 -0.24 -0.01 -0.01  0.14 -0.05  0.11 -0.01 -0.01
  0.15 -0.01  0.15 -0.07  0.11 -0.01 -0.01  0.01  0.03  0.05  0.06 -0.45
  0.07  0.07 -0.01 -0.01 -0.04 -0.04 -0.01  0.13 -0.06  0.14 -0.01 -0.01
  0.14 -0.01]
orbital number 7 energy -7.825276139790912
[-0.03 -0.05 -0.01 -0.02  0.03  0.03  0.    0.05  0.09  0.05  0.08  0.
  0.01  0.    0.02 -0.01 -0.01  0.   -0.02  0.03 -0.09 -0.03  0.02  0.16
 -0.03  0.05  0.08  0.17 -0.04  0.11 -0.04 -0.02 -0.04 -0.06 -0.04  0.
  0.03  0.02  0.    0.24  0.11  0.    0.    0.31  0.02  0.25  0.    0.
  0.34  0.    0.33  0.03  0.26  0.    0.   -0.    0.03 -0.02 -0.08  0.2
 -0.03 -0.08  0.    0.   -0.04 -0.03  0.    0.29 -0.06  0.32  0.    0.
  0.33  0.  ]
orbital number 8 energy -7.088216744045055
[-0.01  0.   -0.03  0.03 -0.03  0.01  0.01 -0.02 -0.02 -0.02  0.02  0.08
  0.01  0.19  0.01 -0.01  0.01  0.23 -0.   -0.02 -0.   -0.   -0.02  0.01
  0.    0.01  0.   -0.   -0.   -0.    0.   -0.    0.    0.   -0.    0.17
 -0.   -0.01 -0.08 -0.    0.01  0.06 -0.05 -0.    0.01  0.   -0.34  0.09
  0.   -0.04 -0.    0.    0.   -0.05 -0.17  0.08 -0.   -0.03 -0.    0.01
 -0.01 -0.01  0.37  0.26 -0.   -0.    0.1  -0.    0.01 -0.    0.14 -0.61
  0.   -0.28]
orbital number 9 energy -7.050193404081418
[ 0.   -0.    0.01 -0.01  0.01 -0.   -0.    0.01  0.01  0.01 -0.01 -0.09
 -0.    0.04 -0.    0.   -0.    0.08  0.    0.01  0.    0.    0.01 -0.
 -0.   -0.   -0.    0.    0.01  0.   -0.    0.   -0.   -0.01  0.    0.04
  0.    0.   -0.02  0.   -0.    0.19 -0.    0.   -0.   -0.   -0.09 -0.39
 -0.   -0.09  0.   -0.   -0.    0.17  0.2  -0.01  0.    0.01 -0.   -0.
 -0.    0.    0.13  0.06  0.01  0.    0.32  0.   -0.01  0.   -0.67 -0.16
 -0.    0.34]
orbital number 10 energy -7.043853231522629
[ 0.01  0.03 -0.01  0.   -0.02  0.03  0.03 -0.02 -0.02 -0.02  0.03  0.
  0.03 -0.    0.02 -0.    0.   -0.01 -0.2  -0.02  0.01 -0.03 -0.02  0.01
  0.01  0.03 -0.   -0.02 -0.31 -0.01  0.02 -0.01  0.1   0.35 -0.11 -0.
 -0.01 -0.01  0.   -0.03  0.    0.01  0.   -0.01  0.01  0.02  0.01 -0.01
  0.05 -0.01 -0.01  0.    0.02  0.   -0.    0.   -0.07  0.    0.03 -0.01
  0.01  0.01 -0.01 -0.   -0.51 -0.16  0.02 -0.02  0.64 -0.02 -0.02  0.01
  0.08 -0.01]
orbital number 11 energy -7.037759614399136
[ 0.   -0.    0.01 -0.01  0.01 -0.01 -0.01  0.01  0.01  0.01 -0.01 -0.14
 -0.01  0.05 -0.01  0.   -0.    0.1  -0.01  0.01  0.    0.    0.01 -0.01
 -0.   -0.01 -0.    0.   -0.01  0.    0.    0.    0.    0.01 -0.    0.05
  0.    0.   -0.02 -0.   -0.   -0.35 -0.01 -0.   -0.    0.   -0.11  0.04
  0.    0.15 -0.   -0.    0.   -0.02  0.3  -0.03 -0.    0.01  0.   -0.
  0.    0.    0.16  0.09 -0.02 -0.01 -0.6  -0.    0.02 -0.    0.06 -0.2
  0.    0.52]
orbital number 12 energy -7.005509306017928
[ 0.    0.   -0.    0.   -0.01  0.    0.   -0.01 -0.01 -0.    0.   -0.01
  0.    0.03  0.   -0.    0.   -0.32  0.   -0.   -0.   -0.   -0.    0.
  0.    0.    0.   -0.    0.   -0.    0.   -0.   -0.   -0.    0.    0.38
 -0.   -0.    0.15 -0.    0.   -0.   -0.16 -0.    0.    0.   -0.04 -0.01
  0.    0.   -0.    0.    0.    0.    0.01  0.01 -0.   -0.   -0.    0.
  0.   -0.   -0.55  0.63  0.    0.   -0.01 -0.   -0.   -0.   -0.02 -0.08
  0.    0.03]
orbital number 13 energy -6.960749761519883
[ 0.12  0.09 -0.11  0.05 -0.28  0.24  0.23 -0.27 -0.3  -0.28  0.28 -0.01
  0.21 -0.01  0.22 -0.05 -0.   -0.01  0.01 -0.25 -0.1  -0.05 -0.25  0.15
  0.04  0.26  0.01 -0.13  0.05 -0.07  0.01 -0.01 -0.02 -0.02 -0.01 -0.02
 -0.05 -0.1  -0.   -0.01  0.09 -0.02  0.   -0.    0.1   0.01  0.01 -0.01
  0.02  0.   -0.01  0.05  0.    0.    0.02  0.02 -0.02  0.   -0.02  0.02
  0.19 -0.16 -0.01 -0.03  0.08 -0.02 -0.03 -0.01 -0.04 -0.02 -0.03  0.03
  0.04  0.04]
orbital number 14 energy -6.907407751464044
[-0.01  0.01  0.01 -0.01  0.03 -0.01 -0.01  0.03  0.03  0.03 -0.02  0.
 -0.01  0.   -0.01  0.01  0.    0.   -0.06  0.02  0.01 -0.01  0.02 -0.02
  0.   -0.02 -0.    0.01  0.21  0.    0.12 -0.01 -0.12  0.06 -0.32  0.
  0.    0.01  0.   -0.09 -0.01  0.   -0.    0.04 -0.01  0.11 -0.    0.
  0.2  -0.   -0.23 -0.01 -0.01 -0.   -0.   -0.   -0.04  0.    0.02 -0.01
 -0.02  0.02  0.    0.    0.39 -0.5   0.    0.06  0.12 -0.4   0.   -0.
  0.34 -0.  ]
orbital number 15 energy -6.898628797576462
[-0.    0.    0.   -0.    0.    0.   -0.    0.    0.    0.    0.    0.
 -0.    0.    0.    0.    0.    0.   -0.06  0.   -0.    0.    0.    0.
  0.    0.    0.    0.    0.14  0.    0.09  0.   -0.09  0.07 -0.27  0.
  0.   -0.   -0.    0.09  0.    0.   -0.   -0.1  -0.   -0.14 -0.   -0.
 -0.21 -0.    0.3   0.    0.04  0.   -0.   -0.    0.    0.   -0.   -0.
 -0.   -0.    0.    0.    0.25 -0.43  0.   -0.16  0.15  0.53 -0.   -0.
 -0.36 -0.  ]
orbital number 16 energy -6.85573160027692
[-0.    0.01  0.01 -0.    0.01 -0.    0.    0.01  0.01  0.01 -0.    0.
  0.    0.   -0.    0.    0.    0.    0.01  0.01  0.01 -0.01  0.01 -0.01
  0.   -0.   -0.    0.    0.   -0.   -0.01 -0.    0.01 -0.02  0.05  0.
  0.    0.    0.   -0.13 -0.    0.   -0.   -0.4  -0.   -0.06 -0.    0.
  0.26 -0.    0.1  -0.    0.16 -0.   -0.   -0.   -0.03  0.    0.01 -0.
 -0.01  0.01  0.    0.    0.01  0.08  0.   -0.67 -0.05  0.19  0.   -0.
  0.46 -0.  ]
orbital number 17 energy -6.676888557580656
[ 0.11 -0.16 -0.16  0.04 -0.27 -0.24 -0.3  -0.2  -0.13 -0.18 -0.18  0.
 -0.27  0.   -0.25 -0.09 -0.03 -0.    0.   -0.21  0.13  0.06 -0.24  0.11
 -0.08 -0.23  0.13  0.14 -0.    0.15  0.   -0.02 -0.    0.   -0.01 -0.
  0.04 -0.05 -0.   -0.    0.13 -0.   -0.   -0.01 -0.07 -0.    0.   -0.
  0.01 -0.   -0.01  0.02  0.   -0.    0.    0.02  0.02 -0.04 -0.02  0.2
  0.25  0.24 -0.01 -0.01 -0.01 -0.02 -0.01 -0.02  0.01 -0.01 -0.01  0.01
  0.01  0.01]
orbital number 18 energy -6.127029440423204
[-0.12 -0.15  0.32  0.09  0.05 -0.01 -0.09 -0.08 -0.19 -0.22  0.08  0.01
 -0.04  0.01  0.01  0.31  0.23 -0.   -0.   -0.16  0.07 -0.01 -0.06  0.11
 -0.13  0.06  0.04 -0.07  0.   -0.03 -0.   -0.08 -0.   -0.    0.   -0.
 -0.04 -0.09 -0.   -0.    0.1  -0.   -0.    0.    0.04  0.    0.   -0.
 -0.   -0.    0.    0.05  0.   -0.    0.    0.05 -0.01  0.21 -0.08  0.04
 -0.61  0.25 -0.01 -0.01  0.    0.   -0.01  0.   -0.    0.   -0.01  0.
 -0.    0.  ]
orbital number 19 energy -5.985597674526447
[ 0.03 -0.32 -0.1  -0.06  0.05  0.08 -0.04  0.06  0.05  0.11  0.18 -0.01
  0.08 -0.01  0.18 -0.12 -0.11  0.   -0.01  0.12  0.12 -0.09  0.1   0.01
 -0.31  0.24 -0.08 -0.09  0.   -0.11  0.   -0.23  0.   -0.    0.    0.
 -0.03  0.03  0.   -0.01 -0.03  0.    0.    0.    0.1   0.   -0.    0.
 -0.    0.    0.    0.02  0.    0.   -0.   -0.03 -0.05 -0.08 -0.2  -0.07
  0.22  0.6   0.01  0.01  0.02  0.02  0.01  0.01 -0.    0.01  0.01 -0.
 -0.   -0.  ]
orbital number 20 energy -5.371817582696664
[ 0.   -0.04  0.21 -0.42  0.18 -0.02 -0.1   0.03 -0.13 -0.15  0.06 -0.18
 -0.1  -0.17 -0.05 -0.12 -0.37 -0.03  0.05 -0.04  0.    0.14  0.09  0.12
  0.06  0.03  0.03 -0.11  0.01 -0.09  0.01  0.13  0.01  0.    0.   -0.02
 -0.08 -0.09 -0.03  0.04  0.13 -0.03 -0.03  0.    0.04  0.   -0.01 -0.03
  0.   -0.03  0.    0.07  0.   -0.03 -0.01 -0.35  0.1   0.25 -0.04  0.01
  0.07 -0.07  0.17  0.17 -0.05 -0.05  0.17 -0.04 -0.01 -0.04  0.17  0.05
 -0.01  0.05]
orbital number 21 energy -5.266589687299673
[ 0.01  0.2   0.09 -0.15 -0.01  0.03  0.18 -0.   -0.   -0.06 -0.13 -0.08
  0.09 -0.08 -0.04 -0.02 -0.12 -0.02 -0.2  -0.09  0.   -0.41 -0.07 -0.09
 -0.12 -0.16  0.09  0.08 -0.04  0.15 -0.04 -0.36 -0.03 -0.01 -0.02 -0.01
  0.07  0.   -0.02 -0.14 -0.02 -0.02 -0.02 -0.02 -0.09 -0.02 -0.01 -0.02
 -0.01 -0.02 -0.02 -0.05 -0.02 -0.02 -0.01 -0.14 -0.34  0.14  0.24 -0.02
 -0.03  0.08  0.08  0.08  0.19  0.2   0.08  0.14  0.05  0.13  0.08  0.03
  0.03  0.03]
orbital number 22 energy -5.202300345758612
[-0.   -0.02 -0.01  0.01  0.01 -0.05 -0.01 -0.05 -0.09  0.06 -0.08  0.01
  0.06  0.01  0.09  0.    0.01  0.    0.02  0.09 -0.    0.04  0.07 -0.16
  0.01  0.07  0.54 -0.17  0.    0.37  0.01  0.03  0.    0.    0.    0.
  0.23  0.13  0.    0.01  0.37  0.    0.    0.    0.14  0.    0.    0.
  0.    0.    0.    0.23  0.    0.    0.    0.01  0.03 -0.01 -0.03 -0.43
  0.01 -0.   -0.01 -0.01 -0.02 -0.02 -0.01 -0.01 -0.01 -0.01 -0.01 -0.
 -0.   -0.  ]
orbital number 23 energy -5.004851540767619
[-0.04  0.09 -0.04  0.03  0.17  0.   -0.13  0.   -0.17 -0.02  0.13  0.11
 -0.26  0.09 -0.22 -0.03  0.    0.04 -0.13  0.19  0.03 -0.11  0.27  0.27
  0.01 -0.03  0.02 -0.27 -0.04 -0.25 -0.06 -0.07 -0.05 -0.03 -0.03  0.03
 -0.16 -0.09  0.05 -0.09  0.28  0.04  0.05 -0.02  0.06 -0.03  0.03  0.04
 -0.01  0.06 -0.02  0.16 -0.03  0.06  0.03  0.1  -0.15 -0.13  0.18 -0.
  0.1  -0.1  -0.11 -0.11  0.14  0.14 -0.12  0.09  0.08  0.09 -0.12 -0.08
  0.04 -0.08]
orbital number 24 energy -4.834508311732884
[ 0.03 -0.    0.1  -0.21  0.06  0.    0.06  0.06  0.01 -0.1  -0.05  0.21
  0.08  0.13  0.04 -0.19 -0.33  0.07  0.05 -0.12 -0.01 -0.01 -0.05 -0.07
 -0.02 -0.02  0.02  0.07  0.03  0.08  0.04 -0.02  0.04  0.03  0.02  0.07
  0.02 -0.04  0.14  0.02 -0.05  0.12  0.14  0.01 -0.03  0.01  0.09  0.12
  0.01  0.22  0.01 -0.04  0.01  0.22  0.13  0.02  0.03  0.23 -0.02  0.01
 -0.07  0.03 -0.19 -0.19 -0.07 -0.07 -0.29 -0.03 -0.06 -0.03 -0.3  -0.2
 -0.02 -0.31]
orbital number 25 energy -4.824434351910802
[ 0.01 -0.    0.01 -0.03  0.01  0.    0.01  0.01  0.   -0.01 -0.01 -0.18
  0.01  0.23  0.01 -0.03 -0.05  0.14  0.01 -0.02 -0.   -0.   -0.01 -0.01
 -0.   -0.    0.    0.01  0.    0.01  0.01 -0.    0.01  0.    0.    0.13
  0.   -0.01  0.27  0.   -0.01 -0.11  0.27  0.   -0.    0.    0.17 -0.11
  0.   -0.2   0.   -0.01  0.   -0.19 -0.11  0.01  0.    0.03 -0.    0.
 -0.01  0.   -0.35 -0.35 -0.01 -0.01  0.25 -0.   -0.01 -0.    0.26 -0.37
 -0.    0.27]
orbital number 26 energy -4.749633098930992
[ 0.02 -0.09  0.02 -0.03 -0.04 -0.06 -0.08  0.01  0.05  0.01 -0.01  0.01
  0.03  0.01  0.11 -0.03 -0.05  0.01 -0.24 -0.05 -0.02  0.19 -0.08 -0.06
  0.15  0.11 -0.02  0.06 -0.16  0.04 -0.31  0.27 -0.28 -0.19 -0.13  0.01
  0.03  0.02  0.02  0.   -0.07  0.01  0.02  0.    0.05  0.    0.01  0.01
  0.    0.02  0.   -0.01  0.    0.02  0.01 -0.01 -0.01  0.07 -0.18 -0.01
 -0.04  0.04 -0.02 -0.02  0.37  0.38 -0.02 -0.    0.39 -0.   -0.02 -0.03
 -0.   -0.03]
orbital number 27 energy -4.671374480531452
[ 0.01 -0.04  0.   -0.01 -0.02 -0.04 -0.06  0.    0.03  0.01  0.    0.
  0.    0.    0.06 -0.01 -0.02  0.    0.03 -0.02 -0.01  0.1  -0.04 -0.03
  0.1   0.07 -0.02  0.02  0.03  0.01  0.07  0.17  0.06  0.04  0.03  0.
  0.01  0.01  0.   -0.29 -0.03  0.    0.   -0.16  0.04 -0.3   0.    0.
 -0.18  0.   -0.18  0.   -0.31  0.    0.   -0.   -0.04  0.03 -0.1  -0.
 -0.02  0.02 -0.   -0.   -0.07 -0.07 -0.    0.41 -0.08  0.41 -0.   -0.01
  0.43 -0.01]
orbital number 28 energy -4.45012765880904
[-0.18 -0.01  0.04 -0.03  0.37  0.02  0.13  0.31 -0.01 -0.38 -0.11 -0.
  0.14 -0.01  0.04  0.21  0.18  0.    0.   -0.27 -0.06  0.02  0.07 -0.06
  0.06 -0.11  0.1   0.06 -0.    0.09 -0.01  0.07 -0.01 -0.01 -0.    0.
 -0.09 -0.26  0.02 -0.    0.03  0.    0.02 -0.   -0.07 -0.01  0.01  0.
 -0.01  0.01 -0.   -0.03 -0.01  0.01  0.01 -0.03  0.01 -0.34 -0.14 -0.01
  0.31  0.11 -0.01 -0.01  0.    0.   -0.01  0.01  0.01  0.01 -0.01 -0.02
  0.01 -0.02]
orbital number 29 energy -4.4102638806265855
[-0.03 -0.01  0.01 -0.01  0.05 -0.36 -0.34  0.17  0.14 -0.08 -0.06 -0.
 -0.03 -0.    0.29  0.03  0.03  0.   -0.01 -0.18  0.16 -0.01 -0.12 -0.08
 -0.17  0.36 -0.06  0.08  0.   -0.01  0.01 -0.18  0.01  0.01  0.    0.
 -0.05 -0.07  0.    0.   -0.06  0.    0.    0.    0.29  0.01  0.    0.
  0.01  0.    0.    0.13  0.01  0.    0.   -0.   -0.01 -0.05  0.34  0.
  0.05 -0.3  -0.   -0.   -0.   -0.   -0.   -0.   -0.01 -0.01 -0.   -0.
 -0.01 -0.  ]
orbital number 30 energy -4.124074516824447
[-0.14 -0.02  0.12 -0.16 -0.14  0.01 -0.03 -0.23 -0.1   0.13  0.04 -0.19
 -0.03 -0.2   0.    0.38  0.25 -0.01  0.02  0.14  0.04  0.03  0.01  0.01
 -0.07  0.03 -0.05  0.01 -0.    0.03 -0.02 -0.05 -0.02 -0.02 -0.   -0.
  0.12  0.15  0.18  0.01 -0.08  0.    0.18 -0.   -0.02 -0.02  0.17  0.
 -0.02  0.18 -0.   -0.07 -0.02  0.18  0.17 -0.33  0.04 -0.12  0.05  0.04
  0.2  -0.06  0.01  0.01  0.    0.    0.    0.    0.03  0.   -0.   -0.22
  0.02 -0.23]
orbital number 31 energy -4.0226648605775575
[ 0.01 -0.12 -0.01  0.02  0.07  0.12  0.11 -0.04 -0.1  -0.08  0.02  0.05
  0.08  0.05 -0.03 -0.06 -0.04  0.    0.25  0.04  0.15  0.15  0.11  0.
 -0.39 -0.11  0.04  0.01  0.01  0.07 -0.21 -0.26 -0.2  -0.2   0.01  0.
  0.03 -0.02 -0.04  0.14 -0.03  0.   -0.04 -0.01 -0.15 -0.15 -0.04  0.
 -0.14 -0.04 -0.01 -0.12 -0.16 -0.04 -0.04  0.07  0.33 -0.    0.15  0.01
 -0.01 -0.22 -0.01 -0.01 -0.02 -0.02 -0.    0.01  0.25  0.01 -0.    0.05
  0.2   0.05]
orbital number 32 energy -4.0123139700911
[ 0.01  0.01 -0.01  0.01  0.03 -0.35 -0.   -0.3  -0.33 -0.07 -0.34  0.03
  0.34  0.03  0.34 -0.04 -0.03  0.   -0.03  0.3  -0.02 -0.02  0.35  0.04
  0.05 -0.03 -0.03  0.07 -0.   -0.    0.02  0.04  0.02  0.02 -0.    0.
 -0.05 -0.08 -0.02 -0.02 -0.01  0.   -0.02  0.   -0.04  0.02 -0.02  0.
  0.02 -0.02  0.   -0.02  0.02 -0.02 -0.02  0.04 -0.04  0.01 -0.03  0.25
 -0.01  0.03 -0.   -0.    0.    0.   -0.   -0.   -0.03 -0.   -0.    0.03
 -0.02  0.03]
orbital number 33 energy -3.7181988114154056
[ 0.07  0.04 -0.06  0.06 -0.15 -0.13  0.16  0.12  0.26  0.19 -0.29 -0.11
  0.26 -0.11  0.06 -0.02  0.05 -0.02  0.13 -0.04 -0.05 -0.04 -0.21  0.1
 -0.01 -0.21  0.02 -0.1   0.02 -0.31 -0.07 -0.05 -0.08 -0.08  0.02 -0.02
 -0.29 -0.08  0.06  0.07  0.32 -0.02  0.06  0.01  0.04 -0.05  0.07 -0.02
 -0.05  0.07  0.01  0.27 -0.05  0.07  0.07 -0.08  0.1   0.05 -0.05  0.
 -0.08  0.07  0.03  0.03 -0.03 -0.03  0.02 -0.01  0.09 -0.01  0.03 -0.08
  0.07 -0.08]
orbital number 34 energy -3.4056201389408156
[-0.01  0.    0.01 -0.02 -0.01 -0.    0.   -0.    0.    0.01 -0.    0.
  0.    0.02  0.    0.01 -0.   -0.01  0.   -0.   -0.   -0.   -0.01  0.
  0.   -0.   -0.   -0.    0.   -0.01 -0.   -0.   -0.   -0.    0.    0.02
  0.    0.01  0.01  0.    0.   -0.34 -0.03  0.    0.   -0.   -0.01  0.34
 -0.    0.52  0.    0.01 -0.   -0.52 -0.01  0.    0.   -0.   -0.    0.
  0.01  0.    0.01 -0.02 -0.   -0.    0.34 -0.    0.   -0.   -0.34  0.01
  0.    0.01]
orbital number 35 energy -3.3979373889836983
[-0.    0.    0.   -0.01 -0.   -0.    0.   -0.    0.    0.   -0.    0.04
  0.   -0.02  0.    0.   -0.   -0.34  0.   -0.   -0.   -0.   -0.    0.
  0.   -0.   -0.   -0.    0.   -0.   -0.   -0.   -0.   -0.    0.    0.33
  0.    0.    0.53  0.    0.    0.02 -0.51  0.    0.   -0.    0.02 -0.
 -0.   -0.04  0.    0.   -0.    0.   -0.02  0.    0.    0.   -0.    0.
  0.    0.    0.34 -0.33 -0.   -0.   -0.02 -0.    0.   -0.    0.   -0.02
  0.    0.02]
orbital number 36 energy -3.3343691258807517
[-0.02  0.01  0.02 -0.03 -0.01 -0.01 -0.   -0.01  0.    0.01 -0.    0.02
 -0.    0.02 -0.    0.02 -0.    0.01  0.03 -0.   -0.01 -0.01 -0.01  0.
  0.01  0.   -0.01 -0.    0.34 -0.01  0.5  -0.   -0.54 -0.03 -0.32  0.01
  0.01  0.01 -0.01 -0.02  0.    0.01 -0.01 -0.    0.01  0.01 -0.01  0.01
  0.01 -0.01 -0.01  0.01  0.01 -0.01 -0.01  0.   -0.   -0.   -0.    0.
  0.02  0.01 -0.01 -0.   -0.34  0.34 -0.01  0.01  0.03  0.01 -0.01  0.01
 -0.01  0.01]
orbital number 37 energy -3.326825617580833
[-0.23  0.08  0.26 -0.36 -0.1  -0.07  0.01 -0.09  0.03  0.15 -0.07  0.29
  0.02  0.24 -0.    0.3  -0.05  0.09  0.11 -0.03 -0.07 -0.1  -0.17  0.05
  0.08 -0.02 -0.08 -0.05  0.01 -0.1  -0.09 -0.02 -0.01 -0.07  0.06  0.07
  0.07  0.18 -0.12  0.05  0.05  0.11 -0.09  0.01  0.08 -0.03 -0.15  0.08
 -0.03 -0.16  0.02  0.11 -0.02 -0.11 -0.18  0.03  0.02 -0.02 -0.02  0.04
  0.23  0.08 -0.09 -0.07 -0.01 -0.06 -0.11 -0.01  0.06 -0.02 -0.07  0.14
  0.03  0.18]
orbital number 38 energy -3.27039424364353
[ 0.01 -0.01 -0.02  0.02  0.    0.01  0.    0.01  0.   -0.01  0.    0.42
  0.   -0.46  0.   -0.02  0.   -0.13 -0.02  0.    0.01  0.01  0.01 -0.
 -0.01 -0.    0.01  0.   -0.    0.    0.01  0.    0.01  0.01 -0.01 -0.18
 -0.01 -0.01  0.16 -0.01  0.    0.13  0.24 -0.   -0.01  0.    0.28  0.15
  0.   -0.18 -0.   -0.01  0.   -0.21 -0.26 -0.   -0.    0.    0.   -0.
 -0.02 -0.01  0.13  0.17  0.    0.01 -0.13  0.   -0.01  0.   -0.14 -0.26
 -0.    0.25]
orbital number 39 energy -3.2353077187216384
[ 0.05  0.24 -0.06  0.09  0.05 -0.05 -0.08 -0.02 -0.07 -0.09  0.04 -0.05
 -0.18 -0.07 -0.06 -0.08  0.01 -0.03  0.35  0.02 -0.2  -0.32  0.1  -0.09
  0.26  0.14 -0.05  0.09  0.11  0.09 -0.16 -0.04 -0.14 -0.21  0.12 -0.02
  0.05 -0.04  0.03  0.08 -0.12 -0.02  0.03 -0.11  0.19 -0.24  0.04 -0.02
 -0.06  0.03  0.16  0.07  0.16  0.02  0.03  0.    0.02 -0.   -0.02  0.03
 -0.05  0.21  0.02  0.02 -0.1  -0.12  0.02  0.11  0.19 -0.15  0.01 -0.04
  0.06 -0.03]
orbital number 40 energy -3.222876457013196
[ 0.02  0.1  -0.02  0.03  0.02 -0.02 -0.03 -0.01 -0.03 -0.04  0.01 -0.02
 -0.07 -0.02 -0.02 -0.03  0.   -0.01  0.15  0.01 -0.09 -0.13  0.04 -0.04
  0.11  0.06 -0.02  0.04  0.05  0.03 -0.07 -0.02 -0.06 -0.09  0.05 -0.01
  0.02 -0.01  0.01  0.03 -0.05 -0.01  0.01  0.32  0.08  0.47  0.02 -0.01
 -0.01  0.01 -0.31  0.03 -0.49  0.01  0.01  0.    0.01 -0.   -0.01  0.01
 -0.02  0.09  0.01  0.01 -0.04 -0.05  0.01 -0.32  0.08  0.3   0.01 -0.01
  0.01 -0.01]
orbital number 41 energy -3.1331067899340974
[ 0.    0.06 -0.01  0.01  0.01 -0.01 -0.01 -0.01 -0.01 -0.02  0.   -0.01
 -0.04 -0.01 -0.02 -0.01  0.   -0.   -0.28  0.01 -0.05 -0.08  0.02 -0.02
  0.06  0.03 -0.02  0.02 -0.08  0.02  0.14 -0.02  0.09  0.17 -0.11 -0.
  0.01 -0.    0.    0.54 -0.03 -0.    0.    0.19  0.06 -0.24  0.   -0.
 -0.34  0.    0.17  0.03 -0.27  0.    0.    0.    0.02 -0.   -0.01  0.01
 -0.    0.05  0.    0.    0.08  0.11  0.   -0.18 -0.15 -0.16  0.   -0.
  0.33 -0.  ]
orbital number 42 energy -2.710937339800675
[-0.03 -0.05  0.04 -0.09 -0.16  0.21  0.15 -0.2   0.06  0.01 -0.04  0.04
 -0.09  0.04 -0.2   0.09  0.01  0.02 -0.05  0.21  0.04  0.1   0.09 -0.29
 -0.1  -0.01  0.03  0.29 -0.02  0.13  0.02 -0.01  0.02  0.03 -0.02  0.02
 -0.35 -0.42 -0.02 -0.04 -0.12  0.02 -0.02 -0.02  0.35  0.02 -0.03  0.02
  0.03 -0.02 -0.02  0.29  0.02 -0.01 -0.03 -0.04  0.03  0.04 -0.03 -0.01
  0.02 -0.03 -0.02 -0.02  0.02  0.02 -0.02  0.02 -0.03  0.02 -0.02  0.02
 -0.02  0.02]
orbital number 43 energy -2.575458793348391
[ 0.02 -0.04 -0.03  0.08  0.16  0.08  0.2   0.05 -0.15 -0.12 -0.17 -0.04
  0.06 -0.04 -0.17 -0.08 -0.01 -0.02 -0.06 -0.13  0.04  0.11  0.05 -0.02
 -0.11 -0.14 -0.29  0.01 -0.03 -0.07  0.02 -0.02  0.02  0.04 -0.03 -0.02
  0.38  0.35  0.01 -0.05 -0.06 -0.02  0.01 -0.02  0.38  0.02  0.02 -0.02
  0.03  0.01 -0.02  0.43  0.02  0.01  0.02  0.04  0.05 -0.04 -0.05  0.15
 -0.02 -0.03  0.02  0.01  0.02  0.02  0.02  0.02 -0.03  0.02  0.01 -0.02
 -0.03 -0.02]
orbital number 44 energy 0.0
[-0.25  0.    0.3   0.01  0.02  0.01  0.   -0.11 -0.01  0.09 -0.   -0.08
 -0.01 -0.08 -0.    0.04 -0.29 -0.18 -0.   -0.01 -0.    0.   -0.09 -0.02
 -0.    0.01  0.03  0.02 -0.   -0.    0.   -0.    0.    0.   -0.   -0.18
 -0.08  0.01  0.02 -0.   -0.   -0.18  0.02 -0.    0.    0.    0.17 -0.18
  0.    0.02 -0.   -0.01  0.    0.02  0.17  0.66  0.   -0.06 -0.    0.
  0.13  0.    0.1   0.1   0.    0.    0.1   0.   -0.    0.    0.1  -0.09
 -0.   -0.09]
orbital number 45 energy 0.11391764164916562
[ 0.    0.3  -0.    0.    0.   -0.12  0.02  0.01 -0.    0.01 -0.01  0.
 -0.1   0.   -0.01 -0.    0.    0.   -0.09 -0.   -0.24  0.01 -0.01  0.03
  0.03  0.09  0.03 -0.03 -0.21 -0.    0.03 -0.29  0.02  0.2  -0.21  0.
 -0.01  0.   -0.   -0.07 -0.    0.   -0.   -0.15  0.01  0.02 -0.    0.
  0.14 -0.   -0.15 -0.09  0.02 -0.   -0.   -0.    0.66 -0.   -0.06  0.01
 -0.    0.13 -0.   -0.    0.11  0.12 -0.    0.08 -0.1   0.08 -0.    0.
 -0.08  0.  ]
orbital number 46 energy 1.923543343511862
[-0.01 -0.02 -0.03 -0.07 -0.18  0.01 -0.16  0.04  0.17 -0.14  0.16  0.01
  0.08  0.01  0.12  0.08 -0.01 -0.03  0.01  0.15 -0.01 -0.06  0.07  0.08
  0.07 -0.14 -0.35  0.03 -0.03  0.09 -0.   -0.01 -0.    0.03 -0.03 -0.02
  0.42 -0.39 -0.    0.    0.07 -0.03 -0.   -0.02 -0.32 -0.    0.03 -0.02
  0.02 -0.   -0.02  0.37 -0.   -0.    0.03  0.08  0.08  0.05  0.05 -0.19
  0.01  0.01  0.01  0.01  0.01  0.01  0.01  0.01 -0.01  0.01  0.01 -0.01
 -0.01 -0.01]
orbital number 47 energy 2.171225691979383
[ 0.   -0.04  0.03  0.06  0.14  0.2  -0.17 -0.2  -0.03 -0.    0.07 -0.01
 -0.08 -0.01  0.22 -0.06  0.    0.02  0.01 -0.19 -0.01 -0.07  0.1  -0.28
  0.08 -0.03 -0.03  0.3  -0.03 -0.1  -0.   -0.01 -0.01  0.03 -0.03  0.02
 -0.3   0.36  0.    0.01  0.12  0.02  0.   -0.02 -0.41 -0.   -0.02  0.02
  0.02  0.   -0.02  0.36 -0.    0.   -0.02 -0.06  0.08 -0.04  0.05 -0.02
 -0.    0.   -0.01 -0.01  0.01  0.01 -0.01  0.01 -0.01  0.01 -0.01  0.01
 -0.01  0.01]
orbital number 48 energy 2.9433379483771773
[-0.06 -0.13  0.19  0.21  0.22 -0.02 -0.18 -0.   -0.22  0.29  0.2  -0.06
  0.26 -0.06 -0.04 -0.16 -0.05  0.06  0.05  0.04  0.03 -0.15 -0.32  0.13
  0.12 -0.24 -0.01 -0.14 -0.05  0.28 -0.02  0.03 -0.02  0.07 -0.05  0.06
 -0.13 -0.11  0.02  0.03 -0.27  0.06  0.02 -0.03  0.06 -0.01 -0.08  0.06
  0.04  0.02 -0.03  0.16 -0.01  0.02 -0.08 -0.11  0.09 -0.12  0.09  0.01
  0.02 -0.01 -0.02 -0.02  0.02  0.02 -0.02  0.01 -0.03  0.01 -0.02  0.03
 -0.02  0.03]
orbital number 49 energy 3.186203747033999
[ 0.09 -0.23 -0.27 -0.28 -0.16  0.21 -0.19  0.29 -0.1  -0.14  0.01  0.1
  0.12  0.1   0.07  0.17  0.1  -0.08  0.1   0.12  0.08 -0.24  0.04 -0.04
  0.17 -0.18  0.17 -0.08 -0.09 -0.01 -0.04  0.07 -0.05  0.13 -0.08 -0.08
 -0.13  0.18 -0.04  0.05 -0.13 -0.08 -0.04 -0.05  0.14 -0.02  0.12 -0.08
  0.07 -0.04 -0.05 -0.02 -0.02 -0.04  0.12  0.11  0.11  0.15  0.14  0.13
 -0.03 -0.03  0.03  0.03  0.04  0.03  0.03  0.02 -0.05  0.02  0.03 -0.04
 -0.03 -0.04]
orbital number 50 energy 3.251298665624299
[-0.02  0.06  0.04  0.04  0.02  0.27  0.04  0.28 -0.27  0.08 -0.27 -0.02
 -0.36 -0.02  0.28 -0.03 -0.01  0.01 -0.03  0.28 -0.02  0.07 -0.33 -0.17
 -0.04  0.12  0.09 -0.14  0.03 -0.05  0.01 -0.03  0.01 -0.04  0.02  0.01
  0.13 -0.16  0.01 -0.01 -0.02  0.01  0.01  0.01 -0.19  0.01 -0.02  0.01
 -0.02  0.01  0.01  0.14  0.01  0.01 -0.02 -0.02 -0.03 -0.02 -0.04  0.3
  0.01  0.01 -0.   -0.   -0.01 -0.01 -0.   -0.01  0.01 -0.01 -0.    0.01
  0.01  0.01]
orbital number 51 energy 3.420363841403381
[-0.06 -0.24  0.17  0.17  0.01  0.31 -0.07 -0.21  0.2   0.   -0.23 -0.08
 -0.07 -0.08  0.13 -0.07 -0.09  0.06  0.14 -0.1   0.1  -0.25  0.09 -0.05
  0.13 -0.05  0.03  0.02 -0.1  -0.22 -0.06  0.1  -0.07  0.16 -0.09  0.05
  0.26 -0.17  0.04  0.06  0.19  0.06  0.03 -0.05  0.22 -0.02 -0.09  0.05
  0.07  0.04 -0.04 -0.28 -0.02  0.03 -0.09 -0.05  0.08 -0.09  0.12  0.03
  0.02 -0.03 -0.02 -0.02  0.04  0.04 -0.02  0.02 -0.06  0.02 -0.02  0.03
 -0.03  0.03]
orbital number 52 energy 3.6523163596332635
[-0.01  0.   -0.   -0.   -0.   -0.    0.    0.   -0.   -0.    0.    0.37
  0.   -0.38 -0.   -0.01  0.01  0.2  -0.    0.   -0.    0.    0.   -0.
 -0.    0.    0.    0.   -0.   -0.    0.    0.   -0.   -0.    0.    0.23
 -0.    0.    0.16 -0.    0.   -0.21  0.19  0.    0.   -0.   -0.41 -0.23
 -0.   -0.16  0.   -0.    0.   -0.18  0.41  0.   -0.    0.01  0.   -0.
  0.    0.   -0.07 -0.08 -0.   -0.    0.07 -0.    0.   -0.    0.08  0.15
  0.   -0.15]
orbital number 53 energy 3.7697650946032732
[-0.02 -0.    0.   -0.    0.01  0.    0.   -0.01  0.    0.01 -0.    0.01
 -0.   -0.    0.   -0.03  0.03 -0.12  0.   -0.01 -0.   -0.   -0.    0.
 -0.    0.   -0.   -0.   -0.    0.   -0.    0.   -0.    0.   -0.    0.12
  0.   -0.01 -0.1  -0.    0.   -0.5   0.1   0.    0.    0.   -0.    0.49
 -0.   -0.45  0.   -0.    0.    0.43  0.01 -0.   -0.    0.02  0.   -0.
  0.01  0.    0.04 -0.04  0.    0.    0.18 -0.   -0.   -0.   -0.18  0.
  0.   -0.  ]
orbital number 54 energy 3.77225838654845
[-0.    0.   -0.   -0.    0.   -0.    0.   -0.    0.    0.    0.    0.02
 -0.   -0.01 -0.   -0.    0.01  0.5   0.   -0.   -0.   -0.    0.    0.
 -0.    0.   -0.    0.   -0.    0.   -0.    0.   -0.    0.   -0.   -0.49
  0.   -0.    0.44 -0.    0.   -0.13 -0.43  0.   -0.    0.   -0.01  0.11
 -0.   -0.11  0.    0.    0.    0.09  0.02 -0.   -0.    0.    0.   -0.
  0.    0.   -0.18  0.18  0.    0.    0.05 -0.   -0.   -0.   -0.04  0.
  0.   -0.01]
orbital number 55 energy 3.7796741886439325
[ 0.03 -0.02  0.    0.01 -0.01  0.08 -0.08 -0.02  0.03 -0.01 -0.01 -0.01
  0.02 -0.01  0.05  0.04 -0.05  0.01 -0.38 -0.02  0.05 -0.    0.03  0.01
  0.11 -0.08  0.03 -0.02  0.18 -0.02  0.2  -0.1   0.17 -0.41  0.21  0.01
  0.01 -0.    0.01  0.35 -0.01 -0.    0.01 -0.2   0.07 -0.17 -0.01  0.01
  0.38  0.   -0.22 -0.03 -0.14  0.01 -0.01  0.    0.07 -0.03 -0.03  0.01
 -0.01 -0.02 -0.   -0.   -0.07 -0.08  0.    0.07  0.15  0.08 -0.    0.01
 -0.14  0.  ]
orbital number 56 energy 3.793145658236872
[ 0.37  0.01 -0.    0.12 -0.12 -0.04  0.    0.12 -0.02 -0.12  0.05 -0.12
  0.04 -0.13 -0.04  0.49 -0.54  0.07  0.02  0.1  -0.01  0.01  0.01 -0.02
 -0.01  0.01  0.03  0.02 -0.01 -0.01 -0.01  0.   -0.01  0.02 -0.01  0.07
 -0.05  0.09  0.07 -0.03 -0.02  0.04  0.07  0.02 -0.02  0.01 -0.15  0.09
 -0.03  0.03  0.02  0.02  0.01  0.08 -0.13  0.04 -0.01 -0.32  0.    0.
 -0.14  0.   -0.02 -0.02  0.    0.01 -0.01 -0.01 -0.01 -0.01 -0.03  0.05
  0.01  0.05]
orbital number 57 energy 3.8411536525241887
[ 0.   -0.   -0.   -0.    0.    0.01 -0.01 -0.    0.    0.   -0.    0.
  0.    0.    0.01  0.   -0.   -0.   -0.01 -0.    0.01  0.    0.    0.
  0.02 -0.01  0.   -0.    0.52 -0.   -0.45 -0.02  0.45 -0.   -0.51 -0.
  0.   -0.   -0.    0.01 -0.   -0.   -0.   -0.    0.01 -0.01  0.   -0.
  0.01 -0.   -0.01 -0.   -0.   -0.    0.   -0.    0.   -0.   -0.01  0.
 -0.   -0.    0.    0.   -0.19  0.19  0.    0.    0.    0.    0.   -0.
 -0.   -0.  ]
orbital number 58 energy 3.922166065809151
[ 0.08  0.02 -0.03 -0.02  0.05  0.13 -0.12 -0.08  0.05  0.07 -0.03  0.04
 -0.01  0.04  0.12  0.05 -0.03 -0.02 -0.07 -0.1   0.33  0.13  0.05  0.05
  0.43 -0.14  0.02 -0.06  0.02  0.02  0.05 -0.5   0.02 -0.07  0.05 -0.02
  0.02 -0.05 -0.02 -0.22 -0.04 -0.02 -0.02  0.09  0.09  0.13  0.04 -0.02
 -0.24 -0.02  0.15 -0.03  0.08 -0.02  0.04 -0.02  0.03 -0.04 -0.3   0.01
 -0.03 -0.12  0.01  0.01 -0.01 -0.02  0.01 -0.03  0.03 -0.05  0.01 -0.01
  0.09 -0.02]
orbital number 59 energy 3.9397894896865395
[-0.01 -0.    0.    0.   -0.   -0.    0.    0.   -0.   -0.    0.   -0.
  0.   -0.   -0.   -0.    0.    0.   -0.01  0.01 -0.02 -0.01 -0.   -0.
 -0.02  0.   -0.    0.    0.01 -0.    0.    0.03  0.01 -0.01  0.    0.
 -0.    0.    0.    0.02  0.    0.    0.   -0.52 -0.    0.44 -0.    0.
  0.02  0.    0.5   0.   -0.46  0.   -0.    0.    0.    0.    0.02 -0.
  0.    0.01 -0.   -0.   -0.   -0.   -0.    0.19  0.   -0.18 -0.    0.
 -0.01  0.  ]
orbital number 60 energy 3.9611893799705733
[-0.33 -0.03  0.12  0.08 -0.25 -0.08  0.    0.23 -0.02 -0.3   0.09 -0.21
  0.11 -0.2  -0.12 -0.19  0.11  0.09 -0.    0.26  0.15  0.01 -0.02 -0.07
  0.17  0.04  0.03  0.11  0.   -0.08  0.   -0.15  0.   -0.    0.    0.08
 -0.05  0.19  0.11 -0.01  0.05  0.09  0.11  0.01 -0.01  0.01 -0.22  0.09
 -0.02  0.11  0.01 -0.02  0.01  0.11 -0.23  0.14  0.    0.18 -0.1  -0.02
  0.12 -0.05 -0.03 -0.03 -0.   -0.   -0.03 -0.    0.   -0.   -0.03  0.08
  0.01  0.08]
orbital number 61 energy 4.081351086144885
[ 0.09 -0.13  0.    0.01  0.09 -0.21  0.24  0.01 -0.1   0.05 -0.01  0.09
  0.    0.09 -0.23  0.02 -0.03 -0.03  0.18  0.07  0.36 -0.08 -0.13 -0.08
  0.22  0.29 -0.08  0.09 -0.07 -0.02 -0.1  -0.14 -0.1   0.2  -0.07 -0.03
  0.03 -0.04 -0.05  0.23  0.12 -0.04 -0.05 -0.11 -0.17 -0.11  0.1  -0.04
  0.25 -0.05 -0.1   0.03 -0.12 -0.05  0.1  -0.08 -0.13 -0.07 -0.2  -0.01
 -0.03 -0.13  0.01  0.01  0.02  0.02  0.01  0.04 -0.07  0.04  0.01 -0.03
 -0.09 -0.03]
orbital number 62 energy 4.268278731344964
[ 0.02 -0.01  0.05  0.05  0.02  0.13 -0.02  0.12 -0.18 -0.1  -0.15  0.06
 -0.1   0.06  0.14 -0.02 -0.03 -0.02 -0.03  0.22 -0.02 -0.01 -0.19  0.18
 -0.   -0.09 -0.44  0.28  0.01  0.23  0.02  0.01  0.02 -0.03  0.01 -0.02
 -0.19  0.14 -0.04 -0.03  0.33 -0.02 -0.04  0.01  0.17  0.01  0.07 -0.02
 -0.03 -0.04  0.01 -0.25  0.01 -0.04  0.07 -0.08  0.03 -0.05  0.02 -0.34
 -0.01  0.01  0.01  0.01 -0.   -0.    0.01 -0.    0.01 -0.    0.01 -0.02
  0.01 -0.02]
orbital number 63 energy 4.3257758558709245
[ 0.01 -0.1   0.17  0.17 -0.01 -0.06 -0.08  0.03 -0.03 -0.11  0.16  0.15
  0.25  0.15 -0.24 -0.07 -0.07 -0.04 -0.15  0.2  -0.07 -0.09 -0.15 -0.27
  0.04  0.06  0.14  0.15  0.05 -0.3   0.09  0.05  0.1  -0.18  0.04 -0.04
  0.16 -0.02 -0.1  -0.15  0.12 -0.04 -0.09  0.06 -0.01  0.09  0.17 -0.04
 -0.17 -0.1   0.05 -0.05  0.09 -0.1   0.17 -0.22  0.19 -0.12  0.12  0.08
 -0.    0.02  0.01  0.01 -0.02 -0.01  0.01 -0.02  0.06 -0.02  0.01 -0.06
  0.06 -0.06]
orbital number 64 energy 4.557004137803986
[ 0.11 -0.22 -0.26 -0.28  0.23 -0.04  0.11 -0.05 -0.17  0.23 -0.06 -0.12
  0.04 -0.12 -0.17  0.09  0.12  0.02 -0.13 -0.08  0.05 -0.22 -0.1  -0.08
  0.09  0.19 -0.14  0.09  0.03  0.02  0.1   0.09  0.1  -0.17  0.02  0.01
  0.04 -0.12  0.09 -0.12  0.18  0.02  0.09  0.03 -0.07  0.08 -0.15  0.02
 -0.14  0.09  0.03 -0.05  0.08  0.09 -0.15  0.24  0.23  0.09  0.11 -0.01
 -0.03 -0.02 -0.01 -0.   -0.01 -0.01 -0.01 -0.01  0.05 -0.01 -0.    0.05
  0.05  0.05]
orbital number 65 energy 4.788415905400875
[-0.1  -0.25  0.14  0.17 -0.21 -0.06  0.29  0.05  0.14 -0.09 -0.2   0.04
 -0.2   0.04  0.   -0.03 -0.08  0.   -0.1  -0.06  0.14 -0.28  0.18  0.22
  0.07  0.2  -0.04 -0.23  0.    0.23  0.09  0.13  0.09 -0.14 -0.    0.
 -0.14  0.1  -0.04 -0.08 -0.18 -0.   -0.04  0.01 -0.15  0.07  0.06  0.
 -0.11 -0.04  0.01  0.14  0.07 -0.04  0.06 -0.12  0.22 -0.02  0.06  0.
  0.03 -0.04 -0.   -0.   -0.    0.   -0.   -0.    0.04 -0.   -0.   -0.02
  0.04 -0.02]
orbital number 66 energy 5.82023019570928
[ 0.18  0.    0.04 -0.17  0.23 -0.18  0.21 -0.21  0.18 -0.25  0.12  0.02
 -0.23  0.02  0.23 -0.09  0.13 -0.04  0.02  0.26  0.15 -0.15 -0.26  0.17
 -0.06 -0.2   0.22  0.14 -0.03 -0.2   0.04  0.11  0.04 -0.05 -0.03 -0.04
  0.05  0.07  0.05  0.   -0.22 -0.04  0.05 -0.02  0.05  0.02 -0.05 -0.04
 -0.03  0.04 -0.02  0.06  0.02  0.04 -0.05  0.06  0.05 -0.12 -0.09 -0.17
 -0.05 -0.04  0.01  0.01  0.01  0.01  0.01  0.    0.01  0.    0.01  0.01
  0.01  0.01]
orbital number 67 energy 6.124489936853346
[-0.02  0.01 -0.02  0.01 -0.   -0.02  0.01  0.01 -0.02  0.02  0.02  0.24
 -0.02 -0.29  0.02  0.02 -0.01  0.3   0.01 -0.01  0.02 -0.02  0.01 -0.01
 -0.01 -0.02  0.01  0.02 -0.01 -0.01  0.01  0.01  0.01 -0.01 -0.01  0.3
  0.01 -0.01 -0.3   0.    0.   -0.26 -0.3  -0.    0.01  0.    0.31 -0.26
 -0.    0.26 -0.   -0.    0.    0.26 -0.28  0.01  0.    0.02 -0.02 -0.01
  0.01 -0.01 -0.08 -0.08  0.    0.    0.07  0.    0.    0.    0.07 -0.09
  0.    0.08]
orbital number 68 energy 6.142655612836114
[-0.19  0.1  -0.15  0.14 -0.06 -0.18  0.12  0.13 -0.21  0.19  0.23 -0.14
 -0.16 -0.08  0.19  0.14 -0.13  0.09  0.12 -0.14  0.19 -0.15  0.1  -0.09
 -0.12 -0.23  0.03  0.15 -0.14 -0.11  0.14  0.13  0.14 -0.15 -0.14  0.09
  0.06 -0.08 -0.09  0.01  0.04  0.15 -0.09 -0.01  0.09  0.02  0.09  0.15
 -0.02 -0.15 -0.01 -0.04  0.02 -0.15  0.16  0.01  0.02  0.18 -0.15 -0.03
  0.05 -0.05 -0.02 -0.02  0.04  0.04 -0.04  0.    0.04  0.   -0.04 -0.02
  0.01 -0.04]
orbital number 69 energy 6.231353900645479
[ 0.05  0.04  0.07 -0.02 -0.04  0.05 -0.07  0.01  0.02 -0.01 -0.04  0.1
  0.06  0.1  -0.05 -0.05  0.03 -0.09  0.32 -0.   -0.01  0.04  0.02 -0.02
 -0.02  0.05 -0.04 -0.05 -0.32  0.05  0.31 -0.01  0.31 -0.32 -0.33 -0.09
 -0.02  0.01  0.08 -0.15  0.03 -0.1   0.08  0.18 -0.01 -0.19 -0.09 -0.1
  0.2   0.09  0.17 -0.01 -0.18  0.09 -0.1  -0.05 -0.08 -0.06 -0.02  0.04
 -0.01  0.    0.02  0.03  0.09  0.09  0.03 -0.05  0.09 -0.05  0.03  0.02
 -0.05  0.03]
orbital number 70 energy 6.285956876893206
[-0.04  0.07  0.06  0.1  -0.15 -0.09  0.05  0.14 -0.15  0.14  0.14  0.25
 -0.07  0.24  0.09 -0.01 -0.04 -0.22 -0.05 -0.13  0.11 -0.09  0.13 -0.1
 -0.07 -0.12 -0.03  0.05  0.04 -0.02 -0.04  0.08 -0.04  0.04  0.04 -0.22
  0.02 -0.05  0.19  0.12  0.07 -0.23  0.19 -0.13  0.05  0.14 -0.2  -0.23
 -0.14  0.21 -0.13 -0.04  0.13  0.21 -0.21 -0.17  0.02 -0.   -0.09  0.03
  0.01 -0.03  0.06  0.06 -0.01 -0.01  0.06  0.04 -0.01  0.04  0.06  0.05
  0.04  0.06]
orbital number 71 energy 6.398499402050341
[ 0.08  0.1   0.05 -0.07  0.02  0.1  -0.13 -0.05  0.09 -0.07 -0.09 -0.05
  0.1  -0.05 -0.09 -0.05  0.05  0.04  0.19  0.05  0.02  0.05 -0.03 -0.01
 -0.05  0.09 -0.04 -0.09 -0.17  0.07  0.15  0.    0.15 -0.15 -0.17  0.04
 -0.03  0.03 -0.04  0.34  0.02  0.04 -0.04 -0.33 -0.03  0.31  0.04  0.04
 -0.32 -0.04 -0.33  0.    0.31 -0.04  0.04  0.05 -0.15 -0.06 -0.06  0.05
 -0.02 -0.01 -0.01 -0.01  0.04  0.05 -0.01  0.09  0.04  0.09 -0.01 -0.01
  0.09 -0.01]
orbital number 72 energy 6.625113731008867
[-0.32 -0.15 -0.36  0.27  0.22  0.04  0.03 -0.11  0.03 -0.05 -0.12  0.08
  0.    0.08 -0.04  0.26 -0.22 -0.06  0.07  0.08 -0.17  0.15 -0.13  0.19
  0.13  0.08  0.12  0.12 -0.05 -0.11  0.04 -0.12  0.04 -0.04 -0.05 -0.06
  0.03  0.01  0.05  0.07 -0.15 -0.06  0.05 -0.05 -0.04  0.04 -0.04 -0.06
 -0.04  0.05 -0.05  0.06  0.04  0.05 -0.04 -0.13 -0.09  0.31  0.15 -0.15
  0.09  0.05  0.02  0.02  0.01  0.01  0.02  0.01  0.01  0.01  0.02  0.01
  0.01  0.01]
orbital number 73 energy 6.77402207962453
[ 0.14 -0.35  0.19 -0.11 -0.18 -0.13  0.24  0.16 -0.19  0.14  0.07 -0.03
 -0.14 -0.03  0.1  -0.12  0.1   0.02  0.08 -0.12 -0.31  0.26  0.13  0.06
  0.25 -0.08  0.08  0.17 -0.05 -0.12  0.04 -0.22  0.04 -0.04 -0.05  0.02
  0.05 -0.05 -0.01  0.07 -0.06  0.02 -0.01 -0.05  0.02  0.04  0.01  0.02
 -0.04 -0.01 -0.05  0.01  0.04 -0.01  0.01  0.05 -0.12 -0.15  0.31 -0.11
 -0.04  0.08 -0.   -0.    0.01  0.01 -0.    0.01  0.01  0.01 -0.   -0.
  0.01 -0.  ]
orbital number 74 energy 6.999580086792662
[-0.06 -0.18 -0.09  0.04  0.13 -0.2   0.2  -0.15  0.23 -0.15  0.28  0.01
 -0.14  0.01  0.14  0.06 -0.04 -0.    0.02  0.1  -0.12  0.09 -0.09 -0.36
  0.11 -0.19 -0.2  -0.33 -0.01  0.24  0.01 -0.08  0.01 -0.01 -0.01 -0.
 -0.08  0.06  0.    0.02  0.25 -0.    0.   -0.01  0.08  0.01 -0.   -0.
 -0.01  0.   -0.01 -0.09  0.01  0.   -0.   -0.02 -0.04  0.07  0.13  0.3
  0.01  0.03  0.    0.    0.    0.    0.    0.    0.    0.    0.    0.
  0.    0.  ]

Orbital occupation numbers:
1: 2.000000
2: 2.000000
3: 2.000000
4: 2.000000
5: 2.000000
6: 2.000000
7: 2.000000
8: 2.000000
9: 2.000000
10: 2.000000
11: 2.000000
12: 2.000000
13: 2.000000
14: 2.000000
15: 2.000000
16: 2.000000
17: 2.000000
18: 2.000000
19: 2.000000
20: 2.000000
21: 2.000000
22: 2.000000
23: 2.000000
24: 2.000000
25: 2.000000
26: 2.000000
27: 2.000000
28: 2.000000
29: 2.000000
30: 2.000000
31: 2.000000
32: 2.000000
33: 2.000000
34: 2.000000
35: 2.000000
36: 2.000000
37: 2.000000
38: 2.000000
39: 2.000000
40: 2.000000
41: 2.000000
42: 2.000000
43: 2.000000
44: 1.000000
45: 1.000000
46: 0.000000
47: 0.000000
48: 0.000000
49: 0.000000
50: -0.000000
51: 0.000000
52: -0.000000
53: -0.000000
54: 0.000000
55: 0.000000
56: -0.000000
57: 0.000000
58: 0.000000
59: -0.000000
60: -0.000000
61: -0.000000
62: 0.000000
63: -0.000000
64: -0.000000
65: 0.000000
66: 0.000000
67: 0.000000
68: -0.000000
69: -0.000000
70: -0.000000
71: -0.000000
72: -0.000000
73: -0.000000
74: 0.000000

------------------------
Starting ExROPPP calculation for diradical in rotated basis
------------------------

Coulomb Matrix in MO basis, J_ij = (ii|jj):
 [[4.30172812 1.53734244 2.36921842 ... 2.96526252 1.73592102 1.41756712]
 [1.53734244 4.15532712 1.5363315  ... 1.9020684  2.90092536 1.85190293]
 [2.36921842 1.5363315  2.73119375 ... 1.7905064  1.34696763 1.0948438 ]
 ...
 [2.96526252 1.9020684  1.7905064  ... 2.51247462 1.90999355 1.73830354]
 [1.73592102 2.90092536 1.34696763 ... 1.90999355 2.47050238 1.93206402]
 [1.41756712 1.85190293 1.0948438  ... 1.73830354 1.93206402 2.78251192]]
Coulomb Matrix in MO basis, K_ij = (ij|ji):
 [[4.30172812e+00 3.61738378e-03 3.61251864e-01 ... 2.99146403e-01
  6.87534161e-02 1.70332967e-02]
 [3.61738378e-03 4.15532712e+00 4.07554638e-03 ... 7.48136308e-02
  2.74107460e-01 5.98624638e-02]
 [3.61251864e-01 4.07554638e-03 2.73119375e+00 ... 4.44113840e-02
  9.91224188e-03 3.34672470e-03]
 ...
 [2.99146403e-01 7.48136308e-02 4.44113840e-02 ... 2.51247462e+00
  5.34494668e-01 3.41520011e-01]
 [6.87534161e-02 2.74107460e-01 9.91224188e-03 ... 5.34494668e-01
  2.47050238e+00 4.80748360e-01]
 [1.70332967e-02 5.98624638e-02 3.34672470e-03 ... 3.41520011e-01
  4.80748360e-01 2.78251192e+00]]
Dimensions of CI matrix: (10464, 10464)
Checking that the Hamiltonian is symmetric (a value of zero means matrix is symmetric) ... 
Frobenius norm of matrix - matrix transpose = 0.000000.

Lowest 30 states. WARNING - Some states may not be included in the spectrum.

Diagonalizing Hamiltonian using the sparse matrix method ...

Calculating dipole moments ...

Permanent dipole moment of reference states:
             Open-Shell Singlet (|OS1>) = -1.821 x -0.306 y 0.250 z
             Zwitterion - (|ZW->) = -1.821 x -0.306 y 0.250 z
             Zwitterion + (|ZW+>) = -1.821 x -0.306 y 0.250 z
             Open-Shell Triplet (|OS3>) = -1.821 x -0.306 y 0.250 z

Checking that the Dipole matrix is symmetric (a value of zero means matrix is symmetric) ... 
Frobenius norm of matrix - matrix transpose = 0.00000             0.00000, 0.00000.

Energy of the lowest CI state: -287.79098895866736

State 0 0.000 eV 
Excitation    CI Coef
|3^OS>    0.92614
|3^CS(24->0)>    0.06166
|3^CS(14->0)>    0.09887
|3^CS(13->0')>   -0.08321
|3^SV(0->18')>   -0.05428
|3^SV(0->19')>    0.05344
|3^SV(0'->1')>   -0.05092
|3^SV(0'->16')>    0.05024
|3^SV(0'->18')>   -0.05940
|3^SV(0'->19')>   -0.06402
|3^SV(0'->20')>   -0.05382
Ground state is triplet
TDMs with Triplet 'Ground' state
TDMX:-7.142   TDMY:1.693   TDMZ:0.423   Oscillator Strength:0.00000   <S**2>: 2.000
--------------------------------------------------------------------
TDMs with Singlet 'Ground' state
TDMX:-0.000   TDMY:0.000   TDMZ:-0.000   Oscillator Strength:-0.00000   <S**2>: 2.000
--------------------------------------------------------------------


State 1 0.024 eV 
Excitation    CI Coef
|1^OS>    0.93444
|1^CS(24->0)>   -0.05853
|1^CS(14->0)>   -0.09509
|1^CS(23->0')>    0.05959
|1^CS(13->0')>   -0.09533
|1T^CV(24->19')>   -0.05848
TDMs with Triplet 'Ground' state
TDMX:-0.000   TDMY:0.000   TDMZ:-0.000   Oscillator Strength:0.00000   <S**2>: 0.000
--------------------------------------------------------------------
TDMs with Singlet 'Ground' state
TDMX:-6.630   TDMY:1.565   TDMZ:0.409   Oscillator Strength:0.00000   <S**2>: 0.000
--------------------------------------------------------------------


State 2 0.614 eV 
Excitation    CI Coef
|3S^CV(22->1')>   -0.08783
|3S^CV(22->2')>    0.05393
|3S^CV(22->17')>    0.06185
|3S^CV(21->1')>    0.05304
|3S^CV(21->2')>   -0.05587
|3S^CV(16->1')>    0.11561
|3S^CV(16->2')>   -0.08201
|3S^CV(15->2')>   -0.05898
|3S^CV(14->1')>   -0.08868
|3S^CV(14->2')>    0.07769
|3S^CV(11->1')>    0.12541
|3S^CV(11->2')>   -0.12870
|3S^CV(11->6')>    0.08565
|3S^CV(7->1')>   -0.13234
|3S^CV(7->2')>    0.07527
|3S^CV(2->1')>    0.37646
|3S^CV(2->2')>   -0.42734
|3S^CV(2->4')>   -0.11456
|3S^CV(2->5')>    0.09471
|3S^CV(2->6')>    0.18998
|3S^CV(2->11')>   -0.05303
|3S^CV(2->15')>   -0.08252
|3S^CV(2->17')>   -0.07859
|3S^CV(2->20')>   -0.06960
|3S^CV(1->1')>   -0.52556
|3S^CV(1->2')>    0.20338
|3S^CV(1->4')>    0.14356
|3S^CV(1->5')>   -0.13366
|3S^CV(1->6')>   -0.10344
|3S^CV(1->15')>    0.07316
|3S^CV(1->17')>    0.11159
TDMs with Triplet 'Ground' state
TDMX:-0.265   TDMY:0.104   TDMZ:0.012   Oscillator Strength:0.00122   <S**2>: 2.000
--------------------------------------------------------------------
TDMs with Singlet 'Ground' state
TDMX:0.000   TDMY:-0.000   TDMZ:-0.000   Oscillator Strength:0.00000   <S**2>: 2.000
--------------------------------------------------------------------


State 3 0.703 eV 
Excitation    CI Coef
|3S^CV(22->2')>    0.10192
|3S^CV(22->6')>   -0.06051
|3S^CV(21->1')>    0.06655
|3S^CV(15->1')>    0.12173
|3S^CV(15->2')>    0.11365
|3S^CV(15->6')>   -0.06471
|3S^CV(15->17')>   -0.05144
|3S^CV(13->1')>   -0.08420
|3S^CV(13->2')>   -0.08722
|3S^CV(11->1')>    0.15336
|3S^CV(11->2')>    0.07834
|3S^CV(11->17')>   -0.05919
|3S^CV(7->2')>    0.09572
|3S^CV(5->1')>    0.10057
|3S^CV(5->2')>    0.11462
|3S^CV(4->2')>    0.05046
|3S^CV(2->1')>    0.40112
|3S^CV(2->2')>    0.22882
|3S^CV(2->4')>   -0.08307
|3S^CV(2->5')>    0.13781
|3S^CV(2->6')>   -0.09725
|3S^CV(2->16')>    0.05419
|3S^CV(2->17')>   -0.12488
|3S^CV(1->1')>    0.33251
|3S^CV(1->2')>    0.51985
|3S^CV(1->3')>    0.06444
|3S^CV(1->5')>    0.10967
|3S^CV(1->6')>   -0.25269
|3S^CV(1->16')>    0.05947
|3S^CV(1->17')>   -0.10880
|3S^CV(1->20')>    0.10167
|3X^CV(2->2')>    0.06251
|3X^CV(1->1')>    0.07983
TDMs with Triplet 'Ground' state
TDMX:-0.741   TDMY:0.282   TDMZ:0.014   Oscillator Strength:0.01084   <S**2>: 2.000
--------------------------------------------------------------------
TDMs with Singlet 'Ground' state
TDMX:0.000   TDMY:-0.000   TDMZ:-0.000   Oscillator Strength:0.00000   <S**2>: 2.000
--------------------------------------------------------------------


State 4 0.789 eV 
Excitation    CI Coef
|5^CV(22->1')>   -0.09760
|5^CV(22->17')>    0.07337
|5^CV(21->2')>   -0.06182
|5^CV(16->1')>    0.11665
|5^CV(16->2')>   -0.07537
|5^CV(16->4')>   -0.05089
|5^CV(15->2')>   -0.07254
|5^CV(14->1')>   -0.08321
|5^CV(14->2')>    0.07832
|5^CV(11->1')>    0.11259
|5^CV(11->2')>   -0.14191
|5^CV(11->6')>    0.09323
|5^CV(7->1')>   -0.14193
|5^CV(7->2')>    0.06515
|5^CV(2->1')>    0.32162
|5^CV(2->2')>   -0.45677
|5^CV(2->4')>   -0.09010
|5^CV(2->5')>    0.06790
|5^CV(2->6')>    0.18180
|5^CV(2->15')>   -0.06530
|5^CV(2->17')>   -0.05291
|5^CV(2->20')>   -0.06462
|5^CV(1->1')>   -0.58388
|5^CV(1->2')>    0.15819
|5^CV(1->4')>    0.12912
|5^CV(1->5')>   -0.12696
|5^CV(1->6')>   -0.07283
|5^CV(1->15')>    0.05980
|5^CV(1->17')>    0.10763
TDMs with Triplet 'Ground' state
TDMX:-0.000   TDMY:0.000   TDMZ:0.000   Oscillator Strength:0.00000   <S**2>: 6.000
--------------------------------------------------------------------
TDMs with Singlet 'Ground' state
TDMX:0.000   TDMY:-0.000   TDMZ:-0.000   Oscillator Strength:0.00000   <S**2>: 6.000
--------------------------------------------------------------------


State 5 0.789 eV 
Excitation    CI Coef
|3^CS(2->0)>   -0.06746
|3^CS(1->0)>    0.07555
|3^CS(1->0')>    0.05322
|3^SV(0->1')>   -0.07787
|3S^CV(2->1')>    0.06642
|3S^CV(1->2')>    0.06547
|3X^CV(22->1')>   -0.09641
|3X^CV(22->17')>    0.07414
|3X^CV(21->2')>   -0.06137
|3X^CV(16->1')>    0.11307
|3X^CV(16->2')>   -0.07149
|3X^CV(16->4')>   -0.05005
|3X^CV(15->2')>   -0.07412
|3X^CV(14->1')>   -0.08001
|3X^CV(14->2')>    0.07715
|3X^CV(11->1')>    0.10631
|3X^CV(11->2')>   -0.14186
|3X^CV(11->6')>    0.09355
|3X^CV(7->1')>   -0.13793
|3X^CV(7->2')>    0.05915
|3X^CV(2->1')>    0.30094
|3X^CV(2->2')>   -0.45168
|3X^CV(2->4')>   -0.08593
|3X^CV(2->5')>    0.06265
|3X^CV(2->6')>    0.18120
|3X^CV(2->15')>   -0.06356
|3X^CV(2->20')>   -0.06260
|3X^CV(1->1')>   -0.57827
|3X^CV(1->2')>    0.13944
|3X^CV(1->4')>    0.12818
|3X^CV(1->5')>   -0.12645
|3X^CV(1->6')>   -0.06483
|3X^CV(1->15')>    0.05855
|3X^CV(1->17')>    0.10720
TDMs with Triplet 'Ground' state
TDMX:-0.824   TDMY:0.324   TDMZ:0.014   Oscillator Strength:0.01516   <S**2>: 2.000
--------------------------------------------------------------------
TDMs with Singlet 'Ground' state
TDMX:-0.000   TDMY:0.000   TDMZ:0.000   Oscillator Strength:0.00000   <S**2>: 2.000
--------------------------------------------------------------------


State 6 0.792 eV 
Excitation    CI Coef
|1^CS(2->0)>   -0.07573
|1^CS(1->0)>    0.08697
|1^CS(1->0')>    0.05562
|1^SV(0->1')>    0.08528
|1T^CV(22->1')>   -0.09698
|1T^CV(22->17')>    0.07491
|1T^CV(21->2')>   -0.06149
|1T^CV(16->1')>    0.11333
|1T^CV(16->2')>   -0.07213
|1T^CV(16->4')>   -0.05064
|1T^CV(15->2')>   -0.07392
|1T^CV(14->1')>   -0.08056
|1T^CV(14->2')>    0.07801
|1T^CV(11->1')>    0.10674
|1T^CV(11->2')>   -0.14361
|1T^CV(11->6')>    0.09437
|1T^CV(7->1')>   -0.13830
|1T^CV(7->2')>    0.05928
|1T^CV(2->1')>    0.30200
|1T^CV(2->2')>   -0.45380
|1T^CV(2->4')>   -0.08723
|1T^CV(2->5')>    0.06279
|1T^CV(2->6')>    0.18233
|1T^CV(2->15')>   -0.06426
|1T^CV(2->20')>   -0.06309
|1T^CV(1->1')>   -0.58092
|1T^CV(1->2')>    0.13980
|1T^CV(1->4')>    0.12893
|1T^CV(1->5')>   -0.12707
|1T^CV(1->6')>   -0.06579
|1T^CV(1->15')>    0.05928
|1T^CV(1->17')>    0.10774
TDMs with Triplet 'Ground' state
TDMX:-0.000   TDMY:0.000   TDMZ:0.000   Oscillator Strength:0.00000   <S**2>: 0.000
--------------------------------------------------------------------
TDMs with Singlet 'Ground' state
TDMX:0.387   TDMY:-0.141   TDMZ:-0.013   Oscillator Strength:0.00320   <S**2>: 0.000
--------------------------------------------------------------------


State 7 0.886 eV 
Excitation    CI Coef
|3^CS(2->0')>   -0.06784
|3^CS(1->0')>   -0.08936
|3^SV(0'->1')>   -0.07778
|3^SV(0'->2')>   -0.07355
|3X^CV(22->2')>    0.11336
|3X^CV(22->6')>   -0.06771
|3X^CV(21->1')>    0.07583
|3X^CV(16->2')>   -0.06205
|3X^CV(15->1')>    0.12308
|3X^CV(15->2')>    0.10221
|3X^CV(15->6')>   -0.05954
|3X^CV(15->17')>   -0.05100
|3X^CV(14->1')>   -0.06478
|3X^CV(13->1')>   -0.08158
|3X^CV(13->2')>   -0.08250
|3X^CV(11->1')>    0.18130
|3X^CV(11->2')>    0.05900
|3X^CV(11->17')>   -0.06398
|3X^CV(7->2')>    0.10828
|3X^CV(7->6')>   -0.05452
|3X^CV(5->1')>    0.09434
|3X^CV(5->2')>    0.11003
|3X^CV(2->1')>    0.47246
|3X^CV(2->2')>    0.17885
|3X^CV(2->4')>   -0.08789
|3X^CV(2->5')>    0.13902
|3X^CV(2->6')>   -0.06690
|3X^CV(2->17')>   -0.12144
|3X^CV(1->1')>    0.23509
|3X^CV(1->2')>    0.54306
|3X^CV(1->3')>    0.06055
|3X^CV(1->5')>    0.07202
|3X^CV(1->6')>   -0.23690
|3X^CV(1->17')>   -0.07503
|3X^CV(1->20')>    0.08599
TDMs with Triplet 'Ground' state
TDMX:0.366   TDMY:-0.168   TDMZ:0.012   Oscillator Strength:0.00352   <S**2>: 2.000
--------------------------------------------------------------------
TDMs with Singlet 'Ground' state
TDMX:-0.000   TDMY:0.000   TDMZ:0.000   Oscillator Strength:0.00000   <S**2>: 2.000
--------------------------------------------------------------------


State 8 0.892 eV 
Excitation    CI Coef
|5^CV(22->2')>   -0.11321
|5^CV(22->6')>    0.06715
|5^CV(21->1')>   -0.07496
|5^CV(16->2')>    0.06086
|5^CV(15->1')>   -0.12510
|5^CV(15->2')>   -0.10691
|5^CV(15->6')>    0.06280
|5^CV(15->17')>    0.05231
|5^CV(14->1')>    0.06271
|5^CV(13->1')>    0.08354
|5^CV(13->2')>    0.08488
|5^CV(11->1')>   -0.17835
|5^CV(11->2')>   -0.06478
|5^CV(11->17')>    0.06327
|5^CV(7->2')>   -0.10880
|5^CV(7->6')>    0.05470
|5^CV(5->1')>   -0.09976
|5^CV(5->2')>   -0.11544
|5^CV(5->6')>    0.05214
|5^CV(4->2')>   -0.05135
|5^CV(2->1')>   -0.47047
|5^CV(2->2')>   -0.20134
|5^CV(2->4')>    0.08597
|5^CV(2->5')>   -0.13966
|5^CV(2->6')>    0.07455
|5^CV(2->17')>    0.12125
|5^CV(1->1')>   -0.26281
|5^CV(1->2')>   -0.54842
|5^CV(1->3')>   -0.05990
|5^CV(1->5')>   -0.07846
|5^CV(1->6')>    0.23613
|5^CV(1->17')>    0.08008
|5^CV(1->20')>   -0.08820
TDMs with Triplet 'Ground' state
TDMX:0.000   TDMY:-0.000   TDMZ:0.000   Oscillator Strength:0.00000   <S**2>: 6.000
--------------------------------------------------------------------
TDMs with Singlet 'Ground' state
TDMX:-0.000   TDMY:0.000   TDMZ:0.000   Oscillator Strength:0.00000   <S**2>: 6.000
--------------------------------------------------------------------


State 9 0.892 eV 
Excitation    CI Coef
|1^CS(2->0')>   -0.08096
|1^CS(1->0')>   -0.10403
|1^SV(0'->1')>   -0.08685
|1^SV(0'->2')>   -0.08283
|1T^CV(22->2')>    0.11305
|1T^CV(22->6')>   -0.06782
|1T^CV(21->1')>    0.07562
|1T^CV(16->2')>   -0.06107
|1T^CV(15->1')>    0.12147
|1T^CV(15->2')>    0.10092
|1T^CV(15->6')>   -0.06051
|1T^CV(15->17')>   -0.05105
|1T^CV(14->1')>   -0.06509
|1T^CV(13->1')>   -0.08110
|1T^CV(13->2')>   -0.08228
|1T^CV(11->1')>    0.18160
|1T^CV(11->2')>    0.06045
|1T^CV(11->17')>   -0.06406
|1T^CV(7->2')>    0.10785
|1T^CV(7->6')>   -0.05335
|1T^CV(5->1')>    0.09350
|1T^CV(5->2')>    0.10922
|1T^CV(2->1')>    0.46864
|1T^CV(2->2')>    0.18136
|1T^CV(2->4')>   -0.08775
|1T^CV(2->5')>    0.13853
|1T^CV(2->6')>   -0.06763
|1T^CV(2->17')>   -0.12099
|1T^CV(1->1')>    0.23832
|1T^CV(1->2')>    0.54093
|1T^CV(1->3')>    0.06092
|1T^CV(1->5')>    0.07268
|1T^CV(1->6')>   -0.23704
|1T^CV(1->17')>   -0.07582
|1T^CV(1->20')>    0.08509
TDMs with Triplet 'Ground' state
TDMX:0.000   TDMY:-0.000   TDMZ:0.000   Oscillator Strength:0.00000   <S**2>: 0.000
--------------------------------------------------------------------
TDMs with Singlet 'Ground' state
TDMX:0.885   TDMY:-0.346   TDMZ:-0.015   Oscillator Strength:0.01921   <S**2>: 0.000
--------------------------------------------------------------------


State 10 1.962 eV 
Excitation    CI Coef
|3^OS>    0.09930
|3^CS(23->0')>   -0.08075
|3^CS(13->0')>    0.10795
|3^CS(5->0')>   -0.14352
|3^CS(4->0')>   -0.06415
|3^SV(0'->1')>    0.30784
|3^SV(0'->2')>    0.29247
|3^SV(0'->3')>    0.32636
|3^SV(0'->4')>    0.43705
|3^SV(0'->5')>   -0.11792
|3^SV(0'->6')>    0.35905
|3^SV(0'->13')>   -0.10391
|3^SV(0'->18')>    0.16581
|3^SV(0'->19')>    0.24359
|3^SV(0'->20')>    0.23303
|3^SV(0'->26')>   -0.05895
|3S^CV(13->20')>    0.05132
|3X^CV(5->3')>    0.06150
|3X^CV(5->4')>    0.06874
|3X^CV(5->6')>    0.05117
TDMs with Triplet 'Ground' state
TDMX:2.793   TDMY:-0.780   TDMZ:-0.404   Oscillator Strength:0.41199   <S**2>: 2.000
--------------------------------------------------------------------
TDMs with Singlet 'Ground' state
TDMX:0.000   TDMY:-0.000   TDMZ:-0.000   Oscillator Strength:0.00000   <S**2>: 2.000
--------------------------------------------------------------------


State 11 2.294 eV 
Excitation    CI Coef
|3^CS(24->0)>   -0.13581
|3^CS(23->0)>   -0.05490
|3^CS(20->0)>   -0.07262
|3^CS(14->0)>   -0.14023
|3^CS(7->0)>   -0.32092
|3^CS(5->0)>    0.08740
|3^CS(2->0)>   -0.11506
|3^CS(1->0)>    0.11404
|3^SV(0->1')>   -0.28889
|3^SV(0->2')>    0.19780
|3^SV(0->3')>    0.37073
|3^SV(0->4')>   -0.41865
|3^SV(0->5')>    0.06061
|3^SV(0->6')>    0.22784
|3^SV(0->11')>    0.12301
|3^SV(0->15')>    0.07243
|3^SV(0->18')>    0.11067
|3^SV(0->19')>   -0.15857
|3^SV(0->20')>    0.08266
|3S^CV(10->8')>   -0.05872
|3S^CV(9->9')>    0.05730
|3S^CV(6->7')>    0.09125
|3X^CV(24->11')>   -0.06122
|3X^CV(20->11')>   -0.05650
|3X^CV(16->15')>   -0.06479
|3X^CV(14->4')>    0.06579
|3X^CV(14->11')>    0.05219
|3X^CV(14->15')>   -0.05056
|3X^CV(10->8')>    0.07971
|3X^CV(9->9')>   -0.07993
|3X^CV(7->1')>    0.06375
|3X^CV(7->3')>   -0.08978
|3X^CV(7->4')>    0.08632
|3X^CV(7->11')>    0.05426
|3X^CV(7->18')>   -0.07070
|3X^CV(7->19')>    0.07494
|3X^CV(6->7')>   -0.12821
|3X^CV(2->4')>    0.05787
TDMs with Triplet 'Ground' state
TDMX:0.978   TDMY:-0.490   TDMZ:0.131   Oscillator Strength:0.06824   <S**2>: 2.000
--------------------------------------------------------------------
TDMs with Singlet 'Ground' state
TDMX:0.000   TDMY:-0.000   TDMZ:0.000   Oscillator Strength:0.00000   <S**2>: 2.000
--------------------------------------------------------------------


State 12 2.401 eV 
Excitation    CI Coef
|1^ZW->    0.63187
|1^ZW+>    0.65010
|1^CS(23->0)>   -0.05419
|1^CS(13->0)>    0.15201
|1^SV(0'->1')>    0.21807
|1^SV(0'->2')>   -0.08444
|1^SV(0'->4')>    0.09727
|1^SV(0'->7')>    0.05109
|1^SV(0'->15')>    0.08658
|1^SV(0'->18')>   -0.08367
|1^SV(0'->19')>    0.07608
TDMs with Triplet 'Ground' state
TDMX:-0.000   TDMY:0.000   TDMZ:-0.000   Oscillator Strength:0.00000   <S**2>: 0.000
--------------------------------------------------------------------
TDMs with Singlet 'Ground' state
TDMX:-0.190   TDMY:0.189   TDMZ:0.000   Oscillator Strength:0.00417   <S**2>: 0.000
--------------------------------------------------------------------


State 13 2.448 eV 
Excitation    CI Coef
|1^ZW->    0.09138
|1^ZW+>    0.08782
|1^CS(7->0)>   -0.05163
|1^CS(23->0')>    0.09120
|1^CS(18->0')>   -0.08375
|1^CS(13->0')>   -0.08095
|1^CS(7->0')>    0.13302
|1^CS(5->0')>    0.43632
|1^CS(4->0')>    0.18730
|1^CS(2->0')>   -0.15903
|1^CS(1->0')>   -0.19893
|1^SV(0'->1')>   -0.19129
|1^SV(0'->2')>   -0.22282
|1^SV(0'->3')>   -0.21808
|1^SV(0'->4')>   -0.29673
|1^SV(0'->5')>    0.07397
|1^SV(0'->6')>   -0.29335
|1^SV(0'->10')>    0.10689
|1^SV(0'->16')>   -0.12744
|1^SV(0'->20')>   -0.05672
|1T^CV(23->6')>   -0.05043
|1T^CV(23->13')>    0.05428
|1T^CV(18->24')>   -0.05371
|1T^CV(15->1')>   -0.06664
|1T^CV(15->2')>   -0.08161
|1T^CV(15->16')>    0.07902
|1T^CV(13->1')>    0.05415
|1T^CV(13->2')>    0.06924
|1T^CV(13->3')>    0.06067
|1T^CV(13->4')>    0.08079
|1T^CV(13->6')>    0.07485
|1T^CV(13->16')>    0.07036
|1T^CV(12->5')>   -0.06194
|1T^CV(12->6')>   -0.05613
|1T^CV(11->5')>   -0.05123
|1T^CV(8->12')>   -0.16385
|1T^CV(5->1')>   -0.05870
|1T^CV(5->3')>   -0.05701
|1T^CV(5->4')>   -0.06540
|1T^CV(5->10')>   -0.10294
|1T^CV(5->18')>   -0.06023
|1T^CV(5->19')>   -0.07568
|1T^CV(5->20')>   -0.06457
|1T^CV(3->10')>    0.11886
|1T^CV(2->4')>    0.06925
|1T^CV(2->6')>    0.07047
|1T^CV(1->3')>    0.06740
|1T^CV(1->4')>    0.06482
|1T^CV(1->6')>    0.05812
TDMs with Triplet 'Ground' state
TDMX:0.000   TDMY:-0.000   TDMZ:-0.000   Oscillator Strength:0.00000   <S**2>: 0.000
--------------------------------------------------------------------
TDMs with Singlet 'Ground' state
TDMX:-0.728   TDMY:0.256   TDMZ:0.050   Oscillator Strength:0.03551   <S**2>: 0.000
--------------------------------------------------------------------


State 14 2.572 eV 
Excitation    CI Coef
|3^CS(13->0')>   -0.13771
|3^CS(5->0')>   -0.13474
|3^CS(4->0')>   -0.06109
|3^CS(3->0')>    0.12974
|3^SV(0'->1')>   -0.05801
|3^SV(0'->4')>    0.10038
|3^SV(0'->6')>    0.15549
|3^SV(0'->10')>   -0.33637
|3^SV(0'->13')>   -0.15741
|3^SV(0'->16')>    0.26373
|3^SV(0'->18')>   -0.23450
|3^SV(0'->19')>   -0.20870
|3^SV(0'->20')>   -0.14905
|3^SV(0'->24')>    0.07074
|3^SV(0'->26')>    0.08250
|3S^CV(18->24')>    0.05737
|3S^CV(8->12')>    0.22443
|3S^CV(5->4')>   -0.06882
|3S^CV(5->6')>   -0.07764
|3S^CV(5->10')>    0.06164
|3S^CV(5->16')>   -0.07935
|3S^CV(4->14')>   -0.10161
|3S^CV(3->10')>   -0.22385
|3S^CV(3->13')>    0.06351
|3X^CV(39->24')>    0.05642
|3X^CV(18->24')>    0.09299
|3X^CV(13->6')>   -0.05842
|3X^CV(13->10')>    0.11329
|3X^CV(13->16')>   -0.06348
|3X^CV(13->18')>    0.05013
|3X^CV(11->10')>    0.05444
|3X^CV(8->12')>    0.29853
|3X^CV(7->10')>    0.05165
|3X^CV(5->3')>   -0.05205
|3X^CV(5->4')>   -0.08675
|3X^CV(5->6')>   -0.09239
|3X^CV(5->10')>    0.17400
|3X^CV(5->16')>   -0.09639
|3X^CV(5->18')>    0.06677
|3X^CV(5->19')>    0.05744
|3X^CV(4->10')>    0.08302
|3X^CV(4->14')>   -0.06091
|3X^CV(3->6')>    0.05197
|3X^CV(3->10')>   -0.21840
TDMs with Triplet 'Ground' state
TDMX:-2.010   TDMY:0.614   TDMZ:-0.028   Oscillator Strength:0.27823   <S**2>: 2.000
--------------------------------------------------------------------
TDMs with Singlet 'Ground' state
TDMX:0.000   TDMY:-0.000   TDMZ:0.000   Oscillator Strength:0.00000   <S**2>: 2.000
--------------------------------------------------------------------


State 15 2.588 eV 
Excitation    CI Coef
|1^ZW->   -0.58415
|1^ZW+>    0.58483
|1^CS(7->0)>    0.10817
|1^CS(6->0)>   -0.07056
|1^CS(24->0')>    0.05715
|1^CS(14->0')>    0.10672
|1^CS(6->0')>    0.06365
|1^SV(0->1')>   -0.29791
|1^SV(0->2')>   -0.17329
|1^SV(0->3')>   -0.06803
|1^SV(0->4')>   -0.15984
|1^SV(0->7')>    0.06873
|1^SV(0->10')>   -0.07144
|1^SV(0->16')>    0.05077
|1^SV(0->18')>   -0.10180
|1^SV(0->19')>   -0.11086
|1^SV(0->20')>   -0.07811
|1T^CV(9->9')>    0.05564
|1T^CV(2->2')>   -0.06473
TDMs with Triplet 'Ground' state
TDMX:-0.000   TDMY:0.000   TDMZ:-0.000   Oscillator Strength:0.00000   <S**2>: 0.000
--------------------------------------------------------------------
TDMs with Singlet 'Ground' state
TDMX:-0.233   TDMY:0.080   TDMZ:-0.053   Oscillator Strength:0.00400   <S**2>: 0.000
--------------------------------------------------------------------


State 16 2.620 eV 
Excitation    CI Coef
|1^ZW->    0.13468
|1^ZW+>   -0.13977
|1^CS(19->0)>    0.07839
|1^CS(11->0)>   -0.05677
|1^CS(7->0)>    0.27005
|1^CS(6->0)>   -0.47079
|1^CS(5->0)>   -0.08872
|1^CS(2->0)>    0.10062
|1^CS(1->0)>   -0.09615
|1^SV(0->2')>    0.08571
|1^SV(0->3')>    0.12290
|1^SV(0->4')>   -0.09074
|1^SV(0->6')>    0.06768
|1^SV(0->7')>    0.43197
|1^SV(0->11')>    0.05979
|1^SV(0->15')>    0.08920
|1^SV(0'->10')>    0.05376
|1T^CV(20->22')>   -0.06640
|1T^CV(19->22')>   -0.05661
|1T^CV(19->25')>    0.06913
|1T^CV(14->4')>   -0.05291
|1T^CV(14->7')>    0.14391
|1T^CV(11->7')>    0.07568
|1T^CV(10->8')>    0.11547
|1T^CV(9->8')>   -0.06950
|1T^CV(9->9')>    0.27412
|1T^CV(7->7')>   -0.18784
|1T^CV(6->3')>    0.07876
|1T^CV(6->4')>   -0.11008
|1T^CV(6->6')>    0.07875
|1T^CV(6->7')>    0.13993
|1T^CV(6->11')>    0.10657
|1T^CV(6->15')>    0.15585
|1T^CV(6->16')>   -0.06501
|1T^CV(6->18')>   -0.10076
|1T^CV(6->19')>    0.08047
TDMs with Triplet 'Ground' state
TDMX:-0.000   TDMY:0.000   TDMZ:0.000   Oscillator Strength:0.00000   <S**2>: 0.000
--------------------------------------------------------------------
TDMs with Singlet 'Ground' state
TDMX:0.082   TDMY:-0.196   TDMZ:-0.100   Oscillator Strength:0.00351   <S**2>: 0.000
--------------------------------------------------------------------


State 17 2.651 eV 
Excitation    CI Coef
|1^CS(23->0')>   -0.05018
|1^CS(17->0')>    0.07693
|1^CS(13->0')>    0.12075
|1^CS(5->0')>    0.07151
|1^CS(3->0')>   -0.52807
|1^CS(1->0')>    0.05292
|1^SV(0'->1')>    0.07120
|1^SV(0'->2')>    0.06407
|1^SV(0'->10')>    0.47608
|1^SV(0'->13')>   -0.07903
|1^SV(0'->24')>   -0.05097
|1T^CV(37->26')>   -0.05017
|1T^CV(18->24')>   -0.06419
|1T^CV(17->26')>    0.09616
|1T^CV(13->10')>   -0.15257
|1T^CV(11->10')>   -0.07435
|1T^CV(8->12')>   -0.20506
|1T^CV(7->10')>   -0.06106
|1T^CV(5->3')>    0.05408
|1T^CV(5->4')>    0.06792
|1T^CV(5->6')>    0.06424
|1T^CV(5->10')>   -0.16199
|1T^CV(5->14')>    0.10529
|1T^CV(4->10')>   -0.05530
|1T^CV(4->14')>   -0.26277
|1T^CV(3->3')>   -0.05170
|1T^CV(3->4')>   -0.08770
|1T^CV(3->6')>   -0.09379
|1T^CV(3->10')>   -0.14982
|1T^CV(3->13')>    0.16412
|1T^CV(3->16')>   -0.18394
|1T^CV(3->18')>    0.12242
|1T^CV(3->19')>    0.09540
|1T^CV(3->20')>    0.06514
TDMs with Triplet 'Ground' state
TDMX:0.000   TDMY:-0.000   TDMZ:0.000   Oscillator Strength:0.00000   <S**2>: 0.000
--------------------------------------------------------------------
TDMs with Singlet 'Ground' state
TDMX:0.145   TDMY:-0.155   TDMZ:-0.041   Oscillator Strength:0.00301   <S**2>: 0.000
--------------------------------------------------------------------


State 18 2.661 eV 
Excitation    CI Coef
|3^CS(19->0)>    0.06607
|3^CS(6->0)>   -0.41377
|3^SV(0->7')>   -0.50830
|3^SV(0->22')>   -0.06926
|3S^CV(10->8')>   -0.13679
|3S^CV(9->8')>    0.05120
|3S^CV(9->9')>   -0.15378
|3S^CV(6->4')>    0.06036
|3S^CV(6->11')>   -0.06858
|3S^CV(6->15')>   -0.10218
|3S^CV(6->18')>    0.07085
|3S^CV(6->19')>   -0.05647
|3X^CV(41->22')>    0.06108
|3X^CV(20->22')>   -0.08824
|3X^CV(19->25')>    0.08417
|3X^CV(14->7')>    0.17485
|3X^CV(11->7')>    0.09380
|3X^CV(10->8')>    0.25327
|3X^CV(10->9')>    0.07165
|3X^CV(9->8')>   -0.07763
|3X^CV(9->9')>    0.28076
|3X^CV(7->7')>   -0.23800
|3X^CV(6->3')>    0.09528
|3X^CV(6->4')>   -0.13777
|3X^CV(6->6')>    0.09844
|3X^CV(6->11')>    0.13409
|3X^CV(6->15')>    0.19963
|3X^CV(6->16')>   -0.08396
|3X^CV(6->17')>   -0.05590
|3X^CV(6->18')>   -0.13004
|3X^CV(6->19')>    0.10089
|3X^CV(5->7')>    0.05676
TDMs with Triplet 'Ground' state
TDMX:0.223   TDMY:-0.076   TDMZ:0.006   Oscillator Strength:0.00362   <S**2>: 2.000
--------------------------------------------------------------------
TDMs with Singlet 'Ground' state
TDMX:-0.000   TDMY:0.000   TDMZ:0.000   Oscillator Strength:0.00000   <S**2>: 2.000
--------------------------------------------------------------------


State 19 2.670 eV 
Excitation    CI Coef
|1^ZW->    0.08418
|1^ZW+>   -0.07992
|1^CS(24->0)>    0.06905
|1^CS(20->0)>    0.08493
|1^CS(14->0)>    0.12592
|1^CS(11->0)>   -0.06412
|1^CS(7->0)>    0.49883
|1^CS(6->0)>    0.27889
|1^CS(5->0)>   -0.12195
|1^CS(2->0)>    0.18808
|1^CS(1->0)>   -0.18706
|1^SV(0->1')>   -0.09940
|1^SV(0->2')>    0.09848
|1^SV(0->3')>    0.15375
|1^SV(0->4')>   -0.14248
|1^SV(0->6')>    0.07032
|1^SV(0->7')>   -0.24914
|1^SV(0->11')>   -0.06203
|1T^CV(16->1')>    0.09053
|1T^CV(16->2')>   -0.07571
|1T^CV(16->15')>    0.09980
|1T^CV(14->1')>   -0.05788
|1T^CV(14->2')>    0.07384
|1T^CV(14->3')>    0.05816
|1T^CV(14->4')>   -0.09213
|1T^CV(14->7')>   -0.08915
|1T^CV(12->3')>   -0.05076
|1T^CV(12->5')>   -0.10624
|1T^CV(11->3')>    0.07124
|1T^CV(10->8')>   -0.21288
|1T^CV(10->9')>   -0.05276
|1T^CV(7->1')>   -0.07055
|1T^CV(7->3')>    0.09512
|1T^CV(7->4')>   -0.08214
|1T^CV(7->7')>    0.13333
|1T^CV(7->11')>   -0.06747
|1T^CV(7->18')>    0.05817
|1T^CV(7->19')>   -0.06441
|1T^CV(6->3')>   -0.05622
|1T^CV(6->4')>    0.07842
|1T^CV(6->6')>   -0.05340
|1T^CV(6->7')>    0.10599
|1T^CV(6->11')>   -0.06619
|1T^CV(6->15')>   -0.09982
|1T^CV(6->18')>    0.06178
|1T^CV(5->3')>   -0.05546
|1T^CV(2->4')>   -0.09203
|1T^CV(2->6')>    0.07541
|1T^CV(2->15')>   -0.06529
|1T^CV(1->3')>   -0.08249
|1T^CV(1->4')>    0.06956
|1T^CV(1->15')>    0.05807
TDMs with Triplet 'Ground' state
TDMX:0.000   TDMY:-0.000   TDMZ:0.000   Oscillator Strength:0.00000   <S**2>: 0.000
--------------------------------------------------------------------
TDMs with Singlet 'Ground' state
TDMX:0.652   TDMY:-0.166   TDMZ:-0.088   Oscillator Strength:0.02982   <S**2>: 0.000
--------------------------------------------------------------------


State 20 2.682 eV 
Excitation    CI Coef
|3^CS(3->0')>    0.22483
|3^SV(0'->10')>   -0.39455
|3^SV(0'->13')>    0.13655
|3^SV(0'->16')>   -0.11506
|3^SV(0'->18')>    0.06862
|3^SV(0'->19')>    0.05296
|3S^CV(37->26')>    0.05200
|3S^CV(17->24')>    0.05086
|3S^CV(17->26')>   -0.09861
|3S^CV(13->10')>    0.05262
|3S^CV(8->12')>    0.07525
|3S^CV(5->14')>   -0.11790
|3S^CV(4->14')>    0.29022
|3S^CV(3->4')>    0.07256
|3S^CV(3->6')>    0.07518
|3S^CV(3->10')>    0.26132
|3S^CV(3->13')>   -0.19939
|3S^CV(3->16')>    0.20027
|3S^CV(3->18')>   -0.13122
|3S^CV(3->19')>   -0.10178
|3S^CV(3->20')>   -0.06912
|3X^CV(37->26')>    0.05595
|3X^CV(17->24')>    0.05146
|3X^CV(17->26')>   -0.10414
|3X^CV(13->10')>    0.12757
|3X^CV(11->10')>    0.06204
|3X^CV(8->12')>    0.12256
|3X^CV(5->10')>    0.11987
|3X^CV(5->14')>   -0.12029
|3X^CV(4->14')>    0.29870
|3X^CV(3->4')>    0.08222
|3X^CV(3->6')>    0.08565
|3X^CV(3->10')>    0.23585
|3X^CV(3->13')>   -0.18968
|3X^CV(3->16')>    0.20316
|3X^CV(3->18')>   -0.13098
|3X^CV(3->19')>   -0.10182
|3X^CV(3->20')>   -0.06903
TDMs with Triplet 'Ground' state
TDMX:0.675   TDMY:-0.390   TDMZ:-0.052   Oscillator Strength:0.04011   <S**2>: 2.000
--------------------------------------------------------------------
TDMs with Singlet 'Ground' state
TDMX:0.000   TDMY:-0.000   TDMZ:-0.000   Oscillator Strength:0.00000   <S**2>: 2.000
--------------------------------------------------------------------


State 21 2.697 eV 
Excitation    CI Coef
|3^OS>   -0.06745
|3^CS(24->0)>    0.07556
|3^CS(14->0)>    0.19486
|3^CS(11->0)>    0.05061
|3^SV(0->1')>    0.07118
|3^SV(0->2')>   -0.05054
|3^SV(0->11')>    0.26790
|3^SV(0->15')>    0.19402
|3^SV(0->16')>   -0.09321
|3^SV(0->17')>   -0.07435
|3^SV(0->18')>   -0.18777
|3^SV(0->19')>    0.16202
|3^SV(0->20')>   -0.06173
|3^SV(0->25')>   -0.06885
|3S^CV(24->11')>   -0.05202
|3S^CV(22->1')>    0.07700
|3S^CV(22->17')>    0.06426
|3S^CV(20->11')>   -0.05711
|3S^CV(19->22')>   -0.07001
|3S^CV(16->15')>   -0.05611
|3S^CV(14->11')>    0.08514
|3S^CV(12->5')>    0.09088
|3S^CV(10->8')>   -0.19723
|3S^CV(10->9')>   -0.05090
|3S^CV(9->9')>    0.17870
|3S^CV(7->1')>    0.05198
|3S^CV(7->3')>   -0.11283
|3S^CV(7->4')>    0.12730
|3S^CV(7->6')>   -0.06466
|3S^CV(7->15')>   -0.10196
|3S^CV(6->7')>    0.25055
|3S^CV(5->3')>    0.05521
|3S^CV(2->6')>   -0.06703
|3S^CV(1->1')>   -0.06276
|3S^CV(1->17')>   -0.06481
|3X^CV(20->25')>   -0.05180
|3X^CV(19->22')>    0.08491
|3X^CV(16->1')>    0.05900
|3X^CV(16->15')>    0.06509
|3X^CV(14->11')>   -0.09691
|3X^CV(14->15')>   -0.06088
|3X^CV(12->5')>   -0.06946
|3X^CV(11->15')>   -0.05520
|3X^CV(10->8')>    0.22124
|3X^CV(9->9')>   -0.18984
|3X^CV(7->1')>   -0.08261
|3X^CV(7->2')>    0.05202
|3X^CV(7->3')>    0.12938
|3X^CV(7->4')>   -0.14908
|3X^CV(7->6')>    0.07598
|3X^CV(7->15')>    0.12032
|3X^CV(6->7')>   -0.31179
|3X^CV(5->3')>   -0.05451
|3X^CV(2->4')>   -0.07861
|3X^CV(2->6')>    0.06284
|3X^CV(1->3')>   -0.06441
|3X^CV(1->4')>    0.05975
TDMs with Triplet 'Ground' state
TDMX:-2.713   TDMY:1.034   TDMZ:0.071   Oscillator Strength:0.55736   <S**2>: 2.000
--------------------------------------------------------------------
TDMs with Singlet 'Ground' state
TDMX:-0.000   TDMY:0.000   TDMZ:0.000   Oscillator Strength:0.00000   <S**2>: 2.000
--------------------------------------------------------------------


State 22 2.723 eV 
Excitation    CI Coef
|3^CS(14->0)>    0.06379
|3^SV(0->1')>    0.05911
|3^SV(0->15')>    0.07753
|3^SV(0->18')>   -0.05186
|3^SV(0'->1')>    0.11004
|3^SV(0'->4')>   -0.05215
|3^SV(0'->13')>   -0.06468
|3S^CV(38->5')>    0.05933
|3S^CV(38->29')>    0.07833
|3S^CV(27->21')>    0.07854
|3S^CV(23->20')>   -0.05382
|3S^CV(22->1')>   -0.28922
|3S^CV(22->4')>    0.11967
|3S^CV(22->5')>    0.10605
|3S^CV(22->17')>   -0.22671
|3S^CV(22->18')>    0.07594
|3S^CV(21->2')>   -0.06978
|3S^CV(21->18')>   -0.08009
|3S^CV(16->1')>    0.06348
|3S^CV(16->4')>    0.06188
|3S^CV(15->1')>   -0.08078
|3S^CV(15->2')>   -0.15242
|3S^CV(15->3')>   -0.05233
|3S^CV(15->4')>   -0.07776
|3S^CV(15->6')>   -0.06539
|3S^CV(15->15')>    0.06003
|3S^CV(15->16')>    0.12569
|3S^CV(14->2')>    0.05782
|3S^CV(13->1')>    0.06842
|3S^CV(13->2')>    0.08157
|3S^CV(13->4')>    0.05985
|3S^CV(13->13')>    0.06998
|3S^CV(12->1')>    0.13834
|3S^CV(12->2')>   -0.05227
|3S^CV(12->4')>   -0.09587
|3S^CV(12->5')>   -0.28562
|3S^CV(12->6')>   -0.07817
|3S^CV(11->1')>    0.05389
|3S^CV(11->2')>   -0.13333
|3S^CV(11->3')>    0.17762
|3S^CV(11->5')>   -0.06596
|3S^CV(11->6')>   -0.06721
|3S^CV(10->8')>   -0.06853
|3S^CV(9->9')>    0.05490
|3S^CV(7->17')>    0.05217
|3S^CV(6->7')>    0.07834
|3S^CV(5->1')>   -0.05575
|3S^CV(5->3')>   -0.13759
|3S^CV(5->4')>   -0.09793
|3S^CV(4->3')>   -0.05502
|3S^CV(2->2')>    0.08106
|3S^CV(2->3')>   -0.06160
|3S^CV(2->5')>    0.05376
|3S^CV(2->6')>    0.19929
|3S^CV(2->13')>    0.05100
|3S^CV(2->20')>   -0.07560
|3S^CV(1->1')>    0.20770
|3S^CV(1->3')>    0.05145
|3S^CV(1->4')>    0.05545
|3S^CV(1->5')>   -0.18145
|3S^CV(1->16')>   -0.06587
|3S^CV(1->17')>    0.21232
|3X^CV(10->8')>    0.07353
|3X^CV(9->9')>   -0.05813
|3X^CV(6->7')>   -0.09798
TDMs with Triplet 'Ground' state
TDMX:-0.780   TDMY:0.260   TDMZ:0.077   Oscillator Strength:0.04546   <S**2>: 2.000
--------------------------------------------------------------------
TDMs with Singlet 'Ground' state
TDMX:-0.000   TDMY:0.000   TDMZ:0.000   Oscillator Strength:0.00000   <S**2>: 2.000
--------------------------------------------------------------------


State 23 2.760 eV 
Excitation    CI Coef
|3^CS(14->0)>    0.07164
|3^CS(1->0)>   -0.05845
|3^CS(5->0')>    0.10551
|3^CS(3->0')>    0.12831
|3^SV(0->1')>    0.06903
|3^SV(0->4')>   -0.06896
|3^SV(0->15')>    0.11653
|3^SV(0->18')>   -0.06073
|3^SV(0->19')>    0.05558
|3^SV(0'->4')>    0.05965
|3^SV(0'->16')>    0.05317
|3S^CV(31->21')>    0.07527
|3S^CV(24->11')>    0.06433
|3S^CV(24->19')>   -0.06437
|3S^CV(23->13')>   -0.05182
|3S^CV(22->1')>   -0.09457
|3S^CV(22->17')>   -0.07957
|3S^CV(21->5')>   -0.08948
|3S^CV(21->17')>   -0.05414
|3S^CV(20->11')>    0.06615
|3S^CV(16->1')>    0.09751
|3S^CV(16->2')>   -0.12624
|3S^CV(16->3')>   -0.10612
|3S^CV(16->4')>    0.07461
|3S^CV(16->5')>    0.07635
|3S^CV(16->15')>    0.14537
|3S^CV(16->19')>   -0.05104
|3S^CV(15->1')>    0.11279
|3S^CV(15->2')>    0.06508
|3S^CV(15->3')>    0.05052
|3S^CV(15->4')>    0.10258
|3S^CV(15->5')>    0.10424
|3S^CV(15->16')>   -0.09913
|3S^CV(15->17')>    0.06373
|3S^CV(14->1')>   -0.06631
|3S^CV(14->2')>    0.09537
|3S^CV(14->3')>    0.05763
|3S^CV(14->4')>   -0.10483
|3S^CV(14->5')>   -0.05675
|3S^CV(14->11')>   -0.08737
|3S^CV(13->3')>   -0.08589
|3S^CV(13->4')>   -0.05001
|3S^CV(13->13')>   -0.05687
|3S^CV(12->2')>    0.17336
|3S^CV(12->3')>   -0.14404
|3S^CV(12->5')>   -0.05105
|3S^CV(12->6')>    0.15252
|3S^CV(12->13')>    0.06706
|3S^CV(12->15')>   -0.08977
|3S^CV(12->16')>   -0.06954
|3S^CV(12->18')>   -0.09795
|3S^CV(11->1')>   -0.12741
|3S^CV(11->2')>   -0.05463
|3S^CV(11->5')>    0.15512
|3S^CV(10->8')>   -0.06766
|3S^CV(9->9')>    0.05638
|3S^CV(7->1')>   -0.09796
|3S^CV(7->2')>    0.07176
|3S^CV(7->3')>    0.12818
|3S^CV(7->4')>   -0.08477
|3S^CV(7->6')>    0.05302
|3S^CV(7->11')>   -0.07586
|3S^CV(7->18')>    0.05456
|3S^CV(6->7')>    0.07231
|3S^CV(5->1')>    0.13370
|3S^CV(5->2')>    0.06197
|3S^CV(5->4')>    0.09358
|3S^CV(5->5')>   -0.08742
|3S^CV(5->6')>    0.05851
|3S^CV(4->1')>    0.05322
|3S^CV(3->10')>   -0.05044
|3S^CV(2->4')>   -0.20407
|3S^CV(2->5')>   -0.12029
|3S^CV(2->15')>   -0.07245
|3S^CV(2->16')>    0.06509
|3S^CV(2->17')>   -0.05111
|3S^CV(1->1')>    0.05269
|3S^CV(1->2')>   -0.07150
|3S^CV(1->3')>   -0.19568
|3S^CV(1->5')>   -0.05037
|3S^CV(1->6')>   -0.07168
|3S^CV(1->13')>   -0.06163
|3S^CV(1->15')>    0.08176
|3S^CV(1->17')>    0.05322
|3X^CV(14->4')>    0.05266
|3X^CV(12->5')>    0.06880
|3X^CV(10->8')>    0.06458
|3X^CV(9->9')>   -0.06339
|3X^CV(7->11')>    0.06214
|3X^CV(6->7')>   -0.09516
|3X^CV(2->2')>   -0.05765
|3X^CV(2->6')>   -0.05840
|3X^CV(1->4')>   -0.05735
TDMs with Triplet 'Ground' state
TDMX:-0.296   TDMY:0.289   TDMZ:-0.039   Oscillator Strength:0.01165   <S**2>: 2.000
--------------------------------------------------------------------
TDMs with Singlet 'Ground' state
TDMX:-0.000   TDMY:-0.000   TDMZ:-0.000   Oscillator Strength:0.00000   <S**2>: 2.000
--------------------------------------------------------------------


State 24 2.804 eV 
Excitation    CI Coef
|3^CS(23->0')>   -0.07110
|3^CS(17->0')>    0.14809
|3^CS(15->0')>    0.07821
|3^CS(11->0')>   -0.06454
|3^CS(7->0')>   -0.05416
|3^CS(5->0')>    0.34256
|3^CS(4->0')>    0.13274
|3^CS(3->0')>    0.54777
|3^CS(2->0')>    0.06076
|3^SV(0'->1')>    0.08675
|3^SV(0'->13')>   -0.15087
|3^SV(0'->15')>   -0.07147
|3^SV(0'->16')>   -0.16208
|3^SV(0'->18')>    0.09237
|3^SV(0'->19')>    0.07970
|3^SV(0'->20')>    0.06172
|3S^CV(17->26')>    0.06878
|3S^CV(13->10')>   -0.07183
|3S^CV(13->13')>    0.05047
|3S^CV(8->12')>   -0.05142
|3S^CV(5->10')>   -0.06687
|3S^CV(5->14')>    0.08008
|3S^CV(4->14')>   -0.18640
|3S^CV(3->4')>   -0.06207
|3S^CV(3->6')>   -0.06510
|3S^CV(3->10')>   -0.20814
|3S^CV(3->13')>    0.14303
|3S^CV(3->16')>   -0.16499
|3S^CV(3->18')>    0.10191
|3S^CV(3->19')>    0.07586
|3X^CV(15->1')>   -0.05185
|3X^CV(15->2')>   -0.06004
|3X^CV(15->16')>    0.07472
|3X^CV(13->4')>    0.06055
|3X^CV(13->6')>    0.05005
|3X^CV(12->5')>   -0.07714
|3X^CV(11->1')>    0.08016
|3X^CV(11->3')>    0.06122
|3X^CV(11->5')>   -0.05717
|3X^CV(5->1')>   -0.05675
|3X^CV(5->3')>   -0.05646
|3X^CV(5->4')>   -0.05292
|3X^CV(5->13')>   -0.06322
|3X^CV(4->14')>    0.08097
|3X^CV(3->10')>    0.12223
|3X^CV(3->13')>   -0.07213
|3X^CV(3->16')>    0.05336
|3X^CV(2->5')>    0.05363
|3X^CV(1->2')>    0.05632
TDMs with Triplet 'Ground' state
TDMX:0.865   TDMY:0.194   TDMZ:-0.145   Oscillator Strength:0.05541   <S**2>: 2.000
--------------------------------------------------------------------
TDMs with Singlet 'Ground' state
TDMX:0.000   TDMY:-0.000   TDMZ:-0.000   Oscillator Strength:0.00000   <S**2>: 2.000
--------------------------------------------------------------------


State 25 2.853 eV 
Excitation    CI Coef
|3^CS(24->0)>   -0.05630
|3^CS(6->0)>   -0.07617
|3^CS(3->0')>    0.14591
|3^SV(0->1')>   -0.07756
|3^SV(0->2')>    0.05256
|3^SV(0->11')>    0.13498
|3^SV(0->15')>   -0.13823
|3^SV(0->18')>    0.06268
|3^SV(0'->2')>   -0.06739
|3^SV(0'->13')>    0.11246
|3^SV(0'->16')>    0.06733
|3S^CV(43->27')>    0.05057
|3S^CV(38->5')>    0.06109
|3S^CV(38->21')>   -0.05699
|3S^CV(38->29')>    0.05787
|3S^CV(27->29')>   -0.05139
|3S^CV(24->11')>   -0.07635
|3S^CV(23->4')>    0.06028
|3S^CV(23->13')>   -0.05742
|3S^CV(23->19')>    0.05058
|3S^CV(22->1')>   -0.27163
|3S^CV(22->4')>    0.12100
|3S^CV(22->5')>    0.14821
|3S^CV(22->17')>   -0.21624
|3S^CV(22->18')>    0.06767
|3S^CV(22->19')>   -0.05671
|3S^CV(21->2')>   -0.05380
|3S^CV(21->3')>    0.08692
|3S^CV(20->11')>   -0.07849
|3S^CV(16->1')>   -0.10663
|3S^CV(16->2')>    0.05787
|3S^CV(16->4')>   -0.05634
|3S^CV(16->11')>    0.07034
|3S^CV(16->15')>   -0.09565
|3S^CV(15->2')>    0.08350
|3S^CV(15->6')>    0.05333
|3S^CV(15->15')>   -0.05842
|3S^CV(15->16')>   -0.07431
|3S^CV(14->1')>    0.08480
|3S^CV(14->3')>   -0.06271
|3S^CV(14->4')>    0.06225
|3S^CV(14->11')>    0.10026
|3S^CV(13->1')>   -0.05699
|3S^CV(13->4')>   -0.05477
|3S^CV(13->10')>   -0.05442
|3S^CV(13->13')>   -0.06877
|3S^CV(12->1')>    0.11208
|3S^CV(12->17')>    0.10992
|3S^CV(11->2')>   -0.09441
|3S^CV(10->8')>    0.06419
|3S^CV(7->1')>    0.12349
|3S^CV(7->2')>   -0.05946
|3S^CV(7->3')>   -0.08368
|3S^CV(7->4')>    0.12363
|3S^CV(7->11')>    0.06186
|3S^CV(7->18')>   -0.06799
|3S^CV(7->19')>    0.07754
|3S^CV(5->2')>    0.08777
|3S^CV(5->3')>    0.07770
|3S^CV(5->6')>    0.09620
|3S^CV(5->16')>    0.05199
|3S^CV(4->14')>   -0.05591
|3S^CV(3->13')>    0.05338
|3S^CV(2->2')>   -0.10816
|3S^CV(2->3')>   -0.15725
|3S^CV(2->15')>    0.06146
|3S^CV(2->18')>    0.05072
|3S^CV(2->20')>   -0.05709
|3S^CV(1->1')>    0.07614
|3S^CV(1->4')>   -0.21321
|3S^CV(1->5')>   -0.13212
|3S^CV(1->16')>    0.05323
|3S^CV(1->17')>    0.17377
|3S^CV(1->18')>   -0.05027
|3X^CV(16->15')>    0.05330
|3X^CV(15->16')>   -0.05175
|3X^CV(14->4')>   -0.05541
|3X^CV(14->11')>   -0.05185
|3X^CV(7->11')>   -0.07780
|3X^CV(6->7')>    0.06399
|3X^CV(5->4')>    0.06093
|3X^CV(2->4')>   -0.07675
|3X^CV(1->3')>   -0.07423
TDMs with Triplet 'Ground' state
TDMX:0.371   TDMY:0.000   TDMZ:0.035   Oscillator Strength:0.00970   <S**2>: 2.000
--------------------------------------------------------------------
TDMs with Singlet 'Ground' state
TDMX:0.000   TDMY:-0.000   TDMZ:-0.000   Oscillator Strength:0.00000   <S**2>: 2.000
--------------------------------------------------------------------


State 26 2.854 eV 
Excitation    CI Coef
|1^ZW->    0.07056
|1^CS(14->0)>    0.09835
|1^CS(7->0)>   -0.11858
|1^CS(21->0')>    0.06609
|1^CS(18->0')>    0.06294
|1^CS(17->0')>    0.07334
|1^CS(15->0')>    0.06866
|1^CS(13->0')>   -0.23249
|1^CS(11->0')>   -0.12729
|1^CS(7->0')>   -0.07689
|1^CS(5->0')>   -0.18155
|1^CS(4->0')>   -0.07474
|1^CS(3->0')>   -0.12860
|1^SV(0->1')>   -0.07573
|1^SV(0->11')>   -0.10451
|1^SV(0->15')>   -0.06890
|1^SV(0'->1')>   -0.25956
|1^SV(0'->2')>   -0.14546
|1^SV(0'->6')>    0.05444
|1^SV(0'->13')>   -0.21366
|1^SV(0'->16')>    0.19240
|1^SV(0'->18')>   -0.11511
|1^SV(0'->19')>   -0.05886
|1T^CV(27->21')>    0.05396
|1T^CV(22->1')>   -0.13919
|1T^CV(22->17')>   -0.09036
|1T^CV(17->26')>    0.06183
|1T^CV(16->1')>    0.06893
|1T^CV(15->1')>   -0.08317
|1T^CV(15->2')>   -0.14446
|1T^CV(15->13')>   -0.05662
|1T^CV(15->16')>    0.06050
|1T^CV(13->1')>    0.05826
|1T^CV(13->2')>    0.06039
|1T^CV(13->16')>   -0.08037
|1T^CV(12->1')>    0.07356
|1T^CV(12->4')>   -0.05803
|1T^CV(12->5')>   -0.19169
|1T^CV(11->1')>    0.05430
|1T^CV(11->2')>   -0.07836
|1T^CV(11->3')>    0.11076
|1T^CV(11->6')>   -0.06146
|1T^CV(10->8')>    0.07579
|1T^CV(8->12')>    0.13895
|1T^CV(6->7')>   -0.08377
|1T^CV(5->1')>   -0.07185
|1T^CV(5->2')>   -0.05832
|1T^CV(5->3')>   -0.09557
|1T^CV(5->4')>   -0.06140
|1T^CV(5->14')>    0.08568
|1T^CV(4->14')>   -0.20248
|1T^CV(3->10')>   -0.24823
|1T^CV(3->13')>    0.09112
|1T^CV(3->16')>   -0.07494
|1T^CV(2->6')>    0.15267
|1T^CV(2->20')>   -0.07221
|1T^CV(1->1')>    0.13033
|1T^CV(1->4')>    0.07535
|1T^CV(1->5')>   -0.12264
|1T^CV(1->16')>   -0.05435
|1T^CV(1->17')>    0.13537
|1T^CV(1->19')>   -0.05183
TDMs with Triplet 'Ground' state
TDMX:0.000   TDMY:0.000   TDMZ:0.000   Oscillator Strength:0.00000   <S**2>: 0.000
--------------------------------------------------------------------
TDMs with Singlet 'Ground' state
TDMX:-0.827   TDMY:0.043   TDMZ:0.139   Oscillator Strength:0.04895   <S**2>: 0.000
--------------------------------------------------------------------


State 27 2.857 eV 
Excitation    CI Coef
|5^CV(38->29')>   -0.06208
|5^CV(31->23')>    0.05260
|5^CV(27->21')>   -0.08797
|5^CV(25->21')>    0.05337
|5^CV(24->20')>   -0.05262
|5^CV(23->19')>    0.05616
|5^CV(23->20')>    0.05810
|5^CV(22->1')>    0.21001
|5^CV(22->4')>   -0.07200
|5^CV(22->17')>    0.14450
|5^CV(21->2')>    0.06187
|5^CV(21->3')>    0.05786
|5^CV(21->18')>    0.08703
|5^CV(20->11')>   -0.05134
|5^CV(18->13')>    0.05636
|5^CV(16->1')>   -0.12219
|5^CV(16->2')>    0.06366
|5^CV(16->4')>   -0.08513
|5^CV(16->15')>   -0.09525
|5^CV(15->1')>    0.07736
|5^CV(15->2')>    0.18524
|5^CV(15->4')>    0.05465
|5^CV(15->6')>    0.06835
|5^CV(15->15')>   -0.07552
|5^CV(15->16')>   -0.12507
|5^CV(14->1')>    0.05418
|5^CV(14->2')>   -0.09814
|5^CV(14->4')>    0.07353
|5^CV(14->11')>    0.07777
|5^CV(13->1')>   -0.08984
|5^CV(13->2')>   -0.09761
|5^CV(13->4')>   -0.06666
|5^CV(13->13')>   -0.09062
|5^CV(12->1')>   -0.11668
|5^CV(12->4')>    0.10789
|5^CV(12->5')>    0.32903
|5^CV(11->2')>    0.14709
|5^CV(11->3')>   -0.19565
|5^CV(11->6')>    0.08315
|5^CV(11->20')>    0.05435
|5^CV(8->12')>   -0.06574
|5^CV(7->1')>    0.08756
|5^CV(7->3')>   -0.12217
|5^CV(7->4')>    0.12899
|5^CV(5->1')>    0.06675
|5^CV(5->2')>    0.05980
|5^CV(5->3')>    0.19075
|5^CV(5->4')>    0.10593
|5^CV(5->6')>    0.05467
|5^CV(4->3')>    0.07745
|5^CV(3->10')>    0.05989
|5^CV(2->2')>   -0.12765
|5^CV(2->6')>   -0.25663
|5^CV(2->11')>    0.05825
|5^CV(2->13')>   -0.06675
|5^CV(2->15')>    0.07766
|5^CV(2->20')>    0.07139
|5^CV(1->1')>   -0.21651
|5^CV(1->4')>   -0.16034
|5^CV(1->5')>    0.18511
|5^CV(1->6')>   -0.05461
|5^CV(1->15')>   -0.05954
|5^CV(1->16')>    0.08015
|5^CV(1->17')>   -0.19562
TDMs with Triplet 'Ground' state
TDMX:-0.000   TDMY:0.000   TDMZ:-0.000   Oscillator Strength:0.00000   <S**2>: 6.000
--------------------------------------------------------------------
TDMs with Singlet 'Ground' state
TDMX:-0.000   TDMY:0.000   TDMZ:0.000   Oscillator Strength:0.00000   <S**2>: 6.000
--------------------------------------------------------------------


State 28 2.886 eV 
Excitation    CI Coef
|3^CS(19->0)>   -0.11353
|3^CS(11->0)>    0.05858
|3^CS(7->0)>   -0.21142
|3^CS(6->0)>    0.54456
|3^CS(5->0)>    0.07289
|3^CS(2->0)>   -0.08161
|3^CS(1->0)>    0.06775
|3^CS(3->0')>   -0.05237
|3^SV(0->1')>    0.13556
|3^SV(0->11')>   -0.07675
|3^SV(0->15')>    0.06402
|3T^CV(2->1')>    0.05484
|3S^CV(41->22')>   -0.05610
|3S^CV(22->1')>   -0.06343
|3S^CV(20->22')>    0.08099
|3S^CV(19->22')>    0.05272
|3S^CV(19->25')>   -0.08465
|3S^CV(14->7')>   -0.14944
|3S^CV(11->7')>   -0.07893
|3S^CV(10->8')>   -0.23506
|3S^CV(10->9')>   -0.08525
|3S^CV(9->8')>    0.12400
|3S^CV(9->9')>   -0.38641
|3S^CV(7->7')>    0.19157
|3S^CV(6->3')>   -0.09355
|3S^CV(6->4')>    0.13393
|3S^CV(6->6')>   -0.09804
|3S^CV(6->7')>   -0.10407
|3S^CV(6->11')>   -0.13354
|3S^CV(6->15')>   -0.19433
|3S^CV(6->16')>    0.08410
|3S^CV(6->17')>    0.05570
|3S^CV(6->18')>    0.12986
|3S^CV(6->19')>   -0.10126
|3S^CV(2->2')>   -0.05369
|3S^CV(1->4')>   -0.05298
|3^CSD(13,6)>    0.05396
TDMs with Triplet 'Ground' state
TDMX:-0.458   TDMY:-0.493   TDMZ:-0.388   Oscillator Strength:0.04263   <S**2>: 2.000
--------------------------------------------------------------------
TDMs with Singlet 'Ground' state
TDMX:0.000   TDMY:-0.000   TDMZ:-0.000   Oscillator Strength:0.00000   <S**2>: 2.000
--------------------------------------------------------------------


State 29 2.898 eV 
Excitation    CI Coef
|1^CS(21->0)>    0.05858
|1^CS(20->0)>    0.10902
|1^CS(14->0)>   -0.22991
|1^CS(13->0)>    0.05874
|1^CS(11->0)>   -0.13512
|1^CS(7->0)>    0.22952
|1^CS(6->0)>    0.09672
|1^CS(13->0')>   -0.10404
|1^CS(11->0')>   -0.07067
|1^CS(5->0')>   -0.06854
|1^SV(0->1')>    0.13743
|1^SV(0->2')>   -0.05647
|1^SV(0->11')>    0.33520
|1^SV(0->15')>    0.17428
|1^SV(0->18')>   -0.06237
|1^SV(0'->1')>   -0.13113
|1^SV(0'->2')>   -0.09065
|1^SV(0'->13')>   -0.09392
|1^SV(0'->16')>    0.09328
|1^SV(0'->18')>   -0.05584
|1T^CV(31->21')>   -0.05062
|1T^CV(24->11')>    0.05470
|1T^CV(22->1')>    0.07460
|1T^CV(22->17')>    0.05664
|1T^CV(19->22')>   -0.07419
|1T^CV(16->1')>   -0.09507
|1T^CV(16->2')>    0.10769
|1T^CV(16->3')>    0.07370
|1T^CV(16->4')>   -0.06374
|1T^CV(16->5')>   -0.05136
|1T^CV(16->15')>   -0.07663
|1T^CV(15->1')>   -0.07145
|1T^CV(15->4')>   -0.05054
|1T^CV(15->5')>   -0.06854
|1T^CV(14->2')>   -0.06810
|1T^CV(14->5')>    0.05911
|1T^CV(14->15')>    0.10032
|1T^CV(12->2')>   -0.09561
|1T^CV(12->3')>    0.08160
|1T^CV(12->4')>    0.06016
|1T^CV(12->5')>    0.09716
|1T^CV(12->6')>   -0.08602
|1T^CV(11->1')>    0.08126
|1T^CV(11->2')>    0.06634
|1T^CV(11->3')>   -0.05867
|1T^CV(11->5')>   -0.08762
|1T^CV(11->15')>    0.06035
|1T^CV(10->8')>   -0.21645
|1T^CV(9->9')>    0.14940
|1T^CV(8->12')>    0.08536
|1T^CV(7->1')>    0.08726
|1T^CV(7->2')>   -0.05953
|1T^CV(7->3')>   -0.09555
|1T^CV(7->4')>    0.06715
|1T^CV(7->15')>   -0.06207
|1T^CV(7->18')>    0.06738
|1T^CV(7->19')>   -0.06072
|1T^CV(6->7')>    0.26397
|1T^CV(5->1')>   -0.09423
|1T^CV(4->14')>   -0.09124
|1T^CV(3->10')>   -0.11860
|1T^CV(2->4')>    0.14709
|1T^CV(2->5')>    0.06367
|1T^CV(2->6')>   -0.05029
|1T^CV(2->15')>    0.05804
|1T^CV(2->17')>    0.05047
|1T^CV(2->19')>   -0.06456
|1T^CV(1->1')>   -0.05628
|1T^CV(1->3')>    0.13875
|1T^CV(1->5')>    0.05015
|1T^CV(1->6')>    0.05370
|1T^CV(1->15')>   -0.06555
|1T^CV(1->17')>   -0.06835
TDMs with Triplet 'Ground' state
TDMX:-0.000   TDMY:0.000   TDMZ:-0.000   Oscillator Strength:0.00000   <S**2>: 0.000
--------------------------------------------------------------------
TDMs with Singlet 'Ground' state
TDMX:-0.805   TDMY:0.204   TDMZ:0.104   Oscillator Strength:0.04934   <S**2>: 0.000
--------------------------------------------------------------------

Wall clock time: 89.3039 seconds
