                    ---------------------------------
                    | Radical ExROPPP Calculation |
                    ---------------------------------

Molecule: ./TTM-Ph-TTM.xyz radical

--------------------------------
Cartesian Coordinates / Angstrom
--------------------------------

Cl -5.81388 1.59847 2.20776
C -5.00201 0.73840 0.93723
C -5.75109 -0.00009 -0.00007
C -5.00201 -0.73859 -0.93736
Cl -5.81386 -1.59861 -2.20794
C -3.61329 -0.74603 -0.94263
H -3.09604 -1.30663 -1.72082
C -2.89695 -0.00011 -0.00005
C -3.61329 0.74582 0.94252
H -3.09604 1.30642 1.72071
C 7.22149 -0.00001 0.00002
C 7.95671 1.27504 -0.01227
C 7.70340 2.27020 -0.97682
Cl 6.57038 1.96998 -2.25380
C 8.38250 3.48330 -0.99699
C 9.35526 3.72399 -0.03198
Cl 10.21123 5.22863 -0.04401
C 9.65024 2.77522 0.94200
C 8.95036 1.57362 0.94068
Cl 9.27518 0.46015 2.22876
C 7.95679 -1.27502 0.01229
C 8.95043 -1.57354 -0.94068
Cl 9.27515 -0.46008 -2.22879
C 9.65039 -2.77510 -0.94201
C 9.35549 -3.72388 0.03198
Cl 10.21157 -5.22846 0.04401
C 8.38275 -3.48325 0.99702
C 7.70357 -2.27019 0.97686
Cl 6.57057 -1.97003 2.25388
C -7.22144 -0.00003 -0.00007
C -7.95685 -1.27500 0.01018
C -7.70368 -2.27175 0.97312
Cl -6.57051 -1.97373 2.25048
C -8.38294 -3.48479 0.99131
C -9.35570 -3.72379 0.02588
Cl -10.21183 -5.22836 0.03537
C -9.65054 -2.77340 -0.94655
C -8.95050 -1.57190 -0.94327
Cl -9.27508 -0.45639 -2.22964
C -7.95672 1.27501 -0.01022
C -8.95020 1.57203 0.94338
Cl -9.27472 0.45657 2.22981
C -9.65011 2.77361 0.94675
C -9.35530 3.72396 -0.02573
Cl -10.21124 5.22863 -0.03510
C -8.38270 3.48485 -0.99130
C -7.70357 2.27173 -0.97320
Cl -6.57064 1.97358 -2.25074
H 8.16571 4.22017 -1.76817
H 10.40014 2.97221 1.70613
H 10.40028 -2.97205 -1.70616
H 8.16603 -4.22012 1.76821
H -8.16622 -4.22296 1.76127
H -10.39985 2.96937 1.71134
H -8.16601 4.22299 -1.76129
H -10.40042 -2.96907 -1.71104
C 3.61331 0.74697 0.94167
C 5.00203 0.73961 0.93636
C 5.75112 -0.00004 0.00001
C 5.00206 -0.73971 -0.93636
C 3.61334 -0.74711 -0.94169
C 2.89695 -0.00008 -0.00002
H 3.09611 1.30846 1.71924
Cl 5.81394 1.60126 2.20580
Cl 5.81402 -1.60136 -2.20578
H 3.09617 -1.30863 -1.71926
C 0.69498 -1.15340 -0.34226
C -0.69499 -1.15340 -0.34230
C -1.41453 -0.00011 -0.00005
C -0.69500 1.15319 0.34222
C 0.69496 1.15321 0.34219
C 1.41453 -0.00010 -0.00003
H 1.23107 -2.07398 -0.57906
H -1.23111 -2.07395 -0.57919
H -1.23114 2.07372 0.57910
H 1.23104 2.07379 0.57901

There are 60 heavy atoms.
There are 76 electrons in 60 orbitals.


Carbon 1e params: A = -22.717075 b = 1.705616

Nitrogen 1e params: alphan2 = -17.681338 Acn2 = -24.737202 bcn2 = 1.433639

Chlorine 1e params: alphacl = -10.335674 Accl = -26.021937 bccl=1.451861
C-Cl bond
C-Cl bond
C-Cl bond
C-Cl bond
C-Cl bond
C-Cl bond
C-Cl bond
C-Cl bond
C-Cl bond
C-Cl bond
C-Cl bond
C-Cl bond
C-Cl bond
C-Cl bond
C-Cl bond
C-Cl bond
Cl atom 45
Cl atom 46
Cl atom 47
Cl atom 48
Cl atom 49
Cl atom 50
Cl atom 51
Cl atom 52
Cl atom 53
Cl atom 54
Cl atom 55
Cl atom 56
Cl atom 57
Cl atom 58
Cl atom 59
Cl atom 60

Carbon 2e params: U = 8.420838 r0 = 1.173157

Nitrogen 2e params: Un2n2 = 17.979843 r0n2n2 = 1.111791

Chlorine 2e params: Uclcl= 9.642991 r0clcl = 2.253316

Mixed 2e params: Ucn2 = 13.200341 Uccl = 9.031915 Un2cl = 13.811417 r0cn2 =1.142474 r0ccl = 1.713237 r0n2cl = 1.682554
[8.42083845 3.82599511 2.77522411 2.50614167 2.74957781 3.85609843
 0.73423614 0.69679636 0.69999444 0.65980902 0.62251024 0.61873851
 0.65205519 0.68987113 0.63983022 0.60393519 0.60848541 0.64958866
 0.69422796 2.67504127 2.02979632 1.89322243 1.50062464 1.32183794
 1.35400978 1.61439437 2.28567956 1.89673722 1.58131561 1.51078206
 1.6640517  2.0495891  1.00924377 0.88384993 0.82377686 0.86219452
 0.97663904 1.07828552 1.35126812 1.6333594  1.9941854  1.78294488
 1.42839729 1.28303167 4.48637742 2.70765465 1.12287421 0.87891318
 0.96401454 0.94431649 0.85587623 1.13185125 3.02792717 1.59761753
 2.15980415 2.50139517 1.78701946 2.82636495 1.22443998 1.17073903]

-------------------------------------
Restricted Open-shell PPP Calculation
-------------------------------------

Starting SCF cycle...

Iter   Energy        Dens Change      Energy Change
-----------------------------------------------------
0 -256.3290240683541 0.12411606257860211 -256.3290240683541
1 -268.9867211990676 0.041508105137337103 -12.657697130713473
2 -274.6178231873832 0.01337980316675369 -5.631101988315606
3 -276.5341128687376 0.004305662629886853 -1.916289681354442
4 -277.14123398644745 0.0013835902915682041 -0.6071211177098235
5 -277.33275250853814 0.00044710620689208946 -0.1915185220906892
6 -277.39319785112014 0.0001449972907434649 -0.06044534258199974
7 -277.41245918483753 4.731311655459258e-05 -0.019261333717395246
8 -277.41861988682086 1.933898753980756e-05 -0.006160701983333183
9 -277.4206045361774 1.0048869348300293e-05 -0.001984649356529644
10 -277.4212454155175 5.084594450033286e-06 -0.0006408793400964896
11 -277.4214532618568 2.5282634983914143e-06 -0.0002078463393218044
12 -277.42152073001796 1.2421001738815995e-06 -6.746816114855392e-05
13 -277.42154266971886 6.051700732756515e-07 -2.1939700900475145e-05
14 -277.42154979724245 2.9311226046324634e-07 -7.127523588223994e-06
15 -277.42155210993997 1.4137547416082086e-07 -2.3126975179366127e-06
16 -277.4215528571726 6.798428020537983e-08 -7.472326615243219e-07
17 -277.42155309708363 3.262165232387204e-08 -2.39911003063753e-07
18 -277.4215531732427 1.5628800420497413e-08 -7.615909680680488e-08
19 -277.42155319699134 7.479211527883223e-09 -2.374861196585698e-08
20 -277.4215532041752 3.576275331429457e-09 -7.183871275628917e-09
21 -277.42155320623857 1.7090267534491943e-09 -2.06335926122847e-09
22 -277.4215532067699 8.163568709917968e-10 -5.313154360919725e-10
23 -277.4215532068751 3.898309453020943e-10 -1.0521716831135564e-10
24 -277.4215532068756 1.861115150880721e-10 -5.115907697472721e-13
25 -277.4215532068611 8.883949131899271e-11 1.4495071809506044e-11
26 -277.4215532068474 4.240074957806428e-11 1.3699263945454732e-11
27 -277.4215532068379 2.0236035069842728e-11 9.492850949754938e-12
28 -277.42155320683537 9.657219468550693e-12 2.5579538487363607e-12
29 -277.42155320683247 4.60875781982395e-12 2.8990143619012088e-12
30 -277.42155320683185 2.19912976717751e-12 6.252776074688882e-13
31 -277.4215532068313 1.0497713809343168e-12 5.684341886080801e-13
32 -277.42155320682934 5.003775171985581e-13 1.9326762412674725e-12
33 -277.42155320683037 2.3925306180672123e-13 -1.0231815394945443e-12
34 -277.4215532068314 1.1418643808269735e-13 -1.0231815394945443e-12
35 -277.42155320682946 5.484501741648273e-14 1.9326762412674725e-12
36 -277.42155320683 2.581268532253489e-14 -5.684341886080801e-13
37 -277.42155320683014 1.2434497875801753e-14 -1.1368683772161603e-13
38 -277.42155320682997 5.995204332975845e-15 1.7053025658242404e-13
39 -277.4215532068299 2.9976021664879227e-15 5.684341886080802e-14
40 -277.42155320683037 2.4424906541753444e-15 -4.547473508864641e-13
ENERGY0: -277.42155320683037

--------------------------
Converged ROPPP Orbitals
--------------------------

orbital number 1 energy -8.126908496690957
[0.07 0.07 0.07 0.04 0.04 0.04 0.07 0.14 0.18 0.13 0.17 0.13 0.18 0.14
 0.18 0.13 0.17 0.13 0.18 0.07 0.14 0.18 0.13 0.17 0.13 0.18 0.14 0.18
 0.13 0.17 0.13 0.18 0.04 0.07 0.07 0.07 0.04 0.04 0.01 0.01 0.02 0.01
 0.01 0.02 0.07 0.07 0.17 0.17 0.17 0.17 0.17 0.17 0.17 0.17 0.17 0.17
 0.17 0.17 0.07 0.07]
orbital number 2 energy -8.126198461576852
[-0.06 -0.06 -0.06 -0.04 -0.03 -0.04  0.07  0.14  0.18  0.13  0.17  0.13
  0.18  0.14  0.18  0.13  0.17  0.13  0.18 -0.07 -0.14 -0.18 -0.13 -0.17
 -0.13 -0.18 -0.14 -0.18 -0.13 -0.17 -0.13 -0.18  0.04  0.06  0.06  0.06
  0.04  0.03  0.   -0.   -0.01 -0.    0.    0.01 -0.06 -0.06  0.17  0.17
  0.17  0.17  0.17  0.17 -0.17 -0.17 -0.17 -0.17 -0.17 -0.17  0.06  0.06]
orbital number 3 energy -8.076563731623796
[-0.   -0.    0.    0.   -0.   -0.   -0.    0.    0.01  0.    0.01  0.
  0.01 -0.   -0.01 -0.   -0.01 -0.   -0.01 -0.    0.18  0.25  0.2   0.26
  0.2   0.25 -0.18 -0.25 -0.2  -0.26 -0.2  -0.25  0.    0.   -0.   -0.
 -0.   -0.    0.    0.   -0.   -0.   -0.   -0.   -0.    0.    0.01  0.01
  0.01 -0.01 -0.01 -0.01  0.25  0.26  0.25 -0.25 -0.26 -0.25  0.   -0.  ]
orbital number 4 energy -8.076550860826387
[-0.    0.    0.    0.    0.   -0.    0.   -0.18 -0.25 -0.2  -0.26 -0.2
 -0.25  0.18  0.25  0.2   0.26  0.2   0.25 -0.    0.    0.01  0.    0.01
  0.    0.01 -0.   -0.01 -0.   -0.01 -0.   -0.01 -0.   -0.    0.    0.
  0.    0.    0.    0.    0.   -0.   -0.    0.   -0.    0.   -0.25 -0.26
 -0.25  0.25  0.26  0.25  0.01  0.01  0.01 -0.01 -0.01 -0.01 -0.    0.  ]
orbital number 5 energy -7.97168847812932
[ 0.28  0.21  0.28  0.17  0.16  0.17  0.04 -0.02 -0.04 -0.03 -0.05 -0.03
 -0.04 -0.02 -0.04 -0.03 -0.05 -0.03 -0.04  0.04 -0.02 -0.04 -0.03 -0.05
 -0.03 -0.04 -0.02 -0.04 -0.03 -0.05 -0.03 -0.04  0.17  0.28  0.21  0.28
  0.17  0.16  0.07  0.07  0.1   0.07  0.07  0.1   0.29  0.29 -0.04 -0.05
 -0.04 -0.04 -0.05 -0.04 -0.04 -0.05 -0.04 -0.04 -0.05 -0.04  0.29  0.29]
orbital number 6 energy -7.95117199560621
[-0.28 -0.22 -0.28 -0.17 -0.15 -0.17  0.04 -0.02 -0.04 -0.03 -0.05 -0.03
 -0.04 -0.02 -0.04 -0.03 -0.05 -0.03 -0.04 -0.04  0.02  0.04  0.03  0.05
  0.03  0.04  0.02  0.04  0.03  0.05  0.03  0.04  0.17  0.28  0.22  0.28
  0.17  0.15  0.02 -0.02 -0.05 -0.02  0.02  0.05 -0.3  -0.3  -0.04 -0.05
 -0.04 -0.04 -0.05 -0.04  0.04  0.05  0.04  0.04  0.05  0.04  0.3   0.3 ]
orbital number 7 energy -7.178910108473239
[ 0.31 -0.   -0.31 -0.13  0.    0.13 -0.   -0.   -0.01 -0.    0.    0.01
  0.01  0.   -0.01 -0.01 -0.    0.    0.01 -0.   -0.   -0.03 -0.01  0.01
  0.01  0.02  0.   -0.02 -0.01 -0.01  0.01  0.03 -0.07 -0.16 -0.    0.16
  0.07  0.    0.    0.    0.   -0.   -0.    0.    0.52 -0.52 -0.03  0.01
  0.02 -0.02 -0.01  0.03 -0.05  0.01  0.03 -0.03 -0.01  0.05 -0.28  0.28]
orbital number 8 energy -7.178881400233116
[ 0.16  0.   -0.16 -0.07 -0.    0.07  0.    0.    0.03  0.01 -0.01 -0.01
 -0.02 -0.    0.02  0.01  0.01 -0.01 -0.03  0.   -0.   -0.01 -0.    0.
  0.01  0.01  0.   -0.01 -0.01 -0.    0.    0.01  0.13  0.31  0.   -0.31
 -0.13 -0.    0.    0.   -0.   -0.   -0.   -0.    0.28 -0.28  0.05 -0.01
 -0.04  0.04  0.01 -0.05 -0.03  0.01  0.02 -0.02 -0.01  0.03  0.52 -0.52]
orbital number 9 energy -7.17188089771825
[-0.   -0.01 -0.    0.01  0.03  0.01 -0.05 -0.09 -0.1   0.04  0.2   0.05
 -0.09 -0.09 -0.09  0.05  0.2   0.04 -0.1  -0.05 -0.09 -0.1   0.04  0.2
  0.05 -0.09 -0.09 -0.09  0.05  0.2   0.04 -0.1   0.01 -0.   -0.01 -0.
  0.01  0.03  0.05  0.05  0.05  0.05  0.05  0.05 -0.   -0.   -0.18  0.34
 -0.15 -0.15  0.34 -0.18 -0.18  0.34 -0.15 -0.15  0.34 -0.18 -0.   -0.  ]
orbital number 10 energy -7.170788523853551
[-0.01  0.01 -0.01 -0.01 -0.01 -0.01 -0.04 -0.09 -0.1   0.04  0.2   0.05
 -0.09 -0.09 -0.09  0.05  0.2   0.04 -0.1   0.04  0.09  0.11 -0.04 -0.2
 -0.05  0.09  0.09  0.09 -0.05 -0.2  -0.04  0.11  0.01  0.01 -0.01  0.01
  0.01  0.01  0.   -0.   -0.   -0.    0.    0.   -0.02 -0.02 -0.18  0.34
 -0.15 -0.16  0.34 -0.18  0.18 -0.35  0.15  0.15 -0.35  0.18  0.02  0.02]
orbital number 11 energy -7.1682292863077475
[-0.    0.   -0.    0.   -0.    0.   -0.   -0.01  0.24  0.11  0.01 -0.1
 -0.25 -0.01 -0.25 -0.1   0.01  0.11  0.24  0.    0.   -0.05 -0.02 -0.
  0.02  0.05  0.    0.05  0.02 -0.   -0.02 -0.05 -0.    0.    0.    0.
 -0.   -0.   -0.   -0.   -0.   -0.   -0.   -0.    0.   -0.    0.41  0.02
 -0.42 -0.42  0.02  0.4  -0.08 -0.    0.09  0.09 -0.   -0.08 -0.    0.  ]
orbital number 12 energy -7.168222732604138
[-0.   -0.   -0.    0.    0.    0.    0.    0.   -0.05 -0.02 -0.    0.02
  0.05  0.    0.05  0.02 -0.   -0.02 -0.05  0.    0.01 -0.24 -0.11 -0.01
  0.1   0.25  0.01  0.25  0.1  -0.01 -0.11 -0.24  0.   -0.   -0.   -0.
  0.    0.    0.    0.    0.    0.    0.    0.   -0.   -0.   -0.08 -0.
  0.09  0.08 -0.   -0.08 -0.4  -0.02  0.42  0.42 -0.02 -0.4  -0.   -0.  ]
orbital number 13 energy -7.1661437599870546
[-0.02  0.    0.02  0.01 -0.   -0.01  0.   -0.01 -0.22 -0.09  0.02  0.09
  0.2   0.01 -0.2  -0.09 -0.02  0.09  0.22 -0.   -0.   -0.13 -0.05  0.01
  0.06  0.12  0.   -0.12 -0.06 -0.01  0.05  0.13  0.01  0.03  0.   -0.03
 -0.01 -0.    0.   -0.   -0.   -0.   -0.   -0.   -0.03  0.03 -0.37  0.03
  0.34 -0.34 -0.03  0.37 -0.23  0.02  0.21 -0.21 -0.02  0.23  0.06 -0.06]
orbital number 14 energy -7.166134244470275
[-0.03 -0.    0.03  0.01  0.   -0.01 -0.    0.    0.13  0.05 -0.01 -0.06
 -0.12 -0.    0.12  0.06  0.01 -0.05 -0.13 -0.   -0.01 -0.22 -0.09  0.02
  0.09  0.2   0.01 -0.2  -0.09 -0.02  0.09  0.22 -0.01 -0.02 -0.    0.02
  0.01  0.   -0.   -0.    0.    0.    0.    0.   -0.06  0.06  0.23 -0.02
 -0.21  0.21  0.02 -0.23 -0.37  0.03  0.34 -0.34 -0.03  0.37 -0.03  0.03]
orbital number 15 energy -7.148247658225725
[-0.   -0.    0.    0.    0.   -0.   -0.    0.1   0.11 -0.06 -0.24 -0.04
  0.14 -0.1  -0.14  0.04  0.24  0.06 -0.11 -0.   -0.06 -0.06  0.03  0.14
  0.02 -0.08  0.06  0.08 -0.02 -0.14 -0.03  0.06 -0.   -0.01 -0.    0.01
  0.    0.    0.    0.    0.    0.    0.    0.   -0.01  0.01  0.19 -0.42
  0.24 -0.24  0.42 -0.19 -0.11  0.24 -0.14  0.14 -0.24  0.11 -0.01  0.01]
orbital number 16 energy -7.148247006732178
[-0.01 -0.    0.01  0.    0.   -0.    0.   -0.06 -0.06  0.03  0.14  0.02
 -0.08  0.06  0.08 -0.02 -0.14 -0.03  0.06 -0.   -0.1  -0.11  0.06  0.24
  0.04 -0.14  0.1   0.14 -0.04 -0.24 -0.06  0.11  0.    0.   -0.   -0.
 -0.    0.    0.    0.    0.    0.    0.    0.   -0.01  0.01 -0.11  0.24
 -0.14  0.14 -0.24  0.11 -0.19  0.42 -0.24  0.24 -0.42  0.19  0.01 -0.01]
orbital number 17 energy -7.101656437552311
[ 0.07  0.06  0.07 -0.04 -0.16 -0.04  0.01 -0.01 -0.01  0.    0.02  0.
 -0.01 -0.01 -0.01  0.    0.02  0.   -0.01  0.01 -0.01 -0.01  0.    0.02
  0.   -0.01 -0.01 -0.01  0.    0.02  0.   -0.01 -0.04  0.07  0.06  0.07
 -0.04 -0.16 -0.36 -0.36 -0.39 -0.36 -0.36 -0.39  0.13  0.13 -0.03  0.04
 -0.02 -0.02  0.04 -0.03 -0.03  0.04 -0.02 -0.02  0.04 -0.03  0.13  0.13]
orbital number 18 energy -5.9296291735552735
[-0.01  0.   -0.01  0.23  0.39  0.23 -0.    0.    0.   -0.   -0.   -0.
  0.    0.    0.   -0.   -0.   -0.    0.    0.   -0.   -0.    0.    0.
  0.   -0.   -0.   -0.    0.    0.    0.   -0.   -0.23  0.01 -0.    0.01
 -0.23 -0.39 -0.11  0.11  0.29  0.11 -0.11 -0.29 -0.26 -0.26 -0.    0.
 -0.   -0.    0.   -0.    0.   -0.    0.    0.   -0.    0.    0.26  0.26]
orbital number 19 energy -5.447577015916334
[ 0.06  0.11  0.06  0.26  0.32  0.26  0.06  0.02  0.    0.    0.    0.
  0.    0.02  0.    0.    0.    0.    0.    0.06  0.02  0.    0.    0.
  0.    0.    0.02  0.    0.    0.    0.    0.    0.26  0.06  0.11  0.06
  0.26  0.32 -0.15 -0.15 -0.07 -0.15 -0.15 -0.06 -0.3  -0.3  -0.02 -0.01
 -0.02 -0.02 -0.01 -0.02 -0.02 -0.01 -0.02 -0.02 -0.01 -0.02 -0.3  -0.3 ]
orbital number 20 energy -5.046515086459683
[-0.03 -0.14 -0.03  0.01  0.04  0.01  0.22  0.2   0.08  0.11  0.05  0.11
  0.08  0.2   0.08  0.11  0.05  0.11  0.08 -0.22 -0.2  -0.08 -0.11 -0.05
 -0.11 -0.08 -0.2  -0.08 -0.11 -0.05 -0.11 -0.08 -0.01  0.03  0.14  0.03
 -0.01 -0.04 -0.03  0.03  0.07  0.03 -0.03 -0.07  0.09  0.09 -0.22 -0.16
 -0.22 -0.22 -0.16 -0.22  0.22  0.16  0.22  0.22  0.16  0.22 -0.09 -0.09]
orbital number 21 energy -5.024488644503077
[-0.01 -0.09 -0.01  0.06  0.09  0.06 -0.2  -0.21 -0.08 -0.12 -0.06 -0.12
 -0.08 -0.21 -0.08 -0.12 -0.06 -0.12 -0.08 -0.2  -0.21 -0.08 -0.12 -0.06
 -0.12 -0.08 -0.21 -0.08 -0.12 -0.06 -0.12 -0.08  0.06 -0.01 -0.09 -0.01
  0.06  0.09 -0.03 -0.03 -0.01 -0.03 -0.03 -0.01  0.02  0.02  0.23  0.17
  0.23  0.23  0.17  0.23  0.23  0.17  0.23  0.23  0.17  0.23  0.02  0.02]
orbital number 22 energy -4.855524867409279
[-0.    0.    0.    0.   -0.   -0.    0.   -0.22 -0.13 -0.23 -0.14 -0.23
 -0.13  0.22  0.13  0.23  0.14  0.23  0.13  0.   -0.02 -0.01 -0.03 -0.02
 -0.03 -0.01  0.02  0.01  0.03  0.02  0.03  0.01  0.    0.    0.   -0.
 -0.   -0.    0.    0.    0.   -0.   -0.   -0.    0.   -0.    0.3   0.32
  0.3  -0.3  -0.32 -0.3   0.03  0.04  0.03 -0.03 -0.04 -0.03 -0.    0.  ]
orbital number 23 energy -4.855518849719341
[-0.    0.    0.    0.   -0.   -0.   -0.    0.02  0.01  0.03  0.02  0.03
  0.01 -0.02 -0.01 -0.03 -0.02 -0.03 -0.01  0.   -0.22 -0.13 -0.23 -0.14
 -0.23 -0.13  0.22  0.13  0.23  0.14  0.23  0.13 -0.   -0.   -0.    0.
  0.   -0.   -0.   -0.   -0.    0.    0.    0.    0.   -0.   -0.03 -0.04
 -0.03  0.03  0.04  0.03  0.3   0.32  0.3  -0.3  -0.32 -0.3   0.   -0.  ]
orbital number 24 energy -4.561623364258686
[ 0.13  0.31  0.13  0.06 -0.07  0.06 -0.15 -0.    0.04  0.1   0.07  0.1
  0.03 -0.    0.03  0.1   0.07  0.1   0.04  0.15  0.   -0.04 -0.1  -0.07
 -0.1  -0.03  0.   -0.03 -0.1  -0.07 -0.1  -0.04 -0.06 -0.13 -0.31 -0.13
 -0.06  0.07  0.14 -0.14 -0.3  -0.14  0.14  0.3  -0.23 -0.23 -0.06 -0.13
 -0.06 -0.06 -0.13 -0.06  0.06  0.13  0.06  0.06  0.13  0.06  0.23  0.23]
orbital number 25 energy -4.399779700237558
[ 0.   -0.   -0.   -0.01  0.    0.01  0.    0.   -0.    0.    0.    0.
  0.   -0.   -0.   -0.   -0.   -0.    0.   -0.   -0.    0.   -0.   -0.
 -0.   -0.    0.    0.    0.    0.    0.   -0.    0.01  0.    0.   -0.
 -0.01 -0.    0.5   0.5   0.   -0.5  -0.5  -0.   -0.    0.   -0.   -0.
 -0.    0.    0.    0.    0.    0.    0.   -0.   -0.   -0.   -0.    0.  ]
orbital number 26 energy -4.261826206958189
[-0.09 -0.33 -0.09  0.1   0.2   0.1  -0.27 -0.11  0.02  0.14  0.12  0.14
  0.02 -0.11  0.02  0.14  0.12  0.14  0.02 -0.27 -0.11  0.02  0.14  0.12
  0.14  0.02 -0.11  0.02  0.14  0.12  0.14  0.02  0.1  -0.09 -0.33 -0.09
  0.1   0.2  -0.06 -0.06 -0.   -0.06 -0.06 -0.    0.13  0.13 -0.02 -0.18
 -0.02 -0.02 -0.18 -0.02 -0.02 -0.18 -0.02 -0.02 -0.18 -0.02  0.13  0.13]
orbital number 27 energy -3.9356582297107097
[ 0.04 -0.06  0.04  0.13  0.09  0.13  0.24  0.19  0.02 -0.14 -0.14 -0.14
  0.02  0.19  0.02 -0.14 -0.14 -0.14  0.02 -0.24 -0.19 -0.02  0.14  0.14
  0.14 -0.02 -0.19 -0.02  0.14  0.14  0.14 -0.02 -0.13 -0.04  0.06 -0.04
 -0.13 -0.09  0.16 -0.16 -0.29 -0.16  0.16  0.29 -0.04 -0.04 -0.03  0.17
 -0.03 -0.03  0.17 -0.03  0.03 -0.17  0.03  0.03 -0.17  0.03  0.04  0.04]
orbital number 28 energy -3.515449391791978
[-0.13 -0.3  -0.13  0.07  0.19  0.07  0.09  0.23  0.07 -0.11 -0.14 -0.13
  0.05  0.23  0.05 -0.13 -0.14 -0.11  0.07  0.09  0.23  0.07 -0.11 -0.14
 -0.13  0.05  0.23  0.05 -0.13 -0.14 -0.11  0.07  0.07 -0.13 -0.3  -0.13
  0.07  0.19 -0.06 -0.05  0.01 -0.05 -0.06  0.01  0.14  0.14 -0.07  0.15
 -0.05 -0.05  0.15 -0.07 -0.07  0.15 -0.05 -0.05  0.15 -0.07  0.14  0.14]
orbital number 29 energy -3.4438219287678833
[ 0.24  0.   -0.24 -0.36 -0.    0.36 -0.    0.01  0.   -0.01 -0.01 -0.
  0.   -0.01 -0.    0.    0.01  0.01 -0.   -0.    0.01  0.   -0.01 -0.01
 -0.    0.   -0.01 -0.    0.    0.01  0.01 -0.   -0.37 -0.24  0.    0.24
  0.37 -0.   -0.    0.    0.   -0.    0.   -0.   -0.23  0.23 -0.    0.01
 -0.    0.   -0.01  0.   -0.    0.01 -0.    0.   -0.01  0.    0.24 -0.24]
orbital number 30 energy -3.443202721004164
[ 0.24 -0.   -0.24 -0.37  0.    0.37 -0.   -0.01 -0.    0.01  0.01  0.
 -0.    0.01  0.   -0.   -0.01 -0.01  0.    0.    0.01  0.   -0.01 -0.01
 -0.    0.   -0.01 -0.    0.    0.01  0.01 -0.    0.36  0.24  0.   -0.24
 -0.36 -0.   -0.01 -0.01 -0.    0.01  0.01  0.   -0.24  0.24  0.   -0.01
  0.   -0.    0.01 -0.   -0.    0.01 -0.    0.   -0.01  0.   -0.23  0.23]
orbital number 31 energy -3.4060016370645005
[ 0.    0.01  0.   -0.01 -0.01 -0.01 -0.    0.01  0.18  0.26 -0.   -0.27
 -0.17  0.01 -0.17 -0.27 -0.    0.26  0.17 -0.   -0.01 -0.17 -0.26  0.
  0.26  0.17 -0.01  0.16  0.26  0.   -0.25 -0.17  0.01 -0.   -0.01 -0.
  0.01  0.01 -0.01  0.01  0.01  0.01 -0.01 -0.01 -0.   -0.   -0.17  0.
  0.17  0.16  0.   -0.17  0.17 -0.   -0.16 -0.16 -0.    0.16  0.    0.  ]
orbital number 32 energy -3.4055256262854567
[ 0.01  0.01  0.01 -0.   -0.01 -0.   -0.   -0.01  0.17  0.27  0.01 -0.26
 -0.17 -0.01 -0.17 -0.25  0.01  0.26  0.16 -0.   -0.01  0.17  0.27  0.01
 -0.26 -0.18 -0.01 -0.17 -0.26  0.01  0.27  0.17 -0.    0.01  0.01  0.01
 -0.   -0.01  0.    0.   -0.    0.    0.   -0.   -0.01 -0.01 -0.16 -0.01
  0.17  0.16 -0.01 -0.16 -0.17 -0.01  0.17  0.17 -0.01 -0.16 -0.01 -0.01]
orbital number 33 energy -3.405109600593426
[ 0.   -0.   -0.   -0.    0.    0.    0.   -0.01  0.22  0.35  0.01 -0.34
 -0.22  0.01  0.23  0.35 -0.01 -0.36 -0.23  0.   -0.    0.08  0.13  0.
 -0.12 -0.08  0.    0.09  0.13 -0.   -0.14 -0.09 -0.01 -0.   -0.    0.
  0.01  0.    0.   -0.   -0.   -0.   -0.    0.   -0.    0.   -0.21 -0.01
  0.22 -0.23  0.01  0.22 -0.08 -0.    0.08 -0.09  0.    0.08  0.   -0.  ]
orbital number 34 energy -3.405093349184619
[ 0.    0.   -0.   -0.01 -0.    0.01  0.    0.   -0.08 -0.13 -0.    0.13
  0.09 -0.   -0.09 -0.13  0.    0.13  0.08  0.   -0.01  0.22  0.35  0.01
 -0.34 -0.23  0.01  0.23  0.34 -0.01 -0.35 -0.22  0.    0.   -0.   -0.
 -0.    0.   -0.   -0.    0.    0.    0.   -0.   -0.    0.    0.08  0.
 -0.08  0.08 -0.   -0.08 -0.21 -0.01  0.22 -0.22  0.01  0.22 -0.    0.  ]
orbital number 35 energy -3.2850184146775616
[-0.11 -0.32 -0.11  0.15  0.22  0.15 -0.   -0.17 -0.05  0.09  0.1   0.07
 -0.06 -0.17 -0.06  0.07  0.1   0.09 -0.05  0.    0.17  0.05 -0.09 -0.1
 -0.07  0.06  0.17  0.06 -0.07 -0.1  -0.09  0.05 -0.15  0.11  0.32  0.11
 -0.15 -0.22  0.15 -0.15 -0.25 -0.15  0.15  0.25  0.1   0.1   0.04 -0.1
  0.06  0.06 -0.1   0.04 -0.04  0.1  -0.06 -0.06  0.1  -0.04 -0.1  -0.1 ]
orbital number 36 energy -3.281481589867774
[-0.01  0.    0.01  0.01 -0.   -0.01  0.    0.24  0.08 -0.11 -0.15 -0.12
  0.08 -0.24 -0.08  0.12  0.15  0.11 -0.08 -0.    0.37  0.13 -0.16 -0.23
 -0.18  0.12 -0.37 -0.12  0.18  0.23  0.16 -0.13  0.01  0.   -0.   -0.01
 -0.01  0.   -0.    0.    0.    0.   -0.   -0.    0.01 -0.01 -0.08  0.14
 -0.07  0.07 -0.14  0.08 -0.12  0.22 -0.11  0.11 -0.22  0.12 -0.01  0.01]
orbital number 37 energy -3.281435544251933
[-0.01 -0.    0.    0.01  0.   -0.01 -0.   -0.37 -0.13  0.16  0.23  0.18
 -0.12  0.37  0.12 -0.18 -0.23 -0.16  0.13 -0.    0.24  0.08 -0.11 -0.15
 -0.12  0.08 -0.24 -0.08  0.12  0.15  0.11 -0.08 -0.01 -0.01  0.    0.01
  0.01 -0.    0.    0.   -0.   -0.   -0.    0.    0.01 -0.01  0.12 -0.22
  0.11 -0.11  0.22 -0.12 -0.08  0.14 -0.07  0.07 -0.14  0.08  0.01 -0.01]
orbital number 38 energy 0.0
[ 0.14  0.01  0.14  0.03 -0.15  0.03 -0.52  0.06  0.13 -0.02 -0.13 -0.02
  0.13  0.06  0.13 -0.02 -0.13 -0.02  0.13 -0.52  0.06  0.13 -0.02 -0.13
 -0.02  0.13  0.06  0.13 -0.02 -0.13 -0.02  0.13  0.03  0.14  0.01  0.14
  0.03 -0.15  0.05  0.05 -0.06  0.05  0.05 -0.06 -0.08 -0.08 -0.07  0.07
 -0.07 -0.07  0.07 -0.07 -0.07  0.07 -0.07 -0.07  0.07 -0.07 -0.08 -0.08]
orbital number 39 energy 0.05653734821576073
[-0.14 -0.03 -0.14 -0.    0.14 -0.   -0.53  0.06  0.14 -0.02 -0.13 -0.02
  0.13  0.06  0.13 -0.02 -0.13 -0.02  0.14  0.53 -0.06 -0.14  0.02  0.13
  0.02 -0.13 -0.06 -0.13  0.02  0.13  0.02 -0.14  0.    0.14  0.03  0.14
  0.   -0.14  0.04 -0.04 -0.03 -0.04  0.04  0.03  0.08  0.08 -0.07  0.07
 -0.07 -0.07  0.07 -0.07  0.07 -0.07  0.07  0.07 -0.07  0.07 -0.08 -0.08]
orbital number 40 energy 2.5617597612148426
[-0.06  0.24 -0.06 -0.21  0.22 -0.21 -0.12 -0.03  0.05  0.01 -0.05  0.01
  0.05 -0.03  0.05  0.01 -0.05  0.01  0.05 -0.12 -0.03  0.05  0.01 -0.05
  0.01  0.05 -0.03  0.05  0.01 -0.05  0.01  0.05 -0.21 -0.06  0.24 -0.06
 -0.21  0.22 -0.23 -0.23  0.41 -0.23 -0.23  0.41  0.02  0.02 -0.02  0.02
 -0.02 -0.02  0.02 -0.02 -0.02  0.02 -0.02 -0.02  0.02 -0.02  0.02  0.02]
orbital number 41 energy 3.2647443945912533
[ 0.01  0.   -0.01  0.01  0.   -0.01  0.    0.   -0.   -0.    0.   -0.
 -0.   -0.    0.    0.   -0.    0.    0.   -0.    0.   -0.   -0.    0.
 -0.   -0.   -0.    0.    0.   -0.    0.    0.    0.01 -0.01 -0.    0.01
 -0.01 -0.    0.5  -0.5   0.    0.5  -0.5  -0.   -0.    0.    0.   -0.
  0.   -0.    0.   -0.    0.   -0.    0.   -0.    0.   -0.    0.   -0.  ]
orbital number 42 energy 3.415403108511657
[-0.16  0.33 -0.16 -0.2   0.37 -0.2   0.07  0.1  -0.07 -0.05  0.12 -0.04
 -0.08  0.1  -0.08 -0.04  0.12 -0.05 -0.07 -0.07 -0.1   0.07  0.05 -0.12
  0.04  0.08 -0.1   0.08  0.04 -0.12  0.05  0.07  0.2   0.16 -0.33  0.16
  0.2  -0.37  0.12 -0.12  0.02 -0.12  0.12 -0.02  0.06  0.06  0.03 -0.05
  0.03  0.03 -0.05  0.03 -0.03  0.05 -0.03 -0.03  0.05 -0.03 -0.06 -0.06]
orbital number 43 energy 3.6793541522067743
[ 0.01 -0.   -0.01  0.01 -0.   -0.01 -0.    0.35 -0.21 -0.16  0.39 -0.18
 -0.19 -0.35  0.19  0.18 -0.39  0.16  0.21 -0.    0.12 -0.07 -0.05  0.13
 -0.06 -0.06 -0.12  0.06  0.06 -0.13  0.05  0.07  0.03 -0.03  0.    0.03
 -0.03  0.   -0.    0.    0.   -0.    0.    0.   -0.    0.    0.08 -0.14
  0.07 -0.07  0.14 -0.08  0.03 -0.05  0.02 -0.02  0.05 -0.03  0.01 -0.01]
orbital number 44 energy 3.679413066746707
[ 0.03  0.   -0.03  0.03  0.   -0.03  0.   -0.12  0.07  0.05 -0.13  0.06
  0.06  0.12 -0.06 -0.06  0.13 -0.05 -0.07 -0.    0.35 -0.21 -0.16  0.39
 -0.18 -0.19 -0.35  0.19  0.18 -0.39  0.16  0.21 -0.01  0.01 -0.   -0.01
  0.01 -0.   -0.    0.   -0.   -0.    0.   -0.   -0.01  0.01 -0.03  0.05
 -0.02  0.02 -0.05  0.03  0.08 -0.14  0.07 -0.07  0.14 -0.08 -0.    0.  ]
orbital number 45 energy 3.7361917026487346
[-0.34  0.    0.34 -0.3   0.    0.3  -0.    0.02 -0.   -0.01  0.02 -0.
 -0.01 -0.02  0.01  0.   -0.02  0.01  0.    0.    0.02 -0.   -0.01  0.02
 -0.   -0.01 -0.02  0.01  0.   -0.02  0.01  0.   -0.34  0.38 -0.   -0.38
  0.34 -0.    0.01 -0.01 -0.    0.01 -0.01 -0.    0.12 -0.12  0.   -0.01
  0.01 -0.01  0.01 -0.    0.   -0.01  0.   -0.    0.01 -0.   -0.14  0.14]
orbital number 46 energy 3.7363158151643763
[-0.38 -0.    0.38 -0.34 -0.    0.34  0.   -0.01  0.    0.01 -0.02  0.
  0.01  0.01 -0.01 -0.    0.02 -0.01 -0.   -0.    0.02 -0.   -0.01  0.02
 -0.   -0.01 -0.02  0.01  0.   -0.02  0.01  0.    0.3  -0.34  0.    0.34
 -0.3   0.   -0.   -0.    0.    0.    0.    0.    0.14 -0.14 -0.    0.01
 -0.    0.   -0.01  0.    0.   -0.01  0.01 -0.01  0.01 -0.    0.12 -0.12]
orbital number 47 energy 3.7690623319780165
[-0.    0.   -0.    0.    0.    0.    0.   -0.   -0.28  0.25 -0.   -0.25
  0.29 -0.    0.29 -0.25 -0.    0.25 -0.29  0.   -0.   -0.22  0.2  -0.
 -0.19  0.22 -0.    0.23 -0.2  -0.    0.2  -0.22  0.   -0.    0.   -0.
  0.    0.    0.    0.   -0.01  0.    0.   -0.01  0.    0.    0.1   0.
 -0.1  -0.1   0.    0.1   0.08  0.   -0.08 -0.08  0.    0.08  0.    0.  ]
orbital number 48 energy 3.76913781224365
[-0.    0.   -0.   -0.    0.   -0.    0.    0.   -0.22  0.19  0.   -0.19
  0.22  0.    0.22 -0.2   0.    0.2  -0.22 -0.   -0.    0.28 -0.25 -0.
  0.25 -0.28 -0.   -0.29  0.25 -0.   -0.25  0.29  0.    0.   -0.    0.
  0.   -0.    0.   -0.    0.   -0.    0.    0.    0.    0.    0.08 -0.
 -0.08 -0.08 -0.    0.08 -0.1   0.    0.1   0.1   0.   -0.1  -0.   -0.  ]
orbital number 49 energy 3.770553589339933
[-0.    0.    0.   -0.    0.    0.    0.   -0.01 -0.35  0.32 -0.01 -0.3
  0.36  0.01 -0.35  0.3   0.01 -0.31  0.34  0.   -0.   -0.09  0.08 -0.
 -0.08  0.1   0.   -0.09  0.08  0.   -0.08  0.09 -0.01  0.01 -0.   -0.01
  0.01 -0.    0.   -0.   -0.    0.   -0.   -0.    0.   -0.    0.13  0.
 -0.13  0.13 -0.   -0.12  0.03  0.   -0.03  0.03 -0.   -0.03 -0.    0.  ]
orbital number 50 energy 3.7705753027033344
[-0.01 -0.    0.01 -0.01 -0.    0.01 -0.    0.    0.09 -0.08  0.    0.08
 -0.09 -0.    0.09 -0.08 -0.    0.08 -0.09  0.   -0.01 -0.35  0.32 -0.01
 -0.3   0.36  0.01 -0.35  0.3   0.01 -0.31  0.34  0.   -0.    0.    0.
 -0.    0.    0.   -0.   -0.    0.   -0.   -0.    0.   -0.   -0.03 -0.
  0.03 -0.03  0.    0.03  0.13  0.   -0.13  0.13 -0.   -0.12  0.   -0.  ]
orbital number 51 energy 3.9244734607460883
[ 0.13 -0.15  0.13  0.01 -0.15  0.01 -0.12  0.22 -0.11 -0.11  0.24 -0.12
 -0.1   0.22 -0.1  -0.12  0.24 -0.11 -0.11 -0.12  0.22 -0.11 -0.11  0.24
 -0.12 -0.1   0.22 -0.1  -0.12  0.24 -0.11 -0.11  0.01  0.13 -0.15  0.13
  0.01 -0.15 -0.11 -0.11  0.24 -0.11 -0.11  0.24 -0.05 -0.05  0.04 -0.09
  0.03  0.03 -0.09  0.04  0.04 -0.09  0.03  0.03 -0.09  0.04 -0.05 -0.05]
orbital number 52 energy 4.129618557050301
[-0.01  0.12 -0.01 -0.1   0.15 -0.1   0.24 -0.24  0.09  0.13 -0.26  0.13
  0.09 -0.24  0.09  0.13 -0.26  0.13  0.09 -0.24  0.24 -0.09 -0.13  0.26
 -0.14 -0.09  0.24 -0.09 -0.13  0.26 -0.13 -0.09  0.1   0.01 -0.12  0.01
  0.1  -0.15  0.06 -0.06  0.02 -0.06  0.06 -0.02  0.    0.   -0.03  0.09
 -0.03 -0.03  0.09 -0.03  0.03 -0.09  0.03  0.03 -0.09  0.03 -0.   -0.  ]
orbital number 53 energy 4.364571837131394
[ 0.14 -0.27  0.14  0.1  -0.28  0.1   0.21 -0.13  0.03  0.09 -0.15  0.09
  0.04 -0.13  0.04  0.09 -0.15  0.09  0.03  0.21 -0.13  0.03  0.09 -0.15
  0.09  0.04 -0.13  0.04  0.09 -0.15  0.09  0.03  0.1   0.14 -0.27  0.14
  0.1  -0.28 -0.12 -0.12  0.29 -0.12 -0.12  0.29 -0.05 -0.05 -0.01  0.05
 -0.01 -0.01  0.05 -0.01 -0.01  0.05 -0.01 -0.01  0.05 -0.01 -0.05 -0.05]
orbital number 54 energy 5.673518398000378
[-0.22  0.25 -0.22  0.15 -0.05  0.15  0.07  0.01 -0.03  0.04 -0.04  0.04
 -0.02  0.01 -0.02  0.04 -0.04  0.04 -0.03 -0.07 -0.01  0.03 -0.04  0.04
 -0.04  0.02 -0.01  0.02 -0.04  0.04 -0.04  0.03 -0.15  0.22 -0.25  0.22
 -0.15  0.05 -0.3   0.3  -0.29  0.3  -0.3   0.29  0.06  0.06  0.01  0.01
  0.01  0.01  0.01  0.01 -0.01 -0.01 -0.01 -0.01 -0.01 -0.01 -0.06 -0.06]
orbital number 55 energy 6.132869762216452
[-0.23  0.21 -0.23  0.24 -0.26  0.24 -0.   -0.1   0.11 -0.11  0.11 -0.11
  0.11 -0.1   0.11 -0.11  0.11 -0.11  0.11 -0.   -0.1   0.11 -0.11  0.11
 -0.11  0.11 -0.1   0.11 -0.11  0.12 -0.11  0.11  0.23 -0.23  0.21 -0.23
  0.23 -0.26 -0.03 -0.03  0.11 -0.03 -0.03  0.11  0.06  0.06 -0.03 -0.03
 -0.03 -0.03 -0.03 -0.03 -0.03 -0.03 -0.03 -0.03 -0.03 -0.03  0.06  0.06]
orbital number 56 energy 6.140848672641122
[ 0.   -0.    0.   -0.    0.   -0.    0.   -0.27  0.28 -0.28  0.3  -0.28
  0.28  0.27 -0.28  0.28 -0.3   0.28 -0.28 -0.   -0.    0.   -0.    0.
 -0.    0.    0.   -0.    0.   -0.    0.   -0.    0.   -0.   -0.    0.
 -0.    0.    0.    0.   -0.    0.   -0.   -0.   -0.   -0.   -0.08 -0.08
 -0.08  0.08  0.08  0.08 -0.   -0.   -0.    0.    0.    0.    0.   -0.  ]
orbital number 57 energy 6.140890367861572
[ 0.    0.   -0.    0.   -0.    0.   -0.    0.   -0.    0.   -0.    0.
 -0.   -0.    0.   -0.    0.   -0.    0.   -0.   -0.27  0.28 -0.28  0.3
 -0.28  0.28  0.27 -0.28  0.28 -0.3   0.28 -0.28  0.   -0.    0.   -0.
  0.   -0.   -0.   -0.    0.   -0.   -0.    0.   -0.    0.    0.    0.
  0.   -0.   -0.   -0.   -0.08 -0.08 -0.08  0.08  0.08  0.08  0.    0.  ]
orbital number 58 energy 6.244349655060758
[-0.05  0.02 -0.05  0.07 -0.11  0.07 -0.1   0.2  -0.19  0.17 -0.18  0.17
 -0.19  0.2  -0.19  0.17 -0.18  0.17 -0.19  0.1  -0.2   0.19 -0.17  0.18
 -0.17  0.19 -0.2   0.19 -0.17  0.18 -0.17  0.19 -0.07  0.05 -0.02  0.05
 -0.07  0.11  0.12 -0.12  0.14 -0.12  0.12 -0.14  0.01  0.01  0.05  0.05
  0.05  0.05  0.05  0.05 -0.05 -0.05 -0.05 -0.05 -0.05 -0.05 -0.01 -0.01]
orbital number 59 energy 6.308097465417295
[ 0.15 -0.17  0.15 -0.14  0.14 -0.14  0.14 -0.19  0.17 -0.15  0.15 -0.15
  0.17 -0.19  0.17 -0.15  0.15 -0.15  0.17  0.14 -0.19  0.17 -0.15  0.15
 -0.15  0.17 -0.19  0.17 -0.15  0.15 -0.15  0.17 -0.14  0.15 -0.17  0.15
 -0.14  0.14  0.02  0.02 -0.06  0.02  0.02 -0.06 -0.04 -0.04 -0.05 -0.04
 -0.05 -0.05 -0.04 -0.05 -0.05 -0.04 -0.05 -0.05 -0.04 -0.05 -0.04 -0.04]
orbital number 60 energy 6.406383194643497
[-0.2   0.19 -0.2   0.21 -0.27  0.21  0.09 -0.09  0.07 -0.06  0.06 -0.06
  0.07 -0.09  0.07 -0.06  0.06 -0.06  0.07 -0.09  0.09 -0.07  0.06 -0.06
  0.06 -0.07  0.09 -0.07  0.06 -0.06  0.06 -0.07 -0.21  0.2  -0.19  0.2
 -0.21  0.27  0.21 -0.21  0.26 -0.21  0.21 -0.26  0.05  0.05 -0.02 -0.02
 -0.02 -0.02 -0.02 -0.02  0.02  0.02  0.02  0.02  0.02  0.02 -0.05 -0.05]

Orbital occupation numbers:
1: 2.000000
2: 2.000000
3: 2.000000
4: 2.000000
5: 2.000000
6: 2.000000
7: 2.000000
8: 2.000000
9: 2.000000
10: 2.000000
11: 2.000000
12: 2.000000
13: 2.000000
14: 2.000000
15: 2.000000
16: 2.000000
17: 2.000000
18: 2.000000
19: 2.000000
20: 2.000000
21: 2.000000
22: 2.000000
23: 2.000000
24: 2.000000
25: 2.000000
26: 2.000000
27: 2.000000
28: 2.000000
29: 2.000000
30: 2.000000
31: 2.000000
32: 2.000000
33: 2.000000
34: 2.000000
35: 2.000000
36: 2.000000
37: 2.000000
38: 1.000000
39: 1.000000
40: -0.000000
41: -0.000000
42: -0.000000
43: 0.000000
44: -0.000000
45: -0.000000
46: 0.000000
47: 0.000000
48: 0.000000
49: 0.000000
50: 0.000000
51: -0.000000
52: -0.000000
53: -0.000000
54: -0.000000
55: -0.000000
56: 0.000000
57: -0.000000
58: -0.000000
59: 0.000000
60: -0.000000

------------------------
Starting ExROPPP calculation for diradical in rotated basis
------------------------

Coulomb Matrix in MO basis, J_ij = (ii|jj):
 [[1.79790887 1.80031852 1.82470975 ... 1.63047471 1.61866241 1.365066  ]
 [1.80031852 1.80380756 1.79638202 ... 1.63233742 1.61829018 1.3568847 ]
 [1.82470975 1.79638202 2.92092632 ... 1.6318909  1.60571224 1.31474401]
 ...
 [1.63047471 1.63233742 1.6318909  ... 1.55072061 1.52147478 1.37034248]
 [1.61866241 1.61829018 1.60571224 ... 1.52147478 1.56890606 1.47473004]
 [1.365066   1.3568847  1.31474401 ... 1.37034248 1.47473004 2.14574122]]
Coulomb Matrix in MO basis, K_ij = (ij|ji):
 [[1.79790887 1.05674289 0.42819448 ... 0.07737994 0.06584288 0.01696371]
 [1.05674289 1.80380756 0.42068385 ... 0.07816886 0.06580199 0.01590908]
 [0.42819448 0.42068385 2.92092632 ... 0.08042311 0.06490784 0.01115587]
 ...
 [0.07737994 0.07816886 0.08042311 ... 1.55072061 0.6359137  0.24966157]
 [0.06584288 0.06580199 0.06490784 ... 0.6359137  1.56890606 0.47778516]
 [0.01696371 0.01590908 0.01115587 ... 0.24966157 0.47778516 2.14574122]]
Dimensions of CI matrix: (6708, 6708)
Checking that the Hamiltonian is symmetric (a value of zero means matrix is symmetric) ... 
Frobenius norm of matrix - matrix transpose = 0.000000.

Lowest 30 states. WARNING - Some states may not be included in the spectrum.

Diagonalizing Hamiltonian using the sparse matrix method ...

Calculating dipole moments ...

Permanent dipole moment of reference states:
             Open-Shell Singlet (|OS1>) = 0.000 x 0.000 y 0.000 z
             Zwitterion - (|ZW->) = 0.000 x 0.000 y 0.000 z
             Zwitterion + (|ZW+>) = 0.000 x 0.000 y 0.000 z
             Open-Shell Triplet (|OS3>) = 0.000 x 0.000 y 0.000 z

Checking that the Dipole matrix is symmetric (a value of zero means matrix is symmetric) ... 
Frobenius norm of matrix - matrix transpose = 0.00000             0.00000, 0.00000.

Energy of the lowest CI state: -280.2710996868794

State 0 0.000 eV 
Excitation    CI Coef
|1^ZW->    0.92639
|1^CS(18->0)>    0.08202
|1^CS(14->0)>   -0.06221
|1^CS(11->0)>    0.12566
|1^CS(17->0')>   -0.07832
|1^CS(12->0')>   -0.13149
|1^CS(10->0')>    0.05511
|1^SV(0->13')>    0.11709
|1^SV(0'->1')>   -0.09132
|1^SV(0'->12')>   -0.06260
|1^SV(0'->14')>    0.09214
|1T^CV(12->13')>    0.08170
|1T^CV(11->14')>   -0.05847
Ground state is singlet
TDMs with Triplet 'Ground' state
TDMX:0.000   TDMY:0.000   TDMZ:-0.000   Oscillator Strength:-0.00000   <S**2>: 0.000
--------------------------------------------------------------------
TDMs with Singlet 'Ground' state
TDMX:-0.039   TDMY:-0.131   TDMZ:0.001   Oscillator Strength:0.00000   <S**2>: 0.000
--------------------------------------------------------------------


State 1 0.083 eV 
Excitation    CI Coef
|3^OS>   -0.93052
|3^CS(17->0)>    0.07464
|3^CS(12->0)>    0.12871
|3^CS(10->0)>   -0.05555
|3^CS(18->0')>   -0.07143
|3^CS(14->0')>    0.05751
|3^CS(11->0')>   -0.12138
|3^SV(0->1')>   -0.10008
|3^SV(0->12')>   -0.06676
|3^SV(0->14')>    0.09895
|3^SV(0'->13')>   -0.12338
|3X^CV(12->14')>   -0.06826
|3X^CV(11->13')>    0.07222
TDMs with Triplet 'Ground' state
TDMX:0.000   TDMY:-0.000   TDMZ:-0.000   Oscillator Strength:0.00000   <S**2>: 2.000
--------------------------------------------------------------------
TDMs with Singlet 'Ground' state
TDMX:0.000   TDMY:0.000   TDMZ:-0.000   Oscillator Strength:0.00000   <S**2>: 2.000
--------------------------------------------------------------------


State 2 2.442 eV 
Excitation    CI Coef
|1^ZW->   -0.05950
|1^ZW+>   -0.18082
|1^CS(14->0)>   -0.08282
|1^CS(11->0)>    0.11219
|1^CS(3->0)>    0.32305
|1^CS(12->0')>   -0.12876
|1^CS(10->0')>   -0.19150
|1^SV(0->3')>    0.30299
|1^SV(0'->1')>   -0.47214
|1^SV(0'->12')>    0.09396
|1^SV(0'->14')>    0.12068
|1T^CV(21->15')>    0.06130
|1T^CV(20->14')>    0.07443
|1T^CV(20->16')>    0.06091
|1T^CV(19->3')>   -0.07139
|1T^CV(19->15')>    0.06969
|1T^CV(17->3')>   -0.05275
|1T^CV(14->12')>   -0.09266
|1T^CV(14->14')>   -0.09249
|1T^CV(13->2')>    0.18270
|1T^CV(12->3')>   -0.16394
|1T^CV(11->1')>   -0.23244
|1T^CV(10->3')>   -0.15993
|1T^CV(10->13')>   -0.07823
|1T^CV(9->7')>    0.17495
|1T^CV(8->6')>    0.17478
|1T^CV(3->1')>   -0.35992
|1T^CV(3->14')>    0.06915
|1^SVD_(1',1')>    0.06863
|1^SVD_(1',14')>   -0.05566
TDMs with Triplet 'Ground' state
TDMX:0.000   TDMY:-0.000   TDMZ:0.000   Oscillator Strength:0.00000   <S**2>: 0.000
--------------------------------------------------------------------
TDMs with Singlet 'Ground' state
TDMX:-0.451   TDMY:-0.030   TDMZ:0.000   Oscillator Strength:0.01223   <S**2>: 0.000
--------------------------------------------------------------------


State 3 2.571 eV 
Excitation    CI Coef
|3^CS(14->0)>    0.07122
|3^CS(11->0)>   -0.10527
|3^CS(3->0)>   -0.27920
|3^CS(12->0')>    0.12844
|3^CS(10->0')>    0.14716
|3^SV(0->3')>    0.29034
|3^SV(0->13')>    0.06966
|3^SV(0->15')>    0.05012
|3^SV(0'->1')>    0.47115
|3^SV(0'->12')>   -0.07552
|3^SV(0'->14')>   -0.13931
|3X^CV(21->15')>   -0.06950
|3X^CV(21->21')>    0.05257
|3X^CV(20->14')>   -0.07863
|3X^CV(20->16')>   -0.06307
|3X^CV(19->3')>    0.07529
|3X^CV(19->15')>   -0.07499
|3X^CV(17->3')>    0.05430
|3X^CV(14->12')>    0.10038
|3X^CV(14->14')>    0.10166
|3X^CV(13->2')>   -0.21632
|3X^CV(12->3')>    0.17316
|3X^CV(11->1')>    0.25336
|3X^CV(11->14')>    0.05040
|3X^CV(10->3')>    0.17063
|3X^CV(10->13')>    0.08626
|3X^CV(9->7')>   -0.19520
|3X^CV(8->6')>   -0.19499
|3X^CV(3->1')>    0.40370
|3X^CV(3->14')>   -0.07191
TDMs with Triplet 'Ground' state
TDMX:-0.457   TDMY:0.003   TDMZ:-0.002   Oscillator Strength:0.01271   <S**2>: 2.000
--------------------------------------------------------------------
TDMs with Singlet 'Ground' state
TDMX:-0.000   TDMY:0.000   TDMZ:0.000   Oscillator Strength:0.00000   <S**2>: 2.000
--------------------------------------------------------------------


State 4 2.622 eV 
Excitation    CI Coef
|1^OS>    0.05984
|1^CS(12->0)>   -0.17250
|1^CS(10->0)>   -0.29575
|1^CS(14->0')>   -0.12221
|1^CS(3->0')>    0.28899
|1^SV(0->1')>   -0.40154
|1^SV(0->12')>    0.20316
|1^SV(0->14')>    0.11867
|1^SV(0'->3')>    0.41142
|1^SV(0'->15')>    0.06458
|1T^CV(20->3')>    0.08367
|1T^CV(20->21')>   -0.05445
|1T^CV(19->1')>    0.07262
|1T^CV(19->16')>   -0.07475
|1T^CV(18->3')>    0.05943
|1T^CV(17->1')>    0.06165
|1T^CV(14->3')>   -0.10978
|1T^CV(12->1')>    0.17499
|1T^CV(12->12')>   -0.09881
|1T^CV(12->14')>   -0.06627
|1T^CV(11->3')>    0.09370
|1T^CV(10->1')>    0.14863
|1T^CV(10->14')>   -0.14694
|1T^CV(9->6')>   -0.21368
|1T^CV(8->7')>   -0.21372
|1T^CV(7->9')>    0.07854
|1T^CV(6->8')>    0.07848
|1T^CV(5->10')>    0.07933
|1T^CV(4->11')>    0.07940
|1T^CV(3->3')>    0.20814
|1T^CV(3->13')>    0.12176
|1T^CV(2->4')>    0.09207
|1T^CV(2->5')>    0.07289
|1T^CV(1->4')>   -0.07278
|1T^CV(1->5')>    0.09206
TDMs with Triplet 'Ground' state
TDMX:-0.000   TDMY:-0.000   TDMZ:-0.000   Oscillator Strength:0.00000   <S**2>: 0.000
--------------------------------------------------------------------
TDMs with Singlet 'Ground' state
TDMX:1.362   TDMY:-0.015   TDMZ:0.002   Oscillator Strength:0.11918   <S**2>: 0.000
--------------------------------------------------------------------


State 5 2.691 eV 
Excitation    CI Coef
|3^OS>   -0.06001
|3^CS(12->0)>   -0.15547
|3^CS(10->0)>   -0.24801
|3^CS(14->0')>   -0.07071
|3^CS(3->0')>    0.24869
|3^SV(0->1')>    0.43808
|3^SV(0->12')>   -0.15966
|3^SV(0->14')>   -0.14173
|3^SV(0'->3')>    0.40191
|3^SV(0'->15')>    0.06807
|3X^CV(20->3')>    0.08921
|3X^CV(20->21')>   -0.05738
|3X^CV(19->1')>    0.07759
|3X^CV(19->16')>   -0.07982
|3X^CV(18->3')>    0.06282
|3X^CV(17->1')>    0.06705
|3X^CV(14->3')>   -0.11809
|3X^CV(14->15')>   -0.05588
|3X^CV(12->1')>    0.19891
|3X^CV(12->12')>   -0.09042
|3X^CV(12->14')>   -0.08855
|3X^CV(11->3')>    0.09764
|3X^CV(10->1')>    0.17804
|3X^CV(10->14')>   -0.14945
|3X^CV(9->6')>   -0.24271
|3X^CV(8->7')>   -0.24264
|3X^CV(7->9')>    0.05532
|3X^CV(6->8')>    0.05530
|3X^CV(5->10')>    0.05556
|3X^CV(4->11')>    0.05597
|3X^CV(3->3')>    0.24375
|3X^CV(3->13')>    0.12069
|3X^CV(2->4')>    0.06483
|3X^CV(2->5')>    0.05183
|3X^CV(1->4')>   -0.05094
|3X^CV(1->5')>    0.06508
|3^SVD(1,3)>   -0.05909
TDMs with Triplet 'Ground' state
TDMX:-0.000   TDMY:0.002   TDMZ:0.000   Oscillator Strength:0.00000   <S**2>: 2.000
--------------------------------------------------------------------
TDMs with Singlet 'Ground' state
TDMX:-0.000   TDMY:0.000   TDMZ:-0.000   Oscillator Strength:0.00000   <S**2>: 2.000
--------------------------------------------------------------------


State 6 2.698 eV 
Excitation    CI Coef
|1^CS(16->0)>   -0.05174
|1^CS(2->0)>    0.36180
|1^CS(1->0)>   -0.09550
|1^CS(2->0')>   -0.05736
|1^CS(1->0')>   -0.36860
|1^SV(0->4')>   -0.33748
|1^SV(0->5')>   -0.14702
|1^SV(0'->4')>   -0.18182
|1^SV(0'->5')>    0.32103
|1T^CV(17->17')>   -0.05239
|1T^CV(16->20')>   -0.05378
|1T^CV(15->19')>   -0.05582
|1T^CV(12->4')>    0.10437
|1T^CV(11->4')>   -0.08167
|1T^CV(11->5')>    0.14404
|1T^CV(10->4')>   -0.18144
|1T^CV(10->5')>   -0.07915
|1T^CV(7->10')>   -0.10596
|1T^CV(7->11')>    0.15786
|1T^CV(6->10')>   -0.16786
|1T^CV(6->11')>   -0.08889
|1T^CV(5->8')>   -0.18620
|1T^CV(5->9')>   -0.06468
|1T^CV(4->9')>    0.17578
|1T^CV(3->4')>    0.07541
|1T^CV(3->5')>   -0.13324
|1T^CV(2->1')>    0.07104
|1T^CV(2->12')>   -0.20666
|1T^CV(2->14')>    0.11137
|1T^CV(1->3')>    0.12489
|1T^CV(1->12')>    0.05467
|1T^CV(1->13')>   -0.21320
TDMs with Triplet 'Ground' state
TDMX:-0.000   TDMY:0.000   TDMZ:-0.000   Oscillator Strength:0.00000   <S**2>: 0.000
--------------------------------------------------------------------
TDMs with Singlet 'Ground' state
TDMX:0.085   TDMY:-1.281   TDMZ:0.013   Oscillator Strength:0.10901   <S**2>: 0.000
--------------------------------------------------------------------


State 7 2.701 eV 
Excitation    CI Coef
|1^CS(15->0)>    0.05178
|1^CS(2->0)>   -0.09550
|1^CS(1->0)>   -0.36114
|1^CS(2->0')>    0.36802
|1^CS(1->0')>   -0.05713
|1^SV(0->4')>   -0.14698
|1^SV(0->5')>    0.33723
|1^SV(0'->4')>   -0.32069
|1^SV(0'->5')>   -0.18139
|1T^CV(17->18')>    0.05248
|1T^CV(16->19')>    0.05600
|1T^CV(15->20')>    0.05395
|1T^CV(12->5')>   -0.10451
|1T^CV(11->4')>   -0.14429
|1T^CV(11->5')>   -0.08152
|1T^CV(10->4')>   -0.07911
|1T^CV(10->5')>    0.18176
|1T^CV(7->10')>   -0.16051
|1T^CV(7->11')>   -0.10184
|1T^CV(6->10')>   -0.08501
|1T^CV(6->11')>    0.17098
|1T^CV(5->8')>   -0.09014
|1T^CV(5->9')>   -0.15886
|1T^CV(4->8')>    0.16483
|1T^CV(4->9')>   -0.10902
|1T^CV(3->4')>    0.13342
|1T^CV(3->5')>    0.07551
|1T^CV(2->3')>   -0.12511
|1T^CV(2->12')>    0.05463
|1T^CV(2->13')>    0.21345
|1T^CV(1->1')>   -0.07116
|1T^CV(1->12')>    0.20692
|1T^CV(1->14')>   -0.11147
TDMs with Triplet 'Ground' state
TDMX:-0.000   TDMY:-0.000   TDMZ:-0.000   Oscillator Strength:0.00000   <S**2>: 0.000
--------------------------------------------------------------------
TDMs with Singlet 'Ground' state
TDMX:0.077   TDMY:0.659   TDMZ:-0.008   Oscillator Strength:0.02916   <S**2>: 0.000
--------------------------------------------------------------------


State 8 2.799 eV 
Excitation    CI Coef
|1^ZW->   -0.09688
|1^ZW+>   -0.05510
|1^CS(18->0)>    0.12205
|1^CS(11->0)>    0.27461
|1^CS(3->0)>   -0.15276
|1^CS(17->0')>   -0.11957
|1^CS(12->0')>   -0.15951
|1^CS(10->0')>    0.26073
|1^SV(0->3')>   -0.12507
|1^SV(0->13')>    0.32997
|1^SV(0->19')>   -0.06224
|1^SV(0'->12')>   -0.31370
|1^SV(0'->14')>    0.18350
|1^SV(0'->20')>    0.06878
|1T^CV(17->19')>    0.05995
|1T^CV(16->17')>   -0.08420
|1T^CV(15->18')>    0.08410
|1T^CV(14->1')>   -0.05542
|1T^CV(13->2')>    0.08931
|1T^CV(12->13')>   -0.08820
|1T^CV(11->12')>   -0.14645
|1T^CV(10->3')>   -0.10877
|1T^CV(10->13')>    0.14298
|1T^CV(7->8')>   -0.19325
|1T^CV(6->9')>   -0.19321
|1T^CV(5->10')>   -0.15921
|1T^CV(5->11')>    0.11309
|1T^CV(4->10')>    0.11314
|1T^CV(4->11')>    0.15902
|1T^CV(3->1')>   -0.14336
|1T^CV(3->12')>    0.09588
|1T^CV(3->14')>   -0.07945
|1T^CV(2->4')>   -0.07277
|1T^CV(2->5')>    0.27663
|1T^CV(1->4')>    0.27679
|1T^CV(1->5')>    0.07248
TDMs with Triplet 'Ground' state
TDMX:-0.000   TDMY:0.000   TDMZ:0.000   Oscillator Strength:0.00000   <S**2>: 0.000
--------------------------------------------------------------------
TDMs with Singlet 'Ground' state
TDMX:0.288   TDMY:-0.096   TDMZ:0.000   Oscillator Strength:0.00631   <S**2>: 0.000
--------------------------------------------------------------------


State 9 2.802 eV 
Excitation    CI Coef
|3^CS(2->0)>   -0.25904
|3^CS(1->0)>   -0.23938
|3^CS(2->0')>    0.31755
|3^CS(1->0')>    0.14075
|3^SV(0->4')>   -0.05400
|3^SV(0->5')>   -0.33973
|3^SV(0'->4')>   -0.16365
|3^SV(0'->5')>   -0.30403
|3X^CV(18->18')>    0.07025
|3X^CV(17->18')>    0.07391
|3X^CV(15->19')>    0.07514
|3X^CV(15->20')>    0.06982
|3X^CV(12->5')>   -0.12441
|3X^CV(11->4')>   -0.08510
|3X^CV(11->5')>   -0.15964
|3X^CV(10->5')>    0.21037
|3X^CV(7->10')>   -0.08742
|3X^CV(7->11')>   -0.19029
|3X^CV(6->11')>    0.21398
|3X^CV(5->9')>   -0.11086
|3X^CV(4->8')>    0.18403
|3X^CV(4->9')>   -0.20820
|3X^CV(3->4')>    0.07642
|3X^CV(3->5')>    0.14352
|3X^CV(2->1')>   -0.05396
|3X^CV(2->3')>   -0.12251
|3X^CV(2->12')>    0.17006
|3X^CV(2->13')>    0.21578
|3X^CV(2->14')>   -0.09296
|3X^CV(1->3')>   -0.05360
|3X^CV(1->12')>    0.15715
|3X^CV(1->13')>    0.09452
|3X^CV(1->14')>   -0.08592
TDMs with Triplet 'Ground' state
TDMX:0.002   TDMY:0.156   TDMZ:-0.001   Oscillator Strength:0.00161   <S**2>: 2.000
--------------------------------------------------------------------
TDMs with Singlet 'Ground' state
TDMX:0.000   TDMY:0.000   TDMZ:-0.000   Oscillator Strength:0.00000   <S**2>: 2.000
--------------------------------------------------------------------


State 10 2.806 eV 
Excitation    CI Coef
|3^CS(2->0)>    0.23824
|3^CS(1->0)>   -0.25552
|3^CS(2->0')>    0.13833
|3^CS(1->0')>   -0.31532
|3^SV(0->4')>    0.34065
|3^SV(0->5')>   -0.05531
|3^SV(0'->4')>   -0.30547
|3^SV(0'->5')>    0.16284
|3X^CV(18->17')>    0.07054
|3X^CV(17->17')>   -0.07418
|3X^CV(16->19')>    0.07561
|3X^CV(16->20')>   -0.06998
|3X^CV(12->4')>    0.12459
|3X^CV(11->4')>   -0.16036
|3X^CV(11->5')>    0.08522
|3X^CV(10->4')>   -0.21077
|3X^CV(7->10')>   -0.19687
|3X^CV(7->11')>    0.08828
|3X^CV(6->10')>   -0.21011
|3X^CV(5->8')>   -0.23107
|3X^CV(5->9')>   -0.15714
|3X^CV(4->8')>    0.05387
|3X^CV(4->9')>    0.10114
|3X^CV(3->4')>    0.14398
|3X^CV(3->5')>   -0.07657
|3X^CV(2->3')>   -0.05371
|3X^CV(2->12')>   -0.15749
|3X^CV(2->13')>    0.09487
|3X^CV(2->14')>    0.08604
|3X^CV(1->1')>   -0.05424
|3X^CV(1->3')>    0.12273
|3X^CV(1->12')>    0.17070
|3X^CV(1->13')>   -0.21621
|3X^CV(1->14')>   -0.09318
TDMs with Triplet 'Ground' state
TDMX:-0.014   TDMY:0.094   TDMZ:0.001   Oscillator Strength:0.00060   <S**2>: 2.000
--------------------------------------------------------------------
TDMs with Singlet 'Ground' state
TDMX:-0.000   TDMY:0.000   TDMZ:-0.000   Oscillator Strength:0.00000   <S**2>: 2.000
--------------------------------------------------------------------


State 11 2.834 eV 
Excitation    CI Coef
|5^CV(33->21')>    0.05280
|5^CV(21->15')>    0.10559
|5^CV(21->21')>   -0.07493
|5^CV(20->12')>    0.05889
|5^CV(20->14')>    0.09329
|5^CV(20->16')>    0.07215
|5^CV(19->3')>   -0.08348
|5^CV(19->15')>    0.10096
|5^CV(18->14')>    0.05045
|5^CV(17->3')>   -0.05286
|5^CV(14->1')>   -0.11148
|5^CV(14->12')>   -0.11380
|5^CV(14->14')>   -0.15356
|5^CV(13->2')>    0.35874
|5^CV(12->3')>   -0.18902
|5^CV(12->13')>   -0.08976
|5^CV(11->1')>   -0.35355
|5^CV(11->12')>   -0.10249
|5^CV(10->3')>   -0.21723
|5^CV(9->7')>    0.29382
|5^CV(8->6')>    0.29357
|5^CV(3->1')>   -0.57165
TDMs with Triplet 'Ground' state
TDMX:-0.000   TDMY:0.000   TDMZ:0.000   Oscillator Strength:0.00000   <S**2>: 6.000
--------------------------------------------------------------------
TDMs with Singlet 'Ground' state
TDMX:0.000   TDMY:-0.000   TDMZ:0.000   Oscillator Strength:0.00000   <S**2>: 6.000
--------------------------------------------------------------------


State 12 2.868 eV 
Excitation    CI Coef
|1^OS>   -0.05386
|1^CS(17->0)>    0.15656
|1^CS(12->0)>    0.26678
|1^CS(10->0)>   -0.18813
|1^CS(18->0')>   -0.15662
|1^CS(14->0')>    0.10816
|1^CS(11->0')>   -0.27470
|1^CS(3->0')>    0.10485
|1^SV(0->1')>    0.16140
|1^SV(0->12')>    0.25814
|1^SV(0->14')>   -0.27128
|1^SV(0->20')>   -0.08745
|1^SV(0'->13')>   -0.37889
|1^SV(0'->19')>    0.06665
|1^SV(0'->21')>   -0.05056
|1T^CV(16->17')>    0.07585
|1T^CV(15->18')>    0.07594
|1T^CV(12->14')>    0.06308
|1T^CV(11->13')>   -0.10564
|1T^CV(10->1')>   -0.12773
|1T^CV(10->12')>    0.16079
|1T^CV(9->6')>    0.08231
|1T^CV(8->7')>    0.08232
|1T^CV(7->9')>    0.17358
|1T^CV(6->8')>    0.17368
|1T^CV(5->10')>    0.17466
|1T^CV(4->11')>    0.17488
|1T^CV(3->3')>   -0.16296
|1T^CV(3->13')>    0.07728
|1T^CV(2->4')>    0.20427
|1T^CV(2->5')>    0.16180
|1T^CV(1->4')>   -0.16150
|1T^CV(1->5')>    0.20440
TDMs with Triplet 'Ground' state
TDMX:-0.000   TDMY:0.000   TDMZ:0.000   Oscillator Strength:0.00000   <S**2>: 0.000
--------------------------------------------------------------------
TDMs with Singlet 'Ground' state
TDMX:0.284   TDMY:0.037   TDMZ:-0.001   Oscillator Strength:0.00575   <S**2>: 0.000
--------------------------------------------------------------------


State 13 2.886 eV 
Excitation    CI Coef
|3^CS(18->0)>    0.10335
|3^CS(11->0)>    0.25733
|3^CS(3->0)>   -0.17086
|3^CS(17->0')>   -0.06540
|3^CS(12->0')>   -0.15935
|3^CS(10->0')>    0.26997
|3^SV(0->3')>    0.11523
|3^SV(0->13')>   -0.32816
|3^SV(0->19')>    0.06306
|3^SV(0'->1')>   -0.06587
|3^SV(0'->12')>   -0.30794
|3^SV(0'->14')>    0.18679
|3^SV(0'->20')>    0.07118
|3X^CV(17->19')>    0.06014
|3X^CV(16->17')>   -0.08960
|3X^CV(15->18')>    0.08178
|3X^CV(14->1')>   -0.06055
|3X^CV(13->2')>    0.08875
|3X^CV(12->3')>    0.05635
|3X^CV(12->13')>   -0.08678
|3X^CV(11->12')>   -0.15239
|3X^CV(10->3')>   -0.09702
|3X^CV(10->13')>    0.15466
|3X^CV(7->8')>   -0.20846
|3X^CV(6->9')>   -0.20578
|3X^CV(5->10')>   -0.17976
|3X^CV(5->11')>    0.11997
|3X^CV(4->10')>    0.12194
|3X^CV(4->11')>    0.16054
|3X^CV(3->1')>   -0.12309
|3X^CV(3->12')>    0.09486
|3X^CV(3->14')>   -0.09272
|3X^CV(2->4')>   -0.08550
|3X^CV(2->5')>    0.27785
|3X^CV(1->4')>    0.29433
|3X^CV(1->5')>    0.06468
TDMs with Triplet 'Ground' state
TDMX:0.321   TDMY:-0.003   TDMZ:-0.003   Oscillator Strength:0.00710   <S**2>: 2.000
--------------------------------------------------------------------
TDMs with Singlet 'Ground' state
TDMX:0.000   TDMY:0.000   TDMZ:-0.000   Oscillator Strength:0.00000   <S**2>: 2.000
--------------------------------------------------------------------


State 14 2.912 eV 
Excitation    CI Coef
|3^OS>    0.08398
|3^CS(17->0)>    0.10535
|3^CS(12->0)>    0.18575
|3^CS(10->0)>   -0.17613
|3^CS(18->0')>   -0.07677
|3^CS(14->0')>    0.07245
|3^CS(11->0')>   -0.18992
|3^CS(3->0')>    0.11026
|3^SV(0->1')>   -0.08761
|3^SV(0->12')>   -0.26427
|3^SV(0->14')>    0.22571
|3^SV(0->20')>    0.07449
|3^SV(0'->13')>   -0.34614
|3^SV(0'->19')>    0.06131
|3X^CV(35->18')>   -0.05001
|3X^CV(18->19')>    0.06287
|3X^CV(17->20')>    0.05677
|3X^CV(16->17')>    0.08642
|3X^CV(15->18')>    0.09426
|3X^CV(12->12')>   -0.07614
|3X^CV(12->14')>    0.08109
|3X^CV(11->3')>    0.06007
|3X^CV(11->13')>   -0.14188
|3X^CV(10->1')>   -0.11667
|3X^CV(10->12')>    0.18458
|3X^CV(9->6')>    0.07890
|3X^CV(8->7')>    0.07882
|3X^CV(7->9')>    0.22509
|3X^CV(6->8')>    0.22298
|3X^CV(5->10')>    0.21726
|3X^CV(4->11')>    0.23334
|3X^CV(3->3')>   -0.15574
|3X^CV(3->13')>    0.10147
|3X^CV(2->4')>    0.23582
|3X^CV(2->5')>    0.20206
|3X^CV(1->4')>   -0.17640
|3X^CV(1->5')>    0.24257
TDMs with Triplet 'Ground' state
TDMX:0.008   TDMY:-0.003   TDMZ:-0.003   Oscillator Strength:0.00001   <S**2>: 2.000
--------------------------------------------------------------------
TDMs with Singlet 'Ground' state
TDMX:0.000   TDMY:0.000   TDMZ:0.000   Oscillator Strength:0.00000   <S**2>: 2.000
--------------------------------------------------------------------


State 15 3.013 eV 
Excitation    CI Coef
|5^CV(33->16')>    0.06198
|5^CV(32->15')>   -0.05030
|5^CV(20->3')>   -0.09125
|5^CV(20->21')>    0.06706
|5^CV(19->1')>   -0.09300
|5^CV(19->16')>    0.09693
|5^CV(19->20')>   -0.06198
|5^CV(17->1')>   -0.05756
|5^CV(16->17')>    0.05657
|5^CV(15->18')>    0.05667
|5^CV(14->3')>    0.12435
|5^CV(14->13')>    0.06842
|5^CV(14->15')>    0.08798
|5^CV(12->1')>   -0.21588
|5^CV(12->14')>    0.18322
|5^CV(11->3')>   -0.05416
|5^CV(11->13')>   -0.14082
|5^CV(10->1')>   -0.26967
|5^CV(10->12')>    0.18079
|5^CV(10->14')>    0.09222
|5^CV(9->6')>    0.41643
|5^CV(8->7')>    0.41658
|5^CV(7->9')>    0.16801
|5^CV(6->8')>    0.16786
|5^CV(5->10')>    0.16889
|5^CV(4->11')>    0.16917
|5^CV(3->3')>   -0.36455
|5^CV(2->4')>    0.14090
|5^CV(2->5')>    0.11166
|5^CV(1->4')>   -0.11134
|5^CV(1->5')>    0.14099
TDMs with Triplet 'Ground' state
TDMX:0.000   TDMY:-0.000   TDMZ:0.000   Oscillator Strength:0.00000   <S**2>: 6.000
--------------------------------------------------------------------
TDMs with Singlet 'Ground' state
TDMX:0.000   TDMY:0.000   TDMZ:-0.000   Oscillator Strength:0.00000   <S**2>: 6.000
--------------------------------------------------------------------


State 16 3.065 eV 
Excitation    CI Coef
|5^CV(37->19')>   -0.05243
|5^CV(35->18')>   -0.05735
|5^CV(34->17')>   -0.05754
|5^CV(18->20')>    0.08137
|5^CV(17->19')>    0.09263
|5^CV(16->17')>   -0.11384
|5^CV(15->18')>    0.11347
|5^CV(14->12')>    0.06252
|5^CV(13->2')>   -0.09549
|5^CV(12->3')>    0.05251
|5^CV(12->13')>   -0.13467
|5^CV(11->1')>    0.09608
|5^CV(11->12')>   -0.15019
|5^CV(11->14')>    0.12541
|5^CV(10->3')>   -0.10934
|5^CV(10->13')>    0.20378
|5^CV(7->8')>   -0.35264
|5^CV(6->9')>   -0.35250
|5^CV(5->10')>   -0.29027
|5^CV(5->11')>    0.20585
|5^CV(4->10')>    0.20603
|5^CV(4->11')>    0.28912
|5^CV(3->12')>    0.17250
|5^CV(3->14')>   -0.05392
|5^CV(2->4')>   -0.08887
|5^CV(2->5')>    0.33655
|5^CV(1->4')>    0.33726
|5^CV(1->5')>    0.08797
TDMs with Triplet 'Ground' state
TDMX:0.000   TDMY:-0.000   TDMZ:-0.000   Oscillator Strength:0.00000   <S**2>: 6.000
--------------------------------------------------------------------
TDMs with Singlet 'Ground' state
TDMX:0.000   TDMY:0.000   TDMZ:0.000   Oscillator Strength:0.00000   <S**2>: 6.000
--------------------------------------------------------------------


State 17 3.081 eV 
Excitation    CI Coef
|5^CV(35->18')>   -0.05063
|5^CV(34->17')>    0.05045
|5^CV(20->3')>    0.05394
|5^CV(19->1')>    0.05561
|5^CV(19->16')>   -0.06004
|5^CV(18->3')>    0.05053
|5^CV(18->19')>    0.07643
|5^CV(17->20')>    0.07419
|5^CV(16->17')>    0.10020
|5^CV(15->18')>    0.10057
|5^CV(14->3')>   -0.08825
|5^CV(12->1')>    0.14164
|5^CV(12->12')>   -0.14229
|5^CV(11->3')>    0.13074
|5^CV(11->13')>   -0.13491
|5^CV(10->1')>    0.09525
|5^CV(10->12')>    0.12681
|5^CV(10->14')>   -0.17939
|5^CV(9->6')>   -0.25412
|5^CV(8->7')>   -0.25421
|5^CV(7->9')>    0.31435
|5^CV(6->8')>    0.31429
|5^CV(5->10')>    0.31563
|5^CV(4->11')>    0.31662
|5^CV(3->3')>    0.10960
|5^CV(3->13')>    0.19451
|5^CV(2->4')>    0.23754
|5^CV(2->5')>    0.18857
|5^CV(1->4')>   -0.18749
|5^CV(1->5')>    0.23783
TDMs with Triplet 'Ground' state
TDMX:-0.000   TDMY:0.000   TDMZ:-0.000   Oscillator Strength:0.00000   <S**2>: 6.000
--------------------------------------------------------------------
TDMs with Singlet 'Ground' state
TDMX:0.000   TDMY:0.000   TDMZ:0.000   Oscillator Strength:0.00000   <S**2>: 6.000
--------------------------------------------------------------------


State 18 3.085 eV 
Excitation    CI Coef
|1^ZW+>    0.11815
|1^CS(18->0)>    0.08073
|1^CS(14->0)>   -0.21810
|1^CS(11->0)>   -0.05778
|1^CS(19->0')>    0.05130
|1^CS(17->0')>   -0.05398
|1^CS(12->0')>   -0.17152
|1^CS(10->0')>   -0.09983
|1^SV(0->3')>    0.18906
|1^SV(0->13')>    0.12885
|1^SV(0->15')>    0.08702
|1^SV(0'->12')>    0.09453
|1^SV(0'->14')>    0.22044
|1T^CV(21->3')>    0.07458
|1T^CV(21->15')>   -0.12378
|1T^CV(21->21')>    0.07856
|1T^CV(20->1')>   -0.17696
|1T^CV(19->21')>    0.07958
|1T^CV(18->1')>   -0.05857
|1T^CV(14->1')>    0.28073
|1T^CV(14->16')>    0.05920
|1T^CV(13->2')>   -0.45968
|1T^CV(12->3')>   -0.08889
|1T^CV(12->15')>   -0.05224
|1T^CV(11->1')>    0.29215
|1T^CV(11->12')>    0.09611
|1T^CV(11->14')>    0.12875
|1T^CV(10->3')>   -0.12856
|1T^CV(10->15')>   -0.06010
|1T^CV(9->7')>    0.20233
|1T^CV(8->6')>    0.20254
|1T^CV(3->1')>    0.22596
|1T^CV(3->12')>    0.19345
|1T^CV(3->14')>    0.19442
TDMs with Triplet 'Ground' state
TDMX:0.000   TDMY:0.000   TDMZ:-0.000   Oscillator Strength:0.00000   <S**2>: 0.000
--------------------------------------------------------------------
TDMs with Singlet 'Ground' state
TDMX:-0.216   TDMY:-0.056   TDMZ:0.000   Oscillator Strength:0.00375   <S**2>: 0.000
--------------------------------------------------------------------


State 19 3.099 eV 
Excitation    CI Coef
|5^CV(37->17')>   -0.05697
|5^CV(36->17')>   -0.05811
|5^CV(34->19')>   -0.05282
|5^CV(27->10')>    0.05395
|5^CV(18->17')>   -0.09459
|5^CV(17->17')>    0.09927
|5^CV(16->16')>    0.06294
|5^CV(16->19')>   -0.10413
|5^CV(16->20')>    0.09251
|5^CV(14->4')>   -0.05120
|5^CV(14->17')>   -0.05183
|5^CV(12->4')>   -0.13559
|5^CV(12->17')>   -0.05271
|5^CV(11->4')>    0.19768
|5^CV(11->5')>   -0.06628
|5^CV(10->4')>    0.23074
|5^CV(10->5')>   -0.07681
|5^CV(7->10')>    0.36371
|5^CV(7->11')>   -0.09684
|5^CV(6->10')>    0.35519
|5^CV(6->11')>   -0.09375
|5^CV(5->8')>    0.38963
|5^CV(5->9')>    0.30226
|5^CV(4->8')>   -0.14578
|5^CV(4->9')>   -0.11386
|5^CV(3->4')>   -0.17284
|5^CV(3->5')>    0.05795
|5^CV(2->3')>    0.08155
|5^CV(2->12')>    0.14878
|5^CV(2->13')>   -0.15314
|5^CV(2->14')>   -0.08274
|5^CV(1->1')>    0.06027
|5^CV(1->3')>   -0.12501
|5^CV(1->12')>   -0.22701
|5^CV(1->13')>    0.23476
|5^CV(1->14')>    0.12624
TDMs with Triplet 'Ground' state
TDMX:-0.000   TDMY:0.000   TDMZ:-0.000   Oscillator Strength:0.00000   <S**2>: 6.000
--------------------------------------------------------------------
TDMs with Singlet 'Ground' state
TDMX:0.000   TDMY:0.000   TDMZ:0.000   Oscillator Strength:0.00000   <S**2>: 6.000
--------------------------------------------------------------------


State 20 3.099 eV 
Excitation    CI Coef
|5^CV(37->18')>   -0.05783
|5^CV(36->18')>    0.05725
|5^CV(35->19')>   -0.05272
|5^CV(26->11')>   -0.05396
|5^CV(18->18')>    0.09456
|5^CV(17->18')>    0.09929
|5^CV(15->16')>    0.06303
|5^CV(15->19')>    0.10394
|5^CV(15->20')>    0.09268
|5^CV(14->5')>    0.05120
|5^CV(14->18')>    0.05184
|5^CV(12->5')>   -0.13570
|5^CV(12->18')>   -0.05275
|5^CV(11->4')>   -0.06618
|5^CV(11->5')>   -0.19740
|5^CV(10->4')>    0.07688
|5^CV(10->5')>    0.23096
|5^CV(7->10')>   -0.09439
|5^CV(7->11')>   -0.35442
|5^CV(6->10')>    0.09622
|5^CV(6->11')>    0.36447
|5^CV(5->8')>    0.11306
|5^CV(5->9')>   -0.14638
|5^CV(4->8')>    0.30273
|5^CV(4->9')>   -0.38929
|5^CV(3->4')>    0.05795
|5^CV(3->5')>    0.17286
|5^CV(2->1')>   -0.06024
|5^CV(2->3')>   -0.12518
|5^CV(2->12')>    0.22691
|5^CV(2->13')>    0.23480
|5^CV(2->14')>   -0.12624
|5^CV(1->3')>   -0.08165
|5^CV(1->12')>    0.14872
|5^CV(1->13')>    0.15316
|5^CV(1->14')>   -0.08274
TDMs with Triplet 'Ground' state
TDMX:0.000   TDMY:-0.000   TDMZ:0.000   Oscillator Strength:0.00000   <S**2>: 6.000
--------------------------------------------------------------------
TDMs with Singlet 'Ground' state
TDMX:-0.000   TDMY:-0.000   TDMZ:-0.000   Oscillator Strength:0.00000   <S**2>: 6.000
--------------------------------------------------------------------


State 21 3.117 eV 
Excitation    CI Coef
|3^CS(18->0)>    0.08241
|3^CS(14->0)>   -0.18567
|3^CS(12->0')>   -0.13344
|3^SV(0->3')>   -0.21289
|3^SV(0->13')>   -0.12923
|3^SV(0->15')>   -0.08029
|3^SV(0'->1')>   -0.11538
|3^SV(0'->12')>    0.07256
|3^SV(0'->14')>    0.22637
|3X^CV(21->3')>    0.07608
|3X^CV(21->15')>   -0.13119
|3X^CV(21->21')>    0.08377
|3X^CV(20->1')>   -0.18030
|3X^CV(20->12')>   -0.05165
|3X^CV(19->21')>    0.07566
|3X^CV(18->1')>   -0.06814
|3X^CV(14->1')>    0.29822
|3X^CV(14->12')>    0.05602
|3X^CV(14->16')>    0.05441
|3X^CV(13->2')>   -0.50187
|3X^CV(12->3')>   -0.08247
|3X^CV(11->1')>    0.29689
|3X^CV(11->12')>    0.10550
|3X^CV(11->14')>    0.12752
|3X^CV(10->3')>   -0.11816
|3X^CV(10->15')>   -0.05642
|3X^CV(9->7')>    0.17969
|3X^CV(8->6')>    0.17992
|3X^CV(3->1')>    0.23885
|3X^CV(3->12')>    0.18768
|3X^CV(3->14')>    0.19401
TDMs with Triplet 'Ground' state
TDMX:0.410   TDMY:-0.002   TDMZ:-0.001   Oscillator Strength:0.01247   <S**2>: 2.000
--------------------------------------------------------------------
TDMs with Singlet 'Ground' state
TDMX:0.000   TDMY:-0.000   TDMZ:-0.000   Oscillator Strength:0.00000   <S**2>: 2.000
--------------------------------------------------------------------


State 22 3.155 eV 
Excitation    CI Coef
|1^CS(9->0)>   -0.54766
|1^CS(8->0)>   -0.07949
|1^CS(9->0')>    0.05549
|1^CS(8->0')>    0.48451
|1^SV(0->6')>    0.27095
|1^SV(0->7')>    0.05225
|1^SV(0'->7')>   -0.28833
|1T^CV(14->7')>    0.11159
|1T^CV(12->6')>   -0.10912
|1T^CV(10->6')>   -0.12638
|1T^CV(9->1')>    0.26978
|1T^CV(9->12')>   -0.08885
|1T^CV(9->14')>   -0.16622
|1T^CV(8->3')>    0.27752
|1T^CV(8->13')>    0.09068
|1T^CV(8->15')>    0.06880
|1T^CV(3->7')>   -0.13233
|1^CSD_(12,8)>    0.06140
|1^CSD_(11,9)>   -0.06587
TDMs with Triplet 'Ground' state
TDMX:-0.000   TDMY:0.000   TDMZ:0.000   Oscillator Strength:0.00000   <S**2>: 0.000
--------------------------------------------------------------------
TDMs with Singlet 'Ground' state
TDMX:0.001   TDMY:-0.396   TDMZ:-0.538   Oscillator Strength:0.03453   <S**2>: 0.000
--------------------------------------------------------------------


State 23 3.156 eV 
Excitation    CI Coef
|1^CS(9->0)>   -0.07943
|1^CS(8->0)>    0.54817
|1^CS(9->0')>   -0.48456
|1^CS(8->0')>    0.05541
|1^SV(0->6')>    0.05213
|1^SV(0->7')>   -0.27012
|1^SV(0'->6')>    0.28739
|1T^CV(14->6')>   -0.11149
|1T^CV(12->7')>    0.10905
|1T^CV(10->7')>    0.12635
|1T^CV(9->3')>   -0.27794
|1T^CV(9->13')>   -0.09082
|1T^CV(9->15')>   -0.06870
|1T^CV(8->1')>   -0.27038
|1T^CV(8->12')>    0.08893
|1T^CV(8->14')>    0.16642
|1T^CV(3->6')>    0.13229
|1^CSD_(12,9)>   -0.06129
|1^CSD_(11,8)>    0.06623
TDMs with Triplet 'Ground' state
TDMX:0.000   TDMY:-0.000   TDMZ:-0.000   Oscillator Strength:0.00000   <S**2>: 0.000
--------------------------------------------------------------------
TDMs with Singlet 'Ground' state
TDMX:-0.001   TDMY:0.042   TDMZ:0.053   Oscillator Strength:0.00035   <S**2>: 0.000
--------------------------------------------------------------------


State 24 3.211 eV 
Excitation    CI Coef
|5^CV(33->15')>   -0.06151
|5^CV(21->3')>   -0.07551
|5^CV(21->15')>    0.11231
|5^CV(21->21')>   -0.06992
|5^CV(20->1')>    0.19162
|5^CV(19->21')>   -0.10373
|5^CV(18->1')>    0.07698
|5^CV(14->1')>   -0.28647
|5^CV(14->16')>   -0.07105
|5^CV(14->20')>    0.05649
|5^CV(13->2')>    0.46939
|5^CV(12->3')>    0.16706
|5^CV(12->15')>    0.06037
|5^CV(11->1')>   -0.18489
|5^CV(11->12')>   -0.11892
|5^CV(11->14')>   -0.11423
|5^CV(11->16')>   -0.05578
|5^CV(10->3')>    0.16939
|5^CV(10->13')>    0.07636
|5^CV(10->15')>    0.07148
|5^CV(9->7')>   -0.41099
|5^CV(8->6')>   -0.41123
|5^CV(7->8')>   -0.05015
|5^CV(6->9')>   -0.05008
|5^CV(3->1')>   -0.06613
|5^CV(3->12')>   -0.15865
|5^CV(3->14')>   -0.24590
TDMs with Triplet 'Ground' state
TDMX:0.000   TDMY:-0.000   TDMZ:-0.000   Oscillator Strength:0.00000   <S**2>: 6.000
--------------------------------------------------------------------
TDMs with Singlet 'Ground' state
TDMX:-0.000   TDMY:0.000   TDMZ:0.000   Oscillator Strength:0.00000   <S**2>: 6.000
--------------------------------------------------------------------


State 25 3.220 eV 
Excitation    CI Coef
|3^CS(9->0)>   -0.49418
|3^CS(8->0)>   -0.24314
|3^CS(9->0')>    0.19615
|3^CS(8->0')>    0.43910
|3^SV(0->6')>   -0.22667
|3^SV(0->7')>   -0.12475
|3^SV(0'->6')>   -0.10322
|3^SV(0'->7')>   -0.25744
|3T^CV(9->1')>    0.06733
|3T^CV(8->3')>    0.05926
|3T^CV(3->7')>    0.05134
|3X^CV(14->7')>    0.09051
|3X^CV(12->6')>   -0.09037
|3X^CV(10->6')>   -0.10546
|3X^CV(10->7')>   -0.05792
|3X^CV(9->1')>    0.26473
|3X^CV(9->3')>    0.11804
|3X^CV(9->12')>   -0.07673
|3X^CV(9->14')>   -0.14951
|3X^CV(8->1')>    0.12959
|3X^CV(8->3')>    0.26139
|3X^CV(8->13')>    0.08687
|3X^CV(8->14')>   -0.07316
|3X^CV(8->15')>    0.05215
|3X^CV(3->7')>   -0.11941
|3^SVD(1,3)>   -0.06163
TDMs with Triplet 'Ground' state
TDMX:0.031   TDMY:-0.096   TDMZ:-0.107   Oscillator Strength:0.00167   <S**2>: 2.000
--------------------------------------------------------------------
TDMs with Singlet 'Ground' state
TDMX:-0.000   TDMY:0.000   TDMZ:0.000   Oscillator Strength:0.00000   <S**2>: 2.000
--------------------------------------------------------------------


State 26 3.224 eV 
Excitation    CI Coef
|3^CS(9->0)>   -0.24093
|3^CS(8->0)>    0.49519
|3^CS(9->0')>   -0.43545
|3^CS(8->0')>    0.19670
|3^SV(0->6')>   -0.12431
|3^SV(0->7')>    0.23056
|3^SV(0'->6')>    0.26149
|3^SV(0'->7')>   -0.10228
|3T^CV(9->3')>   -0.05867
|3T^CV(8->1')>   -0.06732
|3T^CV(3->6')>   -0.05210
|3X^CV(14->6')>   -0.09147
|3X^CV(12->7')>    0.09150
|3X^CV(10->6')>   -0.05788
|3X^CV(10->7')>    0.10666
|3X^CV(9->1')>    0.12971
|3X^CV(9->3')>   -0.26236
|3X^CV(9->13')>   -0.08687
|3X^CV(9->14')>   -0.07302
|3X^CV(9->15')>   -0.05235
|3X^CV(8->1')>   -0.26656
|3X^CV(8->3')>    0.11788
|3X^CV(8->12')>    0.07708
|3X^CV(8->14')>    0.15019
|3X^CV(3->6')>    0.12072
TDMs with Triplet 'Ground' state
TDMX:-0.065   TDMY:0.195   TDMZ:0.235   Oscillator Strength:0.00751   <S**2>: 2.000
--------------------------------------------------------------------
TDMs with Singlet 'Ground' state
TDMX:-0.000   TDMY:0.000   TDMZ:0.000   Oscillator Strength:0.00000   <S**2>: 2.000
--------------------------------------------------------------------


State 27 3.245 eV 
Excitation    CI Coef
|1^CS(5->0)>   -0.47893
|1^CS(4->0)>   -0.18238
|1^CS(5->0')>   -0.23528
|1^CS(4->0')>    0.44191
|1^SV(0->10')>    0.30189
|1^SV(0->11')>    0.15087
|1^SV(0'->10')>    0.18940
|1^SV(0'->11')>   -0.28340
|1T^CV(18->10')>    0.05107
|1T^CV(18->11')>   -0.07641
|1T^CV(17->10')>   -0.08227
|1T^CV(16->8')>   -0.06526
|1T^CV(15->9')>    0.05865
|1T^CV(11->11')>   -0.05639
|1T^CV(10->10')>    0.08751
|1T^CV(7->4')>    0.09331
|1T^CV(7->5')>   -0.15620
|1T^CV(6->4')>    0.16595
|1T^CV(6->5')>    0.07274
|1T^CV(5->12')>    0.13389
|1T^CV(5->13')>   -0.06950
|1T^CV(5->14')>   -0.07619
|1T^CV(5->20')>   -0.05737
|1T^CV(4->3')>   -0.06989
|1T^CV(4->12')>    0.05095
|1T^CV(4->13')>    0.13054
|1T^CV(4->19')>   -0.05304
|1T^CV(3->11')>    0.06736
|1T^CV(2->8')>    0.13721
|1T^CV(1->8')>   -0.05662
|1T^CV(1->9')>   -0.13870
|1^CSD_(12,4)>    0.05734
|1^CSD_(11,5)>   -0.05786
TDMs with Triplet 'Ground' state
TDMX:0.000   TDMY:-0.000   TDMZ:0.000   Oscillator Strength:0.00000   <S**2>: 0.000
--------------------------------------------------------------------
TDMs with Singlet 'Ground' state
TDMX:-0.006   TDMY:0.210   TDMZ:-0.603   Oscillator Strength:0.03239   <S**2>: 0.000
--------------------------------------------------------------------


State 28 3.246 eV 
Excitation    CI Coef
|1^CS(5->0)>    0.18229
|1^CS(4->0)>   -0.47839
|1^CS(5->0')>    0.44106
|1^CS(4->0')>    0.23480
|1^SV(0->10')>   -0.15068
|1^SV(0->11')>    0.30120
|1^SV(0'->10')>   -0.28281
|1^SV(0'->11')>   -0.18878
|1T^CV(18->10')>   -0.07635
|1T^CV(18->11')>   -0.05096
|1T^CV(17->11')>   -0.08218
|1T^CV(15->8')>   -0.05299
|1T^CV(15->9')>    0.05574
|1T^CV(11->10')>   -0.05636
|1T^CV(10->11')>    0.08743
|1T^CV(7->4')>   -0.15803
|1T^CV(7->5')>   -0.08891
|1T^CV(6->4')>   -0.06876
|1T^CV(6->5')>    0.16830
|1T^CV(5->3')>   -0.06972
|1T^CV(5->12')>   -0.05101
|1T^CV(5->13')>    0.13033
|1T^CV(5->19')>   -0.05297
|1T^CV(4->12')>    0.13375
|1T^CV(4->13')>    0.06939
|1T^CV(4->14')>   -0.07613
|1T^CV(4->20')>   -0.05734
|1T^CV(3->10')>    0.06724
|1T^CV(2->9')>   -0.14813
|1T^CV(1->8')>    0.14220
|1^CSD_(12,5)>    0.05733
|1^CSD_(11,4)>   -0.05787
TDMs with Triplet 'Ground' state
TDMX:-0.000   TDMY:0.000   TDMZ:0.000   Oscillator Strength:0.00000   <S**2>: 0.000
--------------------------------------------------------------------
TDMs with Singlet 'Ground' state
TDMX:-0.012   TDMY:0.102   TDMZ:-0.285   Oscillator Strength:0.00729   <S**2>: 0.000
--------------------------------------------------------------------


State 29 3.247 eV 
Excitation    CI Coef
|1^CS(7->0)>    0.51257
|1^CS(6->0')>    0.49820
|1^SV(0->8')>   -0.06239
|1^SV(0->9')>   -0.32836
|1^SV(0'->8')>   -0.33697
|1T^CV(18->8')>   -0.08860
|1T^CV(17->9')>    0.08712
|1T^CV(16->10')>    0.07521
|1T^CV(15->11')>   -0.06577
|1T^CV(11->8')>   -0.06741
|1T^CV(10->9')>   -0.09514
|1T^CV(7->12')>   -0.14290
|1T^CV(7->14')>    0.08185
|1T^CV(7->20')>    0.06057
|1T^CV(6->3')>   -0.07873
|1T^CV(6->13')>    0.14739
|1T^CV(6->19')>   -0.05905
|1T^CV(5->4')>   -0.15266
|1T^CV(5->5')>    0.11416
|1T^CV(5->17')>    0.05139
|1T^CV(4->4')>    0.11490
|1T^CV(4->5')>    0.12981
|1T^CV(3->8')>    0.07994
|1T^CV(2->10')>   -0.05302
|1T^CV(2->11')>    0.13311
|1T^CV(1->10')>    0.14547
|1^CSD_(12,6)>    0.06472
|1^CSD_(11,7)>    0.06198
TDMs with Triplet 'Ground' state
TDMX:-0.000   TDMY:-0.000   TDMZ:0.000   Oscillator Strength:0.00000   <S**2>: 0.000
--------------------------------------------------------------------
TDMs with Singlet 'Ground' state
TDMX:-0.138   TDMY:-0.005   TDMZ:0.018   Oscillator Strength:0.00153   <S**2>: 0.000
--------------------------------------------------------------------

Wall clock time: 22.4377 seconds
