                    ---------------------------------
                    | Radical ExROPPP Calculation |
                    ---------------------------------

Molecule: ./TTM-TTM.xyz radical

--------------------------------
Cartesian Coordinates / Angstrom
--------------------------------

Cl    1.730023    2.505022    4.679187
Cl   -1.224888    1.680567    5.453585
Cl    0.082070    2.094559    7.044732
Cl    1.518987    0.809145    5.892138
Cl    0.434125    0.959188    4.110941
Cl   -0.139635    3.467256    5.475417
Cl   -0.665279   -0.933662    6.426475
Cl   -0.663941    3.168853    2.695181
C     0.914771    2.307840    5.869288
C     0.140245    2.221216    4.775605
C     0.398463    1.918329    5.441610
C     0.140248    1.226588    5.680753
C     2.019692    2.992145    5.977241
H     2.479799    3.204664    5.704403
C     1.324439    2.774181    7.016200
H     1.213832    2.827050    7.578571
C     1.530038    2.619315    5.574939
C    -0.589443    1.051794    5.686503
C     1.929420    3.079414    6.710041
C     0.603734    0.687209    5.919318
C     0.837127    2.403606    6.608852
C    -0.841311    0.396621    5.911306
H    -1.407660    0.290131    5.915326
C     0.111728    1.824421    4.139368
C    -0.359086   -0.112420    6.142512
C    -0.097133    2.931295    4.724255
C     0.365634    0.028578    6.148791
H     0.742785   -0.372104    6.320002
C    -0.132612    2.105869    3.503542
H    -0.136238    1.782717    3.026405
C    -0.341973    3.226194    4.094770
H    -0.527112    3.771828    4.083417
C    -0.358267    2.808605    3.486121
Cl    2.650454    4.051309    9.173595
Cl    5.605327    4.875848    8.398935
Cl    4.298327    4.461912    6.807923
Cl    2.861427    5.747256    7.960621
Cl    3.946350    5.597141    9.741786
Cl    4.519912    3.089151    8.377156
Cl    5.045649    7.490117    7.426282
Cl    5.044514    3.387425   11.157393
C     3.465668    4.248545    7.983424
C     4.240232    4.335171    9.077038
C     3.981983    4.638059    8.410996
C     4.240178    5.329801    8.172855
C     2.360761    3.564197    7.875313
H     1.900657    3.351673    8.148151
C     3.055981    3.782194    6.836302
H     3.166587    3.729407    6.273919
C     2.850529    3.937021    8.277609
C     4.969871    5.504595    8.166068
C     2.451022    3.476928    7.142517
C     3.776674    5.869212    7.933391
C     3.543284    4.152848    7.243851
C     5.221719    6.159844    7.941324
H     5.788078    6.266291    7.937290
C     4.268754    4.731908    9.713437
C     4.739462    6.668817    7.710103
C     4.477696    3.625070    9.128362
C     4.014833    6.527814    7.703845
H     3.637682    6.928810    7.532631
C     4.513149    4.450410   10.349079
H     4.516788    4.773361   10.826225
C     4.722495    3.330138    9.757833
H     4.907455    2.784518    9.769150
C     4.738814    3.747712   10.366436

There are 54 heavy atoms.
There are 70 electrons in 54 orbitals.


Carbon 1e params: A = -22.717075 b = 1.705616

Nitrogen 1e params: alphan2 = -17.681338 Acn2 = -24.737202 bcn2 = 1.433639

Chlorine 1e params: alphacl = -10.335674 Accl = -26.021937 bccl=1.451861
C-Cl bond
C-Cl bond
C-Cl bond
C-Cl bond
C-Cl bond
C-Cl bond
C-Cl bond
C-Cl bond
C-Cl bond
C-Cl bond
C-Cl bond
C-Cl bond
C-Cl bond
C-Cl bond
C-Cl bond
C-Cl bond
C-Cl bond
C-Cl bond
C-Cl bond
C-Cl bond
C-Cl bond
C-Cl bond
C-Cl bond
C-Cl bond
C-Cl bond
C-Cl bond
C-Cl bond
C-Cl bond
C-Cl bond
C-Cl bond
C-Cl bond
C-Cl bond
C-Cl bond
C-Cl bond
C-Cl bond
C-Cl bond
C-Cl bond
C-Cl bond
C-Cl bond
C-Cl bond
C-Cl bond
C-Cl bond
C-Cl bond
C-Cl bond
C-Cl bond
C-Cl bond
C-Cl bond
C-Cl bond
C-Cl bond
C-Cl bond
C-Cl bond
C-Cl bond
C-Cl bond
C-Cl bond
C-Cl bond
C-Cl bond
C-Cl bond
C-Cl bond
C-Cl bond
C-Cl bond
C-Cl bond
C-Cl bond
C-Cl bond
C-Cl bond
C-Cl bond
C-Cl bond
C-Cl bond
C-Cl bond
C-Cl bond
C-Cl bond
C-Cl bond
C-Cl bond
Cl atom 39
Cl atom 40
Cl atom 41
Cl atom 42
Cl atom 43
Cl atom 44
Cl atom 45
Cl atom 46
Cl atom 47
Cl atom 48
Cl atom 49
Cl atom 50
Cl atom 51
Cl atom 52
Cl atom 53
Cl atom 54

Carbon 2e params: U = 8.420838 r0 = 1.173157

Nitrogen 2e params: Un2n2 = 17.979843 r0n2n2 = 1.111791

Chlorine 2e params: Uclcl= 9.642991 r0clcl = 2.253316

Mixed 2e params: Ucn2 = 13.200341 Uccl = 9.031915 Un2cl = 13.811417 r0cn2 =1.142474 r0ccl = 1.713237 r0n2cl = 1.682554
[8.42083845 3.92627696 5.06996144 3.92569588 3.98780226 3.98784464
 5.13736191 3.14483093 3.65867404 3.49806358 5.13746322 2.62111753
 3.14547371 2.51898944 3.49879365 2.79521697 2.62162538 2.79572209
 2.51947392 1.97074153 1.58856682 1.70676236 1.58759122 2.50299033
 2.50297207 2.11712951 1.4475622  2.83412497 1.59683859 2.11705426
 1.35112703 1.44822866 1.36096499 1.59898727 1.46975493 1.35223646
 1.47211633 1.36272635 4.88254468 3.88655503 4.88217895 4.64775507
 3.88714787 4.64798572 2.8857628  2.88618475 2.65289943 2.02831377
 2.6529663  2.50200638 2.02806397 2.50635463 1.81598112 1.8184919 ]

-------------------------------------
Restricted Open-shell PPP Calculation
-------------------------------------

Starting SCF cycle...

Iter   Energy        Dens Change      Energy Change
-----------------------------------------------------
0 -499.31228575583407 0.11874961102151663 -499.31228575583407
1 -516.6300649958004 0.047199357530782304 -17.317779239966285
2 -525.9423795223797 0.023427271185465504 -9.312314526579371
3 -529.7167979625419 0.01160379409658785 -3.774418440162208
4 -531.3974466066735 0.00567446146458539 -1.6806486441315656
5 -532.1669417502599 0.0027843160174774173 -0.7694951435863686
6 -532.5282215657413 0.0013696151401365597 -0.3612798154814527
7 -532.6997605960584 0.000676160658758862 -0.1715390303170352
8 -532.7818035879657 0.00033498006381993406 -0.0820429919073149
9 -532.8212053654199 0.00016655311932689543 -0.03940177745425899
10 -532.8401804538914 8.311465249200012e-05 -0.01897508847150675
11 -532.8493357378904 4.163359244202525e-05 -0.009155283999007224
12 -532.8537593637751 2.093692396010205e-05 -0.004423625884669491
13 -532.8558992044684 1.0572003220854498e-05 -0.0021398406933030856
14 -532.8569353193058 5.361147998206306e-06 -0.001036114837347668
15 -532.8574374441291 2.730866684119704e-06 -0.0005021248233560982
16 -532.8576809802313 1.3975707284785699e-06 -0.0002435361021753124
17 -532.8577991873293 7.187288804111347e-07 -0.00011820709801213525
18 -532.8578566042228 3.85800743241127e-07 -5.741689346905332e-05
19 -532.8578845132033 2.111621757450166e-07 -2.7908980541724304e-05
20 -532.8578980885829 1.1620681661383969e-07 -1.3575379625763162e-05
21 -532.8579046964682 6.427560916844044e-08 -6.607885211451503e-06
22 -532.857907915143 3.57184766208718e-08 -3.218674805793853e-06
23 -532.8579094840566 1.993448695003508e-08 -1.568913603477995e-06
24 -532.8579102493632 1.1169134506161527e-08 -7.653065949853044e-07
25 -532.8579106229538 6.2802858469268585e-09 -3.7359063753683586e-07
26 -532.8579108054649 3.5427161204637514e-09 -1.8251114397571655e-07
27 -532.8579108947008 2.0042479897952603e-09 -8.92358684723149e-08
28 -532.857910938371 1.1368295194102984e-09 -4.36701839134912e-08
29 -532.8579109597574 6.463275470380836e-10 -2.1386426851677243e-08
30 -532.8579109702468 3.6822389581914194e-10 -1.0489429769222625e-08
31 -532.8579109753906 2.101756546579736e-10 -5.143760972714517e-09
32 -532.8579109779205 1.201635457803718e-10 -2.5298731998191215e-09
33 -532.8579109791629 6.880307434897759e-11 -1.24236976262182e-09
34 -532.8579109797752 3.944777837716629e-11 -6.123173079686239e-10
35 -532.8579109800795 2.2642554498020218e-11 -3.043396645807661e-10
36 -532.857910980227 1.3011813848606835e-11 -1.47451828524936e-10
37 -532.8579109803047 7.48356931978833e-12 -7.776179700158536e-11
38 -532.8579109803384 4.30866453626777e-12 -3.3651303965598345e-11
39 -532.8579109803577 2.486344463648038e-12 -1.9326762412674725e-11
40 -532.8579109803653 1.4408474413585282e-12 -7.617018127348274e-12
41 -532.8579109803736 8.33444424586105e-13 -8.29913915367797e-12
42 -532.8579109803734 4.838351941316432e-13 2.2737367544323206e-13
43 -532.8579109803727 2.8033131371785203e-13 6.821210263296962e-13
44 -532.8579109803752 1.6153745008296028e-13 -2.5011104298755527e-12
45 -532.8579109803765 9.392486788328824e-14 -1.2505552149377763e-12
46 -532.857910980374 5.5289106626332796e-14 2.5011104298755527e-12
47 -532.8579109803761 3.219646771412954e-14 -2.1600499167107046e-12
48 -532.8579109803766 1.8762769116165146e-14 -4.547473508864641e-13
49 -532.8579109803759 1.099120794378905e-14 6.821210263296962e-13
50 -532.857910980379 6.328271240363392e-15 -3.069544618483633e-12
51 -532.8579109803778 3.9968028886505635e-15 1.1368683772161603e-12
52 -532.8579109803763 2.525757381022231e-15 1.4779288903810084e-12
53 -532.8579109803744 2.4424906541753444e-15 1.9326762412674725e-12
ENERGY0: -532.8579109803744

--------------------------
Converged ROPPP Orbitals
--------------------------

orbital number 1 energy -39.27750934210939
[0.24 0.22 0.27 0.22 0.13 0.13 0.16 0.15 0.14 0.15 0.16 0.11 0.15 0.1
 0.15 0.11 0.1  0.1  0.08 0.2  0.18 0.23 0.18 0.12 0.12 0.15 0.12 0.13
 0.12 0.15 0.09 0.12 0.07 0.12 0.09 0.09 0.09 0.07 0.13 0.12 0.13 0.12
 0.12 0.12 0.05 0.05 0.11 0.1  0.11 0.1  0.1  0.1  0.04 0.04]
orbital number 2 energy -38.72745292199118
[-0.18 -0.2  -0.24 -0.21 -0.06 -0.06 -0.11 -0.14 -0.03 -0.14 -0.11 -0.11
 -0.14 -0.09 -0.14 -0.11 -0.1  -0.1  -0.08  0.22  0.24  0.28  0.24  0.08
  0.08  0.14  0.16  0.05  0.16  0.14  0.12  0.16  0.1   0.16  0.12  0.12
  0.12  0.1  -0.1  -0.12 -0.1  -0.11 -0.11 -0.11 -0.05 -0.05  0.12  0.13
  0.12  0.13  0.13  0.13  0.05  0.05]
orbital number 3 energy -33.46589019485578
[ 0.15 -0.1  -0.03 -0.13  0.24  0.24  0.2  -0.14  0.28 -0.13  0.2  -0.13
 -0.11 -0.13 -0.1  -0.12 -0.1  -0.09 -0.09  0.15 -0.11 -0.04 -0.12  0.23
  0.23  0.2  -0.13  0.28 -0.12  0.19 -0.12 -0.12 -0.11 -0.11 -0.11 -0.11
 -0.11 -0.11  0.11 -0.1   0.1  -0.06 -0.08 -0.05 -0.08 -0.06  0.1  -0.09
  0.1  -0.06 -0.09 -0.06 -0.07 -0.07]
orbital number 4 energy -32.526132556836686
[-0.   -0.23 -0.01  0.22  0.    0.01 -0.01  0.26  0.01  0.27  0.01  0.26
 -0.27  0.27 -0.28  0.27 -0.27 -0.28 -0.28  0.01 -0.01 -0.   -0.01  0.02
  0.01  0.01 -0.01  0.02 -0.01  0.01 -0.01 -0.01 -0.01 -0.01 -0.01 -0.01
 -0.01 -0.01 -0.03  0.13  0.03  0.17 -0.15 -0.18  0.17 -0.18  0.01 -0.01
  0.01 -0.   -0.01 -0.   -0.01 -0.  ]
orbital number 5 energy -32.39664999141133
[ 0.   -0.    0.   -0.    0.    0.    0.   -0.    0.    0.    0.   -0.
 -0.   -0.   -0.    0.   -0.   -0.   -0.   -0.   -0.22 -0.    0.22 -0.
  0.01 -0.01  0.27  0.    0.27  0.01  0.27 -0.27  0.27 -0.28  0.27 -0.27
 -0.28 -0.27  0.   -0.    0.    0.   -0.   -0.   -0.   -0.   -0.03  0.14
  0.03  0.17 -0.14 -0.17  0.18 -0.18]
orbital number 6 energy -30.512328790466924
[-0.25  0.06 -0.07  0.05 -0.18 -0.18 -0.25  0.1  -0.11  0.09 -0.25  0.12
  0.12  0.12  0.1   0.11  0.13  0.12  0.13  0.25 -0.06  0.07 -0.06  0.18
  0.18  0.25 -0.11  0.11 -0.09  0.25 -0.13 -0.11 -0.13 -0.1  -0.12 -0.13
 -0.12 -0.13 -0.17  0.07 -0.17  0.02  0.08  0.03  0.09  0.09  0.17 -0.07
  0.17 -0.02 -0.07 -0.02 -0.09 -0.09]
orbital number 7 energy -23.515545630335367
[ 0.13  0.12  0.22  0.11 -0.13 -0.13  0.02 -0.01 -0.24 -0.01  0.01 -0.14
 -0.01 -0.21 -0.   -0.14 -0.14 -0.14 -0.22  0.13  0.13  0.23  0.13 -0.14
 -0.14  0.   -0.01 -0.24 -0.01  0.   -0.15 -0.01 -0.24 -0.01 -0.15 -0.15
 -0.15 -0.24  0.08  0.05  0.07  0.06  0.05  0.06 -0.2  -0.21  0.07  0.06
  0.07  0.06  0.06  0.06 -0.22 -0.22]
orbital number 8 energy -21.876161351970122
[-0.01  0.17  0.2   0.15 -0.12 -0.13 -0.11  0.06 -0.09  0.   -0.11 -0.11
  0.07 -0.24  0.01 -0.15 -0.12 -0.15 -0.26  0.03 -0.15 -0.17 -0.15  0.11
  0.11  0.11 -0.07  0.06 -0.01  0.11  0.1  -0.07  0.23 -0.01  0.14  0.1
  0.14  0.23 -0.03  0.14 -0.04  0.04  0.14  0.06 -0.24 -0.26  0.04 -0.14
  0.04 -0.04 -0.14 -0.04  0.23  0.24]
orbital number 9 energy -19.687890401748746
[-0.01  0.08 -0.01 -0.08  0.13 -0.12  0.16  0.04  0.01 -0.11 -0.17  0.09
 -0.03  0.09  0.09 -0.01 -0.08  0.01 -0.08 -0.01 -0.13  0.    0.14 -0.16
  0.16 -0.22 -0.05  0.01  0.16  0.21 -0.13  0.07 -0.15 -0.18  0.01  0.14
 -0.03  0.14  0.22  0.07 -0.23 -0.14 -0.05  0.12  0.1  -0.1  -0.3  -0.08
  0.3   0.21  0.11 -0.23 -0.18  0.16]
orbital number 10 energy -19.576102707249763
[ 0.12 -0.07  0.01 -0.03 -0.07 -0.04  0.02 -0.2  -0.13  0.18  0.06 -0.12
 -0.18  0.03  0.13  0.14 -0.08  0.14  0.07  0.12 -0.07  0.01 -0.03 -0.07
 -0.04  0.01 -0.21 -0.13  0.2   0.06 -0.13 -0.19  0.02  0.13  0.15 -0.08
  0.14  0.07  0.01 -0.27  0.07  0.26 -0.24  0.19  0.03  0.09  0.01 -0.28
  0.08  0.27 -0.24  0.19  0.03  0.08]
orbital number 11 energy -19.504444646749498
[ 0.02  0.12 -0.01 -0.14  0.11 -0.12  0.18  0.06 -0.01 -0.17 -0.17  0.14
 -0.13  0.14  0.23 -0.02 -0.17  0.08 -0.12  0.02  0.09  0.   -0.1   0.04
 -0.05  0.09  0.04 -0.02 -0.13 -0.08  0.1  -0.1   0.11  0.18 -0.02 -0.13
  0.06 -0.1   0.25  0.1  -0.24 -0.22 -0.2   0.3   0.18 -0.15  0.13  0.07
 -0.12 -0.17 -0.15  0.23  0.13 -0.12]
orbital number 12 energy -19.229668021477625
[-0.06  0.   -0.04  0.    0.06  0.05  0.05  0.18  0.04 -0.21  0.04  0.14
  0.18  0.03 -0.21 -0.12  0.15 -0.13  0.03  0.05  0.    0.03 -0.   -0.05
 -0.05 -0.05 -0.17 -0.03  0.2  -0.04 -0.14 -0.18 -0.03  0.21  0.12 -0.15
  0.12 -0.03  0.04  0.23  0.02 -0.28  0.23 -0.29  0.04  0.03 -0.04 -0.22
 -0.03  0.27 -0.23  0.28 -0.03 -0.04]
orbital number 13 energy -19.101267625994403
[-0.    0.01 -0.   -0.01 -0.11  0.12 -0.15  0.16  0.   -0.17  0.15  0.12
 -0.15  0.01  0.16 -0.12 -0.11  0.11 -0.01  0.   -0.    0.    0.    0.12
 -0.12  0.16 -0.17  0.    0.17 -0.16 -0.12  0.16 -0.   -0.16  0.12  0.11
 -0.11 -0.   -0.19  0.22  0.19 -0.22 -0.2   0.21  0.01 -0.01  0.21 -0.22
 -0.21  0.22  0.21 -0.21 -0.   -0.  ]
orbital number 14 energy -18.906995078735942
[ 0.   -0.05  0.    0.05 -0.13  0.13 -0.2   0.17 -0.   -0.11  0.2   0.08
 -0.16 -0.06  0.1  -0.12 -0.08  0.11  0.06  0.   -0.05  0.    0.05 -0.11
  0.11 -0.18  0.17 -0.   -0.1   0.18  0.07 -0.17 -0.07  0.1  -0.12 -0.07
  0.12  0.07 -0.27  0.21  0.27 -0.15 -0.2   0.14 -0.08  0.07 -0.24  0.21
  0.24 -0.14 -0.21  0.13 -0.08  0.09]
orbital number 15 energy -18.09924332963549
[ 0.   -0.07  0.    0.07  0.04 -0.05  0.05  0.12 -0.01  0.04 -0.04 -0.01
 -0.12 -0.13 -0.04 -0.07  0.01  0.06  0.13  0.    0.13 -0.   -0.13 -0.12
  0.12 -0.16 -0.22 -0.   -0.09  0.17  0.01  0.22  0.24  0.08  0.11 -0.01
 -0.11 -0.24  0.05  0.14 -0.04  0.05 -0.13 -0.05 -0.18  0.17 -0.19 -0.26
  0.2  -0.1   0.26  0.1   0.33 -0.32]
orbital number 16 energy -17.954128495100345
[ 0.01 -0.12  0.01  0.12  0.11 -0.12  0.18  0.21 -0.01  0.09 -0.17 -0.02
 -0.2  -0.24 -0.1  -0.11  0.02  0.1   0.24  0.01 -0.05  0.    0.05  0.06
 -0.07  0.12  0.09 -0.01  0.04 -0.1  -0.   -0.09 -0.1  -0.05 -0.05  0.01
  0.04  0.11  0.22  0.25 -0.2   0.11 -0.24 -0.12 -0.33  0.32  0.15  0.11
 -0.13  0.05 -0.11 -0.06 -0.14  0.15]
orbital number 17 energy -17.25961244980863
[-0.17  0.06 -0.03  0.06  0.11  0.11 -0.15  0.02  0.32  0.17 -0.15 -0.08
  0.   -0.13  0.15  0.03 -0.08  0.04 -0.11 -0.17  0.06 -0.04  0.06  0.11
  0.11 -0.15  0.01  0.32  0.16 -0.15 -0.08  0.01 -0.12  0.16  0.03 -0.08
  0.03 -0.11 -0.2   0.03 -0.21  0.18  0.01  0.16 -0.19 -0.15 -0.21  0.02
 -0.21  0.17  0.01  0.16 -0.17 -0.16]
orbital number 18 energy -11.295610464146185
[ 0.13  0.06  0.23  0.06 -0.25 -0.25 -0.05 -0.1  -0.24 -0.11 -0.05 -0.05
 -0.1   0.05 -0.11 -0.07 -0.05 -0.07  0.05 -0.13 -0.06 -0.23 -0.06  0.25
  0.25  0.05  0.09  0.24  0.11  0.05  0.05  0.09 -0.04  0.11  0.07  0.05
  0.07 -0.04  0.19 -0.07  0.19 -0.07 -0.07 -0.07  0.21  0.21 -0.19  0.07
 -0.19  0.07  0.07  0.07 -0.21 -0.21]
orbital number 19 energy -8.7028171356818
[ 0.16  0.04  0.22  0.04 -0.02 -0.02 -0.06 -0.09  0.09 -0.12 -0.06 -0.1
 -0.09 -0.02 -0.12 -0.14 -0.1  -0.14 -0.02  0.16  0.04  0.22  0.04 -0.02
 -0.02 -0.06 -0.09  0.1  -0.12 -0.06 -0.1  -0.09 -0.02 -0.12 -0.14 -0.1
 -0.14 -0.02 -0.21  0.08 -0.21  0.09  0.07  0.09  0.3   0.3  -0.21  0.08
 -0.21  0.09  0.07  0.09  0.31  0.31]
orbital number 20 energy -8.442031300882414
[-0.2   0.03 -0.12  0.05 -0.03 -0.04 -0.01  0.05 -0.09  0.11 -0.01  0.05
  0.04  0.03  0.11  0.12  0.04  0.12  0.02  0.2  -0.03  0.12 -0.04  0.03
  0.04  0.01 -0.05  0.09 -0.11  0.01 -0.05 -0.05 -0.02 -0.11 -0.12 -0.04
 -0.12 -0.02  0.31 -0.14  0.31 -0.17 -0.11 -0.14 -0.24 -0.22 -0.3   0.12
 -0.3   0.16  0.12  0.15  0.22  0.22]
orbital number 21 energy -8.267573987731746
[-0.01  0.22 -0.01 -0.23 -0.09  0.09 -0.06 -0.11 -0.01 -0.04  0.06 -0.09
  0.12 -0.05  0.05 -0.01  0.1   0.02  0.04  0.01 -0.15  0.    0.15  0.07
 -0.07  0.04  0.07  0.    0.03 -0.04  0.06 -0.07  0.02 -0.03  0.   -0.06
 -0.01 -0.02  0.06  0.35 -0.03  0.31 -0.35 -0.31  0.2  -0.2  -0.05 -0.22
  0.03 -0.19  0.23  0.21 -0.11  0.13]
orbital number 22 energy -8.211034596846757
[-0.    0.14 -0.01 -0.15 -0.03  0.03 -0.04 -0.07 -0.   -0.03  0.04 -0.06
  0.08 -0.03  0.04 -0.01  0.07  0.02  0.03  0.    0.22 -0.   -0.23 -0.06
  0.07 -0.06 -0.12  0.   -0.05  0.06 -0.1   0.12 -0.04  0.05 -0.02  0.11
  0.02  0.04  0.01  0.23 -0.    0.2  -0.23 -0.2   0.14 -0.14  0.02  0.36
 -0.03  0.32 -0.35 -0.31  0.2  -0.2 ]
orbital number 23 energy -7.393306214269872
[ 0.23 -0.22 -0.15 -0.2  -0.01 -0.02  0.14  0.08 -0.12 -0.06  0.13  0.17
  0.07 -0.01 -0.06 -0.03  0.16 -0.03  0.01  0.24 -0.21 -0.15 -0.21 -0.02
 -0.01  0.14  0.08 -0.12 -0.06  0.14  0.17  0.08  0.01 -0.06 -0.04  0.17
 -0.04  0.01 -0.18  0.09 -0.18  0.21  0.11  0.22 -0.09 -0.11 -0.19  0.1
 -0.19  0.22  0.1   0.22 -0.11 -0.12]
orbital number 24 energy -6.254632392101453
[-0.21  0.21  0.11  0.17  0.12  0.17 -0.06 -0.09  0.16  0.08 -0.04 -0.24
 -0.08 -0.01  0.08  0.1  -0.25  0.06 -0.05  0.21 -0.2  -0.09 -0.17 -0.12
 -0.17  0.06  0.08 -0.16 -0.08  0.04  0.24  0.08  0.03 -0.08 -0.1   0.25
 -0.07  0.05 -0.02  0.01 -0.06 -0.22  0.01 -0.21  0.1   0.18  0.01 -0.03
  0.04  0.21 -0.03  0.19 -0.13 -0.17]
orbital number 25 energy -6.073253944401304
[-0.02 -0.11  0.02  0.15  0.29 -0.26  0.07  0.    0.02 -0.04 -0.08 -0.07
 -0.02 -0.06  0.05 -0.15  0.01  0.16  0.07  0.02  0.15 -0.01 -0.18 -0.3
  0.28 -0.08 -0.01 -0.01  0.05  0.09  0.06  0.03  0.09 -0.06  0.19 -0.02
 -0.2  -0.09 -0.2  -0.01  0.18  0.05  0.   -0.11  0.2  -0.19  0.21  0.01
 -0.2  -0.07 -0.02  0.11 -0.27  0.24]
orbital number 26 energy -5.843114472885231
[-0.27 -0.12 -0.26 -0.13  0.05  0.04 -0.04 -0.08 -0.03 -0.   -0.04 -0.13
 -0.09 -0.1  -0.01  0.05 -0.14  0.03 -0.1   0.04  0.03  0.04  0.01 -0.01
  0.    0.    0.01  0.01  0.    0.01  0.02  0.01  0.02 -0.    0.    0.02
 -0.01  0.01  0.33  0.39  0.33  0.26  0.4   0.27  0.17  0.18 -0.04 -0.05
 -0.05 -0.04 -0.06 -0.04 -0.03 -0.01]
orbital number 27 energy -5.818320192596092
[-0.04 -0.01 -0.03 -0.01  0.01  0.01 -0.01 -0.01  0.    0.   -0.   -0.03
 -0.01 -0.01  0.    0.01 -0.03  0.01 -0.02 -0.26 -0.13 -0.27 -0.14  0.04
  0.04 -0.04 -0.08 -0.04 -0.01 -0.04 -0.12 -0.08 -0.09 -0.01  0.04 -0.13
  0.03 -0.09  0.04  0.06  0.04  0.03  0.06  0.03  0.03  0.03  0.33  0.4
  0.32  0.28  0.4   0.28  0.16  0.16]
orbital number 28 energy -5.595671192098969
[ 0.01  0.2  -0.01 -0.2  -0.15  0.15 -0.09 -0.05 -0.01  0.06  0.1   0.01
  0.07  0.09 -0.06  0.28  0.03 -0.29 -0.1  -0.    0.2   0.   -0.19 -0.07
  0.08 -0.08 -0.06  0.    0.06  0.08 -0.03  0.06  0.1  -0.05  0.27  0.02
 -0.26 -0.1   0.1   0.08 -0.11 -0.12 -0.11  0.12 -0.26  0.26  0.05  0.1
 -0.06 -0.11 -0.1   0.1  -0.25  0.25]
orbital number 29 energy -4.981891199390558
[ 0.   -0.08  0.    0.08 -0.2   0.2  -0.02  0.08 -0.   -0.06  0.02  0.17
 -0.09 -0.04  0.06 -0.28 -0.18  0.29  0.04 -0.    0.07 -0.   -0.07  0.22
 -0.22  0.03 -0.08 -0.    0.05 -0.03 -0.17  0.08  0.04 -0.05  0.25  0.17
 -0.25 -0.04  0.15 -0.17 -0.15  0.16  0.18 -0.17  0.09 -0.1  -0.16  0.17
  0.16 -0.15 -0.17  0.15 -0.08  0.08]
orbital number 30 energy -4.553678824244429
[ 0.08 -0.01 -0.02 -0.03  0.    0.01  0.13 -0.06 -0.09  0.04  0.14 -0.22
 -0.06  0.02  0.05  0.26 -0.23  0.26  0.01  0.09 -0.02 -0.01 -0.03 -0.01
  0.01  0.14 -0.06 -0.1   0.04  0.14 -0.22 -0.07  0.02  0.05  0.26 -0.24
  0.27  0.02 -0.16  0.18 -0.17 -0.17  0.18 -0.18 -0.04 -0.03 -0.16  0.19
 -0.17 -0.17  0.2  -0.19 -0.04 -0.04]
orbital number 31 energy -4.482617031649
[ 0.    0.1  -0.01 -0.1  -0.15  0.15 -0.09  0.03  0.   -0.07  0.08  0.29
 -0.02  0.05  0.07 -0.16 -0.26  0.15 -0.06 -0.    0.12 -0.   -0.12 -0.12
  0.12 -0.09  0.02  0.   -0.09  0.08  0.31 -0.02  0.07  0.09 -0.17 -0.31
  0.16 -0.07  0.12 -0.15 -0.12  0.19  0.13 -0.18 -0.1   0.11  0.1  -0.15
 -0.1   0.22  0.14 -0.21 -0.14  0.14]
orbital number 32 energy -3.9934994763480143
[ 0.03 -0.21  0.01  0.17 -0.16  0.11  0.05  0.04 -0.02  0.09 -0.01 -0.31
 -0.07 -0.09 -0.1   0.09  0.24  0.02  0.13 -0.04  0.19 -0.   -0.16  0.21
 -0.16 -0.02 -0.04  0.02 -0.09 -0.02  0.27  0.07  0.1   0.09 -0.08 -0.21
 -0.02 -0.13  0.08  0.09 -0.11 -0.2  -0.01  0.15  0.19 -0.24 -0.12 -0.07
  0.16  0.19 -0.   -0.14 -0.18  0.22]
orbital number 33 energy -3.868265245881431
[-0.2   0.06  0.01  0.14  0.11  0.15 -0.11  0.07  0.13  0.03 -0.13  0.09
  0.05 -0.08 -0.   -0.28  0.2  -0.27 -0.03  0.2  -0.07  0.   -0.14 -0.09
 -0.18  0.11 -0.08 -0.12 -0.04  0.11 -0.1  -0.05  0.09 -0.    0.26 -0.19
  0.26  0.04  0.11 -0.18  0.09  0.09 -0.2   0.15  0.15  0.06 -0.12  0.18
 -0.06 -0.08  0.19 -0.14 -0.16 -0.07]
orbital number 34 energy -3.156292964763157
[-0.01 -0.12  0.01  0.12 -0.31  0.31 -0.13  0.08  0.01  0.08  0.12 -0.14
 -0.09 -0.08 -0.08 -0.05  0.13  0.03  0.1   0.01 -0.1   0.    0.09 -0.3
  0.29 -0.13  0.07 -0.    0.07  0.13 -0.11 -0.08 -0.08 -0.07 -0.02  0.1
  0.04  0.09  0.27 -0.03 -0.26 -0.09  0.03  0.1   0.14 -0.15  0.25 -0.03
 -0.25 -0.08  0.03  0.08  0.12 -0.13]
orbital number 35 energy 0.0
[ 0.13 -0.06  0.18 -0.07 -0.09 -0.1  -0.17 -0.15  0.2  -0.2  -0.17  0.04
 -0.13  0.19 -0.18  0.13  0.02  0.12  0.18  0.11 -0.07  0.22 -0.07 -0.09
 -0.09 -0.18 -0.14  0.21 -0.19 -0.18  0.02 -0.14  0.2  -0.19  0.12  0.02
  0.11  0.2   0.08  0.09  0.09  0.04  0.08  0.03 -0.19 -0.17  0.09  0.08
  0.09  0.04  0.08  0.04 -0.19 -0.19]
orbital number 36 energy 1.1500866877628084
[-0.01  0.02  0.21  0.02  0.1   0.1  -0.2  -0.22  0.17 -0.21 -0.2   0.06
 -0.19  0.23 -0.18  0.05  0.05  0.04  0.21  0.03  0.   -0.25  0.   -0.1
 -0.1   0.19  0.18 -0.18  0.17  0.2  -0.04  0.17 -0.21  0.17 -0.03 -0.04
 -0.03 -0.21  0.05  0.07  0.05  0.07  0.05  0.06 -0.19 -0.17 -0.05 -0.05
 -0.05 -0.06 -0.05 -0.05  0.17  0.16]
orbital number 37 energy 3.5512356234882496
[ 0.12 -0.05 -0.01 -0.11 -0.04 -0.11 -0.13  0.32  0.12 -0.09 -0.01 -0.12
  0.33 -0.15 -0.2   0.15 -0.18  0.18 -0.07  0.15 -0.05 -0.09 -0.03 -0.11
 -0.06 -0.01  0.31  0.11 -0.17 -0.11 -0.15  0.31 -0.1  -0.13  0.17 -0.15
  0.16 -0.12  0.08 -0.12  0.03  0.02 -0.12  0.07  0.08  0.04  0.03 -0.11
  0.07  0.05 -0.12  0.04  0.06  0.07]
orbital number 38 energy 3.6367444756591016
[ 0.03 -0.07 -0.05  0.09 -0.21  0.19  0.35  0.05  0.01 -0.21 -0.36 -0.09
  0.04  0.08  0.17  0.08  0.04 -0.05 -0.11  0.03  0.05 -0.01 -0.07  0.18
 -0.2  -0.37  0.07  0.02  0.12  0.33  0.01  0.07 -0.09 -0.2  -0.02 -0.08
  0.1   0.05 -0.14 -0.    0.15  0.09 -0.03 -0.07 -0.05  0.07  0.16 -0.04
 -0.14 -0.05 -0.02  0.08  0.06 -0.04]
orbital number 39 energy 3.7445163751703436
[ 0.07 -0.03  0.01 -0.04  0.02  0.05 -0.08  0.27  0.07 -0.19 -0.14 -0.15
  0.33 -0.04 -0.25  0.15 -0.19  0.18 -0.03 -0.08  0.03  0.01  0.01 -0.02
 -0.06  0.08 -0.32 -0.06  0.26  0.14  0.19 -0.3   0.03  0.21 -0.18  0.17
 -0.16  0.04  0.03 -0.11  0.06  0.07 -0.13  0.1   0.03  0.02 -0.03  0.13
 -0.06 -0.1   0.12 -0.08 -0.02 -0.03]
orbital number 40 energy 3.804166911144513
[ 0.02 -0.03 -0.03  0.05 -0.03  0.03  0.01  0.22  0.   -0.31 -0.03 -0.17
 -0.14  0.05  0.25  0.16  0.12 -0.12 -0.06  0.   -0.04 -0.    0.05 -0.03
  0.02  0.02  0.24 -0.   -0.36 -0.01 -0.18 -0.26  0.05  0.38  0.19  0.19
 -0.2  -0.05  0.01 -0.09  0.    0.13  0.05 -0.11 -0.03  0.04  0.01 -0.1
 -0.01  0.16  0.11 -0.16 -0.04  0.03]
orbital number 41 energy 3.838466841184715
[ 0.01 -0.02 -0.02  0.03  0.07 -0.07 -0.16  0.29  0.   -0.34  0.14 -0.19
 -0.24  0.03  0.3   0.19  0.17 -0.16 -0.04 -0.    0.01 -0.   -0.01 -0.09
  0.08  0.16 -0.22 -0.    0.24 -0.15  0.14  0.2  -0.01 -0.23 -0.14 -0.13
  0.13  0.01  0.08 -0.12 -0.07  0.15  0.1  -0.13 -0.02  0.02 -0.07  0.1
  0.07 -0.11 -0.09  0.1   0.01 -0.01]
orbital number 42 energy 4.128409067637751
[-0.01 -0.02  0.02 -0.02 -0.02 -0.02  0.02 -0.01  0.01  0.03  0.01  0.02
 -0.01 -0.01  0.03 -0.01  0.01 -0.01 -0.    0.39  0.36 -0.54  0.37  0.
  0.   -0.13 -0.21  0.02 -0.13 -0.12  0.15 -0.21 -0.13 -0.14  0.11  0.17
  0.13 -0.15 -0.    0.01  0.   -0.01  0.01 -0.01  0.    0.    0.01  0.02
  0.   -0.02  0.02 -0.02  0.01  0.01]
orbital number 43 energy 4.196406207811803
[-0.38 -0.35  0.6  -0.41 -0.02 -0.04  0.12  0.15  0.04  0.1   0.11 -0.
  0.09 -0.04  0.19  0.03 -0.12 -0.17  0.2  -0.01 -0.01  0.02 -0.03  0.02
 -0.05 -0.04  0.01  0.01  0.02  0.06 -0.   -0.02 -0.01  0.02 -0.01  0.01
 -0.01  0.01 -0.01 -0.03  0.01  0.    0.03 -0.01  0.02 -0.04  0.02 -0.
 -0.02 -0.01  0.01 -0.01  0.01 -0.  ]
orbital number 44 energy 4.533768034414926
[ 0.09  0.13 -0.07 -0.06  0.23 -0.31 -0.33  0.07  0.06  0.04  0.28  0.08
 -0.18 -0.21 -0.01  0.09  0.04 -0.04  0.07  0.01  0.05  0.   -0.09  0.24
 -0.33 -0.32  0.09  0.05  0.07  0.35  0.02 -0.11 -0.11  0.01  0.03  0.02
 -0.03  0.06  0.1  -0.06 -0.08 -0.04  0.08 -0.02  0.08 -0.04  0.11 -0.04
 -0.1  -0.03  0.06 -0.01  0.05 -0.03]
orbital number 45 energy 4.691161049332436
[ 0.16 -0.05 -0.04 -0.08 -0.33 -0.16  0.12 -0.09  0.3   0.15 -0.11  0.2
 -0.1  -0.28  0.17  0.08  0.13  0.   -0.15  0.08 -0.14  0.02 -0.11 -0.33
 -0.18  0.14 -0.06  0.27  0.17 -0.02  0.1  -0.01 -0.13  0.19 -0.01  0.09
 -0.01 -0.15 -0.    0.04  0.09 -0.11  0.06 -0.11  0.09  0.05  0.01  0.06
  0.06 -0.09  0.04 -0.09  0.05  0.07]
orbital number 46 energy 4.997282954585199
[ 0.07  0.19 -0.07 -0.03  0.    0.17  0.07  0.01 -0.07 -0.09 -0.21  0.28
 -0.09 -0.5  -0.01  0.32 -0.2  -0.23  0.42 -0.03  0.02 -0.02  0.07  0.04
  0.13  0.03  0.   -0.11 -0.04 -0.04 -0.09  0.02  0.16 -0.05 -0.07  0.01
  0.04 -0.03 -0.08 -0.09  0.08 -0.03  0.07  0.02  0.13 -0.13 -0.02  0.01
 -0.01  0.03 -0.03  0.02 -0.05  0.01]
orbital number 47 energy 5.065886981860405
[ 0.01  0.03 -0.01  0.   -0.02  0.06  0.04 -0.   -0.02 -0.02 -0.05  0.04
 -0.   -0.07 -0.    0.05 -0.04 -0.04  0.08  0.01  0.08 -0.01 -0.05 -0.03
  0.07  0.07 -0.04 -0.02 -0.09 -0.09  0.31  0.03 -0.5   0.07  0.33 -0.3
 -0.31  0.49 -0.02 -0.01  0.02 -0.    0.01  0.01  0.02 -0.02 -0.05 -0.06
  0.04 -0.02  0.05  0.02  0.12 -0.13]
orbital number 48 energy 5.407696563525748
[-0.03 -0.08  0.25 -0.11  0.03  0.03 -0.06 -0.05  0.09 -0.03 -0.08  0.18
 -0.13 -0.24 -0.09  0.17  0.33  0.31 -0.44  0.    0.11 -0.16  0.11  0.09
  0.09  0.02  0.04 -0.22 -0.02  0.02 -0.15  0.05  0.22 -0.01 -0.13 -0.17
 -0.15  0.25  0.   -0.02  0.02 -0.04 -0.01 -0.05  0.05  0.09 -0.03  0.
 -0.03  0.05 -0.    0.05 -0.05 -0.06]
orbital number 49 energy 5.607849051031494
[-0.09  0.01  0.17 -0.04  0.14  0.15 -0.02 -0.03 -0.17 -0.08 -0.04  0.11
 -0.09 -0.15 -0.12  0.13  0.17  0.18 -0.2  -0.16 -0.08  0.32 -0.09  0.11
  0.12 -0.01 -0.08 -0.09 -0.12 -0.02  0.24 -0.09 -0.32 -0.13  0.25  0.26
  0.27 -0.33 -0.03 -0.04 -0.01  0.01 -0.02  0.01  0.02  0.03 -0.02 -0.04
 -0.02 -0.   -0.03 -0.    0.06  0.06]
orbital number 50 energy 6.148989088759716
[ 0.13 -0.07 -0.1  -0.01 -0.24 -0.25 -0.04  0.01  0.55  0.08 -0.01 -0.04
  0.07  0.05  0.12 -0.06 -0.07 -0.08  0.05 -0.15  0.04  0.1   0.04  0.23
  0.23  0.04 -0.03 -0.53 -0.1   0.04  0.05 -0.04 -0.05 -0.11  0.07  0.05
  0.07 -0.04  0.08  0.04  0.06 -0.03  0.01 -0.03 -0.    0.01 -0.07 -0.03
 -0.07  0.04 -0.03  0.04 -0.   -0.01]
orbital number 51 energy 6.406145501521861
[ 0.   -0.04  0.    0.04 -0.01  0.02 -0.01 -0.04 -0.01 -0.02  0.    0.02
  0.04 -0.01  0.02  0.02 -0.01 -0.01 -0.    0.02  0.43 -0.01 -0.43 -0.04
  0.05  0.14  0.39 -0.    0.26 -0.16 -0.13 -0.38 -0.04 -0.24 -0.09  0.11
  0.07  0.07  0.01  0.01 -0.01 -0.   -0.01 -0.   -0.    0.01 -0.14 -0.15
  0.15 -0.02  0.15  0.01  0.07 -0.08]
orbital number 52 energy 6.438172941377765
[ 0.07 -0.44  0.03  0.37  0.11  0.01 -0.21 -0.38 -0.06 -0.22  0.08  0.2
  0.37 -0.13  0.28  0.16 -0.12 -0.09 -0.04 -0.02 -0.03 -0.    0.05  0.
 -0.04 -0.   -0.04  0.03 -0.04  0.04  0.01  0.03  0.01  0.01  0.01 -0.01
 -0.   -0.    0.14  0.14 -0.13 -0.02 -0.13 -0.04 -0.02  0.07  0.01  0.01
 -0.02  0.01 -0.02  0.01 -0.01  0.  ]
orbital number 53 energy 6.528589804443774
[-0.34  0.11 -0.01  0.22 -0.16 -0.17  0.25 -0.1   0.12 -0.24  0.29  0.08
  0.01 -0.06 -0.17  0.11  0.    0.05  0.01  0.32 -0.17  0.02 -0.14  0.16
  0.15 -0.26  0.03 -0.12  0.17 -0.25 -0.01  0.05 -0.02  0.19 -0.04 -0.01
 -0.04 -0.04 -0.03 -0.03 -0.07  0.11 -0.07  0.11 -0.01 -0.02  0.05  0.05
  0.04 -0.11  0.04 -0.11  0.02  0.03]
orbital number 54 energy 6.584759436690915
[ 0.31 -0.13  0.02 -0.18  0.17  0.17 -0.25  0.06 -0.13  0.19 -0.26 -0.05
  0.02  0.04  0.16 -0.08 -0.01 -0.04 -0.02  0.33 -0.18  0.03 -0.16  0.2
  0.19 -0.29  0.03 -0.16  0.18 -0.28 -0.    0.05 -0.03  0.19 -0.04 -0.
 -0.04 -0.04  0.04  0.04  0.06 -0.1   0.05 -0.1   0.01  0.02  0.05  0.05
  0.05 -0.11  0.04 -0.11  0.03  0.03]

Orbital occupation numbers:
1: 2.000000
2: 2.000000
3: 2.000000
4: 2.000000
5: 2.000000
6: 2.000000
7: 2.000000
8: 2.000000
9: 2.000000
10: 2.000000
11: 2.000000
12: 2.000000
13: 2.000000
14: 2.000000
15: 2.000000
16: 2.000000
17: 2.000000
18: 2.000000
19: 2.000000
20: 2.000000
21: 2.000000
22: 2.000000
23: 2.000000
24: 2.000000
25: 2.000000
26: 2.000000
27: 2.000000
28: 2.000000
29: 2.000000
30: 2.000000
31: 2.000000
32: 2.000000
33: 2.000000
34: 2.000000
35: 1.000000
36: 1.000000
37: 0.000000
38: 0.000000
39: 0.000000
40: 0.000000
41: 0.000000
42: -0.000000
43: 0.000000
44: 0.000000
45: 0.000000
46: 0.000000
47: -0.000000
48: -0.000000
49: -0.000000
50: 0.000000
51: -0.000000
52: 0.000000
53: 0.000000
54: 0.000000

------------------------
Starting ExROPPP calculation for diradical in rotated basis
------------------------

Coulomb Matrix in MO basis, J_ij = (ii|jj):
 [[2.98420721 2.88724634 2.85324313 ... 2.96508783 2.99259271 2.9686178 ]
 [2.88724634 2.95226413 2.72541547 ... 2.62355092 2.85505711 2.87970105]
 [2.85324313 2.72541547 3.05123173 ... 2.5620883  3.0089648  3.05250032]
 ...
 [2.96508783 2.62355092 2.5620883  ... 4.23360393 2.75037294 2.55155614]
 [2.99259271 2.85505711 3.0089648  ... 2.75037294 3.21532985 3.21435066]
 [2.9686178  2.87970105 3.05250032 ... 2.55155614 3.21435066 3.26638257]]
Coulomb Matrix in MO basis, K_ij = (ij|ji):
 [[2.98420721 1.12203767 0.35886787 ... 0.07631753 0.07304142 0.07008488]
 [1.12203767 2.95226413 0.24319804 ... 0.06492158 0.06301014 0.06177141]
 [0.35886787 0.24319804 3.05123173 ... 0.03878299 0.06915858 0.07556458]
 ...
 [0.07631753 0.06492158 0.03878299 ... 4.23360393 0.20782474 0.14847306]
 [0.07304142 0.06301014 0.06915858 ... 0.20782474 3.21532985 1.13194762]
 [0.07008488 0.06177141 0.07556458 ... 0.14847306 1.13194762 3.26638257]]
Dimensions of CI matrix: (5364, 5364)
Checking that the Hamiltonian is symmetric (a value of zero means matrix is symmetric) ... 
Frobenius norm of matrix - matrix transpose = 0.000000.

Lowest 30 states. WARNING - Some states may not be included in the spectrum.

Diagonalizing Hamiltonian using the sparse matrix method ...

Calculating dipole moments ...

Permanent dipole moment of reference states:
             Open-Shell Singlet (|OS1>) = 0.020 x 0.001 y 0.035 z
             Zwitterion - (|ZW->) = 0.020 x 0.001 y 0.035 z
             Zwitterion + (|ZW+>) = 0.020 x 0.001 y 0.035 z
             Open-Shell Triplet (|OS3>) = 0.020 x 0.001 y 0.035 z

Checking that the Dipole matrix is symmetric (a value of zero means matrix is symmetric) ... 
Frobenius norm of matrix - matrix transpose = 0.00000             0.00000, 0.00000.

Energy of the lowest CI state: -535.4079888816964

State 0 0.000 eV 
Excitation    CI Coef
|1^ZW->   -0.85239
|1^ZW+>   -0.48633
|1T^CV(1->2')>   -0.05714
Ground state is singlet
TDMs with Triplet 'Ground' state
TDMX:-0.000   TDMY:-0.000   TDMZ:-0.000   Oscillator Strength:-0.00000   <S**2>: 0.000
--------------------------------------------------------------------
TDMs with Singlet 'Ground' state
TDMX:0.030   TDMY:-0.011   TDMZ:0.059   Oscillator Strength:0.00000   <S**2>: 0.000
--------------------------------------------------------------------


State 1 0.692 eV 
Excitation    CI Coef
|3^OS>    0.98541
TDMs with Triplet 'Ground' state
TDMX:0.022   TDMY:0.016   TDMZ:0.034   Oscillator Strength:0.00000   <S**2>: 2.000
--------------------------------------------------------------------
TDMs with Singlet 'Ground' state
TDMX:-0.000   TDMY:-0.000   TDMZ:-0.000   Oscillator Strength:0.00000   <S**2>: 2.000
--------------------------------------------------------------------


State 2 1.799 eV 
Excitation    CI Coef
|1^OS>    0.41559
|1^ZW->    0.23993
|1^ZW+>   -0.35445
|1^CS(2->0)>    0.12602
|1^SV(0->1')>    0.21719
|1^SV(0->3')>    0.28944
|1^SV(0'->1')>    0.61657
|1^SV(0'->3')>    0.24583
|1^SV(0'->4')>    0.05076
|1^SV(0'->5')>    0.05105
|1T^CV(1->5')>   -0.05360
TDMs with Triplet 'Ground' state
TDMX:-0.000   TDMY:-0.000   TDMZ:-0.000   Oscillator Strength:0.00000   <S**2>: 0.000
--------------------------------------------------------------------
TDMs with Singlet 'Ground' state
TDMX:-0.811   TDMY:-0.592   TDMZ:-0.688   Oscillator Strength:0.06531   <S**2>: 0.000
--------------------------------------------------------------------


State 3 1.828 eV 
Excitation    CI Coef
|3^CS(2->0)>    0.05224
|3^SV(0->1')>   -0.25962
|3^SV(0->2')>   -0.06038
|3^SV(0->3')>   -0.32742
|3^SV(0->4')>   -0.07808
|3^SV(0->5')>   -0.11338
|3^SV(0'->1')>    0.67759
|3^SV(0'->3')>    0.43798
|3^SV(0'->4')>    0.21105
|3^SV(0'->5')>    0.18840
|3^SV(0'->9')>   -0.05203
|3S^CV(2->1')>    0.06320
|3X^CV(1->5')>   -0.05502
|3^SVD(1,9)>   -0.08551
TDMs with Triplet 'Ground' state
TDMX:0.906   TDMY:0.485   TDMZ:0.635   Oscillator Strength:0.04062   <S**2>: 2.000
--------------------------------------------------------------------
TDMs with Singlet 'Ground' state
TDMX:-0.000   TDMY:-0.000   TDMZ:-0.000   Oscillator Strength:0.00000   <S**2>: 2.000
--------------------------------------------------------------------


State 4 1.892 eV 
Excitation    CI Coef
|3^CS(1->0)>   -0.23111
|3^CS(3->0')>   -0.06397
|3^SV(0->1')>   -0.12260
|3^SV(0->2')>   -0.09172
|3^SV(0->3')>    0.08801
|3^SV(0->4')>   -0.13075
|3^SV(0->5')>   -0.10580
|3^SV(0->7')>    0.06211
|3^SV(0->8')>    0.17064
|3^SV(0'->1')>   -0.29620
|3^SV(0'->2')>    0.76971
|3^SV(0'->3')>    0.27781
|3^SV(0'->4')>    0.18533
|3X^CV(2->2')>    0.08745
TDMs with Triplet 'Ground' state
TDMX:-0.112   TDMY:-0.361   TDMZ:-0.082   Oscillator Strength:0.00441   <S**2>: 2.000
--------------------------------------------------------------------
TDMs with Singlet 'Ground' state
TDMX:-0.000   TDMY:-0.000   TDMZ:-0.000   Oscillator Strength:0.00000   <S**2>: 2.000
--------------------------------------------------------------------


State 5 1.904 eV 
Excitation    CI Coef
|1^OS>   -0.64036
|1^ZW->    0.17633
|1^ZW+>   -0.22247
|1^CS(2->0)>    0.08999
|1^CS(2->0')>    0.06595
|1^SV(0->1')>   -0.32735
|1^SV(0->2')>   -0.07168
|1^SV(0->3')>    0.18292
|1^SV(0->6')>   -0.05496
|1^SV(0'->1')>    0.38858
|1^SV(0'->3')>   -0.38822
|1^SV(0'->6')>    0.08135
|1T^CV(1->4')>    0.05180
TDMs with Triplet 'Ground' state
TDMX:-0.000   TDMY:-0.000   TDMZ:-0.000   Oscillator Strength:0.00000   <S**2>: 0.000
--------------------------------------------------------------------
TDMs with Singlet 'Ground' state
TDMX:2.319   TDMY:1.844   TDMZ:1.821   Oscillator Strength:0.56420   <S**2>: 0.000
--------------------------------------------------------------------


State 6 1.930 eV 
Excitation    CI Coef
|3^CS(1->0)>   -0.09250
|3^SV(0->1')>    0.37192
|3^SV(0->2')>    0.07423
|3^SV(0->3')>   -0.26288
|3^SV(0->8')>    0.05998
|3^SV(0->9')>   -0.07010
|3^SV(0'->1')>    0.40784
|3^SV(0'->2')>    0.42497
|3^SV(0'->3')>   -0.57334
|3^SV(0'->5')>   -0.12856
|3^SV(0'->6')>    0.09405
|3S^CV(2->3')>   -0.05996
|3X^CV(1->4')>    0.05859
|3^SVD(1,9)>   -0.06985
|3^SVD(3,9)>    0.07105
TDMs with Triplet 'Ground' state
TDMX:0.533   TDMY:0.381   TDMZ:0.463   Oscillator Strength:0.01952   <S**2>: 2.000
--------------------------------------------------------------------
TDMs with Singlet 'Ground' state
TDMX:-0.000   TDMY:-0.000   TDMZ:-0.000   Oscillator Strength:0.00000   <S**2>: 2.000
--------------------------------------------------------------------


State 7 1.976 eV 
Excitation    CI Coef
|3^CS(3->0)>    0.06984
|3^CS(1->0')>    0.05367
|3^SV(0->1')>   -0.15782
|3^SV(0->2')>    0.18094
|3^SV(0->3')>   -0.05741
|3^SV(0->4')>    0.09517
|3^SV(0->5')>    0.34140
|3^SV(0->8')>    0.08595
|3^SV(0'->1')>    0.14426
|3^SV(0'->2')>    0.12463
|3^SV(0'->3')>    0.26804
|3^SV(0'->4')>   -0.62432
|3^SV(0'->5')>   -0.48370
|3^SV(0'->7')>    0.05732
|3S^CV(2->4')>   -0.06886
|3X^CV(3->1')>    0.05705
|3X^CV(1->3')>    0.07480
|3^SVD(4,9)>    0.05554
TDMs with Triplet 'Ground' state
TDMX:-0.182   TDMY:0.715   TDMZ:-0.002   Oscillator Strength:0.01713   <S**2>: 2.000
--------------------------------------------------------------------
TDMs with Singlet 'Ground' state
TDMX:-0.000   TDMY:-0.000   TDMZ:-0.000   Oscillator Strength:0.00000   <S**2>: 2.000
--------------------------------------------------------------------


State 8 2.015 eV 
Excitation    CI Coef
|1^OS>   -0.08693
|1^CS(1->0)>   -0.20640
|1^CS(3->0')>   -0.08290
|1^SV(0->2')>    0.10335
|1^SV(0->4')>    0.32719
|1^SV(0->5')>    0.18869
|1^SV(0->7')>   -0.05435
|1^SV(0->8')>   -0.14910
|1^SV(0'->1')>   -0.06606
|1^SV(0'->2')>    0.73974
|1^SV(0'->3')>    0.06422
|1^SV(0'->4')>    0.20225
|1^SV(0'->5')>    0.34294
|1T^CV(3->3')>   -0.06221
|1T^CV(2->2')>    0.06517
|1T^CV(2->5')>   -0.05487
|1T^CV(1->1')>   -0.06923
TDMs with Triplet 'Ground' state
TDMX:-0.000   TDMY:0.000   TDMZ:-0.000   Oscillator Strength:0.00000   <S**2>: 0.000
--------------------------------------------------------------------
TDMs with Singlet 'Ground' state
TDMX:0.241   TDMY:-0.039   TDMZ:0.508   Oscillator Strength:0.01571   <S**2>: 0.000
--------------------------------------------------------------------


State 9 2.056 eV 
Excitation    CI Coef
|3^SV(0->2')>   -0.09054
|3^SV(0->4')>    0.45247
|3^SV(0->5')>   -0.14481
|3^SV(0->8')>    0.06212
|3^SV(0'->2')>   -0.11742
|3^SV(0'->4')>    0.48191
|3^SV(0'->5')>   -0.66602
|3S^CV(2->5')>   -0.06891
|3X^CV(3->3')>    0.07190
|3X^CV(1->1')>    0.06609
|3^SVD(1,2)>   -0.08684
|3^SVD(4,9)>   -0.05297
|3^SVD(5,9)>    0.06488
TDMs with Triplet 'Ground' state
TDMX:0.171   TDMY:-0.289   TDMZ:0.058   Oscillator Strength:0.00389   <S**2>: 2.000
--------------------------------------------------------------------
TDMs with Singlet 'Ground' state
TDMX:-0.000   TDMY:-0.000   TDMZ:-0.000   Oscillator Strength:0.00000   <S**2>: 2.000
--------------------------------------------------------------------


State 10 2.128 eV 
Excitation    CI Coef
|1^OS>    0.10503
|1^ZW+>   -0.06465
|1^CS(3->0)>    0.07022
|1^CS(1->0)>   -0.07707
|1^SV(0->2')>   -0.19767
|1^SV(0->5')>   -0.33051
|1^SV(0->8')>   -0.16596
|1^SV(0->9')>    0.07364
|1^SV(0'->2')>    0.44337
|1^SV(0'->4')>   -0.59476
|1^SV(0'->5')>   -0.43139
|1T^CV(3->1')>    0.06037
|1T^CV(2->2')>    0.08483
|1T^CV(1->3')>    0.07850
TDMs with Triplet 'Ground' state
TDMX:-0.000   TDMY:0.000   TDMZ:-0.000   Oscillator Strength:0.00000   <S**2>: 0.000
--------------------------------------------------------------------
TDMs with Singlet 'Ground' state
TDMX:-0.241   TDMY:-0.595   TDMZ:0.043   Oscillator Strength:0.02155   <S**2>: 0.000
--------------------------------------------------------------------


State 11 2.193 eV 
Excitation    CI Coef
|1^OS>    0.11779
|1^CS(3->0)>   -0.05429
|1^SV(0->1')>   -0.05566
|1^SV(0->2')>    0.11929
|1^SV(0->4')>   -0.36163
|1^SV(0->5')>    0.19605
|1^SV(0->8')>   -0.12854
|1^SV(0->9')>    0.06882
|1^SV(0'->2')>    0.21752
|1^SV(0'->3')>   -0.11712
|1^SV(0'->4')>    0.53993
|1^SV(0'->5')>   -0.61089
|1T^CV(3->3')>    0.06361
|1T^CV(2->2')>    0.06573
|1T^CV(1->1')>    0.05596
|1T^CV(1->3')>   -0.05618
TDMs with Triplet 'Ground' state
TDMX:-0.000   TDMY:0.000   TDMZ:0.000   Oscillator Strength:0.00000   <S**2>: 0.000
--------------------------------------------------------------------
TDMs with Singlet 'Ground' state
TDMX:-0.423   TDMY:-0.013   TDMZ:-0.421   Oscillator Strength:0.01915   <S**2>: 0.000
--------------------------------------------------------------------


State 12 2.193 eV 
Excitation    CI Coef
|3^SV(0->3')>    0.08353
|3^SV(0->6')>    0.48815
|3^SV(0'->1')>   -0.07212
|3^SV(0'->3')>    0.06691
|3^SV(0'->6')>    0.82379
|3^SV(0'->13')>   -0.05176
|3^SVD(1,6)>   -0.13604
|3^SVD(3,6)>   -0.08066
|3^SVD(6,9)>   -0.09737
|3^SVD(6,13)>    0.05083
TDMs with Triplet 'Ground' state
TDMX:-0.013   TDMY:-0.006   TDMZ:0.006   Oscillator Strength:0.00001   <S**2>: 2.000
--------------------------------------------------------------------
TDMs with Singlet 'Ground' state
TDMX:0.000   TDMY:0.000   TDMZ:0.000   Oscillator Strength:0.00000   <S**2>: 2.000
--------------------------------------------------------------------


State 13 2.210 eV 
Excitation    CI Coef
|1^OS>    0.50772
|1^ZW+>   -0.07017
|1^CS(5->0)>    0.06635
|1^CS(2->0')>   -0.12784
|1^SV(0->1')>   -0.26623
|1^SV(0->4')>    0.08572
|1^SV(0->7')>    0.09062
|1^SV(0->8')>    0.07716
|1^SV(0->9')>    0.18551
|1^SV(0'->1')>   -0.05960
|1^SV(0'->3')>   -0.67490
|1^SV(0'->5')>    0.19554
|1^SV(0'->6')>    0.10782
|1^SV(0'->7')>    0.15932
|1^SV(0'->9')>    0.06015
|1T^CV(3->5')>    0.06759
|1T^CV(1->4')>    0.06992
TDMs with Triplet 'Ground' state
TDMX:0.000   TDMY:-0.000   TDMZ:0.000   Oscillator Strength:0.00000   <S**2>: 0.000
--------------------------------------------------------------------
TDMs with Singlet 'Ground' state
TDMX:-1.501   TDMY:-1.183   TDMZ:-1.192   Oscillator Strength:0.27471   <S**2>: 0.000
--------------------------------------------------------------------


State 14 2.245 eV 
Excitation    CI Coef
|3^SV(0->2')>   -0.07058
|3^SV(0->5')>    0.07745
|3^SV(0->7')>    0.44777
|3^SV(0'->4')>   -0.05085
|3^SV(0'->7')>   -0.84933
|3^SVD(1,7)>    0.10281
|3^SVD(3,7)>   -0.06820
|3^SVD(7,9)>    0.07454
TDMs with Triplet 'Ground' state
TDMX:-0.060   TDMY:0.005   TDMZ:0.168   Oscillator Strength:0.00121   <S**2>: 2.000
--------------------------------------------------------------------
TDMs with Singlet 'Ground' state
TDMX:0.000   TDMY:0.000   TDMZ:0.000   Oscillator Strength:0.00000   <S**2>: 2.000
--------------------------------------------------------------------


State 15 2.301 eV 
Excitation    CI Coef
|1^ZW->   -0.08956
|1^ZW+>    0.18244
|1^CS(2->0)>   -0.07929
|1^SV(0->3')>    0.17089
|1^SV(0->6')>    0.45809
|1^SV(0'->1')>    0.20874
|1^SV(0'->3')>   -0.13019
|1^SV(0'->6')>   -0.77163
|1^SV(0'->7')>    0.08744
|1^SV(0'->9')>   -0.09539
|1^SV(0'->13')>    0.05121
TDMs with Triplet 'Ground' state
TDMX:-0.000   TDMY:0.000   TDMZ:0.000   Oscillator Strength:0.00000   <S**2>: 0.000
--------------------------------------------------------------------
TDMs with Singlet 'Ground' state
TDMX:-0.020   TDMY:-0.024   TDMZ:-0.004   Oscillator Strength:0.00006   <S**2>: 0.000
--------------------------------------------------------------------


State 16 2.339 eV 
Excitation    CI Coef
|1^OS>    0.14121
|1^SV(0->1')>   -0.05341
|1^SV(0->5')>   -0.05412
|1^SV(0->7')>   -0.45137
|1^SV(0->8')>    0.07796
|1^SV(0'->3')>   -0.11619
|1^SV(0'->6')>   -0.05601
|1^SV(0'->7')>   -0.84036
TDMs with Triplet 'Ground' state
TDMX:-0.000   TDMY:0.000   TDMZ:0.000   Oscillator Strength:0.00000   <S**2>: 0.000
--------------------------------------------------------------------
TDMs with Singlet 'Ground' state
TDMX:-0.487   TDMY:-0.428   TDMZ:-0.418   Oscillator Strength:0.03410   <S**2>: 0.000
--------------------------------------------------------------------


State 17 2.388 eV 
Excitation    CI Coef
|1^OS>    0.05877
|1^ZW->   -0.29915
|1^ZW+>    0.52379
|1^CS(11->0)>   -0.05470
|1^CS(2->0)>   -0.19847
|1^SV(0->3')>    0.27991
|1^SV(0->6')>   -0.21192
|1^SV(0->12')>   -0.07647
|1^SV(0'->1')>    0.33674
|1^SV(0'->3')>   -0.05318
|1^SV(0'->6')>    0.30247
|1^SV(0'->8')>   -0.17356
|1^SV(0'->9')>   -0.38200
|1S^CV(1->2')>    0.07052
|1T^CV(3->4')>   -0.07931
|1T^CV(1->2')>   -0.09260
|1^SVD_(1',1')>   -0.05526
TDMs with Triplet 'Ground' state
TDMX:0.000   TDMY:0.000   TDMZ:-0.000   Oscillator Strength:0.00000   <S**2>: 0.000
--------------------------------------------------------------------
TDMs with Singlet 'Ground' state
TDMX:-0.231   TDMY:-0.180   TDMZ:-0.197   Oscillator Strength:0.00730   <S**2>: 0.000
--------------------------------------------------------------------


State 18 2.515 eV 
Excitation    CI Coef
|3^CS(6->0)>   -0.06282
|3^CS(3->0)>   -0.16410
|3^CS(2->0)>   -0.05290
|3^CS(1->0')>   -0.17997
|3^SV(0->1')>    0.07145
|3^SV(0->2')>   -0.50504
|3^SV(0->3')>   -0.06062
|3^SV(0->5')>    0.26105
|3^SV(0->7')>   -0.10488
|3^SV(0->10')>    0.06949
|3^SV(0'->4')>   -0.05625
|3^SV(0'->7')>    0.06680
|3^SV(0'->8')>   -0.70869
|3^SV(0'->9')>    0.10390
|3X^CV(5->2')>   -0.08328
|3X^CV(2->8')>   -0.06525
|3^SVD(1,8)>   -0.06013
|3^SVD(2,3)>    0.08361
TDMs with Triplet 'Ground' state
TDMX:-0.320   TDMY:-0.124   TDMZ:0.471   Oscillator Strength:0.01520   <S**2>: 2.000
--------------------------------------------------------------------
TDMs with Singlet 'Ground' state
TDMX:0.000   TDMY:0.000   TDMZ:0.000   Oscillator Strength:0.00000   <S**2>: 2.000
--------------------------------------------------------------------


State 19 2.550 eV 
Excitation    CI Coef
|3^CS(1->0)>    0.90257
|3^CS(3->0')>    0.15260
|3^SV(0->11')>   -0.05306
|3^SV(0'->2')>    0.26105
|3^SV(0'->10')>    0.10535
|3^SV(0'->11')>   -0.05083
|3T^CV(1->1')>    0.07194
|3X^CV(1->1')>    0.08537
|3X^CV(1->9')>    0.09869
|3^CSD(2,1)>   -0.07457
TDMs with Triplet 'Ground' state
TDMX:-0.025   TDMY:-0.039   TDMZ:0.010   Oscillator Strength:0.00010   <S**2>: 2.000
--------------------------------------------------------------------
TDMs with Singlet 'Ground' state
TDMX:0.000   TDMY:-0.000   TDMZ:0.000   Oscillator Strength:0.00000   <S**2>: 2.000
--------------------------------------------------------------------


State 20 2.611 eV 
Excitation    CI Coef
|1^ZW->   -0.05080
|1^ZW+>    0.08462
|1^CS(3->0)>    0.13066
|1^CS(1->0')>    0.19108
|1^SV(0->1')>    0.08331
|1^SV(0->2')>   -0.50787
|1^SV(0->5')>    0.26676
|1^SV(0->7')>   -0.05493
|1^SV(0->10')>    0.05561
|1^SV(0'->8')>    0.71082
|1^SV(0'->9')>   -0.17200
|1T^CV(5->2')>    0.10140
|1T^CV(2->8')>    0.08111
TDMs with Triplet 'Ground' state
TDMX:0.000   TDMY:0.000   TDMZ:-0.000   Oscillator Strength:0.00000   <S**2>: 0.000
--------------------------------------------------------------------
TDMs with Singlet 'Ground' state
TDMX:-0.084   TDMY:-0.101   TDMZ:0.206   Oscillator Strength:0.00384   <S**2>: 0.000
--------------------------------------------------------------------


State 21 2.670 eV 
Excitation    CI Coef
|1^CS(7->0)>   -0.05754
|1^CS(4->0)>   -0.07532
|1^CS(1->0)>   -0.89502
|1^CS(6->0')>   -0.07582
|1^CS(3->0')>   -0.19776
|1^SV(0->4')>   -0.07067
|1^SV(0->10')>   -0.05021
|1^SV(0->11')>   -0.06070
|1^SV(0'->2')>   -0.21753
|1^SV(0'->5')>   -0.05398
|1^SV(0'->10')>   -0.12078
|1^SV(0'->11')>    0.05601
|1T^CV(7->1')>   -0.05080
|1T^CV(4->1')>   -0.05241
|1T^CV(4->9')>   -0.05116
|1T^CV(1->1')>   -0.08913
|1T^CV(1->9')>   -0.11675
TDMs with Triplet 'Ground' state
TDMX:0.000   TDMY:0.000   TDMZ:0.000   Oscillator Strength:0.00000   <S**2>: 0.000
--------------------------------------------------------------------
TDMs with Singlet 'Ground' state
TDMX:-0.105   TDMY:-0.862   TDMZ:0.941   Oscillator Strength:0.10727   <S**2>: 0.000
--------------------------------------------------------------------


State 22 2.888 eV 
Excitation    CI Coef
|3^CS(3->0)>   -0.10379
|3^CS(2->0)>   -0.22408
|3^CS(1->0)>    0.06921
|3^CS(4->0')>    0.05204
|3^CS(1->0')>   -0.11623
|3^SV(0->2')>    0.11732
|3^SV(0->3')>   -0.21384
|3^SV(0->6')>    0.05576
|3^SV(0->8')>    0.09789
|3^SV(0->9')>    0.11458
|3^SV(0->10')>    0.22984
|3^SV(0->12')>    0.10130
|3^SV(0'->1')>   -0.14254
|3^SV(0'->8')>   -0.08423
|3^SV(0'->9')>   -0.75023
|3^SV(0'->10')>   -0.27166
|3^SV(0'->11')>   -0.09811
|3X^CV(2->1')>   -0.05027
|3X^CV(1->5')>   -0.06019
TDMs with Triplet 'Ground' state
TDMX:-0.509   TDMY:-0.404   TDMZ:-0.550   Oscillator Strength:0.03899   <S**2>: 2.000
--------------------------------------------------------------------
TDMs with Singlet 'Ground' state
TDMX:0.000   TDMY:-0.000   TDMZ:0.000   Oscillator Strength:0.00000   <S**2>: 2.000
--------------------------------------------------------------------


State 23 3.034 eV 
Excitation    CI Coef
|3^CS(3->0)>   -0.37430
|3^CS(2->0)>    0.10741
|3^CS(7->0')>    0.06170
|3^CS(4->0')>    0.11909
|3^CS(1->0')>   -0.30297
|3^SV(0->2')>    0.07548
|3^SV(0->3')>    0.19752
|3^SV(0->8')>    0.08779
|3^SV(0->9')>    0.09446
|3^SV(0->10')>    0.23721
|3^SV(0->11')>   -0.07897
|3^SV(0->12')>   -0.07319
|3^SV(0'->1')>    0.12709
|3^SV(0'->8')>    0.15646
|3^SV(0'->9')>    0.32509
|3^SV(0'->10')>   -0.52518
|3^SV(0'->11')>   -0.28368
|3^SV(0'->13')>   -0.06090
|3X^CV(2->1')>    0.06770
|3X^CV(2->8')>    0.05779
|3^SVD(1,10)>    0.06234
TDMs with Triplet 'Ground' state
TDMX:0.415   TDMY:0.585   TDMZ:-0.064   Oscillator Strength:0.02976   <S**2>: 2.000
--------------------------------------------------------------------
TDMs with Singlet 'Ground' state
TDMX:0.000   TDMY:0.000   TDMZ:0.000   Oscillator Strength:0.00000   <S**2>: 2.000
--------------------------------------------------------------------


State 24 3.089 eV 
Excitation    CI Coef
|1^ZW->   -0.05734
|1^ZW+>    0.09118
|1^CS(7->0)>   -0.05714
|1^CS(4->0)>   -0.10130
|1^CS(3->0)>    0.28603
|1^CS(1->0)>   -0.10154
|1^CS(7->0')>   -0.06469
|1^CS(4->0')>   -0.09074
|1^CS(3->0')>    0.08488
|1^CS(2->0')>    0.05710
|1^CS(1->0')>    0.23017
|1^SV(0->2')>    0.09644
|1^SV(0->8')>    0.14398
|1^SV(0->9')>    0.14180
|1^SV(0->10')>    0.38363
|1^SV(0'->9')>    0.25191
|1^SV(0'->10')>    0.64483
|1^SV(0'->11')>    0.16396
|1T^CV(7->12')>    0.05801
|1T^CV(3->9')>   -0.06069
|1T^CV(3->12')>   -0.06871
|1T^CV(2->8')>   -0.06410
|1T^CV(2->10')>   -0.05291
|1T^CV(1->1')>   -0.07473
|1T^CV(1->9')>   -0.08703
|1T^CV(1->12')>   -0.05941
TDMs with Triplet 'Ground' state
TDMX:-0.000   TDMY:-0.000   TDMZ:0.000   Oscillator Strength:0.00000   <S**2>: 0.000
--------------------------------------------------------------------
TDMs with Singlet 'Ground' state
TDMX:0.155   TDMY:0.357   TDMZ:0.081   Oscillator Strength:0.01194   <S**2>: 0.000
--------------------------------------------------------------------


State 25 3.154 eV 
Excitation    CI Coef
|3^CS(7->0)>    0.09079
|3^CS(5->0)>    0.05089
|3^CS(4->0)>    0.15446
|3^CS(3->0)>    0.28059
|3^CS(2->0)>    0.15670
|3^CS(1->0)>    0.10231
|3^CS(10->0')>   -0.06413
|3^CS(4->0')>   -0.10168
|3^CS(3->0')>   -0.11468
|3^CS(2->0')>   -0.07139
|3^CS(1->0')>    0.25027
|3^SV(0->1')>    0.08874
|3^SV(0->3')>    0.07327
|3^SV(0->8')>    0.14966
|3^SV(0->9')>    0.14942
|3^SV(0->10')>    0.08940
|3^SV(0->11')>    0.35231
|3^SV(0->13')>    0.05005
|3^SV(0'->3')>    0.05030
|3^SV(0'->8')>   -0.09353
|3^SV(0'->9')>    0.06034
|3^SV(0'->10')>   -0.43673
|3^SV(0'->11')>    0.46609
|3^SV(0'->12')>   -0.13502
|3^SV(0'->15')>    0.05301
|3X^CV(7->13')>   -0.05664
|3X^CV(3->12')>    0.06917
|3X^CV(2->11')>   -0.05002
|3X^CV(1->1')>    0.09480
|3X^CV(1->9')>    0.08544
|3^SVD(1,11)>   -0.07311
|3^SVD(9,11)>   -0.05952
TDMs with Triplet 'Ground' state
TDMX:-0.036   TDMY:-0.467   TDMZ:0.481   Oscillator Strength:0.02719   <S**2>: 2.000
--------------------------------------------------------------------
TDMs with Singlet 'Ground' state
TDMX:-0.000   TDMY:-0.000   TDMZ:-0.000   Oscillator Strength:0.00000   <S**2>: 2.000
--------------------------------------------------------------------


State 26 3.253 eV 
Excitation    CI Coef
|1^CS(7->0)>    0.08331
|1^CS(4->0)>    0.17951
|1^CS(3->0)>    0.37730
|1^CS(2->0)>    0.07871
|1^CS(1->0)>    0.10394
|1^CS(10->0')>   -0.05736
|1^CS(4->0')>   -0.10744
|1^CS(3->0')>   -0.10643
|1^CS(2->0')>   -0.05968
|1^CS(1->0')>    0.31516
|1^SV(0->8')>   -0.09392
|1^SV(0->9')>   -0.05714
|1^SV(0->11')>   -0.39056
|1^SV(0'->8')>   -0.13865
|1^SV(0'->9')>   -0.06951
|1^SV(0'->10')>   -0.24362
|1^SV(0'->11')>    0.56230
|1^SV(0'->12')>   -0.05707
|1T^CV(7->13')>   -0.06658
|1T^CV(3->12')>    0.06918
|1T^CV(3->13')>   -0.05951
|1T^CV(2->11')>   -0.06015
|1T^CV(1->1')>    0.08575
|1T^CV(1->9')>    0.08533
|1T^CV(1->13')>    0.05518
TDMs with Triplet 'Ground' state
TDMX:0.000   TDMY:0.000   TDMZ:-0.000   Oscillator Strength:0.00000   <S**2>: 0.000
--------------------------------------------------------------------
TDMs with Singlet 'Ground' state
TDMX:-0.144   TDMY:-0.433   TDMZ:0.170   Oscillator Strength:0.01889   <S**2>: 0.000
--------------------------------------------------------------------


State 27 3.339 eV 
Excitation    CI Coef
|3^CS(10->0)>   -0.05186
|3^CS(5->0)>    0.16274
|3^CS(4->0)>   -0.10620
|3^CS(3->0)>    0.20959
|3^CS(2->0)>    0.34473
|3^CS(5->0')>   -0.11767
|3^CS(4->0')>   -0.05503
|3^CS(3->0')>    0.12037
|3^CS(2->0')>   -0.13287
|3^CS(1->0')>    0.21223
|3^SV(0->1')>    0.25969
|3^SV(0->3')>    0.05064
|3^SV(0->5')>    0.08839
|3^SV(0->9')>    0.25378
|3^SV(0->11')>   -0.25263
|3^SV(0->12')>    0.07369
|3^SV(0->13')>    0.09770
|3^SV(0'->3')>    0.15946
|3^SV(0'->4')>    0.07436
|3^SV(0'->8')>   -0.10314
|3^SV(0'->9')>   -0.07336
|3^SV(0'->10')>    0.06721
|3^SV(0'->11')>   -0.36036
|3^SV(0'->12')>   -0.37175
|3^SV(0'->14')>   -0.06919
|3X^CV(3->10')>    0.05137
|3X^CV(3->12')>   -0.05785
|3X^CV(1->2')>   -0.05108
|3X^CV(1->10')>    0.06368
|3^SVD(1,3)>   -0.14686
|3^SVD(1,4)>   -0.07641
|3^SVD(1,11)>    0.06088
|3^SVD(2,3)>   -0.06715
TDMs with Triplet 'Ground' state
TDMX:-0.505   TDMY:-0.976   TDMZ:0.257   Oscillator Strength:0.08267   <S**2>: 2.000
--------------------------------------------------------------------
TDMs with Singlet 'Ground' state
TDMX:0.000   TDMY:0.000   TDMZ:0.000   Oscillator Strength:0.00000   <S**2>: 2.000
--------------------------------------------------------------------


State 28 3.396 eV 
Excitation    CI Coef
|3^CS(10->0)>   -0.06866
|3^CS(5->0)>   -0.09718
|3^CS(3->0)>    0.44097
|3^CS(2->0)>   -0.37881
|3^CS(5->0')>    0.19395
|3^CS(4->0')>   -0.09123
|3^CS(2->0')>    0.07892
|3^CS(1->0')>    0.30233
|3^SV(0->1')>   -0.16851
|3^SV(0->5')>    0.09826
|3^SV(0->9')>   -0.07509
|3^SV(0->10')>    0.20164
|3^SV(0->11')>   -0.16063
|3^SV(0'->1')>    0.06351
|3^SV(0'->3')>   -0.10998
|3^SV(0'->4')>    0.11337
|3^SV(0'->8')>   -0.10241
|3^SV(0'->9')>    0.14326
|3^SV(0'->10')>   -0.22537
|3^SV(0'->11')>   -0.34709
|3^SV(0'->12')>    0.12344
|3^SV(0'->13')>   -0.08845
|3T^CV(5->5')>    0.05344
|3T^CV(2->4')>   -0.06692
|3T^CV(1->2')>    0.06057
|3X^CV(1->2')>    0.05103
|3X^CV(1->12')>    0.06436
|3^SVD(1,3)>    0.12090
|3^SVD(1,4)>   -0.05616
|3^SVD(1,11)>    0.05429
|3^SVD(2,3)>    0.09063
TDMs with Triplet 'Ground' state
TDMX:0.715   TDMY:-0.308   TDMZ:1.502   Oscillator Strength:0.18966   <S**2>: 2.000
--------------------------------------------------------------------
TDMs with Singlet 'Ground' state
TDMX:-0.000   TDMY:-0.000   TDMZ:-0.000   Oscillator Strength:0.00000   <S**2>: 2.000
--------------------------------------------------------------------


State 29 3.409 eV 
Excitation    CI Coef
|3^CS(5->0)>   -0.12824
|3^CS(2->0)>    0.63858
|3^CS(5->0')>   -0.22959
|3^CS(2->0')>    0.12241
|3^CS(1->0')>    0.10610
|3^SV(0->1')>   -0.25612
|3^SV(0->3')>   -0.05502
|3^SV(0->5')>    0.07028
|3^SV(0->9')>   -0.20404
|3^SV(0->10')>    0.16807
|3^SV(0->13')>   -0.08852
|3^SV(0'->1')>   -0.10651
|3^SV(0'->3')>   -0.16068
|3^SV(0'->8')>   -0.13215
|3^SV(0'->9')>   -0.14046
|3^SV(0'->10')>   -0.07078
|3^SV(0'->11')>   -0.10127
|3^SV(0'->12')>    0.32323
|3^SV(0'->14')>    0.06807
|3T^CV(1->2')>   -0.08684
|3X^CV(1->2')>   -0.07382
|3^SVD(1,3)>    0.12806
|3^SVD(1,4)>   -0.07857
|3^SVD(2,3)>   -0.07881
TDMs with Triplet 'Ground' state
TDMX:-1.139   TDMY:-1.176   TDMZ:-0.514   Oscillator Strength:0.19594   <S**2>: 2.000
--------------------------------------------------------------------
TDMs with Singlet 'Ground' state
TDMX:0.000   TDMY:0.000   TDMZ:0.000   Oscillator Strength:0.00000   <S**2>: 2.000
--------------------------------------------------------------------

Wall clock time: 16.7026 seconds
