                    ---------------------------------
                    | Radical ExROPPP Calculation |
                    ---------------------------------

Molecule: ./TTMmTTM.xyz radical

--------------------------------
Cartesian Coordinates / Angstrom
--------------------------------

 C -0.02478664975019 2.50707398092152 2.13236835692158
 C -0.72196760794356 2.63090442336164 0.92066061830123
 H -1.27531439065113 1.78717568280108 0.50907611549575
 C -0.72893616453847 3.83486829515007 0.22475123958177
 Cl -1.56078807985569 3.84921390455135 -1.31255805083551
 Cl 1.44894064886770 6.19156948171904 2.65827498680938
 C 0.65686219792956 3.63353051561963 2.61819484915086
 H 1.21556842208828 3.58460860501587 3.55241120875291
 C 0.02480261114182 -2.50707404862354 2.13237094906433
 C 0.72198448054657 -2.63090779158601 0.92066402985338
 H 1.27533520357922 -1.78718144991946 0.50907986582183
 C 0.72894835913578 -3.83487175081895 0.22475471646211
 Cl 1.56080137323673 -3.84922107013235 -1.31255394578380
 C 0.04745676993844 -4.99020229333360 0.68418198052053
 C 0.04748448859871 -6.25269541171415 -0.05943391878449
 C -0.64074853168881 -4.83218320488809 1.91359130532303
 Cl -1.44894485289461 -6.19156192238688 2.65827448908948
 C -0.65685194292084 -3.63352743720109 2.61819672886408
 H -1.21555957271240 -3.58460275608285 3.55241209876267
 C 1.30400295783947 -6.80012830002895 -0.57937308825300
 C 1.43401902780667 -7.26696580781166 -1.91230126551392
 Cl 0.10502830051179 -7.12735277100759 -3.03574318919014
 C 2.62386316134381 -7.78399811940065 -2.41913134713510
 H 2.67933133170422 -8.11339987983731 -3.45568952996411
 C 3.74279155931500 -7.84752657447467 -1.58836038802652
 Cl 5.23922631191652 -8.48654389108623 -2.20841142420231
 C 3.67726469003203 -7.40499830578257 -0.26693491044110
 H 4.54515704729954 -7.47203742555814 0.38752551689056
 C 2.47440481176565 -6.89592031432260 0.21643211469556
 Cl 2.43912523518012 -6.45219162336014 1.90462482989286
 C -1.21474043467918 -6.96623551752101 -0.28317845023119
 C -2.38073689532196 -6.31018310654425 -0.75315351966083
 Cl -2.33215301582408 -4.62137023710437 -1.19297171738402
 C -3.58917336972759 -6.97192684631161 -0.95727991955798
 H -4.45416528604469 -6.42779560636831 -1.33375887324869
 C -3.66426425171617 -8.34027293536267 -0.69589420700416
 Cl -5.16851811649124 -9.18154190427473 -0.94492495612311
 C -2.54893439085076 -9.04234204276716 -0.23792628684775
 H -2.61136741282858 -10.10724421803592 -0.01854835876523
 C -1.35385228420392 -8.35554552443775 -0.03767875898931
 Cl -0.02771659636145 -9.27408676245292 0.62964910244861
 C -1.30400687255803 6.80012025997645 -0.57937664220192
 C -2.47441128257747 6.89590252016062 0.21642603105752
 Cl -2.43913181858222 6.45217422279933 1.90461886418196
 C -3.67727448235560 7.40496994301060 -0.26694380821096
 H -4.54516897037302 7.47200141901380 0.38751457590297
 C -3.74280224281524 7.84749729010921 -1.58836952011977
 Cl -5.23924138680223 8.48650086324947 -2.20842408949271
 C -2.62387130529725 7.78397887876051 -2.41913783495839
 H -2.67934001276275 8.11338005023123 -3.45569618258868
 C -1.43402375495738 7.26695710827978 -1.91230499360122
 Cl -0.10502918694180 7.12735595978260 -3.03574389010795
 C 1.21473483628093 6.96624500867848 -0.28317569836392
 C 1.35383700303282 8.35555523484125 -0.03767205673578
 Cl 0.02769385062114 9.27408605843051 0.62965530396574
 C 2.54891514667787 9.04236005656370 -0.23791472763449
 H 2.61134073991028 10.10726201436690 -0.01853362753391
 C 3.66425077580205 8.34029943276617 -0.69588150067157
 Cl 5.16850005856336 9.18157866520159 -0.94490518962155
 C 3.58916943611882 6.97195360458720 -0.95727117084459
 H 4.45416587904789 6.42782903121081 -1.33374937868074
 C 2.38073676752866 6.31020144030583 -0.75314949788212
 Cl 2.33216493336375 4.62138948978039 -1.19297238327472
 C 0.00766041447724 -1.22649877893443 2.87911241254806
 C 0.00000964966150 -0.00000004589838 2.19595286212576
 H 0.00000892554697 -0.00000070507614 1.10475455948821
 C -0.00764142326277 1.22649947788191 2.87911103627404
 C -0.00597546602659 1.21110371607307 4.28565562577613
 H -0.03618079030316 2.15186018185002 4.83877377777419
 C 0.00001003070117 0.00000154953345 4.97777796632015
 H 0.00001007972327 0.00000218585537 6.07045674394579
 C 0.00599492021514 -1.21110143044730 4.28565700588587
 H 0.03619969437820 -2.15185728174934 4.83877622241333
 C -0.04745108989794 4.99020222182910 0.68417964028568
 C -0.04748567033720 6.25269589835472 -0.05943517516396
 C 0.64075347142730 4.83218642001947 1.91358976294991

There are 60 heavy atoms.
There are 76 electrons in 60 orbitals.


Carbon 1e params: A = -22.717075 b = 1.705616

Nitrogen 1e params: alphan2 = -17.681338 Acn2 = -24.737202 bcn2 = 1.433639

Chlorine 1e params: alphacl = -10.335674 Accl = -26.021937 bccl=1.451861
C-Cl bond
C-Cl bond
C-Cl bond
C-Cl bond
C-Cl bond
C-Cl bond
C-Cl bond
C-Cl bond
C-Cl bond
C-Cl bond
C-Cl bond
C-Cl bond
C-Cl bond
C-Cl bond
C-Cl bond
C-Cl bond
Cl atom 45
Cl atom 46
Cl atom 47
Cl atom 48
Cl atom 49
Cl atom 50
Cl atom 51
Cl atom 52
Cl atom 53
Cl atom 54
Cl atom 55
Cl atom 56
Cl atom 57
Cl atom 58
Cl atom 59
Cl atom 60

Carbon 2e params: U = 8.420838 r0 = 1.173157

Nitrogen 2e params: Un2n2 = 17.979843 r0n2n2 = 1.111791

Chlorine 2e params: Uclcl= 9.642991 r0clcl = 2.253316

Mixed 2e params: Ucn2 = 13.200341 Uccl = 9.031915 Un2cl = 13.811417 r0cn2 =1.142474 r0ccl = 1.713237 r0n2cl = 1.682554
[8.42083845 3.83412028 2.74285447 3.83414894 1.59658743 1.51875572
 1.26030614 1.12141672 0.96821642 1.156589   1.34128647 0.90152956
 0.83358773 0.77583498 0.77160558 0.82169764 0.89084271 0.89631684
 0.91939851 0.83997723 0.76231538 0.74668323 0.80122279 1.5412792
 1.50774945 1.27681282 1.13957385 1.14728825 1.30390879 1.54507675
 1.30643504 1.15057268 1.14445685 1.28372319 1.51544377 1.98340407
 2.68365559 3.71997814 2.67981931 1.98949336 1.8060431  2.44056403
 1.79194129 2.74299744 2.7067466  2.70699505 1.69764563 1.46763529
 1.22351055 1.05608769 1.40569737 1.56134117 1.04206888 1.13862976
 2.43909229 1.43851004 1.78971264 1.78985412 1.44444687 2.45424798]

-------------------------------------
Restricted Open-shell PPP Calculation
-------------------------------------

Starting SCF cycle...

Iter   Energy        Dens Change      Energy Change
-----------------------------------------------------
0 -255.7411247226838 0.12358340106335225 -255.7411247226838
1 -268.61817434905356 0.041871573703501974 -12.877049626369768
2 -274.39565972928256 0.01359340026268363 -5.777485380228995
3 -276.38408109445993 0.0043995823746962315 -1.9884213651773734
4 -277.0250236061464 0.0014335018976310843 -0.6409425116864895
5 -277.2297925217177 0.00047030620185828376 -0.20476891557126464
6 -277.295562255292 0.00015531660257656066 -0.0657697335743137
7 -277.3167885185632 5.158467904359254e-05 -0.021226263271216794
8 -277.3236885976737 1.7218838726629215e-05 -0.006900079110494062
9 -277.3259399116418 8.353002069583226e-06 -0.0022513139680881977
10 -277.3266779361349 4.232908606627284e-06 -0.0007380244931027846
11 -277.32692035857724 2.1060055768185038e-06 -0.0002424224423407395
12 -277.327000190483 1.0349269138343331e-06 -7.983190573668253e-05
13 -277.3270264911823 5.042096878904445e-07 -2.630069934639323e-05
14 -277.3270351595754 2.4417403693410833e-07 -8.668393093103077e-06
15 -277.32703801200796 1.1774170971534659e-07 -2.8524325443868292e-06
16 -277.32703894828387 5.660369900573059e-08 -9.362759101350093e-07
17 -277.3270392539933 2.715291735899683e-08 -3.05709420445055e-07
18 -277.32703935301026 1.3005143517652584e-08 -9.9016972399113e-08
19 -277.32703938465056 6.222010462408889e-09 -3.164029749314068e-08
20 -277.3270393945522 2.974411050793435e-09 -9.901611974783009e-09
21 -277.32703939753804 1.421095963127783e-09 -2.9858711059205234e-09
22 -277.32703939838046 6.786866069141695e-10 -8.424194675171748e-10
23 -277.32703939858686 3.240345214372553e-10 -2.063984538835939e-10
24 -277.3270393986206 1.5467527259005465e-10 -3.376499080331996e-11
25 -277.3270393986147 7.382361388863501e-11 5.9117155615240335e-12
26 -277.32703939860505 3.523181746345472e-11 9.663381206337363e-12
27 -277.3270393985979 1.681138561693274e-11 7.16227077646181e-12
28 -277.3270393985913 8.022749131697537e-12 6.59383658785373e-12
29 -277.3270393985889 3.828326544663696e-12 2.3874235921539366e-12
30 -277.32703939858845 1.8261503420546887e-12 4.547473508864641e-13
31 -277.3270393985884 8.726908085066043e-13 5.684341886080802e-14
32 -277.3270393985876 4.1611158962950867e-13 7.958078640513122e-13
33 -277.32703939858817 1.9872992140790302e-13 -5.684341886080801e-13
34 -277.3270393985888 9.50350909079134e-14 -6.252776074688882e-13
35 -277.32703939858703 4.529709940470639e-14 1.7621459846850485e-12
36 -277.32703939858624 2.120525977034049e-14 7.958078640513122e-13
37 -277.3270393985866 1.0824674490095276e-14 -3.410605131648481e-13
38 -277.3270393985869 5.162537064506978e-15 -3.410605131648481e-13
39 -277.3270393985876 2.942091015256665e-15 -6.821210263296962e-13
40 -277.3270393985856 3.3306690738754696e-15 1.9895196601282805e-12
41 -277.3270393985871 2.0018708912772354e-15 -1.4779288903810084e-12
ENERGY0: -277.3270393985871

--------------------------
Converged ROPPP Orbitals
--------------------------

orbital number 1 energy -8.1499763753589
[0.04 0.05 0.08 0.04 0.04 0.04 0.08 0.08 0.08 0.08 0.04 0.15 0.18 0.13
 0.17 0.13 0.18 0.14 0.17 0.13 0.17 0.13 0.17 0.15 0.18 0.13 0.17 0.13
 0.18 0.14 0.17 0.13 0.17 0.13 0.17 0.02 0.02 0.02 0.01 0.01 0.01 0.08
 0.08 0.08 0.07 0.07 0.07 0.07 0.17 0.17 0.17 0.17 0.16 0.16 0.17 0.17
 0.17 0.16 0.16 0.17]
orbital number 2 energy -8.148900877512403
[-0.03 -0.04 -0.07 -0.04  0.03  0.04  0.07  0.07  0.08  0.07  0.04  0.15
  0.18  0.14  0.18  0.13  0.18  0.14  0.17  0.13  0.17  0.13  0.17 -0.15
 -0.18 -0.13 -0.18 -0.14 -0.18 -0.14 -0.17 -0.13 -0.17 -0.13 -0.17  0.01
  0.   -0.01 -0.    0.    0.   -0.07 -0.08 -0.07 -0.07 -0.07  0.07  0.07
  0.17  0.17  0.17  0.17  0.16  0.16 -0.17 -0.17 -0.17 -0.16 -0.16 -0.17]
orbital number 3 energy -8.083651040163335
[ 0.    0.    0.    0.    0.    0.    0.    0.    0.    0.    0.   -0.11
 -0.15 -0.12 -0.16 -0.12 -0.15  0.11  0.16  0.13  0.17  0.12  0.16 -0.14
 -0.19 -0.15 -0.21 -0.15 -0.19  0.14  0.2   0.16  0.21  0.16  0.2   0.
  0.    0.    0.    0.    0.    0.    0.    0.    0.    0.    0.    0.
 -0.15 -0.16 -0.15  0.16  0.17  0.15 -0.19 -0.21 -0.19  0.19  0.21  0.2 ]
orbital number 4 energy -8.083649905063186
[ 0.    0.    0.    0.   -0.   -0.   -0.   -0.   -0.   -0.   -0.    0.14
  0.19  0.15  0.21  0.15  0.19 -0.14 -0.2  -0.16 -0.21 -0.16 -0.2  -0.11
 -0.15 -0.12 -0.16 -0.12 -0.15  0.11  0.16  0.12  0.17  0.13  0.16 -0.
 -0.    0.    0.   -0.   -0.    0.    0.    0.    0.    0.   -0.   -0.
  0.19  0.21  0.19 -0.2  -0.21 -0.19 -0.15 -0.16 -0.15  0.15  0.17  0.16]
orbital number 5 energy -7.971701511835391
[-0.17 -0.18 -0.28 -0.17 -0.17 -0.18 -0.28 -0.21 -0.04 -0.27 -0.17  0.02
  0.04  0.04  0.06  0.04  0.04  0.02  0.04  0.04  0.06  0.04  0.04  0.02
  0.04  0.04  0.06  0.04  0.04  0.02  0.04  0.04  0.06  0.04  0.04 -0.11
 -0.09 -0.11 -0.06 -0.05 -0.06 -0.21 -0.04 -0.27 -0.29 -0.28 -0.29 -0.28
  0.05  0.06  0.04  0.05  0.06  0.05  0.04  0.06  0.05  0.05  0.06  0.05]
orbital number 6 energy -7.94669733965833
[ 0.15  0.17  0.29  0.17 -0.15 -0.17 -0.29 -0.22 -0.04 -0.28 -0.17  0.02
  0.04  0.04  0.05  0.04  0.04  0.02  0.04  0.04  0.05  0.04  0.04 -0.02
 -0.04 -0.04 -0.05 -0.04 -0.04 -0.02 -0.04 -0.04 -0.05 -0.04 -0.04 -0.05
 -0.    0.05  0.02 -0.   -0.02  0.22  0.04  0.28  0.3   0.29 -0.3  -0.29
  0.04  0.06  0.04  0.04  0.06  0.04 -0.04 -0.06 -0.04 -0.04 -0.06 -0.04]
orbital number 7 energy -7.20163484259964
[-0.03 -0.02 -0.01 -0.01 -0.03 -0.02 -0.01  0.01  0.05  0.   -0.01  0.1
  0.15 -0.03 -0.21 -0.07  0.06  0.09  0.11 -0.03 -0.18 -0.05  0.06  0.1
  0.06 -0.07 -0.21 -0.03  0.15  0.09  0.06 -0.05 -0.18 -0.03  0.11 -0.05
 -0.05 -0.05 -0.04 -0.04 -0.04  0.01  0.05  0.   -0.01  0.   -0.01  0.
  0.25 -0.36  0.1   0.19 -0.31  0.1   0.1  -0.36  0.25  0.1  -0.31  0.19]
orbital number 8 energy -7.200293952678309
[-0.01 -0.02 -0.03 -0.    0.01  0.02  0.03 -0.01 -0.05 -0.    0.   -0.1
 -0.15  0.02  0.21  0.07 -0.05 -0.09 -0.12  0.03  0.18  0.05 -0.06  0.1
  0.05 -0.07 -0.21 -0.02  0.15  0.09  0.06 -0.05 -0.18 -0.03  0.12  0.
  0.   -0.   -0.    0.    0.    0.01  0.05  0.   -0.04  0.    0.04 -0.
 -0.26  0.36 -0.09 -0.2   0.31 -0.1   0.09 -0.36  0.26  0.1  -0.31  0.2 ]
orbital number 9 energy -7.182268876683213
[ 0.01 -0.09 -0.23  0.11  0.01 -0.09 -0.23  0.   -0.    0.23  0.11 -0.02
 -0.04  0.    0.04  0.01 -0.01  0.01  0.09  0.02 -0.03 -0.04 -0.05 -0.02
 -0.01  0.01  0.04  0.   -0.04  0.01 -0.05 -0.04 -0.03  0.02  0.09  0.03
  0.03  0.03  0.02  0.02  0.02  0.   -0.    0.23 -0.4   0.39 -0.4   0.39
 -0.06  0.07 -0.01  0.15 -0.06 -0.09 -0.01  0.07 -0.06 -0.09 -0.06  0.15]
orbital number 10 energy -7.1819038246866445
[ 0.   -0.09 -0.21  0.1  -0.    0.09  0.21 -0.    0.   -0.23 -0.1   0.02
  0.07  0.01 -0.06 -0.03 -0.01 -0.02 -0.11 -0.03  0.04  0.05  0.07 -0.02
  0.01  0.03  0.06 -0.01 -0.07  0.02 -0.07 -0.05 -0.04  0.03  0.11 -0.
 -0.    0.    0.   -0.   -0.    0.   -0.    0.23 -0.37  0.38  0.37 -0.38
  0.12 -0.1  -0.01 -0.18  0.07  0.11  0.01  0.1  -0.12 -0.11 -0.07  0.18]
orbital number 11 energy -7.180500209197172
[ 0.01 -0.03 -0.08  0.04  0.01 -0.03 -0.08 -0.   -0.    0.08  0.04  0.03
  0.17  0.04 -0.07 -0.07 -0.1  -0.04 -0.21 -0.05  0.09  0.09  0.11  0.03
 -0.1  -0.07 -0.07  0.04  0.17 -0.04  0.11  0.09  0.09 -0.05 -0.21  0.01
  0.01  0.01  0.01  0.01  0.01 -0.   -0.    0.08 -0.13  0.13 -0.13  0.13
  0.29 -0.12 -0.16 -0.36  0.16  0.19 -0.16 -0.12  0.29  0.19  0.16 -0.36]
orbital number 12 energy -7.180361495859897
[ 0.   -0.04 -0.1   0.05 -0.    0.04  0.1  -0.    0.   -0.11 -0.05 -0.02
 -0.16 -0.04  0.06  0.07  0.1   0.04  0.2   0.05 -0.09 -0.09 -0.11  0.02
 -0.1  -0.07 -0.06  0.04  0.16 -0.04  0.11  0.09  0.09 -0.05 -0.2  -0.
 -0.    0.    0.   -0.   -0.    0.   -0.    0.11 -0.18  0.19  0.18 -0.19
 -0.27  0.1   0.16  0.35 -0.16 -0.18 -0.16 -0.1   0.27  0.18  0.16 -0.35]
orbital number 13 energy -7.174578678327708
[ 0.01  0.02  0.03 -0.01  0.01  0.02  0.03 -0.   -0.01 -0.03 -0.01 -0.02
  0.17  0.09  0.04 -0.07 -0.21 -0.02  0.12  0.07  0.04 -0.05 -0.16 -0.02
 -0.21 -0.07  0.04  0.09  0.17 -0.02 -0.17 -0.06  0.04  0.07  0.12  0.01
  0.01  0.01  0.01  0.01  0.01 -0.   -0.01 -0.03  0.06 -0.06  0.06 -0.06
  0.29  0.08 -0.36  0.21  0.07 -0.28 -0.36  0.08  0.29 -0.28  0.07  0.21]
orbital number 14 energy -7.174511107541919
[ 0.    0.01  0.03 -0.01 -0.   -0.01 -0.03  0.    0.01  0.03  0.01  0.02
 -0.17 -0.09 -0.05  0.07  0.22  0.02 -0.12 -0.07 -0.04  0.05  0.17 -0.02
 -0.22 -0.07  0.05  0.09  0.17 -0.02 -0.16 -0.05  0.04  0.07  0.12 -0.
 -0.    0.    0.   -0.   -0.   -0.   -0.01 -0.03  0.05 -0.04 -0.05  0.04
 -0.29 -0.08  0.37 -0.21 -0.07  0.28 -0.37  0.08  0.29 -0.28  0.07  0.21]
orbital number 15 energy -7.165267806677685
[ 0.   -0.   -0.01  0.01  0.   -0.   -0.01 -0.   -0.    0.01  0.01  0.07
  0.02 -0.06 -0.16 -0.    0.15 -0.08 -0.01  0.07  0.18 -0.   -0.19  0.07
  0.16 -0.   -0.16 -0.06  0.02 -0.08 -0.19 -0.    0.19  0.08 -0.01  0.
  0.    0.    0.    0.    0.   -0.   -0.    0.01 -0.02  0.02 -0.02  0.02
  0.04 -0.28  0.26 -0.02  0.32 -0.32  0.27 -0.28  0.04 -0.33  0.33 -0.02]
orbital number 16 energy -7.16525968222454
[ 0.   -0.   -0.01  0.01 -0.    0.    0.01 -0.    0.   -0.01 -0.01 -0.07
 -0.02  0.06  0.16  0.   -0.16  0.08  0.01 -0.08 -0.19  0.    0.19  0.07
  0.15 -0.   -0.15 -0.06  0.02 -0.08 -0.19 -0.    0.18  0.07 -0.01 -0.
 -0.    0.    0.   -0.   -0.    0.   -0.    0.01 -0.02  0.02  0.02 -0.02
 -0.04  0.28 -0.27  0.02 -0.33  0.33  0.26 -0.27  0.04 -0.32  0.32 -0.02]
orbital number 17 energy -7.102055610277278
[-0.16 -0.05  0.06 -0.03 -0.16 -0.05  0.06  0.07  0.01  0.09 -0.03 -0.01
 -0.01  0.    0.02  0.   -0.02 -0.01 -0.01  0.    0.02  0.   -0.02 -0.01
 -0.02  0.    0.02  0.   -0.01 -0.01 -0.02  0.    0.02  0.   -0.01 -0.39
 -0.38 -0.39 -0.35 -0.34 -0.35  0.07  0.01  0.09  0.11  0.16  0.11  0.16
 -0.02  0.04 -0.03 -0.03  0.04 -0.03 -0.03  0.04 -0.02 -0.03  0.04 -0.03]
orbital number 18 energy -5.902857869787305
[-0.39 -0.24 -0.   -0.24  0.39  0.24  0.    0.01  0.01 -0.    0.24 -0.
 -0.    0.    0.    0.   -0.   -0.   -0.    0.    0.    0.   -0.    0.
  0.   -0.   -0.   -0.    0.    0.    0.   -0.   -0.   -0.    0.    0.25
  0.   -0.25 -0.16  0.    0.16 -0.01 -0.01  0.    0.27  0.27 -0.27 -0.27
 -0.   -0.   -0.   -0.   -0.   -0.    0.    0.    0.    0.    0.    0.  ]
orbital number 19 energy -5.5501608076277895
[ 0.32  0.25  0.05  0.24  0.32  0.25  0.05  0.1   0.06  0.04  0.24  0.03
  0.    0.    0.    0.    0.    0.03  0.    0.    0.    0.    0.    0.03
  0.    0.    0.    0.    0.    0.03  0.    0.    0.    0.    0.   -0.01
 -0.01 -0.01 -0.21 -0.29 -0.21  0.1   0.06  0.04 -0.29 -0.29 -0.29 -0.29
 -0.02 -0.01 -0.03 -0.02 -0.01 -0.02 -0.03 -0.01 -0.02 -0.02 -0.01 -0.02]
orbital number 20 energy -5.177472805404971
[-0.06 -0.02  0.03 -0.02  0.06  0.02 -0.03 -0.16 -0.25 -0.03  0.02 -0.21
 -0.07 -0.1  -0.04 -0.09 -0.07 -0.21 -0.07 -0.09 -0.04 -0.09 -0.07  0.21
  0.07  0.09  0.04  0.1   0.07  0.21  0.07  0.09  0.04  0.09  0.07  0.07
 -0.   -0.07 -0.05  0.    0.05  0.16  0.25  0.03 -0.1  -0.1   0.1   0.1
  0.22  0.14  0.22  0.22  0.13  0.22 -0.22 -0.14 -0.22 -0.22 -0.13 -0.22]
orbital number 21 energy -5.158218129672505
[ 0.1   0.06 -0.01  0.06  0.1   0.06 -0.01 -0.12 -0.24 -0.01  0.06 -0.21
 -0.07 -0.1  -0.05 -0.1  -0.07 -0.21 -0.07 -0.1  -0.05 -0.1  -0.07 -0.21
 -0.07 -0.1  -0.05 -0.1  -0.07 -0.21 -0.07 -0.1  -0.05 -0.1  -0.07  0.02
  0.03  0.02 -0.07 -0.11 -0.07 -0.12 -0.24 -0.01  0.04  0.04  0.04  0.04
  0.22  0.14  0.22  0.22  0.14  0.22  0.22  0.14  0.22  0.22  0.14  0.22]
orbital number 22 energy -4.9158254240833354
[ 0.   -0.   -0.    0.   -0.    0.    0.    0.    0.   -0.   -0.   -0.13
 -0.08 -0.15 -0.09 -0.14 -0.08  0.13  0.08  0.15  0.09  0.15  0.08  0.17
  0.1   0.18  0.11  0.19  0.1  -0.17 -0.1  -0.19 -0.11 -0.19 -0.11 -0.
  0.    0.    0.   -0.   -0.   -0.   -0.    0.    0.    0.   -0.   -0.
  0.19  0.2   0.19 -0.19 -0.2  -0.19 -0.24 -0.25 -0.24  0.24  0.25  0.24]
orbital number 23 energy -4.915824415396433
[ 0.   -0.   -0.    0.    0.   -0.   -0.   -0.   -0.    0.    0.    0.17
  0.1   0.19  0.11  0.18  0.1  -0.17 -0.11 -0.19 -0.11 -0.19 -0.1   0.13
  0.08  0.14  0.09  0.15  0.08 -0.13 -0.08 -0.15 -0.09 -0.15 -0.08  0.
  0.    0.   -0.   -0.   -0.   -0.   -0.    0.    0.    0.    0.    0.
 -0.24 -0.25 -0.24  0.24  0.25  0.24 -0.19 -0.2  -0.19  0.19  0.2   0.19]
orbital number 24 energy -4.6194550786797395
[ 0.08 -0.03 -0.12 -0.03 -0.08  0.03  0.12  0.3   0.16  0.11  0.03  0.01
 -0.04 -0.12 -0.09 -0.12 -0.04  0.01 -0.04 -0.12 -0.09 -0.12 -0.04 -0.01
  0.04  0.12  0.09  0.12  0.04 -0.01  0.04  0.12  0.09  0.12  0.04 -0.25
  0.    0.25  0.23 -0.   -0.23 -0.3  -0.16 -0.11  0.21  0.21 -0.21 -0.21
  0.07  0.16  0.07  0.07  0.16  0.07 -0.07 -0.16 -0.07 -0.07 -0.16 -0.07]
orbital number 25 energy -4.557869112831104
[-0.11 -0.    0.1  -0.01 -0.11 -0.    0.1   0.27  0.17  0.09 -0.01  0.03
 -0.03 -0.11 -0.09 -0.11 -0.03  0.03 -0.03 -0.12 -0.09 -0.11 -0.03  0.03
 -0.03 -0.11 -0.09 -0.11 -0.03  0.03 -0.03 -0.11 -0.09 -0.12 -0.03 -0.17
 -0.32 -0.17  0.2   0.38  0.2   0.27  0.17  0.09 -0.16 -0.16 -0.16 -0.16
  0.05  0.15  0.06  0.06  0.15  0.06  0.06  0.15  0.05  0.06  0.15  0.06]
orbital number 26 energy -4.197987819700687
[ 0.12  0.13  0.01  0.12  0.12  0.13  0.01 -0.11 -0.21  0.    0.12 -0.13
  0.    0.12  0.11  0.12  0.   -0.13  0.    0.12  0.11  0.12  0.   -0.13
  0.    0.12  0.11  0.12  0.   -0.13  0.    0.12  0.11  0.12  0.   -0.21
 -0.44 -0.21  0.16  0.35  0.16 -0.11 -0.21  0.   -0.01 -0.01 -0.01 -0.01
 -0.   -0.15  0.   -0.   -0.15 -0.    0.   -0.15 -0.   -0.   -0.15 -0.  ]
orbital number 27 energy -4.083630515276049
[-0.08 -0.13 -0.05 -0.13  0.08  0.13  0.05 -0.04 -0.22  0.05  0.13 -0.16
 -0.01  0.13  0.13  0.13 -0.01 -0.16 -0.01  0.13  0.13  0.13 -0.01  0.16
  0.01 -0.13 -0.13 -0.13  0.01  0.16  0.01 -0.13 -0.13 -0.13  0.01 -0.29
  0.    0.29  0.32 -0.   -0.32  0.04  0.22 -0.05  0.06  0.06 -0.06 -0.06
  0.02 -0.16  0.02  0.01 -0.16  0.01 -0.02  0.16 -0.02 -0.01  0.16 -0.01]
orbital number 28 energy -3.5097009946929325
[-0.01  0.36  0.25 -0.37  0.01 -0.36 -0.25 -0.01  0.    0.24  0.37  0.02
  0.01 -0.01 -0.01 -0.01  0.   -0.    0.    0.01  0.   -0.01 -0.01 -0.02
 -0.    0.01  0.01  0.01 -0.01  0.    0.01  0.01 -0.   -0.01 -0.   -0.01
 -0.    0.01  0.01 -0.   -0.01  0.01 -0.   -0.24 -0.24  0.23  0.24 -0.23
 -0.01  0.01 -0.   -0.   -0.    0.01  0.   -0.01  0.01 -0.01  0.    0.  ]
orbital number 29 energy -3.5091325712426187
[-0.01 -0.37 -0.24  0.37 -0.01 -0.37 -0.24  0.01 -0.    0.25  0.37  0.
  0.01  0.01 -0.   -0.01 -0.   -0.02 -0.    0.01  0.01  0.01 -0.01  0.
 -0.   -0.01 -0.    0.01  0.01 -0.02 -0.01  0.01  0.01  0.01 -0.   -0.
 -0.   -0.    0.    0.01  0.    0.01 -0.    0.25  0.23 -0.24  0.23 -0.24
 -0.01  0.    0.    0.   -0.01  0.01  0.    0.   -0.01  0.01 -0.01  0.  ]
orbital number 30 energy -3.4927501986468066
[-0.18 -0.08  0.12 -0.1  -0.18 -0.08  0.12  0.27 -0.04  0.1  -0.1  -0.17
  0.05  0.24  0.1  -0.07 -0.15 -0.17 -0.14 -0.05  0.1   0.22  0.04 -0.17
 -0.15 -0.07  0.1   0.24  0.05 -0.17  0.04  0.22  0.1  -0.05 -0.14  0.07
  0.19  0.07 -0.03 -0.09 -0.03  0.27 -0.04  0.1  -0.12 -0.1  -0.12 -0.1
 -0.05 -0.1   0.15  0.13 -0.1  -0.04  0.15 -0.1  -0.05 -0.04 -0.1   0.13]
orbital number 31 energy -3.484433026927667
[ 0.01  0.01 -0.01  0.01 -0.01 -0.01  0.01  0.02 -0.    0.01 -0.01 -0.
  0.24  0.36  0.   -0.36 -0.24 -0.02 -0.04 -0.05  0.01  0.07  0.03  0.
  0.24  0.36 -0.   -0.36 -0.24  0.02 -0.03 -0.07 -0.01  0.05  0.04  0.01
  0.   -0.01 -0.02 -0.    0.02 -0.02  0.   -0.01  0.01  0.01 -0.01 -0.01
 -0.23 -0.    0.23  0.04 -0.01 -0.03 -0.23  0.    0.23  0.03  0.01 -0.04]
orbital number 32 energy -3.482903837402549
[ 0.05  0.03 -0.03  0.02  0.05  0.03 -0.03 -0.07  0.01 -0.03  0.02  0.06
  0.22  0.29 -0.04 -0.35 -0.19  0.03  0.12  0.15 -0.02 -0.19 -0.1   0.06
 -0.19 -0.35 -0.04  0.29  0.22  0.03 -0.1  -0.19 -0.02  0.15  0.12 -0.02
 -0.05 -0.02  0.01  0.02  0.01 -0.07  0.01 -0.03  0.03  0.03  0.03  0.03
 -0.22  0.03  0.19 -0.12  0.02  0.1   0.19  0.03 -0.22  0.1   0.02 -0.12]
orbital number 33 energy -3.481097966892065
[ 0.01  0.02 -0.   -0.   -0.01 -0.02  0.    0.02 -0.    0.01  0.   -0.02
 -0.04 -0.05  0.01  0.07  0.03 -0.   -0.24 -0.36  0.    0.37  0.24  0.02
 -0.03 -0.07 -0.01  0.05  0.04  0.   -0.24 -0.37 -0.    0.36  0.24  0.01
 -0.   -0.01 -0.01  0.    0.01 -0.02  0.   -0.01 -0.    0.01  0.   -0.01
  0.04 -0.01 -0.03  0.23 -0.   -0.23  0.03  0.01 -0.04  0.23  0.   -0.23]
orbital number 34 energy -3.477720160065486
[ 0.11  0.05 -0.07  0.06  0.11  0.05 -0.07 -0.17  0.02 -0.06  0.06  0.1
  0.1   0.06 -0.06 -0.16 -0.04  0.1  -0.17 -0.35 -0.06  0.25  0.22  0.1
 -0.04 -0.16 -0.06  0.06  0.1   0.1   0.22  0.25 -0.06 -0.35 -0.17 -0.04
 -0.12 -0.04  0.02  0.05  0.02 -0.17  0.02 -0.06  0.07  0.06  0.07  0.06
 -0.1   0.06  0.04  0.16  0.06 -0.22  0.04  0.06 -0.1  -0.22  0.06  0.16]
orbital number 35 energy -3.399564928615246
[-0.22 -0.15  0.11 -0.12  0.22  0.15 -0.11 -0.32  0.02 -0.13  0.12  0.18
  0.07 -0.07 -0.11 -0.1   0.04  0.17  0.04 -0.11 -0.11 -0.06  0.07 -0.18
 -0.04  0.1   0.11  0.07 -0.07 -0.17 -0.07  0.06  0.11  0.11 -0.04 -0.18
  0.    0.18  0.26 -0.   -0.26  0.32 -0.02  0.13 -0.1  -0.12  0.1   0.12
 -0.06  0.11 -0.04 -0.04  0.1  -0.07  0.04 -0.11  0.06  0.07 -0.1   0.04]
orbital number 36 energy -3.332691099186313
[-0.    0.01  0.01 -0.01  0.   -0.01 -0.01 -0.    0.    0.01  0.01 -0.3
 -0.09  0.15  0.19  0.13 -0.11  0.31  0.11 -0.14 -0.19 -0.15  0.1   0.32
  0.11 -0.13 -0.2  -0.16  0.1  -0.32 -0.1   0.15  0.2   0.14 -0.11 -0.
  0.    0.    0.   -0.   -0.    0.   -0.   -0.01 -0.01  0.01  0.01 -0.01
  0.09 -0.17  0.1  -0.1   0.18 -0.09 -0.11  0.18 -0.09  0.1  -0.19  0.1 ]
orbital number 37 energy -3.3326854616875248
[-0.    0.01  0.01 -0.01 -0.    0.01  0.01  0.   -0.   -0.01 -0.01  0.32
  0.1  -0.16 -0.2  -0.13  0.11 -0.32 -0.11  0.14  0.2   0.15 -0.1   0.3
  0.11 -0.13 -0.19 -0.15  0.09 -0.31 -0.1   0.15  0.19  0.14 -0.11  0.
  0.    0.   -0.   -0.   -0.    0.   -0.   -0.01 -0.01  0.01 -0.01  0.01
 -0.09  0.18 -0.11  0.1  -0.19  0.1  -0.1   0.17 -0.09  0.09 -0.18  0.1 ]
orbital number 38 energy 0.0
[ 0.16 -0.02 -0.15 -0.02 -0.16  0.02  0.15  0.01 -0.49  0.15  0.02  0.05
  0.15 -0.02 -0.14 -0.02  0.14  0.05  0.14 -0.02 -0.14 -0.02  0.14 -0.05
 -0.14  0.02  0.14  0.02 -0.15 -0.05 -0.14  0.02  0.14  0.02 -0.14 -0.02
 -0.    0.02 -0.1  -0.    0.1  -0.01  0.49 -0.15  0.08  0.08 -0.08 -0.08
 -0.08  0.07 -0.08 -0.08  0.07 -0.08  0.08 -0.07  0.08  0.08 -0.07  0.08]
orbital number 39 energy 0.00583113184727857
[-0.16  0.02  0.15  0.02 -0.16  0.02  0.15  0.02 -0.5   0.15  0.02  0.05
  0.15 -0.02 -0.14 -0.02  0.15  0.05  0.14 -0.02 -0.14 -0.02  0.14  0.05
  0.15 -0.02 -0.14 -0.02  0.15  0.05  0.14 -0.02 -0.14 -0.02  0.14 -0.01
  0.1  -0.01  0.    0.01  0.    0.02 -0.5   0.15 -0.08 -0.08 -0.08 -0.08
 -0.08  0.07 -0.08 -0.08  0.07 -0.08 -0.08  0.07 -0.08 -0.08  0.07 -0.08]
orbital number 40 energy 2.626394984663822
[ 0.22 -0.19 -0.06 -0.19 -0.22  0.19  0.06 -0.23  0.11  0.06  0.19  0.04
 -0.05 -0.01  0.06 -0.02 -0.05  0.04 -0.05 -0.02  0.06 -0.01 -0.05 -0.04
  0.05  0.02 -0.06  0.01  0.05 -0.04  0.05  0.01 -0.06  0.02  0.05 -0.34
 -0.    0.34 -0.41 -0.    0.41  0.23 -0.11 -0.06  0.02  0.03 -0.02 -0.03
  0.02 -0.03  0.02  0.02 -0.03  0.02 -0.02  0.03 -0.02 -0.02  0.03 -0.02]
orbital number 41 energy 2.864097179186814
[-0.24  0.17  0.08  0.18 -0.24  0.17  0.08 -0.23  0.09  0.08  0.18  0.05
 -0.05 -0.02  0.07 -0.02 -0.05  0.05 -0.05 -0.02  0.07 -0.02 -0.05  0.05
 -0.05 -0.02  0.07 -0.02 -0.05  0.05 -0.05 -0.02  0.07 -0.02 -0.05 -0.23
  0.51 -0.23 -0.16  0.36 -0.16 -0.23  0.09  0.08 -0.03 -0.03 -0.03 -0.03
  0.02 -0.03  0.02  0.02 -0.03  0.02  0.02 -0.03  0.02  0.02 -0.03  0.02]
orbital number 42 energy 3.5540958103396187
[ 0.01 -0.02  0.01  0.01  0.01 -0.02  0.01  0.01  0.   -0.02  0.01 -0.27
  0.15  0.13 -0.3   0.12  0.16  0.26 -0.16 -0.11  0.28 -0.13 -0.14 -0.27
  0.16  0.12 -0.3   0.13  0.15  0.26 -0.14 -0.13  0.28 -0.11 -0.16 -0.01
  0.01 -0.01 -0.01  0.02 -0.01  0.01  0.   -0.02 -0.    0.01 -0.    0.01
 -0.05  0.11 -0.06  0.06 -0.1   0.05 -0.06  0.11 -0.05  0.05 -0.1   0.06]
orbital number 43 energy 3.554147298938237
[ 0.   -0.01  0.01  0.01 -0.    0.01 -0.01 -0.   -0.    0.02 -0.01  0.27
 -0.15 -0.13  0.29 -0.12 -0.16 -0.27  0.16  0.11 -0.29  0.13  0.14 -0.27
  0.16  0.12 -0.29  0.13  0.15  0.27 -0.14 -0.13  0.29 -0.11 -0.16  0.
 -0.   -0.    0.   -0.   -0.    0.    0.   -0.02 -0.    0.01  0.   -0.01
  0.05 -0.11  0.06 -0.06  0.11 -0.05 -0.06  0.11 -0.05  0.05 -0.11  0.06]
orbital number 44 energy 3.5993193396194716
[ 0.24 -0.11 -0.11 -0.07  0.24 -0.11 -0.11  0.23  0.01 -0.16 -0.07 -0.11
  0.08  0.04 -0.12  0.07  0.05 -0.14  0.07  0.07 -0.15  0.06  0.09 -0.11
  0.05  0.07 -0.12  0.04  0.08 -0.14  0.09  0.06 -0.15  0.07  0.07 -0.15
  0.26 -0.15 -0.25  0.43 -0.25  0.23  0.01 -0.16  0.04  0.06  0.04  0.06
 -0.03  0.05 -0.02 -0.02  0.05 -0.03 -0.02  0.05 -0.03 -0.03  0.05 -0.02]
orbital number 45 energy 3.662813226201
[-0.01 -0.32  0.37  0.32  0.01  0.32 -0.37  0.01  0.    0.35 -0.32 -0.02
  0.02  0.   -0.02  0.01  0.    0.01 -0.   -0.    0.01 -0.   -0.    0.02
 -0.   -0.01  0.02 -0.   -0.02 -0.01  0.    0.   -0.01  0.    0.   -0.01
  0.    0.01 -0.    0.    0.   -0.01 -0.   -0.35 -0.13  0.13  0.13 -0.13
 -0.01  0.01 -0.    0.   -0.    0.    0.   -0.01  0.01 -0.    0.   -0.  ]
orbital number 46 energy 3.663159698281963
[-0.01 -0.32  0.37  0.32 -0.01 -0.32  0.37 -0.01 -0.   -0.35  0.32  0.02
 -0.02 -0.    0.02 -0.02 -0.   -0.    0.    0.   -0.    0.    0.    0.02
 -0.   -0.02  0.02 -0.   -0.02 -0.    0.    0.   -0.    0.    0.    0.01
 -0.02  0.01  0.02 -0.03  0.02 -0.01 -0.   -0.35 -0.13  0.13 -0.13  0.13
  0.01 -0.01  0.   -0.    0.   -0.    0.   -0.01  0.01 -0.    0.   -0.  ]
orbital number 47 energy 3.678441184893326
[-0.    0.01 -0.   -0.01  0.   -0.01  0.    0.    0.   -0.01  0.01 -0.01
  0.36 -0.31 -0.01  0.32 -0.36 -0.   -0.04  0.04 -0.   -0.04  0.04  0.01
  0.36 -0.32  0.01  0.31 -0.36  0.   -0.04  0.04  0.   -0.04  0.04 -0.01
  0.    0.01 -0.01  0.    0.01 -0.   -0.    0.01  0.   -0.   -0.    0.
 -0.13  0.    0.13  0.01  0.   -0.02 -0.13 -0.    0.13  0.02 -0.   -0.01]
orbital number 48 energy 3.67865785956164
[-0.01 -0.    0.01  0.01 -0.01 -0.    0.01 -0.01 -0.   -0.    0.01  0.
  0.36 -0.32  0.    0.32 -0.36  0.01 -0.03  0.02  0.01 -0.03  0.02  0.
 -0.36  0.32  0.   -0.32  0.36  0.01  0.02 -0.03  0.01  0.02 -0.03  0.01
 -0.01  0.01  0.01 -0.02  0.01 -0.01 -0.   -0.   -0.    0.   -0.    0.
 -0.13 -0.    0.13  0.01 -0.   -0.01  0.13 -0.   -0.13 -0.01 -0.    0.01]
orbital number 49 energy 3.681754925042253
[-0.   -0.    0.    0.    0.    0.   -0.    0.    0.   -0.   -0.    0.01
 -0.05  0.03  0.01 -0.04  0.04 -0.01 -0.35  0.32 -0.01 -0.31  0.36 -0.01
 -0.04  0.04 -0.01 -0.03  0.05  0.01 -0.36  0.31  0.01 -0.32  0.35 -0.
 -0.    0.   -0.   -0.    0.   -0.   -0.    0.   -0.   -0.    0.    0.
  0.02 -0.   -0.01  0.13  0.   -0.13  0.01  0.   -0.02  0.13 -0.   -0.13]
orbital number 50 energy 3.6818332179174416
[-0.01  0.    0.    0.   -0.01  0.    0.   -0.01 -0.    0.    0.    0.01
 -0.03  0.02  0.01 -0.03  0.02 -0.   -0.36  0.32 -0.01 -0.32  0.36  0.01
  0.02 -0.03  0.01  0.02 -0.03 -0.    0.36 -0.32 -0.01  0.32 -0.36  0.
 -0.01  0.    0.01 -0.01  0.01 -0.01 -0.    0.   -0.   -0.   -0.   -0.
  0.01 -0.   -0.01  0.13  0.   -0.13 -0.01 -0.    0.01 -0.13  0.    0.13]
orbital number 51 energy 3.814375794994037
[ 0.18 -0.04 -0.13 -0.02 -0.18  0.04  0.13 -0.18 -0.1   0.16  0.02  0.2
 -0.08 -0.11  0.21 -0.09 -0.1   0.2  -0.1  -0.1   0.22 -0.11 -0.09 -0.2
  0.1   0.09 -0.21  0.11  0.08 -0.2   0.09  0.11 -0.22  0.1   0.1   0.26
  0.   -0.26  0.22  0.   -0.22  0.18  0.1  -0.16  0.05  0.06 -0.05 -0.06
  0.03 -0.07  0.03  0.03 -0.08  0.03 -0.03  0.07 -0.03 -0.03  0.08 -0.03]
orbital number 52 energy 4.154486258260833
[-0.18  0.12  0.02  0.12 -0.18  0.12  0.02 -0.15  0.26  0.02  0.12 -0.21
  0.07  0.13 -0.24  0.13  0.07 -0.21  0.07  0.13 -0.24  0.13  0.07 -0.21
  0.07  0.13 -0.24  0.13  0.07 -0.21  0.07  0.13 -0.24  0.13  0.07  0.01
 -0.02  0.01  0.13 -0.18  0.13 -0.15  0.26  0.02 -0.01 -0.01 -0.01 -0.01
 -0.02  0.08 -0.02 -0.02  0.08 -0.02 -0.02  0.08 -0.02 -0.02  0.08 -0.02]
orbital number 53 energy 4.314718032089181
[ 0.27 -0.11 -0.11 -0.11 -0.27  0.11  0.11 -0.25  0.24  0.11  0.11 -0.16
  0.04  0.11 -0.18  0.11  0.04 -0.16  0.04  0.11 -0.18  0.11  0.04  0.16
 -0.04 -0.11  0.18 -0.11 -0.04  0.16 -0.04 -0.11  0.18 -0.11 -0.04  0.23
 -0.   -0.23  0.16  0.   -0.16  0.25 -0.24 -0.11  0.03  0.03 -0.03 -0.03
 -0.01  0.06 -0.01 -0.01  0.06 -0.01  0.01 -0.06  0.01  0.01 -0.06  0.01]
orbital number 54 energy 5.600958077708072
[-0.06  0.15 -0.22  0.15 -0.06  0.15 -0.22  0.24 -0.07 -0.22  0.15 -0.01
  0.03 -0.05  0.06 -0.05  0.03 -0.01  0.03 -0.05  0.05 -0.05  0.03 -0.01
  0.03 -0.05  0.06 -0.05  0.03 -0.01  0.03 -0.05  0.05 -0.05  0.03 -0.28
  0.28 -0.28  0.3  -0.31  0.3   0.24 -0.07 -0.22  0.06  0.06  0.06  0.06
 -0.01 -0.02 -0.01 -0.01 -0.02 -0.01 -0.01 -0.02 -0.01 -0.01 -0.02 -0.01]
orbital number 55 energy 6.018479830745366
[ 0.21 -0.2   0.19 -0.2  -0.21  0.2  -0.19  0.18 -0.   -0.19  0.2  -0.19
  0.2  -0.2   0.21 -0.2   0.2   0.01 -0.01  0.01 -0.01  0.01 -0.01  0.19
 -0.2   0.2  -0.21  0.2  -0.2  -0.01  0.01 -0.01  0.01 -0.01  0.01  0.08
  0.   -0.08  0.04 -0.   -0.04 -0.18  0.    0.19 -0.05 -0.05  0.05  0.05
 -0.06 -0.06 -0.06  0.    0.    0.    0.06  0.06  0.06 -0.   -0.   -0.  ]
orbital number 56 energy 6.020903065681066
[-0.    0.   -0.    0.   -0.    0.   -0.   -0.    0.    0.    0.   -0.19
  0.2  -0.2   0.21 -0.2   0.2   0.18 -0.2   0.2  -0.21  0.2  -0.2  -0.19
  0.2  -0.2   0.21 -0.2   0.2   0.18 -0.2   0.2  -0.21  0.2  -0.2   0.
 -0.    0.   -0.    0.   -0.   -0.    0.    0.    0.   -0.    0.   -0.
 -0.06 -0.06 -0.06  0.05  0.06  0.06 -0.06 -0.06 -0.06  0.06  0.06  0.05]
orbital number 57 energy 6.02189770821743
[-0.14  0.13 -0.12  0.13  0.14 -0.13  0.12 -0.11  0.    0.12 -0.13 -0.1
  0.11 -0.11  0.12 -0.11  0.11  0.21 -0.23  0.23 -0.24  0.23 -0.23  0.1
 -0.11  0.11 -0.12  0.11 -0.11 -0.21  0.23 -0.23  0.24 -0.23  0.23 -0.05
  0.    0.05 -0.03 -0.    0.03  0.11 -0.   -0.12  0.03  0.03 -0.03 -0.03
 -0.03 -0.03 -0.03  0.06  0.07  0.06  0.03  0.03  0.03 -0.06 -0.07 -0.06]
orbital number 58 energy 6.15902552480292
[ 0.12 -0.07  0.04 -0.07  0.12 -0.07  0.04 -0.   -0.11  0.04 -0.07  0.19
 -0.18  0.17 -0.17  0.17 -0.18  0.2  -0.19  0.17 -0.18  0.17 -0.19  0.19
 -0.18  0.17 -0.17  0.17 -0.18  0.2  -0.19  0.17 -0.18  0.17 -0.19 -0.16
  0.15 -0.16  0.13 -0.12  0.13 -0.   -0.11  0.04 -0.01 -0.01 -0.01 -0.01
  0.05  0.05  0.05  0.05  0.05  0.05  0.05  0.05  0.05  0.05  0.05  0.05]
orbital number 59 energy 6.242151558985907
[-0.14  0.14 -0.16  0.14  0.14 -0.14  0.16 -0.18  0.16  0.16 -0.14 -0.19
  0.16 -0.14  0.15 -0.15  0.16 -0.19  0.17 -0.15  0.15 -0.15  0.17  0.19
 -0.16  0.15 -0.15  0.14 -0.16  0.19 -0.17  0.15 -0.15  0.15 -0.17 -0.05
  0.    0.05 -0.02 -0.    0.02  0.18 -0.16 -0.16  0.04  0.04 -0.04 -0.04
 -0.04 -0.04 -0.04 -0.04 -0.04 -0.05  0.04  0.04  0.04  0.05  0.04  0.04]
orbital number 60 energy 6.3478920613381815
[ 0.26 -0.21  0.19 -0.21  0.26 -0.21  0.19 -0.19  0.11  0.19 -0.21 -0.1
  0.08 -0.06  0.06 -0.06  0.08 -0.1   0.08 -0.06  0.06 -0.06  0.08 -0.1
  0.08 -0.06  0.06 -0.06  0.08 -0.1   0.08 -0.06  0.06 -0.06  0.08 -0.26
  0.23 -0.26  0.19 -0.17  0.19 -0.19  0.11  0.19 -0.05 -0.05 -0.05 -0.05
 -0.02 -0.02 -0.02 -0.02 -0.02 -0.02 -0.02 -0.02 -0.02 -0.02 -0.02 -0.02]

Orbital occupation numbers:
1: 2.000000
2: 2.000000
3: 2.000000
4: 2.000000
5: 2.000000
6: 2.000000
7: 2.000000
8: 2.000000
9: 2.000000
10: 2.000000
11: 2.000000
12: 2.000000
13: 2.000000
14: 2.000000
15: 2.000000
16: 2.000000
17: 2.000000
18: 2.000000
19: 2.000000
20: 2.000000
21: 2.000000
22: 2.000000
23: 2.000000
24: 2.000000
25: 2.000000
26: 2.000000
27: 2.000000
28: 2.000000
29: 2.000000
30: 2.000000
31: 2.000000
32: 2.000000
33: 2.000000
34: 2.000000
35: 2.000000
36: 2.000000
37: 2.000000
38: 1.000000
39: 1.000000
40: -0.000000
41: 0.000000
42: 0.000000
43: 0.000000
44: 0.000000
45: 0.000000
46: 0.000000
47: 0.000000
48: 0.000000
49: 0.000000
50: 0.000000
51: 0.000000
52: -0.000000
53: 0.000000
54: 0.000000
55: 0.000000
56: 0.000000
57: -0.000000
58: 0.000000
59: 0.000000
60: 0.000000

------------------------
Starting ExROPPP calculation for diradical in rotated basis
------------------------

Coulomb Matrix in MO basis, J_ij = (ii|jj):
 [[1.83362721 1.83712423 1.84328077 ... 1.64950939 1.66124277 1.41815314]
 [1.83712423 1.84084964 1.8480797  ... 1.65113622 1.66026312 1.40747516]
 [1.84328077 1.8480797  1.92470261 ... 1.64950207 1.63692556 1.35424167]
 ...
 [1.64950939 1.65113622 1.64950207 ... 1.57372006 1.55174637 1.4536391 ]
 [1.66124277 1.66026312 1.63692556 ... 1.55174637 1.62884302 1.53615326]
 [1.41815314 1.40747516 1.35424167 ... 1.4536391  1.53615326 2.1550424 ]]
Coulomb Matrix in MO basis, K_ij = (ij|ji):
 [[1.83362721 0.99352044 0.40596589 ... 0.07337217 0.06387839 0.0198486 ]
 [0.99352044 1.84084964 0.4289108  ... 0.07396963 0.06404658 0.01840456]
 [0.40596589 0.4289108  1.92470261 ... 0.07655845 0.06127739 0.01239637]
 ...
 [0.07337217 0.07396963 0.07655845 ... 1.57372006 0.58629272 0.2966375 ]
 [0.06387839 0.06404658 0.06127739 ... 0.58629272 1.62884302 0.48545876]
 [0.0198486  0.01840456 0.01239637 ... 0.2966375  0.48545876 2.1550424 ]]
Dimensions of CI matrix: (6708, 6708)
Checking that the Hamiltonian is symmetric (a value of zero means matrix is symmetric) ... 
Frobenius norm of matrix - matrix transpose = 0.000000.

Lowest 30 states. WARNING - Some states may not be included in the spectrum.

Diagonalizing Hamiltonian using the sparse matrix method ...

Calculating dipole moments ...

Permanent dipole moment of reference states:
             Open-Shell Singlet (|OS1>) = -0.000 x 0.000 y -1.030 z
             Zwitterion - (|ZW->) = -0.000 x 0.000 y -1.030 z
             Zwitterion + (|ZW+>) = -0.000 x 0.000 y -1.030 z
             Open-Shell Triplet (|OS3>) = -0.000 x 0.000 y -1.030 z

Checking that the Dipole matrix is symmetric (a value of zero means matrix is symmetric) ... 
Frobenius norm of matrix - matrix transpose = 0.00000             0.00000, 0.00000.

Energy of the lowest CI state: -279.96918132403414

State 0 0.000 eV 
Excitation    CI Coef
|1^ZW->    0.92878
|1^CS(17->0)>   -0.07992
|1^CS(13->0)>    0.06574
|1^CS(12->0)>   -0.09675
|1^CS(18->0')>   -0.08417
|1^CS(14->0')>    0.06213
|1^CS(11->0')>   -0.10390
|1^SV(0->2')>    0.05758
|1^SV(0->13')>    0.10880
|1^SV(0'->1')>    0.07657
|1^SV(0'->14')>    0.09565
|1T^CV(18->13')>    0.05758
|1T^CV(17->14')>    0.05171
|1T^CV(13->14')>   -0.05209
|1T^CV(12->14')>    0.06236
|1T^CV(11->13')>    0.07160
Ground state is singlet
TDMs with Triplet 'Ground' state
TDMX:-0.000   TDMY:0.000   TDMZ:-0.000   Oscillator Strength:-0.00000   <S**2>: 0.000
--------------------------------------------------------------------
TDMs with Singlet 'Ground' state
TDMX:-0.159   TDMY:0.121   TDMZ:-2.374   Oscillator Strength:0.00000   <S**2>: 0.000
--------------------------------------------------------------------


State 1 0.091 eV 
Excitation    CI Coef
|3^OS>    0.93340
|3^CS(18->0)>   -0.08201
|3^CS(14->0)>    0.06231
|3^CS(11->0)>   -0.10320
|3^CS(17->0')>   -0.07141
|3^CS(13->0')>    0.06071
|3^CS(12->0')>   -0.08799
|3^SV(0->1')>   -0.07939
|3^SV(0->12')>    0.05190
|3^SV(0->14')>   -0.10225
|3^SV(0'->2')>    0.05970
|3^SV(0'->13')>    0.11613
|3X^CV(18->14')>    0.05008
|3X^CV(17->13')>    0.05165
|3X^CV(12->13')>    0.06383
|3X^CV(11->14')>    0.05560
TDMs with Triplet 'Ground' state
TDMX:0.000   TDMY:-0.002   TDMZ:-2.134   Oscillator Strength:0.00000   <S**2>: 2.000
--------------------------------------------------------------------
TDMs with Singlet 'Ground' state
TDMX:-0.000   TDMY:0.000   TDMZ:-0.000   Oscillator Strength:0.00000   <S**2>: 2.000
--------------------------------------------------------------------


State 2 2.408 eV 
Excitation    CI Coef
|1^OS>   -0.05668
|1^CS(14->0)>   -0.08355
|1^CS(11->0)>    0.05796
|1^CS(3->0)>    0.30849
|1^CS(13->0')>   -0.08368
|1^CS(12->0')>    0.06593
|1^CS(8->0')>   -0.22186
|1^CS(6->0')>    0.06190
|1^CS(4->0')>    0.13946
|1^SV(0->1')>   -0.43890
|1^SV(0->12')>   -0.17017
|1^SV(0->14')>   -0.09355
|1^SV(0'->2')>   -0.34489
|1^SV(0'->5')>    0.21926
|1^SV(0'->15')>    0.05050
|1T^CV(21->15')>    0.05633
|1T^CV(20->14')>    0.06435
|1T^CV(20->16')>    0.05060
|1T^CV(19->5')>   -0.05501
|1T^CV(19->13')>    0.05072
|1T^CV(19->15')>    0.06514
|1T^CV(17->5')>   -0.05148
|1T^CV(14->12')>   -0.10422
|1T^CV(14->14')>   -0.05815
|1T^CV(13->5')>    0.13212
|1T^CV(12->2')>    0.18622
|1T^CV(11->1')>    0.20516
|1T^CV(11->14')>   -0.05499
|1T^CV(10->6')>   -0.16769
|1T^CV(9->7')>    0.16722
|1T^CV(8->2')>   -0.15829
|1T^CV(8->13')>   -0.08136
|1T^CV(7->8')>    0.06027
|1T^CV(6->9')>    0.05038
|1T^CV(5->10')>    0.05797
|1T^CV(4->2')>    0.10093
|1T^CV(4->13')>    0.05240
|1T^CV(3->1')>    0.28019
|1T^CV(3->14')>    0.08748
|1T^CV(2->4')>    0.09167
|1T^CV(1->3')>    0.09156
TDMs with Triplet 'Ground' state
TDMX:-0.000   TDMY:0.000   TDMZ:-0.000   Oscillator Strength:0.00000   <S**2>: 0.000
--------------------------------------------------------------------
TDMs with Singlet 'Ground' state
TDMX:-0.018   TDMY:1.269   TDMZ:-0.571   Oscillator Strength:0.11425   <S**2>: 0.000
--------------------------------------------------------------------


State 3 2.451 eV 
Excitation    CI Coef
|1^CS(13->0)>    0.10874
|1^CS(8->0)>    0.25477
|1^CS(6->0)>   -0.07314
|1^CS(4->0)>   -0.16528
|1^CS(14->0')>    0.11393
|1^CS(3->0')>   -0.30752
|1^SV(0->2')>    0.36501
|1^SV(0->5')>   -0.26433
|1^SV(0->15')>   -0.06522
|1^SV(0'->1')>    0.41464
|1^SV(0'->12')>    0.22550
|1^SV(0'->14')>    0.10883
|1T^CV(20->2')>   -0.06590
|1T^CV(20->21')>    0.05415
|1T^CV(19->1')>   -0.05736
|1T^CV(19->16')>   -0.05645
|1T^CV(18->2')>   -0.05020
|1T^CV(17->1')>   -0.06194
|1T^CV(14->2')>    0.06764
|1T^CV(14->5')>   -0.08009
|1T^CV(13->1')>    0.07386
|1T^CV(13->12')>    0.07305
|1T^CV(12->1')>   -0.10698
|1T^CV(11->2')>   -0.07460
|1T^CV(10->7')>   -0.19174
|1T^CV(9->6')>    0.19187
|1T^CV(8->1')>    0.13432
|1T^CV(8->14')>    0.11175
|1T^CV(7->9')>   -0.06632
|1T^CV(6->8')>   -0.05353
|1T^CV(5->11')>   -0.06169
|1T^CV(4->1')>   -0.08744
|1T^CV(4->14')>   -0.07245
|1T^CV(3->2')>   -0.16758
|1T^CV(3->5')>    0.09659
|1T^CV(3->13')>   -0.11319
|1T^CV(2->3')>    0.10289
|1T^CV(1->4')>    0.10297
|1^SVD_(1',1')>    0.05206
TDMs with Triplet 'Ground' state
TDMX:-0.000   TDMY:0.000   TDMZ:-0.000   Oscillator Strength:0.00000   <S**2>: 0.000
--------------------------------------------------------------------
TDMs with Singlet 'Ground' state
TDMX:-0.042   TDMY:0.792   TDMZ:-1.153   Oscillator Strength:0.11757   <S**2>: 0.000
--------------------------------------------------------------------


State 4 2.461 eV 
Excitation    CI Coef
|3^CS(14->0)>   -0.06485
|3^CS(11->0)>    0.05874
|3^CS(3->0)>    0.26850
|3^CS(12->0')>    0.06576
|3^CS(8->0')>   -0.18614
|3^CS(4->0')>    0.11670
|3^SV(0->1')>    0.44532
|3^SV(0->12')>    0.14559
|3^SV(0->14')>    0.10587
|3^SV(0'->2')>   -0.36055
|3^SV(0'->5')>    0.20891
|3^SV(0'->13')>   -0.05800
|3X^CV(21->15')>    0.06062
|3X^CV(20->14')>    0.06596
|3X^CV(20->16')>    0.05154
|3X^CV(19->5')>   -0.05761
|3X^CV(19->13')>    0.05106
|3X^CV(19->15')>    0.06807
|3X^CV(17->5')>   -0.05237
|3X^CV(14->12')>   -0.10427
|3X^CV(14->14')>   -0.06976
|3X^CV(13->5')>    0.13909
|3X^CV(12->2')>    0.20481
|3X^CV(11->1')>    0.21818
|3X^CV(10->6')>   -0.18130
|3X^CV(9->7')>    0.18076
|3X^CV(8->2')>   -0.17633
|3X^CV(8->5')>    0.05198
|3X^CV(8->13')>   -0.08023
|3X^CV(4->2')>    0.11245
|3X^CV(4->13')>    0.05158
|3X^CV(3->1')>    0.30713
|3X^CV(3->14')>    0.08928
|3X^CV(2->4')>    0.06965
|3X^CV(1->3')>    0.06964
|3^SVD(1,2)>   -0.06518
TDMs with Triplet 'Ground' state
TDMX:0.001   TDMY:0.001   TDMZ:0.165   Oscillator Strength:0.00158   <S**2>: 2.000
--------------------------------------------------------------------
TDMs with Singlet 'Ground' state
TDMX:-0.000   TDMY:0.000   TDMZ:-0.000   Oscillator Strength:0.00000   <S**2>: 2.000
--------------------------------------------------------------------


State 5 2.567 eV 
Excitation    CI Coef
|1^CS(16->0)>    0.05827
|1^CS(2->0)>    0.37813
|1^CS(15->0')>   -0.05858
|1^CS(1->0')>   -0.37898
|1^SV(0->4')>    0.40050
|1^SV(0'->3')>   -0.40046
|1T^CV(17->17')>    0.05929
|1T^CV(16->20')>    0.05994
|1T^CV(15->19')>    0.06830
|1T^CV(14->4')>    0.05435
|1T^CV(13->3')>   -0.05910
|1T^CV(12->3')>    0.11276
|1T^CV(11->4')>   -0.13640
|1T^CV(8->3')>    0.14367
|1T^CV(8->9')>   -0.06633
|1T^CV(8->11')>    0.06710
|1T^CV(7->8')>   -0.16770
|1T^CV(6->9')>   -0.15556
|1T^CV(6->11')>   -0.06684
|1T^CV(5->10')>    0.16685
|1T^CV(4->3')>   -0.08245
|1T^CV(4->11')>    0.14595
|1T^CV(3->4')>    0.15309
|1T^CV(2->1')>   -0.08195
|1T^CV(2->12')>   -0.18227
|1T^CV(2->14')>    0.12560
|1T^CV(1->2')>    0.08176
|1T^CV(1->5')>   -0.12727
|1T^CV(1->13')>   -0.17898
TDMs with Triplet 'Ground' state
TDMX:0.000   TDMY:-0.000   TDMZ:0.000   Oscillator Strength:0.00000   <S**2>: 0.000
--------------------------------------------------------------------
TDMs with Singlet 'Ground' state
TDMX:1.452   TDMY:0.007   TDMZ:0.082   Oscillator Strength:0.13306   <S**2>: 0.000
--------------------------------------------------------------------


State 6 2.571 eV 
Excitation    CI Coef
|1^CS(15->0)>   -0.05825
|1^CS(1->0)>   -0.37693
|1^CS(16->0')>    0.05855
|1^CS(2->0')>    0.37780
|1^SV(0->3')>   -0.39979
|1^SV(0'->4')>    0.40051
|1T^CV(18->17')>    0.05723
|1T^CV(16->19')>   -0.06848
|1T^CV(15->20')>   -0.06009
|1T^CV(14->3')>   -0.05432
|1T^CV(13->4')>    0.05927
|1T^CV(12->4')>   -0.11302
|1T^CV(11->3')>    0.13656
|1T^CV(8->4')>   -0.14386
|1T^CV(8->8')>   -0.06361
|1T^CV(8->10')>    0.06986
|1T^CV(7->9')>   -0.16953
|1T^CV(6->8')>   -0.15897
|1T^CV(6->10')>   -0.06101
|1T^CV(5->11')>    0.16942
|1T^CV(4->4')>    0.08305
|1T^CV(4->10')>    0.14843
|1T^CV(3->3')>   -0.15345
|1T^CV(2->2')>   -0.08194
|1T^CV(2->5')>    0.12760
|1T^CV(2->13')>    0.17933
|1T^CV(1->1')>    0.08213
|1T^CV(1->12')>    0.18264
|1T^CV(1->14')>   -0.12583
TDMs with Triplet 'Ground' state
TDMX:-0.000   TDMY:0.000   TDMZ:-0.000   Oscillator Strength:0.00000   <S**2>: 0.000
--------------------------------------------------------------------
TDMs with Singlet 'Ground' state
TDMX:-0.715   TDMY:-0.056   TDMZ:-0.187   Oscillator Strength:0.03459   <S**2>: 0.000
--------------------------------------------------------------------


State 7 2.578 eV 
Excitation    CI Coef
|3^CS(13->0)>    0.09838
|3^CS(12->0)>   -0.05277
|3^CS(8->0)>    0.21216
|3^CS(6->0)>   -0.06395
|3^CS(4->0)>   -0.13859
|3^CS(14->0')>    0.07003
|3^CS(3->0')>   -0.25170
|3^SV(0->2')>   -0.38136
|3^SV(0->5')>    0.25944
|3^SV(0->13')>   -0.05262
|3^SV(0->15')>    0.06906
|3^SV(0'->1')>    0.44207
|3^SV(0'->12')>    0.21031
|3^SV(0'->14')>    0.13129
|3X^CV(20->2')>   -0.06665
|3X^CV(20->21')>    0.05390
|3X^CV(19->1')>   -0.05839
|3X^CV(19->16')>   -0.05710
|3X^CV(18->2')>   -0.05066
|3X^CV(17->1')>   -0.06216
|3X^CV(14->2')>    0.06921
|3X^CV(14->5')>   -0.08334
|3X^CV(13->1')>    0.07833
|3X^CV(13->12')>    0.07590
|3X^CV(12->1')>   -0.11251
|3X^CV(12->12')>   -0.05082
|3X^CV(11->2')>   -0.08008
|3X^CV(10->7')>   -0.20727
|3X^CV(9->6')>    0.20741
|3X^CV(8->1')>    0.14846
|3X^CV(8->14')>    0.12071
|3X^CV(7->9')>   -0.07400
|3X^CV(6->8')>   -0.05989
|3X^CV(5->11')>   -0.06971
|3X^CV(4->1')>   -0.09632
|3X^CV(4->10')>   -0.05325
|3X^CV(4->14')>   -0.07802
|3X^CV(3->2')>   -0.18238
|3X^CV(3->5')>    0.09906
|3X^CV(3->13')>   -0.12415
|3X^CV(2->3')>    0.10791
|3X^CV(1->4')>    0.10791
TDMs with Triplet 'Ground' state
TDMX:-0.003   TDMY:0.595   TDMZ:0.002   Oscillator Strength:0.02158   <S**2>: 2.000
--------------------------------------------------------------------
TDMs with Singlet 'Ground' state
TDMX:0.000   TDMY:0.000   TDMZ:0.000   Oscillator Strength:0.00000   <S**2>: 2.000
--------------------------------------------------------------------


State 8 2.674 eV 
Excitation    CI Coef
|3^CS(1->0)>   -0.35957
|3^CS(2->0')>    0.35978
|3^SV(0->3')>    0.38444
|3^SV(0'->4')>    0.38418
|3X^CV(18->17')>    0.06037
|3X^CV(17->18')>    0.05275
|3X^CV(16->19')>   -0.07110
|3X^CV(15->20')>   -0.06190
|3X^CV(14->3')>   -0.05964
|3X^CV(13->4')>    0.06498
|3X^CV(12->4')>   -0.12299
|3X^CV(11->3')>    0.14814
|3X^CV(8->4')>   -0.15258
|3X^CV(8->8')>   -0.06944
|3X^CV(8->10')>    0.07652
|3X^CV(7->9')>   -0.18495
|3X^CV(6->8')>   -0.17351
|3X^CV(6->10')>   -0.06692
|3X^CV(5->11')>    0.18533
|3X^CV(4->4')>    0.08732
|3X^CV(4->10')>    0.16217
|3X^CV(3->3')>   -0.16130
|3X^CV(2->2')>   -0.08391
|3X^CV(2->5')>    0.13580
|3X^CV(2->13')>    0.19520
|3X^CV(1->1')>    0.08247
|3X^CV(1->12')>    0.19564
|3X^CV(1->14')>   -0.13721
TDMs with Triplet 'Ground' state
TDMX:0.097   TDMY:-0.004   TDMZ:-0.003   Oscillator Strength:0.00060   <S**2>: 2.000
--------------------------------------------------------------------
TDMs with Singlet 'Ground' state
TDMX:-0.000   TDMY:-0.000   TDMZ:0.000   Oscillator Strength:0.00000   <S**2>: 2.000
--------------------------------------------------------------------


State 9 2.677 eV 
Excitation    CI Coef
|3^CS(2->0)>    0.35800
|3^CS(1->0')>   -0.35831
|3^SV(0->4')>   -0.38460
|3^SV(0'->3')>   -0.38367
|3X^CV(18->18')>    0.05089
|3X^CV(17->17')>    0.06280
|3X^CV(16->20')>    0.06205
|3X^CV(15->19')>    0.07129
|3X^CV(14->4')>    0.05984
|3X^CV(13->3')>   -0.06498
|3X^CV(12->3')>    0.12315
|3X^CV(11->4')>   -0.14858
|3X^CV(8->3')>    0.15233
|3X^CV(8->9')>   -0.07336
|3X^CV(8->11')>    0.07300
|3X^CV(7->8')>   -0.18575
|3X^CV(7->10')>    0.05183
|3X^CV(6->9')>   -0.17232
|3X^CV(6->11')>   -0.07296
|3X^CV(5->8')>    0.05275
|3X^CV(5->10')>    0.18256
|3X^CV(4->3')>   -0.08792
|3X^CV(4->11')>    0.16001
|3X^CV(3->4')>    0.16179
|3X^CV(2->1')>   -0.08267
|3X^CV(2->12')>   -0.19601
|3X^CV(2->14')>    0.13742
|3X^CV(1->2')>    0.08421
|3X^CV(1->5')>   -0.13604
|3X^CV(1->13')>   -0.19555
TDMs with Triplet 'Ground' state
TDMX:0.005   TDMY:0.010   TDMZ:-0.003   Oscillator Strength:0.00001   <S**2>: 2.000
--------------------------------------------------------------------
TDMs with Singlet 'Ground' state
TDMX:0.000   TDMY:0.000   TDMZ:0.000   Oscillator Strength:0.00000   <S**2>: 2.000
--------------------------------------------------------------------


State 10 2.766 eV 
Excitation    CI Coef
|1^ZW->    0.10178
|1^ZW+>    0.05229
|1^CS(17->0)>    0.15913
|1^CS(13->0)>   -0.12939
|1^CS(12->0)>    0.22139
|1^CS(8->0)>    0.11653
|1^CS(4->0)>   -0.06816
|1^CS(18->0')>    0.15605
|1^CS(14->0')>   -0.11306
|1^CS(11->0')>    0.23188
|1^CS(3->0')>   -0.10994
|1^SV(0->2')>   -0.06402
|1^SV(0->5')>   -0.10167
|1^SV(0->13')>   -0.36567
|1^SV(0->19')>    0.07098
|1^SV(0->21')>   -0.05176
|1^SV(0'->1')>   -0.11550
|1^SV(0'->12')>    0.23600
|1^SV(0'->14')>   -0.30623
|1^SV(0'->20')>   -0.08949
|1T^CV(16->17')>    0.07747
|1T^CV(15->18')>   -0.06585
|1T^CV(12->12')>   -0.06555
|1T^CV(12->14')>    0.05616
|1T^CV(11->5')>    0.05812
|1T^CV(11->13')>    0.08579
|1T^CV(10->7')>    0.07953
|1T^CV(9->6')>   -0.07926
|1T^CV(8->1')>   -0.11262
|1T^CV(8->8')>   -0.07484
|1T^CV(8->10')>   -0.05406
|1T^CV(8->12')>   -0.12245
|1T^CV(7->9')>   -0.17009
|1T^CV(6->8')>   -0.13749
|1T^CV(6->10')>    0.09638
|1T^CV(5->11')>   -0.17446
|1T^CV(4->1')>    0.07370
|1T^CV(4->8')>   -0.06871
|1T^CV(4->10')>   -0.13613
|1T^CV(4->12')>    0.07203
|1T^CV(3->2')>    0.13095
|1T^CV(3->5')>   -0.12207
|1T^CV(3->13')>   -0.06492
|1T^CV(2->3')>    0.26922
|1T^CV(1->4')>    0.26946
TDMs with Triplet 'Ground' state
TDMX:0.000   TDMY:0.000   TDMZ:0.000   Oscillator Strength:0.00000   <S**2>: 0.000
--------------------------------------------------------------------
TDMs with Singlet 'Ground' state
TDMX:0.158   TDMY:0.070   TDMZ:0.633   Oscillator Strength:0.02917   <S**2>: 0.000
--------------------------------------------------------------------


State 11 2.780 eV 
Excitation    CI Coef
|1^OS>   -0.07774
|1^CS(18->0)>    0.14342
|1^CS(14->0)>   -0.05133
|1^CS(11->0)>    0.28715
|1^CS(3->0)>   -0.13033
|1^CS(17->0')>    0.13973
|1^CS(13->0')>   -0.07215
|1^CS(12->0')>    0.21216
|1^CS(8->0')>    0.16841
|1^CS(4->0')>   -0.10405
|1^SV(0->1')>   -0.11216
|1^SV(0->12')>    0.29973
|1^SV(0->14')>   -0.24265
|1^SV(0->20')>   -0.07910
|1^SV(0'->5')>   -0.16490
|1^SV(0'->13')>   -0.32889
|1^SV(0'->19')>    0.06615
|1T^CV(21->15')>    0.05068
|1T^CV(16->18')>    0.06185
|1T^CV(15->17')>   -0.07279
|1T^CV(14->1')>    0.09394
|1T^CV(14->14')>   -0.05213
|1T^CV(13->2')>    0.09577
|1T^CV(13->13')>   -0.05227
|1T^CV(12->2')>    0.08400
|1T^CV(12->5')>    0.11581
|1T^CV(11->1')>    0.11269
|1T^CV(11->12')>   -0.13924
|1T^CV(8->2')>   -0.10756
|1T^CV(8->9')>   -0.07223
|1T^CV(8->11')>   -0.05631
|1T^CV(8->13')>    0.07783
|1T^CV(7->8')>   -0.15858
|1T^CV(6->9')>   -0.12997
|1T^CV(6->11')>    0.08531
|1T^CV(5->10')>   -0.16256
|1T^CV(4->2')>    0.06862
|1T^CV(4->9')>   -0.05563
|1T^CV(4->11')>   -0.12696
|1T^CV(3->1')>    0.20835
|1T^CV(3->14')>   -0.08703
|1T^CV(2->4')>   -0.25535
|1T^CV(1->3')>   -0.25517
TDMs with Triplet 'Ground' state
TDMX:-0.000   TDMY:-0.000   TDMZ:0.000   Oscillator Strength:0.00000   <S**2>: 0.000
--------------------------------------------------------------------
TDMs with Singlet 'Ground' state
TDMX:-0.010   TDMY:-0.441   TDMZ:0.008   Oscillator Strength:0.01323   <S**2>: 0.000
--------------------------------------------------------------------


State 12 2.812 eV 
Excitation    CI Coef
|5^CV(33->21')>   -0.05220
|5^CV(21->15')>   -0.10748
|5^CV(21->19')>   -0.05081
|5^CV(21->21')>   -0.07652
|5^CV(20->12')>   -0.06714
|5^CV(20->14')>   -0.08148
|5^CV(20->16')>   -0.06074
|5^CV(19->5')>    0.08592
|5^CV(19->13')>   -0.06025
|5^CV(19->15')>   -0.09998
|5^CV(18->14')>   -0.05162
|5^CV(17->5')>    0.05575
|5^CV(14->1')>   -0.09554
|5^CV(14->12')>    0.12657
|5^CV(14->14')>    0.13024
|5^CV(13->2')>   -0.10563
|5^CV(13->5')>   -0.19914
|5^CV(13->13')>    0.09138
|5^CV(12->2')>   -0.32431
|5^CV(12->5')>   -0.11912
|5^CV(11->1')>   -0.34769
|5^CV(11->12')>    0.13655
|5^CV(10->6')>    0.29416
|5^CV(9->7')>   -0.29330
|5^CV(8->2')>    0.27343
|5^CV(8->5')>   -0.06498
|5^CV(6->2')>   -0.07414
|5^CV(4->2')>   -0.16757
|5^CV(3->1')>   -0.48900
|5^CV(2->4')>    0.05709
|5^CV(1->3')>    0.05707
TDMs with Triplet 'Ground' state
TDMX:0.000   TDMY:0.000   TDMZ:-0.000   Oscillator Strength:0.00000   <S**2>: 6.000
--------------------------------------------------------------------
TDMs with Singlet 'Ground' state
TDMX:0.000   TDMY:-0.000   TDMZ:0.000   Oscillator Strength:0.00000   <S**2>: 6.000
--------------------------------------------------------------------


State 13 2.825 eV 
Excitation    CI Coef
|3^OS>   -0.05914
|3^CS(18->0)>   -0.10552
|3^CS(11->0)>   -0.22632
|3^CS(3->0)>    0.13448
|3^CS(17->0')>   -0.07942
|3^CS(13->0')>    0.05951
|3^CS(12->0')>   -0.15160
|3^CS(8->0')>   -0.15958
|3^CS(4->0')>    0.07705
|3^SV(0->1')>   -0.05157
|3^SV(0->12')>    0.29438
|3^SV(0->14')>   -0.22480
|3^SV(0->20')>   -0.07274
|3^SV(0'->5')>    0.17742
|3^SV(0'->13')>    0.31796
|3^SV(0'->19')>   -0.06468
|3X^CV(17->19')>    0.05018
|3X^CV(16->18')>   -0.07161
|3X^CV(15->17')>    0.08432
|3X^CV(14->1')>   -0.07898
|3X^CV(14->14')>    0.06011
|3X^CV(13->2')>   -0.08281
|3X^CV(13->13')>    0.06442
|3X^CV(12->2')>   -0.07000
|3X^CV(12->5')>   -0.11507
|3X^CV(12->13')>   -0.06583
|3X^CV(11->1')>   -0.08830
|3X^CV(11->12')>    0.14865
|3X^CV(8->2')>    0.10759
|3X^CV(8->5')>   -0.05570
|3X^CV(8->9')>    0.09200
|3X^CV(8->11')>    0.07155
|3X^CV(8->13')>   -0.09453
|3X^CV(7->8')>    0.19977
|3X^CV(6->9')>    0.16355
|3X^CV(6->11')>   -0.10752
|3X^CV(5->10')>    0.20462
|3X^CV(4->2')>   -0.06743
|3X^CV(4->9')>    0.06956
|3X^CV(4->11')>    0.15950
|3X^CV(4->13')>    0.05567
|3X^CV(3->1')>   -0.18972
|3X^CV(3->12')>   -0.07334
|3X^CV(3->14')>    0.09125
|3X^CV(2->4')>    0.29243
|3X^CV(1->3')>    0.29216
TDMs with Triplet 'Ground' state
TDMX:0.007   TDMY:-0.001   TDMZ:-0.505   Oscillator Strength:0.01710   <S**2>: 2.000
--------------------------------------------------------------------
TDMs with Singlet 'Ground' state
TDMX:0.000   TDMY:-0.000   TDMZ:0.000   Oscillator Strength:0.00000   <S**2>: 2.000
--------------------------------------------------------------------


State 14 2.864 eV 
Excitation    CI Coef
|3^CS(17->0)>   -0.14237
|3^CS(13->0)>    0.11400
|3^CS(12->0)>   -0.20133
|3^CS(8->0)>   -0.13650
|3^CS(4->0)>    0.07532
|3^CS(18->0')>   -0.11549
|3^CS(14->0')>    0.10555
|3^CS(11->0')>   -0.18633
|3^CS(3->0')>    0.13007
|3^SV(0->2')>   -0.08281
|3^SV(0->5')>   -0.10788
|3^SV(0->13')>   -0.37382
|3^SV(0->19')>    0.07427
|3^SV(0->21')>   -0.05596
|3^SV(0'->1')>    0.14406
|3^SV(0'->12')>   -0.24648
|3^SV(0'->14')>    0.31043
|3^SV(0'->20')>    0.09378
|3X^CV(16->17')>   -0.08042
|3X^CV(15->18')>    0.06819
|3X^CV(12->12')>    0.07132
|3X^CV(12->14')>   -0.05387
|3X^CV(11->5')>   -0.06380
|3X^CV(11->13')>   -0.08420
|3X^CV(10->7')>   -0.06433
|3X^CV(9->6')>    0.06405
|3X^CV(8->1')>    0.10529
|3X^CV(8->8')>    0.08569
|3X^CV(8->10')>    0.06078
|3X^CV(8->12')>    0.12176
|3X^CV(7->9')>    0.19046
|3X^CV(6->8')>    0.15324
|3X^CV(6->10')>   -0.10752
|3X^CV(5->11')>    0.19416
|3X^CV(4->1')>   -0.06860
|3X^CV(4->8')>    0.07563
|3X^CV(4->10')>    0.15105
|3X^CV(4->12')>   -0.06943
|3X^CV(3->2')>   -0.11952
|3X^CV(3->5')>    0.11468
|3X^CV(3->13')>    0.07518
|3X^CV(2->3')>   -0.28072
|3X^CV(1->4')>   -0.28093
TDMs with Triplet 'Ground' state
TDMX:-0.003   TDMY:0.396   TDMZ:-0.003   Oscillator Strength:0.01065   <S**2>: 2.000
--------------------------------------------------------------------
TDMs with Singlet 'Ground' state
TDMX:0.000   TDMY:-0.000   TDMZ:-0.000   Oscillator Strength:0.00000   <S**2>: 2.000
--------------------------------------------------------------------


State 15 2.925 eV 
Excitation    CI Coef
|1^ZW+>    0.89832
|1^CS(12->0)>    0.07720
|1^CS(18->0')>   -0.06652
|1^CS(14->0')>    0.06391
|1^CS(11->0')>   -0.11096
|1^CS(3->0')>   -0.06309
|1^SV(0->2')>    0.16313
|1^SV(0->13')>    0.10985
|1^SV(0'->1')>   -0.19072
|1^SV(0'->12')>    0.05067
|1S^CV(10->7')>    0.05168
|1S^CV(9->6')>   -0.05239
|1S^CV(8->1')>    0.06971
|1S^CV(3->2')>   -0.07991
|1S^CV(2->3')>   -0.05972
|1S^CV(1->4')>   -0.05979
|1T^CV(3->2')>   -0.05488
|1^SVD_(13',13')>   -0.05004
TDMs with Triplet 'Ground' state
TDMX:0.000   TDMY:0.000   TDMZ:-0.000   Oscillator Strength:0.00000   <S**2>: 0.000
--------------------------------------------------------------------
TDMs with Singlet 'Ground' state
TDMX:0.024   TDMY:0.193   TDMZ:-0.117   Oscillator Strength:0.00370   <S**2>: 0.000
--------------------------------------------------------------------


State 16 2.958 eV 
Excitation    CI Coef
|5^CV(33->16')>   -0.05132
|5^CV(20->2')>    0.07528
|5^CV(20->13')>    0.05124
|5^CV(20->21')>   -0.06705
|5^CV(19->1')>    0.07345
|5^CV(19->16')>    0.07290
|5^CV(19->20')>   -0.05736
|5^CV(17->1')>    0.05432
|5^CV(17->14')>    0.05512
|5^CV(16->17')>    0.06133
|5^CV(15->18')>   -0.05180
|5^CV(14->2')>   -0.08017
|5^CV(14->5')>    0.07698
|5^CV(14->13')>   -0.08652
|5^CV(14->15')>    0.07842
|5^CV(13->1')>   -0.08809
|5^CV(13->14')>   -0.11805
|5^CV(12->1')>    0.12160
|5^CV(12->14')>    0.10809
|5^CV(11->2')>    0.07142
|5^CV(11->13')>    0.12095
|5^CV(10->7')>    0.39861
|5^CV(9->6')>   -0.39866
|5^CV(8->1')>   -0.25220
|5^CV(8->8')>   -0.08044
|5^CV(8->10')>   -0.05593
|5^CV(8->12')>   -0.16233
|5^CV(8->14')>   -0.07511
|5^CV(7->9')>   -0.18264
|5^CV(6->1')>    0.06923
|5^CV(6->8')>   -0.14769
|5^CV(6->10')>    0.10044
|5^CV(5->11')>   -0.18083
|5^CV(4->1')>    0.15606
|5^CV(4->8')>   -0.07278
|5^CV(4->10')>   -0.14045
|5^CV(4->12')>    0.09428
|5^CV(3->2')>    0.30134
|5^CV(3->5')>   -0.21569
|5^CV(2->3')>    0.19846
|5^CV(1->4')>    0.19865
TDMs with Triplet 'Ground' state
TDMX:-0.000   TDMY:0.000   TDMZ:0.000   Oscillator Strength:0.00000   <S**2>: 6.000
--------------------------------------------------------------------
TDMs with Singlet 'Ground' state
TDMX:0.000   TDMY:-0.000   TDMZ:-0.000   Oscillator Strength:0.00000   <S**2>: 6.000
--------------------------------------------------------------------


State 17 3.012 eV 
Excitation    CI Coef
|1^OS>   -0.30121
|1^CS(18->0)>   -0.09874
|1^CS(14->0)>    0.19303
|1^CS(17->0')>   -0.11209
|1^CS(13->0')>    0.18275
|1^CS(12->0')>   -0.10276
|1^CS(8->0')>    0.05199
|1^SV(0->1')>   -0.06661
|1^SV(0->12')>    0.09180
|1^SV(0->14')>    0.23041
|1^SV(0->20')>    0.05375
|1^SV(0'->2')>    0.18194
|1^SV(0'->5')>   -0.10548
|1^SV(0'->13')>    0.22360
|1^SV(0'->15')>   -0.08657
|1T^CV(21->5')>   -0.05179
|1T^CV(21->15')>    0.10837
|1T^CV(21->21')>    0.06732
|1T^CV(20->1')>   -0.14775
|1T^CV(19->2')>   -0.07664
|1T^CV(19->5')>   -0.06212
|1T^CV(19->21')>    0.06639
|1T^CV(17->2')>   -0.05383
|1T^CV(14->1')>    0.22675
|1T^CV(14->12')>   -0.05477
|1T^CV(13->2')>    0.22184
|1T^CV(13->5')>    0.10424
|1T^CV(13->15')>   -0.05040
|1T^CV(12->2')>    0.19086
|1T^CV(12->5')>    0.16417
|1T^CV(12->13')>   -0.07140
|1T^CV(11->1')>    0.33073
|1T^CV(11->12')>   -0.12226
|1T^CV(11->14')>   -0.10769
|1T^CV(10->6')>    0.16630
|1T^CV(9->7')>   -0.16583
|1T^CV(8->5')>   -0.13785
|1T^CV(4->5')>    0.08832
|1T^CV(3->1')>    0.18810
|1T^CV(3->12')>   -0.21281
|1T^CV(3->14')>   -0.12970
|1T^CV(2->4')>    0.07789
|1T^CV(1->3')>    0.07726
TDMs with Triplet 'Ground' state
TDMX:0.000   TDMY:-0.000   TDMZ:-0.000   Oscillator Strength:0.00000   <S**2>: 0.000
--------------------------------------------------------------------
TDMs with Singlet 'Ground' state
TDMX:0.001   TDMY:-0.137   TDMZ:-0.066   Oscillator Strength:0.00170   <S**2>: 0.000
--------------------------------------------------------------------


State 18 3.021 eV 
Excitation    CI Coef
|5^CV(37->19')>    0.05134
|5^CV(35->17')>    0.05720
|5^CV(18->20')>    0.07427
|5^CV(17->19')>   -0.08287
|5^CV(16->16')>    0.06004
|5^CV(16->18')>    0.09544
|5^CV(15->17')>   -0.11273
|5^CV(14->1')>   -0.05749
|5^CV(14->12')>    0.07399
|5^CV(13->2')>   -0.05907
|5^CV(13->5')>   -0.07735
|5^CV(13->13')>   -0.05905
|5^CV(12->2')>   -0.11580
|5^CV(12->13')>    0.13504
|5^CV(11->1')>   -0.13137
|5^CV(11->12')>   -0.08970
|5^CV(11->14')>    0.13315
|5^CV(8->5')>    0.10266
|5^CV(8->9')>   -0.15978
|5^CV(8->11')>   -0.12169
|5^CV(8->13')>    0.12306
|5^CV(7->8')>   -0.35043
|5^CV(6->9')>   -0.28775
|5^CV(6->11')>    0.18497
|5^CV(5->10')>   -0.35174
|5^CV(4->5')>   -0.08101
|5^CV(4->9')>   -0.12266
|5^CV(4->11')>   -0.27465
|5^CV(4->13')>   -0.07393
|5^CV(3->12')>    0.17548
|5^CV(3->14')>   -0.06770
|5^CV(2->4')>   -0.34957
|5^CV(1->3')>   -0.34922
TDMs with Triplet 'Ground' state
TDMX:0.000   TDMY:0.000   TDMZ:-0.000   Oscillator Strength:0.00000   <S**2>: 6.000
--------------------------------------------------------------------
TDMs with Singlet 'Ground' state
TDMX:0.000   TDMY:0.000   TDMZ:0.000   Oscillator Strength:0.00000   <S**2>: 6.000
--------------------------------------------------------------------


State 19 3.041 eV 
Excitation    CI Coef
|1^CS(9->0)>   -0.50990
|1^CS(10->0')>   -0.50279
|1^SV(0->7')>    0.34317
|1^SV(0'->6')>   -0.34390
|1T^CV(18->7')>   -0.05282
|1T^CV(14->7')>    0.11098
|1T^CV(13->6')>   -0.09742
|1T^CV(10->2')>   -0.19273
|1T^CV(10->5')>    0.15321
|1T^CV(10->13')>   -0.08599
|1T^CV(10->15')>    0.07670
|1T^CV(9->1')>   -0.20304
|1T^CV(9->12')>   -0.11490
|1T^CV(9->14')>   -0.13523
|1T^CV(9->20')>   -0.05005
|1T^CV(8->6')>   -0.11712
|1T^CV(4->6')>    0.07882
|1T^CV(3->7')>   -0.13760
TDMs with Triplet 'Ground' state
TDMX:0.000   TDMY:0.000   TDMZ:0.000   Oscillator Strength:0.00000   <S**2>: 0.000
--------------------------------------------------------------------
TDMs with Singlet 'Ground' state
TDMX:0.112   TDMY:0.096   TDMZ:0.517   Oscillator Strength:0.02156   <S**2>: 0.000
--------------------------------------------------------------------


State 20 3.042 eV 
Excitation    CI Coef
|1^CS(10->0)>    0.50948
|1^CS(9->0')>    0.50359
|1^SV(0->6')>    0.34335
|1^SV(0'->7')>   -0.34259
|1T^CV(18->6')>   -0.05289
|1T^CV(14->6')>    0.11119
|1T^CV(13->7')>   -0.09743
|1T^CV(10->1')>    0.20306
|1T^CV(10->12')>    0.11438
|1T^CV(10->14')>    0.13520
|1T^CV(9->2')>    0.19284
|1T^CV(9->5')>   -0.15398
|1T^CV(9->13')>    0.08615
|1T^CV(9->15')>   -0.07670
|1T^CV(8->7')>   -0.11684
|1T^CV(4->7')>    0.07862
|1T^CV(3->6')>   -0.13782
TDMs with Triplet 'Ground' state
TDMX:0.000   TDMY:0.000   TDMZ:0.000   Oscillator Strength:0.00000   <S**2>: 0.000
--------------------------------------------------------------------
TDMs with Singlet 'Ground' state
TDMX:0.385   TDMY:0.286   TDMZ:0.162   Oscillator Strength:0.01912   <S**2>: 0.000
--------------------------------------------------------------------


State 21 3.046 eV 
Excitation    CI Coef
|5^CV(19->16')>   -0.05097
|5^CV(18->19')>   -0.06551
|5^CV(17->20')>    0.06306
|5^CV(16->17')>    0.09802
|5^CV(15->16')>   -0.05156
|5^CV(15->18')>   -0.08340
|5^CV(14->2')>    0.05787
|5^CV(14->5')>   -0.08266
|5^CV(13->1')>    0.06304
|5^CV(13->12')>    0.09164
|5^CV(12->1')>   -0.11216
|5^CV(12->12')>   -0.10436
|5^CV(11->2')>   -0.09618
|5^CV(11->5')>    0.08630
|5^CV(11->13')>    0.09709
|5^CV(10->7')>   -0.27672
|5^CV(9->6')>    0.27729
|5^CV(8->1')>    0.10535
|5^CV(8->8')>   -0.13899
|5^CV(8->10')>   -0.10069
|5^CV(8->12')>   -0.05924
|5^CV(8->14')>    0.15557
|5^CV(7->9')>   -0.30651
|5^CV(6->8')>   -0.24674
|5^CV(6->10')>    0.17493
|5^CV(5->11')>   -0.31549
|5^CV(4->1')>   -0.06181
|5^CV(4->8')>   -0.12176
|5^CV(4->10')>   -0.24480
|5^CV(4->14')>   -0.09451
|5^CV(3->2')>   -0.12571
|5^CV(3->13')>   -0.18846
|5^CV(2->3')>    0.29741
|5^CV(1->4')>    0.29777
TDMs with Triplet 'Ground' state
TDMX:-0.000   TDMY:0.000   TDMZ:-0.000   Oscillator Strength:0.00000   <S**2>: 6.000
--------------------------------------------------------------------
TDMs with Singlet 'Ground' state
TDMX:-0.000   TDMY:-0.000   TDMZ:-0.000   Oscillator Strength:0.00000   <S**2>: 6.000
--------------------------------------------------------------------


State 22 3.053 eV 
Excitation    CI Coef
|3^CS(18->0)>   -0.08478
|3^CS(14->0)>    0.15436
|3^CS(17->0')>   -0.06601
|3^CS(13->0')>    0.12796
|3^SV(0->1')>   -0.07208
|3^SV(0->12')>   -0.09135
|3^SV(0->14')>   -0.21771
|3^SV(0'->2')>    0.14824
|3^SV(0'->5')>   -0.14647
|3^SV(0'->13')>    0.16720
|3^SV(0'->15')>   -0.08320
|3X^CV(21->2')>    0.05619
|3X^CV(21->15')>    0.12787
|3X^CV(21->19')>    0.05393
|3X^CV(21->21')>    0.08173
|3X^CV(20->1')>   -0.15803
|3X^CV(20->12')>    0.05404
|3X^CV(19->2')>   -0.08387
|3X^CV(19->5')>   -0.07376
|3X^CV(19->21')>    0.06856
|3X^CV(18->1')>   -0.06350
|3X^CV(17->2')>   -0.06056
|3X^CV(14->1')>    0.26133
|3X^CV(14->12')>   -0.06829
|3X^CV(13->2')>    0.28436
|3X^CV(13->5')>    0.13688
|3X^CV(12->2')>    0.27985
|3X^CV(12->5')>    0.21109
|3X^CV(12->13')>   -0.07865
|3X^CV(11->1')>    0.33853
|3X^CV(11->12')>   -0.13064
|3X^CV(11->14')>   -0.12439
|3X^CV(10->6')>    0.17027
|3X^CV(9->7')>   -0.16971
|3X^CV(8->5')>   -0.15610
|3X^CV(7->8')>    0.05727
|3X^CV(5->10')>    0.05761
|3X^CV(4->5')>    0.09848
|3X^CV(3->1')>    0.19643
|3X^CV(3->12')>   -0.21695
|3X^CV(3->14')>   -0.13888
|3X^CV(2->4')>    0.07237
|3X^CV(1->3')>    0.07236
TDMs with Triplet 'Ground' state
TDMX:0.002   TDMY:-0.007   TDMZ:-0.259   Oscillator Strength:0.00486   <S**2>: 2.000
--------------------------------------------------------------------
TDMs with Singlet 'Ground' state
TDMX:0.000   TDMY:0.000   TDMZ:-0.000   Oscillator Strength:0.00000   <S**2>: 2.000
--------------------------------------------------------------------


State 23 3.068 eV 
Excitation    CI Coef
|5^CV(37->17')>    0.05790
|5^CV(35->19')>    0.05181
|5^CV(18->4')>    0.05094
|5^CV(18->18')>   -0.07261
|5^CV(17->17')>   -0.08934
|5^CV(16->16')>   -0.05575
|5^CV(16->20')>   -0.08967
|5^CV(15->19')>   -0.10103
|5^CV(14->4')>   -0.06581
|5^CV(14->18')>   -0.05378
|5^CV(13->3')>    0.07328
|5^CV(13->17')>   -0.05627
|5^CV(12->3')>   -0.14716
|5^CV(11->4')>    0.17846
|5^CV(8->3')>   -0.18414
|5^CV(8->9')>    0.14389
|5^CV(8->11')>   -0.14661
|5^CV(7->8')>    0.36496
|5^CV(7->10')>   -0.10247
|5^CV(6->9')>    0.33896
|5^CV(6->11')>    0.14593
|5^CV(5->8')>   -0.10428
|5^CV(5->10')>   -0.36293
|5^CV(4->3')>    0.09655
|5^CV(4->9')>    0.09057
|5^CV(4->11')>   -0.31675
|5^CV(3->4')>   -0.18903
|5^CV(2->1')>    0.08787
|5^CV(2->12')>    0.24197
|5^CV(2->14')>   -0.17385
|5^CV(1->2')>   -0.09229
|5^CV(1->5')>    0.16384
|5^CV(1->13')>    0.24507
TDMs with Triplet 'Ground' state
TDMX:0.000   TDMY:0.000   TDMZ:-0.000   Oscillator Strength:0.00000   <S**2>: 6.000
--------------------------------------------------------------------
TDMs with Singlet 'Ground' state
TDMX:0.000   TDMY:-0.000   TDMZ:-0.000   Oscillator Strength:0.00000   <S**2>: 6.000
--------------------------------------------------------------------


State 24 3.068 eV 
Excitation    CI Coef
|5^CV(36->17')>   -0.05830
|5^CV(34->19')>    0.05179
|5^CV(18->3')>    0.05092
|5^CV(18->17')>    0.08615
|5^CV(17->18')>    0.07511
|5^CV(16->19')>   -0.10101
|5^CV(15->16')>   -0.05619
|5^CV(15->20')>   -0.08965
|5^CV(14->3')>   -0.06581
|5^CV(14->17')>    0.06374
|5^CV(13->4')>    0.07331
|5^CV(12->4')>   -0.14730
|5^CV(11->3')>    0.17836
|5^CV(8->4')>   -0.18431
|5^CV(8->8')>   -0.13933
|5^CV(8->10')>    0.15128
|5^CV(7->9')>   -0.37116
|5^CV(7->11')>    0.08769
|5^CV(6->8')>   -0.34771
|5^CV(6->10')>   -0.13078
|5^CV(5->9')>    0.08926
|5^CV(5->11')>    0.36361
|5^CV(4->4')>    0.09675
|5^CV(4->8')>   -0.07869
|5^CV(4->10')>    0.31791
|5^CV(3->3')>   -0.18887
|5^CV(2->2')>   -0.09229
|5^CV(2->5')>    0.16371
|5^CV(2->13')>    0.24502
|5^CV(1->1')>    0.08787
|5^CV(1->12')>    0.24192
|5^CV(1->14')>   -0.17382
TDMs with Triplet 'Ground' state
TDMX:-0.000   TDMY:0.000   TDMZ:0.000   Oscillator Strength:0.00000   <S**2>: 6.000
--------------------------------------------------------------------
TDMs with Singlet 'Ground' state
TDMX:0.000   TDMY:0.000   TDMZ:-0.000   Oscillator Strength:0.00000   <S**2>: 6.000
--------------------------------------------------------------------


State 25 3.101 eV 
Excitation    CI Coef
|1^CS(8->0)>   -0.20049
|1^CS(6->0)>   -0.42080
|1^CS(4->0)>   -0.13098
|1^CS(7->0')>   -0.47560
|1^CS(5->0')>    0.08953
|1^SV(0->9')>   -0.38392
|1^SV(0'->8')>   -0.38249
|1^SV(0'->10')>    0.05564
|1T^CV(18->9')>    0.08947
|1T^CV(17->8')>    0.08959
|1T^CV(16->9')>    0.07348
|1T^CV(15->8')>   -0.07395
|1T^CV(11->9')>    0.05063
|1T^CV(8->4')>    0.07248
|1T^CV(8->8')>    0.06997
|1T^CV(7->2')>    0.05156
|1T^CV(7->3')>   -0.17146
|1T^CV(7->5')>   -0.07137
|1T^CV(7->13')>   -0.10744
|1T^CV(7->17')>   -0.05609
|1T^CV(7->19')>    0.05920
|1T^CV(6->4')>    0.14489
|1T^CV(6->12')>    0.09777
|1T^CV(6->14')>   -0.06551
|1T^CV(6->20')>   -0.05298
|1T^CV(4->4')>    0.05414
|1T^CV(3->9')>   -0.08349
|1T^CV(2->9')>    0.14686
|1T^CV(1->8')>   -0.14684
TDMs with Triplet 'Ground' state
TDMX:-0.000   TDMY:-0.000   TDMZ:0.000   Oscillator Strength:0.00000   <S**2>: 0.000
--------------------------------------------------------------------
TDMs with Singlet 'Ground' state
TDMX:0.109   TDMY:0.035   TDMZ:-0.497   Oscillator Strength:0.01979   <S**2>: 0.000
--------------------------------------------------------------------


State 26 3.101 eV 
Excitation    CI Coef
|1^CS(7->0)>   -0.47372
|1^CS(5->0)>    0.09981
|1^CS(8->0')>   -0.19606
|1^CS(6->0')>   -0.42546
|1^CS(4->0')>   -0.12279
|1^SV(0->8')>   -0.38107
|1^SV(0->10')>    0.06363
|1^SV(0'->9')>   -0.38331
|1T^CV(18->8')>    0.08895
|1T^CV(17->9')>    0.08970
|1T^CV(16->8')>    0.07415
|1T^CV(15->9')>   -0.07350
|1T^CV(11->8')>    0.05019
|1T^CV(8->3')>   -0.07437
|1T^CV(8->9')>    0.07156
|1T^CV(7->1')>    0.05239
|1T^CV(7->4')>    0.16954
|1T^CV(7->12')>    0.10947
|1T^CV(7->14')>   -0.07422
|1T^CV(7->16')>   -0.05550
|1T^CV(7->20')>   -0.05922
|1T^CV(6->3')>   -0.14547
|1T^CV(6->5')>   -0.06604
|1T^CV(6->13')>   -0.09617
|1T^CV(6->19')>    0.05347
|1T^CV(4->3')>   -0.05785
|1T^CV(3->8')>   -0.08333
|1T^CV(2->8')>    0.14699
|1T^CV(1->9')>   -0.14706
TDMs with Triplet 'Ground' state
TDMX:-0.000   TDMY:-0.000   TDMZ:-0.000   Oscillator Strength:0.00000   <S**2>: 0.000
--------------------------------------------------------------------
TDMs with Singlet 'Ground' state
TDMX:-0.253   TDMY:-0.049   TDMZ:0.263   Oscillator Strength:0.01028   <S**2>: 0.000
--------------------------------------------------------------------


State 27 3.107 eV 
Excitation    CI Coef
|3^CS(10->0)>    0.40567
|3^CS(9->0)>   -0.30064
|3^CS(5->0)>    0.06178
|3^CS(10->0')>   -0.30008
|3^CS(9->0')>    0.40354
|3^CS(4->0')>    0.05288
|3^SV(0->6')>   -0.26781
|3^SV(0->7')>   -0.19880
|3^SV(0'->6')>   -0.19708
|3^SV(0'->7')>   -0.26602
|3T^CV(10->1')>    0.05328
|3X^CV(14->6')>    0.07923
|3X^CV(14->7')>    0.05877
|3X^CV(13->6')>   -0.05207
|3X^CV(13->7')>   -0.06995
|3X^CV(10->1')>    0.17138
|3X^CV(10->2')>   -0.11906
|3X^CV(10->5')>    0.08931
|3X^CV(10->12')>    0.08763
|3X^CV(10->13')>   -0.05243
|3X^CV(10->14')>    0.10638
|3X^CV(9->1')>   -0.12686
|3X^CV(9->2')>    0.16063
|3X^CV(9->5')>   -0.12171
|3X^CV(9->12')>   -0.06487
|3X^CV(9->13')>    0.07050
|3X^CV(9->14')>   -0.07887
|3X^CV(9->15')>   -0.05244
|3X^CV(8->6')>   -0.06589
|3X^CV(8->7')>   -0.08848
|3X^CV(4->7')>    0.05854
|3X^CV(3->6')>   -0.10567
|3X^CV(3->7')>   -0.07803
TDMs with Triplet 'Ground' state
TDMX:-0.112   TDMY:-0.140   TDMZ:-0.181   Oscillator Strength:0.00480   <S**2>: 2.000
--------------------------------------------------------------------
TDMs with Singlet 'Ground' state
TDMX:0.000   TDMY:0.000   TDMZ:-0.000   Oscillator Strength:0.00000   <S**2>: 2.000
--------------------------------------------------------------------


State 28 3.108 eV 
Excitation    CI Coef
|1^CS(8->0)>    0.18840
|1^CS(6->0)>   -0.21188
|1^CS(4->0)>    0.39554
|1^CS(7->0')>    0.08958
|1^CS(5->0')>    0.47700
|1^SV(0->11')>    0.38115
|1^SV(0'->8')>    0.05457
|1^SV(0'->10')>    0.37959
|1T^CV(18->11')>   -0.08856
|1T^CV(17->10')>   -0.08859
|1T^CV(16->11')>    0.07446
|1T^CV(15->10')>   -0.07493
|1T^CV(8->4')>    0.06249
|1T^CV(8->10')>   -0.06899
|1T^CV(6->4')>   -0.08230
|1T^CV(5->2')>   -0.05080
|1T^CV(5->3')>   -0.16618
|1T^CV(5->5')>    0.08534
|1T^CV(5->13')>    0.10860
|1T^CV(5->17')>   -0.05389
|1T^CV(5->19')>   -0.06064
|1T^CV(4->4')>    0.13576
|1T^CV(4->10')>    0.05104
|1T^CV(4->12')>   -0.09369
|1T^CV(4->14')>    0.06151
|1T^CV(4->18')>   -0.05133
|1T^CV(4->20')>    0.05026
|1T^CV(3->11')>    0.08079
|1T^CV(2->11')>    0.14913
|1T^CV(1->10')>   -0.14888
TDMs with Triplet 'Ground' state
TDMX:0.000   TDMY:0.000   TDMZ:0.000   Oscillator Strength:0.00000   <S**2>: 0.000
--------------------------------------------------------------------
TDMs with Singlet 'Ground' state
TDMX:0.106   TDMY:-0.207   TDMZ:-0.159   Oscillator Strength:0.00604   <S**2>: 0.000
--------------------------------------------------------------------


State 29 3.108 eV 
Excitation    CI Coef
|1^CS(7->0)>   -0.09946
|1^CS(5->0)>   -0.47558
|1^CS(8->0')>   -0.19088
|1^CS(6->0')>    0.20291
|1^CS(4->0')>   -0.39886
|1^SV(0->8')>   -0.06221
|1^SV(0->10')>   -0.37813
|1^SV(0'->11')>   -0.38042
|1T^CV(18->10')>    0.08797
|1T^CV(17->11')>    0.08869
|1T^CV(16->10')>   -0.07503
|1T^CV(15->11')>    0.07460
|1T^CV(8->3')>    0.05973
|1T^CV(8->11')>    0.06996
|1T^CV(6->3')>   -0.08417
|1T^CV(5->1')>    0.05139
|1T^CV(5->4')>   -0.16933
|1T^CV(5->12')>    0.11203
|1T^CV(5->14')>   -0.07506
|1T^CV(5->18')>    0.06226
|1T^CV(5->20')>   -0.05993
|1T^CV(4->3')>    0.13247
|1T^CV(4->5')>   -0.07353
|1T^CV(4->13')>   -0.09057
|1T^CV(4->19')>    0.05126
|1T^CV(3->10')>   -0.08056
|1T^CV(2->10')>   -0.14926
|1T^CV(1->11')>    0.14916
TDMs with Triplet 'Ground' state
TDMX:-0.000   TDMY:-0.000   TDMZ:0.000   Oscillator Strength:0.00000   <S**2>: 0.000
--------------------------------------------------------------------
TDMs with Singlet 'Ground' state
TDMX:0.214   TDMY:-0.493   TDMZ:-0.070   Oscillator Strength:0.02240   <S**2>: 0.000
--------------------------------------------------------------------

Wall clock time: 22.8040 seconds
