                    ---------------------------------
                    | Radical ExROPPP Calculation |
                    ---------------------------------

Molecule: A-A_prune.xyz radical

--------------------------------
Cartesian Coordinates / Angstrom
--------------------------------

C      1.016712    3.246802    1.856396
C      0.473218    3.000332    0.598870
H      0.066385    2.032330    0.345648
C      0.424056    3.996052   -0.355213
Cl    -0.182943    3.542960   -1.916651
Cl     1.965853    7.090540    1.657418
C      1.524604    4.517533    2.104332
H      1.986349    4.755267    3.051136
C      0.924663   -1.574499    3.177039
C      1.417336   -2.031872    1.959839
H      1.912480   -1.360319    1.273237
C      1.278590   -3.356789    1.598060
Cl     1.820015   -3.780536    0.004827
C      0.676813   -4.313201    2.432530
C      0.546550   -5.716358    2.046866
C      0.214384   -3.823669    3.664956
Cl    -0.465922   -4.894297    4.849106
C      0.315727   -2.494795    4.023921
H     -0.094653   -2.185057    4.974199
C      1.697291   -6.418393    1.472476
C      1.597451   -7.180334    0.299126
Cl     0.113921   -7.218893   -0.598138
C      2.666547   -7.878618   -0.226686
H      2.533368   -8.428315   -1.148292
C      3.904777   -7.841448    0.404091
H      5.502542   13.153221   -3.601639
C      4.044015   -7.079274    1.557610
H      4.983560   -7.056926    2.092110
C      2.964226   -6.390164    2.072766
Cl     3.212323   -5.563379    3.576834
C     -0.710929   -6.428230    2.250267
C     -1.959689   -5.860659    1.938115
Cl    -2.063668   -4.307965    1.168566
C     -3.155043   -6.512050    2.170964
H     -4.081450   -6.009904    1.929497
C     -3.169605   -7.798138    2.698204
C      4.866595   -9.913303   -0.598996
C     -1.952072   -8.401503    2.988127
H     -1.923585   -9.402051    3.396336
C     -0.764196   -7.727140    2.787355
Cl     0.673172   -8.537238    3.327860
C     -0.589469    6.539271   -1.778608
C     -1.831586    6.418207   -1.128990
Cl    -1.929914    6.160873    0.585568
C     -3.034509    6.567354   -1.789357
H     -3.953706    6.446311   -1.234055
C     -3.069313    6.900379   -3.138309
C     -4.707939    6.363963   -4.959181
C     -1.859995    7.036779   -3.809455
H     -1.843115    7.291614   -4.859656
C     -0.662485    6.838042   -3.151136
Cl     0.770552    6.902933   -4.129389
C      1.763155    7.345902   -1.326965
C      1.555642    8.731594   -1.277116
Cl     0.013734    9.376561   -0.813435
C      2.565974    9.642242   -1.515398
H      2.351858   10.698187   -1.425149
C      3.849831    9.203251   -1.817131
H      8.405574   -8.384148   -0.583145
C      4.091404    7.835216   -1.870547
H      5.069142    7.458148   -2.136957
C      3.069447    6.937823   -1.629942
Cl     3.442290    5.253157   -1.800975
C      1.017600   -0.143543    3.557762
C      1.006122    0.848833    2.581492
H      0.953313    0.557858    1.541097
C      1.045940    2.201050    2.910811
C      1.089217    2.553138    4.259379
H      1.073205    3.594162    4.551773
C      1.126431    1.576048    5.239676
H      1.173170    1.863586    6.281749
C      1.097113    0.235252    4.896314
H      1.147739   -0.517274    5.672044
C      0.862640    5.309610   -0.110642
C      0.682457    6.386062   -1.078975
C      1.431514    5.517007    1.156894
C      4.690415   11.338809   -2.799336
C     -4.364254    7.127513   -3.833584
C     -5.237943    8.117521   -3.364811
C      6.975336   12.013203   -2.541804
C     -6.440715    8.325633   -4.030573
H     -7.108901    9.101354   -3.671947
C     -6.802332    7.579489   -5.141997
H      5.791087  -11.664866   -1.416764
C     -5.921075    6.603798   -5.590342
H     -6.186463    6.007277   -6.457111
C      6.334991   -8.075411   -0.121640
C      5.940348  -10.655869   -1.056475
C      7.413560   -8.813921   -0.578887
H      3.701980   11.519834   -3.201690
H      3.877373  -10.352609   -0.585709
H      8.230461   10.680404   -1.425585
C      5.052198   -8.617355   -0.120697
H      6.488298   -7.060271    0.221640
H     -6.217943   -9.875205    5.500759
C     -5.965090   -9.581068    4.487450
C     -6.843976   -9.878493    3.454840
C      7.238288   10.858229   -1.818216
C     -6.506891   -9.473293    2.170867
H     -7.180906   -9.695571    1.350235
C     -5.324949   -8.793530    1.902082
C      6.223509    9.947193   -1.586057
C     -4.448075   -8.512999    2.957867
H      6.424264    9.060639   -0.998381
C     -4.770705   -8.907940    4.263614
C      4.937577   10.176364   -2.073220
C      5.702346   12.254651   -3.034617
C      7.214272  -10.105254   -1.042570

There are 80 heavy atoms.
There are 92 electrons in 80 orbitals.


Carbon 1e params: A = -22.717075 b = 1.705616

Nitrogen 1e params: alphan2 = -17.681338 Acn2 = -24.737202 bcn2 = 1.433639

Chlorine 1e params: alphacl = -10.335674 Accl = -26.021937 bccl=1.451861
C-Cl bond
C-Cl bond
C-Cl bond
C-Cl bond
C-Cl bond
C-Cl bond
C-Cl bond
C-Cl bond
C-Cl bond
C-Cl bond
C-Cl bond
C-Cl bond
Cl atom 69
Cl atom 70
Cl atom 71
Cl atom 72
Cl atom 73
Cl atom 74
Cl atom 75
Cl atom 76
Cl atom 77
Cl atom 78
Cl atom 79
Cl atom 80

Carbon 2e params: U = 8.420838 r0 = 1.173157

Nitrogen 2e params: Un2n2 = 17.979843 r0n2n2 = 1.111791

Chlorine 2e params: Uclcl= 9.642991 r0clcl = 2.253316

Mixed 2e params: Ucn2 = 13.200341 Uccl = 9.031915 Un2cl = 13.811417 r0cn2 =1.142474 r0ccl = 1.713237 r0n2cl = 1.682554
[8.42083845 3.85129852 2.75773793 3.85309123 1.60037446 1.52735479
 1.26865069 1.12738871 0.97323371 1.16015111 1.34404591 0.90883785
 0.84205854 0.78332862 0.77646367 0.82752313 0.89749057 0.89734393
 0.91854727 0.83784247 0.75905602 0.65410864 0.74575153 0.80124115
 1.55969332 1.54908183 1.30757839 1.15021894 0.93162807 1.15248399
 1.30673706 1.53959745 1.3149344  1.15312398 1.13251473 1.26066818
 1.48563818 1.98913936 2.6856852  3.71599278 2.6879293  1.99652507
 1.81165909 2.4527839  1.80142678 2.75592443 0.88159944 0.99653367
 0.92624951 0.78099634 0.82693631 0.7886765  0.83084541 0.71391958
 0.60955572 0.65681147 0.71277557 0.61693234 0.59671527 0.84666173
 0.61917486 0.66833081 0.95629346 0.69632049 0.66529829 0.98278578
 0.79391163 0.61071005 2.72259772 2.72549774 1.71461157 1.47190397
 1.23782981 1.4125598  1.56288291 1.13830221 2.55853662 1.77216039
 1.82603356 2.36649007]
FCIDUMP file in AO basis written to FCIDUMP/FCIDUMP_AO_A-A_prune


-------------------------------------
Restricted Open-shell PPP Calculation
-------------------------------------

Starting SCF cycle...

Iter   Energy        Dens Change      Energy Change
-----------------------------------------------------
0 -254.64205901451214 0.1243084278420887 -254.64205901451214
1 -268.14572546316936 0.04238101194368171 -13.503666448657214
2 -274.4315513621293 0.01375896785216496 -6.285825898959956
3 -276.5188733694141 0.004454980149387611 -2.087322007284797
4 -277.201752666791 0.001442695783186454 -0.6828792973768714
5 -277.41495122211404 0.0004711359714935637 -0.21319855532306065
6 -277.48421205203357 0.00015437802371537357 -0.06926082991952853
7 -277.5062036469508 5.093843513098717e-05 -0.021991594917210477
8 -277.51341765347763 1.685416426100428e-05 -0.007214006526851335
9 -277.5157458442176 5.614939803610941e-06 -0.0023281907399450574
10 -277.5165151528981 1.8848473226085183e-06 -0.0007693086805034
11 -277.5167663904366 6.374714587864538e-07 -0.0002512375385208543
12 -277.51684982584004 2.7889319154095205e-07 -8.343540343958011e-05
13 -277.5168773084322 1.3524501546458012e-07 -2.7482592145133822e-05
14 -277.5168864686859 6.531890417438291e-08 -9.160253739537438e-06
15 -277.51688950470555 3.145377797109106e-08 -3.036019620594743e-06
16 -277.5168905191848 1.5088472415936138e-08 -1.0144792668143054e-06
17 -277.5168908567613 7.216279740429599e-09 -3.3757646633603144e-07
18 -277.5168909696606 3.441315621355301e-09 -1.128993289967184e-07
19 -277.51689100726026 1.6373472022657154e-09 -3.759964783967007e-08
20 -277.5168910198009 7.77496345083506e-10 -1.2540624538814882e-08
21 -277.51689102395784 3.6862385366376316e-10 -4.15695922129089e-09
22 -277.51689102532725 1.7455004108768435e-10 -1.3694148037757259e-09
23 -277.51689102577416 8.561551467778372e-11 -4.469029590836726e-10
24 -277.5168910259141 4.2650882825512326e-11 -1.3994849723530933e-10
25 -277.5168910259588 2.1259882743152048e-11 -4.46789272245951e-11
26 -277.5168910259704 1.0603962152799795e-11 -1.1596057447604835e-11
27 -277.51689102597516 5.2907678238511835e-12 -4.774847184307873e-12
28 -277.51689102597356 2.6498803151753236e-12 1.5916157281026244e-12
29 -277.51689102597356 1.3316014957354128e-12 0.0
30 -277.5168910259714 6.681322162194192e-13 2.1600499167107046e-12
31 -277.5168910259746 3.3639757646142243e-13 -3.183231456205249e-12
32 -277.5168910259731 1.687538997430238e-13 1.4779288903810084e-12
33 -277.51689102597356 8.482103908136196e-14 -4.547473508864641e-13
34 -277.51689102597203 4.318767565791859e-14 1.5347723092418164e-12
35 -277.5168910259737 2.1316282072803006e-14 -1.6484591469634324e-12
36 -277.51689102597544 1.1435297153639112e-14 -1.7621459846850485e-12
37 -277.5168910259744 5.773159728050814e-15 1.0231815394945443e-12
38 -277.5168910259712 3.9968028886505635e-15 3.240074875066057e-12

--------------------------
Converged ROPPP Orbitals
--------------------------

orbital number 1 energy -8.023919549866841
[0.15 0.16 0.26 0.16 0.1  0.11 0.17 0.14 0.08 0.17 0.1  0.09 0.1  0.06
 0.05 0.06 0.1  0.09 0.1  0.05 0.04 0.01 0.05 0.09 0.15 0.16 0.09 0.07
 0.01 0.09 0.16 0.15 0.16 0.09 0.08 0.09 0.16 0.07 0.06 0.09 0.05 0.04
 0.04 0.23 0.13 0.25 0.02 0.02 0.01 0.01 0.01 0.   0.01 0.01 0.01 0.01
 0.02 0.   0.   0.01 0.   0.01 0.02 0.01 0.01 0.03 0.01 0.   0.26 0.25
 0.17 0.16 0.1  0.1  0.1  0.09 0.16 0.15 0.15 0.16]
orbital number 2 energy -8.008624555045834
[-0.07 -0.09 -0.15 -0.09  0.13  0.14  0.24  0.21  0.13  0.24  0.14  0.17
  0.19  0.11  0.09  0.11  0.18  0.16  0.17  0.1   0.08  0.02  0.1   0.17
 -0.11 -0.12 -0.07 -0.05 -0.01 -0.07 -0.12 -0.11 -0.12 -0.07 -0.06 -0.07
 -0.12  0.05  0.01 -0.02 -0.    0.01  0.02 -0.13 -0.08 -0.15 -0.01 -0.02
 -0.01 -0.01 -0.   -0.   -0.    0.02  0.01  0.01  0.04  0.01  0.   -0.01
  0.01  0.01 -0.01  0.02  0.01 -0.02 -0.01  0.01 -0.15 -0.14  0.24  0.23
  0.18  0.18  0.17  0.16 -0.11 -0.11 -0.11 -0.12]
orbital number 3 energy -7.901535190314409
[ 0.12  0.13  0.19  0.12  0.11  0.11  0.17  0.12 -0.02  0.16  0.11 -0.15
 -0.19 -0.12 -0.1  -0.12 -0.19 -0.07 -0.09 -0.05 -0.04 -0.02 -0.05 -0.09
 -0.1  -0.12 -0.07 -0.06 -0.01 -0.07 -0.12 -0.16 -0.21 -0.13 -0.11 -0.13
 -0.21  0.08  0.07  0.08  0.05  0.04  0.05  0.13 -0.03  0.18 -0.03 -0.02
 -0.01 -0.01 -0.01 -0.   -0.01 -0.02 -0.01 -0.01 -0.04 -0.   -0.   -0.02
 -0.   -0.01 -0.03 -0.01 -0.01 -0.05 -0.02 -0.01  0.2   0.19  0.18  0.17
 -0.2  -0.2  -0.1  -0.09 -0.12 -0.13 -0.21 -0.22]
orbital number 4 energy -7.8857178733685735
[-0.1  -0.12 -0.19 -0.11  0.12  0.13  0.21  0.16 -0.01  0.21  0.13 -0.17
 -0.22 -0.14 -0.12 -0.14 -0.22 -0.04 -0.05 -0.03 -0.02 -0.03 -0.03 -0.05
  0.05  0.06  0.03  0.03  0.    0.03  0.06  0.15  0.19  0.12  0.11  0.12
  0.19  0.04  0.   -0.03 -0.01  0.    0.02 -0.14  0.01 -0.18  0.02  0.01
  0.    0.01  0.    0.    0.   -0.03 -0.02 -0.02 -0.05 -0.   -0.    0.02
 -0.   -0.    0.02 -0.01 -0.    0.05  0.02 -0.01 -0.2  -0.19  0.23  0.22
 -0.23 -0.23 -0.05 -0.05  0.06  0.06  0.19  0.2 ]
orbital number 5 energy -7.862853588465368
[-0.04 -0.05 -0.07 -0.04  0.    0.01  0.01  0.01  0.    0.01  0.01 -0.03
 -0.05 -0.03 -0.03 -0.03 -0.05  0.04  0.05  0.03  0.02 -0.01  0.03  0.05
  0.26  0.33  0.2   0.17  0.03  0.2   0.33 -0.16 -0.22 -0.14 -0.13 -0.14
 -0.23 -0.01 -0.01 -0.02 -0.01 -0.01 -0.01 -0.05  0.02 -0.07 -0.03  0.05
  0.03 -0.01  0.02  0.01  0.02 -0.01 -0.   -0.   -0.01  0.    0.   -0.02
  0.    0.   -0.03  0.01  0.   -0.06 -0.02 -0.   -0.07 -0.07  0.01  0.01
 -0.05 -0.05  0.05  0.05  0.35  0.35 -0.23 -0.24]
orbital number 6 energy -7.8577876703312795
[ 0.02  0.02  0.04  0.02 -0.06 -0.06 -0.09 -0.06  0.02 -0.09 -0.06 -0.14
 -0.19 -0.12 -0.11 -0.12 -0.19  0.27  0.35  0.21  0.18 -0.03  0.21  0.34
 -0.04 -0.05 -0.03 -0.03 -0.   -0.03 -0.05  0.01  0.01  0.01  0.01  0.01
  0.01 -0.03 -0.01 -0.   -0.   -0.01 -0.01  0.03 -0.    0.04  0.   -0.01
 -0.    0.   -0.   -0.   -0.   -0.03 -0.02 -0.02 -0.05  0.02  0.01  0.
  0.02  0.03  0.    0.05  0.03  0.    0.   -0.01  0.04  0.04 -0.1  -0.09
 -0.2  -0.2   0.38  0.36 -0.06 -0.06  0.01  0.02]
orbital number 7 energy -7.125150684408157
[-0.03  0.14  0.35 -0.17 -0.02  0.01  0.04  0.01  0.   -0.02 -0.02  0.
 -0.   -0.   -0.    0.    0.    0.   -0.   -0.   -0.   -0.   -0.   -0.
  0.    0.01  0.   -0.   -0.   -0.   -0.01 -0.    0.01  0.    0.   -0.
 -0.01 -0.05 -0.05 -0.05 -0.04 -0.04 -0.04 -0.   -0.   -0.35  0.   -0.
 -0.    0.   -0.   -0.   -0.   -0.   -0.   -0.   -0.   -0.   -0.    0.
 -0.   -0.    0.   -0.   -0.    0.    0.   -0.    0.6  -0.57  0.06 -0.03
 -0.    0.   -0.   -0.    0.01 -0.01  0.02 -0.02]
orbital number 8 energy -7.1204910789552205
[-0.01 -0.02 -0.03  0.01 -0.02  0.15  0.35 -0.   -0.   -0.35 -0.16  0.
 -0.01 -0.01 -0.    0.01  0.01 -0.   -0.01 -0.    0.   -0.    0.    0.01
  0.   -0.   -0.   -0.   -0.   -0.    0.    0.   -0.   -0.   -0.    0.
  0.   -0.03 -0.02 -0.02 -0.02 -0.02 -0.02  0.01  0.    0.04 -0.   -0.
 -0.   -0.   -0.   -0.   -0.   -0.   -0.   -0.   -0.    0.    0.   -0.
  0.    0.   -0.    0.    0.   -0.   -0.   -0.   -0.04  0.06  0.59 -0.58
 -0.02  0.02 -0.01  0.02 -0.    0.   -0.    0.  ]
orbital number 9 energy -7.099889450710716
[ 0.    0.   -0.    0.    0.    0.01  0.01 -0.   -0.   -0.01 -0.   -0.
  0.35  0.15 -0.   -0.15 -0.35  0.   -0.05 -0.02  0.   -0.    0.02  0.05
 -0.   -0.   -0.    0.    0.    0.    0.   -0.    0.    0.    0.   -0.
 -0.    0.    0.    0.    0.    0.    0.   -0.   -0.   -0.    0.    0.
  0.    0.    0.    0.    0.   -0.   -0.   -0.   -0.    0.    0.    0.
  0.    0.    0.    0.    0.    0.    0.   -0.   -0.   -0.    0.02 -0.02
  0.59 -0.59 -0.08  0.08 -0.    0.    0.   -0.  ]
orbital number 10 energy -7.098693593263114
[ 0.   -0.   -0.01  0.    0.    0.   -0.   -0.   -0.   -0.    0.   -0.
 -0.   -0.    0.    0.    0.   -0.    0.    0.    0.    0.    0.    0.
  0.   -0.12 -0.05 -0.   -0.    0.05  0.12  0.01  0.34  0.15  0.01 -0.14
 -0.32  0.    0.    0.    0.    0.    0.   -0.    0.    0.01  0.01 -0.
 -0.    0.   -0.   -0.   -0.    0.    0.    0.    0.    0.    0.    0.01
  0.    0.    0.01  0.    0.    0.01  0.01  0.   -0.01  0.01 -0.   -0.
 -0.    0.    0.    0.   -0.2   0.2   0.56 -0.56]
orbital number 11 energy -7.096059553980242
[ 0.    0.01  0.01 -0.    0.    0.   -0.   -0.   -0.   -0.    0.   -0.
 -0.   -0.    0.    0.    0.   -0.   -0.    0.    0.    0.    0.    0.
  0.   -0.33 -0.14  0.    0.    0.15  0.33 -0.   -0.12 -0.06 -0.    0.05
  0.12  0.    0.    0.    0.    0.    0.   -0.   -0.   -0.01 -0.    0.
  0.   -0.    0.    0.    0.    0.    0.    0.    0.    0.    0.   -0.
  0.    0.   -0.    0.    0.   -0.   -0.    0.    0.02 -0.02 -0.   -0.
 -0.    0.   -0.    0.   -0.56  0.56 -0.2   0.2 ]
orbital number 12 energy -7.093689587782771
[ 0.    0.   -0.    0.    0.   -0.   -0.01 -0.    0.    0.01  0.    0.
 -0.05 -0.02 -0.    0.02  0.05  0.01 -0.34 -0.15  0.01 -0.    0.16  0.36
 -0.    0.    0.    0.    0.   -0.   -0.   -0.   -0.   -0.    0.    0.
  0.    0.    0.    0.    0.    0.    0.   -0.   -0.   -0.    0.    0.
  0.    0.    0.    0.    0.   -0.   -0.   -0.   -0.    0.    0.    0.
  0.    0.    0.    0.    0.    0.    0.   -0.   -0.   -0.   -0.02  0.02
 -0.08  0.08 -0.58  0.59  0.   -0.   -0.    0.  ]
orbital number 13 energy -7.073955494754252
[ 0.17  0.06 -0.04  0.03  0.16  0.05 -0.05 -0.07 -0.02 -0.1   0.03 -0.
  0.    0.    0.01  0.01  0.01 -0.    0.01  0.01  0.01  0.    0.    0.
 -0.    0.01  0.01  0.01  0.    0.    0.   -0.    0.    0.    0.01  0.01
  0.01  0.39  0.37  0.4   0.35  0.33  0.34 -0.08 -0.02 -0.12  0.    0.
  0.    0.    0.    0.    0.    0.    0.    0.    0.01  0.    0.    0.
  0.    0.    0.    0.    0.    0.01  0.    0.   -0.08 -0.21 -0.09 -0.18
  0.    0.01  0.01  0.01  0.02  0.    0.    0.01]
orbital number 14 energy -6.875088328851448
[-0.   -0.    0.   -0.    0.    0.    0.   -0.   -0.02  0.    0.   -0.06
 -0.06  0.06  0.18  0.06 -0.06 -0.    0.    0.    0.    0.4   0.    0.
  0.   -0.   -0.   -0.   -0.   -0.   -0.    0.    0.   -0.   -0.   -0.
  0.   -0.   -0.   -0.   -0.   -0.   -0.    0.    0.    0.   -0.   -0.
 -0.   -0.   -0.   -0.   -0.    0.4   0.37  0.37  0.43  0.    0.   -0.
  0.    0.   -0.    0.01  0.   -0.   -0.    0.36  0.    0.    0.01  0.01
 -0.13 -0.13  0.    0.01 -0.   -0.    0.    0.  ]
orbital number 15 energy -6.864882570073622
[-0.   -0.   -0.   -0.    0.    0.   -0.   -0.   -0.   -0.    0.    0.
  0.   -0.   -0.   -0.    0.   -0.    0.    0.    0.   -0.    0.    0.
  0.   -0.   -0.   -0.01 -0.01 -0.   -0.    0.06  0.07 -0.06 -0.18 -0.06
  0.06  0.    0.    0.    0.    0.    0.    0.    0.02 -0.   -0.39 -0.01
 -0.01 -0.36 -0.01 -0.01 -0.01 -0.   -0.   -0.   -0.    0.    0.   -0.37
  0.    0.   -0.4   0.    0.   -0.44 -0.37 -0.   -0.01 -0.01 -0.   -0.
  0.    0.    0.    0.   -0.   -0.01  0.14  0.12]
orbital number 16 energy -6.790012098963229
[ 0.    0.    0.    0.   -0.   -0.    0.    0.    0.    0.   -0.    0.
 -0.   -0.    0.   -0.   -0.    0.   -0.   -0.   -0.    0.   -0.   -0.
 -0.04 -0.04  0.04  0.13  0.4   0.04 -0.04 -0.    0.    0.   -0.    0.
  0.   -0.   -0.   -0.   -0.   -0.   -0.   -0.   -0.01  0.   -0.01  0.41
  0.4  -0.01  0.4   0.39  0.4   0.    0.    0.    0.   -0.   -0.   -0.01
 -0.   -0.   -0.01 -0.   -0.   -0.01 -0.01  0.    0.01  0.01  0.    0.
 -0.   -0.   -0.   -0.   -0.09 -0.09  0.01  0.01]
orbital number 17 energy -6.766604882926024
[ 0.    0.   -0.    0.   -0.   -0.   -0.    0.    0.01 -0.   -0.    0.
 -0.   -0.   -0.   -0.   -0.    0.04  0.03 -0.04 -0.12  0.   -0.04  0.04
 -0.    0.    0.   -0.   -0.    0.    0.   -0.    0.    0.   -0.    0.
  0.    0.    0.    0.    0.    0.    0.   -0.   -0.   -0.   -0.   -0.
 -0.   -0.   -0.   -0.   -0.    0.    0.    0.    0.   -0.4  -0.4  -0.
 -0.4  -0.4  -0.   -0.41 -0.4  -0.   -0.    0.   -0.   -0.   -0.   -0.01
 -0.01 -0.01  0.08  0.08  0.    0.    0.    0.  ]
orbital number 18 energy -5.876619933419681
[-0.39 -0.24  0.   -0.24  0.39  0.24 -0.01  0.    0.   -0.01  0.23 -0.
 -0.    0.    0.    0.   -0.   -0.   -0.    0.    0.   -0.    0.   -0.
  0.    0.   -0.   -0.    0.   -0.    0.    0.    0.   -0.   -0.   -0.
  0.    0.27  0.   -0.26 -0.15  0.01  0.17 -0.   -0.    0.01  0.    0.
  0.    0.    0.    0.    0.   -0.   -0.   -0.   -0.   -0.   -0.    0.
 -0.   -0.    0.   -0.   -0.    0.    0.   -0.    0.27  0.27 -0.26 -0.26
  0.    0.    0.    0.   -0.   -0.   -0.   -0.  ]
orbital number 19 energy -5.577898018851024
[-0.01 -0.01 -0.   -0.01 -0.01 -0.01 -0.   -0.02 -0.05 -0.   -0.01 -0.08
 -0.04 -0.35 -0.49 -0.35 -0.04 -0.02 -0.   -0.02 -0.03  0.04 -0.02 -0.
 -0.   -0.   -0.   -0.    0.   -0.   -0.   -0.   -0.   -0.01 -0.01 -0.01
 -0.    0.    0.   -0.    0.    0.01  0.01 -0.   -0.   -0.    0.   -0.
  0.    0.01  0.    0.    0.    0.04  0.2   0.2  -0.13  0.01  0.01  0.
  0.01  0.    0.   -0.    0.   -0.    0.    0.26  0.01  0.01  0.02  0.02
  0.4   0.4   0.04  0.04  0.    0.    0.01  0.01]
orbital number 20 energy -5.574345556849723
[ 0.    0.01  0.    0.    0.01  0.01  0.    0.    0.    0.    0.01 -0.
 -0.   -0.01 -0.01 -0.01 -0.    0.    0.    0.    0.    0.    0.    0.
  0.03  0.    0.03  0.04 -0.    0.03  0.    0.08  0.03  0.35  0.49  0.35
  0.04  0.   -0.   -0.   -0.01 -0.01 -0.    0.02  0.05  0.   -0.05  0.01
 -0.   -0.27 -0.01 -0.01 -0.01  0.    0.01  0.01 -0.   -0.   -0.   -0.2
 -0.   -0.   -0.05  0.   -0.    0.13 -0.2   0.01 -0.02 -0.02 -0.01 -0.01
  0.01  0.01 -0.   -0.   -0.05 -0.05 -0.4  -0.39]
orbital number 21 energy -5.5290152692233585
[ 0.02  0.02  0.    0.02  0.03  0.02  0.    0.01  0.    0.    0.02  0.
 -0.   -0.   -0.   -0.   -0.    0.    0.    0.01  0.01  0.    0.01  0.
  0.11  0.05  0.37  0.5  -0.03  0.36  0.05  0.01 -0.   -0.04 -0.06 -0.04
 -0.    0.   -0.   -0.01 -0.02 -0.02 -0.01  0.03  0.07  0.    0.    0.1
 -0.02  0.03 -0.14 -0.18 -0.14  0.    0.    0.   -0.   -0.   -0.    0.03
 -0.   -0.    0.01  0.   -0.   -0.02  0.03  0.   -0.04 -0.04 -0.02 -0.02
  0.    0.   -0.01 -0.01 -0.43 -0.42  0.03  0.03]
orbital number 22 energy -5.51414309871282
[ 0.04  0.03  0.    0.03  0.03  0.02  0.01  0.04  0.07  0.    0.02  0.02
 -0.   -0.04 -0.05 -0.04 -0.    0.11  0.05  0.37  0.5   0.    0.36  0.05
 -0.   -0.   -0.01 -0.02  0.   -0.01 -0.    0.   -0.   -0.   -0.   -0.
 -0.   -0.01 -0.    0.   -0.02 -0.03 -0.03  0.01  0.    0.    0.   -0.
  0.    0.    0.01  0.01  0.01  0.    0.02  0.02 -0.02 -0.13 -0.17  0.
 -0.13 -0.02  0.    0.09 -0.02 -0.    0.    0.03 -0.03 -0.03 -0.05 -0.05
  0.01  0.01 -0.43 -0.43  0.01  0.01  0.    0.  ]
orbital number 23 energy -5.466104361333999
[-0.3  -0.24 -0.05 -0.23 -0.32 -0.25 -0.04 -0.09 -0.05 -0.04 -0.25 -0.01
  0.    0.02  0.02  0.02  0.   -0.01  0.01  0.05  0.08 -0.    0.05  0.01
 -0.01  0.    0.04  0.06 -0.    0.04  0.   -0.02  0.    0.02  0.02  0.02
  0.    0.02  0.02  0.02  0.22  0.3   0.22 -0.09 -0.05 -0.04 -0.    0.01
 -0.   -0.01 -0.02 -0.02 -0.02 -0.   -0.01 -0.01  0.01 -0.02 -0.03 -0.01
 -0.02 -0.   -0.    0.02 -0.    0.01 -0.01 -0.01  0.28  0.28  0.29  0.29
 -0.   -0.   -0.04 -0.04 -0.03 -0.03 -0.   -0.  ]
orbital number 24 energy -4.925750398867772
[ 0.11  0.02 -0.07  0.02 -0.06  0.    0.06  0.22  0.27  0.06 -0.    0.17
  0.03 -0.04 -0.09 -0.04  0.03  0.17  0.03 -0.06 -0.11 -0.01 -0.07  0.02
 -0.25 -0.04  0.09  0.16  0.02  0.09 -0.04 -0.24 -0.04  0.06  0.12  0.05
 -0.05 -0.12  0.01  0.14  0.08 -0.03 -0.12 -0.31 -0.38 -0.07  0.02  0.07
  0.02 -0.1  -0.05 -0.08 -0.05 -0.01  0.04  0.04 -0.06  0.04  0.06 -0.06
  0.04 -0.01  0.02 -0.05 -0.01  0.08 -0.06  0.07  0.19  0.2  -0.15 -0.15
 -0.09 -0.09 -0.07 -0.07  0.11  0.11  0.13  0.13]
orbital number 25 energy -4.8684564677511135
[-0.12 -0.06  0.03 -0.07 -0.15 -0.07  0.05  0.27  0.38  0.05 -0.07  0.26
  0.05 -0.05 -0.13 -0.05  0.05  0.26  0.04 -0.09 -0.17 -0.02 -0.09  0.04
  0.19  0.03 -0.06 -0.12 -0.01 -0.06  0.03  0.18  0.04 -0.04 -0.09 -0.04
  0.04 -0.07 -0.08 -0.03  0.13  0.19  0.1   0.19  0.27  0.03 -0.02 -0.06
 -0.01  0.07  0.04  0.07  0.04 -0.02  0.07  0.07 -0.1   0.05  0.09  0.05
  0.05 -0.02 -0.01 -0.08 -0.02 -0.07  0.05  0.11 -0.08 -0.08 -0.13 -0.13
 -0.14 -0.14 -0.11 -0.11 -0.09 -0.09 -0.1  -0.1 ]
orbital number 26 energy -4.31033059457012
[ 0.03 -0.08 -0.11 -0.08 -0.03  0.08  0.11  0.19 -0.04  0.1   0.07 -0.19
 -0.09 -0.03  0.06 -0.03 -0.09 -0.07 -0.03  0.    0.03  0.09  0.01 -0.02
  0.09  0.04 -0.   -0.04 -0.04 -0.    0.03  0.18  0.08  0.02 -0.06  0.03
  0.08 -0.27 -0.01  0.26  0.27  0.01 -0.25 -0.19  0.04 -0.1  -0.08 -0.09
 -0.04  0.19  0.05  0.09  0.05  0.09 -0.11 -0.11  0.21 -0.04 -0.07  0.1
 -0.03  0.03 -0.08  0.07  0.03 -0.19  0.1  -0.21  0.16  0.16 -0.17 -0.17
  0.14  0.14  0.04  0.04 -0.06 -0.05 -0.13 -0.13]
orbital number 27 energy -4.306596900933546
[ 0.02 -0.07 -0.09 -0.06  0.02 -0.06 -0.08 -0.15  0.03 -0.08 -0.05  0.15
  0.07  0.02 -0.05  0.02  0.07  0.05  0.02 -0.   -0.02 -0.07 -0.01  0.02
  0.07  0.03 -0.   -0.03 -0.03 -0.    0.03  0.15  0.07  0.02 -0.05  0.02
  0.07  0.21  0.41  0.22 -0.21 -0.42 -0.22 -0.16  0.03 -0.08 -0.07 -0.08
 -0.03  0.16  0.04  0.07  0.04 -0.07  0.08  0.08 -0.16  0.03  0.05  0.08
  0.03 -0.02 -0.07 -0.05 -0.02 -0.16  0.08  0.16  0.14  0.13  0.13  0.12
 -0.11 -0.11 -0.03 -0.03 -0.05 -0.04 -0.11 -0.11]
orbital number 28 energy -4.234919384770469
[ 0.    0.03  0.03  0.02  0.    0.   -0.   -0.01 -0.   -0.    0.    0.02
  0.01  0.01 -0.01  0.01  0.01 -0.02 -0.01 -0.    0.01 -0.02 -0.   -0.01
 -0.26 -0.11 -0.03  0.09  0.19 -0.03 -0.12  0.2   0.1   0.06 -0.05  0.06
  0.11  0.   -0.07 -0.07 -0.01  0.07  0.07  0.03 -0.03  0.02 -0.13  0.39
  0.18  0.28 -0.2  -0.38 -0.19 -0.02  0.02  0.02 -0.04 -0.01 -0.03  0.14
 -0.01  0.01 -0.13  0.03  0.01 -0.28  0.15  0.04 -0.04 -0.04  0.    0.01
 -0.02 -0.02  0.01  0.01  0.18  0.18 -0.16 -0.16]
orbital number 29 energy -4.22327140551516
[ 0.01 -0.   -0.01 -0.01  0.01  0.04  0.03  0.04 -0.05  0.03  0.04  0.17
  0.1   0.06 -0.03  0.06  0.09 -0.27 -0.12 -0.02  0.1  -0.13 -0.02 -0.11
  0.03  0.01  0.01 -0.01 -0.03  0.    0.01 -0.01 -0.   -0.    0.   -0.
 -0.   -0.11 -0.08  0.02  0.11  0.08 -0.03 -0.02  0.   -0.01  0.   -0.05
 -0.02 -0.01  0.03  0.05  0.02 -0.13  0.13  0.14 -0.27 -0.2  -0.39 -0.
 -0.19  0.19  0.    0.39  0.18  0.01 -0.01  0.27  0.02  0.02 -0.05 -0.05
 -0.14 -0.14  0.18  0.17 -0.02 -0.02  0.01  0.01]
orbital number 30 energy -4.2100520063231475
[ 0.   -0.   -0.   -0.    0.    0.    0.    0.   -0.    0.    0.    0.
 -0.   -0.   -0.    0.01  0.   -0.   -0.   -0.    0.    0.5  -0.   -0.
  0.    0.    0.   -0.   -0.    0.    0.    0.    0.    0.   -0.    0.
  0.   -0.   -0.    0.    0.    0.   -0.   -0.   -0.   -0.   -0.   -0.
 -0.    0.    0.    0.    0.   -0.5   0.5  -0.5  -0.   -0.   -0.    0.
 -0.    0.   -0.    0.    0.   -0.    0.    0.    0.    0.   -0.   -0.
  0.   -0.    0.    0.   -0.   -0.   -0.   -0.  ]
orbital number 31 energy -4.199684466977824
[ 0.    0.    0.    0.    0.   -0.   -0.   -0.    0.   -0.   -0.   -0.
 -0.   -0.    0.   -0.   -0.    0.    0.    0.   -0.    0.    0.    0.
 -0.01 -0.   -0.    0.   -0.5   0.   -0.    0.    0.    0.   -0.    0.
  0.    0.   -0.   -0.   -0.    0.    0.    0.   -0.    0.   -0.    0.01
  0.5   0.01  0.5  -0.   -0.5   0.   -0.   -0.    0.    0.    0.    0.
  0.   -0.   -0.   -0.   -0.   -0.01  0.   -0.   -0.   -0.    0.    0.
  0.    0.   -0.   -0.    0.01  0.   -0.   -0.  ]
orbital number 32 energy -4.195290901592082
[ 0.    0.    0.    0.    0.   -0.   -0.   -0.    0.   -0.   -0.    0.
 -0.   -0.   -0.    0.    0.    0.    0.    0.   -0.   -0.    0.    0.
  0.    0.    0.   -0.   -0.    0.    0.   -0.   -0.   -0.01  0.    0.
  0.    0.   -0.   -0.   -0.    0.    0.    0.   -0.    0.    0.5  -0.
 -0.    0.    0.    0.    0.    0.   -0.    0.   -0.    0.    0.   -0.5
  0.   -0.   -0.5  -0.   -0.    0.    0.5   0.   -0.   -0.    0.    0.
 -0.   -0.   -0.   -0.   -0.   -0.    0.   -0.  ]
orbital number 33 energy -4.180856794212885
[ 0.   0.  -0.  -0.   0.   0.   0.   0.  -0.   0.   0.   0.   0.   0.
 -0.   0.   0.  -0.  -0.   0.   0.  -0.  -0.  -0.   0.   0.   0.  -0.
 -0.   0.   0.   0.   0.   0.  -0.   0.   0.  -0.  -0.   0.   0.   0.
 -0.  -0.  -0.  -0.  -0.  -0.  -0.   0.   0.   0.   0.  -0.   0.   0.
 -0.   0.5 -0.   0.  -0.5 -0.5 -0.   0.   0.5 -0.   0.   0.   0.   0.
 -0.  -0.  -0.  -0.   0.   0.  -0.  -0.  -0.  -0. ]
orbital number 34 energy -4.014577150424682
[-0.09 -0.09  0.01 -0.08 -0.1  -0.1   0.01  0.11  0.15  0.01 -0.09  0.02
 -0.03 -0.09 -0.05 -0.09 -0.03  0.1  -0.   -0.1  -0.1   0.12 -0.1   0.
  0.08 -0.   -0.08 -0.08  0.12 -0.08  0.    0.01 -0.03 -0.07 -0.04 -0.07
 -0.03  0.14  0.28  0.12 -0.11 -0.21 -0.08  0.1   0.12  0.01  0.1   0.22
  0.13 -0.18 -0.1  -0.22 -0.1   0.12 -0.1  -0.1   0.21 -0.13 -0.27 -0.09
 -0.13  0.15  0.1   0.28  0.15  0.18 -0.08 -0.21 -0.01 -0.01 -0.01 -0.01
  0.04  0.04  0.    0.    0.    0.    0.04  0.04]
orbital number 35 energy -3.9569337940152987
[ 0.07  0.11  0.03  0.1  -0.05 -0.08 -0.03  0.02  0.13 -0.03 -0.09  0.05
 -0.01 -0.08 -0.06 -0.08 -0.01  0.14  0.02 -0.09 -0.11  0.1  -0.09  0.02
 -0.16 -0.02  0.11  0.13 -0.14  0.11 -0.02 -0.05  0.02  0.09  0.07  0.09
  0.02  0.19 -0.03 -0.21 -0.21  0.02  0.23 -0.04 -0.16  0.03 -0.12 -0.25
 -0.15  0.21  0.11  0.25  0.11  0.1  -0.08 -0.08  0.17 -0.1  -0.21  0.1
 -0.1   0.12 -0.12  0.22  0.12 -0.21  0.09 -0.17 -0.04 -0.04  0.04  0.04
  0.02  0.02 -0.03 -0.03  0.03  0.03 -0.03 -0.03]
orbital number 36 energy -3.4967370569400273
[ 0.18  0.09 -0.1   0.1   0.2   0.14 -0.09 -0.31 -0.01 -0.13  0.09 -0.06
 -0.03  0.01  0.04  0.04 -0.01  0.34  0.14 -0.09 -0.22 -0.03 -0.13  0.12
  0.28  0.11 -0.08 -0.18  0.07 -0.1   0.1  -0.03 -0.02  0.    0.02  0.03
 -0.   -0.1  -0.23 -0.08  0.05  0.12  0.02 -0.26 -0.01 -0.09 -0.01  0.1
  0.08  0.02 -0.04 -0.1  -0.04 -0.03  0.01  0.01 -0.03 -0.05 -0.12  0.01
 -0.05  0.09 -0.01  0.12  0.09 -0.02  0.01  0.04  0.1   0.1   0.1   0.13
  0.03  0.01 -0.15 -0.12 -0.12 -0.11  0.02  0.  ]
orbital number 37 energy -3.4579100697650684
[-0.08 -0.01  0.07 -0.11  0.02  0.05  0.02 -0.03 -0.02 -0.02 -0.01 -0.31
 -0.12  0.11  0.21  0.14 -0.1   0.28  0.11 -0.08 -0.18 -0.12 -0.09  0.11
 -0.3  -0.11  0.1   0.19 -0.08  0.09 -0.12  0.24  0.08 -0.09 -0.16 -0.1
  0.07 -0.04  0.04  0.07  0.07 -0.02 -0.09  0.12  0.02  0.    0.09 -0.1
 -0.08 -0.13  0.04  0.1   0.04 -0.12  0.06  0.06 -0.16 -0.04 -0.09 -0.05
 -0.04  0.07  0.09  0.09  0.07  0.12 -0.05  0.17 -0.07 -0.01 -0.01  0.02
  0.12  0.1  -0.11 -0.11  0.12  0.12 -0.09 -0.08]
orbital number 38 energy -3.4338218986004856
[-0.09 -0.13 -0.    0.04 -0.14 -0.04  0.1   0.21 -0.01  0.05 -0.11 -0.32
 -0.11  0.13  0.22  0.13 -0.11  0.07  0.01 -0.05 -0.05 -0.12  0.    0.05
  0.15  0.04 -0.08 -0.1   0.04 -0.01  0.08 -0.35 -0.11  0.16  0.24  0.13
 -0.13  0.07  0.13  0.03 -0.05 -0.06  0.01  0.14 -0.02  0.11 -0.14  0.05
  0.04  0.19 -0.02 -0.05 -0.02 -0.12  0.06  0.06 -0.15 -0.01 -0.02  0.07
 -0.01  0.02 -0.14  0.02  0.02 -0.18  0.07  0.16 -0.   -0.11 -0.1  -0.06
  0.11  0.12 -0.01 -0.05 -0.04 -0.08  0.12  0.13]
orbital number 39 energy -3.404583989309914
[ 0.03 -0.49 -0.34  0.52  0.01  0.04  0.02 -0.01 -0.   -0.02 -0.03  0.01
  0.   -0.01 -0.01 -0.    0.01 -0.    0.    0.    0.    0.01 -0.   -0.
 -0.05 -0.02  0.02  0.03 -0.01  0.01 -0.03  0.1   0.03 -0.05 -0.07 -0.03
  0.04 -0.01 -0.02 -0.02 -0.    0.02  0.01 -0.03  0.    0.32  0.04 -0.02
 -0.01 -0.05  0.01  0.02  0.01  0.01 -0.   -0.    0.01  0.    0.   -0.02
  0.   -0.    0.04 -0.   -0.    0.05 -0.02 -0.01  0.34 -0.32 -0.02  0.02
 -0.   -0.01 -0.    0.    0.02  0.03 -0.03 -0.04]
orbital number 40 energy -3.3984118592243586
[ 0.02  0.05  0.01 -0.02 -0.02  0.5   0.34  0.03  0.   -0.33 -0.53  0.03
  0.01 -0.01 -0.02 -0.01  0.01 -0.04 -0.03  0.    0.03  0.01  0.03 -0.01
  0.01  0.01  0.01 -0.    0.   -0.01 -0.    0.03  0.01 -0.01 -0.02 -0.01
  0.01  0.02  0.   -0.01 -0.03 -0.01  0.02 -0.03 -0.   -0.04  0.01  0.
  0.   -0.01 -0.   -0.   -0.    0.01 -0.   -0.    0.01  0.01  0.01 -0.
  0.01 -0.01  0.01 -0.01 -0.01  0.01 -0.01 -0.01 -0.01  0.04 -0.34  0.33
 -0.01 -0.01  0.03  0.01 -0.01  0.   -0.01 -0.01]
orbital number 41 energy -3.3711332797772964
[ 0.05  0.05 -0.02  0.03 -0.06 -0.07  0.02  0.1   0.01  0.05 -0.02 -0.07
 -0.    0.06  0.04 -0.01 -0.05 -0.03 -0.06 -0.07  0.02 -0.02  0.08  0.04
  0.04  0.34  0.48 -0.03  0.01 -0.5  -0.31  0.04 -0.01 -0.06 -0.03  0.03
  0.04  0.06  0.   -0.06 -0.08 -0.    0.08 -0.08 -0.01 -0.03  0.01  0.01
  0.01 -0.02 -0.   -0.01 -0.01 -0.02  0.01  0.01 -0.03  0.    0.01 -0.01
  0.   -0.01  0.01 -0.01 -0.01  0.02 -0.01  0.03  0.02  0.03 -0.02 -0.05
  0.    0.05  0.06 -0.04 -0.33  0.3   0.01 -0.04]
orbital number 42 energy -3.3616845104433564
[ 0.09  0.07 -0.03  0.05 -0.05 -0.06  0.01  0.08  0.01  0.04 -0.01 -0.05
  0.08  0.17  0.03 -0.13 -0.12 -0.02 -0.29 -0.42  0.01 -0.02  0.44  0.27
  0.04 -0.07 -0.15 -0.02  0.01  0.13  0.1   0.1  -0.03 -0.13 -0.07  0.06
  0.1   0.06 -0.02 -0.08 -0.09  0.01  0.1  -0.13 -0.01 -0.05  0.04  0.01
  0.01 -0.05 -0.   -0.01 -0.   -0.02  0.01  0.01 -0.02  0.    0.01 -0.02
  0.   -0.01  0.04 -0.01 -0.    0.04 -0.02  0.02  0.03  0.05 -0.01 -0.04
 -0.08  0.12  0.28 -0.27  0.07 -0.1   0.03 -0.1 ]
orbital number 43 energy -3.35829953499046
[ 0.01  0.01 -0.    0.01 -0.01 -0.    0.    0.01 -0.    0.   -0.01 -0.02
  0.31  0.49  0.02 -0.48 -0.33  0.01  0.13  0.18 -0.01 -0.   -0.19 -0.12
  0.   -0.01 -0.01 -0.    0.    0.01  0.01  0.01 -0.01 -0.02 -0.01  0.01
  0.02  0.01 -0.   -0.01 -0.01  0.    0.01 -0.02 -0.   -0.01  0.    0.
  0.   -0.01 -0.   -0.   -0.   -0.01  0.01 -0.   -0.01 -0.   -0.   -0.
 -0.    0.    0.    0.    0.    0.   -0.    0.01  0.    0.01 -0.   -0.
 -0.31  0.32 -0.12  0.12  0.01 -0.01  0.01 -0.02]
orbital number 44 energy -3.3540119422773125
[ 0.06  0.06 -0.02  0.03 -0.08 -0.06  0.03  0.11  0.01  0.05 -0.04 -0.07
 -0.08 -0.06  0.05  0.11  0.03 -0.04  0.09  0.17  0.02 -0.02 -0.15 -0.12
  0.03 -0.03 -0.07 -0.02  0.01  0.05  0.05  0.06 -0.27 -0.48 -0.04  0.43
  0.32  0.07  0.01 -0.06 -0.09 -0.    0.09 -0.09 -0.01 -0.04  0.02  0.01
  0.01 -0.03 -0.   -0.01 -0.   -0.02  0.01  0.01 -0.03  0.    0.01 -0.01
  0.   -0.01  0.03 -0.01 -0.01  0.03 -0.02  0.03  0.02  0.04 -0.03 -0.05
  0.08 -0.03 -0.09  0.12  0.03 -0.05  0.27 -0.31]
orbital number 45 energy -3.344211660922167
[-0.19 -0.15  0.08 -0.1   0.16  0.14 -0.06 -0.24 -0.02 -0.1   0.08  0.14
  0.1   0.01 -0.1  -0.12  0.01  0.08 -0.05 -0.16 -0.05  0.05  0.11  0.12
 -0.09  0.01  0.11  0.06 -0.02 -0.06 -0.09 -0.19 -0.22 -0.16  0.13  0.3
  0.08 -0.16  0.02  0.17  0.23 -0.01 -0.24  0.28  0.02  0.11 -0.07 -0.03
 -0.02  0.09  0.01  0.03  0.01  0.05 -0.02 -0.02  0.06 -0.01 -0.02  0.03
 -0.01  0.02 -0.06  0.02  0.02 -0.08  0.03 -0.07 -0.07 -0.11  0.06  0.1
 -0.1  -0.01  0.05 -0.12 -0.02  0.09  0.22 -0.08]
orbital number 46 energy 0.0
[ 0.2  -0.02 -0.19 -0.02 -0.11  0.01  0.1   0.02 -0.34  0.1   0.01  0.02
  0.09  0.01 -0.1   0.01  0.09  0.03  0.11  0.01 -0.11  0.03  0.01  0.11
 -0.05 -0.19 -0.01  0.19 -0.04 -0.01 -0.19 -0.04 -0.16 -0.01  0.16 -0.01
 -0.16 -0.01 -0.03  0.02 -0.1  -0.    0.1  -0.04  0.6  -0.19 -0.05  0.01
 -0.04  0.04 -0.    0.04 -0.    0.03  0.    0.   -0.    0.   -0.02 -0.
  0.    0.02 -0.05 -0.    0.02  0.01 -0.   -0.03  0.1   0.11 -0.06 -0.06
 -0.05 -0.05 -0.06 -0.06  0.11  0.11  0.09  0.09]
orbital number 47 energy 0.005289667362789352
[-0.11  0.01  0.11  0.01 -0.19  0.01  0.19  0.04 -0.61  0.19  0.02  0.04
  0.17  0.01 -0.17  0.01  0.17  0.05  0.19  0.01 -0.19  0.05  0.01  0.19
  0.03  0.11  0.01 -0.11  0.02  0.01  0.11  0.02  0.09  0.01 -0.09  0.01
  0.09 -0.01  0.1  -0.   -0.02  0.01  0.03  0.02 -0.34  0.11  0.03 -0.
  0.02 -0.03  0.   -0.02  0.    0.05  0.    0.   -0.01  0.   -0.03  0.
  0.    0.03  0.03 -0.01  0.03 -0.    0.   -0.05 -0.06 -0.06 -0.1  -0.1
 -0.09 -0.09 -0.11 -0.11 -0.06 -0.06 -0.05 -0.05]
orbital number 48 energy 2.737085925982484
[-0.23  0.2   0.08  0.2   0.2  -0.17 -0.07  0.21 -0.06 -0.07 -0.17 -0.08
  0.05  0.05 -0.09  0.06  0.05 -0.05  0.04  0.03 -0.07  0.05  0.03  0.04
  0.07 -0.05 -0.04  0.08 -0.03 -0.04 -0.05  0.09 -0.06 -0.06  0.1  -0.06
 -0.06  0.29  0.03 -0.32  0.38  0.02 -0.39 -0.24  0.07  0.08 -0.06  0.05
 -0.03  0.08 -0.02  0.05 -0.02  0.05  0.03  0.03 -0.07  0.01 -0.03 -0.03
  0.01  0.02 -0.06 -0.03  0.02  0.08 -0.03 -0.07 -0.03 -0.03  0.03  0.03
 -0.02 -0.02 -0.02 -0.02  0.02  0.02  0.02  0.02]
orbital number 49 energy 2.931488124450717
[ 0.18 -0.12 -0.08 -0.12  0.2  -0.13 -0.09  0.19 -0.   -0.08 -0.14 -0.2
  0.09  0.15 -0.21  0.15  0.09 -0.   -0.    0.   -0.    0.15 -0.    0.
 -0.01  0.    0.01 -0.01  0.    0.    0.01 -0.18  0.08  0.13 -0.19  0.13
  0.08  0.16 -0.34  0.13  0.1  -0.21  0.07  0.17 -0.   -0.07  0.13 -0.01
  0.   -0.2   0.   -0.01  0.    0.15  0.09  0.09 -0.22  0.   -0.    0.08
  0.    0.    0.13 -0.    0.   -0.19  0.08 -0.22  0.03  0.03  0.03  0.03
 -0.04 -0.04 -0.   -0.   -0.   -0.   -0.03 -0.03]
orbital number 50 energy 2.984623653448499
[-0.05  0.05  0.01  0.05 -0.01 -0.01  0.01  0.   -0.04  0.01 -0.01  0.17
 -0.06 -0.13  0.17 -0.12 -0.06 -0.09  0.06  0.06 -0.1  -0.13  0.06  0.05
  0.19 -0.1  -0.12  0.21 -0.12 -0.12 -0.1  -0.24  0.09  0.18 -0.25  0.18
  0.09  0.03  0.06 -0.08  0.05  0.04 -0.08 -0.06  0.05  0.01  0.19  0.18
 -0.12 -0.28 -0.07  0.18 -0.07 -0.13 -0.08 -0.08  0.19  0.03 -0.08  0.12
  0.03  0.05  0.19 -0.08  0.05 -0.28  0.12  0.2  -0.   -0.   -0.01 -0.
  0.03  0.03 -0.02 -0.02  0.04  0.04 -0.04 -0.04]
orbital number 51 energy 3.015850450825316
[ 0.12 -0.08 -0.05 -0.09  0.15 -0.12 -0.05  0.15 -0.07 -0.05 -0.12  0.17
 -0.06 -0.13  0.17 -0.13 -0.06 -0.21  0.12  0.13 -0.23 -0.14  0.13  0.12
 -0.14  0.07  0.09 -0.15  0.09  0.09  0.07  0.07 -0.02 -0.05  0.07 -0.05
 -0.02  0.16 -0.29  0.09  0.12 -0.2   0.05  0.12 -0.03 -0.05 -0.05 -0.14
  0.09  0.08  0.06 -0.14  0.06 -0.14 -0.09 -0.09  0.21  0.08 -0.18 -0.03
  0.08  0.12 -0.05 -0.19  0.12  0.08 -0.03  0.21  0.02  0.02  0.02  0.02
  0.02  0.02 -0.05 -0.05 -0.03 -0.03  0.01  0.01]
orbital number 52 energy 3.2598320220556865
[ 0.04 -0.08  0.04 -0.08  0.01  0.01 -0.03  0.01  0.07 -0.02  0.01 -0.03
 -0.    0.03 -0.03  0.03 -0.   -0.08  0.02  0.07 -0.08  0.04  0.07  0.02
  0.17 -0.02 -0.15  0.17 -0.22 -0.15 -0.02  0.09  0.01 -0.09  0.08 -0.1
  0.01 -0.05 -0.13  0.18 -0.07 -0.11  0.17  0.05 -0.19  0.04 -0.12  0.39
 -0.22  0.21 -0.17  0.38 -0.18  0.04  0.03  0.03 -0.07  0.07 -0.15 -0.09
  0.07  0.09 -0.12 -0.16  0.09  0.21 -0.09 -0.07 -0.01 -0.01  0.01  0.01
  0.    0.   -0.01 -0.01  0.01  0.01 -0.   -0.01]
orbital number 53 energy 3.2905023555265833
[-0.04  0.04  0.    0.04 -0.05  0.08 -0.03 -0.06  0.18 -0.03  0.08 -0.07
 -0.02  0.08 -0.06  0.08 -0.02 -0.18  0.03  0.15 -0.17  0.11  0.15  0.03
 -0.05  0.    0.04 -0.04  0.07  0.04  0.   -0.03 -0.01  0.03 -0.02  0.03
 -0.01 -0.17  0.24 -0.06 -0.16  0.21 -0.05 -0.04  0.07 -0.01  0.04 -0.12
  0.07 -0.07  0.06 -0.12  0.06  0.11  0.09  0.09 -0.19  0.18 -0.38  0.03
  0.18  0.22  0.04 -0.39  0.22 -0.07  0.03 -0.19 -0.    0.    0.01  0.01
  0.01  0.01 -0.01 -0.01 -0.   -0.    0.    0.  ]
orbital number 54 energy 3.45656582191555
[-0.  -0.   0.  -0.  -0.   0.  -0.  -0.   0.   0.   0.  -0.  -0.   0.
 -0.   0.  -0.  -0.  -0.   0.   0.   0.   0.  -0.   0.   0.  -0.   0.
 -0.5  0.  -0.   0.   0.  -0.   0.  -0.   0.  -0.  -0.   0.   0.  -0.
  0.  -0.  -0.   0.  -0.   0.   0.5  0.  -0.5  0.   0.5  0.   0.   0.
 -0.   0.  -0.  -0.   0.   0.  -0.  -0.   0.   0.  -0.  -0.  -0.  -0.
  0.  -0.   0.   0.   0.   0.  -0.   0.  -0.  -0. ]
orbital number 55 energy 3.4744457944398457
[-0.   0.  -0.   0.  -0.  -0.   0.  -0.  -0.   0.  -0.   0.   0.  -0.
 -0.  -0.   0.   0.  -0.   0.   0.  -0.  -0.   0.   0.  -0.   0.   0.
  0.   0.  -0.  -0.  -0.   0.   0.   0.  -0.   0.  -0.  -0.   0.  -0.
  0.  -0.   0.   0.   0.  -0.   0.  -0.   0.  -0.   0.  -0.  -0.  -0.
  0.  -0.5  0.   0.   0.5 -0.5  0.   0.   0.5 -0.   0.   0.   0.  -0.
 -0.  -0.  -0.  -0.   0.  -0.   0.   0.   0.   0. ]
orbital number 56 energy 3.4937907672989272
[-0.    0.   -0.    0.   -0.   -0.    0.    0.   -0.    0.   -0.    0.
 -0.01  0.01  0.   -0.01  0.01 -0.    0.    0.   -0.   -0.5   0.    0.
  0.   -0.    0.    0.    0.    0.   -0.   -0.   -0.    0.    0.    0.
 -0.    0.   -0.   -0.    0.   -0.    0.   -0.    0.    0.    0.   -0.
  0.   -0.    0.   -0.    0.    0.5   0.5  -0.5   0.    0.   -0.    0.
  0.    0.    0.   -0.    0.   -0.    0.    0.    0.   -0.   -0.   -0.
  0.   -0.    0.   -0.    0.    0.    0.    0.  ]
orbital number 57 energy 3.508216345330591
[-0.    0.    0.   -0.   -0.    0.   -0.   -0.    0.    0.   -0.   -0.
  0.    0.   -0.    0.   -0.    0.   -0.    0.    0.   -0.    0.   -0.
 -0.    0.   -0.   -0.   -0.   -0.    0.    0.    0.01 -0.01  0.    0.01
 -0.01  0.   -0.    0.    0.   -0.    0.   -0.   -0.    0.    0.5   0.
 -0.    0.   -0.    0.   -0.    0.    0.   -0.   -0.    0.   -0.    0.5
  0.    0.   -0.5  -0.    0.    0.   -0.5  -0.   -0.   -0.    0.   -0.
 -0.   -0.    0.    0.   -0.   -0.   -0.    0.  ]
orbital number 58 energy 3.822537495738275
[ 0.19 -0.17  0.01  0.03  0.2  -0.1  -0.08  0.19  0.01 -0.15 -0.05  0.01
  0.01 -0.02  0.01  0.02 -0.02 -0.2   0.11  0.09 -0.22  0.    0.08  0.12
 -0.17  0.09  0.08 -0.18 -0.06  0.06  0.11  0.    0.02 -0.01  0.    0.01
 -0.02 -0.13  0.21 -0.11 -0.21  0.36 -0.2   0.17 -0.   -0.22 -0.    0.18
 -0.06 -0.   -0.1   0.18 -0.1   0.    0.01  0.   -0.01 -0.11  0.2   0.
 -0.11 -0.08  0.    0.2  -0.07 -0.    0.   -0.01 -0.    0.08  0.03  0.05
 -0.01  0.01 -0.04 -0.04 -0.03 -0.04 -0.01  0.01]
orbital number 59 energy 3.841020223287712
[ 0.04  0.42 -0.52 -0.45  0.04 -0.09  0.06  0.03  0.   -0.11  0.06  0.
  0.   -0.01  0.    0.   -0.01 -0.04  0.02  0.02 -0.05  0.    0.02  0.03
 -0.04  0.02  0.02 -0.04 -0.01  0.01  0.03 -0.    0.   -0.   -0.    0.
  0.   -0.03  0.05 -0.03 -0.05  0.08 -0.04  0.04 -0.    0.47 -0.    0.04
 -0.01  0.01 -0.02  0.04 -0.02  0.    0.    0.   -0.   -0.02  0.04 -0.
 -0.02 -0.01 -0.    0.04 -0.01  0.01 -0.   -0.01  0.19 -0.17 -0.02  0.04
 -0.    0.   -0.01 -0.01 -0.01 -0.01 -0.   -0.  ]
orbital number 60 energy 3.8424435786775586
[ 0.01  0.06 -0.08 -0.07  0.02  0.44 -0.51  0.02  0.01  0.49 -0.45  0.01
  0.   -0.01  0.01  0.01 -0.02 -0.04  0.03  0.02 -0.04  0.01  0.02  0.02
 -0.    0.    0.   -0.01 -0.    0.    0.   -0.    0.   -0.   -0.    0.
  0.   -0.02  0.02 -0.   -0.02  0.03 -0.01  0.01 -0.    0.07 -0.    0.
 -0.    0.   -0.    0.   -0.    0.01  0.01  0.01 -0.02 -0.02  0.04 -0.
 -0.02 -0.01 -0.    0.04 -0.01  0.   -0.   -0.02  0.03 -0.03  0.19 -0.18
 -0.    0.01 -0.01 -0.01 -0.   -0.   -0.   -0.  ]
orbital number 61 energy 3.863679118256994
[ 0.    0.   -0.   -0.    0.   -0.   -0.    0.    0.   -0.    0.    0.
  0.   -0.    0.    0.   -0.   -0.    0.    0.   -0.    0.    0.    0.
 -0.01  0.52 -0.45 -0.01  0.    0.46 -0.5   0.01 -0.01  0.01  0.01 -0.01
  0.   -0.    0.    0.   -0.    0.   -0.    0.    0.    0.    0.    0.01
 -0.01 -0.01 -0.    0.01 -0.01  0.    0.    0.   -0.   -0.    0.    0.01
 -0.   -0.    0.    0.   -0.   -0.01  0.01 -0.    0.   -0.    0.    0.
 -0.    0.   -0.   -0.   -0.19  0.18  0.   -0.  ]
orbital number 62 energy 3.871623636911136
[ 0.01 -0.   -0.01 -0.    0.    0.   -0.01  0.01 -0.    0.   -0.01  0.
 -0.44  0.39  0.   -0.39  0.43 -0.01  0.27 -0.23 -0.01  0.01  0.24 -0.26
 -0.01  0.01  0.01 -0.02 -0.    0.01  0.01  0.    0.01 -0.01  0.    0.01
 -0.02  0.    0.01 -0.01 -0.    0.01 -0.01  0.01  0.   -0.    0.    0.01
 -0.   -0.   -0.01  0.01 -0.01 -0.01 -0.    0.01 -0.   -0.    0.    0.
 -0.   -0.    0.    0.    0.   -0.    0.   -0.    0.    0.    0.   -0.
  0.16 -0.16 -0.1   0.09 -0.   -0.   -0.    0.01]
orbital number 63 energy 3.872043934250672
[ 0.01 -0.   -0.01 -0.    0.    0.01 -0.01  0.   -0.01  0.01 -0.01 -0.01
 -0.25  0.24 -0.01 -0.23  0.27  0.02 -0.44  0.38  0.02 -0.   -0.39  0.43
 -0.02  0.01  0.01 -0.02 -0.01  0.01  0.01  0.    0.02 -0.02  0.    0.02
 -0.02  0.    0.01 -0.01 -0.    0.01 -0.01  0.01  0.   -0.    0.    0.02
 -0.01 -0.   -0.01  0.02 -0.01 -0.01 -0.01 -0.01  0.02  0.01 -0.01  0.
  0.01  0.01  0.   -0.01  0.   -0.    0.    0.02  0.    0.    0.   -0.
  0.09 -0.1   0.16 -0.15 -0.   -0.   -0.01  0.01]
orbital number 64 energy 3.875784713376098
[ 0.   -0.01  0.   -0.    0.01 -0.01 -0.01  0.01  0.01 -0.01  0.    0.01
 -0.03  0.02  0.01 -0.02  0.02 -0.03  0.01  0.02 -0.03  0.    0.    0.03
  0.02 -0.02 -0.    0.02  0.01 -0.01 -0.01 -0.01 -0.5   0.45 -0.01 -0.45
  0.52 -0.01  0.01  0.01 -0.02  0.01  0.    0.   -0.01 -0.    0.   -0.02
  0.01  0.01  0.01 -0.02  0.01  0.    0.01  0.01 -0.01 -0.02  0.03  0.
 -0.02 -0.01 -0.01  0.03 -0.01  0.01 -0.02 -0.01 -0.    0.    0.    0.
  0.01 -0.01 -0.   -0.01  0.01  0.    0.18 -0.19]
orbital number 65 energy 3.89701659650862
[ 0.07 -0.   -0.07 -0.01 -0.02  0.02  0.   -0.02 -0.07  0.07 -0.04 -0.12
  0.12  0.01 -0.13  0.05  0.07  0.26 -0.11 -0.14  0.28 -0.05 -0.1  -0.16
 -0.26  0.13  0.12 -0.28 -0.08  0.11  0.15  0.09 -0.12  0.03  0.09 -0.06
 -0.02  0.08  0.02 -0.1   0.05  0.04 -0.1   0.07  0.06 -0.06  0.04  0.22
 -0.08 -0.12 -0.13  0.23 -0.13 -0.05 -0.09 -0.09  0.16  0.13 -0.22  0.07
  0.13  0.08  0.04 -0.22  0.08 -0.12  0.07  0.16  0.03  0.02 -0.   -0.03
 -0.04 -0.03  0.04  0.06 -0.05 -0.05  0.04  0.01]
orbital number 66 energy 3.954551998205269
[-0.13  0.06  0.05  0.07 -0.16  0.06  0.09 -0.15  0.05  0.06  0.08  0.19
 -0.13 -0.06  0.2  -0.05 -0.13 -0.13  0.05  0.07 -0.14  0.07  0.05  0.08
 -0.18  0.08  0.1  -0.2  -0.04  0.08  0.1   0.19 -0.14 -0.04  0.19 -0.06
 -0.13  0.08 -0.1   0.04  0.15 -0.22  0.11 -0.12  0.07  0.05  0.07  0.14
 -0.04 -0.23 -0.09  0.15 -0.08  0.07  0.13  0.13 -0.21 -0.06  0.1   0.13
 -0.06 -0.03  0.07  0.09 -0.03 -0.22  0.13 -0.23 -0.02 -0.02 -0.03 -0.02
  0.05  0.05 -0.02 -0.03 -0.03 -0.04  0.05  0.05]
orbital number 67 energy 4.102621098974564
[ 0.17 -0.03 -0.12 -0.02 -0.15  0.02  0.12 -0.15 -0.07  0.12  0.02  0.22
 -0.12 -0.09  0.23 -0.09 -0.13  0.08 -0.04 -0.04  0.09  0.05 -0.05 -0.03
 -0.07  0.03  0.04 -0.08 -0.01  0.04  0.02 -0.24  0.14  0.09 -0.25  0.09
  0.14  0.22  0.01 -0.22  0.16  0.02 -0.19  0.17  0.06 -0.14 -0.06  0.04
 -0.01  0.24 -0.03  0.05 -0.03  0.05  0.13  0.13 -0.19  0.03 -0.05 -0.14
  0.03  0.01 -0.06 -0.05  0.01  0.22 -0.14 -0.21  0.04  0.05 -0.04 -0.04
  0.04  0.04  0.01  0.01 -0.01 -0.01 -0.05 -0.05]
orbital number 68 energy 4.346766308159826
[-0.16  0.1   0.02  0.1  -0.18  0.11  0.03 -0.15  0.24  0.03  0.11 -0.23
  0.09  0.12 -0.25  0.12  0.09 -0.18  0.05  0.12 -0.21 -0.02  0.12  0.04
 -0.16  0.04  0.11 -0.19 -0.01  0.11  0.04 -0.21  0.08  0.11 -0.23  0.11
  0.08  0.02 -0.03  0.01  0.13 -0.18  0.12 -0.13  0.22  0.02 -0.02  0.07
 -0.01  0.16 -0.06  0.09 -0.06 -0.02 -0.11 -0.11  0.14 -0.06  0.09 -0.11
 -0.06 -0.01 -0.02  0.07 -0.01  0.14 -0.11  0.17 -0.01 -0.   -0.01 -0.01
 -0.03 -0.03 -0.01 -0.01 -0.01 -0.01 -0.03 -0.03]
orbital number 69 energy 4.525895955994792
[ 0.28 -0.11 -0.12 -0.11 -0.26  0.1   0.12 -0.25  0.21  0.12  0.1  -0.13
  0.03  0.09 -0.15  0.09  0.03 -0.12  0.02  0.09 -0.15 -0.    0.09  0.02
  0.13 -0.02 -0.1   0.16  0.   -0.1  -0.02  0.15 -0.04 -0.09  0.17 -0.09
 -0.04  0.25  0.   -0.25  0.17  0.02 -0.19  0.27 -0.23 -0.13  0.   -0.05
  0.   -0.11  0.05 -0.07  0.05 -0.   -0.06 -0.06  0.07 -0.04  0.06  0.07
 -0.04 -0.    0.    0.04 -0.   -0.08  0.07  0.09  0.04  0.04 -0.04 -0.04
 -0.01 -0.01 -0.   -0.    0.01  0.01  0.01  0.01]
orbital number 70 energy 5.805617407706307
[-0.07  0.16 -0.22  0.16 -0.07  0.15 -0.22  0.23 -0.05 -0.22  0.15 -0.04
  0.06 -0.06  0.05 -0.06  0.06 -0.03  0.05 -0.05  0.05 -0.05 -0.05  0.05
 -0.04  0.06 -0.06  0.06 -0.05 -0.06  0.06 -0.04  0.06 -0.06  0.05 -0.06
  0.06 -0.25  0.26 -0.25  0.28 -0.29  0.28  0.24 -0.06 -0.23 -0.04  0.04
 -0.05 -0.06  0.05 -0.06  0.05 -0.05  0.06  0.06  0.03  0.04 -0.04  0.05
  0.04 -0.03 -0.04  0.03 -0.03  0.03  0.05 -0.06  0.06  0.07  0.06  0.06
 -0.02 -0.02 -0.01 -0.01 -0.02 -0.02 -0.02 -0.02]
orbital number 71 energy 5.931563577344954
[ 0.   -0.   -0.   -0.   -0.    0.   -0.01  0.    0.   -0.01  0.   -0.01
  0.01 -0.01  0.   -0.01  0.01  0.   -0.    0.   -0.   -0.01  0.   -0.
  0.18 -0.18  0.15 -0.11  0.25  0.15 -0.18 -0.19  0.2  -0.16  0.11 -0.16
  0.19 -0.    0.   -0.01  0.01 -0.    0.    0.   -0.01 -0.   -0.2  -0.22
  0.25 -0.23 -0.27  0.27 -0.27 -0.01  0.01  0.01  0.01 -0.    0.    0.22
 -0.    0.   -0.2  -0.    0.    0.17  0.22 -0.01  0.    0.    0.    0.
 -0.   -0.    0.    0.    0.05  0.05 -0.06 -0.06]
orbital number 72 energy 5.937413885489296
[ 0.01 -0.01  0.02 -0.01 -0.01  0.    0.   -0.01  0.02  0.    0.   -0.23
  0.23 -0.18  0.12 -0.18  0.23  0.15 -0.16  0.14 -0.11 -0.25  0.14 -0.16
  0.   -0.    0.   -0.    0.    0.   -0.    0.02 -0.02  0.01 -0.01  0.01
 -0.02  0.02 -0.01  0.01 -0.01  0.01 -0.02 -0.02 -0.    0.02  0.02 -0.
  0.    0.02 -0.    0.   -0.   -0.25  0.27  0.27  0.21 -0.21  0.22 -0.02
 -0.21  0.19  0.02 -0.17  0.19 -0.01 -0.02 -0.28 -0.   -0.   -0.   -0.
 -0.06 -0.07  0.04  0.05  0.    0.    0.    0.  ]
orbital number 73 energy 5.991360503032895
[-0.07  0.05 -0.04  0.06  0.07 -0.07  0.06 -0.04 -0.05  0.06 -0.07  0.1
 -0.09  0.06 -0.03  0.06 -0.09  0.12 -0.1   0.07 -0.04  0.12  0.07 -0.1
 -0.1   0.08 -0.05  0.01 -0.18 -0.05  0.08 -0.17  0.15 -0.11  0.06 -0.11
  0.15 -0.02 -0.01  0.05 -0.03  0.01  0.    0.01  0.08 -0.04 -0.18  0.18
 -0.18 -0.2   0.19 -0.19  0.19  0.12 -0.12 -0.12 -0.11 -0.2   0.2   0.19
 -0.2   0.19 -0.18 -0.18  0.19  0.17  0.19  0.12  0.01  0.01 -0.02 -0.02
  0.03  0.03  0.03  0.03 -0.02 -0.02 -0.04 -0.04]
orbital number 74 energy 6.018035350978615
[-0.   -0.03  0.06 -0.03 -0.02 -0.02  0.05 -0.08  0.1   0.05 -0.02 -0.13
  0.1  -0.07  0.02 -0.07  0.1  -0.11  0.09 -0.05  0.01 -0.15 -0.05  0.09
 -0.08  0.05 -0.02 -0.01 -0.16 -0.02  0.05 -0.13  0.11 -0.07  0.03 -0.07
  0.11  0.1  -0.1   0.09 -0.09  0.09 -0.1  -0.09  0.09  0.06 -0.15  0.16
 -0.16 -0.16  0.17 -0.17  0.16 -0.15  0.16  0.16  0.14  0.23 -0.23  0.16
  0.23 -0.22 -0.15  0.22 -0.22  0.14  0.16 -0.16 -0.02 -0.02 -0.01 -0.01
 -0.03 -0.03 -0.02 -0.02 -0.01 -0.01 -0.03 -0.03]
orbital number 75 energy 6.270550933499009
[ 0.22 -0.2   0.2  -0.2  -0.24  0.21 -0.21  0.19 -0.02 -0.21  0.22  0.
  0.   -0.01  0.01 -0.01  0.   -0.13  0.15 -0.16  0.18  0.02 -0.16  0.15
  0.12 -0.14  0.15 -0.18 -0.11  0.16 -0.14 -0.   -0.    0.01 -0.01  0.01
 -0.    0.1  -0.   -0.09  0.04  0.   -0.05 -0.18  0.02  0.2  -0.02  0.14
 -0.11 -0.01  0.1  -0.09  0.1   0.02 -0.01 -0.01 -0.02 -0.1   0.1   0.01
 -0.1   0.12 -0.02 -0.14  0.12  0.02  0.01  0.01 -0.05 -0.05  0.06  0.06
 -0.   -0.   -0.04 -0.04  0.04  0.04  0.    0.  ]
orbital number 76 energy 6.337473756701978
[-0.05  0.03 -0.01  0.03 -0.03  0.01  0.01 -0.03  0.07  0.01  0.01  0.03
 -0.05  0.07 -0.1   0.07 -0.05 -0.23  0.23 -0.23  0.25 -0.09 -0.23  0.24
 -0.22  0.22 -0.22  0.24  0.13 -0.23  0.22  0.01 -0.03  0.05 -0.08  0.05
 -0.03  0.06 -0.06  0.07 -0.06  0.05 -0.05 -0.01  0.07 -0.01 -0.07 -0.16
  0.13 -0.06 -0.11  0.1  -0.11 -0.09  0.08  0.08  0.11 -0.11  0.1   0.06
 -0.11  0.13 -0.07 -0.16  0.13  0.09  0.06 -0.07  0.    0.   -0.   -0.
  0.01  0.01 -0.06 -0.07 -0.06 -0.06  0.01  0.01]
orbital number 77 energy 6.3725584942387075
[ 0.14 -0.13  0.14 -0.13 -0.16  0.15 -0.15  0.15 -0.07 -0.15  0.15 -0.07
  0.09 -0.12  0.16 -0.12  0.09  0.16 -0.15  0.15 -0.15  0.13  0.15 -0.15
 -0.18  0.18 -0.17  0.18  0.09 -0.17  0.18  0.05 -0.08  0.11 -0.14  0.11
 -0.08  0.07 -0.01 -0.05  0.02  0.01 -0.04 -0.15  0.09  0.14 -0.12 -0.11
  0.09 -0.1  -0.07  0.07 -0.07  0.13 -0.11 -0.11 -0.16  0.06 -0.06  0.1
  0.06 -0.07 -0.12  0.09 -0.07  0.15  0.1   0.1  -0.04 -0.04  0.04  0.04
 -0.03 -0.03  0.04  0.04 -0.05 -0.05  0.02  0.02]
orbital number 78 energy 6.482253434338525
[-0.12  0.08 -0.06  0.09 -0.08  0.05 -0.02 -0.    0.08 -0.02  0.05 -0.21
  0.21 -0.22  0.26 -0.22  0.21 -0.1   0.08 -0.07  0.07  0.16 -0.07  0.08
 -0.06  0.05 -0.04  0.04  0.02 -0.04  0.05 -0.17  0.18 -0.19  0.23 -0.19
  0.18  0.12 -0.12  0.14 -0.1   0.09 -0.1   0.04  0.05 -0.06  0.15 -0.02
  0.02  0.11 -0.01  0.01 -0.01  0.16 -0.13 -0.13 -0.22 -0.02  0.02 -0.12
 -0.02  0.03  0.15 -0.04  0.03 -0.2  -0.12  0.12  0.02  0.02  0.01  0.01
 -0.06 -0.06 -0.02 -0.02 -0.01 -0.01 -0.05 -0.05]
orbital number 79 energy 6.520311119745858
[ 0.07 -0.07  0.09 -0.07 -0.11  0.1  -0.11  0.13 -0.12 -0.11  0.1   0.19
 -0.18  0.18 -0.21  0.18 -0.18  0.12 -0.1   0.09 -0.09 -0.11  0.09 -0.1
 -0.13  0.1  -0.09  0.09  0.03 -0.09  0.1  -0.22  0.21 -0.22  0.25 -0.22
  0.21  0.06 -0.02 -0.01 -0.    0.02 -0.03 -0.11  0.12  0.09  0.15 -0.04
  0.03  0.11 -0.02  0.02 -0.02 -0.11  0.09  0.09  0.16  0.02 -0.02 -0.12
  0.02 -0.03  0.15  0.04 -0.03 -0.2  -0.12 -0.08 -0.02 -0.02  0.03  0.03
  0.05  0.05  0.03  0.03 -0.03 -0.03 -0.06 -0.06]
orbital number 80 energy 6.616700689186453
[-0.28  0.21 -0.19  0.21 -0.26  0.19 -0.17  0.17 -0.09 -0.17  0.19  0.08
 -0.07  0.06 -0.07  0.06 -0.07  0.07 -0.06  0.05 -0.04 -0.03  0.05 -0.06
  0.08 -0.06  0.05 -0.05 -0.01  0.05 -0.06  0.09 -0.08  0.07 -0.08  0.07
 -0.08  0.28 -0.25  0.29 -0.21  0.18 -0.2   0.19 -0.1  -0.19 -0.04  0.02
 -0.01 -0.03  0.01 -0.01  0.01 -0.03  0.02  0.02  0.05  0.01 -0.01  0.03
  0.01 -0.01 -0.04  0.02 -0.01  0.06  0.03 -0.02  0.05  0.05  0.05  0.05
  0.02  0.02  0.01  0.01  0.02  0.02  0.02  0.02]
ENERGY0: -277.5168910259712

Orbital occupation numbers:
1: 2.000000
2: 2.000000
3: 2.000000
4: 2.000000
5: 2.000000
6: 2.000000
7: 2.000000
8: 2.000000
9: 2.000000
10: 2.000000
11: 2.000000
12: 2.000000
13: 2.000000
14: 2.000000
15: 2.000000
16: 2.000000
17: 2.000000
18: 2.000000
19: 2.000000
20: 2.000000
21: 2.000000
22: 2.000000
23: 2.000000
24: 2.000000
25: 2.000000
26: 2.000000
27: 2.000000
28: 2.000000
29: 2.000000
30: 2.000000
31: 2.000000
32: 2.000000
33: 2.000000
34: 2.000000
35: 2.000000
36: 2.000000
37: 2.000000
38: 2.000000
39: 2.000000
40: 2.000000
41: 2.000000
42: 2.000000
43: 2.000000
44: 2.000000
45: 2.000000
46: 1.000000
47: 1.000000
48: 0.000000
49: -0.000000
50: -0.000000
51: -0.000000
52: -0.000000
53: -0.000000
54: 0.000000
55: -0.000000
56: 0.000000
57: -0.000000
58: -0.000000
59: -0.000000
60: -0.000000
61: -0.000000
62: 0.000000
63: 0.000000
64: -0.000000
65: -0.000000
66: -0.000000
67: -0.000000
68: -0.000000
69: 0.000000
70: 0.000000
71: -0.000000
72: -0.000000
73: -0.000000
74: -0.000000
75: 0.000000
76: 0.000000
77: 0.000000
78: -0.000000
79: -0.000000
80: -0.000000

------------------------
Starting ExROPPP calculation for diradical in rotated basis
------------------------

Fock matrix in rotated MO basis: [[-3.99419968e+00  1.59189210e-15 -1.09667543e-15 ...  2.73375894e-15
  -2.82655400e-15  1.57984917e-15]
 [ 1.43443536e-15 -3.97890469e+00  1.28943856e-16 ... -2.36635084e-15
  -3.48397691e-16  1.12954114e-15]
 [-1.27794774e-15  1.78721040e-16 -3.87181532e+00 ... -2.32317605e-15
   1.70590290e-15  2.33039928e-15]
 ...
 [ 2.98997765e-15 -2.05116478e-15 -2.54710050e-15 ...  1.05119733e+01
  -7.16138558e-16  2.48860741e-15]
 [-2.33699402e-15 -1.41947173e-16  1.88818641e-15 ... -1.43447542e-15
   1.05500310e+01 -1.17061412e-15]
 [ 2.15658158e-15  7.21520660e-16  2.31861165e-15 ...  2.28771760e-15
  -7.78549238e-16  1.06464206e+01]]
Dimensions of CI matrix: (18280, 18280)
Checking that the Hamiltonian is symmetric (a value of zero means matrix is symmetric) ... 
Frobenius norm of matrix - matrix transpose = 0.000000.

