  FCIDUMP file : FCIDUMP/FCIDUMP_Cyclobutadiene
  NORB         : 4
  NELEC        : 4  (nalpha=2, nbeta=2)
  Scalar pot.  :  38.2282873175
===============================================
 Testing CSF optimisation method
===============================================

************************************************
 Testing 'gwh' initial guess method
************************************************

  Initializing L-BFGS optimisation...
    > Num. MOs       =      4
    > Num. params    =      5
    > Max subspace   =     20
    > Max step size   =  0.500
    > Backtracking   =  0.100
    > Parallel tr.   = True
    > Pseudo-canon.  = True
    > Canon interval = 10
    > Hybrid prec.   = True
  ================================================================
           Energy / Eh     Step Len    Max(|G_i|)
  ================================================================
     0    12.5189274494                 1.49e-15
  ================================================================
  L-BFGS converged in      0 iterations (  0.00 seconds)

  Initializing Davidson diagonalisation...
    > Max iterations =   1000
    > Target states  =      5
    > Convergence    =  1.000e-04
    > Basis per root =      4
    > Max basis size =     20
  Davidson diagonalisation converged in      0 iterations (  0.01 seconds)

   --------------------------
    Converged eigenvalues:   
   --------------------------
       0        2.63951616   
       1        2.63951616   
       2       13.29058782   
       3       13.29058782   
       4       39.69648490   
   --------------------------

 ---------------------------------------------
         Total Energy =    12.51892745 Eh
              Nuclear =    38.22828732 Eh
         One Electron =   -50.73827282 Eh
              Coulomb =    38.22828732 Eh
        ROHF Exchange =   -13.19937436 Eh
 ---------------------------------------------
           <Sz> =  1.00
           <S2> =  2.00
  Spin Coupling = ++

 -----------------------------------------------------------------------------------------------
  Open-Shell Exchange Matrix <Ψ|Êpq Êqp|Ψ> - Np
 -----------------------------------------------------------------------------------------------
           1              2        
   1   0.00000000    -1.00000000   
   2  -1.00000000     0.00000000   

 -----------------------------------------------------------------------------------------------
  Open-Shell Exchange Integrals <pq|qp>
 -----------------------------------------------------------------------------------------------
           1              2        
   1   5.75807053     0.00000000   
   2   0.00000000     5.75807053   

 -----------------------------------------------------------------------------------------------
  Occupied Orbital Coefficients
 -----------------------------------------------------------------------------------------------
           1              2              3        
   1   1.00000000     0.00000000     0.00000000   
   2   0.00000000     1.00000000     0.00000000   
   3   0.00000000     0.00000000     1.00000000   
   4   0.00000000     0.00000000     0.00000000   

 -----------------------------------------------------------------------------------------------
  Virtual Orbital Coefficients
 -----------------------------------------------------------------------------------------------
           4        
   1   0.00000000   
   2   0.00000000   
   3   0.00000000   
   4   1.00000000   

 -----------------------------------------------------------------------------------------------
  Generalised Fock Matrix (MO basis)
 -----------------------------------------------------------------------------------------------
           1              2              3        
   1  -3.34321483     0.00000000    -0.00000000   
   2   0.00000000     1.33138396     0.00000000   
   3  -0.00000000     0.00000000     1.33138396   
   4   0.00000000     0.00000000     0.00000000   

[[1. 0. 0. 0.]
 [0. 1. 0. 0.]
 [0. 0. 1. 0.]
 [0. 0. 0. 1.]]
 Saved MO coefficients to FCIDUMP/FCIDUMP_Cyclobutadiene_gwh_mo_coeff.npy

************************************************
 Testing 'core' initial guess method
************************************************

  Initializing L-BFGS optimisation...
    > Num. MOs       =      4
    > Num. params    =      5
    > Max subspace   =     20
    > Max step size   =  0.500
    > Backtracking   =  0.100
    > Parallel tr.   = True
    > Pseudo-canon.  = True
    > Canon interval = 10
    > Hybrid prec.   = True
  ================================================================
           Energy / Eh     Step Len    Max(|G_i|)
  ================================================================
     0    12.5189274494                 8.56e-15
  ================================================================
  L-BFGS converged in      0 iterations (  0.00 seconds)

  Initializing Davidson diagonalisation...
    > Max iterations =   1000
    > Target states  =      5
    > Convergence    =  1.000e-04
    > Basis per root =      4
    > Max basis size =     20
  Davidson diagonalisation converged in      0 iterations (  0.00 seconds)

   --------------------------
    Converged eigenvalues:   
   --------------------------
       0        2.63951616   
       1        2.63951616   
       2       13.29058782   
       3       13.29058782   
       4       39.69648490   
   --------------------------

 ---------------------------------------------
         Total Energy =    12.51892745 Eh
              Nuclear =    38.22828732 Eh
         One Electron =   -50.73827282 Eh
              Coulomb =    38.22828732 Eh
        ROHF Exchange =   -13.19937436 Eh
 ---------------------------------------------
           <Sz> =  1.00
           <S2> =  2.00
  Spin Coupling = ++

 -----------------------------------------------------------------------------------------------
  Open-Shell Exchange Matrix <Ψ|Êpq Êqp|Ψ> - Np
 -----------------------------------------------------------------------------------------------
           1              2        
   1   0.00000000    -1.00000000   
   2  -1.00000000     0.00000000   

 -----------------------------------------------------------------------------------------------
  Open-Shell Exchange Integrals <pq|qp>
 -----------------------------------------------------------------------------------------------
           1              2        
   1   4.82522951     0.93284102   
   2   0.93284102     4.82522951   

 -----------------------------------------------------------------------------------------------
  Occupied Orbital Coefficients
 -----------------------------------------------------------------------------------------------
           1              2              3        
   1  -1.00000000     0.00000000    -0.00000000   
   2  -0.00000000    -0.62516690    -0.78049109   
   3  -0.00000000    -0.78049109     0.62516690   
   4   0.00000000    -0.00000000     0.00000000   

 -----------------------------------------------------------------------------------------------
  Virtual Orbital Coefficients
 -----------------------------------------------------------------------------------------------
           4        
   1   0.00000000   
   2   0.00000000   
   3  -0.00000000   
   4   1.00000000   

 -----------------------------------------------------------------------------------------------
  Generalised Fock Matrix (MO basis)
 -----------------------------------------------------------------------------------------------
           1              2              3        
   1  -3.34321483     0.00000000    -0.00000000   
   2   0.00000000     1.33138396     0.00000000   
   3  -0.00000000     0.00000000     1.33138396   
   4   0.00000000    -0.00000000     0.00000000   

[[-1.        0.       -0.        0.      ]
 [-0.       -0.625167 -0.780491  0.      ]
 [-0.       -0.780491  0.625167 -0.      ]
 [ 0.       -0.        0.        1.      ]]
 Saved MO coefficients to FCIDUMP/FCIDUMP_Cyclobutadiene_core_mo_coeff.npy
