                    ---------------------------------
                    | Radical ExROPPP Calculation |
                    ---------------------------------

Molecule: D-A_prune.xyz radical

--------------------------------
Cartesian Coordinates / Angstrom
--------------------------------

C      0.171200    3.496800    2.199455
C     -0.504855    3.297018    0.982593
H     -0.991248    2.368074    0.776369
C     -0.568916    4.304747    0.039765
Cl    -1.411578    3.871324   -1.508344
Cl     1.452287    7.325251    1.888960
C      0.771042    4.751648    2.407991
H      1.307251    4.954249    3.309782
C      0.482270   -1.350199    3.381559
C      1.177515   -1.728780    2.219042
H      1.668671   -0.995986    1.615899
C      1.254048   -3.056686    1.846330
Cl     2.122342   -3.381222    0.285799
C      0.656539   -4.107139    2.575064
C      0.743076   -5.510713    2.161338
C     -0.033145   -3.690410    3.733372
Cl    -0.802494   -4.899947    4.847245
C     -0.123667   -2.371956    4.134636
H     -0.673978   -2.139870    5.020662
C      2.033788   -6.081583    1.767812
C      2.203712   -6.863058    0.604813
Cl     0.830978   -7.121256   -0.553342
C      3.413923   -7.407647    0.221893
H      3.466843   -7.948508   -0.698229
C      4.568563   -7.202763    0.998167
H     10.454923   16.094646   -2.259032
C      4.436847   -6.429398    2.165397
H      5.271779   -6.280875    2.815645
C      3.212964   -5.897708    2.521568
Cl     3.176700   -5.016265    4.107154
C     -0.464533   -6.345491    2.141072
C     -1.672483   -5.922979    1.551000
Cl    -1.779799   -4.330677    0.685813
C     -2.818108   -6.697954    1.526256
H     -3.698804   -6.322869    1.049158
C     -2.819280   -7.971288    2.105185
H      4.362663   11.214690   -1.022647
C     -1.640137   -8.430213    2.701509
H     -1.611311   -9.393332    3.165743
C     -0.509356   -7.633469    2.711047
Cl     0.924354   -8.311496    3.595516
C     -1.339950    6.955580   -1.425594
C     -2.521477    7.152387   -0.683312
Cl    -2.500534    7.105200    1.131988
C     -3.741001    7.456988   -1.260866
H     -4.597134    7.608282   -0.637914
C     -3.849381    7.584682   -2.649528
C     -6.021777    6.875896   -3.682534
C     -2.700407    7.397030   -3.424786
H     -2.751769    7.473182   -4.490386
C     -1.494040    7.093306   -2.819588
Cl    -0.104007    6.785515   -3.945863
C      1.154870    7.369897   -1.182043
C      1.197190    8.776771   -1.279257
Cl    -0.250621    9.785151   -0.846868
C      2.326376    9.484100   -1.642602
H      2.270213   10.549345   -1.704193
C      3.525698    8.814869   -1.944541
N      8.215849   11.495710   -3.580164
C      3.520286    7.411308   -1.858139
H      4.407894    6.852549   -2.062639
C      2.375304    6.732505   -1.490210
Cl     2.504721    4.920732   -1.496926
C      0.391067    0.057714    3.797260
C      0.325876    1.085138    2.839394
H      0.334487    0.832225    1.798969
C      0.249535    2.437525    3.216927
C      0.241283    2.755305    4.590201
H      0.155195    3.776114    4.902738
C      0.303137    1.743761    5.546747
H      0.294446    1.997142    6.587994
C      0.376274    0.406082    5.163039
H      0.453728   -0.356566    5.911104
C      0.023103    5.573931    0.212988
C     -0.052547    6.633117   -0.797554
C      0.693030    5.737851    1.444174
H      7.038784   -6.129850    1.345575
C     -5.158207    7.912713   -3.287903
C     -5.518895    9.253817   -3.490430
H      6.361584   12.490314   -1.666032
C     -6.747162    9.541401   -4.089103
H     -7.024134   10.566420   -4.244682
C     -7.616545    8.529212   -4.487003
H      5.419270    8.069829   -3.747072
C     -7.239299    7.201360   -4.276761
H     -7.901289    6.412010   -4.579374
H     10.533611   11.475274   -5.219259
C      5.864177   -7.775013    0.605269
C      8.333542   -8.865912   -0.140586
H      7.206362  -10.499379   -0.929225
C      7.159740   -9.556352   -0.425144
C      7.065584   -7.092509    0.877571
C      8.289786   -7.634346    0.505274
H      9.198156   -7.100633    0.693931
H     -6.808298   -9.483238    3.926622
C     -6.105827   -9.540002    3.116592
C     -6.355589  -10.410812    2.054015
C      8.869911   15.144270   -3.341122
C     -5.435345  -10.472698    1.010953
H     -5.614517  -11.137515    0.187882
C     -4.280618   -9.687631    1.010069
H     11.408354   13.973422   -1.433345
C     -4.047869   -8.818884    2.087427
H      5.037108   -9.566202   -0.256333
C     -4.964621   -8.741373    3.150456
C      5.933627   -9.015839   -0.056895
C      8.282652   13.932184   -3.695564
H      8.453969   16.063188   -3.703159
H     10.345050   11.824385   -2.042304
H      7.421922   13.904442   -4.332275
C      8.819372   12.733868   -3.224265
C     10.540307   13.963782   -2.061741
C     10.000764   15.161618   -2.526937
C      9.947546   12.750900   -2.403623
C     10.151515    9.553468   -6.114634
C      9.293303    8.447803   -6.184399
C      8.138303    8.394236   -5.408407
C      9.878368   10.630335   -5.268310
C      8.728545   10.571443   -4.493933
C      7.851541    9.464278   -4.555734
C      7.023748   10.995232   -3.055824
C      6.768966    9.732211   -3.638516
C      5.628127    9.012441   -3.282305
C      4.736847    9.552530   -2.337524
C      6.158397   11.541668   -2.118050
C      5.020664   10.815552   -1.767952
H     11.033800    9.575844   -6.722921
H      9.529469    7.636889   -6.844021
H      7.480933    7.549339   -5.465560

There are 93 heavy atoms.
There are 106 electrons in 93 orbitals.


Carbon 1e params: A = -22.717075 b = 1.705616

Nitrogen 1e params: alphan2 = -17.681338 Acn2 = -24.737202 bcn2 = 1.433639

Chlorine 1e params: alphacl = -10.335674 Accl = -26.021937 bccl=1.451861
C-N2 bond
C-N2 bond
C-N2 bond
N2 atom 81
Cl atom 82
Cl atom 83
Cl atom 84
Cl atom 85
Cl atom 86
Cl atom 87
Cl atom 88
Cl atom 89
Cl atom 90
Cl atom 91
Cl atom 92
Cl atom 93

Carbon 2e params: U = 8.420838 r0 = 1.173157

Nitrogen 2e params: Un2n2 = 17.979843 r0n2n2 = 1.111791

Chlorine 2e params: Uclcl= 9.642991 r0clcl = 2.253316

Mixed 2e params: Ucn2 = 13.200341 Uccl = 9.031915 Un2cl = 13.811417 r0cn2 =1.142474 r0ccl = 1.713237 r0n2cl = 1.682554
[8.42083845 3.82984297 2.74805449 3.82972428 1.60063329 1.52106078
 1.26250669 1.12237731 0.96863175 1.15881315 1.34229279 0.90297205
 0.83364925 0.77663923 0.77159438 0.82481752 0.8937749  0.89514748
 0.91526587 0.83589376 0.75845512 0.74573023 0.80082776 1.54202596
 1.50794501 1.27838116 1.13781712 0.95371353 1.14932876 1.30529728
 1.54167419 1.3035009  1.14785504 1.1350466  1.27785664 1.50757456
 1.98705512 2.68956694 3.73633744 2.68652192 1.99413146 1.80931877
 2.43859863 1.79065427 2.74801431 0.98733288 0.89262177 0.80275664
 0.78374517 0.84515854 0.71065132 0.61090502 0.60942852 0.71184288
 0.65622532 0.63037988 0.59739246 0.59047841 0.60709249 0.65252326
 0.696096   0.68228106 0.65283167 0.63143169 0.66123447 0.59834462
 0.57627741 0.64149039 0.63712946 0.68058728 0.74677559 0.64372712
 0.69876596 0.75904021 0.78342177 0.82556287 0.92558958 0.98684609
 0.8170264  0.91407899 1.08696614 2.68544954 2.68536895 1.69774434
 1.4637645  1.21820332 1.41434445 1.55970684 1.13547545 2.44520148
 1.78092292 1.7758765  2.45201786]
FCIDUMP file in AO basis written to FCIDUMP/FCIDUMP_AO_D-A_prune


-------------------------------------
Restricted Open-shell PPP Calculation
-------------------------------------

Starting SCF cycle...

Iter   Energy        Dens Change      Energy Change
-----------------------------------------------------
0 -280.31410869030185 0.31447554584312876 -280.31410869030185
1 -290.15213003640264 0.07655239142839076 -9.838021346100788
2 -292.0218928497096 0.018712472656064127 -1.869762813306977
3 -292.48421119065586 0.005365352470636325 -0.4623183409462399
4 -292.59962231266394 0.00246818016837258 -0.11541112200808357
5 -292.6392197463077 0.0012558733539762557 -0.0395974336437348
6 -292.6537431868971 0.000684824313818555 -0.01452344058941435
7 -292.6598745426436 0.0003700607298712244 -0.006131355746504141
8 -292.6626411360854 0.00019874025854027533 -0.00276659344183372
9 -292.66396051653453 0.00010634801178999176 -0.0013193804491038463
10 -292.66461474511726 5.678305958689567e-05 -0.0006542285827322303
11 -292.6649466406773 3.0278778433423525e-05 -0.00033189556000934317
12 -292.66511809488213 1.6133049839162084e-05 -0.0001714542048603107
13 -292.6652075180972 8.591952616043841e-06 -8.942321505855944e-05
14 -292.6652545157867 4.574550806935029e-06 -4.699768953742023e-05
15 -292.66527931544556 2.4352094601942653e-06 -2.479965883139812e-05
16 -292.6652924429299 1.2962404846161846e-06 -1.3127484351116436e-05
17 -292.665299403693 6.899439654040052e-07 -6.960763073493581e-06
18 -292.6653030994197 3.672242390173608e-07 -3.695726718433434e-06
19 -292.6653050630732 1.9545370655293937e-07 -1.9636535171230207e-06
20 -292.6653061070064 1.0402907202333722e-07 -1.0439331958878029e-06
21 -292.66530666217807 5.536883762591316e-08 -5.55171652649733e-07
22 -292.66530695749293 2.9469767737211328e-08 -2.9531486234191107e-07
23 -292.66530711461024 1.568515861638531e-08 -1.571173129377712e-07
24 -292.66530719820776 8.348376767663979e-09 -8.35975129120925e-08
25 -292.6653072426924 4.443406087517587e-09 -4.448463641892886e-08
26 -292.6653072663656 2.3649966429672986e-09 -2.3673180749028688e-08
27 -292.6653072789645 1.2587670905617188e-09 -1.2598945886566071e-08
28 -292.6653072856678 6.699789611985807e-10 -6.703260169160785e-09
29 -292.6653072892365 3.565967521268476e-10 -3.5687435229192488e-09
30 -292.6653072911388 1.8979784410788625e-10 -1.9022650121769402e-09
31 -292.66530729214765 1.0102041425597008e-10 -1.0088569979416206e-09
32 -292.6653072926852 5.3767323926479094e-11 -5.375682121666614e-10
33 -292.66530729297205 2.861821890576266e-11 -2.8683189157163724e-10
34 -292.6653072931245 1.523237092015961e-11 -1.524540493846871e-10
35 -292.66530729320584 8.107514659627668e-12 -8.134293238981627e-11
36 -292.6653072932482 4.315103829810596e-12 -4.234834705130197e-11
37 -292.665307293273 2.2969404156469864e-12 -2.4783730623312294e-11
38 -292.6653072932843 1.2216894162975223e-12 -1.1311840353300795e-11
39 -292.6653072932901 6.505906924303417e-13 -5.7980287238024175e-12
40 -292.66530729329486 3.462785613805863e-13 -4.774847184307873e-12
41 -292.6653072932955 1.8463008899516353e-13 -6.252776074688882e-13
42 -292.6653072932966 9.792167077193881e-14 -1.1368683772161603e-12
43 -292.6653072932995 5.162537064506978e-14 -2.8990143619012088e-12
44 -292.66530729329793 2.7755575615628914e-14 1.5916157281026244e-12
45 -292.6653072932983 1.5432100042289676e-14 -3.979039320256561e-13
46 -292.6653072932965 8.104628079763643e-15 1.8189894035458565e-12
47 -292.66530729329867 4.440892098500626e-15 -2.1600499167107046e-12

--------------------------
Converged ROPPP Orbitals
--------------------------

orbital number 1 energy -11.160852162373018
[ 0.    0.   -0.    0.    0.   -0.   -0.    0.    0.   -0.   -0.   -0.
 -0.    0.    0.    0.   -0.   -0.   -0.    0.    0.    0.   -0.   -0.
 -0.    0.    0.   -0.    0.   -0.    0.    0.    0.    0.    0.    0.
  0.   -0.   -0.   -0.    0.    0.   -0.    0.   -0.   -0.   -0.    0.
  0.    0.   -0.    0.    0.   -0.    0.    0.    0.    0.01  0.   -0.
 -0.   -0.   -0.    0.03  0.11  0.01  0.01  0.03  0.03  0.02  0.04  0.11
  0.42  0.13  0.42  0.13  0.04  0.02  0.11  0.03  0.75  0.    0.    0.
  0.    0.    0.    0.    0.    0.    0.    0.    0.  ]
orbital number 2 energy -7.245210190290372
[-0.   -0.   -0.   -0.   -0.   -0.   -0.   -0.   -0.   -0.   -0.   -0.
 -0.   -0.   -0.   -0.   -0.   -0.   -0.   -0.   -0.   -0.   -0.   -0.
 -0.   -0.   -0.   -0.   -0.   -0.   -0.01 -0.01 -0.02 -0.03 -0.02 -0.01
 -0.   -0.   -0.   -0.   -0.   -0.   -0.   -0.   -0.   -0.   -0.   -0.
 -0.   -0.   -0.   -0.   -0.   -0.   -0.   -0.   -0.    0.37 -0.   -0.
 -0.   -0.   -0.    0.42  0.46  0.37  0.36  0.42 -0.03 -0.03 -0.05 -0.04
 -0.06 -0.08 -0.06 -0.08 -0.05 -0.05 -0.05 -0.04 -0.    0.    0.    0.
  0.    0.    0.    0.    0.    0.    0.    0.    0.  ]
orbital number 3 energy -6.816220204141401
[ 0.28  0.21  0.18  0.21  0.25  0.18  0.15  0.14  0.07  0.15  0.18  0.06
  0.04  0.04  0.05  0.04  0.04  0.04  0.03  0.02  0.02  0.02  0.03  0.07
  0.05  0.04  0.04  0.    0.04  0.05  0.11  0.1   0.1   0.12  0.1   0.1
  0.29  0.27  0.31  0.23  0.21  0.22  0.18  0.1   0.18  0.    0.    0.
  0.    0.    0.04  0.02  0.02  0.03  0.02  0.    0.    0.01  0.    0.
  0.    0.    0.03  0.01  0.01  0.01  0.01  0.01 -0.01 -0.01  0.   -0.02
 -0.03  0.01  0.03  0.05  0.07  0.1   0.05  0.07 -0.03  0.    0.    0.
  0.    0.    0.    0.    0.    0.    0.    0.    0.  ]
orbital number 4 energy -6.744493371208096
[-0.05 -0.02  0.   -0.02 -0.13 -0.1  -0.09 -0.09 -0.05 -0.09 -0.1  -0.06
 -0.05 -0.05 -0.07 -0.05 -0.05 -0.04 -0.03 -0.02 -0.02 -0.02 -0.03  0.08
  0.05  0.04  0.04  0.    0.04  0.05  0.24  0.25  0.28  0.36  0.28  0.24
 -0.13 -0.1  -0.1  -0.08 -0.08 -0.1   0.03  0.1   0.    0.    0.    0.
  0.    0.   -0.06 -0.03 -0.03 -0.04 -0.03 -0.   -0.    0.04 -0.   -0.
 -0.   -0.   -0.04  0.03  0.02  0.04  0.04  0.03 -0.05 -0.02  0.   -0.08
 -0.12  0.03  0.12  0.19  0.24  0.33  0.18  0.24 -0.09  0.    0.    0.
  0.    0.    0.    0.    0.    0.    0.    0.    0.  ]
orbital number 5 energy -6.685644776391079
[ 0.1   0.08  0.06  0.08  0.01 -0.01 -0.03 -0.06 -0.11 -0.03 -0.01 -0.25
 -0.25 -0.29 -0.37 -0.29 -0.25 -0.09 -0.06 -0.05 -0.05 -0.05 -0.06  0.01
  0.01  0.01  0.01  0.    0.01  0.01 -0.03 -0.03 -0.05 -0.06 -0.05 -0.03
  0.06  0.07  0.09  0.07  0.06  0.05  0.06  0.01  0.06  0.    0.    0.
  0.    0.   -0.35 -0.2  -0.21 -0.26 -0.21 -0.   -0.   -0.01 -0.   -0.
 -0.   -0.   -0.26 -0.01 -0.   -0.01 -0.01 -0.01  0.01  0.01  0.    0.02
  0.03 -0.01 -0.03 -0.04 -0.05 -0.06 -0.04 -0.05  0.02  0.    0.    0.
  0.    0.    0.    0.    0.    0.    0.    0.    0.  ]
orbital number 6 energy -6.520675484625892
[-0.22 -0.21 -0.22 -0.21  0.25  0.22  0.21  0.22  0.1   0.21  0.22  0.01
 -0.02 -0.05 -0.08 -0.05 -0.02  0.11  0.09  0.08  0.08  0.08  0.09 -0.19
 -0.16 -0.15 -0.14 -0.   -0.15 -0.16 -0.04 -0.01  0.03  0.07  0.03 -0.01
  0.13  0.03 -0.06 -0.02  0.03  0.07 -0.24 -0.14 -0.22 -0.   -0.   -0.
 -0.   -0.   -0.12 -0.09 -0.09 -0.1  -0.09  0.    0.    0.01  0.    0.
  0.    0.   -0.1   0.01  0.    0.01  0.01  0.01 -0.05 -0.03 -0.02 -0.06
 -0.08 -0.    0.08  0.09  0.11  0.12  0.1   0.11 -0.03  0.    0.    0.
  0.    0.    0.    0.    0.    0.    0.    0.    0.  ]
orbital number 7 energy -6.410622125799465
[-0.11 -0.08 -0.04 -0.08  0.07  0.09  0.11  0.13  0.11  0.11  0.09  0.05
  0.02 -0.01 -0.04 -0.01  0.02  0.2   0.18  0.17  0.16  0.17  0.18  0.29
  0.28  0.27  0.26  0.    0.27  0.28  0.08  0.05  0.03  0.    0.03  0.06
 -0.04 -0.08 -0.12 -0.09 -0.07 -0.06 -0.01  0.11 -0.04  0.01  0.    0.
  0.    0.   -0.09 -0.08 -0.08 -0.08 -0.08  0.    0.    0.01  0.    0.
  0.    0.   -0.08  0.   -0.    0.01  0.01  0.    0.14  0.13  0.12  0.14
  0.13  0.1  -0.13 -0.05 -0.06 -0.08 -0.12 -0.1  -0.02  0.    0.    0.
  0.    0.    0.    0.    0.    0.    0.    0.    0.  ]
orbital number 8 energy -6.375334425391499
[ 0.   -0.   -0.01 -0.    0.01 -0.   -0.01 -0.02 -0.03 -0.01 -0.   -0.02
 -0.01 -0.    0.01 -0.   -0.01 -0.07 -0.07 -0.06 -0.06 -0.06 -0.07 -0.13
 -0.13 -0.12 -0.12 -0.   -0.13 -0.13  0.05  0.06  0.07  0.08  0.07  0.06
  0.02  0.02  0.02  0.02  0.02  0.02 -0.02 -0.03 -0.01 -0.   -0.   -0.
 -0.   -0.    0.02  0.02  0.02  0.02  0.02 -0.   -0.    0.06 -0.   -0.
 -0.   -0.    0.02  0.03 -0.    0.06  0.07  0.03  0.36  0.37  0.38  0.33
  0.24  0.37 -0.21  0.11  0.07  0.04 -0.14 -0.06 -0.18  0.    0.    0.
  0.    0.    0.    0.    0.    0.    0.    0.    0.  ]
orbital number 9 energy -6.33277569749864
[ 0.15  0.15  0.14  0.15 -0.17 -0.13 -0.1  -0.07  0.09 -0.1  -0.13  0.06
  0.03  0.01 -0.01  0.01  0.04  0.32  0.31  0.3   0.3   0.3   0.31 -0.16
 -0.16 -0.16 -0.16 -0.01 -0.17 -0.16 -0.01 -0.   -0.    0.   -0.   -0.
 -0.11 -0.04  0.03 -0.   -0.04 -0.07  0.13 -0.01  0.14 -0.01 -0.01 -0.01
 -0.01 -0.01 -0.07 -0.07 -0.07 -0.07 -0.07  0.02  0.01  0.    0.02  0.02
  0.02  0.02 -0.07  0.   -0.    0.    0.    0.    0.01  0.01  0.01  0.01
  0.    0.01 -0.    0.01  0.01  0.01  0.    0.01 -0.01  0.    0.    0.
  0.    0.    0.    0.    0.    0.    0.    0.    0.  ]
orbital number 10 energy -6.308743988316661
[-0.01 -0.   -0.   -0.    0.01  0.01  0.    0.   -0.    0.    0.01 -0.
 -0.   -0.    0.   -0.   -0.   -0.01 -0.01 -0.01 -0.01 -0.01 -0.01  0.01
  0.01  0.01  0.01 -0.4   0.01  0.01  0.    0.    0.   -0.    0.    0.
  0.   -0.   -0.   -0.   -0.    0.   -0.    0.   -0.   -0.4  -0.41 -0.41
 -0.41 -0.41  0.    0.    0.    0.    0.   -0.   -0.   -0.   -0.   -0.
 -0.   -0.    0.   -0.    0.   -0.   -0.   -0.   -0.   -0.   -0.   -0.
  0.   -0.   -0.   -0.   -0.   -0.   -0.   -0.    0.    0.    0.    0.
  0.    0.    0.    0.    0.    0.    0.    0.    0.  ]
orbital number 11 energy -6.258609455282914
[-0.   -0.01 -0.01 -0.01  0.    0.    0.   -0.   -0.01  0.    0.   -0.01
 -0.   -0.   -0.   -0.   -0.   -0.01 -0.01 -0.01 -0.01 -0.01 -0.01  0.
  0.    0.    0.   -0.    0.    0.   -0.   -0.   -0.   -0.   -0.   -0.
  0.01  0.    0.    0.    0.    0.   -0.01 -0.   -0.01 -0.   -0.   -0.
 -0.   -0.    0.01  0.01  0.01  0.01  0.01  0.41  0.41  0.    0.41  0.41
  0.4   0.41  0.01  0.   -0.    0.    0.    0.    0.    0.    0.    0.
 -0.    0.    0.    0.    0.    0.    0.    0.   -0.    0.    0.    0.
  0.    0.    0.    0.    0.    0.    0.    0.    0.  ]
orbital number 12 energy -6.164960626276835
[-0.03 -0.    0.02 -0.    0.05  0.06  0.07  0.07  0.02  0.07  0.06  0.04
  0.03  0.02  0.01  0.02  0.03 -0.04 -0.05 -0.05 -0.05 -0.05 -0.05 -0.09
 -0.11 -0.13 -0.13  0.   -0.13 -0.11  0.29  0.27  0.22  0.15  0.22  0.26
 -0.04 -0.05 -0.07 -0.07 -0.06 -0.05  0.05  0.08  0.02  0.    0.    0.
  0.    0.   -0.02 -0.03 -0.03 -0.03 -0.03  0.    0.   -0.06  0.    0.
  0.    0.   -0.03 -0.03  0.02 -0.06 -0.07 -0.03 -0.03 -0.1  -0.15  0.04
  0.11 -0.19 -0.15 -0.34 -0.29 -0.21 -0.22 -0.23  0.18  0.    0.    0.
  0.    0.    0.    0.    0.    0.    0.    0.    0.  ]
orbital number 13 energy -6.110070199919625
[-0.05 -0.07 -0.08 -0.07  0.01 -0.02 -0.04 -0.07 -0.09 -0.04 -0.02 -0.3
 -0.27 -0.23 -0.17 -0.23 -0.27  0.1   0.12  0.14  0.15  0.14  0.12  0.01
  0.01  0.01  0.01 -0.    0.01  0.01  0.06  0.06  0.05  0.04  0.05  0.06
  0.09  0.07  0.05  0.07  0.08  0.09 -0.09 -0.01 -0.08 -0.   -0.   -0.
 -0.   -0.    0.19  0.3   0.28  0.25  0.28 -0.   -0.   -0.01 -0.   -0.
 -0.   -0.    0.24 -0.    0.   -0.01 -0.01 -0.   -0.   -0.02 -0.03  0.01
  0.03 -0.04 -0.03 -0.07 -0.06 -0.04 -0.05 -0.05  0.04  0.    0.    0.
  0.    0.    0.    0.    0.    0.    0.    0.    0.  ]
orbital number 14 energy -6.012359352151277
[ 0.09  0.16  0.21  0.16  0.12  0.19  0.23  0.25  0.04  0.23  0.19 -0.1
 -0.11 -0.11 -0.09 -0.11 -0.11 -0.02 -0.03 -0.04 -0.04 -0.04 -0.03 -0.02
 -0.04 -0.05 -0.05  0.   -0.05 -0.04 -0.05 -0.06 -0.07 -0.06 -0.07 -0.06
 -0.21 -0.22 -0.22 -0.27 -0.28 -0.26  0.23  0.05  0.21  0.    0.    0.
  0.    0.    0.06  0.12  0.11  0.09  0.11  0.    0.    0.01  0.    0.
  0.    0.    0.09  0.   -0.01  0.01  0.01  0.   -0.    0.01  0.03 -0.02
 -0.03  0.04  0.04  0.07  0.05  0.03  0.05  0.04 -0.04  0.    0.    0.
  0.    0.    0.    0.    0.    0.    0.    0.    0.  ]
orbital number 15 energy -5.015089388590077
[0. 0. 0. 0. 0. 0. 0. 0. 0. 0. 0. 0. 0. 0. 0. 0. 0. 0. 0. 0. 0. 0. 0. 0.
 0. 0. 0. 0. 0. 0. 0. 0. 0. 0. 0. 0. 0. 0. 0. 0. 0. 0. 0. 0. 0. 0. 0. 0.
 0. 0. 0. 0. 0. 0. 0. 0. 0. 0. 0. 0. 0. 0. 0. 0. 0. 0. 0. 0. 0. 0. 0. 0.
 0. 0. 0. 0. 0. 0. 0. 0. 0. 0. 0. 0. 0. 0. 0. 0. 0. 0. 0. 1. 0.]
orbital number 16 energy -5.002613239432181
[0. 0. 0. 0. 0. 0. 0. 0. 0. 0. 0. 0. 0. 0. 0. 0. 0. 0. 0. 0. 0. 0. 0. 0.
 0. 0. 0. 0. 0. 0. 0. 0. 0. 0. 0. 0. 0. 0. 0. 0. 0. 0. 0. 0. 0. 0. 0. 0.
 0. 0. 0. 0. 0. 0. 0. 0. 0. 0. 0. 0. 0. 0. 0. 0. 0. 0. 0. 0. 0. 0. 0. 0.
 0. 0. 0. 0. 0. 0. 0. 0. 0. 0. 1. 0. 0. 0. 0. 0. 0. 0. 0. 0. 0.]
orbital number 17 energy -4.993473078424024
[0. 0. 0. 0. 0. 0. 0. 0. 0. 0. 0. 0. 0. 0. 0. 0. 0. 0. 0. 0. 0. 0. 0. 0.
 0. 0. 0. 0. 0. 0. 0. 0. 0. 0. 0. 0. 0. 0. 0. 0. 0. 0. 0. 0. 0. 0. 0. 0.
 0. 0. 0. 0. 0. 0. 0. 0. 0. 0. 0. 0. 0. 0. 0. 0. 0. 0. 0. 0. 0. 0. 0. 0.
 0. 0. 0. 0. 0. 0. 0. 0. 0. 0. 0. 0. 0. 0. 0. 0. 0. 0. 0. 0. 1.]
orbital number 18 energy -4.988038060505209
[0. 0. 0. 0. 0. 0. 0. 0. 0. 0. 0. 0. 0. 0. 0. 0. 0. 0. 0. 0. 0. 0. 0. 0.
 0. 0. 0. 0. 0. 0. 0. 0. 0. 0. 0. 0. 0. 0. 0. 0. 0. 0. 0. 0. 0. 0. 0. 0.
 0. 0. 0. 0. 0. 0. 0. 0. 0. 0. 0. 0. 0. 0. 0. 0. 0. 0. 0. 0. 0. 0. 0. 0.
 0. 0. 0. 0. 0. 0. 0. 0. 0. 0. 0. 0. 0. 0. 0. 0. 0. 0. 1. 0. 0.]
orbital number 19 energy -4.959722968122101
[0. 0. 0. 0. 0. 0. 0. 0. 0. 0. 0. 0. 0. 0. 0. 0. 0. 0. 0. 0. 0. 0. 0. 0.
 0. 0. 0. 0. 0. 0. 0. 0. 0. 0. 0. 0. 0. 0. 0. 0. 0. 0. 0. 0. 0. 0. 0. 0.
 0. 0. 0. 0. 0. 0. 0. 0. 0. 0. 0. 0. 0. 0. 0. 0. 0. 0. 0. 0. 0. 0. 0. 0.
 0. 0. 0. 0. 0. 0. 0. 0. 0. 0. 0. 0. 0. 0. 0. 0. 0. 1. 0. 0. 0.]
orbital number 20 energy -4.950715998731594
[0. 0. 0. 0. 0. 0. 0. 0. 0. 0. 0. 0. 0. 0. 0. 0. 0. 0. 0. 0. 0. 0. 0. 0.
 0. 0. 0. 0. 0. 0. 0. 0. 0. 0. 0. 0. 0. 0. 0. 0. 0. 0. 0. 0. 0. 0. 0. 0.
 0. 0. 0. 0. 0. 0. 0. 0. 0. 0. 0. 0. 0. 0. 0. 0. 0. 0. 0. 0. 0. 0. 0. 0.
 0. 0. 0. 0. 0. 0. 0. 0. 0. 1. 0. 0. 0. 0. 0. 0. 0. 0. 0. 0. 0.]
orbital number 21 energy -4.916011894378801
[0. 0. 0. 0. 0. 0. 0. 0. 0. 0. 0. 0. 0. 0. 0. 0. 0. 0. 0. 0. 0. 0. 0. 0.
 0. 0. 0. 0. 0. 0. 0. 0. 0. 0. 0. 0. 0. 0. 0. 0. 0. 0. 0. 0. 0. 0. 0. 0.
 0. 0. 0. 0. 0. 0. 0. 0. 0. 0. 0. 0. 0. 0. 0. 0. 0. 0. 0. 0. 0. 0. 0. 0.
 0. 0. 0. 0. 0. 0. 0. 0. 0. 0. 0. 1. 0. 0. 0. 0. 0. 0. 0. 0. 0.]
orbital number 22 energy -4.903362045933996
[0. 0. 0. 0. 0. 0. 0. 0. 0. 0. 0. 0. 0. 0. 0. 0. 0. 0. 0. 0. 0. 0. 0. 0.
 0. 0. 0. 0. 0. 0. 0. 0. 0. 0. 0. 0. 0. 0. 0. 0. 0. 0. 0. 0. 0. 0. 0. 0.
 0. 0. 0. 0. 0. 0. 0. 0. 0. 0. 0. 0. 0. 0. 0. 0. 0. 0. 0. 0. 0. 0. 0. 0.
 0. 0. 0. 0. 0. 0. 0. 0. 0. 0. 0. 0. 0. 0. 1. 0. 0. 0. 0. 0. 0.]
orbital number 23 energy -4.898058377155637
[0. 0. 0. 0. 0. 0. 0. 0. 0. 0. 0. 0. 0. 0. 0. 0. 0. 0. 0. 0. 0. 0. 0. 0.
 0. 0. 0. 0. 0. 0. 0. 0. 0. 0. 0. 0. 0. 0. 0. 0. 0. 0. 0. 0. 0. 0. 0. 0.
 0. 0. 0. 0. 0. 0. 0. 0. 0. 0. 0. 0. 0. 0. 0. 0. 0. 0. 0. 0. 0. 0. 0. 0.
 0. 0. 0. 0. 0. 0. 0. 0. 0. 0. 0. 0. 0. 0. 0. 1. 0. 0. 0. 0. 0.]
orbital number 24 energy -4.89388315526752
[0. 0. 0. 0. 0. 0. 0. 0. 0. 0. 0. 0. 0. 0. 0. 0. 0. 0. 0. 0. 0. 0. 0. 0.
 0. 0. 0. 0. 0. 0. 0. 0. 0. 0. 0. 0. 0. 0. 0. 0. 0. 0. 0. 0. 0. 0. 0. 0.
 0. 0. 0. 0. 0. 0. 0. 0. 0. 0. 0. 0. 0. 0. 0. 0. 0. 0. 0. 0. 0. 0. 0. 0.
 0. 0. 0. 0. 0. 0. 0. 0. 0. 0. 0. 0. 1. 0. 0. 0. 0. 0. 0. 0. 0.]
orbital number 25 energy -4.892415814882513
[0. 0. 0. 0. 0. 0. 0. 0. 0. 0. 0. 0. 0. 0. 0. 0. 0. 0. 0. 0. 0. 0. 0. 0.
 0. 0. 0. 0. 0. 0. 0. 0. 0. 0. 0. 0. 0. 0. 0. 0. 0. 0. 0. 0. 0. 0. 0. 0.
 0. 0. 0. 0. 0. 0. 0. 0. 0. 0. 0. 0. 0. 0. 0. 0. 0. 0. 0. 0. 0. 0. 0. 0.
 0. 0. 0. 0. 0. 0. 0. 0. 0. 0. 0. 0. 0. 1. 0. 0. 0. 0. 0. 0. 0.]
orbital number 26 energy -4.883874304317764
[0. 0. 0. 0. 0. 0. 0. 0. 0. 0. 0. 0. 0. 0. 0. 0. 0. 0. 0. 0. 0. 0. 0. 0.
 0. 0. 0. 0. 0. 0. 0. 0. 0. 0. 0. 0. 0. 0. 0. 0. 0. 0. 0. 0. 0. 0. 0. 0.
 0. 0. 0. 0. 0. 0. 0. 0. 0. 0. 0. 0. 0. 0. 0. 0. 0. 0. 0. 0. 0. 0. 0. 0.
 0. 0. 0. 0. 0. 0. 0. 0. 0. 0. 0. 0. 0. 0. 0. 0. 1. 0. 0. 0. 0.]
orbital number 27 energy -4.850197438014088
[-0.15 -0.08  0.04 -0.08  0.07  0.02 -0.04 -0.08 -0.06 -0.04  0.02 -0.03
 -0.01  0.02  0.04  0.02 -0.01 -0.02  0.    0.02  0.03  0.02  0.    0.08
  0.   -0.08 -0.11 -0.   -0.08 -0.    0.25  0.12 -0.07 -0.23 -0.07  0.12
  0.1  -0.   -0.1  -0.04  0.04  0.1   0.14  0.2   0.04 -0.   -0.    0.
  0.    0.    0.02 -0.03 -0.02 -0.   -0.02 -0.   -0.    0.08 -0.   -0.
  0.   -0.    0.   -0.05 -0.13  0.08  0.14 -0.05 -0.29 -0.09  0.15 -0.28
 -0.07  0.3   0.13  0.35  0.06 -0.27 -0.13 -0.29 -0.05  0.    0.    0.
  0.    0.    0.    0.    0.    0.    0.    0.    0.  ]
orbital number 28 energy -4.708547527691449
[ 0.07  0.02 -0.04  0.02 -0.08 -0.03  0.04  0.08  0.07  0.04 -0.03  0.06
  0.02 -0.03 -0.06 -0.03  0.02  0.03  0.   -0.03 -0.04 -0.03  0.   -0.03
 -0.    0.02  0.03  0.    0.02 -0.   -0.02  0.    0.02  0.03  0.02  0.
 -0.08 -0.    0.07  0.06  0.01 -0.05 -0.08 -0.05 -0.04  0.    0.   -0.
 -0.   -0.   -0.03  0.04  0.03 -0.    0.03  0.    0.   -0.27  0.   -0.
 -0.   -0.   -0.    0.2   0.47 -0.27 -0.49  0.2  -0.17 -0.04  0.1  -0.17
 -0.03  0.18 -0.07  0.18  0.13 -0.01 -0.2  -0.17 -0.03  0.    0.    0.
  0.    0.    0.    0.    0.    0.    0.    0.    0.  ]
orbital number 29 energy -4.701366034512323
[ 0.19  0.06 -0.1   0.06 -0.24 -0.09  0.1   0.25  0.23  0.11 -0.09  0.17
  0.05 -0.09 -0.18 -0.09  0.05  0.11  0.01 -0.09 -0.14 -0.09  0.01 -0.07
 -0.01  0.06  0.08  0.    0.06 -0.01 -0.03  0.02  0.06  0.06  0.05  0.02
 -0.22 -0.    0.21  0.18  0.03 -0.14 -0.21 -0.13 -0.1   0.    0.   -0.
 -0.   -0.   -0.11  0.13  0.09 -0.01  0.09  0.    0.    0.14  0.   -0.
 -0.   -0.   -0.01 -0.11 -0.25  0.15  0.26 -0.11 -0.16 -0.13 -0.01 -0.07
  0.07  0.11 -0.01  0.1   0.04 -0.05 -0.14 -0.15  0.02  0.    0.    0.
  0.    0.    0.    0.    0.    0.    0.    0.    0.  ]
orbital number 30 energy -4.599917340626005
[-0.   -0.   -0.   -0.   -0.   -0.    0.    0.    0.    0.   -0.    0.
  0.   -0.   -0.   -0.    0.    0.    0.   -0.   -0.   -0.    0.    0.
  0.   -0.   -0.   -0.   -0.    0.    0.    0.   -0.   -0.   -0.    0.
 -0.   -0.    0.    0.    0.    0.    0.    0.   -0.   -0.   -0.    0.
  0.    0.   -0.    0.    0.   -0.    0.    0.    0.    0.49  0.   -0.
 -0.   -0.   -0.    0.51 -0.   -0.49  0.   -0.51  0.    0.    0.   -0.
 -0.   -0.    0.   -0.   -0.   -0.    0.    0.   -0.    0.    0.    0.
  0.    0.    0.    0.    0.    0.    0.    0.    0.  ]
orbital number 31 energy -4.572415981266153
[-0.14 -0.09  0.02 -0.09 -0.16 -0.09  0.03  0.14  0.21  0.03 -0.09  0.22
  0.08 -0.1  -0.22 -0.1   0.08  0.12  0.02 -0.09 -0.14 -0.09  0.02  0.12
  0.02 -0.09 -0.14 -0.   -0.09  0.02  0.2   0.07 -0.1  -0.2  -0.09  0.07
 -0.03 -0.04 -0.02  0.12  0.17  0.1   0.13  0.2   0.02 -0.   -0.    0.
  0.    0.   -0.15  0.17  0.11 -0.03  0.11  0.    0.   -0.05  0.   -0.
 -0.   -0.   -0.03  0.03  0.08 -0.04 -0.08  0.04  0.2   0.22  0.08  0.02
 -0.17 -0.12  0.17 -0.07 -0.15 -0.11  0.28  0.15 -0.04  0.    0.    0.
  0.    0.    0.    0.    0.    0.    0.    0.    0.  ]
orbital number 32 energy -4.380279911547585
[ 0.22  0.06 -0.13  0.06 -0.06  0.02  0.08  0.08 -0.09  0.08  0.02 -0.21
 -0.11  0.07  0.19  0.06 -0.11 -0.06 -0.02  0.04  0.07  0.04 -0.01 -0.05
 -0.01  0.03  0.05  0.    0.03 -0.01  0.16  0.12 -0.01 -0.14 -0.01  0.12
 -0.17  0.04  0.23  0.09 -0.11 -0.23 -0.24 -0.06 -0.14  0.    0.   -0.
 -0.   -0.    0.17 -0.19 -0.11  0.04 -0.11 -0.   -0.   -0.01 -0.    0.
  0.    0.    0.04  0.01  0.02 -0.01 -0.02  0.01  0.1   0.24  0.18 -0.11
 -0.22 -0.03  0.23  0.   -0.2  -0.23  0.22  0.01 -0.02  0.    0.    0.
  0.    0.    0.    0.    0.    0.    0.    0.    0.  ]
orbital number 33 energy -4.199329682040948
[-0.13 -0.07  0.04 -0.08 -0.25 -0.07  0.15  0.26  0.04  0.14 -0.08 -0.22
 -0.14  0.04  0.2   0.04 -0.15  0.04  0.01 -0.02 -0.04 -0.02  0.01  0.14
  0.04 -0.08 -0.14 -0.   -0.08  0.04 -0.   -0.04 -0.04 -0.01 -0.05 -0.04
 -0.22 -0.19  0.    0.28  0.32  0.1   0.13  0.13  0.03 -0.   -0.    0.
  0.    0.    0.24 -0.25 -0.14  0.08 -0.15  0.    0.   -0.    0.   -0.
 -0.   -0.    0.08  0.    0.   -0.   -0.    0.   -0.02 -0.12 -0.11  0.09
  0.11 -0.   -0.11 -0.    0.11  0.12 -0.07  0.04 -0.    0.    0.    0.
  0.    0.    0.    0.    0.    0.    0.    0.    0.  ]
orbital number 34 energy -3.965350463979376
[ 0.12 -0.03 -0.14 -0.01  0.04  0.01 -0.03 -0.04 -0.04  0.01  0.05  0.03
  0.03  0.01 -0.02  0.01  0.03 -0.07 -0.03  0.04  0.07  0.04 -0.03  0.37
  0.15 -0.19 -0.37 -0.   -0.2   0.14  0.13 -0.   -0.12 -0.13 -0.09  0.03
 -0.01  0.22  0.25 -0.02 -0.27 -0.27 -0.13  0.19 -0.12 -0.01 -0.    0.
  0.01  0.   -0.06  0.06  0.03 -0.02  0.03 -0.   -0.   -0.01 -0.    0.
  0.    0.   -0.02  0.01  0.02 -0.01 -0.02  0.01  0.01 -0.16 -0.17  0.16
  0.13 -0.01 -0.11  0.03  0.14  0.12 -0.04  0.07 -0.04  0.    0.    0.
  0.    0.    0.    0.    0.    0.    0.    0.    0.  ]
orbital number 35 energy -3.915208279796773
[ 0.   -0.   -0.   -0.    0.   -0.   -0.   -0.   -0.    0.    0.    0.
  0.    0.   -0.    0.    0.   -0.   -0.    0.    0.    0.   -0.    0.01
  0.   -0.   -0.01 -0.   -0.01  0.    0.01  0.5   0.5  -0.01 -0.5  -0.5
 -0.    0.01  0.01  0.   -0.01 -0.01 -0.    0.01 -0.   -0.   -0.    0.
  0.    0.   -0.    0.    0.   -0.    0.   -0.   -0.   -0.   -0.    0.
  0.    0.   -0.    0.    0.   -0.   -0.    0.    0.01 -0.   -0.01  0.01
 -0.   -0.01  0.    0.    0.01  0.   -0.   -0.   -0.    0.    0.    0.
  0.    0.    0.    0.    0.    0.    0.    0.    0.  ]
orbital number 36 energy -3.8745498724302556
[ 0.    0.5   0.49 -0.49  0.    0.01  0.01 -0.   -0.03  0.01  0.01  0.01
  0.02  0.01 -0.01  0.    0.01 -0.06 -0.02  0.03  0.06  0.03 -0.03  0.
  0.    0.   -0.   -0.   -0.   -0.    0.01  0.   -0.   -0.   -0.    0.
 -0.03 -0.02  0.    0.02  0.02 -0.   -0.    0.   -0.5  -0.   -0.    0.
  0.    0.   -0.03  0.03  0.02 -0.01  0.02 -0.   -0.   -0.   -0.    0.
  0.    0.   -0.01  0.    0.   -0.   -0.    0.    0.   -0.   -0.    0.
  0.   -0.   -0.    0.    0.    0.   -0.    0.   -0.    0.    0.    0.
  0.    0.    0.    0.    0.    0.    0.    0.    0.  ]
orbital number 37 energy -3.8594548311916625
[ 0.   -0.   -0.   -0.   -0.   -0.   -0.    0.   -0.    0.    0.    0.
  0.    0.   -0.    0.    0.   -0.   -0.    0.    0.    0.   -0.    0.
 -0.5  -0.5  -0.01 -0.    0.5   0.5  -0.   -0.    0.    0.    0.   -0.
 -0.    0.    0.    0.   -0.   -0.   -0.    0.   -0.   -0.   -0.    0.
  0.    0.   -0.    0.    0.   -0.    0.   -0.   -0.    0.   -0.    0.
  0.    0.   -0.   -0.   -0.    0.    0.   -0.   -0.    0.    0.   -0.
 -0.    0.    0.   -0.   -0.   -0.    0.   -0.    0.    0.    0.    0.
  0.    0.    0.    0.    0.    0.    0.    0.    0.  ]
orbital number 38 energy -3.8473324429550195
[ 0.01  0.07  0.06 -0.06  0.04 -0.07 -0.11 -0.05  0.19 -0.06 -0.01 -0.06
 -0.13 -0.08  0.05 -0.   -0.05  0.46  0.19 -0.24 -0.45 -0.24  0.19  0.01
  0.   -0.01 -0.01 -0.   -0.    0.01  0.01  0.   -0.   -0.01 -0.    0.
  0.2   0.2   0.01 -0.2  -0.21 -0.02 -0.01  0.   -0.07 -0.   -0.    0.
  0.    0.    0.2  -0.2  -0.1   0.09 -0.11  0.01  0.03 -0.    0.01 -0.01
 -0.03 -0.01  0.1   0.    0.   -0.   -0.    0.    0.   -0.01 -0.01  0.01
  0.   -0.   -0.    0.    0.    0.   -0.    0.   -0.    0.    0.    0.
  0.    0.    0.    0.    0.    0.    0.    0.    0.  ]
orbital number 39 energy -3.8370008160007556
[ 0.01  0.01 -0.   -0.    0.01  0.5   0.49 -0.01  0.01 -0.51 -0.5  -0.
 -0.01 -0.01  0.    0.01  0.    0.03  0.01 -0.01 -0.02 -0.01  0.01  0.01
  0.   -0.01 -0.01 -0.   -0.01  0.01  0.01  0.   -0.   -0.01 -0.    0.
  0.01  0.01  0.01 -0.01 -0.02 -0.01 -0.01  0.   -0.01 -0.   -0.    0.
  0.    0.    0.01 -0.01 -0.    0.   -0.    0.    0.   -0.    0.   -0.
 -0.   -0.    0.    0.    0.   -0.   -0.    0.    0.   -0.   -0.01  0.01
  0.   -0.   -0.    0.    0.    0.   -0.    0.   -0.    0.    0.    0.
  0.    0.    0.    0.    0.    0.    0.    0.    0.  ]
orbital number 40 energy -3.8299078308739043
[ 0.    0.    0.   -0.    0.    0.   -0.   -0.    0.02 -0.01 -0.01 -0.
  0.49  0.49  0.   -0.5  -0.5   0.04  0.02 -0.02 -0.04 -0.02  0.02  0.
  0.   -0.   -0.   -0.   -0.    0.    0.    0.   -0.   -0.   -0.    0.
  0.02  0.02  0.   -0.02 -0.02 -0.   -0.    0.   -0.   -0.   -0.    0.
  0.    0.    0.02 -0.02 -0.08  0.09  0.07  0.    0.   -0.    0.   -0.
 -0.   -0.   -0.07  0.    0.   -0.   -0.    0.    0.   -0.   -0.    0.
  0.   -0.   -0.    0.    0.    0.   -0.    0.   -0.    0.    0.    0.
  0.    0.    0.    0.    0.    0.    0.    0.    0.  ]
orbital number 41 energy -3.8033962054978407
[ 0.   0.   0.  -0.   0.  -0.  -0.   0.  -0.  -0.  -0.  -0.   0.   0.
 -0.   0.   0.  -0.  -0.5 -0.5  0.   0.5  0.5  0.   0.  -0.  -0.  -0.
 -0.   0.   0.   0.  -0.  -0.  -0.   0.   0.   0.   0.  -0.  -0.  -0.
 -0.   0.  -0.  -0.  -0.   0.   0.   0.  -0.   0.   0.  -0.   0.  -0.
 -0.  -0.  -0.   0.   0.   0.  -0.   0.   0.  -0.  -0.   0.   0.  -0.
 -0.   0.   0.  -0.  -0.   0.   0.   0.  -0.   0.  -0.   0.   0.   0.
  0.   0.   0.   0.   0.   0.   0.   0.   0. ]
orbital number 42 energy -3.7778452972513277
[ 0.   -0.   -0.   -0.   -0.    0.    0.    0.   -0.   -0.   -0.    0.
  0.    0.   -0.    0.    0.   -0.   -0.    0.    0.    0.   -0.    0.
 -0.   -0.   -0.    0.52 -0.   -0.    0.    0.   -0.   -0.   -0.    0.
 -0.    0.    0.    0.   -0.   -0.   -0.    0.   -0.    0.03 -0.48 -0.51
 -0.04  0.48 -0.    0.    0.   -0.    0.   -0.   -0.   -0.   -0.    0.
  0.    0.   -0.    0.    0.   -0.   -0.    0.    0.   -0.   -0.    0.
  0.   -0.   -0.    0.    0.    0.    0.    0.   -0.    0.    0.    0.
  0.    0.    0.    0.    0.    0.    0.    0.    0.  ]
orbital number 43 energy -3.771539781200974
[ 0.   -0.   -0.    0.   -0.    0.    0.   -0.   -0.    0.    0.   -0.
 -0.08 -0.08 -0.    0.08  0.08 -0.   -0.    0.    0.    0.   -0.    0.
  0.   -0.   -0.   -0.   -0.    0.    0.    0.   -0.   -0.   -0.    0.
 -0.   -0.    0.    0.    0.   -0.   -0.    0.    0.   -0.   -0.    0.
  0.    0.   -0.   -0.   -0.49  0.49  0.49 -0.   -0.   -0.   -0.    0.
  0.    0.   -0.49  0.    0.   -0.   -0.    0.    0.   -0.   -0.    0.
  0.   -0.   -0.    0.    0.    0.    0.    0.   -0.    0.    0.    0.
  0.    0.    0.    0.    0.    0.    0.    0.    0.  ]
orbital number 44 energy -3.7500295453382817
[ 0.   -0.   -0.   -0.   -0.    0.    0.    0.   -0.   -0.   -0.    0.
  0.    0.   -0.    0.    0.   -0.   -0.    0.    0.    0.   -0.   -0.
 -0.   -0.    0.    0.26 -0.   -0.    0.01  0.   -0.01 -0.01 -0.01  0.
 -0.    0.    0.    0.   -0.   -0.   -0.    0.   -0.    0.58  0.32 -0.25
 -0.57 -0.31 -0.    0.    0.   -0.    0.   -0.   -0.   -0.   -0.    0.
  0.    0.   -0.    0.    0.   -0.   -0.    0.    0.   -0.01 -0.01  0.01
  0.   -0.   -0.    0.    0.01  0.    0.    0.   -0.    0.    0.    0.
  0.    0.    0.    0.    0.    0.    0.    0.    0.  ]
orbital number 45 energy -3.7277261528206616
[ 0.   -0.   -0.    0.    0.    0.    0.   -0.   -0.    0.    0.    0.
  0.    0.   -0.    0.    0.   -0.   -0.    0.    0.    0.   -0.    0.
  0.   -0.   -0.    0.   -0.    0.    0.    0.   -0.   -0.   -0.    0.
 -0.   -0.    0.    0.    0.   -0.   -0.    0.    0.    0.    0.   -0.
 -0.   -0.   -0.    0.    0.   -0.    0.   -0.48  0.04 -0.    0.52  0.48
 -0.04 -0.52 -0.    0.    0.   -0.   -0.    0.    0.   -0.   -0.    0.
  0.   -0.   -0.    0.    0.    0.    0.    0.   -0.    0.    0.    0.
  0.    0.    0.    0.    0.    0.    0.    0.    0.  ]
orbital number 46 energy -3.699537469821795
[ 0.   -0.   -0.    0.    0.    0.    0.   -0.   -0.01  0.    0.    0.
  0.    0.   -0.    0.    0.   -0.02 -0.01  0.01  0.02  0.01 -0.01  0.
  0.   -0.   -0.    0.   -0.    0.    0.    0.   -0.   -0.   -0.    0.
 -0.01 -0.01  0.    0.01  0.01 -0.   -0.    0.   -0.    0.    0.   -0.
 -0.   -0.   -0.01  0.01  0.01 -0.01  0.01  0.32  0.57 -0.    0.25 -0.33
 -0.58 -0.26 -0.01  0.    0.   -0.   -0.    0.    0.   -0.   -0.    0.
  0.   -0.   -0.    0.    0.    0.    0.    0.   -0.    0.    0.    0.
  0.    0.    0.    0.    0.    0.    0.    0.    0.  ]
orbital number 47 energy -3.63327776910889
[ 0.    0.01  0.01  0.    0.    0.   -0.   -0.    0.   -0.    0.    0.
  0.    0.   -0.   -0.   -0.    0.    0.   -0.   -0.   -0.    0.    0.33
  0.17 -0.15 -0.32  0.01 -0.16  0.17 -0.35 -0.16  0.18  0.34  0.17 -0.17
  0.   -0.02 -0.02 -0.    0.02  0.02 -0.01 -0.02 -0.    0.01  0.01 -0.01
 -0.01 -0.01  0.   -0.   -0.    0.   -0.   -0.   -0.    0.01 -0.    0.
  0.    0.    0.   -0.03 -0.03  0.02  0.04 -0.03 -0.09  0.23  0.29 -0.3
 -0.13  0.03  0.04 -0.14 -0.18 -0.03 -0.04 -0.07  0.12  0.    0.    0.
  0.    0.    0.    0.    0.    0.    0.    0.    0.  ]
orbital number 48 energy -3.3420334966689738
[ 0.12  0.08 -0.04  0.09  0.11  0.07 -0.04 -0.11 -0.04 -0.04  0.08 -0.03
 -0.    0.03  0.03  0.03 -0.    0.09  0.05 -0.04 -0.09 -0.04  0.05  0.09
  0.05 -0.04 -0.09  0.   -0.04  0.05 -0.04 -0.01  0.03  0.03  0.04  0.
 -0.08 -0.21 -0.1   0.05  0.14  0.07 -0.12 -0.05 -0.04  0.    0.   -0.
 -0.   -0.   -0.05  0.05  0.02 -0.03  0.02 -0.   -0.    0.   -0.    0.
  0.    0.   -0.03 -0.   -0.    0.    0.01 -0.01  0.34  0.11 -0.24  0.16
 -0.25 -0.31  0.23  0.28  0.27 -0.07 -0.22 -0.36  0.02  0.    0.    0.
  0.    0.    0.    0.    0.    0.    0.    0.    0.  ]
orbital number 49 energy -3.3161446495973377
[-0.19 -0.13  0.08 -0.13 -0.22 -0.15  0.08  0.23  0.09  0.07 -0.16  0.09
  0.01 -0.08 -0.08 -0.07  0.01 -0.18 -0.11  0.08  0.18  0.08 -0.11 -0.06
 -0.04  0.03  0.06 -0.    0.02 -0.04 -0.09 -0.05  0.04  0.09  0.04 -0.05
  0.19  0.37  0.13 -0.13 -0.24 -0.07  0.2   0.04  0.07 -0.   -0.    0.
  0.    0.    0.12 -0.12 -0.05  0.08 -0.05  0.    0.    0.    0.   -0.
 -0.   -0.    0.08 -0.01 -0.01  0.    0.01 -0.01  0.17  0.12 -0.07  0.02
 -0.16 -0.18  0.12  0.12  0.14 -0.01 -0.15 -0.21  0.05  0.    0.    0.
  0.    0.    0.    0.    0.    0.    0.    0.    0.  ]
orbital number 50 energy -3.1640604807701647
[ 0.22  0.17 -0.07  0.17 -0.02 -0.05 -0.02  0.03  0.11 -0.02 -0.05  0.27
  0.08 -0.19 -0.24 -0.19  0.08 -0.14 -0.09  0.06  0.14  0.06 -0.09  0.08
  0.06 -0.04 -0.09  0.   -0.03  0.06  0.05  0.04 -0.01 -0.05 -0.01  0.04
  0.13 -0.14 -0.24 -0.2   0.08  0.26 -0.24 -0.08 -0.08  0.    0.   -0.
 -0.   -0.    0.28 -0.28 -0.11  0.19 -0.11  0.    0.   -0.    0.   -0.
 -0.   -0.    0.19  0.01  0.01 -0.   -0.01  0.01 -0.01 -0.06 -0.03  0.05
  0.04  0.04 -0.    0.02 -0.03 -0.03  0.06  0.04 -0.05  0.    0.    0.
  0.    0.    0.    0.    0.    0.    0.    0.    0.  ]
orbital number 51 energy -3.0163668131934998
[-0.13 -0.12  0.04 -0.12  0.26  0.19 -0.11 -0.28 -0.01 -0.11  0.19  0.25
  0.1  -0.16 -0.23 -0.16  0.1   0.01  0.01 -0.01 -0.01 -0.    0.01 -0.05
 -0.04  0.02  0.06 -0.    0.02 -0.04 -0.02 -0.03 -0.    0.03 -0.   -0.03
 -0.27 -0.08  0.21  0.32  0.04 -0.29  0.16  0.06  0.04 -0.   -0.    0.
  0.    0.    0.21 -0.21 -0.08  0.16 -0.08 -0.   -0.    0.   -0.    0.
  0.    0.    0.16 -0.01 -0.01  0.    0.01 -0.01  0.    0.05  0.03 -0.05
 -0.03 -0.03 -0.01 -0.02  0.02  0.04 -0.05 -0.01  0.04  0.    0.    0.
  0.    0.    0.    0.    0.    0.    0.    0.    0.  ]
orbital number 52 energy -2.7130928844943885
[ 0.08  0.04 -0.05  0.04 -0.01 -0.01  0.    0.02  0.01  0.   -0.01 -0.01
 -0.    0.    0.01  0.   -0.   -0.   -0.    0.    0.    0.   -0.   -0.04
 -0.04  0.02  0.05 -0.    0.02 -0.04  0.21  0.05 -0.18 -0.16 -0.17  0.05
  0.03 -0.04 -0.05 -0.05  0.01  0.06 -0.08  0.08 -0.05 -0.   -0.    0.
  0.    0.   -0.    0.    0.   -0.    0.    0.    0.    0.01  0.   -0.
 -0.   -0.   -0.   -0.06 -0.03  0.01  0.06 -0.06 -0.04  0.31  0.21 -0.32
 -0.09 -0.21 -0.19 -0.23  0.28  0.38 -0.32  0.06  0.3   0.    0.    0.
  0.    0.    0.    0.    0.    0.    0.    0.    0.  ]
orbital number 53 energy 0.0
[-0.23 -0.    0.22 -0.   -0.    0.    0.   -0.   -0.    0.    0.    0.
  0.   -0.   -0.   -0.    0.    0.    0.   -0.   -0.   -0.    0.    0.
  0.21 -0.   -0.21  0.   -0.    0.21 -0.    0.22 -0.   -0.23 -0.    0.22
 -0.    0.07  0.    0.07 -0.   -0.07  0.   -0.73  0.22  0.    0.   -0.
 -0.   -0.    0.   -0.   -0.    0.   -0.   -0.   -0.   -0.   -0.    0.
  0.    0.    0.   -0.01  0.   -0.    0.01 -0.01 -0.01  0.03  0.   -0.02
  0.01 -0.03 -0.05 -0.01  0.08  0.01 -0.01  0.06  0.03  0.    0.    0.
  0.    0.    0.    0.    0.    0.    0.    0.    0.  ]
orbital number 54 energy 0.052908692438671245
[ 0.    0.   -0.    0.    0.23 -0.   -0.22  0.    0.73 -0.22 -0.   -0.
 -0.22 -0.    0.23  0.   -0.22 -0.   -0.21  0.    0.21  0.   -0.21  0.
 -0.   -0.    0.   -0.   -0.   -0.    0.   -0.   -0.    0.   -0.   -0.
  0.   -0.07 -0.    0.07 -0.   -0.07 -0.    0.   -0.    0.   -0.   -0.
  0.   -0.   -0.    0.07 -0.   -0.07  0.    0.    0.    0.    0.   -0.
 -0.   -0.   -0.07  0.   -0.    0.   -0.    0.    0.   -0.   -0.    0.
 -0.    0.    0.    0.   -0.   -0.    0.   -0.   -0.    0.    0.    0.
  0.    0.    0.    0.    0.    0.    0.    0.    0.  ]
orbital number 55 energy 2.815773084949547
[-0.02  0.01  0.01  0.01  0.   -0.   -0.    0.   -0.   -0.   -0.   -0.
  0.    0.   -0.    0.    0.   -0.    0.    0.   -0.    0.    0.   -0.01
  0.01  0.   -0.01  0.    0.    0.01  0.05 -0.01 -0.04  0.04 -0.04 -0.01
  0.01  0.01 -0.01  0.01  0.   -0.01 -0.02 -0.01  0.01 -0.    0.    0.
 -0.    0.   -0.   -0.    0.    0.    0.    0.   -0.    0.23  0.    0.
 -0.    0.    0.    0.32 -0.54  0.23 -0.52  0.32 -0.13  0.01  0.12  0.08
  0.07 -0.1   0.12 -0.12  0.07  0.07  0.04 -0.15 -0.04  0.    0.    0.
  0.    0.    0.    0.    0.    0.    0.    0.    0.  ]
orbital number 56 energy 2.9934119658079164
[ 0.18 -0.12 -0.08 -0.12 -0.08  0.07  0.03 -0.09  0.02  0.03  0.06  0.05
 -0.02 -0.03  0.05 -0.03 -0.02  0.01 -0.01 -0.01  0.02 -0.01 -0.01  0.03
 -0.02 -0.01  0.03 -0.   -0.01 -0.02 -0.27  0.09  0.19 -0.24  0.19  0.1
 -0.11 -0.06  0.16 -0.17 -0.03  0.19  0.19  0.04 -0.08  0.   -0.   -0.
  0.   -0.    0.03  0.04 -0.01 -0.03 -0.01 -0.    0.   -0.   -0.   -0.
  0.   -0.   -0.03  0.02 -0.02  0.02 -0.02 -0.   -0.11  0.21 -0.05 -0.11
  0.23 -0.18 -0.24 -0.01  0.39 -0.29  0.27 -0.01  0.01  0.    0.    0.
  0.    0.    0.    0.    0.    0.    0.    0.    0.  ]
orbital number 57 energy 3.031055805532529
[-0.01  0.    0.    0.    0.   -0.   -0.    0.   -0.   -0.   -0.   -0.
  0.    0.   -0.    0.    0.   -0.    0.    0.   -0.    0.    0.   -0.
  0.    0.   -0.    0.    0.    0.    0.01 -0.   -0.    0.01 -0.   -0.
  0.    0.   -0.01  0.01  0.   -0.01 -0.01 -0.    0.   -0.    0.    0.
 -0.    0.   -0.   -0.    0.    0.    0.    0.   -0.   -0.51  0.    0.
 -0.    0.    0.    0.49 -0.    0.51  0.   -0.49  0.   -0.   -0.    0.
 -0.    0.    0.    0.   -0.01  0.01 -0.01  0.    0.    0.    0.    0.
  0.    0.    0.    0.    0.    0.    0.    0.    0.  ]
orbital number 58 energy 3.094167682672335
[-0.09  0.08  0.02  0.07  0.13 -0.1  -0.05  0.14 -0.02 -0.05 -0.1  -0.11
  0.05  0.07 -0.1   0.07  0.05 -0.01  0.01  0.01 -0.01  0.    0.01  0.04
 -0.03 -0.02  0.04 -0.   -0.02 -0.03  0.   -0.02  0.01  0.01  0.01 -0.01
  0.15 -0.03 -0.12  0.18 -0.01 -0.17 -0.1   0.04  0.03  0.   -0.   -0.
  0.   -0.   -0.08 -0.09  0.03  0.07  0.03  0.   -0.   -0.07  0.    0.
 -0.    0.    0.07 -0.08  0.16 -0.07  0.15 -0.08 -0.3  -0.05  0.33  0.3
  0.04 -0.22  0.05 -0.21  0.32 -0.04  0.28 -0.3  -0.09  0.    0.    0.
  0.    0.    0.    0.    0.    0.    0.    0.    0.  ]
orbital number 59 energy 3.1156472599514284
[-0.07  0.08  0.01  0.07  0.21 -0.15 -0.08  0.23 -0.02 -0.09 -0.15 -0.19
  0.08  0.12 -0.18  0.12  0.08 -0.01  0.01  0.01 -0.01  0.    0.01  0.08
 -0.06 -0.03  0.08 -0.   -0.03 -0.06 -0.1   0.02  0.09 -0.09  0.09  0.02
  0.22 -0.09 -0.14  0.25 -0.05 -0.21 -0.08  0.08  0.01  0.   -0.   -0.
  0.   -0.   -0.15 -0.16  0.06  0.12  0.06  0.   -0.    0.05  0.    0.
 -0.    0.    0.12  0.05 -0.1   0.04 -0.09  0.05  0.15  0.17 -0.28 -0.29
  0.12  0.05 -0.19  0.15  0.01 -0.15 -0.01  0.19  0.06  0.    0.    0.
  0.    0.    0.    0.    0.    0.    0.    0.    0.  ]
orbital number 60 energy 3.252940865990066
[ 0.22 -0.17 -0.07 -0.17  0.04  0.01 -0.05  0.03  0.1  -0.04  0.   -0.28
  0.09  0.19 -0.25  0.19  0.09  0.11 -0.08 -0.04  0.11 -0.05 -0.07 -0.12
  0.08  0.05 -0.12  0.    0.05  0.08  0.01  0.03 -0.03  0.   -0.03  0.02
 -0.07 -0.2   0.23 -0.14 -0.11  0.22  0.24 -0.09 -0.07 -0.    0.    0.
 -0.    0.   -0.27 -0.28  0.11  0.19  0.11 -0.    0.   -0.   -0.   -0.
  0.   -0.    0.19 -0.    0.   -0.    0.   -0.   -0.   -0.09  0.08  0.09
 -0.08  0.03  0.09 -0.02 -0.08  0.09 -0.08 -0.   -0.    0.    0.    0.
  0.    0.    0.    0.    0.    0.    0.    0.    0.  ]
orbital number 61 energy 3.3963327230951537
[-0.19  0.12  0.08  0.13 -0.23  0.17  0.08 -0.25  0.12  0.07  0.18 -0.13
  0.02  0.11 -0.12  0.11  0.02  0.2  -0.13 -0.09  0.2  -0.09 -0.13  0.1
 -0.06 -0.05  0.1  -0.   -0.04 -0.06  0.02 -0.03  0.    0.02  0.   -0.02
 -0.23  0.4  -0.13 -0.17  0.26 -0.05 -0.2   0.05  0.07  0.   -0.   -0.
  0.   -0.   -0.17 -0.17  0.07  0.11  0.07 -0.    0.   -0.   -0.   -0.
  0.   -0.    0.11 -0.    0.   -0.    0.   -0.    0.    0.05 -0.04 -0.05
  0.05 -0.01 -0.04  0.01  0.04 -0.04  0.05 -0.02 -0.    0.    0.    0.
  0.    0.    0.    0.    0.    0.    0.    0.    0.  ]
orbital number 62 energy 3.696272337497189
[-0.   -0.    0.    0.01 -0.    0.    0.   -0.    0.    0.    0.   -0.
 -0.    0.   -0.    0.    0.    0.   -0.   -0.    0.   -0.   -0.   -0.34
  0.17  0.16 -0.33  0.01  0.16  0.16  0.32 -0.17 -0.13  0.31 -0.14 -0.16
 -0.    0.01 -0.01  0.    0.01 -0.01 -0.    0.01 -0.01 -0.01  0.01  0.01
 -0.01  0.01 -0.   -0.    0.    0.    0.   -0.    0.   -0.02 -0.   -0.
  0.   -0.    0.   -0.01  0.03 -0.02  0.04 -0.01  0.04  0.21 -0.24 -0.23
  0.23  0.03 -0.11 -0.02  0.09 -0.06  0.29 -0.23 -0.07  0.    0.    0.
  0.    0.    0.    0.    0.    0.    0.    0.    0.  ]
orbital number 63 energy 3.7996599743668344
[-0.    0.   -0.    0.   -0.   -0.    0.   -0.   -0.   -0.    0.    0.
  0.   -0.    0.   -0.    0.    0.   -0.   -0.    0.   -0.   -0.    0.
 -0.   -0.    0.    0.25 -0.   -0.   -0.01  0.    0.   -0.01  0.01  0.
  0.    0.   -0.    0.    0.   -0.    0.    0.   -0.   -0.58  0.33  0.24
 -0.57  0.32  0.    0.   -0.   -0.   -0.   -0.    0.    0.   -0.   -0.
  0.   -0.   -0.    0.   -0.    0.   -0.    0.   -0.   -0.01  0.01  0.01
 -0.01 -0.    0.    0.   -0.   -0.   -0.01  0.01  0.    0.    0.    0.
  0.    0.    0.    0.    0.    0.    0.    0.    0.  ]
orbital number 64 energy 3.828124756058635
[-0.   -0.    0.   -0.    0.    0.   -0.    0.    0.    0.   -0.    0.
 -0.    0.    0.    0.   -0.   -0.    0.    0.   -0.    0.    0.   -0.
  0.   -0.   -0.   -0.52 -0.    0.    0.   -0.   -0.    0.   -0.   -0.
 -0.   -0.    0.   -0.   -0.    0.   -0.   -0.    0.    0.04  0.47 -0.52
  0.05  0.48 -0.   -0.    0.    0.    0.    0.   -0.   -0.    0.    0.
 -0.    0.    0.   -0.    0.   -0.    0.   -0.    0.    0.   -0.   -0.
  0.    0.   -0.   -0.    0.    0.    0.   -0.   -0.    0.    0.    0.
  0.    0.    0.    0.    0.    0.    0.    0.    0.  ]
orbital number 65 energy 3.8494135981141744
[-0.   -0.    0.    0.    0.    0.   -0.01  0.    0.01 -0.01  0.    0.
 -0.    0.    0.    0.   -0.01 -0.03  0.01  0.02 -0.03  0.02  0.01  0.
 -0.   -0.    0.    0.   -0.   -0.    0.   -0.    0.    0.   -0.    0.
 -0.01  0.01  0.   -0.01  0.01 -0.   -0.   -0.   -0.   -0.    0.    0.
 -0.    0.   -0.01 -0.01  0.01  0.01  0.01  0.31 -0.57 -0.    0.25  0.33
 -0.58  0.26  0.01 -0.    0.   -0.    0.   -0.    0.    0.   -0.   -0.
  0.    0.   -0.   -0.    0.    0.    0.   -0.   -0.    0.    0.    0.
  0.    0.    0.    0.    0.    0.    0.    0.    0.  ]
orbital number 66 energy 3.8509104656953674
[-0.   -0.    0.   -0.    0.    0.   -0.   -0.    0.    0.   -0.    0.
  0.   -0.    0.    0.   -0.   -0.    0.    0.   -0.    0.    0.    0.01
 -0.   -0.    0.01  0.   -0.   -0.    0.   -0.5   0.5  -0.   -0.5   0.5
 -0.   -0.01  0.01  0.   -0.01  0.01 -0.   -0.    0.   -0.    0.    0.
 -0.    0.   -0.   -0.    0.    0.    0.   -0.    0.    0.   -0.   -0.
  0.   -0.    0.    0.   -0.    0.   -0.    0.    0.01 -0.   -0.   -0.
 -0.    0.01  0.   -0.   -0.    0.   -0.    0.    0.    0.    0.    0.
  0.    0.    0.    0.    0.    0.    0.    0.    0.  ]
orbital number 67 energy 3.871226175101123
[-0.   0.  -0.  -0.  -0.   0.  -0.  -0.  -0.   0.  -0.  -0.   0.  -0.
 -0.  -0.   0.   0.  -0.  -0.   0.  -0.  -0.   0.   0.5 -0.5  0.   0.
  0.5 -0.5 -0.   0.   0.  -0.   0.   0.   0.  -0.   0.   0.  -0.   0.
 -0.  -0.   0.  -0.   0.   0.  -0.   0.   0.   0.  -0.  -0.  -0.   0.
 -0.   0.   0.   0.  -0.   0.  -0.   0.  -0.   0.  -0.   0.  -0.  -0.
  0.   0.  -0.  -0.   0.   0.  -0.  -0.  -0.   0.   0.   0.   0.   0.
  0.   0.   0.   0.   0.   0.   0.   0.   0. ]
orbital number 68 energy 3.8784116692910127
[-0.    0.   -0.   -0.   -0.   -0.    0.   -0.   -0.    0.   -0.   -0.
  0.   -0.   -0.   -0.    0.    0.   -0.   -0.    0.   -0.   -0.    0.
 -0.   -0.    0.    0.   -0.   -0.    0.   -0.   -0.    0.   -0.   -0.
  0.   -0.    0.    0.   -0.    0.   -0.   -0.    0.   -0.    0.    0.
 -0.    0.    0.    0.   -0.   -0.   -0.    0.48  0.04 -0.   -0.52  0.48
  0.04 -0.52 -0.   -0.    0.   -0.    0.   -0.    0.    0.   -0.   -0.
  0.    0.   -0.   -0.    0.    0.    0.   -0.   -0.    0.    0.    0.
  0.    0.    0.    0.    0.    0.    0.    0.    0.  ]
orbital number 69 energy 3.884017943031248
[-0.    0.   -0.   -0.   -0.    0.    0.   -0.   -0.    0.   -0.   -0.
 -0.08  0.08 -0.   -0.08  0.09  0.   -0.   -0.    0.   -0.   -0.    0.
 -0.   -0.    0.    0.   -0.   -0.    0.   -0.   -0.    0.   -0.   -0.
  0.   -0.    0.    0.   -0.    0.   -0.   -0.    0.   -0.    0.    0.
 -0.    0.    0.    0.    0.49  0.49 -0.49  0.   -0.   -0.    0.    0.
 -0.    0.   -0.49 -0.    0.   -0.    0.   -0.    0.    0.   -0.   -0.
  0.    0.   -0.   -0.    0.    0.    0.   -0.   -0.    0.    0.    0.
  0.    0.    0.    0.    0.    0.    0.    0.    0.  ]
orbital number 70 energy 3.8881734110214845
[-0.01  0.5  -0.49 -0.5  -0.01  0.    0.01 -0.01 -0.01  0.01  0.   -0.
  0.   -0.   -0.   -0.    0.    0.03 -0.01 -0.01  0.02 -0.01 -0.01  0.01
 -0.   -0.    0.01  0.   -0.01 -0.    0.01 -0.   -0.01  0.01 -0.   -0.01
  0.01 -0.01  0.01  0.01 -0.02  0.01 -0.01 -0.    0.5  -0.    0.    0.
 -0.    0.    0.01  0.01 -0.01 -0.01  0.    0.   -0.01 -0.    0.    0.
 -0.01  0.    0.   -0.    0.   -0.    0.   -0.    0.    0.   -0.01 -0.01
  0.01  0.   -0.   -0.    0.    0.    0.01 -0.01 -0.    0.    0.    0.
  0.    0.    0.    0.    0.    0.    0.    0.    0.  ]
orbital number 71 energy 3.9259949847612523
[-0.01 -0.    0.01  0.01 -0.01  0.5  -0.5  -0.01  0.    0.5  -0.5   0.
 -0.    0.    0.   -0.    0.    0.    0.01 -0.01  0.    0.01 -0.01  0.02
 -0.01 -0.01  0.02  0.   -0.01 -0.01  0.01 -0.   -0.01  0.01 -0.01 -0.
  0.   -0.01  0.01  0.01 -0.02  0.02 -0.01 -0.01  0.01 -0.    0.    0.
 -0.    0.   -0.   -0.    0.    0.    0.    0.   -0.   -0.    0.    0.
 -0.    0.    0.   -0.    0.   -0.    0.   -0.    0.    0.   -0.01 -0.01
  0.01  0.   -0.   -0.    0.    0.    0.01 -0.01 -0.    0.    0.    0.
  0.    0.    0.    0.    0.    0.    0.    0.    0.  ]
orbital number 72 energy 3.9276083332527394
[-0.   -0.    0.    0.   -0.   -0.01  0.01 -0.   -0.   -0.01  0.01 -0.
 -0.    0.    0.    0.   -0.    0.    0.5  -0.5   0.    0.5  -0.5   0.
 -0.   -0.    0.    0.   -0.   -0.    0.   -0.   -0.    0.   -0.   -0.
  0.   -0.    0.    0.   -0.    0.   -0.   -0.   -0.   -0.    0.    0.
 -0.    0.   -0.   -0.    0.    0.    0.    0.   -0.   -0.    0.    0.
 -0.    0.    0.   -0.    0.   -0.    0.   -0.    0.    0.   -0.   -0.
  0.    0.   -0.   -0.    0.    0.    0.   -0.   -0.    0.    0.    0.
  0.    0.    0.    0.    0.    0.    0.    0.    0.  ]
orbital number 73 energy 3.9374252572750423
[-0.   -0.    0.01  0.   -0.01 -0.01  0.01 -0.01 -0.02  0.01 -0.   -0.
 -0.48  0.49 -0.   -0.49  0.5   0.04 -0.02 -0.02  0.04 -0.02 -0.02  0.
 -0.   -0.    0.    0.   -0.   -0.    0.   -0.   -0.    0.   -0.   -0.
  0.02 -0.02  0.    0.02 -0.03  0.   -0.   -0.   -0.   -0.    0.    0.
 -0.    0.    0.02  0.02 -0.09 -0.09  0.07  0.   -0.   -0.    0.    0.
 -0.    0.    0.08 -0.    0.   -0.    0.   -0.    0.    0.   -0.   -0.
  0.    0.   -0.   -0.    0.    0.    0.   -0.   -0.    0.    0.    0.
  0.    0.    0.    0.    0.    0.    0.    0.    0.  ]
orbital number 74 energy 3.9556670077523464
[-0.04 -0.03  0.06  0.03 -0.07 -0.04  0.11 -0.08 -0.17  0.08 -0.01 -0.05
  0.13 -0.09 -0.04  0.01  0.03  0.45 -0.19 -0.23  0.44 -0.23 -0.19  0.07
 -0.03 -0.04  0.07  0.   -0.04 -0.03  0.03 -0.01 -0.03  0.04 -0.02 -0.01
  0.19 -0.23  0.05  0.2  -0.26  0.07 -0.04 -0.03  0.   -0.    0.    0.
 -0.    0.    0.18  0.18 -0.09 -0.08 -0.1   0.02 -0.04 -0.    0.02  0.02
 -0.04  0.02 -0.09 -0.    0.   -0.    0.   -0.    0.01  0.01 -0.03 -0.03
  0.02  0.02 -0.   -0.01  0.    0.01  0.03 -0.04 -0.01  0.    0.    0.
  0.    0.    0.    0.    0.    0.    0.    0.    0.  ]
orbital number 75 energy 4.00919722617164
[ 0.11  0.04 -0.14  0.01  0.02 -0.   -0.01  0.02 -0.07  0.04 -0.06 -0.03
  0.04 -0.02 -0.03 -0.01  0.04  0.15 -0.06 -0.08  0.15 -0.08 -0.06 -0.35
  0.14  0.18 -0.34 -0.    0.19  0.13 -0.16  0.02  0.13 -0.16  0.11  0.04
  0.06  0.18 -0.26  0.03  0.22 -0.26  0.12  0.2  -0.12  0.01 -0.   -0.
  0.01 -0.    0.08  0.08 -0.04 -0.04 -0.04  0.   -0.01  0.01  0.    0.
 -0.01  0.   -0.04  0.   -0.02  0.02 -0.02  0.   -0.08 -0.05  0.13  0.14
 -0.09 -0.09 -0.01  0.09 -0.01 -0.08 -0.17  0.21  0.05  0.    0.    0.
  0.    0.    0.    0.    0.    0.    0.    0.    0.  ]
orbital number 76 energy 4.264368151802625
[-0.16  0.07  0.07  0.08 -0.21  0.07  0.12 -0.22  0.06  0.11  0.08  0.16
 -0.12 -0.02  0.14 -0.02 -0.12 -0.06  0.02  0.04 -0.06  0.04  0.02 -0.11
  0.03  0.07 -0.11 -0.    0.07  0.03  0.04 -0.06  0.04  0.02  0.03 -0.06
  0.15 -0.18  0.06  0.22 -0.31  0.14 -0.16  0.11  0.06  0.   -0.   -0.
  0.   -0.   -0.2  -0.2   0.11  0.07  0.11 -0.    0.   -0.   -0.   -0.
  0.   -0.    0.07 -0.    0.   -0.    0.    0.   -0.24  0.14  0.06  0.16
  0.04 -0.22 -0.03  0.22 -0.07 -0.13 -0.16  0.24 -0.    0.    0.    0.
  0.    0.    0.    0.    0.    0.    0.    0.    0.  ]
orbital number 77 energy 4.347648433907352
[-0.02 -0.02  0.05 -0.03  0.16 -0.04 -0.11  0.18 -0.   -0.11 -0.04 -0.17
  0.11  0.03 -0.15  0.03  0.11  0.    0.   -0.    0.   -0.   -0.    0.08
 -0.02 -0.05  0.08  0.   -0.05 -0.02  0.15 -0.07 -0.06  0.15 -0.06 -0.07
 -0.18  0.05  0.12 -0.18  0.1   0.06 -0.04 -0.09  0.05 -0.    0.    0.
 -0.    0.    0.18  0.18 -0.11 -0.06 -0.11  0.   -0.   -0.02  0.    0.
 -0.    0.   -0.06  0.    0.02 -0.02  0.03  0.   -0.37  0.31 -0.02  0.17
  0.15 -0.28 -0.    0.3  -0.16 -0.09 -0.16  0.2  -0.08  0.    0.    0.
  0.    0.    0.    0.    0.    0.    0.    0.    0.  ]
orbital number 78 energy 4.541864687893183
[ 0.29 -0.12 -0.13 -0.12 -0.   -0.05  0.06 -0.03 -0.13  0.06 -0.05  0.23
 -0.11 -0.08  0.22 -0.08 -0.11  0.09 -0.02 -0.06  0.1  -0.06 -0.02  0.14
 -0.02 -0.1   0.15  0.   -0.1  -0.03  0.05  0.03 -0.09  0.09 -0.09  0.04
  0.15  0.05 -0.22  0.04  0.17 -0.25  0.3  -0.22 -0.13 -0.    0.    0.
 -0.    0.   -0.18 -0.2   0.12  0.04  0.12  0.   -0.   -0.03  0.    0.
 -0.    0.    0.04  0.01  0.02 -0.03  0.04  0.01 -0.17  0.21 -0.11  0.02
  0.14 -0.07  0.08  0.08 -0.13  0.1  -0.02 -0.06 -0.11  0.    0.    0.
  0.    0.    0.    0.    0.    0.    0.    0.    0.  ]
orbital number 79 energy 4.764511724489207
[-0.13  0.02  0.09  0.02  0.29 -0.13 -0.11  0.29 -0.3  -0.11 -0.13  0.26
 -0.08 -0.13  0.27 -0.13 -0.08  0.15 -0.02 -0.13  0.19 -0.13 -0.02 -0.03
  0.    0.02 -0.03 -0.    0.02  0.    0.06 -0.06  0.02  0.02  0.02 -0.06
 -0.22  0.01  0.2  -0.21  0.09  0.1  -0.16  0.05  0.1   0.   -0.   -0.
  0.   -0.   -0.16 -0.2   0.13  0.02  0.13  0.   -0.    0.03  0.    0.
 -0.    0.    0.02 -0.01 -0.01  0.03 -0.04 -0.01  0.07 -0.12  0.09  0.01
 -0.08 -0.01 -0.09  0.01  0.08 -0.13  0.01  0.08  0.08  0.    0.    0.
  0.    0.    0.    0.    0.    0.    0.    0.    0.  ]
orbital number 80 energy 4.939643168255625
[ 0.15 -0.08 -0.03 -0.08 -0.07  0.02  0.04 -0.08  0.06  0.04  0.02 -0.03
  0.01  0.02 -0.04  0.02  0.01 -0.02 -0.    0.02 -0.03  0.02 -0.    0.08
  0.   -0.08  0.12 -0.   -0.08  0.    0.3  -0.16 -0.06  0.25 -0.06 -0.16
  0.1  -0.   -0.1   0.04  0.04 -0.09  0.13 -0.21 -0.03 -0.   -0.    0.
 -0.    0.    0.02  0.03 -0.02 -0.   -0.02 -0.    0.    0.09 -0.   -0.
  0.   -0.   -0.   -0.04 -0.    0.09 -0.11 -0.04  0.15 -0.27  0.23  0.03
 -0.19 -0.07 -0.28  0.1   0.2  -0.39  0.04  0.22  0.23  0.    0.    0.
  0.    0.    0.    0.    0.    0.    0.    0.    0.  ]
orbital number 81 energy 5.534680144560454
[-0.01  0.01 -0.    0.01  0.    0.   -0.    0.   -0.   -0.    0.    0.
  0.   -0.    0.   -0.    0.    0.    0.   -0.    0.   -0.    0.   -0.
 -0.    0.01 -0.01  0.    0.01 -0.   -0.06  0.04 -0.02 -0.02 -0.02  0.04
 -0.01  0.    0.    0.   -0.01  0.01 -0.    0.02 -0.    0.    0.   -0.
  0.   -0.   -0.   -0.    0.   -0.    0.    0.   -0.    0.42  0.   -0.
 -0.   -0.   -0.   -0.38  0.34  0.42 -0.44 -0.38 -0.08  0.09 -0.07  0.05
 -0.02  0.03 -0.01  0.03 -0.07  0.09  0.05 -0.08 -0.03  0.    0.    0.
  0.    0.    0.    0.    0.    0.    0.    0.    0.  ]
orbital number 82 energy 6.073214048332959
[ 0.12 -0.19  0.23 -0.19  0.1  -0.17  0.22 -0.25  0.05  0.22 -0.18  0.07
 -0.08  0.08 -0.08  0.08 -0.08  0.02 -0.04  0.04 -0.05  0.04 -0.03  0.03
 -0.05  0.06 -0.06  0.    0.06 -0.05  0.04 -0.06  0.07 -0.07  0.07 -0.06
  0.23 -0.23  0.22 -0.27  0.29 -0.27 -0.26  0.06  0.23 -0.    0.   -0.
  0.   -0.   -0.03  0.08 -0.07  0.06 -0.07 -0.    0.    0.01 -0.    0.
 -0.    0.    0.06 -0.01  0.01  0.01 -0.01 -0.01 -0.01  0.02 -0.03  0.
  0.    0.03  0.05 -0.05  0.02  0.01 -0.03  0.01 -0.02  0.    0.    0.
  0.    0.    0.    0.    0.    0.    0.    0.    0.  ]
orbital number 83 energy 6.2172461448833065
[-0.06  0.07 -0.07  0.07  0.04 -0.01 -0.01  0.04 -0.08 -0.01 -0.01  0.31
 -0.29  0.24 -0.18  0.24 -0.29 -0.08  0.11 -0.12  0.13 -0.13  0.11 -0.01
  0.01 -0.01  0.01 -0.   -0.01  0.01 -0.04  0.05 -0.05  0.05 -0.05  0.05
 -0.07  0.05 -0.03  0.04 -0.05  0.06  0.07 -0.01 -0.07  0.   -0.    0.
 -0.    0.   -0.19  0.31 -0.3   0.25 -0.29  0.   -0.   -0.    0.   -0.
  0.   -0.    0.25  0.   -0.01 -0.    0.    0.    0.01 -0.02  0.03 -0.01
  0.   -0.03 -0.04  0.04 -0.02  0.    0.03 -0.02  0.02  0.    0.    0.
  0.    0.    0.    0.    0.    0.    0.    0.    0.  ]
orbital number 84 energy 6.26268690872752
[-0.02  0.    0.01  0.    0.03 -0.03  0.04 -0.04  0.02  0.04 -0.03 -0.03
  0.03 -0.02  0.01 -0.02  0.03  0.02 -0.03  0.03 -0.03  0.03 -0.03  0.15
 -0.17  0.18 -0.19  0.    0.18 -0.17 -0.29  0.28 -0.27  0.25 -0.27  0.28
  0.02 -0.03  0.04 -0.04  0.04 -0.03 -0.03  0.05  0.01 -0.    0.   -0.
  0.   -0.    0.02 -0.03  0.03 -0.03  0.03 -0.    0.   -0.02 -0.    0.
 -0.    0.   -0.03  0.03 -0.04 -0.02  0.02  0.03  0.08 -0.13  0.16 -0.05
  0.02 -0.2  -0.26  0.28 -0.16  0.05  0.17 -0.11  0.11  0.    0.    0.
  0.    0.    0.    0.    0.    0.    0.    0.    0.  ]
orbital number 85 energy 6.3589315520759175
[-0.    0.   -0.    0.    0.   -0.    0.   -0.    0.    0.   -0.   -0.
  0.   -0.    0.   -0.    0.    0.   -0.    0.   -0.    0.   -0.   -0.01
  0.01 -0.01  0.01 -0.41 -0.01  0.01 -0.01  0.   -0.    0.   -0.    0.
  0.   -0.    0.   -0.    0.   -0.    0.    0.   -0.    0.4  -0.4   0.41
 -0.41  0.41  0.   -0.    0.   -0.    0.   -0.    0.   -0.   -0.    0.
 -0.    0.   -0.    0.   -0.   -0.    0.    0.    0.   -0.    0.   -0.
  0.   -0.   -0.01  0.01 -0.    0.    0.   -0.    0.    0.    0.    0.
  0.    0.    0.    0.    0.    0.    0.    0.    0.  ]
orbital number 86 energy 6.40009676376264
[ 0.18 -0.15  0.12 -0.15 -0.17  0.16 -0.15  0.14  0.01 -0.15  0.16 -0.01
  0.01 -0.   -0.   -0.    0.01 -0.17  0.17 -0.18  0.18 -0.18  0.17  0.28
 -0.27  0.27 -0.26 -0.01  0.26 -0.27  0.08 -0.06  0.05 -0.03  0.05 -0.06
  0.04  0.04 -0.11  0.07 -0.04 -0.   -0.09 -0.08  0.12  0.01 -0.01  0.01
 -0.01  0.01  0.01 -0.01  0.01 -0.01  0.01  0.08 -0.08  0.    0.08 -0.07
  0.07 -0.07 -0.01 -0.    0.01  0.   -0.   -0.   -0.03  0.05 -0.06  0.03
 -0.03  0.08  0.07 -0.09  0.06 -0.04 -0.05  0.05 -0.02  0.    0.    0.
  0.    0.    0.    0.    0.    0.    0.    0.    0.  ]
orbital number 87 energy 6.409408450693157
[ 0.03 -0.03  0.02 -0.03 -0.03  0.03 -0.03  0.03 -0.   -0.03  0.03  0.
 -0.    0.    0.    0.   -0.   -0.02  0.02 -0.02  0.02 -0.02  0.02  0.06
 -0.06  0.06 -0.05 -0.    0.06 -0.06  0.02 -0.01  0.01 -0.01  0.01 -0.01
  0.    0.01 -0.02  0.02 -0.01  0.   -0.01 -0.02  0.02  0.   -0.    0.
 -0.    0.   -0.    0.   -0.    0.   -0.   -0.4   0.41  0.   -0.4   0.4
 -0.39  0.4   0.   -0.    0.    0.   -0.   -0.   -0.01  0.01 -0.01  0.01
 -0.01  0.02  0.02 -0.02  0.02 -0.01 -0.01  0.01 -0.    0.    0.    0.
  0.    0.    0.    0.    0.    0.    0.    0.    0.  ]
orbital number 88 energy 6.476310776314893
[-0.05  0.07 -0.09  0.07  0.1  -0.06  0.03  0.01 -0.11  0.03 -0.06  0.06
 -0.03  0.01  0.02  0.01 -0.03  0.31 -0.29  0.28 -0.28  0.28 -0.29  0.22
 -0.2   0.19 -0.18 -0.    0.19 -0.2   0.08 -0.05  0.02  0.01  0.02 -0.05
 -0.12  0.08 -0.05  0.06 -0.08  0.09  0.12 -0.12 -0.09  0.   -0.    0.
 -0.    0.   -0.09  0.08 -0.08  0.08 -0.08  0.02 -0.02  0.    0.02 -0.02
  0.02 -0.02  0.08 -0.    0.    0.   -0.   -0.   -0.06  0.08 -0.1   0.06
 -0.07  0.13  0.08 -0.13  0.1  -0.08 -0.06  0.07 -0.    0.    0.    0.
  0.    0.    0.    0.    0.    0.    0.    0.    0.  ]
orbital number 89 energy 6.563463979455674
[-0.17  0.15 -0.13  0.15  0.14 -0.14  0.14 -0.16  0.1   0.14 -0.14 -0.04
  0.01  0.02 -0.05  0.02  0.01 -0.16  0.14 -0.13  0.12 -0.13  0.14  0.04
 -0.04  0.03 -0.03 -0.    0.03 -0.04 -0.05  0.07 -0.09  0.12 -0.09  0.07
 -0.02 -0.04  0.1  -0.07  0.03 -0.    0.13 -0.04 -0.13  0.   -0.    0.
 -0.    0.    0.09 -0.07  0.08 -0.08  0.08 -0.    0.   -0.02 -0.    0.
 -0.    0.   -0.08  0.03 -0.05 -0.02  0.02  0.03 -0.21  0.22 -0.25  0.24
 -0.33  0.31 -0.07 -0.15  0.12 -0.12  0.01  0.05  0.17  0.    0.    0.
  0.    0.    0.    0.    0.    0.    0.    0.    0.  ]
orbital number 90 energy 6.599454744845261
[ 0.17 -0.16  0.16 -0.16 -0.17  0.16 -0.16  0.17 -0.09 -0.16  0.16  0.02
  0.   -0.03  0.06 -0.03  0.    0.12 -0.1   0.09 -0.09  0.09 -0.1  -0.14
  0.11 -0.1   0.09  0.   -0.1   0.11 -0.12  0.1  -0.08  0.08 -0.08  0.1
  0.07 -0.   -0.07  0.03  0.   -0.04 -0.18  0.13  0.16 -0.    0.   -0.
  0.   -0.   -0.09  0.07 -0.07  0.08 -0.07  0.   -0.   -0.03  0.   -0.
  0.   -0.    0.08  0.04 -0.07 -0.03  0.02  0.04 -0.18  0.17 -0.18  0.23
 -0.32  0.22 -0.2   0.   -0.   -0.    0.12 -0.06  0.23  0.    0.    0.
  0.    0.    0.    0.    0.    0.    0.    0.    0.  ]
orbital number 91 energy 6.755628512007467
[-0.02  0.    0.01  0.   -0.08  0.06 -0.05  0.04 -0.   -0.05  0.06 -0.04
  0.04 -0.05  0.07 -0.05  0.04  0.   -0.    0.   -0.    0.   -0.   -0.06
  0.04 -0.04  0.03  0.   -0.04  0.04 -0.19  0.19 -0.23  0.3  -0.23  0.19
  0.08 -0.06  0.06 -0.05  0.05 -0.06 -0.03  0.08  0.01 -0.    0.   -0.
  0.   -0.   -0.07  0.04 -0.05  0.06 -0.05  0.   -0.    0.02  0.   -0.
  0.   -0.    0.06 -0.03  0.06  0.02 -0.02 -0.03  0.06 -0.02 -0.01 -0.1
  0.17  0.03  0.34 -0.27  0.27 -0.32 -0.26  0.26 -0.22  0.    0.    0.
  0.    0.    0.    0.    0.    0.    0.    0.    0.  ]
orbital number 92 energy 6.792260259306895
[ 0.12 -0.09  0.08 -0.09  0.04 -0.01 -0.01  0.04 -0.1  -0.01 -0.01  0.24
 -0.24  0.27 -0.35  0.27 -0.24  0.08 -0.06  0.05 -0.04  0.05 -0.06 -0.04
  0.03 -0.02  0.02  0.   -0.02  0.03 -0.06  0.05 -0.06  0.07 -0.06  0.05
 -0.09  0.09 -0.12  0.09 -0.08  0.07 -0.09  0.05  0.08 -0.    0.   -0.
  0.   -0.    0.34 -0.2   0.21 -0.25  0.21  0.   -0.    0.    0.   -0.
  0.   -0.   -0.25 -0.01  0.01  0.   -0.   -0.01  0.01 -0.   -0.   -0.02
  0.03  0.01  0.06 -0.05  0.05 -0.07 -0.05  0.05 -0.04  0.    0.    0.
  0.    0.    0.    0.    0.    0.    0.    0.    0.  ]
orbital number 93 energy 6.86903390602024
[-0.25  0.18 -0.15  0.18 -0.28  0.21 -0.18  0.18 -0.1  -0.18  0.21  0.11
 -0.09  0.09 -0.11  0.09 -0.09  0.07 -0.05  0.04 -0.04  0.04 -0.05  0.04
 -0.03  0.02 -0.02 -0.    0.02 -0.03  0.05 -0.04  0.04 -0.04  0.04 -0.04
  0.31 -0.27  0.3  -0.23  0.21 -0.23  0.14 -0.06 -0.15  0.   -0.    0.
 -0.    0.    0.09 -0.05  0.05 -0.07  0.05  0.   -0.   -0.    0.   -0.
  0.   -0.   -0.07  0.   -0.   -0.    0.    0.   -0.   -0.    0.    0.01
 -0.01 -0.01 -0.03  0.02 -0.03  0.03  0.02 -0.02  0.01  0.    0.    0.
  0.    0.    0.    0.    0.    0.    0.    0.    0.  ]
ENERGY0: -292.66530729329867

Orbital occupation numbers:
1: 2.000000
2: 2.000000
3: 2.000000
4: 2.000000
5: 2.000000
6: 2.000000
7: 2.000000
8: 2.000000
9: 2.000000
10: 2.000000
11: 2.000000
12: 2.000000
13: 2.000000
14: 2.000000
15: 2.000000
16: 2.000000
17: 2.000000
18: 2.000000
19: 2.000000
20: 2.000000
21: 2.000000
22: 2.000000
23: 2.000000
24: 2.000000
25: 2.000000
26: 2.000000
27: 2.000000
28: 2.000000
29: 2.000000
30: 2.000000
31: 2.000000
32: 2.000000
33: 2.000000
34: 2.000000
35: 2.000000
36: 2.000000
37: 2.000000
38: 2.000000
39: 2.000000
40: 2.000000
41: 2.000000
42: 2.000000
43: 2.000000
44: 2.000000
45: 2.000000
46: 2.000000
47: 2.000000
48: 2.000000
49: 2.000000
50: 2.000000
51: 2.000000
52: 2.000000
53: 1.000000
54: 1.000000
55: 0.000000
56: 0.000000
57: -0.000000
58: 0.000000
59: 0.000000
60: 0.000000
61: 0.000000
62: 0.000000
63: 0.000000
64: -0.000000
65: -0.000000
66: 0.000000
67: -0.000000
68: 0.000000
69: -0.000000
70: -0.000000
71: 0.000000
72: -0.000000
73: 0.000000
74: -0.000000
75: 0.000000
76: 0.000000
77: 0.000000
78: -0.000000
79: 0.000000
80: 0.000000
81: -0.000000
82: -0.000000
83: -0.000000
84: 0.000000
85: 0.000000
86: -0.000000
87: -0.000000
88: -0.000000
89: -0.000000
90: -0.000000
91: 0.000000
92: -0.000000
93: 0.000000

------------------------
Starting ExROPPP calculation for diradical in rotated basis
------------------------

Fock matrix in rotated MO basis: [[-7.11301166e+00  2.07326649e-16 -1.32782533e-15 ...  6.35062850e-15
   1.62949808e-16  2.53983526e-15]
 [ 2.35172210e-16 -3.19736969e+00  4.68461964e-16 ...  2.91314068e-16
   1.04978904e-15 -8.49176409e-17]
 [-1.32065403e-15  4.68972213e-16 -2.76837970e+00 ... -5.03083632e-16
  -8.30982084e-16  1.37153387e-15]
 ...
 [ 6.54247680e-15  2.65196805e-16 -2.09716807e-16 ...  1.08034690e+01
   7.78912679e-16  7.24416600e-16]
 [ 6.33971446e-17  1.05311666e-15 -1.07080151e-15 ...  6.63087279e-16
   1.08401008e+01 -5.08023094e-15]
 [ 2.56387167e-15 -8.38637384e-17  9.42160116e-16 ...  7.40229434e-16
  -4.40466383e-15  1.09168744e+01]]
