                    ---------------------------------
                    | Radical ExROPPP Calculation |
                    ---------------------------------

Molecule: DA-CDR_prune.xyz radical

--------------------------------
Cartesian Coordinates / Angstrom
--------------------------------

Cl    -3.403754   -1.500233   -2.934742
C     -2.796691   -0.731186   -1.503333
C     -3.576338    0.192785   -0.780766
C     -2.910415    0.820890    0.288752
Cl    -3.738123    1.933101    1.331185
C     -1.596788    0.549822    0.613302
H     -1.150388    1.090311    1.435421
C     -0.871235   -0.401973   -0.095722
C     -1.495307   -1.038112   -1.162660
H     -0.977821   -1.787856   -1.743480
C      4.525837   -1.808980    1.442086
C      5.080252   -3.116597    1.102544
C      4.367258   -4.312866    1.292367
Cl     2.754358   -4.301732    1.929454
C      4.926089   -5.554802    1.064849
C      6.245127   -5.669636    0.641958
C      9.594499    3.279820    4.910901
C      6.968730   -4.505955    0.407482
C      6.392516   -3.269945    0.622137
Cl     7.358071   -1.884085    0.227723
C      5.326045   -0.862396    2.222525
C      6.002114   -1.239339    3.393291
Cl     5.865662   -2.851501    4.021466
C      6.747504   -0.346750    4.138609
C      6.844503    0.983353    3.752070
C     -8.704458   -5.528830   -4.589204
C      6.189235    1.391159    2.597862
C      5.456113    0.485686    1.854694
Cl     4.750384    1.072214    0.381979
C     -4.968327    0.465797   -1.105458
C     -5.491672    1.834384   -1.099754
C     -4.855454    2.884997   -1.776747
Cl    -3.407425    2.596861   -2.688424
C     -5.369488    4.166963   -1.806386
C     -6.554204    4.465154   -1.144467
H    -10.261438   -9.549998   -4.764562
C     -7.201882    3.450223   -0.452051
C     -6.679606    2.171400   -0.435772
Cl    -7.517135    0.993174    0.522907
C     -5.860919   -0.639370   -1.475018
C     -6.613512   -0.617369   -2.656951
Cl    -6.518987    0.727939   -3.748858
C     -7.395889   -1.682655   -3.052965
C     -7.475938   -2.829010   -2.271363
C    -12.755631   -7.924793   -3.128259
C     -6.775740   -2.869942   -1.072314
C     -5.986537   -1.798315   -0.695247
Cl    -5.156311   -1.923321    0.823855
H      4.322720   -6.435720    1.233501
H      7.996655   -4.551629    0.075962
H      7.243234   -0.690812    5.036376
H      6.253146    2.419206    2.267386
H     -4.851095    4.931953   -2.368400
H     -7.940736   -1.622633   -3.985037
H     -6.818631   -3.746924   -0.440633
H     -8.111396    3.657158    0.095496
C      1.420489   -1.243977   -0.647786
C      2.700780   -1.592444   -0.267077
C      3.164901   -1.445161    1.047963
C      2.236678   -0.925081    1.961496
C      0.947280   -0.591111    1.600177
C      0.518242   -0.743386    0.286137
H      1.147846   -1.342349   -1.688765
Cl     3.765624   -2.156978   -1.513351
Cl     2.635430   -0.773716    3.642317
H      0.270048   -0.250417    2.369925
C     -6.449772    6.883193   -0.521209
C     -7.119523    5.841271   -1.173192
C     -8.323615    6.084075   -1.842993
C    -11.093738   -6.827187   -6.594721
C     -8.837628    7.375401   -1.853506
H     -9.768722    7.564912   -2.377252
C     -8.191638    8.424733   -1.214417
H    -10.951210   -9.217314   -8.984671
C     -7.001088    8.157753   -0.550499
H     -6.489150    8.962746   -0.033574
N    -10.692865   -6.997179   -4.208997
H    -14.440158   -8.436122   -1.925707
H    -11.292861   -5.771950   -6.456673
C    -10.520838   -8.962246   -5.635880
H    -11.400393   -6.800448   -8.712358
C    -10.773275   -7.605576   -5.489431
H    -10.392207  -10.597617   -7.012538
C    -10.903721   -8.765115   -8.002907
C    -10.592358   -9.540730   -6.895162
H      5.884358   -7.853839    2.182988
H    -13.880707   -6.892392   -0.093806
C      7.112053    2.392928    5.790957
H      7.462069    3.631972    7.497199
H     -7.122792   -4.098168   -4.569121
C     -9.784584   -6.012718   -3.859760
C    -11.152756   -7.407768   -7.851604
H     10.568234    3.616247    4.570397
C      7.860905    3.284400    6.550035
C      9.103053    3.738182    6.127224
C    -13.232952   -6.946790   -0.958591
C    -13.550060   -7.824743   -2.000354
C    -11.627059   -7.114742   -3.188573
H    -11.873257   -5.456928   -0.224963
H     -8.453994   -5.933955   -5.560570
C      8.874961    2.393005    4.120459
H    -13.006519   -8.597322   -3.938014
C      7.627451    1.949014    4.570101
C    -10.105499   -5.512552   -2.585921
C      8.082414   -9.495131    0.215623
C      7.169575   -9.271914    1.238476
H      6.937510  -10.063958    1.938646
C      6.571926   -8.033002    1.366656
H      8.013684   -6.461359   -1.259744
C      6.873148   -7.001221    0.476182
H      9.096152   -8.662808   -1.477046
C      7.785370   -7.243015   -0.546700
H     -9.578243   -4.078811   -1.061927
C      8.390830   -8.483226   -0.678113
C    -11.295196   -6.220949   -2.154945
C    -12.108971   -6.143308   -1.028752
C     -7.969005   -4.504745   -4.028742
C     -8.275018   -3.977440   -2.763733
C     -9.334354   -4.494870   -2.032590

There are 87 heavy atoms.
There are 100 electrons in 87 orbitals.


Carbon 1e params: A = -22.717075 b = 1.705616

Nitrogen 1e params: alphan2 = -17.681338 Acn2 = -24.737202 bcn2 = 1.433639

Chlorine 1e params: alphacl = -10.335674 Accl = -26.021937 bccl=1.451861
C-N2 bond
C-N2 bond
C-N2 bond
C-Cl bond
C-Cl bond
C-Cl bond
C-Cl bond
C-Cl bond
C-Cl bond
C-Cl bond
C-Cl bond
C-Cl bond
C-Cl bond
C-Cl bond
C-Cl bond
N2 atom 75
Cl atom 76
Cl atom 77
Cl atom 78
Cl atom 79
Cl atom 80
Cl atom 81
Cl atom 82
Cl atom 83
Cl atom 84
Cl atom 85
Cl atom 86
Cl atom 87

Carbon 2e params: U = 8.420838 r0 = 1.173157

Nitrogen 2e params: Un2n2 = 17.979843 r0n2n2 = 1.111791

Chlorine 2e params: Uclcl= 9.642991 r0clcl = 2.253316

Mixed 2e params: Ucn2 = 13.200341 Uccl = 9.031915 Un2cl = 13.811417 r0cn2 =1.142474 r0ccl = 1.713237 r0n2cl = 1.682554
[8.42083845 3.82670247 2.78544009 2.51830379 2.75880919 3.86960909
 1.08095375 1.00743469 1.02304142 0.92901366 0.84459393 0.62958828
 0.83608859 0.90295737 0.97708887 0.87769928 0.8053356  0.80403526
 1.05258337 0.87609168 0.97179351 2.68118908 2.00960405 1.84885309
 1.47135732 1.30059195 1.34642676 1.60968606 2.33055414 1.91373786
 1.61452947 1.55370272 0.7282447  1.7297846  2.13254553 1.79399277
 1.43728381 1.28349628 1.35572204 1.63607583 1.99968161 1.02103819
 1.0919936  0.992423   0.780391   0.87508883 0.83690019 0.8938354
 0.7487702  0.79461005 0.69047191 0.69996595 0.71237522 0.96437746
 0.72580491 0.65329079 0.61747528 0.74097691 0.70237754 0.80982962
 0.68128973 0.73006258 0.99048698 0.64786291 0.67749237 0.73762202
 0.76779664 0.72452658 0.66709275 0.87335326 0.82638847 1.22632263
 1.28890799 1.13092057 1.30238456 4.48795565 2.70727579 1.6906107
 1.28107141 1.26793214 1.59547871 2.92047265 2.16966835 2.45664794
 2.95567836 1.83585525 1.6827195 ]
FCIDUMP file in AO basis written to FCIDUMP/FCIDUMP_AO_DA-CDR_prune


-------------------------------------
Restricted Open-shell PPP Calculation
-------------------------------------

Starting SCF cycle...

Iter   Energy        Dens Change      Energy Change
-----------------------------------------------------
0 -286.35574570530827 0.31780608960878176 -286.35574570530827
1 -311.07424193831986 0.07130705794818781 -24.718496233011592
2 -319.21522726608237 0.015783821471410553 -8.140985327762507
3 -321.6824834810388 0.005176448117734073 -2.4672562149564214
4 -322.4293214511298 0.002259917561494462 -0.7468379700910077
5 -322.66190637747263 0.0011846558028260068 -0.23258492634283812
6 -322.73731521086694 0.0006330986179576836 -0.07540883339430593
7 -322.76220401315254 0.00033722374129196986 -0.024888802285602196
8 -322.77082650327645 0.00017926498818465753 -0.00862249012391203
9 -322.77390174550084 9.498893591830537e-05 -0.003075242224383601
10 -322.77506613303797 5.023834004169725e-05 -0.0011643875371305512
11 -322.7755287733058 2.6542156557729513e-05 -0.0004626402678127306
12 -322.77572481049094 1.4014478371127126e-05 -0.00019603718516236768
13 -322.7758122682949 7.397342038473198e-06 -8.745780394292524e-05
14 -322.77585328220977 3.903907035640586e-06 -4.101391488120498e-05
15 -322.7758732153121 2.0600909615975382e-06 -1.993310235093304e-05
16 -322.77588317909874 1.0870698714526839e-06 -9.963786624211934e-06
17 -322.7758882523068 5.736195801686605e-07 -5.0732080580928596e-06
18 -322.7758908690989 3.02685529307567e-07 -2.616792073695251e-06
19 -322.7758922299248 1.5972143774245495e-07 -1.3608259337161144e-06
20 -322.77589294145866 8.428293241102836e-08 -7.115338576113572e-07
21 -322.77589331476065 4.447552182096359e-08 -3.733019866558607e-07
22 -322.7758935110405 2.3469683863019952e-08 -1.962798705790192e-07
23 -322.7758936143829 1.2385047543084227e-08 -1.0334235867048847e-07
24 -322.77589366884274 6.535696983611672e-09 -5.445986062113661e-08
25 -322.7758936975586 3.4489694433759155e-09 -2.871587412300869e-08
26 -322.7758937127042 1.820077644154594e-09 -1.514558789494913e-08
27 -322.7758937206912 9.604891326731035e-10 -7.987011940713273e-09
28 -322.7758937249085 5.068714337141955e-10 -4.2172700887022074e-09
29 -322.775893727135 2.6748814274668575e-10 -2.226499873358989e-09
30 -322.77589372830556 1.411603056666877e-10 -1.1705765246006195e-09
31 -322.77589372892584 7.449429961781107e-11 -6.202753866091371e-10
32 -322.7758937292551 3.931244219046448e-11 -3.292370820418e-10
33 -322.77589372942714 2.074629357196045e-11 -1.7206502889166586e-10
34 -322.7758937295191 1.0948908446550831e-11 -9.197265171678737e-11
35 -322.77589372956317 5.778488798569015e-12 -4.405364961712621e-11
36 -322.7758937295931 3.0492275371329924e-12 -2.9956481739645824e-11
37 -322.77589372960176 1.6086021403793893e-12 -8.640199666842818e-12
38 -322.77589372961063 8.495426584431698e-13 -8.86757334228605e-12
39 -322.77589372961563 4.4775294583132563e-13 -5.002220859751105e-12
40 -322.7758937296176 2.37476704967321e-13 -1.9895196601282805e-12
41 -322.77589372961864 1.2523315717771766e-13 -1.0231815394945443e-12
42 -322.7758937296186 6.583622536027178e-14 5.684341886080802e-14
43 -322.7758937296194 3.497202527569243e-14 -7.958078640513122e-13
44 -322.77589372961916 1.84297022087776e-14 2.2737367544323206e-13
45 -322.7758937296216 1.0103029524088925e-14 -2.4442670110147446e-12
46 -322.77589372962143 5.551115123125783e-15 1.7053025658242404e-13
47 -322.77589372961955 3.0375008064353892e-15 1.8758328224066645e-12

--------------------------
Converged ROPPP Orbitals
--------------------------

orbital number 1 energy -11.597034888692914
[ 0.    0.    0.   -0.   -0.   -0.   -0.    0.    0.    0.   -0.    0.
  0.    0.    0.    0.    0.   -0.   -0.11  0.    0.   -0.    0.    0.
 -0.   -0.   -0.    0.   -0.   -0.   -0.   -0.   -0.1  -0.   -0.    0.
  0.   -0.    0.    0.    0.    0.    0.    0.   -0.04 -0.   -0.   -0.
 -0.04 -0.14 -0.01 -0.01  0.   -0.42 -0.01  0.   -0.   -0.02 -0.03 -0.41
  0.   -0.   -0.13 -0.    0.    0.   -0.    0.    0.   -0.12 -0.04 -0.03
 -0.02 -0.04 -0.76 -0.   -0.   -0.   -0.   -0.   -0.   -0.   -0.   -0.
 -0.   -0.   -0.  ]
orbital number 2 energy -7.954288589149075
[ 0.29  0.24  0.28  0.18  0.19  0.18  0.06  0.06  0.06  0.04  0.03  0.
  0.03  0.06  0.05  0.05  0.03  0.02  0.01  0.03  0.05  0.12  0.12  0.13
  0.07  0.06  0.07  0.12  0.14  0.15  0.09  0.07 -0.    0.09  0.15  0.14
  0.2   0.16  0.2   0.14  0.16  0.01  0.01  0.01 -0.    0.    0.    0.
 -0.   -0.   -0.   -0.    0.    0.   -0.    0.    0.    0.   -0.   -0.
  0.    0.    0.01  0.    0.    0.01  0.01  0.01  0.    0.    0.    0.01
  0.02  0.01 -0.    0.29  0.28  0.06  0.06  0.05  0.05  0.12  0.12  0.15
  0.15  0.2   0.19]
orbital number 3 energy -7.877986687720605
[-0.04 -0.05 -0.03 -0.    0.03 -0.    0.11  0.15  0.17  0.1   0.09  0.
  0.1   0.17  0.12  0.13  0.07  0.06 -0.01  0.07  0.13 -0.08 -0.13 -0.15
 -0.09 -0.07 -0.09 -0.15 -0.19 -0.23 -0.13 -0.11  0.   -0.13 -0.23  0.13
  0.22  0.19  0.22  0.13  0.11 -0.01 -0.01 -0.01  0.   -0.   -0.   -0.
  0.    0.    0.    0.    0.   -0.    0.    0.    0.   -0.    0.    0.
  0.    0.01 -0.01  0.01  0.01  0.02  0.04  0.02  0.01 -0.   -0.   -0.02
 -0.03 -0.02  0.01 -0.04 -0.04  0.18  0.17  0.13  0.13 -0.16 -0.15 -0.23
 -0.24  0.23  0.22]
orbital number 4 energy -7.817188135913656
[ 0.19  0.14  0.19  0.12  0.11  0.12 -0.08 -0.19 -0.23 -0.14 -0.12 -0.
 -0.14 -0.22 -0.13 -0.14 -0.08 -0.07 -0.01 -0.08 -0.14 -0.01 -0.02 -0.03
 -0.02 -0.01 -0.02 -0.03 -0.18 -0.24 -0.14 -0.12  0.   -0.14 -0.24  0.03
  0.02 -0.    0.02  0.03  0.06 -0.   -0.   -0.    0.   -0.   -0.   -0.
  0.    0.01  0.    0.   -0.01 -0.01  0.   -0.   -0.   -0.    0.    0.
 -0.   -0.01 -0.01 -0.01 -0.02 -0.03 -0.05 -0.03 -0.02 -0.   -0.   -0.02
 -0.04 -0.02  0.01  0.21  0.2  -0.24 -0.23 -0.14 -0.15 -0.03 -0.03 -0.25
 -0.26  0.02  0.02]
orbital number 5 energy -7.788234333257834
[-0.03 -0.02 -0.03 -0.03 -0.03 -0.03  0.02  0.07  0.09  0.05  0.05  0.
  0.05  0.09  0.04  0.04  0.02  0.02 -0.01  0.03  0.04  0.02  0.27  0.35
  0.2   0.17  0.2   0.34 -0.14 -0.19 -0.12 -0.1   0.   -0.12 -0.19 -0.04
 -0.06 -0.04 -0.06 -0.04 -0.04  0.02  0.04  0.02  0.    0.01  0.01  0.01
  0.    0.01  0.    0.    0.   -0.    0.    0.    0.   -0.    0.    0.
  0.    0.   -0.01  0.01  0.01  0.01  0.02  0.01  0.01 -0.   -0.   -0.02
 -0.03 -0.02  0.01 -0.04 -0.03  0.09  0.09  0.04  0.05  0.38  0.37 -0.2
 -0.21 -0.06 -0.06]
orbital number 6 energy -7.740243711942224
[-0.2  -0.15 -0.19 -0.1  -0.06 -0.1   0.01 -0.18 -0.25 -0.15 -0.14  0.
 -0.15 -0.24  0.07  0.08  0.05  0.04  0.    0.05  0.08 -0.02  0.07  0.1
  0.06  0.05  0.06  0.1   0.03  0.05  0.03  0.02 -0.    0.03  0.05  0.13
  0.24  0.18  0.23  0.13  0.09  0.01  0.01  0.01 -0.    0.    0.    0.
 -0.   -0.   -0.   -0.    0.    0.   -0.    0.    0.    0.   -0.   -0.
  0.    0.01  0.   -0.02 -0.02 -0.03 -0.06 -0.03 -0.02  0.    0.    0.
  0.01  0.   -0.   -0.22 -0.21 -0.27 -0.25  0.09  0.09  0.11  0.11  0.05
  0.05  0.26  0.25]
orbital number 7 energy -7.7217973915087725
[ 0.1   0.08  0.1   0.05  0.02  0.05  0.02 -0.08 -0.12 -0.08 -0.07  0.01
 -0.07 -0.11  0.27  0.35  0.2   0.17 -0.    0.21  0.35  0.01 -0.03 -0.04
 -0.03 -0.02 -0.02 -0.04 -0.02 -0.02 -0.01 -0.01  0.   -0.01 -0.02 -0.09
 -0.15 -0.11 -0.15 -0.08 -0.06 -0.   -0.   -0.    0.   -0.   -0.   -0.
  0.    0.    0.    0.    0.01 -0.    0.    0.01  0.01 -0.    0.    0.
  0.01  0.03 -0.   -0.01 -0.01 -0.02 -0.03 -0.02 -0.01 -0.   -0.   -0.
 -0.   -0.    0.    0.12  0.11 -0.13 -0.12  0.37  0.38 -0.05 -0.05 -0.03
 -0.03 -0.17 -0.16]
orbital number 8 energy -7.433429119596973
[-0.   -0.   -0.   -0.   -0.   -0.    0.   -0.   -0.   -0.   -0.   -0.
 -0.   -0.   -0.   -0.   -0.   -0.   -0.06 -0.   -0.    0.   -0.   -0.
 -0.   -0.   -0.   -0.    0.01  0.01  0.   -0.01 -0.05  0.    0.01  0.
  0.    0.    0.    0.   -0.   -0.   -0.   -0.    0.41 -0.   -0.   -0.
  0.41  0.46  0.35  0.37 -0.   -0.08  0.37 -0.   -0.   -0.05 -0.04 -0.07
 -0.   -0.   -0.1  -0.   -0.   -0.   -0.   -0.   -0.   -0.1  -0.06 -0.05
 -0.05 -0.07  0.   -0.   -0.   -0.   -0.   -0.   -0.   -0.   -0.    0.02
  0.02  0.    0.  ]
orbital number 9 energy -7.0684240675795635
[ 0.3  -0.01 -0.31 -0.14 -0.01  0.13  0.    0.   -0.   -0.   -0.   -0.
 -0.    0.    0.   -0.   -0.   -0.   -0.   -0.   -0.   -0.   -0.   -0.
  0.    0.    0.    0.   -0.   -0.17 -0.07 -0.    0.    0.07  0.17 -0.
 -0.    0.    0.01  0.   -0.    0.    0.    0.   -0.    0.    0.    0.
 -0.   -0.   -0.   -0.   -0.   -0.   -0.   -0.   -0.    0.    0.    0.
 -0.   -0.   -0.   -0.   -0.   -0.   -0.   -0.   -0.   -0.   -0.   -0.
 -0.   -0.    0.    0.52 -0.53 -0.    0.   -0.   -0.   -0.    0.01 -0.28
  0.29 -0.01  0.01]
orbital number 10 energy -7.066787385268723
[-0.16  0.    0.17  0.08  0.   -0.07 -0.    0.   -0.    0.    0.    0.
  0.    0.   -0.    0.    0.    0.   -0.    0.    0.    0.   -0.    0.01
  0.01 -0.   -0.01 -0.01 -0.   -0.31 -0.14 -0.    0.    0.13  0.3   0.
  0.   -0.   -0.   -0.    0.   -0.   -0.   -0.   -0.   -0.   -0.   -0.
 -0.   -0.   -0.   -0.    0.   -0.   -0.    0.    0.    0.    0.    0.
  0.    0.   -0.    0.    0.    0.    0.    0.    0.   -0.   -0.   -0.
 -0.   -0.    0.   -0.28  0.28 -0.    0.    0.    0.    0.02 -0.02 -0.52
  0.52  0.   -0.01]
orbital number 11 energy -7.039107470015962
[-0.01 -0.    0.01  0.    0.   -0.    0.   -0.   -0.   -0.    0.   -0.
  0.    0.   -0.   -0.   -0.    0.   -0.    0.    0.    0.    0.   -0.34
 -0.15  0.    0.15  0.35  0.   -0.01 -0.01 -0.    0.    0.    0.01  0.
  0.   -0.   -0.   -0.    0.    0.    0.    0.   -0.    0.    0.    0.
 -0.   -0.   -0.   -0.   -0.   -0.   -0.   -0.   -0.    0.    0.    0.
 -0.   -0.   -0.    0.    0.    0.    0.    0.    0.   -0.    0.   -0.
 -0.   -0.    0.   -0.01  0.02 -0.    0.   -0.    0.   -0.59  0.6  -0.02
  0.02  0.   -0.  ]
orbital number 12 energy -7.029151804190866
[-0.01 -0.    0.    0.    0.   -0.    0.   -0.   -0.01 -0.    0.   -0.
  0.    0.01  0.   -0.01 -0.   -0.    0.    0.    0.   -0.   -0.   -0.
 -0.    0.    0.    0.   -0.   -0.   -0.    0.   -0.    0.    0.   -0.15
 -0.35  0.    0.35  0.16  0.    0.    0.    0.    0.    0.    0.    0.
  0.    0.    0.    0.   -0.    0.    0.   -0.   -0.   -0.   -0.   -0.
 -0.   -0.    0.    0.    0.    0.    0.    0.    0.    0.   -0.    0.
  0.    0.   -0.   -0.01  0.01 -0.01  0.01 -0.01  0.01 -0.    0.   -0.
  0.   -0.59  0.6 ]
orbital number 13 energy -6.993527054079048
[-0.    0.    0.    0.   -0.    0.   -0.   -0.01  0.34  0.14 -0.01  0.
 -0.16 -0.36 -0.   -0.02 -0.01  0.    0.    0.01  0.02 -0.    0.   -0.
 -0.    0.    0.    0.    0.   -0.   -0.   -0.   -0.    0.    0.   -0.
 -0.01  0.    0.01  0.   -0.    0.    0.    0.    0.    0.    0.    0.
  0.    0.    0.    0.    0.    0.    0.    0.    0.   -0.   -0.   -0.
  0.    0.    0.   -0.01 -0.01 -0.01 -0.01 -0.01 -0.01 -0.   -0.    0.
  0.    0.   -0.   -0.    0.    0.59 -0.6  -0.03  0.03 -0.    0.   -0.
  0.   -0.01  0.01]
orbital number 14 energy -6.974732898210188
[ 0.    0.    0.   -0.   -0.   -0.   -0.   -0.   -0.02 -0.01  0.   -0.
  0.01  0.02 -0.01 -0.36 -0.16 -0.01  0.    0.15  0.34 -0.    0.    0.
  0.   -0.   -0.   -0.    0.    0.    0.    0.   -0.   -0.   -0.    0.
  0.01  0.   -0.01 -0.   -0.    0.    0.    0.    0.    0.    0.    0.
  0.    0.    0.    0.   -0.    0.    0.   -0.   -0.   -0.   -0.   -0.
 -0.   -0.    0.    0.    0.    0.    0.    0.    0.    0.   -0.    0.
  0.    0.   -0.    0.   -0.   -0.03  0.03 -0.6   0.59  0.   -0.    0.
 -0.    0.01 -0.01]
orbital number 15 energy -6.733580661386945
[ 0.    0.    0.   -0.   -0.   -0.    0.02  0.06  0.06 -0.07 -0.19 -0.
 -0.06  0.07  0.   -0.   -0.   -0.   -0.   -0.   -0.    0.    0.   -0.
 -0.   -0.   -0.   -0.    0.    0.   -0.   -0.    0.   -0.    0.   -0.
 -0.    0.   -0.   -0.   -0.   -0.   -0.   -0.   -0.   -0.   -0.   -0.
 -0.   -0.   -0.   -0.   -0.   -0.   -0.   -0.   -0.    0.    0.    0.
 -0.   -0.   -0.   -0.36 -0.37 -0.39 -0.44 -0.39 -0.37  0.    0.   -0.
 -0.   -0.    0.    0.    0.    0.13  0.15 -0.01 -0.01 -0.   -0.   -0.
 -0.   -0.01 -0.01]
orbital number 16 energy -6.721675922016723
[ 0.   -0.    0.    0.    0.    0.   -0.    0.    0.   -0.   -0.    0.
 -0.    0.   -0.    0.    0.    0.    0.37  0.    0.   -0.01 -0.    0.
  0.    0.    0.    0.   -0.03 -0.04  0.04  0.12 -0.27  0.04 -0.03  0.
 -0.   -0.   -0.    0.    0.    0.    0.    0.    0.03  0.    0.    0.
  0.03  0.01  0.05  0.04  0.    0.3   0.04  0.    0.   -0.17 -0.22 -0.29
  0.    0.    0.29 -0.   -0.   -0.   -0.   -0.   -0.   -0.08 -0.12  0.38
  0.37  0.33 -0.08  0.    0.    0.    0.    0.    0.    0.    0.   -0.08
 -0.08 -0.   -0.  ]
orbital number 17 energy -6.6266672228163515
[-0.    0.   -0.   -0.   -0.   -0.    0.    0.   -0.   -0.   -0.   -0.
 -0.   -0.    0.   -0.   -0.   -0.    0.   -0.    0.    0.01  0.02  0.02
 -0.04 -0.1  -0.04  0.03  0.   -0.   -0.   -0.   -0.   -0.   -0.   -0.
  0.    0.    0.   -0.   -0.   -0.4  -0.41 -0.4  -0.   -0.4  -0.4  -0.4
 -0.   -0.   -0.   -0.   -0.    0.   -0.   -0.   -0.   -0.   -0.   -0.
 -0.   -0.   -0.    0.    0.    0.    0.    0.    0.   -0.   -0.    0.
  0.   -0.    0.   -0.   -0.   -0.   -0.   -0.   -0.    0.06  0.06 -0.
 -0.    0.    0.  ]
orbital number 18 energy -6.58914948459258
[-0.    0.   -0.   -0.   -0.   -0.    0.    0.   -0.   -0.   -0.   -0.
 -0.   -0.    0.   -0.   -0.   -0.   -0.02 -0.    0.    0.01  0.   -0.
 -0.   -0.   -0.   -0.    0.02  0.02 -0.03 -0.07 -0.26 -0.03  0.02 -0.
  0.    0.    0.   -0.   -0.    0.    0.    0.   -0.07  0.    0.    0.
 -0.07  0.   -0.13 -0.11 -0.    0.09 -0.11 -0.   -0.   -0.37 -0.32 -0.14
 -0.   -0.   -0.29  0.    0.    0.    0.    0.    0.   -0.42 -0.4  -0.11
 -0.2  -0.25  0.26 -0.   -0.   -0.   -0.   -0.   -0.   -0.   -0.    0.05
  0.05  0.    0.  ]
orbital number 19 energy -6.5781138787653886
[-0.   -0.   -0.    0.    0.    0.   -0.01 -0.    0.    0.    0.    0.4
  0.    0.   -0.02 -0.02  0.03  0.07 -0.    0.03 -0.02 -0.   -0.    0.
  0.    0.    0.    0.   -0.    0.    0.    0.   -0.    0.    0.    0.
  0.   -0.    0.    0.    0.   -0.   -0.   -0.   -0.   -0.   -0.   -0.
 -0.    0.   -0.   -0.    0.41  0.   -0.    0.41  0.4  -0.   -0.   -0.
  0.41  0.41 -0.   -0.   -0.   -0.   -0.   -0.   -0.   -0.   -0.   -0.
 -0.   -0.    0.   -0.   -0.    0.    0.   -0.05 -0.04  0.    0.    0.
  0.    0.    0.  ]
orbital number 20 energy -6.00738035899567
[-0.03 -0.03 -0.03  0.25  0.46  0.25 -0.01 -0.01  0.    0.    0.   -0.
  0.    0.   -0.01  0.    0.    0.   -0.    0.    0.   -0.01 -0.01  0.
  0.    0.    0.   -0.   -0.01 -0.    0.    0.    0.    0.    0.    0.24
 -0.03 -0.03 -0.04  0.24  0.45 -0.   -0.   -0.   -0.   -0.   -0.   -0.
 -0.    0.   -0.   -0.   -0.   -0.   -0.   -0.   -0.   -0.    0.    0.
 -0.   -0.   -0.   -0.   -0.   -0.   -0.   -0.   -0.   -0.   -0.   -0.
 -0.   -0.    0.   -0.29 -0.29  0.01  0.01  0.01  0.01  0.01  0.01  0.01
  0.01 -0.28 -0.29]
orbital number 21 energy -5.497585026445258
[ 0.    0.02  0.    0.   -0.    0.   -0.   -0.   -0.   -0.   -0.    0.
 -0.   -0.   -0.   -0.   -0.   -0.   -0.09 -0.   -0.    0.06  0.02  0.
  0.02  0.03  0.02  0.    0.1   0.05  0.36  0.49  0.11  0.36  0.05 -0.
 -0.   -0.   -0.   -0.   -0.01 -0.    0.   -0.    0.01 -0.01 -0.01 -0.01
  0.01  0.05 -0.06 -0.04  0.   -0.14 -0.04  0.    0.   -0.02  0.06  0.09
  0.   -0.   -0.19  0.    0.    0.   -0.    0.    0.   -0.11 -0.08  0.02
  0.12 -0.04  0.07 -0.02 -0.02  0.    0.    0.    0.   -0.04 -0.04 -0.41
 -0.41  0.01  0.01]
orbital number 22 energy -5.456174185368322
[ 0.    0.    0.    0.    0.01  0.   -0.05 -0.09 -0.05 -0.35 -0.49  0.
 -0.34 -0.04 -0.02 -0.   -0.01 -0.02  0.   -0.02 -0.    0.    0.    0.
  0.    0.    0.    0.    0.   -0.   -0.   -0.   -0.   -0.   -0.   -0.
 -0.   -0.02 -0.   -0.   -0.   -0.    0.   -0.   -0.   -0.   -0.   -0.
 -0.   -0.    0.    0.    0.    0.    0.    0.    0.    0.   -0.   -0.
  0.   -0.    0.    0.27  0.21  0.05 -0.13  0.05  0.21  0.    0.   -0.
 -0.    0.   -0.   -0.   -0.    0.39  0.4   0.03  0.03 -0.   -0.    0.
  0.    0.02  0.02]
orbital number 23 energy -5.417066430948617
[-0.   -0.03 -0.   -0.    0.   -0.    0.    0.   -0.   -0.   -0.   -0.
 -0.   -0.    0.    0.    0.    0.   -0.01  0.    0.   -0.07 -0.13 -0.06
 -0.38 -0.5  -0.38 -0.06 -0.02  0.    0.04  0.05  0.01  0.04  0.    0.01
  0.    0.    0.    0.01  0.01  0.02 -0.07  0.02  0.    0.1   0.14  0.1
  0.    0.01 -0.01 -0.   -0.   -0.02 -0.   -0.   -0.   -0.    0.01  0.01
 -0.    0.   -0.02  0.    0.    0.   -0.    0.    0.   -0.01 -0.01  0.
  0.01 -0.    0.01  0.03  0.03  0.    0.   -0.   -0.    0.43  0.44 -0.02
 -0.02 -0.01 -0.01]
orbital number 24 energy -5.351957976799032
[-0.   -0.   -0.   -0.01 -0.01 -0.01  0.08  0.02 -0.   -0.03 -0.04 -0.07
 -0.03 -0.    0.13  0.06  0.38  0.5  -0.    0.38  0.07 -0.   -0.    0.
  0.    0.    0.    0.   -0.   -0.    0.    0.    0.    0.   -0.    0.01
  0.    0.03  0.    0.01  0.   -0.    0.   -0.    0.   -0.   -0.   -0.
  0.    0.   -0.   -0.   -0.01 -0.   -0.   -0.07 -0.1  -0.    0.    0.
 -0.01  0.05 -0.    0.03  0.02  0.   -0.01  0.    0.02 -0.   -0.    0.
  0.   -0.    0.    0.01  0.01  0.    0.   -0.44 -0.44 -0.   -0.   -0.
 -0.   -0.03 -0.03]
orbital number 25 energy -5.094578406916341
[-0.1  -0.25 -0.1  -0.22 -0.2  -0.22  0.13  0.06  0.01 -0.03 -0.04  0.01
 -0.03  0.01  0.05 -0.   -0.05 -0.07  0.02 -0.05 -0.   -0.19 -0.08 -0.
  0.05  0.08  0.05 -0.   -0.09 -0.01  0.03  0.05  0.04  0.03 -0.01  0.23
  0.09  0.19  0.09  0.23  0.23  0.    0.02  0.    0.01 -0.02 -0.02 -0.02
  0.01  0.02 -0.02 -0.01 -0.   -0.02 -0.01  0.01  0.01  0.01  0.04  0.01
 -0.   -0.01 -0.06  0.03  0.02 -0.   -0.02 -0.    0.02 -0.05 -0.02  0.04
  0.04 -0.01  0.01  0.34  0.35 -0.03 -0.03 -0.   -0.    0.01  0.01  0.04
  0.04 -0.32 -0.32]
orbital number 26 energy -4.984082584884266
[ 0.01 -0.    0.01  0.04  0.05  0.04 -0.03 -0.02 -0.    0.01  0.01 -0.
  0.01 -0.   -0.02 -0.    0.01  0.02  0.35  0.01 -0.   -0.04 -0.02 -0.
  0.01  0.02  0.01 -0.   -0.08 -0.04 -0.07 -0.06  0.31 -0.07 -0.04 -0.04
 -0.02 -0.04 -0.02 -0.04 -0.03  0.    0.    0.    0.02 -0.   -0.01 -0.
  0.02  0.04 -0.05 -0.03  0.    0.   -0.03 -0.   -0.    0.21  0.4  -0.03
  0.    0.   -0.37 -0.01 -0.01  0.    0.01  0.   -0.01 -0.36 -0.11  0.41
  0.16 -0.16  0.01 -0.03 -0.03  0.01  0.01  0.    0.    0.01  0.01  0.11
  0.1   0.06  0.06]
orbital number 27 energy -4.862067118867289
[ 0.    0.02  0.   -0.02 -0.02 -0.02  0.02  0.01  0.   -0.   -0.01  0.
 -0.    0.    0.01  0.   -0.01 -0.01  0.08 -0.01  0.    0.04  0.02  0.
 -0.01 -0.02 -0.01  0.    0.04  0.02  0.02  0.01  0.08  0.02  0.02  0.01
  0.01  0.02  0.01  0.01  0.   -0.   -0.   -0.   -0.22  0.    0.01  0.
 -0.24 -0.55  0.57  0.3  -0.    0.08  0.32  0.    0.   -0.07  0.01  0.08
 -0.   -0.   -0.06  0.01  0.   -0.   -0.   -0.    0.   -0.05 -0.1   0.01
 -0.07 -0.1   0.03 -0.   -0.   -0.01 -0.01 -0.   -0.   -0.01 -0.01 -0.04
 -0.04 -0.02 -0.02]
orbital number 28 energy -4.7618708510903325
[ 0.    0.    0.   -0.   -0.   -0.    0.    0.    0.   -0.   -0.    0.
 -0.    0.    0.    0.   -0.   -0.    0.   -0.    0.    0.    0.    0.
 -0.   -0.   -0.    0.    0.    0.   -0.   -0.    0.   -0.    0.    0.
  0.    0.    0.    0.   -0.   -0.   -0.   -0.   -0.52  0.    0.    0.
  0.51 -0.01  0.01  0.5  -0.    0.   -0.48  0.    0.   -0.    0.    0.
 -0.   -0.   -0.    0.    0.   -0.   -0.   -0.    0.   -0.   -0.   -0.
 -0.   -0.    0.   -0.   -0.   -0.   -0.   -0.   -0.   -0.   -0.   -0.
 -0.   -0.   -0.  ]
orbital number 29 energy -4.740956121679116
[ 0.06  0.28  0.06 -0.06 -0.14 -0.05  0.33  0.25  0.05 -0.05 -0.12  0.03
 -0.05  0.05  0.19  0.03 -0.09 -0.14  0.11 -0.09  0.03  0.32  0.2   0.03
 -0.08 -0.14 -0.08  0.03  0.21  0.04 -0.07 -0.13 -0.02 -0.07  0.04 -0.01
  0.07  0.27  0.07 -0.01 -0.09 -0.01 -0.05 -0.01  0.03  0.04  0.06  0.04
  0.02  0.05 -0.06 -0.03 -0.01  0.08 -0.03  0.03  0.04  0.1   0.06 -0.09
 -0.01 -0.04 -0.01  0.1   0.07 -0.02 -0.09 -0.02  0.06 -0.03  0.06  0.04
 -0.07 -0.06 -0.02 -0.14 -0.14 -0.13 -0.13 -0.07 -0.07 -0.08 -0.08 -0.09
 -0.09 -0.18 -0.18]
orbital number 30 energy -4.559670338229911
[-0.03  0.08 -0.03 -0.15 -0.15 -0.15 -0.29 -0.28 -0.08  0.04  0.13 -0.03
  0.04 -0.07 -0.21 -0.04  0.08  0.14  0.15  0.08 -0.04  0.23  0.17  0.04
 -0.06 -0.11 -0.06  0.04  0.23  0.07 -0.02 -0.1  -0.1  -0.02  0.07  0.16
  0.02 -0.1   0.02  0.16  0.17 -0.02 -0.05 -0.02  0.01  0.03  0.06  0.03
  0.01  0.02 -0.02 -0.01  0.01  0.17 -0.01 -0.03 -0.05  0.18  0.05 -0.17
  0.01  0.05  0.01 -0.14 -0.08  0.04  0.13  0.04 -0.08 -0.01  0.15 -0.01
 -0.18 -0.15 -0.01  0.05  0.05  0.16  0.16  0.08  0.08 -0.07 -0.07 -0.13
 -0.13 -0.04 -0.04]
orbital number 31 energy -4.406956102753057
[ 0.02  0.16  0.02 -0.09 -0.13 -0.09 -0.08 -0.11 -0.04  0.01  0.05 -0.01
  0.01 -0.03 -0.07 -0.02  0.02  0.05 -0.2   0.02 -0.02  0.2   0.19  0.05
 -0.05 -0.11 -0.05  0.05  0.03 -0.04 -0.12 -0.1   0.26 -0.12 -0.04  0.07
  0.04  0.02  0.03  0.07  0.05 -0.03 -0.08 -0.03  0.01  0.05  0.08  0.05
  0.01  0.01 -0.01 -0.01  0.01 -0.29 -0.   -0.01 -0.02 -0.32 -0.04  0.3
  0.01  0.02 -0.   -0.07 -0.04  0.02  0.06  0.02 -0.04 -0.01 -0.31  0.09
  0.32  0.29 -0.01 -0.04 -0.04  0.07  0.07  0.03  0.03 -0.09 -0.09  0.06
  0.06 -0.06 -0.06]
orbital number 32 energy -4.055907357314068
[-0.   -0.01 -0.   -0.    0.   -0.   -0.01  0.02  0.01  0.01 -0.   -0.01
  0.    0.01 -0.01 -0.01  0.    0.01  0.    0.   -0.01 -0.    0.01  0.01
  0.   -0.    0.    0.01 -0.   -0.    0.    0.   -0.    0.   -0.    0.
 -0.   -0.01 -0.    0.    0.01 -0.02 -0.03 -0.01 -0.    0.02  0.03  0.01
 -0.   -0.    0.    0.    0.01  0.    0.   -0.01 -0.02  0.   -0.   -0.
  0.01  0.02 -0.    0.03 -0.48 -0.51 -0.03  0.48  0.51  0.    0.   -0.
 -0.   -0.    0.    0.01  0.01 -0.02 -0.01  0.01  0.01 -0.01 -0.01  0.
  0.    0.01  0.01]
orbital number 33 energy -4.0552033333002075
[-0.05 -0.12 -0.05 -0.    0.05 -0.   -0.07  0.18  0.11  0.08 -0.03 -0.11
  0.07  0.1  -0.16 -0.06  0.02  0.08  0.    0.02 -0.06 -0.01  0.13  0.07
  0.02 -0.05  0.02  0.06 -0.02 -0.01  0.01  0.01 -0.01  0.01 -0.    0.02
 -0.06 -0.16 -0.05  0.03  0.08 -0.19 -0.31 -0.11 -0.    0.19  0.3   0.11
 -0.   -0.    0.    0.    0.1   0.    0.   -0.11 -0.21  0.01 -0.   -0.
  0.1   0.21 -0.    0.3   0.2  -0.1  -0.3  -0.19  0.11  0.    0.01 -0.
 -0.   -0.01  0.    0.07  0.07 -0.15 -0.15  0.09  0.09 -0.09 -0.09  0.01
  0.01  0.08  0.08]
orbital number 34 energy -4.051864305166346
[-0.   -0.01 -0.   -0.    0.   -0.   -0.01  0.02  0.01  0.01 -0.   -0.01
  0.01  0.01 -0.02 -0.01  0.    0.01 -0.    0.   -0.01  0.    0.01  0.
 -0.   -0.    0.    0.01  0.   -0.   -0.   -0.    0.    0.    0.    0.
 -0.   -0.01 -0.    0.    0.01  0.49 -0.02 -0.51  0.   -0.49  0.02  0.51
  0.    0.   -0.   -0.    0.01 -0.   -0.   -0.01 -0.02 -0.    0.    0.
  0.01  0.02  0.    0.03  0.01 -0.01 -0.03 -0.01  0.01 -0.   -0.    0.
  0.    0.   -0.    0.01  0.01 -0.01 -0.01  0.01  0.01 -0.01 -0.01 -0.
 -0.    0.01  0.01]
orbital number 35 energy -4.026792008755558
[-0.03 -0.11 -0.03  0.04  0.07  0.04  0.04 -0.07 -0.05 -0.04  0.01  0.16
 -0.04 -0.04  0.17  0.07 -0.01 -0.08  0.   -0.01  0.07 -0.07  0.1   0.07
  0.05 -0.02  0.05  0.06 -0.09 -0.03  0.03  0.06 -0.03  0.03 -0.03 -0.03
 -0.02 -0.02 -0.02 -0.03 -0.01 -0.19 -0.39 -0.2  -0.    0.19  0.39  0.2
 -0.   -0.01  0.01  0.   -0.15  0.01  0.    0.17  0.32  0.03 -0.01 -0.02
 -0.16 -0.32 -0.01 -0.14 -0.07  0.07  0.14  0.07 -0.07  0.    0.03 -0.01
 -0.01 -0.03  0.01  0.04  0.04  0.06  0.06 -0.1  -0.1  -0.09 -0.09  0.04
  0.04  0.03  0.03]
orbital number 36 energy -4.014609814770672
[-0.  -0.  -0.   0.   0.   0.   0.  -0.  -0.  -0.   0.   0.5 -0.  -0.
  0.   0.   0.  -0.   0.  -0.   0.  -0.   0.   0.   0.  -0.   0.   0.
 -0.  -0.   0.   0.  -0.   0.  -0.  -0.   0.   0.   0.  -0.  -0.  -0.
 -0.  -0.  -0.   0.   0.   0.  -0.  -0.   0.   0.  -0.5  0.   0.  -0.5
  0.   0.  -0.  -0.   0.5 -0.  -0.  -0.  -0.   0.   0.   0.  -0.   0.
  0.  -0.  -0.  -0.   0.   0.   0.   0.   0.  -0.  -0.  -0.  -0.   0.
  0.  -0.  -0. ]
orbital number 37 energy -3.9436260226962645
[-0.04 -0.03 -0.04 -0.05 -0.01 -0.06 -0.13  0.05  0.07  0.09  0.02  0.19
  0.09  0.06 -0.07  0.    0.08  0.07  0.    0.08  0.01  0.08  0.04 -0.
 -0.04 -0.04 -0.05 -0.    0.14  0.04 -0.05 -0.09  0.05 -0.05  0.04  0.07
 -0.07 -0.22 -0.06  0.07  0.14  0.09  0.17  0.09  0.01 -0.08 -0.16 -0.08
  0.01  0.01 -0.01 -0.   -0.2  -0.01 -0.    0.19  0.39 -0.04  0.01  0.03
 -0.2  -0.39  0.02  0.25  0.12 -0.13 -0.25 -0.13  0.12 -0.   -0.05  0.01
  0.01  0.03 -0.02  0.05  0.05 -0.09 -0.09 -0.01 -0.01  0.    0.   -0.06
 -0.06  0.09  0.09]
orbital number 38 energy -3.6763776524756397
[ 0.14  0.3   0.13 -0.04 -0.17 -0.03 -0.09 -0.08 -0.01  0.06  0.07  0.05
  0.07 -0.   -0.28 -0.09  0.09  0.18  0.02  0.09 -0.09 -0.02 -0.07 -0.03
  0.02  0.05  0.03 -0.02 -0.33 -0.13  0.08  0.21 -0.17  0.08 -0.13  0.01
  0.12  0.22  0.12  0.01 -0.11 -0.02 -0.04 -0.02 -0.02  0.02  0.04  0.02
 -0.02 -0.02  0.02  0.01 -0.07 -0.06  0.01  0.05  0.11  0.06 -0.13  0.02
 -0.07 -0.11 -0.15  0.12  0.05 -0.07 -0.12 -0.07  0.05  0.09  0.18  0.07
  0.04 -0.12  0.05 -0.15 -0.15  0.01  0.    0.11  0.11  0.03  0.02  0.15
  0.15 -0.14 -0.14]
orbital number 39 energy -3.6122766266119983
[-0.05 -0.09 -0.05 -0.    0.05 -0.    0.03  0.03  0.01 -0.02 -0.02 -0.02
 -0.02  0.    0.12  0.04 -0.04 -0.08  0.21 -0.04  0.04  0.03  0.16  0.06
 -0.05 -0.1  -0.06  0.05  0.01 -0.01 -0.03 -0.01 -0.19 -0.01  0.    0.01
 -0.06 -0.12 -0.05  0.01  0.07  0.04  0.07  0.04  0.   -0.03 -0.07 -0.03
  0.    0.   -0.   -0.    0.03 -0.24 -0.   -0.02 -0.04 -0.1  -0.37  0.25
  0.03  0.04 -0.3  -0.04 -0.02  0.02  0.04  0.02 -0.02  0.33  0.26  0.36
  0.07 -0.27 -0.01  0.06  0.06 -0.01 -0.   -0.05 -0.05 -0.06 -0.06  0.01
  0.    0.06  0.06]
orbital number 40 energy -3.5325796619147543
[-0.01 -0.03 -0.03 -0.03  0.01 -0.    0.01  0.02  0.01 -0.01 -0.01 -0.01
 -0.01  0.    0.09  0.03 -0.03 -0.06 -0.14 -0.03  0.04  0.04  0.44  0.16
 -0.14 -0.29 -0.14  0.16 -0.36 -0.15  0.08  0.23 -0.06  0.09 -0.15  0.02
 -0.04 -0.1  -0.04  0.02  0.06  0.11  0.16  0.11 -0.03 -0.07 -0.16 -0.07
 -0.03 -0.02  0.03  0.01  0.02  0.08  0.01 -0.01 -0.03  0.15  0.1  -0.15
  0.02  0.02  0.03 -0.01 -0.01  0.01  0.01  0.01 -0.01 -0.14  0.02 -0.15
  0.02  0.07  0.08  0.02  0.03 -0.01 -0.   -0.04 -0.04 -0.17 -0.17  0.16
  0.16  0.04  0.04]
orbital number 41 energy -3.34925559250509
[-0.05 -0.19 -0.07  0.07  0.13  0.1   0.06  0.34  0.1  -0.16 -0.23  0.03
 -0.14  0.11 -0.41 -0.17  0.11  0.27  0.02  0.11 -0.17 -0.03  0.14  0.07
 -0.03 -0.09 -0.05  0.05  0.06  0.01 -0.04 -0.04  0.03  0.02  0.05 -0.12
  0.01  0.14  0.06 -0.05 -0.1   0.03  0.03  0.03  0.01 -0.01 -0.04 -0.01
  0.01  0.   -0.01 -0.   -0.06  0.   -0.    0.03  0.08 -0.03 -0.    0.02
 -0.06 -0.08  0.01 -0.2  -0.08  0.14  0.19  0.15 -0.08  0.02 -0.02  0.01
 -0.02 -0.01 -0.02  0.05  0.07 -0.1  -0.11  0.17  0.18 -0.07 -0.05 -0.01
 -0.04 -0.01 -0.06]
orbital number 42 energy -3.3162561854381205
[ 0.33  0.01 -0.33 -0.5  -0.01  0.49 -0.   -0.01 -0.    0.01  0.01 -0.
  0.01 -0.    0.02  0.01 -0.01 -0.01  0.   -0.    0.01 -0.   -0.02 -0.01
  0.    0.01  0.01 -0.    0.01 -0.   -0.01 -0.01  0.01  0.01  0.01 -0.14
 -0.1  -0.01  0.09  0.15  0.01 -0.   -0.   -0.    0.    0.    0.    0.
  0.    0.   -0.   -0.    0.    0.   -0.   -0.   -0.   -0.01 -0.    0.
  0.    0.    0.    0.01  0.   -0.01 -0.01 -0.01  0.    0.   -0.    0.
 -0.   -0.   -0.   -0.32  0.32  0.    0.   -0.01 -0.01  0.01  0.    0.
 -0.01  0.09 -0.09]
orbital number 43 energy -3.305660300320768
[ 0.01  0.   -0.01 -0.01 -0.    0.01  0.    0.03  0.01 -0.01 -0.02  0.
 -0.02  0.01 -0.02 -0.01  0.    0.01  0.    0.01 -0.01  0.    0.   -0.
 -0.01 -0.    0.    0.   -0.    0.34  0.52  0.   -0.   -0.52 -0.34 -0.01
 -0.01 -0.01  0.    0.02  0.01  0.    0.    0.   -0.   -0.   -0.   -0.
 -0.   -0.    0.    0.   -0.   -0.    0.    0.    0.    0.   -0.    0.
 -0.   -0.   -0.01 -0.02 -0.01  0.01  0.02  0.01 -0.01  0.    0.    0.
  0.   -0.    0.   -0.01  0.01 -0.01 -0.01  0.01  0.01  0.   -0.   -0.33
  0.33  0.01 -0.  ]
orbital number 44 energy -3.277507342246344
[ 0.09 -0.04 -0.11 -0.13  0.03  0.16  0.   -0.01 -0.    0.    0.01  0.
  0.01 -0.   -0.02 -0.01  0.01  0.02  0.01 -0.   -0.02 -0.01  0.02  0.02
  0.01 -0.01 -0.02  0.    0.01  0.01  0.01 -0.01  0.01 -0.01  0.    0.48
  0.34  0.04 -0.31 -0.52 -0.03  0.    0.01  0.    0.   -0.   -0.01 -0.
  0.    0.   -0.   -0.   -0.    0.   -0.    0.    0.   -0.01 -0.    0.01
 -0.   -0.    0.    0.    0.   -0.   -0.   -0.    0.    0.01 -0.01  0.
 -0.01 -0.   -0.01 -0.08  0.11  0.    0.    0.01  0.01 -0.02 -0.   -0.01
 -0.   -0.33  0.31]
orbital number 45 energy -3.2645599514020063
[ 0.01  0.02  0.   -0.02 -0.02 -0.01  0.    0.05  0.02 -0.01 -0.03  0.
 -0.03  0.01 -0.01 -0.01 -0.    0.01 -0.    0.01  0.    0.01 -0.01 -0.35
 -0.51  0.01  0.52  0.34 -0.01 -0.01 -0.01  0.   -0.    0.01  0.    0.03
 -0.   -0.04 -0.03 -0.    0.03 -0.   -0.   -0.   -0.    0.    0.    0.
 -0.   -0.    0.    0.   -0.   -0.    0.    0.    0.    0.    0.   -0.
 -0.   -0.   -0.   -0.02 -0.01  0.02  0.02  0.02 -0.01 -0.    0.   -0.
  0.    0.    0.   -0.01 -0.   -0.02 -0.01  0.01 -0.    0.34 -0.32  0.01
 -0.    0.    0.03]
orbital number 46 energy -3.236148723441044
[-0.06 -0.21 -0.05  0.12  0.14  0.1   0.   -0.23 -0.32 -0.26  0.16 -0.
  0.45  0.16 -0.    0.06  0.08  0.    0.04 -0.08 -0.06 -0.05  0.13  0.03
 -0.08 -0.09  0.01  0.09  0.06  0.04  0.01 -0.04  0.05 -0.02  0.02 -0.15
  0.07  0.26  0.11 -0.08 -0.18  0.02  0.03  0.02  0.01 -0.01 -0.03 -0.01
  0.01  0.01 -0.01 -0.   -0.    0.01 -0.    0.    0.   -0.05  0.    0.02
 -0.   -0.    0.03  0.12  0.04 -0.09 -0.11 -0.09  0.05  0.03 -0.03  0.01
 -0.04 -0.02 -0.04  0.06  0.05  0.31 -0.15 -0.05  0.05 -0.03 -0.08 -0.04
 -0.02 -0.06 -0.11]
orbital number 47 energy -3.226908536839225
[-0.06 -0.19 -0.05  0.11  0.13  0.1   0.   -0.21  0.17  0.46  0.14  0.
 -0.3  -0.32 -0.02  0.07  0.12  0.01  0.04 -0.11 -0.08 -0.05  0.12  0.03
 -0.07 -0.08  0.    0.07  0.05  0.04  0.01 -0.03  0.04 -0.02  0.02 -0.14
  0.07  0.25  0.1  -0.08 -0.17  0.02  0.03  0.02  0.01 -0.01 -0.03 -0.01
  0.01  0.01 -0.01 -0.   -0.    0.01 -0.    0.    0.   -0.05  0.    0.02
 -0.   -0.    0.03  0.1   0.04 -0.07 -0.1  -0.08  0.03  0.03 -0.03  0.01
 -0.04 -0.02 -0.04  0.05  0.04 -0.17  0.32 -0.07  0.08 -0.03 -0.07 -0.04
 -0.02 -0.06 -0.1 ]
orbital number 48 energy -3.2110796914314133
[-0.02 -0.08 -0.02  0.05  0.05  0.04 -0.   -0.09 -0.02  0.06  0.06  0.
  0.01 -0.05 -0.01 -0.33 -0.5   0.    0.02  0.5   0.33 -0.02  0.05  0.02
 -0.02 -0.03 -0.    0.03  0.02  0.01  0.   -0.01  0.02 -0.01  0.01 -0.05
  0.03  0.1   0.04 -0.04 -0.07  0.01  0.01  0.01  0.   -0.   -0.01 -0.
  0.    0.   -0.01 -0.   -0.    0.   -0.   -0.    0.   -0.02  0.    0.01
 -0.   -0.    0.01  0.04  0.02 -0.03 -0.04 -0.03  0.02  0.01 -0.01  0.
 -0.02 -0.01 -0.02  0.02  0.02  0.02  0.05  0.33 -0.32 -0.01 -0.03 -0.01
 -0.01 -0.03 -0.04]
orbital number 49 energy -3.0246402309257707
[ 0.04  0.09  0.04 -0.03 -0.06 -0.04 -0.01  0.03  0.01 -0.01 -0.02 -0.
 -0.01  0.01  0.02  0.01 -0.   -0.01  0.33 -0.01  0.01 -0.03  0.04  0.02
 -0.01 -0.03 -0.01  0.02 -0.19 -0.05  0.12  0.13  0.34  0.12 -0.05  0.04
 -0.02 -0.06 -0.02  0.04  0.04  0.01  0.01  0.01  0.08 -0.   -0.01 -0.
  0.08  0.05 -0.09 -0.02  0.    0.17 -0.02 -0.   -0.   -0.34  0.03  0.12
  0.    0.    0.24 -0.01 -0.    0.01  0.01  0.01 -0.    0.22 -0.24 -0.02
 -0.37 -0.25 -0.31 -0.03 -0.04 -0.01 -0.01 -0.01 -0.01 -0.02 -0.02  0.05
  0.05  0.01  0.01]
orbital number 50 energy 0.0
[-0.19 -0.01 -0.19 -0.05  0.19 -0.05  0.44 -0.04 -0.14 -0.    0.14 -0.
 -0.01 -0.14 -0.04 -0.13 -0.    0.13  0.   -0.   -0.13  0.55 -0.05 -0.15
 -0.01  0.15 -0.01 -0.15 -0.04 -0.15 -0.01  0.15  0.01 -0.01 -0.15 -0.07
 -0.13  0.02 -0.13 -0.07  0.13 -0.02  0.   -0.02  0.   -0.    0.02 -0.
  0.   -0.   -0.    0.   -0.01  0.02  0.   -0.    0.01 -0.01  0.   -0.01
 -0.01  0.    0.    0.04 -0.   -0.04  0.   -0.04 -0.    0.01 -0.   -0.02
 -0.   -0.03 -0.01  0.1   0.1   0.08  0.08  0.07  0.07  0.08  0.08  0.08
  0.08  0.07  0.07]
orbital number 51 energy 0.22301778372962833
[ 0.15  0.08  0.15 -0.04 -0.14 -0.04  0.55 -0.03 -0.17 -0.01  0.17 -0.
 -0.01 -0.17 -0.04 -0.16 -0.01  0.16 -0.   -0.01 -0.16 -0.45  0.02  0.12
  0.01 -0.12  0.01  0.12  0.02  0.12  0.01 -0.12 -0.01  0.01  0.12  0.04
 -0.15 -0.08 -0.15  0.04  0.15  0.02 -0.    0.02 -0.    0.   -0.02  0.
 -0.    0.    0.   -0.   -0.02 -0.02 -0.   -0.    0.02  0.01 -0.    0.01
 -0.02  0.   -0.    0.05 -0.   -0.05  0.01 -0.05 -0.   -0.01  0.    0.02
 -0.    0.03  0.01 -0.08 -0.08  0.09  0.09  0.09  0.09 -0.07 -0.07 -0.06
 -0.06  0.08  0.08]
orbital number 52 energy 2.6756054068631094
[ 0.01 -0.01  0.01  0.   -0.01  0.    0.    0.   -0.   -0.    0.   -0.
 -0.   -0.    0.   -0.   -0.    0.    0.09 -0.   -0.   -0.01 -0.    0.
  0.   -0.    0.    0.    0.02 -0.01 -0.02  0.02  0.1  -0.02 -0.01  0.
  0.   -0.01  0.    0.   -0.    0.   -0.    0.    0.31  0.   -0.    0.
  0.31 -0.51 -0.5   0.21 -0.    0.13  0.21 -0.    0.    0.03 -0.18  0.11
 -0.    0.   -0.16  0.   -0.   -0.    0.   -0.   -0.   -0.15  0.15 -0.19
  0.06  0.13 -0.05 -0.   -0.    0.    0.    0.    0.   -0.   -0.    0.
  0.   -0.   -0.  ]
orbital number 53 energy 2.921204531984401
[-0.01  0.02 -0.01 -0.01  0.02 -0.01 -0.   -0.01  0.    0.01 -0.01  0.
  0.01  0.   -0.    0.    0.   -0.    0.07  0.    0.    0.    0.   -0.
 -0.    0.   -0.   -0.   -0.03  0.01  0.02 -0.03  0.    0.02  0.01 -0.01
 -0.01  0.02 -0.01 -0.01  0.02 -0.    0.   -0.    0.47 -0.    0.   -0.
 -0.49  0.02  0.02  0.49  0.   -0.03 -0.51  0.   -0.    0.03 -0.04  0.04
  0.   -0.   -0.02 -0.01  0.    0.01 -0.01  0.01  0.   -0.04  0.01 -0.03
 -0.05  0.08 -0.01  0.    0.   -0.   -0.   -0.   -0.    0.    0.   -0.
 -0.    0.    0.  ]
orbital number 54 energy 2.9278294680515833
[-0.05  0.1  -0.05 -0.07  0.11 -0.07 -0.02 -0.05  0.03  0.03 -0.05  0.
  0.03  0.03 -0.01  0.01  0.01 -0.02  0.41  0.01  0.01  0.    0.   -0.
 -0.    0.   -0.   -0.   -0.14  0.06  0.1  -0.14  0.1   0.1   0.06 -0.07
 -0.03  0.09 -0.03 -0.07  0.09 -0.    0.   -0.   -0.17 -0.    0.   -0.
 -0.01  0.17  0.16 -0.16  0.   -0.15  0.01  0.   -0.    0.11 -0.25  0.18
  0.   -0.   -0.13 -0.04  0.02  0.03 -0.04  0.03  0.02 -0.24  0.15 -0.23
 -0.24  0.47 -0.06  0.02  0.02 -0.01 -0.01 -0.   -0.    0.    0.   -0.02
 -0.02  0.01  0.01]
orbital number 55 energy 2.9793983942158375
[ 0.06 -0.16  0.06  0.12 -0.17  0.12  0.02  0.1  -0.05 -0.07  0.11 -0.
 -0.07 -0.05  0.02 -0.01 -0.01  0.02  0.04 -0.01 -0.01  0.03  0.03 -0.02
 -0.02  0.03 -0.01 -0.02  0.13 -0.07 -0.09  0.14  0.38 -0.09 -0.06  0.12
  0.06 -0.16  0.06  0.12 -0.16 -0.01  0.01 -0.01 -0.07 -0.01  0.01 -0.01
 -0.1   0.17  0.16 -0.06 -0.    0.22 -0.09 -0.    0.01 -0.24 -0.2  -0.16
 -0.    0.01 -0.2   0.1  -0.04 -0.07  0.1  -0.07 -0.04 -0.06  0.38 -0.24
  0.18  0.02 -0.07 -0.03 -0.03  0.02  0.02  0.01  0.01  0.01  0.01  0.03
  0.03 -0.02 -0.03]
orbital number 56 energy 3.0457104387207226
[-0.05  0.19 -0.05 -0.15  0.18 -0.15  0.01 -0.21  0.09  0.15 -0.22 -0.
  0.15  0.09  0.   -0.   -0.    0.01 -0.15 -0.   -0.01 -0.11 -0.11  0.08
  0.06 -0.13  0.06  0.08  0.06  0.   -0.06  0.05  0.23 -0.06  0.   -0.15
 -0.09  0.21 -0.1  -0.15  0.23  0.05 -0.07  0.05 -0.01  0.03 -0.07  0.03
 -0.02  0.03  0.03 -0.01 -0.    0.2  -0.02 -0.    0.   -0.21 -0.04 -0.18
 -0.    0.   -0.08 -0.22  0.09  0.15 -0.22  0.15  0.09  0.04  0.21 -0.05
  0.2  -0.15 -0.02  0.02  0.02 -0.04 -0.04  0.    0.   -0.03 -0.03 -0.
 -0.    0.04  0.04]
orbital number 57 energy 3.1879431446551685
[-0.08  0.2  -0.07 -0.14  0.21 -0.14 -0.14  0.23 -0.06 -0.19  0.23  0.04
 -0.19 -0.06 -0.18  0.12  0.1  -0.21 -0.05  0.1   0.12 -0.06 -0.12  0.07
  0.07 -0.13  0.07  0.07 -0.02  0.03  0.   -0.03  0.05  0.01  0.03 -0.14
 -0.03  0.16 -0.03 -0.14  0.16  0.06 -0.09  0.06  0.    0.04 -0.09  0.04
  0.   -0.   -0.    0.    0.06  0.04  0.    0.04 -0.09 -0.05 -0.   -0.05
  0.06 -0.09 -0.01  0.31 -0.13 -0.2   0.31 -0.2  -0.13  0.01  0.05  0.01
  0.05 -0.04  0.    0.03  0.03  0.02  0.02 -0.05 -0.05 -0.03 -0.03 -0.01
 -0.01  0.01  0.01]
orbital number 58 energy 3.3890857033980772
[ 0.01  0.05  0.01 -0.05  0.04 -0.06 -0.01  0.01  0.   -0.01  0.01  0.03
 -0.01  0.   -0.08  0.04  0.05 -0.08 -0.12  0.05  0.04 -0.1   0.27 -0.11
 -0.19  0.28 -0.19 -0.1  -0.14  0.1   0.07 -0.16  0.1   0.06  0.1  -0.06
 -0.04  0.09 -0.04 -0.06  0.1  -0.24  0.41 -0.24  0.01 -0.19  0.41 -0.19
  0.01 -0.02 -0.02  0.01  0.04  0.06  0.01  0.03 -0.07 -0.09 -0.01 -0.09
  0.04 -0.07 -0.01  0.02 -0.01 -0.01  0.02 -0.01 -0.01  0.    0.1   0.07
  0.05 -0.05  0.02 -0.01 -0.   -0.   -0.   -0.02 -0.02  0.04  0.04 -0.04
 -0.04  0.02  0.02]
orbital number 59 energy 3.5347854306377116
[ 0.05 -0.1   0.05  0.06 -0.11  0.06  0.14 -0.03 -0.03  0.05 -0.02  0.23
  0.05 -0.03 -0.2   0.06  0.15 -0.21  0.06  0.15  0.06  0.02 -0.01 -0.
  0.01 -0.    0.01 -0.    0.1  -0.05 -0.05  0.11 -0.05 -0.05 -0.05  0.04
 -0.03 -0.02 -0.03  0.04 -0.01  0.02 -0.03  0.02 -0.    0.01 -0.03  0.01
 -0.    0.01  0.01 -0.01  0.26 -0.02 -0.01  0.22 -0.47  0.04  0.01  0.05
  0.25 -0.48 -0.   -0.13  0.06  0.07 -0.13  0.07  0.06  0.01 -0.05 -0.05
 -0.01  0.02 -0.01 -0.02 -0.02  0.01  0.01 -0.02 -0.02  0.    0.    0.02
  0.02  0.01  0.01]
orbital number 60 energy 3.6020054702919166
[-0.  -0.   0.   0.  -0.   0.   0.  -0.  -0.   0.  -0.   0.   0.  -0.
 -0.  -0.   0.  -0.  -0.   0.  -0.   0.   0.  -0.   0.   0.  -0.   0.
 -0.   0.   0.  -0.   0.   0.   0.   0.   0.  -0.   0.   0.  -0.  -0.5
 -0.   0.5  0.  -0.5  0.   0.5  0.  -0.  -0.   0.   0.   0.   0.   0.
 -0.  -0.  -0.  -0.   0.  -0.   0.  -0.   0.   0.  -0.   0.   0.  -0.
  0.   0.   0.  -0.   0.   0.  -0.   0.   0.   0.   0.   0.  -0.  -0.
 -0.  -0.  -0. ]
orbital number 61 energy 3.6390576433749304
[-0.    0.   -0.   -0.    0.   -0.   -0.   -0.    0.   -0.   -0.    0.5
 -0.    0.    0.    0.   -0.    0.   -0.   -0.   -0.    0.    0.   -0.
  0.    0.   -0.   -0.   -0.    0.    0.   -0.    0.    0.    0.   -0.
  0.   -0.    0.   -0.   -0.    0.   -0.    0.    0.    0.   -0.    0.
  0.   -0.   -0.    0.    0.5   0.    0.   -0.5   0.01 -0.   -0.   -0.
 -0.5   0.    0.    0.   -0.   -0.    0.   -0.   -0.   -0.    0.    0.
 -0.   -0.    0.    0.    0.   -0.   -0.   -0.    0.    0.    0.   -0.
 -0.   -0.   -0.  ]
orbital number 62 energy 3.6506288478643434
[-0.    0.   -0.   -0.    0.   -0.   -0.    0.    0.01 -0.01  0.    0.
  0.01 -0.01 -0.   -0.    0.    0.   -0.   -0.    0.    0.    0.   -0.
  0.    0.    0.   -0.   -0.    0.    0.   -0.    0.    0.    0.   -0.
  0.   -0.    0.    0.   -0.    0.   -0.    0.    0.    0.   -0.    0.
  0.   -0.   -0.    0.    0.    0.    0.    0.   -0.   -0.   -0.   -0.
  0.   -0.    0.   -0.   -0.5   0.5  -0.   -0.5   0.5  -0.    0.    0.
 -0.   -0.    0.    0.    0.   -0.    0.    0.   -0.    0.    0.   -0.
 -0.   -0.   -0.  ]
orbital number 63 energy 3.697312330040913
[-0.03 -0.01 -0.04  0.05 -0.01  0.04  0.04  0.   -0.01  0.01  0.01  0.05
  0.01 -0.01  0.03 -0.03 -0.01  0.04 -0.22 -0.01 -0.03  0.13  0.1  -0.1
 -0.02  0.12 -0.03 -0.09 -0.36  0.16  0.21 -0.39  0.17  0.21  0.16  0.06
  0.05 -0.11  0.05  0.06 -0.12  0.13 -0.27  0.12  0.01  0.14 -0.26  0.13
  0.01 -0.04 -0.04  0.02  0.05  0.03  0.02  0.05 -0.1  -0.11 -0.07 -0.14
  0.05 -0.1   0.06 -0.03  0.02  0.02 -0.03  0.02  0.02 -0.08  0.18  0.23
 -0.04 -0.02  0.06  0.01  0.02  0.    0.01  0.01  0.01  0.04  0.03 -0.06
 -0.06 -0.02 -0.02]
orbital number 64 energy 3.9167600441873924
[-0.12  0.12 -0.04 -0.07  0.13 -0.   -0.09 -0.06  0.09 -0.02 -0.07  0.14
  0.02  0.05  0.36 -0.18 -0.19  0.39 -0.02 -0.18 -0.18  0.03 -0.19  0.1
  0.09 -0.2   0.09  0.1  -0.03  0.07 -0.04 -0.03  0.02  0.07 -0.06 -0.01
  0.11 -0.1   0.06  0.04 -0.11 -0.06  0.16 -0.06  0.   -0.09  0.17 -0.09
  0.   -0.   -0.    0.    0.1  -0.    0.    0.14 -0.26 -0.   -0.02 -0.01
  0.1  -0.26  0.02  0.13 -0.07 -0.05  0.13 -0.05 -0.07 -0.02  0.02  0.03
 -0.02 -0.    0.01  0.04  0.02 -0.03 -0.02  0.06  0.07 -0.04 -0.04 -0.02
  0.02 -0.04 -0.02]
orbital number 65 energy 3.9295412395674703
[-0.01  0.02 -0.01 -0.01  0.02 -0.01 -0.01 -0.01  0.01 -0.   -0.01  0.02
  0.    0.01  0.05 -0.02 -0.03  0.05  0.   -0.03 -0.02  0.   -0.02  0.01
  0.   -0.02  0.01  0.   -0.   -0.5   0.45  0.   -0.01 -0.45  0.51 -0.01
  0.01 -0.01  0.    0.   -0.01 -0.01  0.01 -0.01 -0.   -0.01  0.01 -0.01
 -0.    0.    0.   -0.    0.01  0.   -0.    0.02 -0.03 -0.    0.01 -0.
  0.01 -0.03 -0.01  0.02 -0.01 -0.01  0.02 -0.01 -0.01  0.01 -0.   -0.01
  0.   -0.   -0.    0.    0.   -0.   -0.    0.01  0.01 -0.01 -0.    0.18
 -0.18 -0.   -0.  ]
orbital number 66 energy 3.944706957011477
[ 0.48  0.01 -0.49  0.43  0.01 -0.44 -0.01 -0.01  0.01 -0.   -0.01  0.01
  0.    0.01  0.04 -0.02 -0.02  0.04  0.   -0.02 -0.02  0.   -0.01  0.
  0.01 -0.01  0.    0.01  0.    0.   -0.01  0.   -0.    0.   -0.    0.14
 -0.15 -0.    0.16 -0.14 -0.   -0.    0.01 -0.   -0.   -0.01  0.01 -0.01
 -0.    0.    0.   -0.    0.01  0.   -0.    0.01 -0.02 -0.    0.    0.
  0.01 -0.02 -0.    0.02 -0.01 -0.01  0.02 -0.01 -0.01  0.   -0.   -0.
  0.    0.   -0.   -0.17  0.18 -0.   -0.    0.01  0.01 -0.   -0.   -0.
  0.    0.05 -0.06]
orbital number 67 energy 3.9675083362139762
[ 0.   -0.    0.    0.   -0.    0.    0.    0.   -0.    0.    0.   -0.
 -0.   -0.   -0.    0.    0.   -0.    0.    0.    0.   -0.    0.   -0.51
  0.46  0.   -0.45  0.51  0.   -0.01  0.    0.   -0.   -0.01  0.01 -0.01
  0.01 -0.   -0.01  0.01 -0.    0.   -0.   -0.   -0.    0.   -0.   -0.
 -0.    0.    0.   -0.   -0.    0.   -0.   -0.    0.   -0.    0.    0.
 -0.    0.   -0.   -0.    0.    0.   -0.    0.    0.    0.   -0.   -0.01
  0.    0.   -0.   -0.   -0.    0.    0.   -0.   -0.    0.18 -0.18  0.
 -0.   -0.    0.  ]
orbital number 68 energy 3.9693618467155014
[ 0.16 -0.01 -0.15  0.14 -0.01 -0.14 -0.   -0.    0.01 -0.   -0.   -0.
  0.    0.   -0.    0.01 -0.   -0.    0.01  0.01 -0.   -0.01  0.02  0.
 -0.02  0.02  0.   -0.02  0.01  0.   -0.01  0.01 -0.01 -0.   -0.   -0.44
  0.48  0.01 -0.49  0.43  0.01  0.01 -0.02  0.01 -0.    0.01 -0.02  0.01
 -0.    0.    0.   -0.   -0.    0.   -0.   -0.    0.   -0.    0.01  0.
 -0.    0.   -0.01  0.01 -0.   -0.    0.01 -0.   -0.    0.01 -0.   -0.01
  0.01  0.   -0.   -0.06  0.05 -0.   -0.   -0.    0.   -0.    0.01 -0.
  0.   -0.17  0.18]
orbital number 69 energy 4.013425176841855
[ 0.04 -0.03  0.07 -0.04 -0.03 -0.01 -0.07 -0.09  0.34 -0.22 -0.09  0.04
  0.25 -0.19  0.12  0.16 -0.26  0.13  0.1   0.12 -0.27 -0.11  0.23 -0.11
 -0.12  0.25 -0.12 -0.11  0.05  0.01 -0.06  0.05 -0.09 -0.04 -0.01 -0.05
 -0.07  0.11 -0.03 -0.08  0.12  0.06 -0.16  0.06 -0.    0.09 -0.16  0.09
 -0.    0.01  0.01 -0.01  0.02  0.02 -0.01  0.04 -0.07 -0.03  0.11  0.01
  0.02 -0.07 -0.1   0.13 -0.07 -0.05  0.13 -0.04 -0.08  0.11 -0.06 -0.14
  0.08  0.02 -0.02 -0.02 -0.03 -0.12  0.07 -0.06  0.1   0.04  0.04 -0.01
  0.    0.02  0.01]
orbital number 70 energy 4.0151797468052255
[ 0.   -0.    0.   -0.   -0.   -0.   -0.01 -0.   -0.33  0.3  -0.01  0.
 -0.3   0.34  0.02  0.37 -0.35  0.02  0.    0.33 -0.39 -0.    0.01 -0.
 -0.    0.01 -0.   -0.    0.    0.   -0.    0.   -0.   -0.   -0.    0.
 -0.    0.    0.   -0.    0.    0.   -0.    0.   -0.    0.   -0.    0.
 -0.    0.    0.   -0.    0.    0.   -0.    0.01 -0.01 -0.    0.    0.
  0.   -0.01 -0.    0.01 -0.01  0.    0.01 -0.01 -0.    0.   -0.   -0.
  0.    0.   -0.   -0.   -0.    0.12 -0.12 -0.13  0.14  0.    0.   -0.
  0.    0.   -0.  ]
orbital number 71 energy 4.017432882285617
[ 0.04 -0.02  0.06 -0.04 -0.02 -0.02 -0.06 -0.08 -0.21  0.26 -0.08  0.04
 -0.23  0.34  0.13 -0.32  0.16  0.14  0.09 -0.3   0.21 -0.1   0.2  -0.09
 -0.11  0.22 -0.1  -0.1   0.04  0.01 -0.05  0.05 -0.08 -0.03 -0.01 -0.05
 -0.05  0.1  -0.03 -0.06  0.11  0.05 -0.14  0.05 -0.    0.08 -0.14  0.08
 -0.    0.01  0.01 -0.    0.03  0.02 -0.    0.04 -0.07 -0.03  0.1   0.
  0.02 -0.07 -0.09  0.12 -0.07 -0.04  0.12 -0.05 -0.06  0.1  -0.05 -0.13
  0.07  0.02 -0.01 -0.01 -0.02  0.07 -0.12  0.11 -0.07  0.03  0.03 -0.
  0.    0.02  0.01]
orbital number 72 energy 4.124539917037088
[-0.07  0.09 -0.08 -0.01  0.09 -0.01  0.02  0.09 -0.07 -0.03  0.1  -0.01
 -0.02 -0.07 -0.03  0.02  0.01 -0.03  0.21  0.02  0.01  0.05 -0.06  0.03
  0.03 -0.07  0.04  0.02 -0.16  0.09  0.06 -0.17 -0.23  0.07  0.08  0.05
  0.07 -0.12  0.07  0.05 -0.13 -0.01  0.03 -0.01  0.   -0.02  0.04 -0.02
  0.   -0.02 -0.02  0.02 -0.    0.04  0.02 -0.01  0.01 -0.28  0.41 -0.12
 -0.    0.01 -0.35 -0.11  0.07  0.03 -0.11  0.03  0.07  0.35 -0.05 -0.3
  0.17  0.14  0.05  0.03  0.03  0.02  0.02 -0.01 -0.   -0.01 -0.01 -0.03
 -0.03 -0.03 -0.02]
orbital number 73 energy 4.338653830781111
[ 0.07 -0.21  0.07  0.12 -0.23  0.12  0.16 -0.31  0.16  0.13 -0.32 -0.03
  0.13  0.16 -0.12  0.03  0.09 -0.14  0.02  0.08  0.04  0.21 -0.15  0.04
  0.1  -0.18  0.1   0.05 -0.09  0.01  0.08 -0.12 -0.02  0.08  0.01  0.03
 -0.11  0.1  -0.11  0.03  0.08 -0.01  0.06 -0.01 -0.   -0.04  0.07 -0.04
 -0.   -0.02 -0.04  0.03 -0.01 -0.04  0.03 -0.03  0.04 -0.14  0.12 -0.09
 -0.01  0.04 -0.07  0.28 -0.17 -0.06  0.25 -0.06 -0.17  0.06  0.07  0.02
 -0.05  0.09  0.07 -0.02 -0.02 -0.05 -0.05 -0.01 -0.01 -0.01 -0.01 -0.
 -0.    0.04  0.04]
orbital number 74 energy 4.589729452889631
[-0.12  0.2  -0.12 -0.04  0.19 -0.04  0.22 -0.18  0.06  0.1  -0.2  -0.02
  0.1   0.06 -0.12  0.02  0.09 -0.14 -0.01  0.09  0.02 -0.08  0.04 -0.
 -0.03  0.05 -0.03 -0.01 -0.09  0.08 -0.02 -0.06 -0.01 -0.02  0.08  0.1
  0.1  -0.23  0.1   0.1  -0.24  0.   -0.01  0.    0.03  0.01 -0.01  0.01
  0.02  0.03  0.1  -0.08 -0.    0.2  -0.08 -0.02  0.03  0.27 -0.18  0.19
 -0.    0.03 -0.01  0.14 -0.09 -0.01  0.11 -0.01 -0.09  0.   -0.2  -0.18
  0.29 -0.2  -0.2   0.04  0.04 -0.02 -0.02 -0.   -0.01  0.    0.   -0.03
 -0.03 -0.03 -0.03]
orbital number 75 energy 4.694416163503317
[ 0.1  -0.23  0.1   0.09 -0.24  0.09 -0.16  0.11 -0.03 -0.07  0.13  0.01
 -0.07 -0.03  0.08 -0.01 -0.07  0.1  -0.02 -0.06 -0.01  0.21 -0.09  0.01
  0.08 -0.12  0.08  0.01 -0.2   0.09  0.08 -0.21 -0.02  0.08  0.08 -0.07
 -0.11  0.22 -0.11 -0.07  0.22 -0.    0.03 -0.    0.03 -0.03  0.04 -0.03
  0.03  0.02  0.11 -0.08  0.    0.22 -0.08  0.01 -0.02  0.24 -0.14  0.17
  0.   -0.02 -0.05 -0.08  0.06  0.   -0.06  0.    0.06  0.04 -0.19 -0.18
  0.3  -0.18 -0.19 -0.03 -0.03  0.01  0.01  0.    0.   -0.   -0.   -0.03
 -0.03  0.04  0.04]
orbital number 76 energy 5.448239150875874
[-0.   -0.   -0.    0.01 -0.01  0.01 -0.    0.    0.   -0.    0.    0.
 -0.    0.    0.    0.   -0.    0.    0.07 -0.    0.    0.01 -0.   -0.
  0.01 -0.01  0.01 -0.   -0.04  0.03 -0.01 -0.01  0.07 -0.01  0.03  0.
 -0.    0.   -0.    0.    0.    0.    0.    0.   -0.37 -0.    0.   -0.
 -0.37  0.34 -0.43  0.42 -0.   -0.03  0.42  0.   -0.    0.1  -0.1  -0.03
 -0.   -0.    0.04 -0.    0.   -0.   -0.   -0.    0.    0.04 -0.08 -0.1
  0.11 -0.08 -0.02  0.    0.   -0.   -0.   -0.   -0.    0.    0.   -0.01
 -0.01  0.    0.  ]
orbital number 77 energy 6.065716100911389
[-0.2   0.2  -0.2   0.17 -0.12  0.17  0.   -0.2   0.2  -0.17  0.12 -0.
 -0.17  0.2   0.   -0.01  0.01 -0.01  0.02  0.01 -0.01 -0.04 -0.08  0.09
 -0.09  0.08 -0.09  0.09 -0.04  0.05 -0.05  0.05 -0.01 -0.05  0.05  0.17
 -0.2   0.2  -0.2   0.17 -0.13 -0.1   0.09 -0.1   0.    0.11 -0.11  0.11
  0.   -0.01  0.   -0.    0.   -0.03 -0.   -0.    0.   -0.02  0.01  0.
  0.   -0.    0.03 -0.24  0.23 -0.2   0.17 -0.2   0.23 -0.02  0.02 -0.01
  0.   -0.02  0.01  0.06  0.06 -0.06 -0.06  0.    0.   -0.03 -0.03 -0.01
 -0.01  0.06  0.06]
orbital number 78 energy 6.107339748867511
[ 0.08 -0.07  0.08 -0.08  0.07 -0.08  0.05 -0.16  0.15 -0.11  0.07 -0.09
 -0.11  0.15  0.07 -0.09  0.09 -0.08  0.01  0.09 -0.09 -0.02  0.17 -0.17
  0.14 -0.11  0.14 -0.17 -0.03  0.03 -0.03  0.03 -0.   -0.03  0.03 -0.04
  0.06 -0.08  0.06 -0.04  0.02  0.26 -0.24  0.26  0.   -0.28  0.28 -0.27
  0.   -0.    0.   -0.    0.08 -0.02 -0.   -0.09  0.09 -0.01  0.01  0.
  0.08 -0.07  0.02 -0.19  0.18 -0.17  0.15 -0.17  0.18 -0.02  0.01 -0.01
  0.01 -0.01  0.01 -0.02 -0.02 -0.04 -0.04  0.03  0.02  0.05  0.05 -0.01
 -0.01 -0.02 -0.02]
orbital number 79 energy 6.13175710185203
[-0.16  0.17 -0.16  0.14 -0.1   0.14 -0.05  0.1  -0.08  0.06 -0.03  0.15
  0.06 -0.09 -0.1   0.12 -0.12  0.11  0.07 -0.12  0.12 -0.05  0.1  -0.09
  0.06 -0.04  0.06 -0.09 -0.13  0.15 -0.15  0.14 -0.03 -0.14  0.15  0.13
 -0.16  0.17 -0.16  0.13 -0.09  0.19 -0.18  0.19  0.01 -0.2   0.2  -0.2
  0.01 -0.02  0.01 -0.01 -0.14 -0.1  -0.01  0.15 -0.15 -0.06  0.04  0.02
 -0.14  0.13  0.12  0.11 -0.11  0.1  -0.09  0.1  -0.11 -0.09  0.07 -0.05
  0.03 -0.07  0.04  0.05  0.05  0.02  0.02 -0.03 -0.03  0.02  0.02 -0.04
 -0.04  0.04  0.04]
orbital number 80 energy 6.189761026797343
[-0.08  0.07 -0.08  0.08 -0.08  0.08 -0.08  0.09 -0.07  0.04 -0.01 -0.34
  0.04 -0.07  0.11 -0.09  0.06 -0.02  0.07  0.06 -0.09  0.01 -0.    0.
  0.   -0.    0.    0.   -0.12  0.12 -0.11  0.1  -0.03 -0.11  0.12  0.03
 -0.05  0.07 -0.05  0.03  0.   -0.02  0.02 -0.02  0.01  0.02 -0.02  0.02
  0.01 -0.02  0.01 -0.01  0.33 -0.1  -0.01 -0.34  0.34 -0.06  0.04  0.03
  0.33 -0.33  0.12  0.11 -0.11  0.1  -0.1   0.1  -0.11 -0.09  0.08 -0.06
  0.05 -0.08  0.03  0.02  0.02  0.02  0.02  0.03  0.03 -0.   -0.   -0.03
 -0.03  0.01  0.01]
orbital number 81 energy 6.233807953971991
[ 0.11 -0.14  0.11 -0.08  0.05 -0.08  0.05 -0.04  0.03 -0.01 -0.01  0.1
 -0.01  0.03  0.01 -0.02  0.03 -0.04  0.17  0.03 -0.02  0.1   0.02 -0.05
  0.07 -0.1   0.07 -0.05 -0.22  0.21 -0.18  0.14 -0.09 -0.17  0.21 -0.1
  0.12 -0.13  0.12 -0.1   0.08 -0.15  0.16 -0.15  0.02  0.15 -0.14  0.15
  0.02 -0.03  0.01 -0.01 -0.1  -0.22 -0.01  0.1  -0.1  -0.15  0.11  0.08
 -0.1   0.1   0.28 -0.05  0.05 -0.05  0.05 -0.05  0.05 -0.23  0.18 -0.14
  0.14 -0.2   0.06 -0.03 -0.03 -0.01 -0.01  0.01  0.01  0.01  0.01 -0.06
 -0.06 -0.03 -0.04]
orbital number 82 energy 6.3896742160740425
[-0.01  0.01 -0.   -0.    0.01 -0.    0.   -0.   -0.    0.   -0.   -0.01
  0.   -0.   -0.03  0.03 -0.03  0.03 -0.06 -0.03  0.03 -0.03  0.22 -0.23
  0.23 -0.24  0.23 -0.23 -0.12  0.15 -0.16  0.19  0.19 -0.16  0.14  0.02
 -0.02  0.02 -0.02  0.02 -0.03 -0.13  0.15 -0.13  0.02  0.11 -0.11  0.11
  0.02 -0.04  0.01 -0.02  0.01  0.04 -0.02 -0.01  0.01  0.19 -0.18 -0.24
  0.01 -0.02 -0.21 -0.    0.   -0.    0.   -0.    0.    0.29 -0.23  0.11
 -0.17  0.18  0.09  0.    0.    0.    0.   -0.01 -0.01  0.06  0.06 -0.04
 -0.04  0.01  0.01]
orbital number 83 energy 6.429329087666949
[-0.06  0.04 -0.06  0.07 -0.1   0.07 -0.09  0.01  0.02 -0.04  0.07  0.11
 -0.04  0.02  0.32 -0.32  0.31 -0.31  0.01  0.31 -0.32  0.04 -0.11  0.11
 -0.1   0.11 -0.1   0.11 -0.09  0.09 -0.08  0.09  0.1  -0.08  0.09 -0.05
  0.03 -0.    0.03 -0.06  0.09  0.05 -0.06  0.05  0.02 -0.04  0.04 -0.04
  0.02 -0.03  0.01 -0.01 -0.12 -0.03 -0.01  0.11 -0.1   0.08 -0.08 -0.13
 -0.12  0.14 -0.05  0.07 -0.08  0.08 -0.1   0.09 -0.08  0.12 -0.09  0.02
 -0.05  0.05  0.07  0.02  0.02 -0.   -0.01  0.09  0.09 -0.03 -0.03 -0.02
 -0.02 -0.01 -0.01]
orbital number 84 energy 6.465448088404922
[ 0.05 -0.08  0.05 -0.02 -0.01 -0.02  0.07  0.   -0.03  0.05 -0.08 -0.04
  0.05 -0.03 -0.16  0.16 -0.15  0.15  0.09 -0.15  0.16  0.13 -0.23  0.22
 -0.21  0.21 -0.21  0.22 -0.15  0.13 -0.11  0.11  0.18 -0.11  0.13 -0.08
  0.1  -0.11  0.1  -0.08  0.08  0.09 -0.11  0.09  0.04 -0.07  0.07 -0.07
  0.04 -0.07  0.02 -0.03  0.05 -0.16 -0.03 -0.04  0.04  0.14 -0.15 -0.26
  0.05 -0.06  0.01 -0.06  0.07 -0.08  0.09 -0.08  0.07  0.18 -0.15 -0.04
 -0.    0.    0.19 -0.01 -0.01  0.01  0.01 -0.04 -0.04 -0.06 -0.06 -0.04
 -0.03 -0.03 -0.03]
orbital number 85 energy 6.539724161797696
[-0.01 -0.01 -0.01  0.03 -0.06  0.03  0.02  0.02 -0.03  0.04 -0.05 -0.
  0.04 -0.03 -0.03  0.03 -0.02  0.02 -0.27 -0.02  0.02  0.07 -0.08  0.07
 -0.06  0.06 -0.07  0.07 -0.17  0.18 -0.18  0.21 -0.2  -0.18  0.17 -0.07
  0.07 -0.07  0.07 -0.07  0.09  0.02 -0.03  0.02 -0.07 -0.02  0.02 -0.02
 -0.07  0.11 -0.03  0.04  0.01  0.38  0.04 -0.    0.   -0.09  0.13  0.3
  0.01 -0.01 -0.23 -0.03  0.03 -0.04  0.05 -0.04  0.03 -0.08  0.08  0.23
 -0.23  0.21 -0.3   0.    0.    0.01  0.01 -0.01 -0.01 -0.02 -0.02 -0.05
 -0.05 -0.02 -0.02]
orbital number 86 energy 6.635862774185511
[ 0.14 -0.14  0.14 -0.15  0.18 -0.15  0.08 -0.24  0.25 -0.28  0.34 -0.01
 -0.28  0.26 -0.08  0.07 -0.06  0.05 -0.02 -0.06  0.07  0.08 -0.07  0.06
 -0.05  0.05 -0.05  0.06 -0.07  0.06 -0.05  0.05 -0.01 -0.05  0.06  0.1
 -0.07  0.04 -0.07  0.1  -0.15  0.01 -0.02  0.01 -0.   -0.01  0.01 -0.01
 -0.    0.01 -0.    0.    0.01  0.03  0.   -0.01  0.01 -0.    0.01  0.02
  0.01 -0.02 -0.03  0.16 -0.17  0.21 -0.29  0.21 -0.17  0.   -0.    0.02
 -0.03  0.03 -0.02 -0.04 -0.04 -0.07 -0.07 -0.02 -0.02 -0.01 -0.01 -0.02
 -0.02  0.02  0.02]
orbital number 87 energy 6.720191424833163
[-0.2   0.2  -0.2   0.23 -0.31  0.23  0.13 -0.16  0.14 -0.14  0.16 -0.01
 -0.14  0.15 -0.11  0.08 -0.07  0.06  0.01 -0.07  0.08 -0.09  0.07 -0.05
  0.04 -0.04  0.04 -0.05  0.06 -0.05  0.04 -0.04  0.    0.04 -0.05 -0.25
  0.23 -0.23  0.23 -0.25  0.32 -0.01  0.01 -0.01  0.    0.01 -0.01  0.01
  0.   -0.    0.   -0.    0.01 -0.02 -0.   -0.01  0.01 -0.   -0.   -0.01
  0.01 -0.02  0.01  0.06 -0.07  0.09 -0.12  0.09 -0.07 -0.    0.   -0.01
  0.02 -0.02  0.01  0.05  0.05 -0.04 -0.04 -0.02 -0.02  0.01  0.01  0.01
  0.01 -0.06 -0.06]
ENERGY0: -322.77589372961955

Orbital occupation numbers:
1: 2.000000
2: 2.000000
3: 2.000000
4: 2.000000
5: 2.000000
6: 2.000000
7: 2.000000
8: 2.000000
9: 2.000000
10: 2.000000
11: 2.000000
12: 2.000000
13: 2.000000
14: 2.000000
15: 2.000000
16: 2.000000
17: 2.000000
18: 2.000000
19: 2.000000
20: 2.000000
21: 2.000000
22: 2.000000
23: 2.000000
24: 2.000000
25: 2.000000
26: 2.000000
27: 2.000000
28: 2.000000
29: 2.000000
30: 2.000000
31: 2.000000
32: 2.000000
33: 2.000000
34: 2.000000
35: 2.000000
36: 2.000000
37: 2.000000
38: 2.000000
39: 2.000000
40: 2.000000
41: 2.000000
42: 2.000000
43: 2.000000
44: 2.000000
45: 2.000000
46: 2.000000
47: 2.000000
48: 2.000000
49: 2.000000
50: 1.000000
51: 1.000000
52: -0.000000
53: -0.000000
54: 0.000000
55: -0.000000
56: -0.000000
57: -0.000000
58: 0.000000
59: -0.000000
60: 0.000000
61: -0.000000
62: -0.000000
63: -0.000000
64: -0.000000
65: -0.000000
66: -0.000000
67: -0.000000
68: 0.000000
69: 0.000000
70: 0.000000
71: 0.000000
72: 0.000000
73: -0.000000
74: -0.000000
75: 0.000000
76: -0.000000
77: -0.000000
78: -0.000000
79: -0.000000
80: -0.000000
81: -0.000000
82: -0.000000
83: -0.000000
84: -0.000000
85: 0.000000
86: -0.000000
87: -0.000000

------------------------
Starting ExROPPP calculation for diradical in rotated basis
------------------------

Fock matrix in rotated MO basis: [[-7.84238731e+00 -1.24388803e-15 -8.61300544e-16 ... -1.29532875e-14
  -1.47915231e-15 -2.06926785e-15]
 [-1.24726328e-15 -4.19964101e+00  4.07861140e-16 ...  1.39825867e-16
   1.06852640e-15 -2.00562534e-15]
 [-8.61565401e-16  5.16720003e-16 -4.12333911e+00 ...  1.06890791e-15
   3.18978296e-16  2.59444745e-16]
 ...
 [-1.42686149e-14 -2.32469775e-17  1.34962410e-15 ...  1.02943717e+01
   5.83898626e-16 -1.94057125e-16]
 [-1.48234708e-15  5.40951020e-16 -7.02148154e-17 ...  7.96423833e-16
   1.03905104e+01  3.12058196e-15]
 [-2.08370472e-15 -2.02129736e-15  1.30954095e-16 ...  1.75307610e-16
   1.61494411e-15  1.04748390e+01]]
