  FCIDUMP file : FCIDUMP/FCIDUMP_meta-xylylene
  NORB         : 8
  NELEC        : 8  (nalpha=4, nbeta=4)
  Scalar pot.  :  111.9202657384
===============================================
 Testing CSF optimisation method
===============================================

************************************************
 Testing 'gwh' initial guess method
************************************************

  Initializing L-BFGS optimisation...
    > Num. MOs       =      8
    > Num. params    =     21
    > Max subspace   =     20
    > Max step size   =  0.500
    > Backtracking   =  0.100
    > Parallel tr.   = True
    > Pseudo-canon.  = True
    > Canon interval = 10
    > Hybrid prec.   = True
  ================================================================
           Energy / Eh     Step Len    Max(|G_i|)
  ================================================================
     0    23.2556467037                 5.61e-01
     1    23.1905247829    4.49e-02     4.77e-01              
     2    23.9299217867    4.32e-01     2.00e+00              
     3    23.0483466160    1.36e-01     1.88e-01    overstep  
     4    23.0650685016    7.00e-02     4.55e-01              
     5    23.0414580308    4.27e-02     2.20e-01    overstep  
     6    23.0370694220    1.75e-02     1.66e-02              
     7    23.0370373180    1.69e-03     3.92e-03              
     8    23.0370337195    8.94e-04     6.14e-04              
     9    23.0370336437    1.21e-04     2.66e-04              
    10    23.0370336434    1.12e-05     2.35e-04              
    11    23.0370336416    8.34e-06     2.27e-06              
    12    23.0370336416    7.56e-08     2.30e-07              
  ================================================================
  L-BFGS converged in     12 iterations (  0.01 seconds)

  Initializing Davidson diagonalisation...
    > Max iterations =   1000
    > Target states  =      5
    > Convergence    =  1.000e-04
    > Basis per root =      4
    > Max basis size =     20
  Davidson diagonalisation converged in      7 iterations (  0.02 seconds)

   --------------------------
    Converged eigenvalues:   
   --------------------------
       0        4.43836742   
       1        5.59655389   
       2        6.31573713   
       3        7.49786121   
       4        9.92311166   
   --------------------------

 ---------------------------------------------
         Total Energy =    23.03703364 Eh
              Nuclear =   111.92026574 Eh
         One Electron =  -175.23669525 Eh
              Coulomb =   111.92026567 Eh
        ROHF Exchange =   -25.56680251 Eh
 ---------------------------------------------
           <Sz> =  1.00
           <S2> =  2.00
  Spin Coupling = ++

 -----------------------------------------------------------------------------------------------
  Open-Shell Exchange Matrix <Ψ|Êpq Êqp|Ψ> - Np
 -----------------------------------------------------------------------------------------------
           1              2        
   1   0.00000000    -1.00000000   
   2  -1.00000000     0.00000000   

 -----------------------------------------------------------------------------------------------
  Open-Shell Exchange Integrals <pq|qp>
 -----------------------------------------------------------------------------------------------
           1              2        
   1   4.45142245     2.13093363   
   2   2.13093363     4.01663779   

 -----------------------------------------------------------------------------------------------
  Occupied Orbital Coefficients
 -----------------------------------------------------------------------------------------------
           1              2              3              4              5        
   1   0.99654173    -0.00000000     0.01466446    -0.08172028    -0.00000000   
   2  -0.00000000    -0.97646251     0.00000000     0.00000000    -0.21439905   
   3  -0.02552363     0.00000000     0.99067499    -0.13305017     0.00000000   
   4  -0.07733614    -0.03205704    -0.13362115    -0.96435090     0.14248176   
   5  -0.01169480     0.21198891    -0.02020624    -0.14582949    -0.94221284   
   6  -0.01114582    -0.00000000    -0.00922166    -0.13305020    -0.00000000   
   7   0.00000000     0.02353750    -0.00000000     0.00000000    -0.21439908   
   8  -0.00335490    -0.00000000     0.00028665    -0.08172027     0.00000000   

 -----------------------------------------------------------------------------------------------
  Virtual Orbital Coefficients
 -----------------------------------------------------------------------------------------------
           6              7              8        
   1   0.00043281     0.00000000     0.00333920   
   2  -0.00000000     0.02353749     0.00000000   
   3  -0.00872636    -0.00000000     0.01153770   
   4  -0.13011829    -0.03205704     0.08309468   
   5  -0.01967654     0.21198894     0.01256561   
   6   0.99084490    -0.00000000    -0.01774136   
   7  -0.00000000    -0.97646250    -0.00000000   
   8  -0.02884624     0.00000000    -0.99623208   

 -----------------------------------------------------------------------------------------------
  Generalised Fock Matrix (MO basis)
 -----------------------------------------------------------------------------------------------
           1              2              3              4              5        
   1  -4.49920214    -0.00000000    -0.00000000     0.63185453    -0.00000000   
   2  -0.00000000    -0.42683772     0.00000000     0.00000000    -1.23061663   
   3  -0.00000000     0.00000000     0.34039615     0.68084395     0.00000000   
   4   0.63185461     0.00000000     0.68084386     0.91924121     0.00000000   
   5  -0.00000000    -1.23061653     0.00000000     0.00000000     1.13663356   
   6   0.00000011     0.00000000    -0.00000012    -0.00000004    -0.00000000   
   7   0.00000000    -0.00000006    -0.00000000     0.00000000     0.00000007   
   8  -0.00000011    -0.00000000     0.00000011     0.00000003     0.00000000   

[[ 0.996542 -0.        0.014664 -0.08172  -0.        0.000433  0.        0.003339]
 [-0.       -0.976463  0.        0.       -0.214399 -0.        0.023537  0.      ]
 [-0.025524  0.        0.990675 -0.13305   0.       -0.008726 -0.        0.011538]
 [-0.077336 -0.032057 -0.133621 -0.964351  0.142482 -0.130118 -0.032057  0.083095]
 [-0.011695  0.211989 -0.020206 -0.145829 -0.942213 -0.019677  0.211989  0.012566]
 [-0.011146 -0.       -0.009222 -0.13305  -0.        0.990845 -0.       -0.017741]
 [ 0.        0.023537 -0.        0.       -0.214399 -0.       -0.976463 -0.      ]
 [-0.003355 -0.        0.000287 -0.08172   0.       -0.028846  0.       -0.996232]]
 Saved MO coefficients to FCIDUMP/FCIDUMP_meta-xylylene_gwh_mo_coeff.npy

************************************************
 Testing 'core' initial guess method
************************************************

  Initializing L-BFGS optimisation...
    > Num. MOs       =      8
    > Num. params    =     21
    > Max subspace   =     20
    > Max step size   =  0.500
    > Backtracking   =  0.100
    > Parallel tr.   = True
    > Pseudo-canon.  = True
    > Canon interval = 10
    > Hybrid prec.   = True
  ================================================================
           Energy / Eh     Step Len    Max(|G_i|)
  ================================================================
     0    28.9651362542                 7.90e+00
     1    24.3032674223    5.00e-01     3.50e+00    rescaled  
     2    23.2489339852    5.00e-01     1.48e+00    rescaled  
     3    23.0609556344    1.57e-01     3.96e-01              
     4    23.0428444029    4.04e-02     1.57e-01              
     5    23.0373942164    3.89e-02     7.62e-02              
     6    23.0373020504    5.65e-03     8.15e-02              
     7    23.0370344268    2.06e-03     2.28e-03              
     8    23.0370337160    2.20e-04     8.34e-04              
     9    23.0370336462    1.01e-04     1.89e-04              
    10    23.0370336417    2.53e-05     2.17e-05              
    11    23.0370336416    1.41e-06     5.70e-06              
    12    23.0370336416    3.26e-07     1.75e-07              
  ================================================================
  L-BFGS converged in     12 iterations (  0.01 seconds)

  Initializing Davidson diagonalisation...
    > Max iterations =   1000
    > Target states  =      5
    > Convergence    =  1.000e-04
    > Basis per root =      4
    > Max basis size =     20
  Davidson diagonalisation converged in      6 iterations (  0.02 seconds)

   --------------------------
    Converged eigenvalues:   
   --------------------------
       0        4.43836743   
       1        5.59655391   
       2        6.31573713   
       3        7.49786116   
       4        9.92311166   
   --------------------------

 ---------------------------------------------
         Total Energy =    23.03703364 Eh
              Nuclear =   111.92026574 Eh
         One Electron =  -175.23669536 Eh
              Coulomb =   111.92026577 Eh
        ROHF Exchange =   -25.56680251 Eh
 ---------------------------------------------
           <Sz> =  1.00
           <S2> =  2.00
  Spin Coupling = ++

 -----------------------------------------------------------------------------------------------
  Open-Shell Exchange Matrix <Ψ|Êpq Êqp|Ψ> - Np
 -----------------------------------------------------------------------------------------------
           1              2        
   1   0.00000000    -1.00000000   
   2  -1.00000000     0.00000000   

 -----------------------------------------------------------------------------------------------
  Open-Shell Exchange Integrals <pq|qp>
 -----------------------------------------------------------------------------------------------
           1              2        
   1   4.01663780     2.13093363   
   2   2.13093363     4.45142244   

 -----------------------------------------------------------------------------------------------
  Occupied Orbital Coefficients
 -----------------------------------------------------------------------------------------------
           1              2              3              4              5        
   1  -0.99654173     0.00000000    -0.01466447     0.00000000    -0.08172027   
   2   0.00000000     0.97646251    -0.00000000     0.21439906     0.00000000   
   3   0.02552363    -0.00000000    -0.99067498     0.00000000    -0.13305019   
   4   0.07733613     0.03205704     0.13362117    -0.14248176    -0.96435090   
   5   0.01169480    -0.21198892     0.02020624     0.94221284    -0.14582949   
   6   0.01114583     0.00000000     0.00922164     0.00000000    -0.13305019   
   7  -0.00000000    -0.02353750     0.00000000     0.21439906     0.00000000   
   8   0.00335491     0.00000000    -0.00028666     0.00000000    -0.08172026   

 -----------------------------------------------------------------------------------------------
  Virtual Orbital Coefficients
 -----------------------------------------------------------------------------------------------
           6              7              8        
   1  -0.00043283     0.00000000     0.00333920   
   2   0.00000000     0.02353749     0.00000000   
   3   0.00872638    -0.00000000     0.01153771   
   4   0.13011828    -0.03205704     0.08309468   
   5   0.01967653     0.21198893     0.01256561   
   6  -0.99084490     0.00000000    -0.01774136   
   7  -0.00000000    -0.97646251    -0.00000000   
   8   0.02884625     0.00000000    -0.99623208   

 -----------------------------------------------------------------------------------------------
  Generalised Fock Matrix (MO basis)
 -----------------------------------------------------------------------------------------------
           1              2              3              4              5        
   1  -4.49920210     0.00000000     0.00000000     0.00000000    -0.63185452   
   2   0.00000000    -0.42683765    -0.00000000    -1.23061667    -0.00000000   
   3   0.00000000    -0.00000000     0.34039620     0.00000000    -0.68084397   
   4   0.00000000    -1.23061667     0.00000000     1.13663351     0.00000000   
   5  -0.63185456    -0.00000000    -0.68084395     0.00000000     0.91924119   
   6  -0.00000009    -0.00000000     0.00000009     0.00000000    -0.00000000   
   7   0.00000000     0.00000006     0.00000000     0.00000000    -0.00000000   
   8   0.00000002    -0.00000000    -0.00000005     0.00000000    -0.00000003   

[[-0.996542  0.       -0.014664  0.       -0.08172  -0.000433  0.        0.003339]
 [ 0.        0.976463 -0.        0.214399  0.        0.        0.023537  0.      ]
 [ 0.025524 -0.       -0.990675  0.       -0.13305   0.008726 -0.        0.011538]
 [ 0.077336  0.032057  0.133621 -0.142482 -0.964351  0.130118 -0.032057  0.083095]
 [ 0.011695 -0.211989  0.020206  0.942213 -0.145829  0.019677  0.211989  0.012566]
 [ 0.011146  0.        0.009222  0.       -0.13305  -0.990845  0.       -0.017741]
 [-0.       -0.023537  0.        0.214399  0.       -0.       -0.976463 -0.      ]
 [ 0.003355  0.       -0.000287  0.       -0.08172   0.028846  0.       -0.996232]]
 Saved MO coefficients to FCIDUMP/FCIDUMP_meta-xylylene_core_mo_coeff.npy
