  FCIDUMP file : FCIDUMP/FCIDUMP_Trimethylenemethane
  NORB         : 4
  NELEC        : 4  (nalpha=2, nbeta=2)
  Scalar pot.  :  36.4116001362
===============================================
 Testing CSF optimisation method
===============================================

************************************************
 Testing 'gwh' initial guess method
************************************************

  Initializing L-BFGS optimisation...
    > Num. MOs       =      4
    > Num. params    =      5
    > Max subspace   =     20
    > Max step size   =  0.500
    > Backtracking   =  0.100
    > Parallel tr.   = True
    > Pseudo-canon.  = True
    > Canon interval = 10
    > Hybrid prec.   = True
  ================================================================
           Energy / Eh     Step Len    Max(|G_i|)
  ================================================================
     0    13.1406423864                 1.80e-10
  ================================================================
  L-BFGS converged in      0 iterations (  0.00 seconds)

  Initializing Davidson diagonalisation...
    > Max iterations =   1000
    > Target states  =      5
    > Convergence    =  1.000e-04
    > Basis per root =      4
    > Max basis size =     20
  Davidson diagonalisation converged in      0 iterations (  0.02 seconds)

   --------------------------
    Converged eigenvalues:   
   --------------------------
       0        3.15614046   
       1        3.15614046   
       2       14.56429773   
       3       14.56429773   
       4       38.68716208   
   --------------------------

 ---------------------------------------------
         Total Energy =    13.14064239 Eh
              Nuclear =    36.41160014 Eh
         One Electron =   -46.09870602 Eh
              Coulomb =    36.41160014 Eh
        ROHF Exchange =   -13.58385187 Eh
 ---------------------------------------------
           <Sz> =  1.00
           <S2> =  2.00
  Spin Coupling = ++

 -----------------------------------------------------------------------------------------------
  Open-Shell Exchange Matrix <Ψ|Êpq Êqp|Ψ> - Np
 -----------------------------------------------------------------------------------------------
           1              2        
   1   0.00000000    -1.00000000   
   2  -1.00000000     0.00000000   

 -----------------------------------------------------------------------------------------------
  Open-Shell Exchange Integrals <pq|qp>
 -----------------------------------------------------------------------------------------------
           1              2        
   1   5.56879913     0.95067977   
   2   0.95067977     5.56879913   

 -----------------------------------------------------------------------------------------------
  Occupied Orbital Coefficients
 -----------------------------------------------------------------------------------------------
           1              2              3        
   1  -1.00000000     0.00000000     0.00000000   
   2   0.00000000     0.27794479    -0.96059705   
   3   0.00000000    -0.96059705    -0.27794479   
   4   0.00000000     0.00000000     0.00000000   

 -----------------------------------------------------------------------------------------------
  Virtual Orbital Coefficients
 -----------------------------------------------------------------------------------------------
           4        
   1   0.00000000   
   2   0.00000000   
   3   0.00000000   
   4   1.00000000   

 -----------------------------------------------------------------------------------------------
  Generalised Fock Matrix (MO basis)
 -----------------------------------------------------------------------------------------------
           1              2              3        
   1  -2.34456903     0.00000000     0.00000000   
   2  -0.00000000     0.95067977     0.00000000   
   3  -0.00000000     0.00000000     0.95067977   
   4  -0.00000000    -0.00000000     0.00000000   

[[-1.        0.        0.        0.      ]
 [ 0.        0.277945 -0.960597  0.      ]
 [ 0.       -0.960597 -0.277945  0.      ]
 [ 0.        0.        0.        1.      ]]
 Saved MO coefficients to FCIDUMP/FCIDUMP_Trimethylenemethane_gwh_mo_coeff.npy

************************************************
 Testing 'core' initial guess method
************************************************

  Initializing L-BFGS optimisation...
    > Num. MOs       =      4
    > Num. params    =      5
    > Max subspace   =     20
    > Max step size   =  0.500
    > Backtracking   =  0.100
    > Parallel tr.   = True
    > Pseudo-canon.  = True
    > Canon interval = 10
    > Hybrid prec.   = True
  ================================================================
           Energy / Eh     Step Len    Max(|G_i|)
  ================================================================
     0    13.5799324329                 5.71e+00
     1    13.1434014179    1.40e-01     4.62e-01              
     2    13.1406450458    1.23e-02     1.43e-02              
     3    13.1406423864    3.71e-04     2.43e-06              
     4    13.1406423864    6.29e-08     7.73e-11              
  ================================================================
  L-BFGS converged in      4 iterations (  0.02 seconds)

  Initializing Davidson diagonalisation...
    > Max iterations =   1000
    > Target states  =      5
    > Convergence    =  1.000e-04
    > Basis per root =      4
    > Max basis size =     20
  Davidson diagonalisation converged in      0 iterations (  0.01 seconds)

   --------------------------
    Converged eigenvalues:   
   --------------------------
       0        3.15614045   
       1        3.15614046   
       2       14.56429773   
       3       14.56429773   
       4       38.68716208   
   --------------------------

 ---------------------------------------------
         Total Energy =    13.14064239 Eh
              Nuclear =    36.41160014 Eh
         One Electron =   -46.09870602 Eh
              Coulomb =    36.41160014 Eh
        ROHF Exchange =   -13.58385187 Eh
 ---------------------------------------------
           <Sz> =  1.00
           <S2> =  2.00
  Spin Coupling = ++

 -----------------------------------------------------------------------------------------------
  Open-Shell Exchange Matrix <Ψ|Êpq Êqp|Ψ> - Np
 -----------------------------------------------------------------------------------------------
           1              2        
   1   0.00000000    -1.00000000   
   2  -1.00000000     0.00000000   

 -----------------------------------------------------------------------------------------------
  Open-Shell Exchange Integrals <pq|qp>
 -----------------------------------------------------------------------------------------------
           1              2        
   1   5.56879913     0.95067977   
   2   0.95067977     5.56879913   

 -----------------------------------------------------------------------------------------------
  Occupied Orbital Coefficients
 -----------------------------------------------------------------------------------------------
           1              2              3        
   1  -1.00000000    -0.00000000     0.00000000   
   2   0.00000000    -0.96060176     0.27792850   
   3  -0.00000000    -0.27792850    -0.96060176   
   4  -0.00000000    -0.00000000     0.00000000   

 -----------------------------------------------------------------------------------------------
  Virtual Orbital Coefficients
 -----------------------------------------------------------------------------------------------
           4        
   1  -0.00000000   
   2  -0.00000000   
   3   0.00000000   
   4   1.00000000   

 -----------------------------------------------------------------------------------------------
  Generalised Fock Matrix (MO basis)
 -----------------------------------------------------------------------------------------------
           1              2              3        
   1  -2.34456903    -0.00000000     0.00000000   
   2  -0.00000000     0.95067977     0.00000000   
   3   0.00000000     0.00000000     0.95067977   
   4  -0.00000000     0.00000000    -0.00000000   

[[-1.       -0.        0.       -0.      ]
 [ 0.       -0.960602  0.277928 -0.      ]
 [-0.       -0.277928 -0.960602  0.      ]
 [-0.       -0.        0.        1.      ]]
 Saved MO coefficients to FCIDUMP/FCIDUMP_Trimethylenemethane_core_mo_coeff.npy
