                    ---------------------------------
                    | Radical ExROPPP Calculation |
                    ---------------------------------

Molecule: TPA-Me.xyz radical

--------------------------------
Cartesian Coordinates / Angstrom
--------------------------------

C 2.502219 1.264893 -0.889148
C 3.635022 1.688424 -0.170206
C 3.521366 2.868201 0.588890
C 2.333283 3.581337 0.641787
C 1.203933 3.148488 -0.077123
C 1.312940 1.978993 -0.851880
N -0.000895 3.886873 -0.038020
C -1.259031 3.243898 -0.067792
C 0.054695 5.315106 0.027245
C -0.683950 6.011296 0.992491
C -0.634704 7.402656 1.042604
C 0.160618 8.138198 0.153641
C 0.897803 7.427661 -0.803695
C 0.844728 6.037815 -0.876384
C -2.342226 3.826037 -0.750979
C -3.583429 3.205578 -0.767159
C -3.798928 1.978899 -0.112954
C -2.707522 1.400289 0.562292
C -1.466923 2.018771 0.593311
C 4.910833 0.949844 -0.192808
N 5.969599 1.542489 0.398678
C 7.130314 0.938914 0.422208
C 7.426906 -0.343241 -0.128057
C 6.296527 -0.937851 -0.743565
C 5.059630 -0.313270 -0.781851
C 8.749004 -0.971846 -0.071441
C 9.501474 -1.008553 1.196584
C 9.328175 -1.576321 -1.286625
C 9.874283 -2.885578 -1.307506
C 10.429600 -3.463153 -2.444788
C 10.450983 -2.733272 -3.628427
C 9.929426 -1.444975 -3.681531
C 9.385427 -0.890200 -2.527689
C 10.862529 -0.620103 1.292830
C 11.584562 -0.657577 2.481250
C 10.950548 -1.090127 3.641029
C 9.616630 -1.483557 3.620475
C 8.920831 -1.441384 2.416940
Cl 6.369631 -2.554990 -1.412367
Cl 8.844643 0.772420 -2.670748
Cl 9.800021 -3.920356 0.106835
Cl 8.418318 1.903055 1.146873
Cl 11.717669 0.035408 -0.091027
Cl 7.276271 -2.050668 2.473440
Cl 11.142173 -3.445004 -5.069584
Cl 11.842443 -1.140413 5.145337
C -5.106149 1.297133 -0.114177
N -5.148592 0.058278 0.420150
C -6.278186 -0.600984 0.459461
C -7.541745 -0.140505 -0.016172
C -7.463530 1.160683 -0.573779
C -6.275963 1.873454 -0.628102
C -8.777557 -0.923936 0.054891
C -9.157896 -1.601056 1.308789
C -9.648795 -1.031866 -1.131192
C -11.046497 -0.793650 -1.081573
C -11.878989 -0.899843 -2.191087
C -11.324628 -1.250250 -3.417505
C -9.960853 -1.494465 -3.540138
C -9.152956 -1.386550 -2.412870
C -9.555224 -2.962171 1.355949
C -9.924047 -3.609133 2.530896
C -9.900844 -2.899066 3.726495
C -9.518727 -1.561974 3.754686
C -9.160688 -0.938982 2.563895
Cl -8.894736 1.994142 -1.144302
Cl -7.467013 -1.810129 -2.647790
Cl -11.820107 -0.246955 0.394724
Cl -6.124064 -2.237923 1.099480
Cl -9.517731 -3.967099 -0.080887
Cl -8.791067 0.772058 2.688040
Cl -12.355842 -1.384797 -4.824485
Cl -10.358363 -3.697709 5.214286
C 0.241984 9.643993 0.240169
H 2.545770 0.380969 -1.517632
H 4.383929 3.208516 1.150455
H 2.269580 4.479074 1.247341
H 0.463370 1.639815 -1.434740
H -1.297477 5.459256 1.697980
H -1.217730 7.925674 1.797152
H 1.514928 7.971412 -1.515295
H 1.413028 5.506953 -1.634043
H -2.200746 4.763694 -1.277461
H -4.383379 3.681756 -1.325320
H -2.857489 0.459207 1.079091
H -0.650238 1.559662 1.140285
H 4.224600 -0.832529 -1.233211
H 10.818664 -4.472962 -2.407515
H 9.962002 -0.869963 -4.598462
H 12.617607 -0.333712 2.500548
H 9.127682 -1.836846 4.519657
H -6.285643 2.876394 -1.033786
H -12.937600 -0.691703 -2.098923
H -9.531896 -1.784731 -4.491039
H -10.203353 -4.655103 2.511281
H -9.517009 -1.004164 4.682720
H -0.678178 10.072764 0.650690
H 1.067485 9.961330 0.891434
H 0.415442 10.093318 -0.743504

There are 74 heavy atoms.
There are 91 electrons in 74 orbitals.


Carbon 1e params: A = -22.717075 b = 1.705616

Nitrogen 1e params: alphan2 = -17.681338 Acn2 = -24.737202 bcn2 = 1.433639

Chlorine 1e params: alphacl = -10.335674 Accl = -26.021937 bccl=1.451861
C-N2 bond
C-N2 bond
C-N2 bond
C-N1 bond
C-N1 bond
C-N1 bond
C-N1 bond
C-Cl bond
C-Cl bond
C-Cl bond
C-Cl bond
C-Cl bond
C-Cl bond
C-Cl bond
C-Cl bond
C-Cl bond
C-Cl bond
C-Cl bond
C-Cl bond
C-Cl bond
C-Cl bond
C-Cl bond
C-Cl bond
N2 atom 56
N1 atom 57
N1 atom 58
Cl atom 59
Cl atom 60
Cl atom 61
Cl atom 62
Cl atom 63
Cl atom 64
Cl atom 65
Cl atom 66
Cl atom 67
Cl atom 68
Cl atom 69
Cl atom 70
Cl atom 71
Cl atom 72
Cl atom 73
Cl atom 74

Carbon 2e params: U = 8.420838 r0 = 1.173157

Nitrogen 2e params: Un2n2 = 17.979843 r0n2n2 = 1.111791

Chlorine 2e params: Uclcl= 9.642991 r0clcl = 2.253316

Mixed 2e params: Ucn2 = 13.200341 Uccl = 9.031915 Un2cl = 13.811417 r0cn2 =1.142474 r0ccl = 1.713237 r0n2cl = 1.682554
[8.42083845 3.82890251 2.7593337  2.49789151 2.74363976 3.85767883
 1.79555245 1.64831778 1.37369817 1.18571467 1.1610183  1.30987373
 1.58680305 1.48451182 1.30641017 1.30640362 1.50067804 1.80383152
 2.66990044 1.64800963 1.54133236 1.77585854 2.36326116 1.25710378
 1.1197802  1.15173132 1.0244041  0.93785309 0.9423861  1.03358979
 1.15278796 0.98624518 0.8940551  0.89447134 0.98459896 1.11203059
 1.11994221 0.96376687 0.87020389 0.88644791 0.99024537 0.7777453
 0.73834755 0.72952182 0.66396625 0.62626025 0.63931089 0.6951921
 0.74711341 0.69836546 0.66069846 0.6565481  0.68764762 0.7299073
 0.99536984 3.09925826 2.57285319 1.39314582 2.15686806 1.85993999
 1.44334061 1.93365949 1.40103726 1.83594357 1.24741203 1.18207109
 1.17793816 1.25873598 0.95681229 1.37745878 1.0421897  1.14031427
 0.89390527 0.92167202]

-------------------------------------
Restricted Open-shell PPP Calculation
-------------------------------------

Starting SCF cycle...

Iter   Energy        Dens Change      Energy Change
-----------------------------------------------------
0 -231.62244333027036 0.795781232154305 -231.62244333027036
1 -252.48019288361849 0.7968668999560118 -20.85774955334813
2 -281.06428979418354 0.8426765261070777 -28.58409691056505
3 -262.51691714415927 0.8449112906072522 18.547372650024272
4 -284.81959621255845 0.8476751786959419 -22.302679068399186
5 -263.3910879484288 0.8477595132950967 21.428508264129675
6 -285.1873969824122 0.8477501828014701 -21.796309033983448
7 -263.48134064021315 0.8475749603082484 21.706056342199076
8 -285.2273961327893 0.847455451642307 -21.746055492576147
9 -263.4946892283558 0.8473525592125979 21.732706904433485
10 -285.2313102606683 0.8472983186478228 -21.736621032312485
11 -263.49765084296325 0.8472567657617388 21.73365941770504
12 -285.2314444205459 0.8472375450568512 -21.733793577582674
13 -263.4984836068035 0.8472230255870163 21.73296081374241
14 -285.231338861714 0.84721680609383 -21.732855254910476
15 -263.4987354064141 0.8472120916922782 21.73260345529991
16 -285.2312854303977 0.8472101664161856 -21.732550023983606
17 -263.4988120476816 0.8472086984933268 21.73247338271608
18 -285.23126605968633 0.8472081171645609 -21.732454012004723
19 -263.4988351438019 0.8472076716482255 21.732430915884436
20 -285.2312597493424 0.8472074987617358 -21.73242460554053
21 -263.49884202527375 0.8472073657355211 21.732417724068682
22 -285.2312577916422 0.8472073148168463 -21.732415766368433
23 -263.49884405679325 0.8472072755196937 21.732413734848933
24 -285.23125720007425 0.8472072606191783 -21.732413143281008
25 -263.4988446524774 0.8472072490933449 21.73241254759688
26 -285.2312570240927 0.8472072447518033 -21.73241237161534
27 -263.49884482630256 0.8472072413877025 21.732412197790154
28 -285.2312569722534 0.8472072401264521 -21.732412145950832
29 -263.4988448768587 0.8472072391478271 21.732412095394693
30 -285.2312569570815 0.8472072387821666 -21.732412080222787
31 -263.49884489152686 0.8472072384981412 21.732412065554627
32 -285.2312569526595 0.8472072383922793 -21.732412061132663
33 -263.4988448957764 0.8472072383099829 21.732412056883106
34 -285.23125695137617 0.8472072382793647 -21.732412055599752
35 -263.4988448970057 0.8472072382555449 21.732412054370457
36 -285.2312569510019 0.8472072382466944 -21.7324120539962
37 -263.4988448973613 0.8472072382398042 21.732412053640587
38 -285.2312569508946 0.8472072382372454 -21.732412053533267
39 -263.49884489746404 0.8472072382352537 21.73241205343055
40 -285.2312569508638 0.8472072382345149 -21.73241205339974
41 -263.49884489749206 0.8472072382339416 21.732412053371718
42 -285.2312569508556 0.8472072382337315 -21.732412053363532
43 -263.49884489750224 0.8472072382335631 21.732412053353357
44 -285.2312569508518 0.8472072382335007 -21.73241205334955
45 -263.4988448975063 0.8472072382334526 21.732412053345513
46 -285.2312569508499 0.8472072382334347 -21.732412053343637
47 -263.4988448975051 0.8472072382334229 21.73241205334483
48 -285.2312569508511 0.8472072382334175 -21.732412053346025
49 -263.49884489750673 0.8472072382334124 21.732412053344376
50 -285.2312569508513 0.8472072382334117 -21.732412053344547

---Applying damping with alpha=0.1 to aid convergence---

51 -282.9072654785382 0.023874836131707156 2.3239914723130823
52 -280.88600945251244 0.023021768233996376 2.0212560260257533
53 -279.13016839057855 0.02448014061898185 1.7558410619338929
54 -277.6124385044859 0.05472990686447713 1.5177298860926385
55 -276.3537553079083 0.5003566537857695 1.2586831965776355
56 -275.52220136864605 0.3776708910397366 0.8315539392622213
57 -275.56556807913944 0.03186697436203256 -0.04336671049338747
58 -275.6524448565659 0.01087015222257981 -0.08687677742648248
59 -275.70862185253293 0.00723844062587331 -0.056176995967007315
60 -275.74623444738006 0.004815433382332035 -0.03761259484713264
61 -275.7722516172644 0.0033317018415335298 -0.026017169884312352
62 -275.7912218727185 0.002659453080635532 -0.018970255454121343
63 -275.80599268952295 0.002259528549219847 -0.014770816804457354
64 -275.8183022365346 0.0019764312483926127 -0.012309547011625455
65 -275.8292001953235 0.0017672647246789464 -0.01089795878891664
66 -275.83931612688286 0.0016058828844358608 -0.010115931559369074
67 -275.849023461245 0.0014763399993619475 -0.009707334362133224
68 -275.85853869120456 0.001368744491270002 -0.009515229959561111
69 -275.8679816431254 0.0012768146791310442 -0.009442951920846099
70 -275.87741248356394 0.001196457459875011 -0.009430840438540145
71 -275.8868547169494 0.0011249351212911374 -0.0094422333854709
72 -275.8963096388418 0.0010603685503501048 -0.009454921892370294
73 -275.9057655009366 0.0010014349042858084 -0.00945586209479643
74 -275.9152033549135 0.0009471796576977498 -0.009437853976919541
75 -275.9246007820484 0.0008968972724752444 -0.009397427134899772
76 -275.93393426083776 0.0008500538921041578 -0.009333478789358196
77 -275.94318064862864 0.0008062362952390434 -0.009246387790881272
78 -275.95231808276424 0.0007651175776796082 -0.009137434135595868
79 -275.9613264998213 0.0007264336878487765 -0.009008417057088991
80 -275.9701879035003 0.0006899671264809504 -0.008861403678963597
81 -275.97888646783946 0.0006555354521951273 -0.008698564339169934
82 -275.9874085337084 0.0006229830601622854 -0.008522065868930895
83 -275.99574253762114 0.0005921752216605514 -0.008334003912750632
84 -276.0038788991908 0.0005629937064863533 -0.008136361569654582
85 -276.0118098850191 0.0005353335272937909 -0.007930985828295434
86 -276.01952946103324 0.0005091004887747552 -0.0077195760141535175
87 -276.0270331412702 0.0004842093205717213 -0.007503680236936816
88 -276.03431783841256 0.0004605822382690583 -0.007284697142381447
89 -276.0413817194776 0.00043814782123127727 -0.007063881065050737
90 -276.0482240687817 0.00041684012758283484 -0.006842349304065465
91 -276.05484515938224 0.0003965979880130033 -0.0066210906005608194
92 -276.06124613360294 0.0003773644359178485 -0.006400974220696298
93 -276.0674288928183 0.0003590862421944674 -0.006182759215391798
94 -276.0733959964015 0.00034171353122322556 -0.005967103583145672
95 -276.0791505695321 0.0003251994602565811 -0.005754573130616336
96 -276.0846962194788 0.00030949994877449427 -0.005545649946725462
97 -276.09003695986223 0.00029457344758057613 -0.005340740383417142
98 -276.09517714239644 0.0002803807397541158 -0.005140182534205451
99 -276.1001213955867 0.0002668847672455399 -0.004944253190274139
100 -276.1048745698467 0.0002540504785497333 -0.0047531742599744575
101 -276.1094416885386 0.0002418446935109897 -0.0045671186919094
102 -276.1138279044462 0.0002302359825076261 -0.004386215907629776
103 -276.11803846119994 0.0002191945575032439 -0.004210556753719175
104 -276.1220786592383 0.00020869217331206946 -0.004040198038353537
105 -276.1259538258763 0.00019870203732269553 -0.0038751666380107963
106 -276.1296692891084 0.0001891987267004236 -0.0037154632320834935
107 -276.1332303547912 0.00018015811199195708 -0.003561065682788467
108 -276.1366422868719 0.00017155728625264932 -0.0034119320807235454
109 -276.1399102903687 0.00016337449919689995 -0.0032680034967711435
110 -276.1430394968258 0.00015558909569099444 -0.0031292064571175615
111 -276.1460349519802 0.00014818145817008244 -0.0029954551544051355
112 -276.14890160541984 0.00014113295262022096 -0.0028666534396393217
113 -276.1516443020141 0.00013442587778284 -0.002742696594282279
114 -276.154267774926 0.00012804341726066482 -0.0026234729118641553
115 -276.15677664003147 0.00012196959436633348 -0.0025088651054829825
116 -276.1591753915827 0.00011618922946501908 -0.0023987515512544633
117 -276.1614683989783 0.00011068789957496827 -0.0022930073955649277
